Java HotSpot(TM) 64-Bit Server VM (24.80-b11) for linux-amd64 JRE (1.7.0_80-b15), built on Apr 10 2015 19:53:14 by "java_re" with gcc 4.3.0 20080428 (Red Hat 4.3.0-8)
Memory: 4k page, physical 16393368k(7082660k free), swap 16736252k(16736252k free)
CommandLine flags: -XX:+CMSClassUnloadingEnabled -XX:+CMSScavengeBeforeRemark -XX:+DisableExplicitGC -XX:InitialHeapSize=1073741824 -XX:+ManagementServer -XX:MaxHeapSize=1073741824 -XX:MaxNewSize=357916672 -XX:MaxTenuringThreshold=6 -XX:NewSize=357916672 -XX:OldPLABSize=16 -XX:OldSize=715825152 -XX:+PrintGC -XX:+PrintGCDateStamps -XX:+PrintGCDetails -XX:+PrintGCTimeStamps -XX:+UseCompressedOops -XX:+UseConcMarkSweepGC -XX:+UseParNewGC 
2015-08-27T16:28:06.237+0200: 3661,749: [GC2015-08-27T16:28:06.237+0200: 3661,749: [ParNew: 279616K->10240K(314560K), 0,0101650 secs] 279616K->10240K(1013632K), 0,0102460 secs] [Times: user=0,04 sys=0,00, real=0,01 secs] 
2015-08-27T19:03:19.239+0200: 12974,752: [GC2015-08-27T19:03:19.239+0200: 12974,752: [ParNew: 289856K->3882K(314560K), 0,0068900 secs] 289856K->3882K(1013632K), 0,0069990 secs] [Times: user=0,04 sys=0,00, real=0,01 secs] 
2015-08-27T21:52:57.313+0200: 23152,826: [GC2015-08-27T21:52:57.313+0200: 23152,826: [ParNew: 283498K->4230K(314560K), 0,0099970 secs] 283498K->4230K(1013632K), 0,0101110 secs] [Times: user=0,05 sys=0,00, real=0,01 secs] 
2015-08-28T00:54:14.005+0200: 34029,518: [GC2015-08-28T00:54:14.005+0200: 34029,518: [ParNew: 283846K->4555K(314560K), 0,0080710 secs] 283846K->4555K(1013632K), 0,0081720 secs] [Times: user=0,04 sys=0,00, real=0,00 secs] 
2015-08-28T03:53:35.125+0200: 44790,638: [GC2015-08-28T03:53:35.125+0200: 44790,638: [ParNew: 284171K->4564K(314560K), 0,0088000 secs] 284171K->4564K(1013632K), 0,0088930 secs] [Times: user=0,03 sys=0,01, real=0,00 secs] 
2015-08-28T06:56:22.688+0200: 55758,201: [GC2015-08-28T06:56:22.688+0200: 55758,201: [ParNew: 284180K->3962K(314560K), 0,0076970 secs] 284180K->3962K(1013632K), 0,0077950 secs] [Times: user=0,03 sys=0,00, real=0,00 secs] 
2015-08-28T10:01:32.688+0200: 66868,200: [GC2015-08-28T10:01:32.688+0200: 66868,200: [ParNew: 283578K->3041K(314560K), 0,0188710 secs] 283578K->5441K(1013632K), 0,0189350 secs] [Times: user=0,07 sys=0,00, real=0,02 secs] 
2015-08-28T13:06:37.688+0200: 77973,201: [GC2015-08-28T13:06:37.688+0200: 77973,201: [ParNew: 282657K->1159K(314560K), 0,0062550 secs] 285057K->3573K(1013632K), 0,0063570 secs] [Times: user=0,02 sys=0,02, real=0,00 secs] 
2015-08-28T16:12:52.540+0200: 89148,052: [GC2015-08-28T16:12:52.540+0200: 89148,052: [ParNew: 280775K->1140K(314560K), 0,0045420 secs] 283189K->3556K(1013632K), 0,0046410 secs] [Times: user=0,01 sys=0,00, real=0,01 secs] 
2015-08-28T19:19:52.366+0200: 100367,878: [GC2015-08-28T19:19:52.366+0200: 100367,878: [ParNew: 280756K->1223K(314560K), 0,0041250 secs] 283172K->3646K(1013632K), 0,0042160 secs] [Times: user=0,01 sys=0,00, real=0,00 secs] 
2015-08-28T22:27:22.688+0200: 111618,201: [GC2015-08-28T22:27:22.688+0200: 111618,201: [ParNew: 280824K->1079K(314560K), 0,0047430 secs] 283247K->3502K(1013632K), 0,0048420 secs] [Times: user=0,01 sys=0,00, real=0,00 secs] 
2015-08-29T01:34:22.688+0200: 122838,200: [GC2015-08-29T01:34:22.688+0200: 122838,201: [ParNew: 280695K->1089K(314560K), 0,0080220 secs] 283118K->3513K(1013632K), 0,0081140 secs] [Times: user=0,03 sys=0,00, real=0,00 secs] 
2015-08-29T04:41:05.177+0200: 134040,690: [GC2015-08-29T04:41:05.178+0200: 134040,690: [ParNew: 280705K->1170K(314560K), 0,0052710 secs] 283129K->3593K(1013632K), 0,0053680 secs] [Times: user=0,03 sys=0,00, real=0,00 secs] 
2015-08-29T07:48:05.382+0200: 145260,894: [GC2015-08-29T07:48:05.382+0200: 145260,894: [ParNew: 280786K->1178K(314560K), 0,0042940 secs] 283209K->3601K(1013632K), 0,0043860 secs] [Times: user=0,01 sys=0,01, real=0,01 secs] 
2015-08-29T10:54:22.314+0200: 156437,827: [GC2015-08-29T10:54:22.314+0200: 156437,827: [ParNew: 280794K->1177K(314560K), 0,0045160 secs] 283217K->3601K(1013632K), 0,0046150 secs] [Times: user=0,02 sys=0,00, real=0,01 secs] 
2015-08-29T14:01:31.061+0200: 167666,573: [GC2015-08-29T14:01:31.061+0200: 167666,573: [ParNew: 280793K->1131K(314560K), 0,0045490 secs] 283217K->3555K(1013632K), 0,0046570 secs] [Times: user=0,01 sys=0,00, real=0,01 secs] 
2015-08-29T17:08:26.520+0200: 178882,032: [GC2015-08-29T17:08:26.520+0200: 178882,032: [ParNew: 280747K->1032K(314560K), 0,0052080 secs] 283171K->3456K(1013632K), 0,0053070 secs] [Times: user=0,02 sys=0,00, real=0,01 secs] 
2015-08-29T20:14:07.688+0200: 190023,201: [GC2015-08-29T20:14:07.688+0200: 190023,201: [ParNew: 280648K->1078K(314560K), 0,0046730 secs] 283072K->3502K(1013632K), 0,0047770 secs] [Times: user=0,01 sys=0,00, real=0,00 secs] 
2015-08-29T23:19:45.123+0200: 201160,635: [GC2015-08-29T23:19:45.123+0200: 201160,635: [ParNew: 280694K->1232K(314560K), 0,0043770 secs] 283118K->3656K(1013632K), 0,0044900 secs] [Times: user=0,03 sys=0,00, real=0,01 secs] 
2015-08-30T02:25:27.688+0200: 212303,201: [GC2015-08-30T02:25:27.688+0200: 212303,201: [ParNew: 280848K->1002K(314560K), 0,0039190 secs] 283272K->3425K(1013632K), 0,0040200 secs] [Times: user=0,01 sys=0,00, real=0,00 secs] 
2015-08-30T05:31:05.313+0200: 223440,825: [GC2015-08-30T05:31:05.313+0200: 223440,825: [ParNew: 280618K->1212K(314560K), 0,0045340 secs] 283041K->3635K(1013632K), 0,0046360 secs] [Times: user=0,01 sys=0,01, real=0,01 secs] 
2015-08-30T08:36:47.657+0200: 234583,170: [GC2015-08-30T08:36:47.657+0200: 234583,170: [ParNew: 280828K->1018K(314560K), 0,0052190 secs] 283251K->3441K(1013632K), 0,0053190 secs] [Times: user=0,02 sys=0,00, real=0,00 secs] 
2015-08-30T11:42:27.688+0200: 245723,200: [GC2015-08-30T11:42:27.688+0200: 245723,201: [ParNew: 280634K->1070K(314560K), 0,0046350 secs] 283057K->3494K(1013632K), 0,0047340 secs] [Times: user=0,02 sys=0,00, real=0,00 secs] 
2015-08-30T14:48:25.177+0200: 256880,690: [GC2015-08-30T14:48:25.177+0200: 256880,690: [ParNew: 280686K->1171K(314560K), 0,0048610 secs] 283110K->3594K(1013632K), 0,0049640 secs] [Times: user=0,02 sys=0,00, real=0,00 secs] 
2015-08-30T17:54:07.688+0200: 268023,200: [GC2015-08-30T17:54:07.688+0200: 268023,201: [ParNew: 280787K->1026K(314560K), 0,0055140 secs] 283210K->3450K(1013632K), 0,0056160 secs] [Times: user=0,02 sys=0,00, real=0,00 secs] 
2015-08-30T20:59:47.688+0200: 279163,200: [GC2015-08-30T20:59:47.688+0200: 279163,200: [ParNew: 280642K->1084K(314560K), 0,0053950 secs] 283066K->3508K(1013632K), 0,0055000 secs] [Times: user=0,02 sys=0,00, real=0,00 secs] 
2015-08-31T00:05:27.688+0200: 290303,200: [GC2015-08-31T00:05:27.688+0200: 290303,201: [ParNew: 280700K->1134K(314560K), 0,0042350 secs] 283124K->3557K(1013632K), 0,0043360 secs] [Times: user=0,01 sys=0,00, real=0,00 secs] 
2015-08-31T03:11:12.688+0200: 301448,200: [GC2015-08-31T03:11:12.688+0200: 301448,201: [ParNew: 280750K->1030K(314560K), 0,0049910 secs] 283173K->3454K(1013632K), 0,0050920 secs] [Times: user=0,02 sys=0,00, real=0,00 secs] 
2015-08-31T06:17:14.417+0200: 312609,930: [GC2015-08-31T06:17:14.417+0200: 312609,930: [ParNew: 280646K->1137K(314560K), 0,0043290 secs] 283070K->3561K(1013632K), 0,0044200 secs] [Times: user=0,01 sys=0,00, real=0,00 secs] 
2015-08-31T09:23:37.688+0200: 323793,201: [GC2015-08-31T09:23:37.688+0200: 323793,201: [ParNew: 280753K->1180K(314560K), 0,0048440 secs] 283177K->3604K(1013632K), 0,0049440 secs] [Times: user=0,01 sys=0,01, real=0,00 secs] 
2015-08-31T12:30:35.125+0200: 335010,638: [GC2015-08-31T12:30:35.136+0200: 335010,649: [ParNew: 280793K->1038K(314560K), 0,0039480 secs] 283217K->3462K(1013632K), 0,0149750 secs] [Times: user=0,01 sys=0,00, real=0,01 secs] 
2015-08-31T15:37:22.688+0200: 346218,201: [GC2015-08-31T15:37:22.688+0200: 346218,201: [ParNew: 280654K->1039K(314560K), 0,0049220 secs] 283078K->3463K(1013632K), 0,0050380 secs] [Times: user=0,01 sys=0,01, real=0,00 secs] 
2015-08-31T18:44:06.369+0200: 357421,881: [GC2015-08-31T18:44:06.369+0200: 357421,881: [ParNew: 280655K->1192K(314560K), 0,0042230 secs] 283079K->3616K(1013632K), 0,0043300 secs] [Times: user=0,01 sys=0,01, real=0,00 secs] 
2015-08-31T21:50:37.688+0200: 368613,200: [GC2015-08-31T21:50:37.688+0200: 368613,201: [ParNew: 280804K->1127K(314560K), 0,0050560 secs] 283228K->3550K(1013632K), 0,0216110 secs] [Times: user=0,03 sys=0,00, real=0,02 secs] 
2015-09-01T00:57:39.720+0200: 379835,232: [GC2015-09-01T00:57:39.720+0200: 379835,232: [ParNew: 280743K->1042K(314560K), 0,0055780 secs] 283166K->3466K(1013632K), 0,0056780 secs] [Times: user=0,02 sys=0,00, real=0,01 secs] 
2015-09-01T04:04:52.688+0200: 391068,201: [GC2015-09-01T04:04:52.688+0200: 391068,201: [ParNew: 280658K->1026K(314560K), 0,0064740 secs] 283082K->3449K(1013632K), 0,0065740 secs] [Times: user=0,01 sys=0,00, real=0,00 secs] 
2015-09-01T07:12:07.688+0200: 402303,200: [GC2015-09-01T07:12:07.688+0200: 402303,200: [ParNew: 280627K->1048K(314560K), 0,0049410 secs] 283051K->3471K(1013632K), 0,0050330 secs] [Times: user=0,02 sys=0,00, real=0,00 secs] 
2015-09-01T10:19:02.688+0200: 413518,201: [GC2015-09-01T10:19:02.688+0200: 413518,201: [ParNew: 280661K->1231K(314560K), 0,0048940 secs] 283085K->3654K(1013632K), 0,0049930 secs] [Times: user=0,02 sys=0,01, real=0,00 secs] 
2015-09-01T13:25:42.688+0200: 424718,201: [GC2015-09-01T13:25:42.688+0200: 424718,201: [ParNew: 280847K->1066K(314560K), 0,0050710 secs] 283270K->3489K(1013632K), 0,0051830 secs] [Times: user=0,02 sys=0,00, real=0,00 secs] 
2015-09-01T16:32:52.688+0200: 435948,200: [GC2015-09-01T16:32:52.688+0200: 435948,201: [ParNew: 280682K->1041K(314560K), 0,0047600 secs] 283105K->3465K(1013632K), 0,0048600 secs] [Times: user=0,02 sys=0,00, real=0,00 secs] 
2015-09-01T19:39:27.688+0200: 447143,201: [GC2015-09-01T19:39:27.688+0200: 447143,201: [ParNew: 280657K->1170K(314560K), 0,0046830 secs] 283081K->3593K(1013632K), 0,0047850 secs] [Times: user=0,02 sys=0,00, real=0,00 secs] 
2015-09-01T22:45:12.688+0200: 458288,201: [GC2015-09-01T22:45:12.688+0200: 458288,201: [ParNew: 280786K->1137K(314560K), 0,0048240 secs] 283209K->3561K(1013632K), 0,0049310 secs] [Times: user=0,02 sys=0,01, real=0,00 secs] 
2015-09-02T01:50:52.688+0200: 469428,200: [GC2015-09-02T01:50:52.688+0200: 469428,200: [ParNew: 280753K->1141K(314560K), 0,0045200 secs] 283177K->3565K(1013632K), 0,0046160 secs] [Times: user=0,02 sys=0,00, real=0,00 secs] 
2015-09-02T04:56:37.688+0200: 480573,200: [GC2015-09-02T04:56:37.688+0200: 480573,201: [ParNew: 280757K->1130K(314560K), 0,0049040 secs] 283181K->3553K(1013632K), 0,0050090 secs] [Times: user=0,01 sys=0,01, real=0,00 secs] 
2015-09-02T08:02:32.688+0200: 491728,200: [GC2015-09-02T08:02:32.688+0200: 491728,201: [ParNew: 280741K->1032K(314560K), 0,0050620 secs] 283164K->3456K(1013632K), 0,0051700 secs] [Times: user=0,01 sys=0,00, real=0,00 secs] 
2015-09-02T11:08:42.688+0200: 502898,200: [GC2015-09-02T11:08:42.688+0200: 502898,200: [ParNew: 280644K->1039K(314560K), 0,0036410 secs] 283068K->3462K(1013632K), 0,0037290 secs] [Times: user=0,01 sys=0,00, real=0,00 secs] 
2015-09-02T14:15:31.276+0200: 514106,788: [GC2015-09-02T14:15:31.276+0200: 514106,788: [ParNew: 280655K->1141K(314560K), 0,0044650 secs] 283078K->3565K(1013632K), 0,0045560 secs] [Times: user=0,03 sys=0,00, real=0,01 secs] 
2015-09-02T17:22:57.688+0200: 525353,201: [GC2015-09-02T17:22:57.688+0200: 525353,201: [ParNew: 280757K->1133K(314560K), 0,0054530 secs] 283181K->3556K(1013632K), 0,0055430 secs] [Times: user=0,01 sys=0,00, real=0,00 secs] 
2015-09-02T20:29:42.688+0200: 536558,201: [GC2015-09-02T20:29:42.688+0200: 536558,201: [ParNew: 280749K->1140K(314560K), 0,0046370 secs] 283172K->3564K(1013632K), 0,0047590 secs] [Times: user=0,02 sys=0,01, real=0,00 secs] 
2015-09-02T23:36:35.125+0200: 547770,638: [GC2015-09-02T23:36:35.125+0200: 547770,638: [ParNew: 280756K->1044K(314560K), 0,0034440 secs] 283180K->3467K(1013632K), 0,0035140 secs] [Times: user=0,01 sys=0,00, real=0,00 secs] 
2015-09-03T02:43:52.688+0200: 559008,200: [GC2015-09-03T02:43:52.688+0200: 559008,201: [ParNew: 280660K->1088K(314560K), 0,0049150 secs] 283083K->3512K(1013632K), 0,0050100 secs] [Times: user=0,02 sys=0,00, real=0,00 secs] 
2015-09-03T05:50:27.688+0200: 570203,200: [GC2015-09-03T05:50:27.688+0200: 570203,201: [ParNew: 280704K->1043K(314560K), 0,0052960 secs] 283128K->3467K(1013632K), 0,0053910 secs] [Times: user=0,02 sys=0,00, real=0,00 secs] 
2015-09-03T08:57:27.688+0200: 581423,200: [GC2015-09-03T08:57:27.688+0200: 581423,201: [ParNew: 280659K->1091K(314560K), 0,0047980 secs] 283083K->3515K(1013632K), 0,0048880 secs] [Times: user=0,01 sys=0,00, real=0,00 secs] 
2015-09-03T12:04:27.688+0200: 592643,201: [GC2015-09-03T12:04:27.688+0200: 592643,201: [ParNew: 280707K->1143K(314560K), 0,0057110 secs] 283131K->3567K(1013632K), 0,0058260 secs] [Times: user=0,01 sys=0,01, real=0,00 secs] 
2015-09-03T15:10:57.688+0200: 603833,201: [GC2015-09-03T15:10:57.688+0200: 603833,201: [ParNew: 280759K->1038K(314560K), 0,0054130 secs] 283183K->3461K(1013632K), 0,0055230 secs] [Times: user=0,01 sys=0,00, real=0,00 secs] 
2015-09-03T18:16:57.688+0200: 614993,201: [GC2015-09-03T18:16:57.688+0200: 614993,201: [ParNew: 280654K->1077K(314560K), 0,0051440 secs] 283077K->3501K(1013632K), 0,0052430 secs] [Times: user=0,02 sys=0,01, real=0,00 secs] 
2015-09-03T21:23:32.688+0200: 626188,201: [GC2015-09-03T21:23:32.688+0200: 626188,201: [ParNew: 280693K->1038K(314560K), 0,0065240 secs] 283117K->3462K(1013632K), 0,0066220 secs] [Times: user=0,02 sys=0,00, real=0,00 secs] 
2015-09-04T00:29:47.688+0200: 637363,200: [GC2015-09-04T00:29:47.688+0200: 637363,201: [ParNew: 280654K->1091K(314560K), 0,0051390 secs] 283078K->3515K(1013632K), 0,0052450 secs] [Times: user=0,01 sys=0,01, real=0,00 secs] 
2015-09-04T03:35:35.125+0200: 648510,638: [GC2015-09-04T03:35:35.125+0200: 648510,638: [ParNew: 280707K->1139K(314560K), 0,0047900 secs] 283131K->3563K(1013632K), 0,0048950 secs] [Times: user=0,01 sys=0,01, real=0,00 secs] 
2015-09-04T06:41:12.688+0200: 659648,200: [GC2015-09-04T06:41:12.688+0200: 659648,201: [ParNew: 280755K->1031K(314560K), 0,0051330 secs] 283179K->3455K(1013632K), 0,0052370 secs] [Times: user=0,02 sys=0,00, real=0,00 secs] 
2015-09-04T09:47:07.688+0200: 670803,201: [GC2015-09-04T09:47:07.688+0200: 670803,201: [ParNew: 280647K->1038K(314560K), 0,0051420 secs] 283071K->3462K(1013632K), 0,0052470 secs] [Times: user=0,02 sys=0,01, real=0,00 secs] 
2015-09-04T12:53:15.319+0200: 681970,831: [GC2015-09-04T12:53:15.319+0200: 681970,831: [ParNew: 280654K->1080K(314560K), 0,0042480 secs] 283078K->3504K(1013632K), 0,0043650 secs] [Times: user=0,02 sys=0,00, real=0,00 secs] 
2015-09-04T15:59:42.688+0200: 693158,200: [GC2015-09-04T15:59:42.688+0200: 693158,201: [ParNew: 280696K->1128K(314560K), 0,0050530 secs] 283120K->3552K(1013632K), 0,0051710 secs] [Times: user=0,01 sys=0,01, real=0,00 secs] 
2015-09-04T19:06:35.125+0200: 704370,638: [GC2015-09-04T19:06:35.125+0200: 704370,638: [ParNew: 280744K->1042K(314560K), 0,0038860 secs] 283168K->3466K(1013632K), 0,0039840 secs] [Times: user=0,01 sys=0,00, real=0,00 secs] 
2015-09-04T22:12:37.688+0200: 715533,201: [GC2015-09-04T22:12:37.688+0200: 715533,201: [ParNew: 280658K->1082K(314560K), 0,0054070 secs] 283082K->3506K(1013632K), 0,0055170 secs] [Times: user=0,02 sys=0,00, real=0,00 secs] 
2015-09-05T01:18:35.125+0200: 726690,638: [GC2015-09-05T01:18:35.125+0200: 726690,638: [ParNew: 280698K->1130K(314560K), 0,0051430 secs] 283122K->3554K(1013632K), 0,0052520 secs] [Times: user=0,02 sys=0,00, real=0,00 secs] 
2015-09-05T04:25:12.688+0200: 737888,200: [GC2015-09-05T04:25:12.688+0200: 737888,201: [ParNew: 280746K->1034K(314560K), 0,0048500 secs] 283170K->3458K(1013632K), 0,0049550 secs] [Times: user=0,02 sys=0,00, real=0,00 secs] 
2015-09-05T07:31:35.125+0200: 749070,638: [GC2015-09-05T07:31:35.125+0200: 749070,638: [ParNew: 280650K->1082K(314560K), 0,0050840 secs] 283074K->3506K(1013632K), 0,0051920 secs] [Times: user=0,02 sys=0,00, real=0,00 secs] 
2015-09-05T10:37:27.688+0200: 760223,201: [GC2015-09-05T10:37:27.688+0200: 760223,201: [ParNew: 280698K->1127K(314560K), 0,0045350 secs] 283122K->3551K(1013632K), 0,0046440 secs] [Times: user=0,01 sys=0,00, real=0,00 secs] 
2015-09-05T13:43:12.688+0200: 771368,201: [GC2015-09-05T13:43:12.688+0200: 771368,201: [ParNew: 280743K->989K(314560K), 0,0051710 secs] 283167K->3413K(1013632K), 0,0052750 secs] [Times: user=0,01 sys=0,01, real=0,00 secs] 
2015-09-05T16:49:22.688+0200: 782538,201: [GC2015-09-05T16:49:22.699+0200: 782538,211: [ParNew: 280605K->1131K(314560K), 0,0044310 secs] 283029K->3554K(1013632K), 0,0153820 secs] [Times: user=0,02 sys=0,00, real=0,01 secs] 
2015-09-05T19:55:47.688+0200: 793723,201: [GC2015-09-05T19:55:47.688+0200: 793723,201: [ParNew: 280747K->1057K(314560K), 0,0050400 secs] 283170K->3481K(1013632K), 0,0051440 secs] [Times: user=0,02 sys=0,00, real=0,00 secs] 
2015-09-05T23:02:07.688+0200: 804903,201: [GC2015-09-05T23:02:07.688+0200: 804903,201: [ParNew: 280667K->1142K(314560K), 0,0042960 secs] 283091K->3566K(1013632K), 0,0044010 secs] [Times: user=0,02 sys=0,01, real=0,00 secs] 
2015-09-06T02:07:57.688+0200: 816053,201: [GC2015-09-06T02:07:57.688+0200: 816053,201: [ParNew: 280743K->1048K(314560K), 0,0050030 secs] 283167K->3472K(1013632K), 0,0051080 secs] [Times: user=0,01 sys=0,01, real=0,00 secs] 
2015-09-06T05:14:02.688+0200: 827218,201: [GC2015-09-06T05:14:02.688+0200: 827218,201: [ParNew: 280664K->1230K(314560K), 0,0041890 secs] 283088K->3654K(1013632K), 0,0042950 secs] [Times: user=0,01 sys=0,01, real=0,00 secs] 
2015-09-06T08:20:07.688+0200: 838383,200: [GC2015-09-06T08:20:07.688+0200: 838383,200: [ParNew: 280846K->1040K(314560K), 0,0045760 secs] 283270K->3463K(1013632K), 0,0046800 secs] [Times: user=0,03 sys=0,00, real=0,00 secs] 
2015-09-06T11:26:17.688+0200: 849553,201: [GC2015-09-06T11:26:17.688+0200: 849553,201: [ParNew: 280656K->1076K(314560K), 0,0042460 secs] 283079K->3500K(1013632K), 0,0043500 secs] [Times: user=0,02 sys=0,00, real=0,00 secs] 
2015-09-06T14:32:35.125+0200: 860730,638: [GC2015-09-06T14:32:35.125+0200: 860730,638: [ParNew: 280692K->1077K(314560K), 0,0046590 secs] 283116K->3501K(1013632K), 0,0047600 secs] [Times: user=0,01 sys=0,01, real=0,00 secs] 
2015-09-06T17:39:02.688+0200: 871918,201: [GC2015-09-06T17:39:02.688+0200: 871918,201: [ParNew: 280687K->1139K(314560K), 0,0048130 secs] 283111K->3563K(1013632K), 0,0049270 secs] [Times: user=0,01 sys=0,01, real=0,00 secs] 
2015-09-06T20:44:47.688+0200: 883063,200: [GC2015-09-06T20:44:47.688+0200: 883063,201: [ParNew: 280755K->1137K(314560K), 0,0039980 secs] 283179K->3561K(1013632K), 0,0041170 secs] [Times: user=0,01 sys=0,00, real=0,00 secs] 
2015-09-06T23:51:12.688+0200: 894248,201: [GC2015-09-06T23:51:12.688+0200: 894248,201: [ParNew: 280753K->1082K(314560K), 0,0049730 secs] 283177K->3506K(1013632K), 0,0050790 secs] [Times: user=0,02 sys=0,00, real=0,00 secs] 
2015-09-07T02:57:07.688+0200: 905403,201: [GC2015-09-07T02:57:07.688+0200: 905403,201: [ParNew: 280698K->1040K(314560K), 0,0048670 secs] 283122K->3464K(1013632K), 0,0049670 secs] [Times: user=0,01 sys=0,01, real=0,00 secs] 
2015-09-07T06:03:12.688+0200: 916568,201: [GC2015-09-07T06:03:12.688+0200: 916568,201: [ParNew: 280656K->1082K(314560K), 0,0051430 secs] 283080K->3506K(1013632K), 0,0052490 secs] [Times: user=0,01 sys=0,00, real=0,00 secs] 
2015-09-07T09:09:27.688+0200: 927743,201: [GC2015-09-07T09:09:27.688+0200: 927743,201: [ParNew: 280698K->1092K(314560K), 0,0057570 secs] 283122K->3516K(1013632K), 0,0058700 secs] [Times: user=0,01 sys=0,01, real=0,00 secs] 
2015-09-07T12:16:06.491+0200: 938942,004: [GC2015-09-07T12:16:06.509+0200: 938942,021: [ParNew: 280708K->1180K(314560K), 0,3787670 secs] 283132K->3604K(1013632K), 0,3959240 secs] [Times: user=1,37 sys=0,00, real=0,40 secs] 
2015-09-07T15:22:35.136+0200: 950130,648: [GC2015-09-07T15:22:35.136+0200: 950130,648: [ParNew: 280795K->1226K(314560K), 0,0338500 secs] 283219K->3650K(1013632K), 0,0339950 secs] [Times: user=0,21 sys=0,00, real=0,04 secs] 
2015-09-07T18:29:12.698+0200: 961328,210: [GC2015-09-07T18:29:12.708+0200: 961328,220: [ParNew: 280842K->1130K(314560K), 0,0724850 secs] 283266K->3554K(1013632K), 0,0823070 secs] [Times: user=0,10 sys=0,00, real=0,08 secs] 
2015-09-07T21:35:57.688+0200: 972533,201: [GC2015-09-07T21:35:57.688+0200: 972533,201: [ParNew: 280733K->1174K(314560K), 0,0045630 secs] 283157K->3598K(1013632K), 0,0046770 secs] [Times: user=0,01 sys=0,00, real=0,00 secs] 
2015-09-08T00:42:27.688+0200: 983723,200: [GC2015-09-08T00:42:27.688+0200: 983723,201: [ParNew: 280790K->1174K(314560K), 0,0415200 secs] 283214K->3598K(1013632K), 0,0819580 secs] [Times: user=0,16 sys=0,00, real=0,08 secs] 
2015-09-08T03:49:22.688+0200: 994938,200: [GC2015-09-08T03:49:22.688+0200: 994938,201: [ParNew: 280790K->1088K(314560K), 0,0048590 secs] 283214K->3512K(1013632K), 0,0049610 secs] [Times: user=0,02 sys=0,00, real=0,00 secs] 
2015-09-08T06:56:12.688+0200: 1006148,201: [GC2015-09-08T06:56:12.688+0200: 1006148,201: [ParNew: 280704K->1040K(314560K), 0,0048850 secs] 283128K->3464K(1013632K), 0,0049890 secs] [Times: user=0,01 sys=0,00, real=0,00 secs] 
2015-09-08T10:03:03.380+0200: 1017358,893: [GC2015-09-08T10:03:03.380+0200: 1017358,893: [ParNew: 280656K->1143K(314560K), 0,0283760 secs] 283080K->3567K(1013632K), 0,0285090 secs] [Times: user=0,16 sys=0,00, real=0,03 secs] 
2015-09-08T13:10:07.688+0200: 1028583,201: [GC2015-09-08T13:10:07.688+0200: 1028583,201: [ParNew: 280759K->1086K(314560K), 0,0151580 secs] 283183K->3510K(1013632K), 0,0152800 secs] [Times: user=0,09 sys=0,00, real=0,01 secs] 
2015-09-08T16:16:47.688+0200: 1039783,201: [GC2015-09-08T16:16:47.688+0200: 1039783,201: [ParNew: 280702K->1034K(314560K), 0,0254290 secs] 283126K->3458K(1013632K), 0,0255280 secs] [Times: user=0,13 sys=0,01, real=0,02 secs] 
2015-09-08T19:22:42.688+0200: 1050938,201: [GC2015-09-08T19:22:42.688+0200: 1050938,201: [ParNew: 280650K->1052K(314560K), 0,0199100 secs] 283074K->3476K(1013632K), 0,0200080 secs] [Times: user=0,12 sys=0,00, real=0,02 secs] 
2015-09-08T22:28:32.676+0200: 1062088,188: [GC2015-09-08T22:28:32.676+0200: 1062088,188: [ParNew: 280668K->1234K(314560K), 0,0097970 secs] 283092K->3658K(1013632K), 0,0099200 secs] [Times: user=0,03 sys=0,00, real=0,02 secs] 
2015-09-09T01:34:12.688+0200: 1073228,200: [GC2015-09-09T01:34:12.688+0200: 1073228,201: [ParNew: 280850K->1031K(314560K), 0,0050140 secs] 283274K->3456K(1013632K), 0,0051110 secs] [Times: user=0,01 sys=0,00, real=0,00 secs] 
2015-09-09T04:39:52.688+0200: 1084368,200: [GC2015-09-09T04:39:52.688+0200: 1084368,201: [ParNew: 280647K->1082K(314560K), 0,0359740 secs] 283072K->3506K(1013632K), 0,0360830 secs] [Times: user=0,23 sys=0,00, real=0,03 secs] 
2015-09-09T07:45:32.688+0200: 1095508,200: [GC2015-09-09T07:45:32.688+0200: 1095508,201: [ParNew: 280698K->1218K(314560K), 0,0335140 secs] 283122K->3642K(1013632K), 0,0336130 secs] [Times: user=0,18 sys=0,00, real=0,03 secs] 
2015-09-09T10:51:30.099+0200: 1106665,611: [GC2015-09-09T10:51:30.099+0200: 1106665,611: [ParNew: 280834K->1096K(314560K), 0,0341820 secs] 283258K->3520K(1013632K), 0,0342850 secs] [Times: user=0,24 sys=0,00, real=0,03 secs] 
2015-09-09T13:57:14.046+0200: 1117809,558: [GC2015-09-09T13:57:14.046+0200: 1117809,559: [ParNew: 280712K->1073K(314560K), 0,0253030 secs] 283136K->3498K(1013632K), 0,0254360 secs] [Times: user=0,16 sys=0,00, real=0,02 secs] 
2015-09-09T17:03:57.701+0200: 1129013,213: [GC2015-09-09T17:03:57.701+0200: 1129013,213: [ParNew: 280689K->1163K(314560K), 0,0043400 secs] 283114K->3588K(1013632K), 0,0044340 secs] [Times: user=0,01 sys=0,00, real=0,01 secs] 
2015-09-09T20:10:30.234+0200: 1140205,746: [GC2015-09-09T20:10:30.234+0200: 1140205,746: [ParNew: 280779K->1152K(314560K), 0,0229070 secs] 283204K->3576K(1013632K), 0,0230000 secs] [Times: user=0,14 sys=0,00, real=0,03 secs] 
2015-09-09T23:16:12.783+0200: 1151348,295: [GC2015-09-09T23:16:12.783+0200: 1151348,295: [ParNew: 280768K->1177K(314560K), 0,0231970 secs] 283192K->3601K(1013632K), 0,0233000 secs] [Times: user=0,14 sys=0,00, real=0,03 secs] 
2015-09-10T02:21:52.688+0200: 1162488,201: [GC2015-09-10T02:21:52.688+0200: 1162488,201: [ParNew: 280793K->1171K(314560K), 0,0152110 secs] 283217K->3595K(1013632K), 0,0153140 secs] [Times: user=0,10 sys=0,00, real=0,01 secs] 
2015-09-10T05:27:47.688+0200: 1173643,200: [GC2015-09-10T05:27:47.688+0200: 1173643,200: [ParNew: 280787K->1170K(314560K), 0,0274010 secs] 283211K->3594K(1013632K), 0,0274950 secs] [Times: user=0,18 sys=0,00, real=0,02 secs] 
2015-09-10T08:33:37.688+0200: 1184793,200: [GC2015-09-10T08:33:37.688+0200: 1184793,200: [ParNew: 280786K->1127K(314560K), 0,0186180 secs] 283210K->3551K(1013632K), 0,0553560 secs] [Times: user=0,12 sys=0,00, real=0,05 secs] 
2015-09-10T11:39:37.688+0200: 1195953,201: [GC2015-09-10T11:39:37.688+0200: 1195953,201: [ParNew: 280743K->1223K(314560K), 0,0042240 secs] 283167K->3647K(1013632K), 0,0043450 secs] [Times: user=0,02 sys=0,01, real=0,00 secs] 
2015-09-10T14:46:21.269+0200: 1207156,781: [GC2015-09-10T14:46:21.269+0200: 1207156,782: [ParNew: 280839K->1069K(314560K), 0,0246080 secs] 283263K->3493K(1013632K), 0,0247000 secs] [Times: user=0,13 sys=0,00, real=0,02 secs] 
2015-09-10T17:52:57.688+0200: 1218353,201: [GC2015-09-10T17:52:57.688+0200: 1218353,201: [ParNew: 280685K->1033K(314560K), 0,0054610 secs] 283109K->3457K(1013632K), 0,0055570 secs] [Times: user=0,02 sys=0,00, real=0,00 secs] 
2015-09-10T20:58:42.688+0200: 1229498,201: [GC2015-09-10T20:58:42.688+0200: 1229498,201: [ParNew: 280638K->1075K(314560K), 0,0051740 secs] 283063K->3499K(1013632K), 0,0052810 secs] [Times: user=0,01 sys=0,01, real=0,00 secs] 
2015-09-11T00:04:42.688+0200: 1240658,201: [GC2015-09-11T00:04:42.688+0200: 1240658,201: [ParNew: 280679K->1139K(314560K), 0,0287000 secs] 283103K->3564K(1013632K), 0,0287950 secs] [Times: user=0,19 sys=0,00, real=0,03 secs] 
2015-09-11T03:10:35.125+0200: 1251810,638: [GC2015-09-11T03:10:35.125+0200: 1251810,638: [ParNew: 280755K->1140K(314560K), 0,0047770 secs] 283180K->3564K(1013632K), 0,0048780 secs] [Times: user=0,02 sys=0,01, real=0,00 secs] 
2015-09-11T06:16:35.125+0200: 1262970,638: [GC2015-09-11T06:16:35.125+0200: 1262970,638: [ParNew: 280756K->1230K(314560K), 0,0198590 secs] 283180K->3654K(1013632K), 0,0199630 secs] [Times: user=0,13 sys=0,00, real=0,02 secs] 
2015-09-11T09:22:37.688+0200: 1274133,201: [GC2015-09-11T09:22:37.688+0200: 1274133,201: [ParNew: 280842K->1070K(314560K), 0,0226250 secs] 283266K->3494K(1013632K), 0,0227280 secs] [Times: user=0,14 sys=0,00, real=0,02 secs] 
282177K->2503K(314560K), 0,0053250 secs] 284670K->4996K(1013632K), 0,0054400 secs] [Times: user=0,03 sys=0,00, real=0,01 secs] 
2015-09-04T17:35:32.700+0200: 698910,184: [GC2015-09-04T17:35:32.700+0200: 698910,184: [ParNew: 282119K->2892K(314560K), 0,0064150 secs] 284612K->5385K(1013632K), 0,0065250 secs] [Times: user=0,04 sys=0,00, real=0,01 secs] 
2015-09-04T19:24:25.129+0200: 705442,614: [GC2015-09-04T19:24:25.130+0200: 705442,614: [ParNew: 282508K->3085K(314560K), 0,0051710 secs] 285001K->5578K(1013632K), 0,0052970 secs] [Times: user=0,03 sys=0,00, real=0,00 secs] 
2015-09-04T21:12:22.700+0200: 711920,184: [GC2015-09-04T21:12:22.700+0200: 711920,184: [ParNew: 282701K->3341K(314560K), 0,0059950 secs] 285194K->5835K(1013632K), 0,0061100 secs] [Times: user=0,03 sys=0,00, real=0,01 secs] 
2015-09-04T23:00:02.700+0200: 718380,184: [GC2015-09-04T23:00:02.700+0200: 718380,184: [ParNew: 282957K->2325K(314560K), 0,0058680 secs] 285451K->4818K(1013632K), 0,0059790 secs] [Times: user=0,03 sys=0,00, real=0,01 secs] 
2015-09-05T00:47:52.692+0200: 724850,177: [GC2015-09-05T00:47:52.692+0200: 724850,177: [ParNew: 281941K->2580K(314560K), 0,0055960 secs] 284434K->5073K(1013632K), 0,0057070 secs] [Times: user=0,02 sys=0,00, real=0,01 secs] 
2015-09-05T02:35:57.700+0200: 731335,184: [GC2015-09-05T02:35:57.700+0200: 731335,184: [ParNew: 282193K->2879K(314560K), 0,0052490 secs] 284686K->5372K(1013632K), 0,0053690 secs] [Times: user=0,03 sys=0,00, real=0,01 secs] 
2015-09-05T04:24:53.456+0200: 737870,940: [GC2015-09-05T04:24:53.456+0200: 737870,940: [ParNew: 282495K->2696K(314560K), 0,0048160 secs] 284988K->5189K(1013632K), 0,0049330 secs] [Times: user=0,03 sys=0,00, real=0,01 secs] 
2015-09-05T06:13:07.700+0200: 744365,184: [GC2015-09-05T06:13:07.700+0200: 744365,184: [ParNew: 282312K->2541K(314560K), 0,0052320 secs] 284805K->5034K(1013632K), 0,0053470 secs] [Times: user=0,04 sys=0,00, real=0,01 secs] 
2015-09-05T08:00:37.847+0200: 750815,331: [GC2015-09-05T08:00:37.847+0200: 750815,331: [ParNew: 282157K->2747K(314560K), 0,0056590 secs] 284650K->5240K(1013632K), 0,0057830 secs] [Times: user=0,04 sys=0,00, real=0,00 secs] 
2015-09-05T09:48:11.761+0200: 757269,245: [GC2015-09-05T09:48:11.761+0200: 757269,245: [ParNew: 282363K->2268K(314560K), 0,0175070 secs] 284856K->4761K(1013632K), 0,0176200 secs] [Times: user=0,03 sys=0,00, real=0,02 secs] 
2015-09-05T11:35:43.279+0200: 763720,764: [GC2015-09-05T11:35:43.279+0200: 763720,764: [ParNew: 281884K->2365K(314560K), 0,0049110 secs] 284377K->4858K(1013632K), 0,0050240 secs] [Times: user=0,03 sys=0,00, real=0,01 secs] 
2015-09-05T13:24:40.714+0200: 770258,199: [GC2015-09-05T13:24:40.714+0200: 770258,199: [ParNew: 281981K->2633K(314560K), 0,0056700 secs] 284474K->5127K(1013632K), 0,0057720 secs] [Times: user=0,02 sys=0,00, real=0,01 secs] 
2015-09-05T15:12:42.700+0200: 776740,184: [GC2015-09-05T15:12:42.700+0200: 776740,184: [ParNew: 282249K->2301K(314560K), 0,0052150 secs] 284743K->4794K(1013632K), 0,0053220 secs] [Times: user=0,03 sys=0,00, real=0,01 secs] 
2015-09-05T17:00:33.154+0200: 783210,639: [GC2015-09-05T17:00:33.154+0200: 783210,639: [ParNew: 281917K->2638K(314560K), 0,0055750 secs] 284410K->5131K(1013632K), 0,0056860 secs] [Times: user=0,02 sys=0,00, real=0,01 secs] 
2015-09-05T18:48:18.367+0200: 789675,852: [GC2015-09-05T18:48:18.367+0200: 789675,852: [ParNew: 282254K->1848K(314560K), 0,0054750 secs] 284747K->4342K(1013632K), 0,0055880 secs] [Times: user=0,03 sys=0,00, real=0,00 secs] 
2015-09-05T20:36:22.700+0200: 796160,184: [GC2015-09-05T20:36:22.700+0200: 796160,184: [ParNew: 281464K->2145K(314560K), 0,0062110 secs] 283958K->4638K(1013632K), 0,0063540 secs] [Times: user=0,03 sys=0,00, real=0,01 secs] 
2015-09-05T22:25:18.496+0200: 802695,981: [GC2015-09-05T22:25:18.496+0200: 802695,981: [ParNew: 281761K->2263K(314560K), 0,0051700 secs] 284254K->4757K(1013632K), 0,0052910 secs] [Times: user=0,02 sys=0,01, real=0,01 secs] 
2015-09-06T00:13:36.975+0200: 809194,459: [GC2015-09-06T00:13:36.975+0200: 809194,459: [ParNew: 281879K->2334K(314560K), 0,0049300 secs] 284373K->4827K(1013632K), 0,0050430 secs] [Times: user=0,03 sys=0,00, real=0,01 secs] 
2015-09-06T02:01:33.154+0200: 815670,639: [GC2015-09-06T02:01:33.154+0200: 815670,639: [ParNew: 281950K->2513K(314560K), 0,0051230 secs] 284443K->5006K(1013632K), 0,0052330 secs] [Times: user=0,03 sys=0,00, real=0,01 secs] 
2015-09-06T03:49:22.700+0200: 822140,184: [GC2015-09-06T03:49:22.700+0200: 822140,184: [ParNew: 282118K->2141K(314560K), 0,0046380 secs] 284612K->4635K(1013632K), 0,0047350 secs] [Times: user=0,03 sys=0,00, real=0,01 secs] 
2015-09-06T05:37:27.700+0200: 828625,184: [GC2015-09-06T05:37:27.700+0200: 828625,184: [ParNew: 281753K->2261K(314560K), 0,0050420 secs] 284246K->4754K(1013632K), 0,0051520 secs] [Times: user=0,03 sys=0,00, real=0,01 secs] 
2015-09-06T07:26:21.943+0200: 835159,428: [GC2015-09-06T07:26:21.943+0200: 835159,428: [ParNew: 281877K->1897K(314560K), 0,0062220 secs] 284370K->4391K(1013632K), 0,0063350 secs] [Times: user=0,02 sys=0,00, real=0,01 secs] 
2015-09-06T09:14:22.700+0200: 841640,184: [GC2015-09-06T09:14:22.700+0200: 841640,184: [ParNew: 281498K->2091K(314560K), 0,0055340 secs] 283991K->4585K(1013632K), 0,0056460 secs] [Times: user=0,03 sys=0,00, real=0,01 secs] 
2015-09-06T11:02:17.700+0200: 848115,184: [GC2015-09-06T11:02:17.700+0200: 848115,184: [ParNew: 281707K->2397K(314560K), 0,0049230 secs] 284201K->4891K(1013632K), 0,0050240 secs] [Times: user=0,03 sys=0,00, real=0,01 secs] 
2015-09-06T12:50:22.700+0200: 854600,184: [GC2015-09-06T12:50:22.700+0200: 854600,184: [ParNew: 281998K->1890K(314560K), 0,0048510 secs] 284491K->4383K(1013632K), 0,0049520 secs] [Times: user=0,03 sys=0,00, real=0,01 secs] 
2015-09-06T14:38:12.700+0200: 861070,184: [GC2015-09-06T14:38:12.700+0200: 861070,184: [ParNew: 281506K->2765K(314560K), 0,0058980 secs] 283999K->5258K(1013632K), 0,0060120 secs] [Times: user=0,04 sys=0,00, real=0,01 secs] 
2015-09-06T16:27:02.700+0200: 867600,184: [GC2015-09-06T16:27:02.700+0200: 867600,184: [ParNew: 282381K->2264K(314560K), 0,0049040 secs] 284874K->4758K(1013632K), 0,0050160 secs] [Times: user=0,04 sys=0,00, real=0,01 secs] 
2015-09-06T18:14:47.700+0200: 874065,184: [GC2015-09-06T18:14:47.700+0200: 874065,184: [ParNew: 281880K->2658K(314560K), 0,0057380 secs] 284374K->5152K(1013632K), 0,0342940 secs] [Times: user=0,03 sys=0,00, real=0,03 secs] 
2015-09-06T20:02:57.700+0200: 880555,184: [GC2015-09-06T20:02:57.700+0200: 880555,184: [ParNew: 282274K->3378K(314560K), 0,0057000 secs] 284768K->5872K(1013632K), 0,0058180 secs] [Times: user=0,03 sys=0,00, real=0,01 secs] 
2015-09-06T21:51:07.700+0200: 887045,184: [GC2015-09-06T21:51:07.700+0200: 887045,184: [ParNew: 282994K->3079K(314560K), 0,0058960 secs] 285488K->5573K(1013632K), 0,0060210 secs] [Times: user=0,04 sys=0,00, real=0,01 secs] 
2015-09-06T23:38:57.700+0200: 893515,184: [GC2015-09-06T23:38:57.700+0200: 893515,184: [ParNew: 282695K->3084K(314560K), 0,0059940 secs] 285189K->5577K(1013632K), 0,0061040 secs] [Times: user=0,03 sys=0,00, real=0,01 secs] 
2015-09-07T01:27:52.700+0200: 900050,184: [GC2015-09-07T01:27:52.700+0200: 900050,184: [ParNew: 282700K->3264K(314560K), 0,0060080 secs] 285193K->5757K(1013632K), 0,0061220 secs] [Times: user=0,04 sys=0,00, real=0,01 secs] 
2015-09-07T03:15:37.700+0200: 906515,184: [GC2015-09-07T03:15:37.700+0200: 906515,184: [ParNew: 282880K->2624K(314560K), 0,0060420 secs] 285373K->5118K(1013632K), 0,0061590 secs] [Times: user=0,04 sys=0,00, real=0,01 secs] 
2015-09-07T05:03:27.700+0200: 912985,184: [GC2015-09-07T05:03:27.700+0200: 912985,184: [ParNew: 282240K->2805K(314560K), 0,0058440 secs] 284734K->5299K(1013632K), 0,0059550 secs] [Times: user=0,03 sys=0,00, real=0,01 secs] 
2015-09-07T06:51:33.154+0200: 919470,639: [GC2015-09-07T06:51:33.154+0200: 919470,639: [ParNew: 282421K->2993K(314560K), 0,0057030 secs] 284915K->5487K(1013632K), 0,0058130 secs] [Times: user=0,03 sys=0,00, real=0,01 secs] 
2015-09-07T08:39:42.700+0200: 925960,184: [GC2015-09-07T08:39:42.700+0200: 925960,184: [ParNew: 282609K->2505K(314560K), 0,0060670 secs] 285103K->4999K(1013632K), 0,0061950 secs] [Times: user=0,04 sys=0,00, real=0,01 secs] 
2015-09-07T10:28:02.228+0200: 932459,712: [GC2015-09-07T10:28:02.228+0200: 932459,712: [ParNew: 282121K->2689K(314560K), 0,0060170 secs] 284615K->5182K(1013632K), 0,0061530 secs] [Times: user=0,03 sys=0,00, real=0,00 secs] 
2015-09-07T12:16:33.170+0200: 938970,655: [GC2015-09-07T12:16:33.189+0200: 938970,674: [ParNew: 282305K->3318K(314560K), 0,2236130 secs] 284798K->5812K(1013632K), 0,2427790 secs] [Times: user=0,48 sys=0,00, real=0,24 secs] 
2015-09-07T14:04:32.700+0200: 945450,184: [GC2015-09-07T14:04:32.700+0200: 945450,184: [ParNew: 282934K->2471K(314560K), 0,0371530 secs] 285428K->4965K(1013632K), 0,0372570 secs] [Times: user=0,30 sys=0,00, real=0,04 secs] 
2015-09-07T15:52:33.154+0200: 951930,639: [GC2015-09-07T15:52:33.154+0200: 951930,639: [ParNew: 282083K->3211K(314560K), 0,0761130 secs] 284577K->5705K(1013632K), 0,0762160 secs] [Times: user=0,14 sys=0,00, real=0,08 secs] 
2015-09-07T17:40:27.700+0200: 958405,184: [GC2015-09-07T17:40:27.722+0200: 958405,207: [ParNew: 282821K->2472K(314560K), 0,0353380 secs] 285315K->4965K(1013632K), 0,0580370 secs] [Times: user=0,23 sys=0,00, real=0,06 secs] 
2015-09-07T19:28:27.700+0200: 964885,184: [GC2015-09-07T19:28:27.700+0200: 964885,184: [ParNew: 282088K->2705K(314560K), 0,0969780 secs] 284581K->5199K(1013632K), 0,0970840 secs] [Times: user=0,19 sys=0,00, real=0,10 secs] 
2015-09-07T21:17:17.055+0200: 971414,540: [GC2015-09-07T21:17:17.055+0200: 971414,540: [ParNew: 282321K->2853K(314560K), 0,0067520 secs] 284815K->5347K(1013632K), 0,0068410 secs] [Times: user=0,05 sys=0,00, real=0,01 secs] 
2015-09-07T23:05:02.700+0200: 977880,184: [GC2015-09-07T23:05:02.700+0200: 977880,184: [ParNew: 282469K->3148K(314560K), 0,0868280 secs] 284963K->5642K(1013632K), 0,0869260 secs] [Times: user=0,37 sys=0,00, real=0,09 secs] 
2015-09-08T00:52:37.772+0200: 984335,256: [GC2015-09-08T00:52:37.772+0200: 984335,256: [ParNew: 282764K->2316K(314560K), 0,0049340 secs] 285258K->4810K(1013632K), 0,0050390 secs] [Times: user=0,03 sys=0,00, real=0,01 secs] 
2015-09-08T02:40:47.700+0200: 990825,184: [GC2015-09-08T02:40:47.700+0200: 990825,184: [ParNew: 281932K->2609K(314560K), 0,0331700 secs] 284426K->5102K(1013632K), 0,0332750 secs] [Times: user=0,18 sys=0,00, real=0,06 secs] 
2015-09-08T04:28:42.700+0200: 997300,184: [GC2015-09-08T04:28:42.700+0200: 997300,184: [ParNew: 282225K->2351K(314560K), 0,0069140 secs] 284718K->4845K(1013632K), 0,0070360 secs] [Times: user=0,04 sys=0,00, real=0,01 secs] 
2015-09-08T06:17:35.878+0200: 1003833,362: [GC2015-09-08T06:17:35.878+0200: 1003833,362: [ParNew: 281967K->2726K(314560K), 0,0349950 secs] 284461K->5220K(1013632K), 0,0351160 secs] [Times: user=0,17 sys=0,00, real=0,03 secs] 
2015-09-08T08:05:27.700+0200: 1010305,184: [GC2015-09-08T08:05:27.700+0200: 1010305,184: [ParNew: 282331K->2581K(314560K), 0,0061100 secs] 284825K->5074K(1013632K), 0,0062320 secs] [Times: user=0,02 sys=0,00, real=0,01 secs] 
2015-09-08T09:53:12.700+0200: 1016770,184: [GC2015-09-08T09:53:12.700+0200: 1016770,184: [ParNew: 282197K->2370K(314560K), 0,0227030 secs] 284690K->4864K(1013632K), 0,0228260 secs] [Times: user=0,13 sys=0,00, real=0,02 secs] 
2015-09-08T11:40:57.700+0200: 1023235,184: [GC2015-09-08T11:40:57.700+0200: 1023235,184: [ParNew: 281986K->2303K(314560K), 0,0048790 secs] 284480K->4797K(1013632K), 0,0050050 secs] [Times: user=0,03 sys=0,00, real=0,01 secs] 
2015-09-08T13:28:47.700+0200: 1029705,184: [GC2015-09-08T13:28:47.700+0200: 1029705,184: [ParNew: 281919K->2591K(314560K), 0,0434960 secs] 284413K->5085K(1013632K), 0,0435820 secs] [Times: user=0,28 sys=0,00, real=0,04 secs] 
2015-09-08T15:17:43.901+0200: 1036241,386: [GC2015-09-08T15:17:43.901+0200: 1036241,386: [ParNew: 282207K->2132K(314560K), 0,0082320 secs] 284701K->4626K(1013632K), 0,0083580 secs] [Times: user=0,04 sys=0,00, real=0,01 secs] 
2015-09-08T17:05:26.477+0200: 1042703,961: [GC2015-09-08T17:05:26.477+0200: 1042703,961: [ParNew: 281748K->2357K(314560K), 0,0231990 secs] 284242K->4850K(1013632K), 0,0233060 secs] [Times: user=0,16 sys=0,00, real=0,02 secs] 
2015-09-08T18:53:22.700+0200: 1049180,184: [GC2015-09-08T18:53:22.700+0200: 1049180,184: [ParNew: 281973K->2125K(314560K), 0,0060320 secs] 284466K->4619K(1013632K), 0,0061340 secs] [Times: user=0,03 sys=0,00, real=0,01 secs] 
2015-09-08T20:41:17.700+0200: 1055655,184: [GC2015-09-08T20:41:17.700+0200: 1055655,184: [ParNew: 281741K->2450K(314560K), 0,0409400 secs] 284235K->4944K(1013632K), 0,0410510 secs] [Times: user=0,32 sys=0,00, real=0,04 secs] 
2015-09-08T22:29:18.280+0200: 1062135,764: [GC2015-09-08T22:29:18.280+0200: 1062135,764: [ParNew: 282066K->1819K(314560K), 0,0052060 secs] 284560K->4313K(1013632K), 0,0053130 secs] [Times: user=0,03 sys=0,00, real=0,01 secs] 
2015-09-09T00:18:12.700+0200: 1068670,184: [GC2015-09-09T00:18:12.700+0200: 1068670,184: [ParNew: 281435K->2424K(314560K), 0,0292050 secs] 283929K->4918K(1013632K), 0,0293200 secs] [Times: user=0,21 sys=0,00, real=0,03 secs] 
2015-09-09T02:05:52.700+0200: 1075130,184: [GC2015-09-09T02:05:52.700+0200: 1075130,184: [ParNew: 282040K->2341K(314560K), 0,0048290 secs] 284534K->4835K(1013632K), 0,0049360 secs] [Times: user=0,03 sys=0,00, real=0,01 secs] 
2015-09-09T03:53:53.219+0200: 1081610,704: [GC2015-09-09T03:53:53.219+0200: 1081610,704: [ParNew: 281957K->2315K(314560K), 0,0170280 secs] 284451K->4809K(1013632K), 0,0171310 secs] [Times: user=0,13 sys=0,00, real=0,01 secs] 
2015-09-09T05:41:52.700+0200: 1088090,184: [GC2015-09-09T05:41:52.700+0200: 1088090,184: [ParNew: 281919K->2582K(314560K), 0,0063730 secs] 284413K->5076K(1013632K), 0,0064870 secs] [Times: user=0,04 sys=0,00, real=0,01 secs] 
2015-09-09T07:29:37.700+0200: 1094555,184: [GC2015-09-09T07:29:37.700+0200: 1094555,184: [ParNew: 282198K->3132K(314560K), 0,0728720 secs] 284692K->5626K(1013632K), 0,0729620 secs] [Times: user=0,48 sys=0,00, real=0,07 secs] 
2015-09-09T09:18:33.154+0200: 1101090,639: [GC2015-09-09T09:18:33.154+0200: 1101090,639: [ParNew: 282748K->3211K(314560K), 0,0256200 secs] 285242K->5705K(1013632K), 0,0257220 secs] [Times: user=0,03 sys=0,00, real=0,03 secs] 
2015-09-09T11:06:42.700+0200: 1107580,184: [GC2015-09-09T11:06:42.700+0200: 1107580,184: [ParNew: 282827K->3578K(314560K), 0,0522570 secs] 285321K->6072K(1013632K), 0,0523510 secs] [Times: user=0,24 sys=0,00, real=0,05 secs] 
2015-09-09T12:54:42.700+0200: 1114060,184: [GC2015-09-09T12:54:42.700+0200: 1114060,184: [ParNew: 283194K->2653K(314560K), 0,0057460 secs] 285688K->5147K(1013632K), 0,0058560 secs] [Times: user=0,03 sys=0,00, real=0,01 secs] 
2015-09-09T14:42:42.700+0200: 1120540,184: [GC2015-09-09T14:42:42.700+0200: 1120540,184: [ParNew: 282263K->3029K(314560K), 0,0643210 secs] 284757K->5523K(1013632K), 0,0644280 secs] [Times: user=0,04 sys=0,00, real=0,06 secs] 
2015-09-09T16:30:33.154+0200: 1127010,639: [GC2015-09-09T16:30:33.154+0200: 1127010,639: [ParNew: 282645K->2542K(314560K), 0,0067710 secs] 285139K->5037K(1013632K), 0,0068780 secs] [Times: user=0,03 sys=0,00, real=0,01 secs] 
2015-09-09T18:19:23.185+0200: 1133540,669: [GC2015-09-09T18:19:23.185+0200: 1133540,669: [ParNew: 282158K->3198K(314560K), 0,0060080 secs] 284653K->5692K(1013632K), 0,0061210 secs] [Times: user=0,03 sys=0,00, real=0,00 secs] 
2015-09-09T20:06:57.700+0200: 1139995,184: [GC2015-09-09T20:06:57.700+0200: 1139995,184: [ParNew: 282814K->2571K(314560K), 0,0060190 secs] 285308K->5065K(1013632K), 0,0061390 secs] [Times: user=0,04 sys=0,00, real=0,01 secs] 
2015-09-09T21:54:47.700+0200: 1146465,184: [GC2015-09-09T21:54:47.700+0200: 1146465,184: [ParNew: 282187K->2522K(314560K), 0,0055180 secs] 284681K->5016K(1013632K), 0,0056320 secs] [Times: user=0,04 sys=0,00, real=0,01 secs] 
2015-09-09T23:42:27.700+0200: 1152925,184: [GC2015-09-09T23:42:27.700+0200: 1152925,184: [ParNew: 282138K->2459K(314560K), 0,0052890 secs] 284632K->4953K(1013632K), 0,0054040 secs] [Times: user=0,04 sys=0,00, real=0,01 secs] 
2015-09-10T01:30:32.700+0200: 1159410,184: [GC2015-09-10T01:30:32.700+0200: 1159410,184: [ParNew: 282075K->2820K(314560K), 0,0049310 secs] 284569K->5314K(1013632K), 0,0050400 secs] [Times: user=0,03 sys=0,00, real=0,01 secs] 
2015-09-10T03:19:30.665+0200: 1165948,149: [GC2015-09-10T03:19:30.665+0200: 1165948,150: [ParNew: 282436K->2760K(314560K), 0,0030520 secs] 284930K->5254K(1013632K), 0,0031220 secs] [Times: user=0,01 sys=0,00, real=0,00 secs] 
2015-09-10T05:07:12.700+0200: 1172410,184: [GC2015-09-10T05:07:12.700+0200: 1172410,184: [ParNew: 282370K->2600K(314560K), 0,0298130 secs] 284864K->5094K(1013632K), 0,0299270 secs] [Times: user=0,03 sys=0,00, real=0,03 secs] 
2015-09-10T06:55:02.700+0200: 1178880,184: [GC2015-09-10T06:55:02.700+0200: 1178880,184: [ParNew: 282216K->2764K(314560K), 0,0055970 secs] 284710K->5258K(1013632K), 0,0057080 secs] [Times: user=0,03 sys=0,00, real=0,01 secs] 
2015-09-10T08:42:42.748+0200: 1185340,232: [GC2015-09-10T08:42:42.748+0200: 1185340,233: [ParNew: 282380K->2307K(314560K), 0,0060290 secs] 284874K->4802K(1013632K), 0,0061400 secs] [Times: user=0,03 sys=0,00, real=0,00 secs] 
2015-09-10T10:30:17.700+0200: 1191795,184: [GC2015-09-10T10:30:17.700+0200: 1191795,184: [ParNew: 281923K->2996K(314560K), 0,0417460 secs] 284418K->5490K(1013632K), 0,0418650 secs] [Times: user=0,03 sys=0,00, real=0,04 secs] 
2015-09-10T12:19:15.164+0200: 1198332,649: [GC2015-09-10T12:19:15.164+0200: 1198332,649: [ParNew: 282612K->2174K(314560K), 0,0050570 secs] 285106K->4668K(1013632K), 0,0051980 secs] [Times: user=0,01 sys=0,01, real=0,01 secs] 
2015-09-10T14:06:53.533+0200: 1204791,018: [GC2015-09-10T14:06:53.533+0200: 1204791,018: [ParNew: 281790K->2691K(314560K), 0,0056640 secs] 284284K->5185K(1013632K), 0,0057720 secs] [Times: user=0,03 sys=0,00, real=0,01 secs] 
2015-09-10T15:54:47.700+0200: 1211265,184: [GC2015-09-10T15:54:47.700+0200: 1211265,184: [ParNew: 282307K->2439K(314560K), 0,0052030 secs] 284801K->4933K(1013632K), 0,0053100 secs] [Times: user=0,03 sys=0,00, real=0,01 secs] 
2015-09-10T17:42:37.700+0200: 1217735,184: [GC2015-09-10T17:42:37.700+0200: 1217735,184: [ParNew: 282055K->2764K(314560K), 0,0035710 secs] 284549K->5258K(1013632K), 0,0036570 secs] [Times: user=0,02 sys=0,00, real=0,00 secs] 
2015-09-10T19:30:12.690+0200: 1224190,174: [GC2015-09-10T19:30:12.690+0200: 1224190,175: [ParNew: 282380K->1927K(314560K), 0,0049460 secs] 284874K->4422K(1013632K), 0,0050530 secs] [Times: user=0,03 sys=0,00, real=0,00 secs] 
2015-09-10T21:19:05.532+0200: 1230723,017: [GC2015-09-10T21:19:05.547+0200: 1230723,031: [ParNew: 281543K->2530K(314560K), 0,0048210 secs] 284038K->5025K(1013632K), 0,0193270 secs] [Times: user=0,03 sys=0,00, real=0,02 secs] 
2015-09-10T23:06:42.700+0200: 1237180,184: [GC2015-09-10T23:06:42.700+0200: 1237180,184: [ParNew: 282146K->2252K(314560K), 0,0050580 secs] 284641K->4747K(1013632K), 0,0051680 secs] [Times: user=0,03 sys=0,00, real=0,01 secs] 
2015-09-11T00:54:42.700+0200: 1243660,184: [GC2015-09-11T00:54:42.700+0200: 1243660,184: [ParNew: 281868K->2236K(314560K), 0,0045700 secs] 284363K->4730K(1013632K), 0,0046970 secs] [Times: user=0,03 sys=0,00, real=0,01 secs] 
2015-09-11T02:42:42.700+0200: 1250140,184: [GC2015-09-11T02:42:42.700+0200: 1250140,184: [ParNew: 281852K->1876K(314560K), 0,0053030 secs] 284346K->4370K(1013632K), 0,0054090 secs] [Times: user=0,04 sys=0,00, real=0,01 secs] 
2015-09-11T04:30:27.700+0200: 1256605,184: [GC2015-09-11T04:30:27.700+0200: 1256605,184: [ParNew: 281492K->2903K(314560K), 0,0071270 secs] 283986K->5397K(1013632K), 0,0072390 secs] [Times: user=0,04 sys=0,00, real=0,01 secs] 
2015-09-11T06:19:22.700+0200: 1263140,184: [GC2015-09-11T06:19:22.700+0200: 1263140,184: [ParNew: 282519K->2039K(314560K), 0,0051790 secs] 285013K->4533K(1013632K), 0,0052890 secs] [Times: user=0,02 sys=0,00, real=0,01 secs] 
2015-09-11T08:06:58.087+0200: 1269595,572: [GC2015-09-11T08:06:58.087+0200: 1269595,572: [ParNew: 281655K->2976K(314560K), 0,0222950 secs] 284149K->5471K(1013632K), 0,0223980 secs] [Times: user=0,17 sys=0,00, real=0,02 secs] 
2015-09-11T09:54:52.700+0200: 1276070,184: [GC2015-09-11T09:54:52.700+0200: 1276070,184: [ParNew: 282592K->3344K(314560K), 0,0054750 secs] 285087K->5838K(1013632K), 0,0055890 secs] [Times: user=0,04 sys=0,00, real=0,01 secs] 
:11.046+0200: 14299,222: [GC2015-08-27T19:25:11.046+0200: 14299,222: [ParNew: 289225K->9768K(314560K), 0,0124070 secs] 455119K->176610K(1013632K), 0,0125510 secs] [Times: user=0,09 sys=0,00, real=0,01 secs] 
2015-08-27T19:26:09.898+0200: 14358,074: [GC2015-08-27T19:26:09.898+0200: 14358,075: [ParNew: 289384K->9922K(314560K), 0,0113940 secs] 456226K->177730K(1013632K), 0,0115000 secs] [Times: user=0,10 sys=0,00, real=0,01 secs] 
2015-08-27T19:27:08.260+0200: 14416,437: [GC2015-08-27T19:27:08.260+0200: 14416,437: [ParNew: 289538K->10029K(314560K), 0,0147880 secs] 457346K->178835K(1013632K), 0,0149250 secs] [Times: user=0,07 sys=0,00, real=0,01 secs] 
2015-08-27T19:28:07.422+0200: 14475,599: [GC2015-08-27T19:28:07.422+0200: 14475,599: [ParNew: 289645K->9481K(314560K), 0,0127280 secs] 458451K->179327K(1013632K), 0,0128500 secs] [Times: user=0,11 sys=0,00, real=0,01 secs] 
2015-08-27T19:29:06.396+0200: 14534,572: [GC2015-08-27T19:29:06.396+0200: 14534,572: [ParNew: 289097K->9219K(314560K), 0,0119450 secs] 458943K->180111K(1013632K), 0,0120620 secs] [Times: user=0,09 sys=0,00, real=0,02 secs] 
2015-08-27T19:30:05.140+0200: 14593,316: [GC2015-08-27T19:30:05.140+0200: 14593,316: [ParNew: 288835K->7850K(314560K), 0,0134470 secs] 459727K->179702K(1013632K), 0,0135630 secs] [Times: user=0,08 sys=0,00, real=0,01 secs] 
2015-08-27T19:31:04.155+0200: 14652,332: [GC2015-08-27T19:31:04.155+0200: 14652,332: [ParNew: 287466K->7151K(314560K), 0,0117270 secs] 459318K->179959K(1013632K), 0,0118310 secs] [Times: user=0,09 sys=0,00, real=0,02 secs] 
2015-08-27T19:32:02.960+0200: 14711,137: [GC2015-08-27T19:32:02.960+0200: 14711,137: [ParNew: 286767K->5718K(314560K), 0,0105030 secs] 459575K->179461K(1013632K), 0,0106210 secs] [Times: user=0,07 sys=0,00, real=0,01 secs] 
2015-08-27T19:33:01.816+0200: 14769,992: [GC2015-08-27T19:33:01.816+0200: 14769,993: [ParNew: 285334K->4821K(314560K), 0,0128390 secs] 459077K->179810K(1013632K), 0,0129400 secs] [Times: user=0,07 sys=0,00, real=0,02 secs] 
2015-08-27T19:34:00.391+0200: 14828,568: [GC2015-08-27T19:34:00.391+0200: 14828,568: [ParNew: 284437K->4294K(314560K), 0,0073010 secs] 459426K->179783K(1013632K), 0,0074100 secs] [Times: user=0,06 sys=0,00, real=0,01 secs] 
2015-08-27T19:34:59.455+0200: 14887,632: [GC2015-08-27T19:34:59.455+0200: 14887,632: [ParNew: 283910K->4014K(314560K), 0,0073080 secs] 459399K->180005K(1013632K), 0,0074220 secs] [Times: user=0,06 sys=0,00, real=0,01 secs] 
2015-08-27T19:35:58.105+0200: 14946,282: [GC2015-08-27T19:35:58.105+0200: 14946,282: [ParNew: 283627K->4276K(314560K), 0,0078770 secs] 459618K->180833K(1013632K), 0,0079950 secs] [Times: user=0,06 sys=0,00, real=0,00 secs] 
2015-08-27T19:36:56.866+0200: 15005,043: [GC2015-08-27T19:36:56.867+0200: 15005,043: [ParNew: 283892K->5060K(314560K), 0,0062980 secs] 460449K->181974K(1013632K), 0,0064040 secs] [Times: user=0,05 sys=0,00, real=0,00 secs] 
2015-08-27T19:37:55.734+0200: 15063,911: [GC2015-08-27T19:37:55.734+0200: 15063,911: [ParNew: 284676K->5695K(314560K), 0,0067030 secs] 461590K->182730K(1013632K), 0,0068140 secs] [Times: user=0,06 sys=0,00, real=0,01 secs] 
2015-08-27T19:38:54.677+0200: 15122,853: [GC2015-08-27T19:38:54.677+0200: 15122,853: [ParNew: 285311K->6737K(314560K), 0,0196160 secs] 462346K->183991K(1013632K), 0,0197180 secs] [Times: user=0,13 sys=0,00, real=0,02 secs] 
2015-08-27T19:39:53.749+0200: 15181,925: [GC2015-08-27T19:39:53.749+0200: 15181,926: [ParNew: 286353K->8032K(314560K), 0,0123920 secs] 463607K->185763K(1013632K), 0,0125080 secs] [Times: user=0,09 sys=0,00, real=0,01 secs] 
2015-08-27T19:40:52.867+0200: 15241,044: [GC2015-08-27T19:40:52.867+0200: 15241,044: [ParNew: 287648K->9130K(314560K), 0,0099260 secs] 465379K->187397K(1013632K), 0,0100530 secs] [Times: user=0,09 sys=0,00, real=0,01 secs] 
2015-08-27T19:41:51.924+0200: 15300,100: [GC2015-08-27T19:41:51.924+0200: 15300,100: [ParNew: 288746K->10075K(314560K), 0,0119020 secs] 467013K->188966K(1013632K), 0,0120020 secs] [Times: user=0,09 sys=0,00, real=0,01 secs] 
2015-08-27T19:42:50.419+0200: 15358,596: [GC2015-08-27T19:42:50.419+0200: 15358,596: [ParNew: 289691K->7592K(314560K), 0,0150150 secs] 468582K->187327K(1013632K), 0,0151160 secs] [Times: user=0,12 sys=0,00, real=0,01 secs] 
2015-08-27T19:43:48.991+0200: 15417,168: [GC2015-08-27T19:43:48.991+0200: 15417,168: [ParNew: 287208K->10965K(314560K), 0,0120490 secs] 466943K->191680K(1013632K), 0,0121580 secs] [Times: user=0,09 sys=0,00, real=0,01 secs] 
2015-08-27T19:44:47.847+0200: 15476,023: [GC2015-08-27T19:44:47.847+0200: 15476,023: [ParNew: 290581K->8282K(314560K), 0,0128660 secs] 471296K->190029K(1013632K), 0,0129850 secs] [Times: user=0,10 sys=0,00, real=0,01 secs] 
2015-08-27T19:45:46.614+0200: 15534,791: [GC2015-08-27T19:45:46.614+0200: 15534,791: [ParNew: 287898K->9718K(314560K), 0,0130560 secs] 469645K->192499K(1013632K), 0,0131650 secs] [Times: user=0,11 sys=0,00, real=0,02 secs] 
2015-08-27T19:46:45.289+0200: 15593,466: [GC2015-08-27T19:46:45.289+0200: 15593,466: [ParNew: 289334K->9041K(314560K), 0,0117870 secs] 472115K->192748K(1013632K), 0,0118980 secs] [Times: user=0,10 sys=0,00, real=0,01 secs] 
2015-08-27T19:47:44.241+0200: 15652,417: [GC2015-08-27T19:47:44.241+0200: 15652,417: [ParNew: 288657K->8745K(314560K), 0,0158360 secs] 472364K->193396K(1013632K), 0,0159650 secs] [Times: user=0,09 sys=0,01, real=0,02 secs] 
2015-08-27T19:48:43.105+0200: 15711,281: [GC2015-08-27T19:48:43.105+0200: 15711,282: [ParNew: 288361K->9518K(314560K), 0,0123650 secs] 473012K->195105K(1013632K), 0,0124940 secs] [Times: user=0,10 sys=0,00, real=0,01 secs] 
2015-08-27T19:49:41.865+0200: 15770,041: [GC2015-08-27T19:49:41.865+0200: 15770,041: [ParNew: 289134K->8917K(314560K), 0,0121200 secs] 474721K->195440K(1013632K), 0,0122270 secs] [Times: user=0,09 sys=0,00, real=0,01 secs] 
2015-08-27T19:50:40.933+0200: 15829,110: [GC2015-08-27T19:50:40.933+0200: 15829,110: [ParNew: 288533K->9056K(314560K), 0,0112570 secs] 475056K->196542K(1013632K), 0,0113690 secs] [Times: user=0,08 sys=0,00, real=0,02 secs] 
2015-08-27T19:51:39.508+0200: 15887,685: [GC2015-08-27T19:51:39.508+0200: 15887,685: [ParNew: 288672K->10685K(314560K), 0,0139730 secs] 476158K->199123K(1013632K), 0,0140940 secs] [Times: user=0,09 sys=0,00, real=0,01 secs] 
2015-08-27T19:52:38.556+0200: 15946,733: [GC2015-08-27T19:52:38.556+0200: 15946,733: [ParNew: 290301K->7703K(314560K), 0,0154830 secs] 478739K->197164K(1013632K), 0,0156190 secs] [Times: user=0,08 sys=0,00, real=0,01 secs] 
2015-08-27T19:53:37.605+0200: 16005,781: [GC2015-08-27T19:53:37.605+0200: 16005,781: [ParNew: 287319K->10543K(314560K), 0,0125450 secs] 476780K->201053K(1013632K), 0,0126640 secs] [Times: user=0,09 sys=0,00, real=0,01 secs] 
2015-08-27T19:54:36.684+0200: 16064,861: [GC2015-08-27T19:54:36.684+0200: 16064,861: [ParNew: 290159K->7476K(314560K), 0,0138000 secs] 480669K->198942K(1013632K), 0,0139300 secs] [Times: user=0,10 sys=0,00, real=0,02 secs] 
2015-08-27T19:55:35.701+0200: 16123,877: [GC2015-08-27T19:55:35.701+0200: 16123,877: [ParNew: 287092K->9804K(314560K), 0,0118150 secs] 478558K->202215K(1013632K), 0,0119300 secs] [Times: user=0,09 sys=0,00, real=0,01 secs] 
2015-08-27T19:56:34.811+0200: 16182,988: [GC2015-08-27T19:56:34.811+0200: 16182,988: [ParNew: 289420K->7847K(314560K), 0,0117840 secs] 481831K->201199K(1013632K), 0,0118980 secs] [Times: user=0,07 sys=0,00, real=0,01 secs] 
2015-08-27T19:57:33.801+0200: 16241,978: [GC2015-08-27T19:57:33.801+0200: 16241,978: [ParNew: 287463K->9283K(314560K), 0,0114370 secs] 480815K->203575K(1013632K), 0,0115530 secs] [Times: user=0,08 sys=0,00, real=0,01 secs] 
2015-08-27T19:58:32.847+0200: 16301,023: [GC2015-08-27T19:58:32.847+0200: 16301,023: [ParNew: 288899K->9483K(314560K), 0,0127800 secs] 483191K->204723K(1013632K), 0,0128790 secs] [Times: user=0,07 sys=0,00, real=0,01 secs] 
2015-08-27T19:59:31.816+0200: 16359,993: [GC2015-08-27T19:59:31.816+0200: 16359,993: [ParNew: 289099K->9827K(314560K), 0,0124260 secs] 484339K->206030K(1013632K), 0,0125230 secs] [Times: user=0,08 sys=0,01, real=0,01 secs] 
2015-08-27T20:00:30.856+0200: 16419,033: [GC2015-08-27T20:00:30.856+0200: 16419,033: [ParNew: 289443K->10011K(314560K), 0,0111940 secs] 485646K->207192K(1013632K), 0,0113190 secs] [Times: user=0,08 sys=0,01, real=0,02 secs] 
2015-08-27T20:01:29.960+0200: 16478,137: [GC2015-08-27T20:01:29.960+0200: 16478,137: [ParNew: 289627K->9353K(314560K), 0,0115040 secs] 486808K->207573K(1013632K), 0,0116080 secs] [Times: user=0,08 sys=0,00, real=0,01 secs] 
2015-08-27T20:02:29.097+0200: 16537,274: [GC2015-08-27T20:02:29.098+0200: 16537,274: [ParNew: 288969K->10162K(314560K), 0,0118540 secs] 487189K->209423K(1013632K), 0,0119740 secs] [Times: user=0,10 sys=0,00, real=0,01 secs] 
2015-08-27T20:03:27.847+0200: 16596,023: [GC2015-08-27T20:03:27.847+0200: 16596,023: [ParNew: 289778K->9403K(314560K), 0,0114890 secs] 489039K->209621K(1013632K), 0,0115930 secs] [Times: user=0,08 sys=0,00, real=0,01 secs] 
2015-08-27T20:04:26.763+0200: 16654,939: [GC2015-08-27T20:04:26.763+0200: 16654,939: [ParNew: 289019K->8927K(314560K), 0,0168850 secs] 489237K->210112K(1013632K), 0,0170170 secs] [Times: user=0,08 sys=0,01, real=0,02 secs] 
2015-08-27T20:05:25.832+0200: 16714,009: [GC2015-08-27T20:05:25.832+0200: 16714,009: [ParNew: 288543K->9636K(314560K), 0,0278650 secs] 489728K->211779K(1013632K), 0,0279860 secs] [Times: user=0,20 sys=0,00, real=0,03 secs] 
2015-08-27T20:06:24.709+0200: 16772,885: [GC2015-08-27T20:06:24.709+0200: 16772,885: [ParNew: 289252K->9735K(314560K), 0,0180140 secs] 491395K->212831K(1013632K), 0,0181380 secs] [Times: user=0,09 sys=0,01, real=0,02 secs] 
2015-08-27T20:07:23.470+0200: 16831,647: [GC2015-08-27T20:07:23.470+0200: 16831,647: [ParNew: 289351K->9867K(314560K), 0,0105550 secs] 492447K->213912K(1013632K), 0,0106690 secs] [Times: user=0,09 sys=0,00, real=0,01 secs] 
2015-08-27T20:08:22.263+0200: 16890,440: [GC2015-08-27T20:08:22.263+0200: 16890,440: [ParNew: 289483K->9996K(314560K), 0,0129590 secs] 493528K->215007K(1013632K), 0,0130970 secs] [Times: user=0,08 sys=0,00, real=0,01 secs] 
2015-08-27T20:09:21.092+0200: 16949,269: [GC2015-08-27T20:09:21.092+0200: 16949,269: [ParNew: 289612K->10885K(314560K), 0,0160880 secs] 494623K->216944K(1013632K), 0,0162170 secs] [Times: user=0,11 sys=0,00, real=0,02 secs] 
2015-08-27T20:10:20.143+0200: 17008,319: [GC2015-08-27T20:10:20.143+0200: 17008,319: [ParNew: 290501K->8266K(314560K), 0,0122010 secs] 496560K->215373K(1013632K), 0,0123150 secs] [Times: user=0,11 sys=0,00, real=0,01 secs] 
2015-08-27T20:11:19.144+0200: 17067,321: [GC2015-08-27T20:11:19.144+0200: 17067,321: [ParNew: 287882K->9158K(314560K), 0,0109370 secs] 494989K->217224K(1013632K), 0,0110640 secs] [Times: user=0,08 sys=0,00, real=0,00 secs] 
2015-08-27T20:12:18.105+0200: 17126,281: [GC2015-08-27T20:12:18.105+0200: 17126,281: [ParNew: 288774K->9287K(314560K), 0,0116050 secs] 496840K->218310K(1013632K), 0,0117160 secs] [Times: user=0,09 sys=0,00, real=0,01 secs] 
2015-08-27T20:13:16.831+0200: 17185,008: [GC2015-08-27T20:13:16.831+0200: 17185,008: [ParNew: 288903K->10147K(314560K), 0,0117440 secs] 497926K->220112K(1013632K), 0,0118510 secs] [Times: user=0,09 sys=0,00, real=0,01 secs] 
2015-08-27T20:14:15.903+0200: 17244,080: [GC2015-08-27T20:14:15.903+0200: 17244,080: [ParNew: 289763K->7337K(314560K), 0,0124180 secs] 499728K->218248K(1013632K), 0,0125240 secs] [Times: user=0,10 sys=0,00, real=0,01 secs] 
2015-08-27T20:15:14.972+0200: 17303,149: [GC2015-08-27T20:15:14.972+0200: 17303,149: [ParNew: 286953K->8810K(314560K), 0,0129200 secs] 497864K->220663K(1013632K), 0,0130360 secs] [Times: user=0,10 sys=0,00, real=0,02 secs] 
2015-08-27T20:16:14.145+0200: 17362,321: [GC2015-08-27T20:16:14.145+0200: 17362,321: [ParNew: 288426K->10376K(314560K), 0,0116380 secs] 500279K->223178K(1013632K), 0,0117540 secs] [Times: user=0,08 sys=0,00, real=0,01 secs] 
2015-08-27T20:17:13.105+0200: 17421,281: [GC2015-08-27T20:17:13.105+0200: 17421,281: [ParNew: 289992K->8574K(314560K), 0,0133400 secs] 502794K->222375K(1013632K), 0,0134630 secs] [Times: user=0,07 sys=0,01, real=0,01 secs] 
2015-08-27T20:18:12.171+0200: 17480,348: [GC2015-08-27T20:18:12.171+0200: 17480,348: [ParNew: 288190K->9157K(314560K), 0,0120810 secs] 501991K->224004K(1013632K), 0,0121850 secs] [Times: user=0,08 sys=0,00, real=0,01 secs] 
2015-08-27T20:19:11.317+0200: 17539,493: [GC2015-08-27T20:19:11.317+0200: 17539,493: [ParNew: 288773K->8373K(314560K), 0,0146920 secs] 503620K->224255K(1013632K), 0,0148060 secs] [Times: user=0,07 sys=0,00, real=0,01 secs] 
2015-08-27T20:20:10.354+0200: 17598,530: [GC2015-08-27T20:20:10.354+0200: 17598,530: [ParNew: 287989K->7768K(314560K), 0,0119240 secs] 503871K->224600K(1013632K), 0,0120380 secs] [Times: user=0,11 sys=0,00, real=0,02 secs] 
2015-08-27T20:21:09.319+0200: 17657,495: [GC2015-08-27T20:21:09.319+0200: 17657,495: [ParNew: 287384K->9632K(314560K), 0,0119620 secs] 504216K->227414K(1013632K), 0,0120750 secs] [Times: user=0,08 sys=0,00, real=0,01 secs] 
2015-08-27T20:22:08.105+0200: 17716,281: [GC2015-08-27T20:22:08.105+0200: 17716,281: [ParNew: 289248K->8896K(314560K), 0,0106960 secs] 507030K->227650K(1013632K), 0,0107950 secs] [Times: user=0,08 sys=0,00, real=0,00 secs] 
2015-08-27T20:23:06.883+0200: 17775,059: [GC2015-08-27T20:23:06.883+0200: 17775,059: [ParNew: 288512K->9735K(314560K), 0,0139560 secs] 507266K->229434K(1013632K), 0,0140670 secs] [Times: user=0,08 sys=0,00, real=0,02 secs] 
2015-08-27T20:24:05.490+0200: 17833,666: [GC2015-08-27T20:24:05.490+0200: 17833,666: [ParNew: 289351K->9867K(314560K), 0,0117350 secs] 509050K->230522K(1013632K), 0,0118550 secs] [Times: user=0,08 sys=0,00, real=0,01 secs] 
2015-08-27T20:25:04.456+0200: 17892,632: [GC2015-08-27T20:25:04.456+0200: 17892,632: [ParNew: 289483K->8456K(314560K), 0,0114720 secs] 510138K->230071K(1013632K), 0,0115880 secs] [Times: user=0,09 sys=0,00, real=0,02 secs] 
2015-08-27T20:26:03.028+0200: 17951,205: [GC2015-08-27T20:26:03.028+0200: 17951,205: [ParNew: 288072K->11686K(314560K), 0,0113660 secs] 509687K->234347K(1013632K), 0,0114730 secs] [Times: user=0,07 sys=0,00, real=0,01 secs] 
2015-08-27T20:27:01.372+0200: 18009,548: [GC2015-08-27T20:27:01.372+0200: 18009,548: [ParNew: 291302K->9275K(314560K), 0,0132780 secs] 513963K->232986K(1013632K), 0,0133880 secs] [Times: user=0,09 sys=0,00, real=0,02 secs] 
2015-08-27T20:28:00.379+0200: 18068,555: [GC2015-08-27T20:28:00.379+0200: 18068,555: [ParNew: 288891K->7994K(314560K), 0,0119660 secs] 512602K->232672K(1013632K), 0,0120930 secs] [Times: user=0,10 sys=0,00, real=0,01 secs] 
2015-08-27T20:28:59.163+0200: 18127,339: [GC2015-08-27T20:28:59.163+0200: 18127,339: [ParNew: 287610K->7067K(314560K), 0,0118610 secs] 512288K->232693K(1013632K), 0,0120000 secs] [Times: user=0,10 sys=0,00, real=0,01 secs] 
2015-08-27T20:29:58.105+0200: 18186,281: [GC2015-08-27T20:29:58.105+0200: 18186,281: [ParNew: 286683K->8920K(314560K), 0,0130870 secs] 512309K->235493K(1013632K), 0,0131890 secs] [Times: user=0,09 sys=0,00, real=0,01 secs] 
2015-08-27T20:30:56.393+0200: 18244,570: [GC2015-08-27T20:30:56.393+0200: 18244,570: [ParNew: 288536K->7303K(314560K), 0,0115740 secs] 515109K->234836K(1013632K), 0,0116970 secs] [Times: user=0,07 sys=0,00, real=0,02 secs] 
2015-08-27T20:31:55.293+0200: 18303,470: [GC2015-08-27T20:31:55.293+0200: 18303,470: [ParNew: 286919K->5352K(314560K), 0,0103670 secs] 514452K->233839K(1013632K), 0,0104860 secs] [Times: user=0,08 sys=0,00, real=0,01 secs] 
2015-08-27T20:32:54.017+0200: 18362,193: [GC2015-08-27T20:32:54.017+0200: 18362,193: [ParNew: 284968K->5156K(314560K), 0,0069460 secs] 513455K->234965K(1013632K), 0,0070200 secs] [Times: user=0,04 sys=0,00, real=0,00 secs] 
2015-08-27T20:33:53.105+0200: 18421,282: [GC2015-08-27T20:33:53.105+0200: 18421,282: [ParNew: 284772K->4339K(314560K), 0,0078170 secs] 514581K->234689K(1013632K), 0,0079260 secs] [Times: user=0,06 sys=0,00, real=0,00 secs] 
2015-08-27T20:34:52.227+0200: 18480,404: [GC2015-08-27T20:34:52.227+0200: 18480,404: [ParNew: 283955K->3870K(314560K), 0,0074350 secs] 514305K->234810K(1013632K), 0,0075450 secs] [Times: user=0,06 sys=0,00, real=0,00 secs] 
2015-08-27T20:35:51.155+0200: 18539,331: [GC2015-08-27T20:35:51.155+0200: 18539,331: [ParNew: 283486K->3727K(314560K), 0,0076160 secs] 514426K->235291K(1013632K), 0,0077290 secs] [Times: user=0,06 sys=0,00, real=0,01 secs] 
2015-08-27T20:36:50.144+0200: 18598,320: [GC2015-08-27T20:36:50.144+0200: 18598,320: [ParNew: 283343K->4382K(314560K), 0,0067440 secs] 514907K->236272K(1013632K), 0,0068580 secs] [Times: user=0,07 sys=0,00, real=0,01 secs] 
2015-08-27T20:37:48.798+0200: 18656,974: [GC2015-08-27T20:37:48.798+0200: 18656,974: [ParNew: 283998K->5858K(314560K), 0,0069350 secs] 515888K->237861K(1013632K), 0,0070580 secs] [Times: user=0,05 sys=0,00, real=0,01 secs] 
2015-08-27T20:38:47.906+0200: 18716,083: [GC2015-08-27T20:38:47.906+0200: 18716,083: [ParNew: 285474K->7178K(314560K), 0,0096890 secs] 517477K->239380K(1013632K), 0,0098070 secs] [Times: user=0,07 sys=0,00, real=0,00 secs] 
2015-08-27T20:39:46.922+0200: 18775,099: [GC2015-08-27T20:39:46.922+0200: 18775,099: [ParNew: 286794K->8746K(314560K), 0,0085230 secs] 518996K->241374K(1013632K), 0,0086570 secs] [Times: user=0,07 sys=0,00, real=0,01 secs] 
2015-08-27T20:40:45.655+0200: 18833,831: [GC2015-08-27T20:40:45.655+0200: 18833,831: [ParNew: 288362K->6873K(314560K), 0,0103930 secs] 520990K->240056K(1013632K), 0,0105130 secs] [Times: user=0,09 sys=0,00, real=0,02 secs] 
2015-08-27T20:41:44.880+0200: 18893,057: [GC2015-08-27T20:41:44.880+0200: 18893,057: [ParNew: 286489K->9446K(314560K), 0,0108150 secs] 519672K->243270K(1013632K), 0,0109160 secs] [Times: user=0,07 sys=0,00, real=0,01 secs] 
2015-08-27T20:42:43.745+0200: 18951,921: [GC2015-08-27T20:42:43.745+0200: 18951,921: [ParNew: 289062K->9439K(314560K), 0,0107320 secs] 522886K->244216K(1013632K), 0,0108710 secs] [Times: user=0,08 sys=0,00, real=0,00 secs] 
2015-08-27T20:43:42.918+0200: 19011,095: [GC2015-08-27T20:43:42.918+0200: 19011,095: [ParNew: 289055K->9090K(314560K), 0,0116180 secs] 523832K->244871K(1013632K), 0,0117300 secs] [Times: user=0,10 sys=0,00, real=0,01 secs] 
2015-08-27T20:44:41.833+0200: 19070,010: [GC2015-08-27T20:44:41.833+0200: 19070,010: [ParNew: 288706K->6920K(314560K), 0,0109930 secs] 524487K->243643K(1013632K), 0,0111170 secs] [Times: user=0,08 sys=0,00, real=0,01 secs] 
2015-08-27T20:45:40.752+0200: 19128,928: [GC2015-08-27T20:45:40.752+0200: 19128,928: [ParNew: 286536K->10158K(314560K), 0,0127370 secs] 523259K->247820K(1013632K), 0,0128470 secs] [Times: user=0,09 sys=0,00, real=0,02 secs] 
2015-08-27T20:46:39.821+0200: 19187,997: [GC2015-08-27T20:46:39.821+0200: 19187,997: [ParNew: 289774K->7238K(314560K), 0,0112690 secs] 527436K->245839K(1013632K), 0,0113990 secs] [Times: user=0,08 sys=0,00, real=0,01 secs] 
2015-08-27T20:47:38.954+0200: 19247,131: [GC2015-08-27T20:47:38.954+0200: 19247,131: [ParNew: 286854K->9971K(314560K), 0,0110720 secs] 525455K->249498K(1013632K), 0,0111900 secs] [Times: user=0,10 sys=0,00, real=0,02 secs] 
2015-08-27T20:48:37.844+0200: 19306,021: [GC2015-08-27T20:48:37.844+0200: 19306,021: [ParNew: 289587K->10217K(314560K), 0,0161300 secs] 529114K->250692K(1013632K), 0,0162480 secs] [Times: user=0,10 sys=0,00, real=0,01 secs] 
2015-08-27T20:49:36.993+0200: 19365,170: [GC2015-08-27T20:49:36.993+0200: 19365,170: [ParNew: 289833K->7959K(314560K), 0,0122430 secs] 530308K->249387K(1013632K), 0,0123590 secs] [Times: user=0,10 sys=0,00, real=0,02 secs] 
2015-08-27T20:50:36.061+0200: 19424,237: [GC2015-08-27T20:50:36.061+0200: 19424,237: [ParNew: 287575K->9741K(314560K), 0,0112640 secs] 529003K->252142K(1013632K), 0,0113780 secs] [Times: user=0,08 sys=0,01, real=0,01 secs] 
2015-08-27T20:51:35.128+0200: 19483,304: [GC2015-08-27T20:51:35.128+0200: 19483,304: [ParNew: 289357K->10633K(314560K), 0,0132400 secs] 531758K->254066K(1013632K), 0,0133510 secs] [Times: user=0,12 sys=0,00, real=0,01 secs] 
2015-08-27T20:52:34.178+0200: 19542,354: [GC2015-08-27T20:52:34.178+0200: 19542,354: [ParNew: 290249K->7256K(314560K), 0,0115650 secs] 533682K->251646K(1013632K), 0,0116830 secs] [Times: user=0,07 sys=0,00, real=0,01 secs] 
2015-08-27T20:53:33.105+0200: 19601,281: [GC2015-08-27T20:53:33.105+0200: 19601,281: [ParNew: 286872K->9901K(314560K), 0,0118350 secs] 531262K->255259K(1013632K), 0,0119440 secs] [Times: user=0,09 sys=0,00, real=0,01 secs] 
2015-08-27T20:54:31.798+0200: 19659,975: [GC2015-08-27T20:54:31.798+0200: 19659,975: [ParNew: 289517K->7882K(314560K), 0,0143810 secs] 534875K->254187K(1013632K), 0,0144930 secs] [Times: user=0,08 sys=0,01, real=0,01 secs] 
2015-08-27T20:55:30.868+0200: 19719,044: [GC2015-08-27T20:55:30.868+0200: 19719,044: [ParNew: 287498K->9294K(314560K), 0,0087040 secs] 533803K->256549K(1013632K), 0,0088080 secs] [Times: user=0,07 sys=0,00, real=0,01 secs] 
2015-08-27T20:56:29.931+0200: 19778,107: [GC2015-08-27T20:56:29.931+0200: 19778,107: [ParNew: 288910K->8751K(314560K), 0,0168820 secs] 536165K->256962K(1013632K), 0,0169900 secs] [Times: user=0,08 sys=0,01, real=0,02 secs] 
2015-08-27T20:57:28.953+0200: 19837,129: [GC2015-08-27T20:57:28.953+0200: 19837,130: [ParNew: 288367K->9806K(314560K), 0,0123890 secs] 536578K->258982K(1013632K), 0,0125120 secs] [Times: user=0,09 sys=0,00, real=0,02 secs] 
2015-08-27T20:58:27.847+0200: 19896,023: [GC2015-08-27T20:58:27.847+0200: 19896,023: [ParNew: 289422K->9215K(314560K), 0,0148390 secs] 538598K->259348K(1013632K), 0,0149510 secs] [Times: user=0,11 sys=0,00, real=0,01 secs] 
2015-08-27T20:59:26.477+0200: 19954,654: [GC2015-08-27T20:59:26.477+0200: 19954,654: [ParNew: 288831K->10892K(314560K), 0,0133000 secs] 538964K->262064K(1013632K), 0,0134220 secs] [Times: user=0,08 sys=0,00, real=0,01 secs] 
2015-08-27T21:00:25.367+0200: 20013,544: [GC2015-08-27T21:00:25.367+0200: 20013,544: [ParNew: 290508K->7320K(314560K), 0,0118480 secs] 541680K->259536K(1013632K), 0,0119600 secs] [Times: user=0,09 sys=0,00, real=0,01 secs] 
2015-08-27T21:01:24.391+0200: 20072,568: [GC2015-08-27T21:01:24.391+0200: 20072,568: [ParNew: 286936K->8503K(314560K), 0,0113370 secs] 539152K->261677K(1013632K), 0,0114520 secs] [Times: user=0,09 sys=0,00, real=0,01 secs] 
2015-08-27T21:02:22.847+0200: 20131,023: [GC2015-08-27T21:02:22.847+0200: 20131,023: [ParNew: 288119K->9340K(314560K), 0,0114260 secs] 541293K->263479K(1013632K), 0,0115370 secs] [Times: user=0,10 sys=0,00, real=0,01 secs] 
2015-08-27T21:03:21.723+0200: 20189,900: [GC2015-08-27T21:03:21.723+0200: 20189,900: [ParNew: 288956K->9457K(314560K), 0,0118350 secs] 543095K->264555K(1013632K), 0,0119560 secs] [Times: user=0,10 sys=0,00, real=0,01 secs] 
2015-08-27T21:04:20.377+0200: 20248,553: [GC2015-08-27T21:04:20.377+0200: 20248,554: [ParNew: 289073K->9587K(314560K), 0,0119360 secs] 544171K->265628K(1013632K), 0,0120400 secs] [Times: user=0,08 sys=0,00, real=0,01 secs] 
2015-08-27T21:05:18.942+0200: 20307,119: [GC2015-08-27T21:05:18.943+0200: 20307,119: [ParNew: 289203K->9755K(314560K), 0,0119500 secs] 545244K->266757K(1013632K), 0,0120630 secs] [Times: user=0,09 sys=0,00, real=0,01 secs] 
2015-08-27T21:06:17.512+0200: 20365,688: [GC2015-08-27T21:06:17.512+0200: 20365,688: [ParNew: 289371K->9905K(314560K), 0,0131860 secs] 546373K->267855K(1013632K), 0,0133020 secs] [Times: user=0,10 sys=0,00, real=0,02 secs] 
2015-08-27T21:07:16.081+0200: 20424,258: [GC2015-08-27T21:07:16.081+0200: 20424,258: [ParNew: 289521K->9264K(314560K), 0,0106120 secs] 547471K->268208K(1013632K), 0,0107080 secs] [Times: user=0,07 sys=0,00, real=0,01 secs] 
2015-08-27T21:08:14.863+0200: 20483,040: [GC2015-08-27T21:08:14.863+0200: 20483,040: [ParNew: 288880K->9341K(314560K), 0,0143720 secs] 547824K->269322K(1013632K), 0,0144830 secs] [Times: user=0,10 sys=0,00, real=0,02 secs] 
2015-08-27T21:09:13.698+0200: 20541,874: [GC2015-08-27T21:09:13.698+0200: 20541,874: [ParNew: 288957K->9377K(314560K), 0,0124780 secs] 548938K->270404K(1013632K), 0,0125880 secs] [Times: user=0,09 sys=0,00, real=0,01 secs] 
2015-08-27T21:10:12.764+0200: 20600,940: [GC2015-08-27T21:10:12.764+0200: 20600,940: [ParNew: 288993K->8613K(314560K), 0,0110810 secs] 550020K->270609K(1013632K), 0,0111910 secs] [Times: user=0,09 sys=0,00, real=0,01 secs] 
2015-08-27T21:11:11.579+0200: 20659,756: [GC2015-08-27T21:11:11.580+0200: 20659,756: [ParNew: 288229K->9640K(314560K), 0,0114740 secs] 550225K->272600K(1013632K), 0,0115810 secs] [Times: user=0,10 sys=0,00, real=0,01 secs] 
2015-08-27T21:12:09.791+0200: 20717,967: [GC2015-08-27T21:12:09.791+0200: 20717,967: [ParNew: 289256K->9607K(314560K), 0,0138780 secs] 552216K->273506K(1013632K), 0,0139950 secs] [Times: user=0,08 sys=0,00, real=0,02 secs] 
2015-08-27T21:13:09.012+0200: 20777,189: [GC2015-08-27T21:13:09.012+0200: 20777,189: [ParNew: 289223K->9711K(314560K), 0,0131610 secs] 553122K->274557K(1013632K), 0,0132650 secs] [Times: user=0,10 sys=0,00, real=0,02 secs] 
2015-08-27T21:14:08.355+0200: 20836,532: [GC2015-08-27T21:14:08.355+0200: 20836,532: [ParNew: 289327K->8339K(314560K), 0,0134570 secs] 554173K->274149K(1013632K), 0,0135790 secs] [Times: user=0,10 sys=0,00, real=0,02 secs] 
2015-08-27T21:15:07.181+0200: 20895,358: [GC2015-08-27T21:15:07.181+0200: 20895,358: [ParNew: 287955K->8445K(314560K), 0,0130800 secs] 553765K->275220K(1013632K), 0,0131900 secs] [Times: user=0,09 sys=0,00, real=0,01 secs] 
2015-08-27T21:16:06.434+0200: 20954,611: [GC2015-08-27T21:16:06.435+0200: 20954,611: [ParNew: 288061K->9332K(314560K), 0,0148340 secs] 554836K->277145K(1013632K), 0,0149760 secs] [Times: user=0,13 sys=0,00, real=0,02 secs] 
2015-08-27T21:17:05.278+0200: 21013,454: [GC2015-08-27T21:17:05.278+0200: 21013,454: [ParNew: 288948K->8595K(314560K), 0,0116350 secs] 556761K->277460K(1013632K), 0,0117460 secs] [Times: user=0,10 sys=0,00, real=0,01 secs] 
2015-08-27T21:18:04.216+0200: 21072,392: [GC2015-08-27T21:18:04.216+0200: 21072,392: [ParNew: 288211K->7016K(314560K), 0,0151050 secs] 557076K->276826K(1013632K), 0,0152120 secs] [Times: user=0,12 sys=0,00, real=0,02 secs] 
2015-08-27T21:19:02.783+0200: 21130,959: [GC2015-08-27T21:19:02.783+0200: 21130,959: [ParNew: 286632K->9564K(314560K), 0,0164560 secs] 556442K->280332K(1013632K), 0,0165690 secs] [Times: user=0,09 sys=0,00, real=0,02 secs] 
2015-08-27T21:20:01.348+0200: 21189,525: [GC2015-08-27T21:20:01.348+0200: 21189,525: [ParNew: 289180K->8794K(314560K), 0,0117400 secs] 559948K->280514K(1013632K), 0,0118590 secs] [Times: user=0,09 sys=0,00, real=0,01 secs] 
2015-08-27T21:21:00.415+0200: 21248,591: [GC2015-08-27T21:21:00.415+0200: 21248,592: [ParNew: 288410K->10368K(314560K), 0,0116470 secs] 560130K->283049K(1013632K), 0,0117690 secs] [Times: user=0,10 sys=0,00, real=0,02 secs] 
2015-08-27T21:21:59.483+0200: 21307,659: [GC2015-08-27T21:21:59.483+0200: 21307,659: [ParNew: 289984K->7947K(314560K), 0,0118670 secs] 562665K->281589K(1013632K), 0,0119800 secs] [Times: user=0,09 sys=0,00, real=0,01 secs] 
2015-08-27T21:22:58.105+0200: 21366,281: [GC2015-08-27T21:22:58.105+0200: 21366,281: [ParNew: 287563K->10333K(314560K), 0,0112910 secs] 561205K->284907K(1013632K), 0,0114000 secs] [Times: user=0,08 sys=0,00, real=0,00 secs] 
2015-08-27T21:23:56.599+0200: 21424,776: [GC2015-08-27T21:23:56.599+0200: 21424,776: [ParNew: 289949K->9807K(314560K), 0,0114320 secs] 564523K->285380K(1013632K), 0,0115440 secs] [Times: user=0,10 sys=0,00, real=0,01 secs] 
2015-08-27T21:24:55.166+0200: 21483,343: [GC2015-08-27T21:24:55.166+0200: 21483,343: [ParNew: 289423K->9287K(314560K), 0,0121910 secs] 564996K->285907K(1013632K), 0,0123000 secs] [Times: user=0,10 sys=0,00, real=0,01 secs] 
2015-08-27T21:25:53.653+0200: 21541,830: [GC2015-08-27T21:25:53.653+0200: 21541,830: [ParNew: 288903K->8563K(314560K), 0,0113550 secs] 565523K->286229K(1013632K), 0,0114620 secs] [Times: user=0,08 sys=0,01, real=0,02 secs] 
2015-08-27T21:26:52.281+0200: 21600,458: [GC2015-08-27T21:26:52.281+0200: 21600,458: [ParNew: 288179K->8566K(314560K), 0,0127820 secs] 565845K->287184K(1013632K), 0,0129090 secs] [Times: user=0,08 sys=0,00, real=0,01 secs] 
2015-08-27T21:27:50.383+0200: 21658,560: [GC2015-08-27T21:27:50.383+0200: 21658,560: [ParNew: 288182K->9571K(314560K), 0,0123750 secs] 566800K->289144K(1013632K), 0,0124960 secs] [Times: user=0,09 sys=0,00, real=0,01 secs] 
2015-08-27T21:28:49.602+0200: 21717,778: [GC2015-08-27T21:28:49.602+0200: 21717,778: [ParNew: 289187K->7844K(314560K), 0,0126690 secs] 568760K->288372K(1013632K), 0,0127940 secs] [Times: user=0,09 sys=0,00, real=0,01 secs] 
2015-08-27T21:29:48.105+0200: 21776,282: [GC2015-08-27T21:29:48.105+0200: 21776,282: [ParNew: 287448K->10601K(314560K), 0,0119120 secs] 567976K->292073K(1013632K), 0,0120230 secs] [Times: user=0,07 sys=0,01, real=0,01 secs] 
2015-08-27T21:30:47.007+0200: 21835,183: [GC2015-08-27T21:30:47.007+0200: 21835,183: [ParNew: 290217K->7572K(314560K), 0,0109400 secs] 571689K->289999K(1013632K), 0,0110500 secs] [Times: user=0,10 sys=0,00, real=0,01 secs] 
2015-08-27T21:31:45.913+0200: 21894,090: [GC2015-08-27T21:31:45.913+0200: 21894,090: [ParNew: 287188K->5700K(314560K), 0,0099150 secs] 569615K->289077K(1013632K), 0,0100410 secs] [Times: user=0,08 sys=0,00, real=0,01 secs] 
2015-08-27T21:32:44.616+0200: 21952,792: [GC2015-08-27T21:32:44.616+0200: 21952,792: [ParNew: 285316K->5333K(314560K), 0,0100370 secs] 568693K->289723K(1013632K), 0,0101630 secs] [Times: user=0,09 sys=0,00, real=0,02 secs] 
2015-08-27T21:33:43.198+0200: 22011,375: [GC2015-08-27T21:33:43.198+0200: 22011,375: [ParNew: 284949K->4468K(314560K), 0,0106580 secs] 569339K->289838K(1013632K), 0,0107980 secs] [Times: user=0,08 sys=0,00, real=0,01 secs] 
2015-08-27T21:34:42.206+0200: 22070,383: [GC2015-08-27T21:34:42.206+0200: 22070,383: [ParNew: 284084K->3114K(314560K), 0,0066820 secs] 569454K->288980K(1013632K), 0,0067990 secs] [Times: user=0,05 sys=0,00, real=0,00 secs] 
2015-08-27T21:35:41.229+0200: 22129,405: [GC2015-08-27T21:35:41.229+0200: 22129,405: [ParNew: 282730K->3646K(314560K), 0,0076870 secs] 568596K->290117K(1013632K), 0,0077920 secs] [Times: user=0,05 sys=0,00, real=0,01 secs] 
2015-08-27T21:36:39.834+0200: 22188,011: [GC2015-08-27T21:36:39.834+0200: 22188,011: [ParNew: 283262K->3378K(314560K), 0,0068500 secs] 569733K->290217K(1013632K), 0,0069630 secs] [Times: user=0,06 sys=0,00, real=0,01 secs] 
2015-08-27T21:37:38.894+0200: 22247,071: [GC2015-08-27T21:37:38.894+0200: 22247,071: [ParNew: 282994K->4751K(314560K), 0,0066040 secs] 569833K->291668K(1013632K), 0,0067120 secs] [Times: user=0,04 sys=0,00, real=0,01 secs] 
2015-08-27T21:38:37.452+0200: 22305,629: [GC2015-08-27T21:38:37.452+0200: 22305,629: [ParNew: 284367K->6208K(314560K), 0,0081960 secs] 571284K->293243K(1013632K), 0,0083110 secs] [Times: user=0,05 sys=0,01, real=0,01 secs] 
2015-08-27T21:39:36.224+0200: 22364,401: [GC2015-08-27T21:39:36.224+0200: 22364,401: [ParNew: 285824K->7363K(314560K), 0,0095590 secs] 572859K->294612K(1013632K), 0,0096900 secs] [Times: user=0,06 sys=0,00, real=0,01 secs] 
2015-08-27T21:40:35.066+0200: 22423,243: [GC2015-08-27T21:40:35.066+0200: 22423,243: [ParNew: 286979K->8799K(314560K), 0,0100210 secs] 574228K->296579K(1013632K), 0,0101320 secs] [Times: user=0,07 sys=0,00, real=0,00 secs] 
2015-08-27T21:41:34.049+0200: 22482,225: [GC2015-08-27T21:41:34.049+0200: 22482,225: [ParNew: 288415K->9102K(314560K), 0,0069310 secs] 576195K->297628K(1013632K), 0,0070030 secs] [Times: user=0,04 sys=0,00, real=0,00 secs] 
2015-08-27T21:42:32.682+0200: 22540,859: [GC2015-08-27T21:42:32.682+0200: 22540,859: [ParNew: 288718K->9681K(314560K), 0,0127750 secs] 577244K->299163K(1013632K), 0,0128930 secs] [Times: user=0,08 sys=0,00, real=0,01 secs] 
2015-08-27T21:43:31.747+0200: 22599,924: [GC2015-08-27T21:43:31.748+0200: 22599,924: [ParNew: 289297K->6855K(314560K), 0,0181680 secs] 578779K->297274K(1013632K), 0,0182860 secs] [Times: user=0,15 sys=0,00, real=0,02 secs] 
2015-08-27T21:44:30.316+0200: 22658,492: [GC2015-08-27T21:44:30.316+0200: 22658,492: [ParNew: 286471K->9432K(314560K), 0,0135980 secs] 576890K->300774K(1013632K), 0,0137080 secs] [Times: user=0,12 sys=0,00, real=0,02 secs] 
2015-08-27T21:45:29.441+0200: 22717,618: [GC2015-08-27T21:45:29.442+0200: 22717,618: [ParNew: 289048K->7993K(314560K), 0,0116020 secs] 580390K->300261K(1013632K), 0,0117170 secs] [Times: user=0,10 sys=0,00, real=0,01 secs] 
2015-08-27T21:46:28.105+0200: 22776,281: [GC2015-08-27T21:46:28.105+0200: 22776,281: [ParNew: 287609K->9581K(314560K), 0,0116770 secs] 579877K->302790K(1013632K), 0,0118290 secs] [Times: user=0,08 sys=0,00, real=0,01 secs] 
2015-08-27T21:47:26.982+0200: 22835,158: [GC2015-08-27T21:47:26.982+0200: 22835,158: [ParNew: 289197K->8242K(314560K), 0,0139690 secs] 582406K->302395K(1013632K), 0,0141030 secs] [Times: user=0,10 sys=0,00, real=0,01 secs] 
2015-08-27T21:48:25.749+0200: 22893,925: [GC2015-08-27T21:48:25.749+0200: 22893,925: [ParNew: 287858K->9875K(314560K), 0,0176150 secs] 582011K->304959K(1013632K), 0,0177490 secs] [Times: user=0,14 sys=0,00, real=0,02 secs] 
2015-08-27T21:49:24.604+0200: 22952,781: [GC2015-08-27T21:49:24.604+0200: 22952,781: [ParNew: 289491K->8490K(314560K), 0,0141280 secs] 584575K->304598K(1013632K), 0,0142340 secs] [Times: user=0,10 sys=0,00, real=0,02 secs] 
2015-08-27T21:50:23.199+0200: 23011,375: [GC2015-08-27T21:50:23.199+0200: 23011,376: [ParNew: 288106K->9313K(314560K), 0,0109280 secs] 584214K->306458K(1013632K), 0,0110400 secs] [Times: user=0,08 sys=0,00, real=0,01 secs] 
2015-08-27T21:51:22.327+0200: 23070,503: [GC2015-08-27T21:51:22.327+0200: 23070,503: [ParNew: 288929K->8534K(314560K), 0,0123470 secs] 586074K->306630K(1013632K), 0,0124640 secs] [Times: user=0,09 sys=0,00, real=0,01 secs] 
2015-08-27T21:52:21.397+0200: 23129,574: [GC2015-08-27T21:52:21.397+0200: 23129,574: [ParNew: 288150K->8057K(314560K), 0,0127690 secs] 586246K->307114K(1013632K), 0,0128890 secs] [Times: user=0,09 sys=0,00, real=0,01 secs] 
2015-08-27T21:53:20.332+0200: 23188,509: [GC2015-08-27T21:53:20.332+0200: 23188,509: [ParNew: 287673K->8014K(314560K), 0,0110250 secs] 586730K->308011K(1013632K), 0,0111390 secs] [Times: user=0,10 sys=0,00, real=0,01 secs] 
2015-08-27T21:54:19.094+0200: 23247,271: [GC2015-08-27T21:54:19.094+0200: 23247,271: [ParNew: 287630K->8110K(314560K), 0,0111270 secs] 587627K->309054K(1013632K), 0,0112480 secs] [Times: user=0,10 sys=0,00, real=0,02 secs] 
2015-08-27T21:55:17.948+0200: 23306,124: [GC2015-08-27T21:55:17.948+0200: 23306,124: [ParNew: 287726K->10449K(314560K), 0,0120760 secs] 588670K->312342K(1013632K), 0,0121960 secs] [Times: user=0,08 sys=0,00, real=0,01 secs] 
2015-08-27T21:56:16.715+0200: 23364,891: [GC2015-08-27T21:56:16.715+0200: 23364,891: [ParNew: 290065K->8025K(314560K), 0,0142190 secs] 591958K->310854K(1013632K), 0,0143400 secs] [Times: user=0,12 sys=0,00, real=0,02 secs] 
2015-08-27T21:57:15.567+0200: 23423,744: [GC2015-08-27T21:57:15.567+0200: 23423,744: [ParNew: 287641K->9075K(314560K), 0,0136140 secs] 590470K->312905K(1013632K), 0,0137440 secs] [Times: user=0,08 sys=0,00, real=0,01 secs] 
2015-08-27T21:58:14.333+0200: 23482,509: [GC2015-08-27T21:58:14.333+0200: 23482,509: [ParNew: 288691K->10617K(314560K), 0,0110360 secs] 592521K->315487K(1013632K), 0,0111750 secs] [Times: user=0,08 sys=0,00, real=0,01 secs] 
2015-08-27T21:59:12.847+0200: 23541,023: [GC2015-08-27T21:59:12.847+0200: 23541,023: [ParNew: 290233K->8179K(314560K), 0,0117300 secs] 595103K->314096K(1013632K), 0,0118560 secs] [Times: user=0,09 sys=0,00, real=0,01 secs] 
2015-08-27T22:00:11.738+0200: 23599,914: [GC2015-08-27T22:00:11.738+0200: 23599,914: [ParNew: 287795K->8423K(314560K), 0,0120040 secs] 593712K->315277K(1013632K), 0,0121150 secs] [Times: user=0,09 sys=0,00, real=0,01 secs] 
2015-08-27T22:01:10.898+0200: 23659,075: [GC2015-08-27T22:01:10.898+0200: 23659,075: [ParNew: 288039K->8629K(314560K), 0,0121880 secs] 594893K->316441K(1013632K), 0,0123040 secs] [Times: user=0,08 sys=0,00, real=0,01 secs] 
2015-08-27T22:02:09.858+0200: 23718,035: [GC2015-08-27T22:02:09.858+0200: 23718,035: [ParNew: 288245K->9492K(314560K), 0,0102030 secs] 596057K->318251K(1013632K), 0,0102980 secs] [Times: user=0,06 sys=0,00, real=0,01 secs] 
2015-08-27T22:03:08.421+0200: 23776,598: [GC2015-08-27T22:03:08.421+0200: 23776,598: [ParNew: 289108K->9650K(314560K), 0,0130690 secs] 597867K->319362K(1013632K), 0,0131790 secs] [Times: user=0,09 sys=0,00, real=0,01 secs] 
2015-08-27T22:04:07.242+0200: 23835,418: [GC2015-08-27T22:04:07.242+0200: 23835,418: [ParNew: 289266K->9782K(314560K), 0,0126050 secs] 598978K->320437K(1013632K), 0,0127130 secs] [Times: user=0,10 sys=0,00, real=0,01 secs] 
2015-08-27T22:05:06.038+0200: 23894,214: [GC2015-08-27T22:05:06.038+0200: 23894,214: [ParNew: 289398K->9907K(314560K), 0,0152590 secs] 600053K->321506K(1013632K), 0,0153640 secs] [Times: user=0,09 sys=0,00, real=0,01 secs] 
2015-08-27T22:06:05.283+0200: 23953,459: [GC2015-08-27T22:06:05.283+0200: 23953,459: [ParNew: 289523K->10821K(314560K), 0,0092900 secs] 601122K->323465K(1013632K), 0,0093660 secs] [Times: user=0,05 sys=0,00, real=0,01 secs] 
2015-08-27T22:07:04.434+0200: 24012,610: [GC2015-08-27T22:07:04.434+0200: 24012,610: [ParNew: 290437K->7752K(314560K), 0,0122620 secs] 603081K->321432K(1013632K), 0,0123820 secs] [Times: user=0,11 sys=0,00, real=0,02 secs] 
2015-08-27T22:08:03.105+0200: 24071,281: [GC2015-08-27T22:08:03.105+0200: 24071,281: [ParNew: 287368K->9154K(314560K), 0,0124750 secs] 601048K->323798K(1013632K), 0,0125830 secs] [Times: user=0,09 sys=0,00, real=0,01 secs] 
2015-08-27T22:09:01.767+0200: 24129,944: [GC2015-08-27T22:09:01.767+0200: 24129,944: [ParNew: 288770K->8561K(314560K), 0,0123040 secs] 603414K->324148K(1013632K), 0,0124190 secs] [Times: user=0,10 sys=0,00, real=0,01 secs] 
2015-08-27T22:10:00.834+0200: 24189,010: [GC2015-08-27T22:10:00.834+0200: 24189,011: [ParNew: 288177K->10157K(314560K), 0,0112230 secs] 603764K->326678K(1013632K), 0,0113410 secs] [Times: user=0,10 sys=0,00, real=0,02 secs] 
2015-08-27T22:10:59.557+0200: 24247,734: [GC2015-08-27T22:10:59.557+0200: 24247,734: [ParNew: 289773K->7830K(314560K), 0,0131490 secs] 606294K->325299K(1013632K), 0,0132580 secs] [Times: user=0,09 sys=0,00, real=0,01 secs] 
2015-08-27T22:11:58.199+0200: 24306,376: [GC2015-08-27T22:11:58.199+0200: 24306,376: [ParNew: 287446K->9527K(314560K), 0,0128980 secs] 604915K->327954K(1013632K), 0,0130070 secs] [Times: user=0,10 sys=0,00, real=0,01 secs] 
2015-08-27T22:12:57.007+0200: 24365,184: [GC2015-08-27T22:12:57.007+0200: 24365,184: [ParNew: 289143K->9649K(314560K), 0,0114460 secs] 607570K->329027K(1013632K), 0,0115560 secs] [Times: user=0,09 sys=0,00, real=0,01 secs] 
2015-08-27T22:13:55.690+0200: 24423,867: [GC2015-08-27T22:13:55.690+0200: 24423,867: [ParNew: 289265K->11500K(314560K), 0,0117120 secs] 608643K->331869K(1013632K), 0,0118250 secs] [Times: user=0,09 sys=0,00, real=0,01 secs] 
2015-08-27T22:14:54.709+0200: 24482,885: [GC2015-08-27T22:14:54.709+0200: 24482,885: [ParNew: 291116K->7742K(314560K), 0,0106520 secs] 611485K->329161K(1013632K), 0,0107560 secs] [Times: user=0,08 sys=0,00, real=0,01 secs] 
2015-08-27T22:15:53.199+0200: 24541,376: [GC2015-08-27T22:15:53.199+0200: 24541,376: [ParNew: 287358K->9181K(314560K), 0,0134620 secs] 608777K->331658K(1013632K), 0,0135680 secs] [Times: user=0,10 sys=0,00, real=0,01 secs] 
2015-08-27T22:16:51.826+0200: 24600,002: [GC2015-08-27T22:16:51.826+0200: 24600,002: [ParNew: 288797K->9128K(314560K), 0,0117360 secs] 611274K->332542K(1013632K), 0,0118460 secs] [Times: user=0,09 sys=0,00, real=0,01 secs] 
2015-08-27T22:17:50.783+0200: 24658,959: [GC2015-08-27T22:17:50.783+0200: 24658,959: [ParNew: 288744K->8087K(314560K), 0,0165900 secs] 612158K->332446K(1013632K), 0,0167130 secs] [Times: user=0,10 sys=0,00, real=0,02 secs] 
2015-08-27T22:18:49.651+0200: 24717,828: [GC2015-08-27T22:18:49.651+0200: 24717,828: [ParNew: 287703K->8855K(314560K), 0,0116330 secs] 612062K->334176K(1013632K), 0,0117490 secs] [Times: user=0,09 sys=0,00, real=0,01 secs] 
2015-08-27T22:19:48.800+0200: 24776,977: [GC2015-08-27T22:19:48.800+0200: 24776,977: [ParNew: 288471K->8951K(314560K), 0,0123370 secs] 613792K->335212K(1013632K), 0,0124520 secs] [Times: user=0,09 sys=0,00, real=0,01 secs] 
2015-08-27T22:20:47.457+0200: 24835,633: [GC2015-08-27T22:20:47.457+0200: 24835,633: [ParNew: 288567K->9105K(314560K), 0,0111940 secs] 614828K->336333K(1013632K), 0,0113060 secs] [Times: user=0,08 sys=0,00, real=0,01 secs] 
2015-08-27T22:21:46.648+0200: 24894,824: [GC2015-08-27T22:21:46.648+0200: 24894,825: [ParNew: 288721K->9246K(314560K), 0,0139770 secs] 615949K->337433K(1013632K), 0,0140780 secs] [Times: user=0,11 sys=0,00, real=0,01 secs] 
2015-08-27T22:22:45.774+0200: 24953,951: [GC2015-08-27T22:22:45.774+0200: 24953,951: [ParNew: 288862K->9375K(314560K), 0,0120920 secs] 617049K->338597K(1013632K), 0,0122010 secs] [Times: user=0,09 sys=0,00, real=0,02 secs] 
2015-08-27T22:23:44.875+0200: 25013,051: [GC2015-08-27T22:23:44.875+0200: 25013,051: [ParNew: 288991K->9414K(314560K), 0,0115450 secs] 618213K->339682K(1013632K), 0,0116730 secs] [Times: user=0,08 sys=0,00, real=0,02 secs] 
2015-08-27T22:24:44.099+0200: 25072,275: [GC2015-08-27T22:24:44.099+0200: 25072,275: [ParNew: 289030K->9439K(314560K), 0,0137340 secs] 619298K->340662K(1013632K), 0,0138470 secs] [Times: user=0,09 sys=0,00, real=0,01 secs] 
2015-08-27T22:25:43.105+0200: 25131,281: [GC2015-08-27T22:25:43.105+0200: 25131,281: [ParNew: 289055K->9656K(314560K), 0,0120580 secs] 620278K->341849K(1013632K), 0,0121730 secs] [Times: user=0,06 sys=0,01, real=0,01 secs] 
2015-08-27T22:26:42.135+0200: 25190,312: [GC2015-08-27T22:26:42.135+0200: 25190,312: [ParNew: 289272K->9578K(314560K), 0,0154340 secs] 621465K->342742K(1013632K), 0,0155510 secs] [Times: user=0,13 sys=0,00, real=0,02 secs] 
2015-08-27T22:27:40.236+0200: 25248,413: [GC2015-08-27T22:27:40.236+0200: 25248,413: [ParNew: 289194K->10401K(314560K), 0,0137300 secs] 622358K->344522K(1013632K), 0,0138350 secs] [Times: user=0,08 sys=0,00, real=0,01 secs] 
2015-08-27T22:28:39.324+0200: 25307,500: [GC2015-08-27T22:28:39.324+0200: 25307,500: [ParNew: 290017K->9740K(314560K), 0,0122070 secs] 624138K->344813K(1013632K), 0,0123270 secs] [Times: user=0,09 sys=0,00, real=0,01 secs] 
2015-08-27T22:29:38.105+0200: 25366,282: [GC2015-08-27T22:29:38.105+0200: 25366,282: [ParNew: 289346K->7896K(314560K), 0,0116680 secs] 624420K->343940K(1013632K), 0,0117720 secs] [Times: user=0,08 sys=0,00, real=0,01 secs] 
2015-08-27T22:30:37.146+0200: 25425,323: [GC2015-08-27T22:30:37.146+0200: 25425,323: [ParNew: 287512K->8189K(314560K), 0,0160190 secs] 623556K->345230K(1013632K), 0,0161320 secs] [Times: user=0,11 sys=0,00, real=0,01 secs] 
2015-08-27T22:31:35.573+0200: 25483,750: [GC2015-08-27T22:31:35.574+0200: 25483,750: [ParNew: 287805K->7683K(314560K), 0,0127440 secs] 624846K->345751K(1013632K), 0,0128550 secs] [Times: user=0,08 sys=0,00, real=0,02 secs] 
2015-08-27T22:32:34.140+0200: 25542,317: [GC2015-08-27T22:32:34.140+0200: 25542,317: [ParNew: 287299K->5071K(314560K), 0,0138610 secs] 625367K->344107K(1013632K), 0,0139910 secs] [Times: user=0,07 sys=0,00, real=0,01 secs] 
2015-08-27T22:33:33.105+0200: 25601,282: [GC2015-08-27T22:33:33.105+0200: 25601,282: [ParNew: 284687K->4797K(314560K), 0,0099640 secs] 623723K->344812K(1013632K), 0,0100710 secs] [Times: user=0,06 sys=0,00, real=0,00 secs] 
2015-08-27T22:34:32.258+0200: 25660,435: [GC2015-08-27T22:34:32.258+0200: 25660,435: [ParNew: 284413K->3360K(314560K), 0,0097970 secs] 624428K->343867K(1013632K), 0,0099480 secs] [Times: user=0,04 sys=0,01, real=0,01 secs] 
2015-08-27T22:35:31.312+0200: 25719,488: [GC2015-08-27T22:35:31.312+0200: 25719,488: [ParNew: 282976K->4006K(314560K), 0,0064270 secs] 623483K->345011K(1013632K), 0,0065480 secs] [Times: user=0,06 sys=0,00, real=0,01 secs] 
2015-08-27T22:36:30.373+0200: 25778,550: [GC2015-08-27T22:36:30.374+0200: 25778,550: [ParNew: 283622K->4497K(314560K), 0,0072370 secs] 624627K->345744K(1013632K), 0,0073630 secs] [Times: user=0,05 sys=0,00, real=0,01 secs] 
2015-08-27T22:37:28.932+0200: 25837,109: [GC2015-08-27T22:37:28.932+0200: 25837,109: [ParNew: 284113K->4689K(314560K), 0,0093340 secs] 625360K->346373K(1013632K), 0,0094540 secs] [Times: user=0,05 sys=0,00, real=0,01 secs] 
2015-08-27T22:38:27.993+0200: 25896,170: [GC2015-08-27T22:38:27.993+0200: 25896,170: [ParNew: 284305K->5011K(314560K), 0,0084580 secs] 625989K->346798K(1013632K), 0,0085820 secs] [Times: user=0,05 sys=0,00, real=0,01 secs] 
2015-08-27T22:39:26.798+0200: 25954,974: [GC2015-08-27T22:39:26.798+0200: 25954,975: [ParNew: 284627K->6735K(314560K), 0,0084960 secs] 626414K->348799K(1013632K), 0,0086330 secs] [Times: user=0,06 sys=0,00, real=0,01 secs] 
2015-08-27T22:40:25.608+0200: 26013,785: [GC2015-08-27T22:40:25.608+0200: 26013,785: [ParNew: 286351K->8028K(314560K), 0,0108970 secs] 628415K->350581K(1013632K), 0,0110230 secs] [Times: user=0,08 sys=0,00, real=0,01 secs] 
2015-08-27T22:41:24.712+0200: 26072,889: [GC2015-08-27T22:41:24.712+0200: 26072,889: [ParNew: 287644K->8390K(314560K), 0,0137110 secs] 630197K->351470K(1013632K), 0,0138400 secs] [Times: user=0,09 sys=0,00, real=0,02 secs] 
2015-08-27T22:42:23.879+0200: 26132,056: [GC2015-08-27T22:42:23.879+0200: 26132,056: [ParNew: 288006K->9204K(314560K), 0,0096110 secs] 631086K->352935K(1013632K), 0,0097220 secs] [Times: user=0,06 sys=0,00, real=0,01 secs] 
2015-08-27T22:43:22.625+0200: 26190,802: [GC2015-08-27T22:43:22.625+0200: 26190,802: [ParNew: 288820K->9039K(314560K), 0,0126110 secs] 632551K->353636K(1013632K), 0,0127170 secs] [Times: user=0,08 sys=0,00, real=0,01 secs] 
2015-08-27T22:44:21.335+0200: 26249,512: [GC2015-08-27T22:44:21.335+0200: 26249,512: [ParNew: 288655K->9349K(314560K), 0,0114790 secs] 633252K->354863K(1013632K), 0,0116010 secs] [Times: user=0,10 sys=0,00, real=0,02 secs] 
2015-08-27T22:45:19.897+0200: 26308,074: [GC2015-08-27T22:45:19.898+0200: 26308,074: [ParNew: 288965K->9558K(314560K), 0,0105720 secs] 634479K->355998K(1013632K), 0,0106830 secs] [Times: user=0,08 sys=0,00, real=0,01 secs] 
2015-08-27T22:46:18.956+0200: 26367,133: [GC2015-08-27T22:46:18.956+0200: 26367,133: [ParNew: 289174K->8971K(314560K), 0,0115230 secs] 635614K->356335K(1013632K), 0,0116560 secs] [Times: user=0,07 sys=0,01, real=0,01 secs] 
2015-08-27T22:47:18.011+0200: 26426,187: [GC2015-08-27T22:47:18.011+0200: 26426,187: [ParNew: 288587K->9126K(314560K), 0,0114050 secs] 635951K->357469K(1013632K), 0,0115170 secs] [Times: user=0,09 sys=0,00, real=0,01 secs] 
2015-08-27T22:48:16.774+0200: 26484,951: [GC2015-08-27T22:48:16.774+0200: 26484,951: [ParNew: 288742K->9238K(314560K), 0,0108880 secs] 637085K->358610K(1013632K), 0,0110040 secs] [Times: user=0,08 sys=0,00, real=0,02 secs] 
2015-08-27T22:49:15.630+0200: 26543,807: [GC2015-08-27T22:49:15.630+0200: 26543,807: [ParNew: 288854K->8496K(314560K), 0,0117990 secs] 638226K->358805K(1013632K), 0,0119150 secs] [Times: user=0,10 sys=0,00, real=0,01 secs] 
2015-08-27T22:50:14.723+0200: 26602,899: [GC2015-08-27T22:50:14.723+0200: 26602,899: [ParNew: 288112K->9431K(314560K), 0,0137470 secs] 638421K->360679K(1013632K), 0,0138600 secs] [Times: user=0,08 sys=0,00, real=0,02 secs] 
2015-08-27T22:51:13.291+0200: 26661,467: [GC2015-08-27T22:51:13.291+0200: 26661,467: [ParNew: 289047K->8692K(314560K), 0,0119640 secs] 640295K->360872K(1013632K), 0,0120740 secs] [Times: user=0,09 sys=0,00, real=0,01 secs] 
2015-08-27T22:52:11.989+0200: 26720,166: [GC2015-08-27T22:52:11.990+0200: 26720,166: [ParNew: 288308K->10250K(314560K), 0,0118170 secs] 640488K->363376K(1013632K), 0,0119310 secs] [Times: user=0,09 sys=0,00, real=0,01 secs] 
2015-08-27T22:53:11.122+0200: 26779,299: [GC2015-08-27T22:53:11.122+0200: 26779,299: [ParNew: 289866K->7399K(314560K), 0,0103390 secs] 642992K->361485K(1013632K), 0,0104480 secs] [Times: user=0,08 sys=0,00, real=0,01 secs] 
2015-08-27T22:54:09.903+0200: 26838,079: [GC2015-08-27T22:54:09.903+0200: 26838,079: [ParNew: 287015K->8171K(314560K), 0,0129050 secs] 641101K->363200K(1013632K), 0,0130290 secs] [Times: user=0,10 sys=0,00, real=0,01 secs] 
2015-08-27T22:55:08.966+0200: 26897,143: [GC2015-08-27T22:55:08.966+0200: 26897,143: [ParNew: 287787K->9629K(314560K), 0,0111610 secs] 642816K->365602K(1013632K), 0,0112810 secs] [Times: user=0,10 sys=0,00, real=0,01 secs] 
2015-08-27T22:56:08.026+0200: 26956,203: [GC2015-08-27T22:56:08.026+0200: 26956,203: [ParNew: 289245K->9166K(314560K), 0,0149360 secs] 645218K->366194K(1013632K), 0,0150490 secs] [Times: user=0,09 sys=0,00, real=0,01 secs] 
2015-08-27T22:57:06.794+0200: 27014,970: [GC2015-08-27T22:57:06.794+0200: 27014,970: [ParNew: 288782K->9215K(314560K), 0,0151860 secs] 645810K->367267K(1013632K), 0,0152920 secs] [Times: user=0,11 sys=0,00, real=0,02 secs] 
2015-08-27T22:58:05.590+0200: 27073,767: [GC2015-08-27T22:58:05.590+0200: 27073,767: [ParNew: 288831K->8469K(314560K), 0,0111250 secs] 646883K->367464K(1013632K), 0,0112450 secs] [Times: user=0,10 sys=0,00, real=0,01 secs] 
2015-08-27T22:59:04.576+0200: 27132,752: [GC2015-08-27T22:59:04.576+0200: 27132,752: [ParNew: 288085K->9474K(314560K), 0,0135270 secs] 647080K->369412K(1013632K), 0,0136490 secs] [Times: user=0,11 sys=0,00, real=0,02 secs] 
2015-08-27T23:00:03.674+0200: 27191,850: [GC2015-08-27T23:00:03.674+0200: 27191,850: [ParNew: 289090K->8739K(314560K), 0,0124900 secs] 649028K->369591K(1013632K), 0,0126310 secs] [Times: user=0,09 sys=0,00, real=0,02 secs] 
2015-08-27T23:01:02.674+0200: 27250,850: [GC2015-08-27T23:01:02.674+0200: 27250,851: [ParNew: 288355K->10368K(314560K), 0,0124580 secs] 649207K->372168K(1013632K), 0,0125660 secs] [Times: user=0,10 sys=0,00, real=0,02 secs] 
2015-08-27T23:02:01.714+0200: 27309,891: [GC2015-08-27T23:02:01.714+0200: 27309,891: [ParNew: 289984K->7496K(314560K), 0,0114340 secs] 651784K->370241K(1013632K), 0,0115400 secs] [Times: user=0,10 sys=0,00, real=0,02 secs] 
2015-08-27T23:03:00.854+0200: 27369,030: [GC2015-08-27T23:03:00.854+0200: 27369,030: [ParNew: 287112K->9715K(314560K), 0,0144930 secs] 649857K->373406K(1013632K), 0,0145840 secs] [Times: user=0,10 sys=0,00, real=0,02 secs] 
2015-08-27T23:03:59.862+0200: 27428,038: [GC2015-08-27T23:03:59.862+0200: 27428,038: [ParNew: 289331K->9112K(314560K), 0,0119030 secs] 653022K->373819K(1013632K), 0,0120110 secs] [Times: user=0,09 sys=0,00, real=0,01 secs] 
2015-08-27T23:04:58.915+0200: 27487,091: [GC2015-08-27T23:04:58.915+0200: 27487,091: [ParNew: 288728K->9316K(314560K), 0,0109470 secs] 653435K->375074K(1013632K), 0,0110430 secs] [Times: user=0,08 sys=0,00, real=0,02 secs] 
2015-08-27T23:05:57.965+0200: 27546,142: [GC2015-08-27T23:05:57.965+0200: 27546,142: [ParNew: 288932K->9361K(314560K), 0,0115610 secs] 654690K->376081K(1013632K), 0,0116800 secs] [Times: user=0,07 sys=0,01, real=0,01 secs] 
2015-08-27T23:06:57.124+0200: 27605,300: [GC2015-08-27T23:06:57.124+0200: 27605,300: [ParNew: 288977K->9530K(314560K), 0,0146660 secs] 655697K->377197K(1013632K), 0,0147860 secs] [Times: user=0,12 sys=0,00, real=0,02 secs] 
2015-08-27T23:07:56.058+0200: 27664,235: [GC2015-08-27T23:07:56.058+0200: 27664,235: [ParNew: 289146K->8751K(314560K), 0,0118390 secs] 656813K->377388K(1013632K), 0,0119610 secs] [Times: user=0,10 sys=0,00, real=0,01 secs] 
2015-08-27T23:08:55.059+0200: 27723,236: [GC2015-08-27T23:08:55.059+0200: 27723,236: [ParNew: 288367K->9562K(314560K), 0,0109360 secs] 657004K->379155K(1013632K), 0,0110560 secs] [Times: user=0,09 sys=0,00, real=0,01 secs] 
2015-08-27T23:09:54.111+0200: 27782,287: [GC2015-08-27T23:09:54.111+0200: 27782,287: [ParNew: 289178K->9680K(314560K), 0,0116380 secs] 658771K->380210K(1013632K), 0,0117710 secs] [Times: user=0,09 sys=0,00, real=0,01 secs] 
2015-08-27T23:10:52.847+0200: 27841,023: [GC2015-08-27T23:10:52.847+0200: 27841,023: [ParNew: 289296K->9081K(314560K), 0,0110760 secs] 659826K->380564K(1013632K), 0,0111780 secs] [Times: user=0,10 sys=0,00, real=0,01 secs] 
2015-08-27T23:11:51.917+0200: 27900,094: [GC2015-08-27T23:11:51.918+0200: 27900,094: [ParNew: 288697K->8449K(314560K), 0,0111710 secs] 660180K->380899K(1013632K), 0,0113020 secs] [Times: user=0,08 sys=0,00, real=0,01 secs] 
2015-08-27T23:12:50.868+0200: 27959,044: [GC2015-08-27T23:12:50.868+0200: 27959,044: [ParNew: 288065K->9306K(314560K), 0,0128590 secs] 660515K->382791K(1013632K), 0,0129740 secs] [Times: user=0,10 sys=0,00, real=0,01 secs] 
2015-08-27T23:13:49.856+0200: 28018,033: [GC2015-08-27T23:13:49.856+0200: 28018,033: [ParNew: 288922K->7785K(314560K), 0,0104340 secs] 662407K->382320K(1013632K), 0,0105420 secs] [Times: user=0,08 sys=0,00, real=0,01 secs] 
2015-08-27T23:14:48.587+0200: 28076,764: [GC2015-08-27T23:14:48.587+0200: 28076,764: [ParNew: 287401K->7786K(314560K), 0,0111820 secs] 661936K->383271K(1013632K), 0,0113080 secs] [Times: user=0,09 sys=0,00, real=0,01 secs] 
2015-08-27T23:15:47.700+0200: 28135,877: [GC2015-08-27T23:15:47.700+0200: 28135,877: [ParNew: 287402K->8111K(314560K), 0,0115640 secs] 662887K->384552K(1013632K), 0,0116740 secs] [Times: user=0,10 sys=0,00, real=0,01 secs] 
2015-08-27T23:16:46.437+0200: 28194,613: [GC2015-08-27T23:16:46.437+0200: 28194,613: [ParNew: 287727K->9558K(314560K), 0,0117370 secs] 664168K->386957K(1013632K), 0,0118660 secs] [Times: user=0,08 sys=0,00, real=0,01 secs] 
2015-08-27T23:17:45.266+0200: 28253,442: [GC2015-08-27T23:17:45.266+0200: 28253,442: [ParNew: 289174K->8153K(314560K), 0,0111800 secs] 666573K->386482K(1013632K), 0,0112900 secs] [Times: user=0,07 sys=0,00, real=0,01 secs] 
2015-08-27T23:18:44.331+0200: 28312,507: [GC2015-08-27T23:18:44.331+0200: 28312,508: [ParNew: 287769K->9791K(314560K), 0,0129490 secs] 666098K->389078K(1013632K), 0,0130840 secs] [Times: user=0,08 sys=0,01, real=0,01 secs] 
2015-08-27T23:19:43.105+0200: 28371,281: [GC2015-08-27T23:19:43.105+0200: 28371,282: [ParNew: 289407K->9947K(314560K), 0,0156350 secs] 668694K->390188K(1013632K), 0,0157470 secs] [Times: user=0,10 sys=0,00, real=0,01 secs] 
2015-08-27T23:20:42.239+0200: 28430,416: [GC2015-08-27T23:20:42.239+0200: 28430,416: [ParNew: 289563K->9321K(314560K), 0,0133550 secs] 669804K->390589K(1013632K), 0,0134580 secs] [Times: user=0,09 sys=0,00, real=0,01 secs] 
2015-08-27T23:21:41.501+0200: 28489,677: [GC2015-08-27T23:21:41.501+0200: 28489,678: [ParNew: 288937K->8593K(314560K), 0,0114880 secs] 670205K->390907K(1013632K), 0,0116110 secs] [Times: user=0,08 sys=0,00, real=0,01 secs] 
2015-08-27T23:22:40.565+0200: 28548,741: [GC2015-08-27T23:22:40.565+0200: 28548,741: [ParNew: 288209K->8598K(314560K), 0,0122510 secs] 670523K->391854K(1013632K), 0,0123630 secs] [Times: user=0,07 sys=0,01, real=0,01 secs] 
2015-08-27T23:23:39.632+0200: 28607,809: [GC2015-08-27T23:23:39.632+0200: 28607,809: [ParNew: 288214K->9586K(314560K), 0,0128090 secs] 671470K->393799K(1013632K), 0,0129580 secs] [Times: user=0,10 sys=0,00, real=0,02 secs] 
2015-08-27T23:24:38.696+0200: 28666,873: [GC2015-08-27T23:24:38.696+0200: 28666,873: [ParNew: 289202K->8837K(314560K), 0,0112140 secs] 673415K->394018K(1013632K), 0,0113440 secs] [Times: user=0,07 sys=0,01, real=0,02 secs] 
2015-08-27T23:25:37.461+0200: 28725,637: [GC2015-08-27T23:25:37.461+0200: 28725,637: [ParNew: 288453K->9654K(314560K), 0,0124340 secs] 673634K->395795K(1013632K), 0,0125360 secs] [Times: user=0,09 sys=0,00, real=0,01 secs] 
2015-08-27T23:26:36.307+0200: 28784,484: [GC2015-08-27T23:26:36.307+0200: 28784,484: [ParNew: 289270K->9760K(314560K), 0,0150220 secs] 675411K->396857K(1013632K), 0,0151400 secs] [Times: user=0,12 sys=0,00, real=0,01 secs] 
2015-08-27T23:27:34.647+0200: 28842,824: [GC2015-08-27T23:27:34.647+0200: 28842,824: [ParNew: 289376K->11423K(314560K), 0,0134120 secs] 676473K->399469K(1013632K), 0,0135180 secs] [Times: user=0,09 sys=0,00, real=0,01 secs] 
2015-08-27T23:28:33.622+0200: 28901,798: [GC2015-08-27T23:28:33.622+0200: 28901,798: [ParNew: 291039K->10055K(314560K), 0,0162800 secs] 679085K->399084K(1013632K), 0,0163920 secs] [Times: user=0,11 sys=0,00, real=0,02 secs] 
2015-08-27T23:29:32.754+0200: 28960,931: [GC2015-08-27T23:29:32.755+0200: 28960,931: [ParNew: 289671K->8153K(314560K), 0,0117860 secs] 678700K->398249K(1013632K), 0,0118990 secs] [Times: user=0,10 sys=0,00, real=0,02 secs] 
2015-08-27T23:30:31.545+0200: 29019,721: [GC2015-08-27T23:30:31.545+0200: 29019,721: [ParNew: 287769K->8363K(314560K), 0,0114040 secs] 677865K->399501K(1013632K), 0,0115580 secs] [Times: user=0,07 sys=0,00, real=0,00 secs] 
2015-08-27T23:31:30.111+0200: 29078,288: [GC2015-08-27T23:31:30.111+0200: 29078,288: [ParNew: 287979K->6406K(314560K), 0,0106270 secs] 679117K->398491K(1013632K), 0,0107490 secs] [Times: user=0,09 sys=0,00, real=0,01 secs] 
2015-08-27T23:32:29.148+0200: 29137,325: [GC2015-08-27T23:32:29.148+0200: 29137,325: [ParNew: 286022K->5478K(314560K), 0,0100480 secs] 678107K->398524K(1013632K), 0,0101630 secs] [Times: user=0,07 sys=0,00, real=0,01 secs] 
2015-08-27T23:33:27.838+0200: 29196,015: [GC2015-08-27T23:33:27.838+0200: 29196,015: [ParNew: 285094K->5017K(314560K), 0,0092110 secs] 678140K->399108K(1013632K), 0,0093260 secs] [Times: user=0,06 sys=0,00, real=0,01 secs] 
2015-08-27T23:34:27.048+0200: 29255,225: [GC2015-08-27T23:34:27.048+0200: 29255,225: [ParNew: 284633K->3580K(314560K), 0,0070220 secs] 678724K->398163K(1013632K), 0,0071460 secs] [Times: user=0,07 sys=0,00, real=0,00 secs] 
2015-08-27T23:35:26.129+0200: 29314,306: [GC2015-08-27T23:35:26.129+0200: 29314,306: [ParNew: 283196K->4442K(314560K), 0,0074680 secs] 677779K->399525K(1013632K), 0,0075880 secs] [Times: user=0,05 sys=0,00, real=0,01 secs] 
2015-08-27T23:36:25.275+0200: 29373,452: [GC2015-08-27T23:36:25.275+0200: 29373,452: [ParNew: 284058K->5075K(314560K), 0,0066320 secs] 679141K->400434K(1013632K), 0,0067440 secs] [Times: user=0,06 sys=0,00, real=0,01 secs] 
2015-08-27T23:37:24.442+0200: 29432,619: [GC2015-08-27T23:37:24.442+0200: 29432,619: [ParNew: 284691K->4818K(314560K), 0,0060300 secs] 680050K->400737K(1013632K), 0,0061480 secs] [Times: user=0,04 sys=0,01, real=0,01 secs] 
2015-08-27T23:38:23.418+0200: 29491,595: [GC2015-08-27T23:38:23.418+0200: 29491,595: [ParNew: 284434K->6064K(314560K), 0,0080430 secs] 680353K->402184K(1013632K), 0,0081500 secs] [Times: user=0,06 sys=0,00, real=0,01 secs] 
2015-08-27T23:39:22.055+0200: 29550,232: [GC2015-08-27T23:39:22.055+0200: 29550,232: [ParNew: 285680K->6728K(314560K), 0,0070740 secs] 681800K->403049K(1013632K), 0,0071870 secs] [Times: user=0,07 sys=0,00, real=0,01 secs] 
2015-08-27T23:40:21.178+0200: 29609,354: [GC2015-08-27T23:40:21.178+0200: 29609,354: [ParNew: 286344K->7783K(314560K), 0,0096840 secs] 682665K->404536K(1013632K), 0,0097950 secs] [Times: user=0,06 sys=0,00, real=0,01 secs] 
2015-08-27T23:41:19.668+0200: 29667,845: [GC2015-08-27T23:41:19.668+0200: 29667,845: [ParNew: 287399K->8741K(314560K), 0,0102280 secs] 684152K->406024K(1013632K), 0,0103630 secs] [Times: user=0,09 sys=0,00, real=0,01 secs] 
2015-08-27T23:42:18.231+0200: 29726,407: [GC2015-08-27T23:42:18.231+0200: 29726,407: [ParNew: 288357K->9008K(314560K), 0,0101000 secs] 685640K->406912K(1013632K), 0,0102290 secs] [Times: user=0,07 sys=0,00, real=0,01 secs] 
2015-08-27T23:43:17.243+0200: 29785,420: [GC2015-08-27T23:43:17.243+0200: 29785,420: [ParNew: 288624K->9750K(314560K), 0,0105950 secs] 686528K->408481K(1013632K), 0,0107050 secs] [Times: user=0,09 sys=0,00, real=0,01 secs] 
2015-08-27T23:44:15.843+0200: 29844,020: [GC2015-08-27T23:44:15.844+0200: 29844,020: [ParNew: 289366K->9454K(314560K), 0,0127550 secs] 688097K->409060K(1013632K), 0,0129270 secs] [Times: user=0,07 sys=0,00, real=0,02 secs] 
2015-08-27T23:45:14.710+0200: 29902,887: [GC2015-08-27T23:45:14.711+0200: 29902,887: [ParNew: 289070K->9725K(314560K), 0,0115090 secs] 688676K->410257K(1013632K), 0,0116380 secs] [Times: user=0,09 sys=0,00, real=0,01 secs] 
2015-08-27T23:46:13.741+0200: 29961,918: [GC2015-08-27T23:46:13.741+0200: 29961,918: [ParNew: 289341K->9153K(314560K), 0,0099330 secs] 689873K->410705K(1013632K), 0,0100510 secs] [Times: user=0,07 sys=0,00, real=0,01 secs] 
2015-08-27T23:47:12.516+0200: 30020,693: [GC2015-08-27T23:47:12.516+0200: 30020,693: [ParNew: 288769K->7687K(314560K), 0,0118940 secs] 690321K->410254K(1013632K), 0,0120180 secs] [Times: user=0,08 sys=0,00, real=0,02 secs] 
2015-08-27T23:48:11.583+0200: 30079,760: [GC2015-08-27T23:48:11.583+0200: 30079,760: [ParNew: 287303K->8503K(314560K), 0,0121200 secs] 689870K->412016K(1013632K), 0,0122610 secs] [Times: user=0,08 sys=0,00, real=0,01 secs] 
2015-08-27T23:49:10.646+0200: 30138,823: [GC2015-08-27T23:49:10.647+0200: 30138,823: [ParNew: 288119K->8054K(314560K), 0,0117530 secs] 691632K->412501K(1013632K), 0,0118720 secs] [Times: user=0,09 sys=0,00, real=0,01 secs] 
2015-08-27T23:50:09.687+0200: 30197,864: [GC2015-08-27T23:50:09.687+0200: 30197,864: [ParNew: 287670K->9532K(314560K), 0,0116700 secs] 692117K->414913K(1013632K), 0,0117760 secs] [Times: user=0,09 sys=0,00, real=0,01 secs] 
2015-08-27T23:51:08.657+0200: 30256,834: [GC2015-08-27T23:51:08.657+0200: 30256,834: [ParNew: 289148K->8922K(314560K), 0,0114830 secs] 694529K->415245K(1013632K), 0,0116070 secs] [Times: user=0,08 sys=0,00, real=0,01 secs] 
2015-08-27T23:52:07.510+0200: 30315,687: [GC2015-08-27T23:52:07.510+0200: 30315,687: [ParNew: 288538K->9072K(314560K), 0,0125060 secs] 694861K->416350K(1013632K), 0,0126140 secs] [Times: user=0,09 sys=0,00, real=0,01 secs] 
2015-08-27T23:53:06.565+0200: 30374,741: [GC2015-08-27T23:53:06.565+0200: 30374,742: [ParNew: 288688K->10737K(314560K), 0,0120170 secs] 695966K->418972K(1013632K), 0,0121560 secs] [Times: user=0,08 sys=0,00, real=0,01 secs] 
2015-08-27T23:54:05.420+0200: 30433,596: [GC2015-08-27T23:54:05.420+0200: 30433,597: [ParNew: 290353K->8233K(314560K), 0,0117640 secs] 698588K->417484K(1013632K), 0,0118850 secs] [Times: user=0,10 sys=0,00, real=0,01 secs] 
2015-08-27T23:55:04.121+0200: 30492,297: [GC2015-08-27T23:55:04.121+0200: 30492,297: [ParNew: 287849K->9202K(314560K), 0,0124920 secs] 697100K->419510K(1013632K), 0,0126270 secs] [Times: user=0,08 sys=0,00, real=0,01 secs] 
2015-08-27T23:56:02.847+0200: 30551,023: [GC2015-08-27T23:56:02.847+0200: 30551,023: [ParNew: 288818K->6858K(314560K), 0,0110480 secs] 699126K->418120K(1013632K), 0,0111740 secs] [Times: user=0,09 sys=0,00, real=0,01 secs] 
2015-08-27T23:57:01.793+0200: 30609,970: [GC2015-08-27T23:57:01.793+0200: 30609,970: [ParNew: 286474K->8723K(314560K), 0,0200510 secs] 697736K->420947K(1013632K), 0,0201660 secs] [Times: user=0,14 sys=0,00, real=0,02 secs] 
2015-08-27T23:58:00.647+0200: 30668,824: [GC2015-08-27T23:58:00.647+0200: 30668,824: [ParNew: 288339K->8706K(314560K), 0,0118020 secs] 700563K->421884K(1013632K), 0,0119260 secs] [Times: user=0,09 sys=0,00, real=0,01 secs] 
2015-08-27T23:58:59.215+0200: 30727,391: [GC2015-08-27T23:58:59.215+0200: 30727,391: [ParNew: 288322K->8791K(314560K), 0,0151860 secs] 701500K->422916K(1013632K), 0,0153080 secs] [Times: user=0,08 sys=0,00, real=0,02 secs] 
2015-08-27T23:59:57.847+0200: 30786,023: [GC2015-08-27T23:59:57.847+0200: 30786,023: [ParNew: 288407K->8913K(314560K), 0,0129500 secs] 702532K->423985K(1013632K), 0,0130980 secs] [Times: user=0,10 sys=0,00, real=0,01 secs] 
2015-08-28T00:00:56.830+0200: 30845,006: [GC2015-08-28T00:00:56.830+0200: 30845,006: [ParNew: 288529K->9801K(314560K), 0,0133990 secs] 703601K->425823K(1013632K), 0,0135010 secs] [Times: user=0,09 sys=0,00, real=0,01 secs] 
2015-08-28T00:01:55.830+0200: 30904,007: [GC2015-08-28T00:01:55.831+0200: 30904,007: [ParNew: 289417K->9938K(314560K), 0,0115260 secs] 705439K->426911K(1013632K), 0,0116610 secs] [Times: user=0,10 sys=0,00, real=0,01 secs] 
2015-08-28T00:02:54.478+0200: 30962,654: [GC2015-08-28T00:02:54.478+0200: 30962,654: [ParNew: 289554K->10099K(314560K), 0,0128290 secs] 706527K->428116K(1013632K), 0,0129730 secs] [Times: user=0,09 sys=0,00, real=0,01 secs] 
2015-08-28T00:03:53.138+0200: 31021,315: [GC2015-08-28T00:03:53.138+0200: 31021,315: [ParNew: 289715K->8591K(314560K), 0,0122300 secs] 707732K->427645K(1013632K), 0,0123640 secs] [Times: user=0,09 sys=0,00, real=0,01 secs] 
2015-08-28T00:04:51.966+0200: 31080,142: [GC2015-08-28T00:04:51.966+0200: 31080,142: [ParNew: 288207K->7816K(314560K), 0,0109760 secs] 707261K->427822K(1013632K), 0,0110920 secs] [Times: user=0,08 sys=0,00, real=0,01 secs] 
2015-08-28T00:05:51.120+0200: 31139,297: [GC2015-08-28T00:05:51.120+0200: 31139,297: [ParNew: 287432K->8119K(314560K), 0,0147920 secs] 707438K->429077K(1013632K), 0,0149260 secs] [Times: user=0,08 sys=0,00, real=0,01 secs] 
2015-08-28T00:06:50.285+0200: 31198,462: [GC2015-08-28T00:06:50.285+0200: 31198,462: [ParNew: 287735K->10278K(314560K), 0,0128090 secs] 708693K->432186K(1013632K), 0,0129090 secs] [Times: user=0,08 sys=0,00, real=0,01 secs] 
2015-08-28T00:07:49.242+0200: 31257,419: [GC2015-08-28T00:07:49.242+0200: 31257,419: [ParNew: 289894K->7401K(314560K), 0,0118390 secs] 711802K->430277K(1013632K), 0,0119430 secs] [Times: user=0,08 sys=0,00, real=0,01 secs] 
2015-08-28T00:08:48.105+0200: 31316,281: [GC2015-08-28T00:08:48.105+0200: 31316,281: [ParNew: 287017K->9503K(314560K), 0,0116000 secs] 709893K->433346K(1013632K), 0,0117100 secs] [Times: user=0,08 sys=0,00, real=0,01 secs] 
2015-08-28T00:09:46.796+0200: 31374,973: [GC2015-08-28T00:09:46.796+0200: 31374,973: [ParNew: 289119K->10359K(314560K), 0,0076960 secs] 712962K->435136K(1013632K), 0,0077750 secs] [Times: user=0,05 sys=0,01, real=0,00 secs] 
2015-08-28T00:10:45.912+0200: 31434,089: [GC2015-08-28T00:10:45.912+0200: 31434,089: [ParNew: 289975K->7608K(314560K), 0,0127020 secs] 714752K->433396K(1013632K), 0,0128310 secs] [Times: user=0,07 sys=0,00, real=0,02 secs] 
2015-08-28T00:11:44.479+0200: 31492,655: [GC2015-08-28T00:11:44.479+0200: 31492,655: [ParNew: 287224K->9816K(314560K), 0,0222330 secs] 713012K->436635K(1013632K), 0,0223440 secs] [Times: user=0,15 sys=0,00, real=0,02 secs] 
2015-08-28T00:12:43.056+0200: 31551,232: [GC2015-08-28T00:12:43.056+0200: 31551,232: [ParNew: 289432K->9860K(314560K), 0,0141660 secs] 716251K->437630K(1013632K), 0,0143210 secs] [Times: user=0,10 sys=0,00, real=0,02 secs] 
2015-08-28T00:13:42.122+0200: 31610,299: [GC2015-08-28T00:13:42.122+0200: 31610,299: [ParNew: 289476K->7330K(314560K), 0,0115040 secs] 717246K->436037K(1013632K), 0,0116230 secs] [Times: user=0,10 sys=0,00, real=0,01 secs] 
2015-08-28T00:14:41.023+0200: 31669,200: [GC2015-08-28T00:14:41.023+0200: 31669,200: [ParNew: 286946K->9257K(314560K), 0,0123710 secs] 715653K->438922K(1013632K), 0,0124850 secs] [Times: user=0,11 sys=0,00, real=0,01 secs] 
2015-08-28T00:15:39.739+0200: 31727,916: [GC2015-08-28T00:15:39.739+0200: 31727,916: [ParNew: 288873K->9345K(314560K), 0,0113350 secs] 718538K->439973K(1013632K), 0,0114590 secs] [Times: user=0,10 sys=0,00, real=0,01 secs] 
2015-08-28T00:16:38.808+0200: 31786,984: [GC2015-08-28T00:16:38.808+0200: 31786,984: [ParNew: 288961K->9632K(314560K), 0,0114500 secs] 719589K->441196K(1013632K), 0,0115670 secs] [Times: user=0,09 sys=0,00, real=0,01 secs] 
2015-08-28T00:17:37.572+0200: 31845,749: [GC2015-08-28T00:17:37.572+0200: 31845,749: [ParNew: 289248K->9825K(314560K), 0,0118960 secs] 720812K->442342K(1013632K), 0,0120040 secs] [Times: user=0,10 sys=0,00, real=0,01 secs] 
2015-08-28T00:18:36.421+0200: 31904,598: [GC2015-08-28T00:18:36.421+0200: 31904,598: [ParNew: 289441K->8435K(314560K), 0,0103000 secs] 721958K->441923K(1013632K), 0,0104020 secs] [Times: user=0,08 sys=0,00, real=0,01 secs] 
2015-08-28T00:19:35.250+0200: 31963,427: [GC2015-08-28T00:19:35.250+0200: 31963,427: [ParNew: 288051K->9303K(314560K), 0,0129420 secs] 721539K->443836K(1013632K), 0,0130590 secs] [Times: user=0,09 sys=0,00, real=0,01 secs] 
2015-08-28T00:20:34.039+0200: 32022,216: [GC2015-08-28T00:20:34.039+0200: 32022,216: [ParNew: 288919K->9326K(314560K), 0,0109240 secs] 723452K->444895K(1013632K), 0,0110300 secs] [Times: user=0,08 sys=0,00, real=0,01 secs] 
2015-08-28T00:21:32.602+0200: 32080,779: [GC2015-08-28T00:21:32.602+0200: 32080,779: [ParNew: 288942K->8572K(314560K), 0,0133050 secs] 724511K->445101K(1013632K), 0,0134330 secs] [Times: user=0,09 sys=0,00, real=0,01 secs] 
2015-08-28T00:22:31.383+0200: 32139,559: [GC2015-08-28T00:22:31.383+0200: 32139,559: [ParNew: 288188K->9586K(314560K), 0,0123360 secs] 724717K->447064K(1013632K), 0,0124420 secs] [Times: user=0,08 sys=0,00, real=0,01 secs] 
2015-08-28T00:23:30.476+0200: 32198,653: [GC2015-08-28T00:23:30.476+0200: 32198,653: [ParNew: 289202K->9545K(314560K), 0,0107740 secs] 726680K->447969K(1013632K), 0,0109000 secs] [Times: user=0,08 sys=0,00, real=0,01 secs] 
2015-08-28T00:24:29.270+0200: 32257,447: [GC2015-08-28T00:24:29.270+0200: 32257,447: [ParNew: 289161K->9652K(314560K), 0,0120170 secs] 727585K->449021K(1013632K), 0,0121360 secs] [Times: user=0,09 sys=0,00, real=0,01 secs] 
2015-08-28T00:25:28.105+0200: 32316,281: [GC2015-08-28T00:25:28.105+0200: 32316,281: [ParNew: 289268K->9795K(314560K), 0,0121130 secs] 728637K->450120K(1013632K), 0,0122300 secs] [Times: user=0,10 sys=0,00, real=0,01 secs] 
2015-08-28T00:26:26.881+0200: 32375,057: [GC2015-08-28T00:26:26.881+0200: 32375,057: [ParNew: 289411K->9927K(314560K), 0,0115900 secs] 729736K->451215K(1013632K), 0,0116970 secs] [Times: user=0,07 sys=0,02, real=0,01 secs] 
2015-08-28T00:27:24.998+0200: 32433,175: [GC2015-08-28T00:27:24.998+0200: 32433,175: [ParNew: 289543K->10828K(314560K), 0,0123090 secs] 730831K->453138K(1013632K), 0,0124090 secs] [Times: user=0,10 sys=0,00, real=0,01 secs] 
2015-08-28T00:28:23.914+0200: 32492,091: [GC2015-08-28T00:28:23.914+0200: 32492,091: [ParNew: 290444K->10208K(314560K), 0,0109520 secs] 732754K->453551K(1013632K), 0,0110410 secs] [Times: user=0,08 sys=0,00, real=0,02 secs] 
2015-08-28T00:29:23.061+0200: 32551,237: [GC2015-08-28T00:29:23.061+0200: 32551,237: [ParNew: 289824K->7422K(314560K), 0,0111820 secs] 733167K->451719K(1013632K), 0,0113100 secs] [Times: user=0,07 sys=0,00, real=0,01 secs] 
2015-08-28T00:30:21.735+0200: 32609,911: [GC2015-08-28T00:30:21.735+0200: 32609,911: [ParNew: 287038K->7244K(314560K), 0,0106260 secs] 731335K->452498K(1013632K), 0,0107510 secs] [Times: user=0,09 sys=0,00, real=0,02 secs] 
2015-08-28T00:31:20.661+0200: 32668,837: [GC2015-08-28T00:31:20.661+0200: 32668,837: [ParNew: 286860K->8144K(314560K), 0,0117590 secs] 732114K->454347K(1013632K), 0,0118780 secs] [Times: user=0,06 sys=0,00, real=0,01 secs] 
2015-08-28T00:32:19.428+0200: 32727,605: [GC2015-08-28T00:32:19.428+0200: 32727,605: [ParNew: 287760K->6328K(314560K), 0,0129470 secs] 733963K->453486K(1013632K), 0,0130640 secs] [Times: user=0,10 sys=0,00, real=0,01 secs] 
2015-08-28T00:33:18.105+0200: 32786,281: [GC2015-08-28T00:33:18.105+0200: 32786,282: [ParNew: 285944K->4864K(314560K), 0,0108040 secs] 733102K->453152K(1013632K), 0,0109330 secs] [Times: user=0,06 sys=0,00, real=0,00 secs] 
2015-08-28T00:34:16.838+0200: 32845,015: [GC2015-08-28T00:34:16.838+0200: 32845,015: [ParNew: 284480K->4619K(314560K), 0,0067300 secs] 732768K->453409K(1013632K), 0,0068450 secs] [Times: user=0,05 sys=0,00, real=0,01 secs] 
2015-08-28T00:35:15.598+0200: 32903,775: [GC2015-08-28T00:35:15.598+0200: 32903,775: [ParNew: 284235K->4651K(314560K), 0,0073130 secs] 733025K->453954K(1013632K), 0,0074140 secs] [Times: user=0,06 sys=0,00, real=0,01 secs] 
2015-08-28T00:36:14.455+0200: 32962,632: [GC2015-08-28T00:36:14.455+0200: 32962,632: [ParNew: 284267K->4999K(314560K), 0,0081020 secs] 733570K->454740K(1013632K), 0,0082110 secs] [Times: user=0,06 sys=0,00, real=0,01 secs] 
2015-08-28T00:37:13.215+0200: 33021,391: [GC2015-08-28T00:37:13.215+0200: 33021,391: [ParNew: 284615K->4369K(314560K), 0,0082210 secs] 734356K->454758K(1013632K), 0,0083710 secs] [Times: user=0,06 sys=0,00, real=0,01 secs] 
2015-08-28T00:38:12.070+0200: 33080,246: [GC2015-08-28T00:38:12.070+0200: 33080,246: [ParNew: 283985K->5852K(314560K), 0,0065820 secs] 734374K->456361K(1013632K), 0,0067000 secs] [Times: user=0,04 sys=0,00, real=0,01 secs] 
2015-08-28T00:39:10.626+0200: 33138,803: [GC2015-08-28T00:39:10.626+0200: 33138,803: [ParNew: 285468K->7256K(314560K), 0,0085810 secs] 735977K->457984K(1013632K), 0,0087280 secs] [Times: user=0,07 sys=0,00, real=0,00 secs] 
2015-08-28T00:40:09.687+0200: 33197,863: [GC2015-08-28T00:40:09.687+0200: 33197,863: [ParNew: 286872K->6994K(314560K), 0,0094970 secs] 737600K->458202K(1013632K), 0,0096190 secs] [Times: user=0,07 sys=0,00, real=0,00 secs] 
2015-08-28T00:41:08.750+0200: 33256,927: [GC2015-08-28T00:41:08.750+0200: 33256,927: [ParNew: 286610K->8535K(314560K), 0,0099610 secs] 737818K->460290K(1013632K), 0,0100760 secs] [Times: user=0,06 sys=0,00, real=0,01 secs] 
2015-08-28T00:42:07.812+0200: 33315,989: [GC2015-08-28T00:42:07.812+0200: 33315,989: [ParNew: 288151K->9403K(314560K), 0,0110050 secs] 739906K->461791K(1013632K), 0,0111220 secs] [Times: user=0,08 sys=0,00, real=0,01 secs] 
2015-08-28T00:43:06.287+0200: 33374,464: [GC2015-08-28T00:43:06.287+0200: 33374,464: [ParNew: 289019K->8685K(314560K), 0,0117010 secs] 741407K->461900K(1013632K), 0,0118190 secs] [Times: user=0,09 sys=0,00, real=0,01 secs] 
2015-08-28T00:44:04.928+0200: 33433,104: [GC2015-08-28T00:44:04.928+0200: 33433,104: [ParNew: 288301K->9817K(314560K), 0,0114930 secs] 741516K->464016K(1013632K), 0,0115950 secs] [Times: user=0,09 sys=0,00, real=0,01 secs] 
2015-08-28T00:45:03.991+0200: 33492,167: [GC2015-08-28T00:45:03.991+0200: 33492,167: [ParNew: 289433K->10744K(314560K), 0,0156790 secs] 743632K->465976K(1013632K), 0,0157700 secs] [Times: user=0,10 sys=0,00, real=0,02 secs] 
2015-08-28T00:46:02.561+0200: 33550,737: [GC2015-08-28T00:46:02.561+0200: 33550,737: [ParNew: 290360K->7704K(314560K), 0,0128390 secs] 745592K->463871K(1013632K), 0,0129540 secs] [Times: user=0,09 sys=0,00, real=0,01 secs] 
2015-08-28T00:47:01.638+0200: 33609,815: [GC2015-08-28T00:47:01.638+0200: 33609,815: [ParNew: 287320K->9157K(314560K), 0,0104720 secs] 743487K->466258K(1013632K), 0,0105790 secs] [Times: user=0,08 sys=0,00, real=0,01 secs] 
2015-08-28T00:48:00.517+0200: 33668,693: [GC2015-08-28T00:48:00.517+0200: 33668,693: [ParNew: 288773K->9212K(314560K), 0,0132450 secs] 745874K->467253K(1013632K), 0,0133630 secs] [Times: user=0,09 sys=0,00, real=0,01 secs] 
2015-08-28T00:48:59.226+0200: 33727,402: [GC2015-08-28T00:48:59.226+0200: 33727,402: [ParNew: 288828K->10239K(314560K), 0,0182530 secs] 746869K->469219K(1013632K), 0,0183550 secs] [Times: user=0,13 sys=0,00, real=0,01 secs] 
2015-08-28T00:49:58.105+0200: 33786,281: [GC2015-08-28T00:49:58.105+0200: 33786,282: [ParNew: 289855K->7428K(314560K), 0,0117160 secs] 748835K->467355K(1013632K), 0,0118140 secs] [Times: user=0,07 sys=0,00, real=0,01 secs] 
2015-08-28T00:50:56.846+0200: 33845,022: [GC2015-08-28T00:50:56.846+0200: 33845,022: [ParNew: 287044K->9599K(314560K), 0,0118790 secs] 746971K->470478K(1013632K), 0,0119950 secs] [Times: user=0,10 sys=0,00, real=0,01 secs] 
2015-08-28T00:51:55.988+0200: 33904,164: [GC2015-08-28T00:51:55.988+0200: 33904,164: [ParNew: 289215K->9737K(314560K), 0,0175540 secs] 750094K->471582K(1013632K), 0,0176600 secs] [Times: user=0,14 sys=0,00, real=0,02 secs] 
2015-08-28T00:52:54.722+0200: 33962,898: [GC2015-08-28T00:52:54.722+0200: 33962,898: [ParNew: 289353K->9252K(314560K), 0,0117290 secs] 751198K->472158K(1013632K), 0,0118520 secs] [Times: user=0,10 sys=0,00, real=0,01 secs] 
2015-08-28T00:53:53.809+0200: 34021,985: [GC2015-08-28T00:53:53.809+0200: 34021,986: [ParNew: 288868K->10068K(314560K), 0,0119700 secs] 751774K->474017K(1013632K), 0,0120920 secs] [Times: user=0,10 sys=0,00, real=0,01 secs] 
2015-08-28T00:54:52.564+0200: 34080,741: [GC2015-08-28T00:54:52.564+0200: 34080,741: [ParNew: 289684K->9318K(314560K), 0,0135680 secs] 753633K->474213K(1013632K), 0,0136840 secs] [Times: user=0,08 sys=0,00, real=0,02 secs] 
2015-08-28T00:55:51.630+0200: 34139,807: [GC2015-08-28T00:55:51.631+0200: 34139,807: [ParNew: 288934K->8065K(314560K), 0,0112020 secs] 753829K->473893K(1013632K), 0,0113220 secs] [Times: user=0,10 sys=0,00, real=0,01 secs] 
2015-08-28T00:56:50.696+0200: 34198,872: [GC2015-08-28T00:56:50.696+0200: 34198,872: [ParNew: 287681K->9507K(314560K), 0,0113120 secs] 753509K->476287K(1013632K), 0,0114340 secs] [Times: user=0,09 sys=0,00, real=0,02 secs] 
2015-08-28T00:57:49.260+0200: 34257,436: [GC2015-08-28T00:57:49.260+0200: 34257,437: [ParNew: 289123K->8880K(314560K), 0,0126830 secs] 755903K->476605K(1013632K), 0,0127930 secs] [Times: user=0,08 sys=0,00, real=0,01 secs] 
2015-08-28T00:58:47.824+0200: 34316,001: [GC2015-08-28T00:58:47.824+0200: 34316,001: [ParNew: 288496K->10520K(314560K), 0,0118630 secs] 756221K->479198K(1013632K), 0,0119850 secs] [Times: user=0,10 sys=0,00, real=0,01 secs] 
2015-08-28T00:59:46.787+0200: 34374,963: [GC2015-08-28T00:59:46.787+0200: 34374,963: [ParNew: 290136K->7602K(314560K), 0,0081050 secs] 758814K->477243K(1013632K), 0,0081980 secs] [Times: user=0,06 sys=0,00, real=0,00 secs] 
2015-08-28T01:00:45.440+0200: 34433,617: [GC2015-08-28T01:00:45.440+0200: 34433,617: [ParNew: 287218K->9802K(314560K), 0,0097360 secs] 756859K->480439K(1013632K), 0,0098330 secs] [Times: user=0,07 sys=0,00, real=0,01 secs] 
2015-08-28T01:01:44.506+0200: 34492,683: [GC2015-08-28T01:01:44.506+0200: 34492,683: [ParNew: 289418K->10627K(314560K), 0,0152650 secs] 760055K->482294K(1013632K), 0,0153830 secs] [Times: user=0,11 sys=0,00, real=0,01 secs] 
2015-08-28T01:02:43.154+0200: 34551,330: [GC2015-08-28T01:02:43.154+0200: 34551,330: [ParNew: 290243K->7724K(314560K), 0,0107850 secs] 761910K->480356K(1013632K), 0,0108810 secs] [Times: user=0,08 sys=0,00, real=0,02 secs] 
2015-08-28T01:03:42.328+0200: 34610,505: [GC2015-08-28T01:03:42.328+0200: 34610,505: [ParNew: 287340K->8567K(314560K), 0,0110920 secs] 759972K->482158K(1013632K), 0,0112080 secs] [Times: user=0,07 sys=0,00, real=0,01 secs] 
2015-08-28T01:04:41.182+0200: 34669,359: [GC2015-08-28T01:04:41.182+0200: 34669,359: [ParNew: 288183K->9242K(314560K), 0,0113710 secs] 761774K->483787K(1013632K), 0,0114890 secs] [Times: user=0,09 sys=0,00, real=0,01 secs] 
2015-08-28T01:05:40.247+0200: 34728,423: [GC2015-08-28T01:05:40.247+0200: 34728,423: [ParNew: 288858K->10248K(314560K), 0,0146960 secs] 763403K->485744K(1013632K), 0,0148380 secs] [Times: user=0,11 sys=0,00, real=0,01 secs] 
2015-08-28T01:06:39.334+0200: 34787,510: [GC2015-08-28T01:06:39.334+0200: 34787,510: [ParNew: 289864K->8367K(314560K), 0,0128180 secs] 765360K->484799K(1013632K), 0,0129420 secs] [Times: user=0,09 sys=0,00, real=0,02 secs] 
2015-08-28T01:07:38.134+0200: 34846,311: [GC2015-08-28T01:07:38.135+0200: 34846,311: [ParNew: 287983K->10345K(314560K), 0,0109680 secs] 764415K->487738K(1013632K), 0,0110800 secs] [Times: user=0,10 sys=0,00, real=0,02 secs] 
2015-08-28T01:08:37.091+0200: 34905,267: [GC2015-08-28T01:08:37.091+0200: 34905,267: [ParNew: 289961K->10582K(314560K), 0,0106530 secs] 767354K->488946K(1013632K), 0,0107740 secs] [Times: user=0,10 sys=0,00, real=0,01 secs] 
2015-08-28T01:09:36.172+0200: 34964,349: [GC2015-08-28T01:09:36.172+0200: 34964,349: [ParNew: 290198K->8202K(314560K), 0,0123560 secs] 768562K->487614K(1013632K), 0,0124670 secs] [Times: user=0,06 sys=0,00, real=0,02 secs] 
2015-08-28T01:10:35.361+0200: 35023,538: [GC2015-08-28T01:10:35.361+0200: 35023,538: [ParNew: 287818K->9201K(314560K), 0,0114180 secs] 767230K->489655K(1013632K), 0,0115370 secs] [Times: user=0,08 sys=0,00, real=0,01 secs] 
2015-08-28T01:11:34.077+0200: 35082,253: [GC2015-08-28T01:11:34.077+0200: 35082,253: [ParNew: 288817K->8412K(314560K), 0,0156490 secs] 769271K->489830K(1013632K), 0,0157700 secs] [Times: user=0,12 sys=0,00, real=0,01 secs] 
2015-08-28T01:12:33.104+0200: 35141,280: [GC2015-08-28T01:12:33.104+0200: 35141,280: [ParNew: 288028K->8077K(314560K), 0,0108100 secs] 769446K->490452K(1013632K), 0,0109190 secs] [Times: user=0,09 sys=0,00, real=0,01 secs] 
2015-08-28T01:13:31.649+0200: 35199,826: [GC2015-08-28T01:13:31.649+0200: 35199,826: [ParNew: 287693K->10283K(314560K), 0,0125040 secs] 770068K->493614K(1013632K), 0,0126330 secs] [Times: user=0,08 sys=0,00, real=0,01 secs] 
2015-08-28T01:14:30.751+0200: 35258,927: [GC2015-08-28T01:14:30.751+0200: 35258,927: [ParNew: 289899K->7877K(314560K), 0,0099260 secs] 773230K->492154K(1013632K), 0,0100180 secs] [Times: user=0,07 sys=0,00, real=0,01 secs] 
2015-08-28T01:15:29.753+0200: 35317,930: [GC2015-08-28T01:15:29.753+0200: 35317,930: [ParNew: 287493K->9563K(314560K), 0,0138840 secs] 771770K->494801K(1013632K), 0,0139990 secs] [Times: user=0,09 sys=0,00, real=0,02 secs] 
2015-08-28T01:16:28.764+0200: 35376,940: [GC2015-08-28T01:16:28.764+0200: 35376,940: [ParNew: 289179K->8956K(314560K), 0,0143160 secs] 774417K->495152K(1013632K), 0,0144340 secs] [Times: user=0,09 sys=0,00, real=0,02 secs] 
2015-08-28T01:17:27.615+0200: 35435,792: [GC2015-08-28T01:17:27.615+0200: 35435,792: [ParNew: 288572K->10016K(314560K), 0,0114100 secs] 774768K->497219K(1013632K), 0,0115170 secs] [Times: user=0,11 sys=0,00, real=0,02 secs] 
2015-08-28T01:18:26.666+0200: 35494,843: [GC2015-08-28T01:18:26.666+0200: 35494,843: [ParNew: 289632K->9348K(314560K), 0,0134710 secs] 776835K->497595K(1013632K), 0,0135860 secs] [Times: user=0,08 sys=0,00, real=0,01 secs] 
2015-08-28T01:19:25.763+0200: 35553,939: [GC2015-08-28T01:19:25.763+0200: 35553,939: [ParNew: 288964K->6252K(314560K), 0,0131910 secs] 777211K->495463K(1013632K), 0,0132960 secs] [Times: user=0,10 sys=0,00, real=0,01 secs] 
2015-08-28T01:20:24.575+0200: 35612,751: [GC2015-08-28T01:20:24.575+0200: 35612,751: [ParNew: 285868K->10301K(314560K), 0,0116750 secs] 775079K->500455K(1013632K), 0,0117940 secs] [Times: user=0,08 sys=0,00, real=0,02 secs] 
2015-08-28T01:21:23.639+0200: 35671,816: [GC2015-08-28T01:21:23.639+0200: 35671,816: [ParNew: 289917K->7325K(314560K), 0,0146590 secs] 780071K->498444K(1013632K), 0,0147640 secs] [Times: user=0,12 sys=0,00, real=0,01 secs] 
2015-08-28T01:22:22.625+0200: 35730,801: [GC2015-08-28T01:22:22.625+0200: 35730,802: [ParNew: 286941K->10041K(314560K), 0,0120190 secs] 778060K->502121K(1013632K), 0,0121420 secs] [Times: user=0,06 sys=0,00, real=0,01 secs] 
2015-08-28T01:23:21.458+0200: 35789,635: [GC2015-08-28T01:23:21.459+0200: 35789,635: [ParNew: 289657K->8080K(314560K), 0,0119400 secs] 781737K->501105K(1013632K), 0,0120600 secs] [Times: user=0,10 sys=0,00, real=0,01 secs] 
2015-08-28T01:24:20.128+0200: 35848,304: [GC2015-08-28T01:24:20.128+0200: 35848,304: [ParNew: 287696K->8890K(314560K), 0,0131570 secs] 780721K->502873K(1013632K), 0,0132630 secs] [Times: user=0,08 sys=0,00, real=0,01 secs] 
2015-08-28T01:25:18.874+0200: 35907,050: [GC2015-08-28T01:25:18.874+0200: 35907,050: [ParNew: 288506K->8987K(314560K), 0,0107660 secs] 782489K->503955K(1013632K), 0,0109100 secs] [Times: user=0,08 sys=0,00, real=0,02 secs] 
2015-08-28T01:26:17.938+0200: 35966,115: [GC2015-08-28T01:26:17.938+0200: 35966,115: [ParNew: 288603K->8479K(314560K), 0,0129300 secs] 783571K->504470K(1013632K), 0,0130400 secs] [Times: user=0,09 sys=0,00, real=0,01 secs] 
2015-08-28T01:27:16.237+0200: 36024,414: [GC2015-08-28T01:27:16.237+0200: 36024,414: [ParNew: 288095K->10871K(314560K), 0,0134460 secs] 784086K->507911K(1013632K), 0,0135640 secs] [Times: user=0,10 sys=0,00, real=0,01 secs] 
2015-08-28T01:28:15.212+0200: 36083,388: [GC2015-08-28T01:28:15.212+0200: 36083,388: [ParNew: 290487K->8594K(314560K), 0,0139150 secs] 787527K->506594K(1013632K), 0,0140250 secs] [Times: user=0,11 sys=0,00, real=0,02 secs] 
2015-08-28T01:29:14.236+0200: 36142,412: [GC2015-08-28T01:29:14.236+0200: 36142,412: [ParNew: 288210K->8690K(314560K), 0,0116460 secs] 786210K->507641K(1013632K), 0,0117600 secs] [Times: user=0,08 sys=0,00, real=0,02 secs] 
2015-08-28T01:30:13.183+0200: 36201,360: [GC2015-08-28T01:30:13.183+0200: 36201,360: [ParNew: 288306K->8800K(314560K), 0,0110010 secs] 787257K->508690K(1013632K), 0,0111120 secs] [Times: user=0,08 sys=0,00, real=0,01 secs] 
2015-08-28T01:31:12.441+0200: 36260,617: [GC2015-08-28T01:31:12.441+0200: 36260,617: [ParNew: 288416K->8499K(314560K), 0,0119130 secs] 788306K->509349K(1013632K), 0,0120220 secs] [Times: user=0,06 sys=0,00, real=0,01 secs] 
2015-08-28T01:32:11.691+0200: 36319,868: [GC2015-08-28T01:32:11.691+0200: 36319,868: [ParNew: 288115K->6015K(314560K), 0,0103260 secs] 788965K->507799K(1013632K), 0,0104720 secs] [Times: user=0,10 sys=0,00, real=0,01 secs] 
2015-08-28T01:33:10.522+0200: 36378,698: [GC2015-08-28T01:33:10.522+0200: 36378,698: [ParNew: 285631K->5217K(314560K), 0,0097310 secs] 787415K->508222K(1013632K), 0,0098500 secs] [Times: user=0,06 sys=0,00, real=0,01 secs] 
2015-08-28T01:34:09.624+0200: 36437,800: [GC2015-08-28T01:34:09.624+0200: 36437,800: [ParNew: 284833K->5414K(314560K), 0,0102300 secs] 787838K->508979K(1013632K), 0,0103410 secs] [Times: user=0,06 sys=0,00, real=0,01 secs] 
2015-08-28T01:35:08.105+0200: 36496,281: [GC2015-08-28T01:35:08.105+0200: 36496,281: [ParNew: 285030K->4431K(314560K), 0,0091550 secs] 788595K->508576K(1013632K), 0,0092900 secs] [Times: user=0,06 sys=0,00, real=0,00 secs] 
2015-08-28T01:36:07.242+0200: 36555,419: [GC2015-08-28T01:36:07.242+0200: 36555,419: [ParNew: 284047K->4312K(314560K), 0,0070160 secs] 788192K->508894K(1013632K), 0,0071370 secs] [Times: user=0,06 sys=0,00, real=0,01 secs] 
2015-08-28T01:37:06.072+0200: 36614,249: [GC2015-08-28T01:37:06.072+0200: 36614,249: [ParNew: 283928K->4111K(314560K), 0,0068350 secs] 788510K->509269K(1013632K), 0,0069590 secs] [Times: user=0,06 sys=0,00, real=0,01 secs] 
2015-08-28T01:38:05.135+0200: 36673,312: [GC2015-08-28T01:38:05.135+0200: 36673,312: [ParNew: 283727K->5398K(314560K), 0,0069870 secs] 788885K->510669K(1013632K), 0,0071270 secs] [Times: user=0,06 sys=0,00, real=0,01 secs] 
2015-08-28T01:39:04.193+0200: 36732,369: [GC2015-08-28T01:39:04.193+0200: 36732,369: [ParNew: 285014K->5778K(314560K), 0,0120560 secs] 790285K->511254K(1013632K), 0,0121540 secs] [Times: user=0,06 sys=0,00, real=0,02 secs] 
2015-08-28T01:40:02.821+0200: 36790,998: [GC2015-08-28T01:40:02.821+0200: 36790,998: [ParNew: 285394K->8110K(314560K), 0,0093890 secs] 790870K->514039K(1013632K), 0,0094980 secs] [Times: user=0,07 sys=0,00, real=0,01 secs] 
2015-08-28T01:41:01.809+0200: 36849,985: [GC2015-08-28T01:41:01.809+0200: 36849,985: [ParNew: 287726K->8656K(314560K), 0,0100170 secs] 793655K->515127K(1013632K), 0,0101410 secs] [Times: user=0,08 sys=0,00, real=0,01 secs] 
2015-08-28T01:42:00.875+0200: 36909,051: [GC2015-08-28T01:42:00.875+0200: 36909,052: [ParNew: 288272K->10235K(314560K), 0,0106700 secs] 794743K->517358K(1013632K), 0,0107880 secs] [Times: user=0,09 sys=0,00, real=0,02 secs] 
2015-08-28T01:42:59.935+0200: 36968,111: [GC2015-08-28T01:42:59.935+0200: 36968,111: [ParNew: 289851K->8131K(314560K), 0,0110910 secs] 796974K->516154K(1013632K), 0,0112300 secs] [Times: user=0,08 sys=0,00, real=0,02 secs] 
2015-08-28T01:43:58.702+0200: 37026,879: [GC2015-08-28T01:43:58.702+0200: 37026,879: [ParNew: 287747K->9629K(314560K), 0,0113580 secs] 795770K->518643K(1013632K), 0,0114710 secs] [Times: user=0,09 sys=0,00, real=0,01 secs] 
2015-08-28T01:44:57.560+0200: 37085,736: [GC2015-08-28T01:44:57.560+0200: 37085,736: [ParNew: 289245K->8259K(314560K), 0,0117480 secs] 798259K->518209K(1013632K), 0,0118700 secs] [Times: user=0,10 sys=0,00, real=0,01 secs] 
2015-08-28T01:45:56.326+0200: 37144,503: [GC2015-08-28T01:45:56.326+0200: 37144,503: [ParNew: 287875K->8689K(314560K), 0,0119590 secs] 797825K->519584K(1013632K), 0,0120740 secs] [Times: user=0,09 sys=0,00, real=0,01 secs] 
2015-08-28T01:46:55.121+0200: 37203,297: [GC2015-08-28T01:46:55.121+0200: 37203,297: [ParNew: 288305K->8727K(314560K), 0,0120820 secs] 799200K->520557K(1013632K), 0,0121930 secs] [Times: user=0,07 sys=0,00, real=0,01 secs] 
2015-08-28T01:47:54.233+0200: 37262,409: [GC2015-08-28T01:47:54.233+0200: 37262,409: [ParNew: 288343K->8847K(314560K), 0,0136180 secs] 800173K->521612K(1013632K), 0,0137300 secs] [Times: user=0,07 sys=0,00, real=0,02 secs] 
2015-08-28T01:48:53.105+0200: 37321,281: [GC2015-08-28T01:48:53.105+0200: 37321,281: [ParNew: 288463K->8236K(314560K), 0,0119100 secs] 801228K->521947K(1013632K), 0,0120270 secs] [Times: user=0,08 sys=0,00, real=0,01 secs] 
2015-08-28T01:49:52.182+0200: 37380,359: [GC2015-08-28T01:49:52.182+0200: 37380,359: [ParNew: 287852K->9879K(314560K), 0,0113840 secs] 801563K->524537K(1013632K), 0,0114940 secs] [Times: user=0,10 sys=0,00, real=0,01 secs] 
2015-08-28T01:50:51.289+0200: 37439,466: [GC2015-08-28T01:50:51.289+0200: 37439,466: [ParNew: 289495K->9268K(314560K), 0,0146790 secs] 804153K->524926K(1013632K), 0,0147870 secs] [Times: user=0,10 sys=0,00, real=0,01 secs] 
2015-08-28T01:51:50.440+0200: 37498,617: [GC2015-08-28T01:51:50.441+0200: 37498,617: [ParNew: 288884K->8579K(314560K), 0,0130730 secs] 804542K->525290K(1013632K), 0,0132020 secs] [Times: user=0,09 sys=0,00, real=0,01 secs] 
2015-08-28T01:52:49.385+0200: 37557,561: [GC2015-08-28T01:52:49.385+0200: 37557,561: [ParNew: 288195K->7022K(314560K), 0,0114030 secs] 804906K->524682K(1013632K), 0,0115200 secs] [Times: user=0,07 sys=0,00, real=0,00 secs] 
2015-08-28T01:53:48.105+0200: 37616,281: [GC2015-08-28T01:53:48.105+0200: 37616,281: [ParNew: 286638K->9551K(314560K), 0,0111970 secs] 804298K->528157K(1013632K), 0,0113450 secs] [Times: user=0,06 sys=0,01, real=0,00 secs] 
2015-08-28T01:54:47.123+0200: 37675,300: [GC2015-08-28T01:54:47.123+0200: 37675,300: [ParNew: 289167K->9494K(314560K), 0,0141740 secs] 807773K->529051K(1013632K), 0,0142790 secs] [Times: user=0,12 sys=0,00, real=0,02 secs] 
2015-08-28T01:55:46.190+0200: 37734,366: [GC2015-08-28T01:55:46.190+0200: 37734,366: [ParNew: 289110K->8846K(314560K), 0,0120050 secs] 808667K->529364K(1013632K), 0,0121220 secs] [Times: user=0,09 sys=0,00, real=0,01 secs] 
2015-08-28T01:56:45.423+0200: 37793,599: [GC2015-08-28T01:56:45.423+0200: 37793,599: [ParNew: 288462K->8953K(314560K), 0,0122970 secs] 808980K->530430K(1013632K), 0,0124030 secs] [Times: user=0,09 sys=0,00, real=0,01 secs] 
2015-08-28T01:57:44.629+0200: 37852,806: [GC2015-08-28T01:57:44.629+0200: 37852,806: [ParNew: 288569K->9842K(314560K), 0,0111770 secs] 810046K->532267K(1013632K), 0,0112800 secs] [Times: user=0,08 sys=0,00, real=0,01 secs] 
2015-08-28T01:58:43.198+0200: 37911,375: [GC2015-08-28T01:58:43.198+0200: 37911,375: [ParNew: 289458K->9993K(314560K), 0,0122670 secs] 811883K->533396K(1013632K), 0,0123940 secs] [Times: user=0,10 sys=0,00, real=0,01 secs] 
2015-08-28T01:59:42.347+0200: 37970,523: [GC2015-08-28T01:59:42.347+0200: 37970,523: [ParNew: 289609K->9306K(314560K), 0,0113350 secs] 813012K->533735K(1013632K), 0,0114550 secs] [Times: user=0,10 sys=0,00, real=0,01 secs] 
2015-08-28T02:00:41.349+0200: 38029,525: [GC2015-08-28T02:00:41.349+0200: 38029,525: [ParNew: 288922K->9348K(314560K), 0,0124060 secs] 813351K->534815K(1013632K), 0,0125270 secs] [Times: user=0,10 sys=0,00, real=0,01 secs] 
2015-08-28T02:01:40.413+0200: 38088,589: [GC2015-08-28T02:01:40.413+0200: 38088,589: [ParNew: 288964K->9371K(314560K), 0,0125690 secs] 814431K->535792K(1013632K), 0,0126790 secs] [Times: user=0,08 sys=0,00, real=0,02 secs] 
2015-08-28T02:02:39.476+0200: 38147,653: [GC2015-08-28T02:02:39.477+0200: 38147,653: [ParNew: 288987K->9606K(314560K), 0,0115210 secs] 815408K->536991K(1013632K), 0,0116400 secs] [Times: user=0,08 sys=0,00, real=0,01 secs] 
2015-08-28T02:03:38.105+0200: 38206,281: [GC2015-08-28T02:03:38.105+0200: 38206,281: [ParNew: 289222K->9554K(314560K), 0,0119670 secs] 816607K->537896K(1013632K), 0,0120680 secs] [Times: user=0,07 sys=0,00, real=0,01 secs] 
2015-08-28T02:04:37.191+0200: 38265,367: [GC2015-08-28T02:04:37.191+0200: 38265,367: [ParNew: 289170K->9628K(314560K), 0,0112530 secs] 817512K->538906K(1013632K), 0,0113680 secs] [Times: user=0,09 sys=0,00, real=0,01 secs] 
2015-08-28T02:05:35.759+0200: 38323,935: [GC2015-08-28T02:05:35.759+0200: 38323,935: [ParNew: 289244K->9035K(314560K), 0,0120540 secs] 818522K->539269K(1013632K), 0,0121870 secs] [Times: user=0,09 sys=0,00, real=0,01 secs] 
2015-08-28T02:06:34.827+0200: 38383,003: [GC2015-08-28T02:06:34.827+0200: 38383,003: [ParNew: 288651K->9921K(314560K), 0,0167070 secs] 818885K->541115K(1013632K), 0,0168170 secs] [Times: user=0,13 sys=0,00, real=0,01 secs] 
2015-08-28T02:07:33.897+0200: 38442,074: [GC2015-08-28T02:07:33.897+0200: 38442,074: [ParNew: 289537K->10056K(314560K), 0,0118300 secs] 820731K->542266K(1013632K), 0,0119580 secs] [Times: user=0,08 sys=0,00, real=0,01 secs] 
2015-08-28T02:08:32.847+0200: 38501,023: [GC2015-08-28T02:08:32.847+0200: 38501,023: [ParNew: 289672K->10891K(314560K), 0,0120040 secs] 821882K->544137K(1013632K), 0,0121100 secs] [Times: user=0,11 sys=0,00, real=0,01 secs] 
2015-08-28T02:09:31.509+0200: 38559,685: [GC2015-08-28T02:09:31.509+0200: 38559,685: [ParNew: 290507K->7798K(314560K), 0,0112570 secs] 823753K->541990K(1013632K), 0,0113920 secs] [Times: user=0,08 sys=0,00, real=0,01 secs] 
2015-08-28T02:10:30.105+0200: 38618,282: [GC2015-08-28T02:10:30.105+0200: 38618,282: [ParNew: 287414K->9281K(314560K), 0,0113040 secs] 821606K->544437K(1013632K), 0,0114200 secs] [Times: user=0,07 sys=0,01, real=0,01 secs] 
2015-08-28T02:11:29.128+0200: 38677,304: [GC2015-08-28T02:11:29.128+0200: 38677,304: [ParNew: 288897K->7862K(314560K), 0,0114930 secs] 824053K->543967K(1013632K), 0,0116110 secs] [Times: user=0,09 sys=0,00, real=0,01 secs] 
2015-08-28T02:12:27.886+0200: 38736,062: [GC2015-08-28T02:12:27.886+0200: 38736,062: [ParNew: 287478K->8829K(314560K), 0,0115920 secs] 823583K->545893K(1013632K), 0,0117040 secs] [Times: user=0,09 sys=0,00, real=0,01 secs] 
2015-08-28T02:13:26.735+0200: 38794,911: [GC2015-08-28T02:13:26.735+0200: 38794,911: [ParNew: 288445K->8994K(314560K), 0,0070390 secs] 825509K->547006K(1013632K), 0,0071220 secs] [Times: user=0,05 sys=0,00, real=0,01 secs] 
2015-08-28T02:14:25.293+0200: 38853,469: [GC2015-08-28T02:14:25.293+0200: 38853,469: [ParNew: 288610K->8379K(314560K), 0,0131380 secs] 826622K->547350K(1013632K), 0,0132560 secs] [Times: user=0,07 sys=0,00, real=0,02 secs] 
2015-08-28T02:15:24.318+0200: 38912,494: [GC2015-08-28T02:15:24.318+0200: 38912,494: [ParNew: 287995K->9260K(314560K), 0,0138920 secs] 826966K->549215K(1013632K), 0,0140030 secs] [Times: user=0,08 sys=0,00, real=0,01 secs] 
2015-08-28T02:16:23.105+0200: 38971,281: [GC2015-08-28T02:16:23.105+0200: 38971,282: [ParNew: 288876K->9350K(314560K), 0,0115240 secs] 828831K->550356K(1013632K), 0,0116250 secs] [Times: user=0,07 sys=0,00, real=0,01 secs] 
2015-08-28T02:17:22.252+0200: 39030,428: [GC2015-08-28T02:17:22.252+0200: 39030,429: [ParNew: 288966K->9368K(314560K), 0,0119890 secs] 829972K->551414K(1013632K), 0,0121170 secs] [Times: user=0,10 sys=0,00, real=0,01 secs] 
2015-08-28T02:18:21.021+0200: 39089,198: [GC2015-08-28T02:18:21.021+0200: 39089,198: [ParNew: 288984K->9391K(314560K), 0,0119490 secs] 831030K->552401K(1013632K), 0,0120710 secs] [Times: user=0,08 sys=0,00, real=0,01 secs] 
2015-08-28T02:19:20.287+0200: 39148,464: [GC2015-08-28T02:19:20.287+0200: 39148,464: [ParNew: 289007K->7400K(314560K), 0,0114710 secs] 832017K->551365K(1013632K), 0,0115910 secs] [Times: user=0,10 sys=0,00, real=0,01 secs] 
2015-08-28T02:20:19.139+0200: 39207,316: [GC2015-08-28T02:20:19.139+0200: 39207,316: [ParNew: 287016K->9571K(314560K), 0,0124600 secs] 830981K->554484K(1013632K), 0,0125760 secs] [Times: user=0,08 sys=0,00, real=0,01 secs] 
2015-08-28T02:21:17.709+0200: 39265,885: [GC2015-08-28T02:21:17.709+0200: 39265,886: [ParNew: 289187K->9666K(314560K), 0,0097080 secs] 834100K->555528K(1013632K), 0,0098090 secs] [Times: user=0,07 sys=0,00, real=0,01 secs] 
2015-08-28T02:22:16.636+0200: 39324,813: [GC2015-08-28T02:22:16.636+0200: 39324,813: [ParNew: 289282K->10545K(314560K), 0,0123580 secs] 835144K->557367K(1013632K), 0,0124900 secs] [Times: user=0,08 sys=0,01, real=0,01 secs] 
2015-08-28T02:23:15.826+0200: 39384,002: [GC2015-08-28T02:23:15.826+0200: 39384,002: [ParNew: 290161K->7623K(314560K), 0,0116080 secs] 836983K->555411K(1013632K), 0,0117280 secs] [Times: user=0,10 sys=0,00, real=0,01 secs] 
2015-08-28T02:24:14.720+0200: 39442,897: [GC2015-08-28T02:24:14.720+0200: 39442,897: [ParNew: 287239K->9831K(314560K), 0,0121010 secs] 835027K->558639K(1013632K), 0,0122140 secs] [Times: user=0,09 sys=0,00, real=0,01 secs] 
2015-08-28T02:25:13.849+0200: 39502,026: [GC2015-08-28T02:25:13.849+0200: 39502,026: [ParNew: 289447K->9120K(314560K), 0,0126170 secs] 838255K->558962K(1013632K), 0,0127330 secs] [Times: user=0,09 sys=0,00, real=0,01 secs] 
2015-08-28T02:26:12.818+0200: 39560,995: [GC2015-08-28T02:26:12.818+0200: 39560,995: [ParNew: 288736K->8540K(314560K), 0,0107240 secs] 838578K->559333K(1013632K), 0,0108390 secs] [Times: user=0,08 sys=0,00, real=0,01 secs] 
2015-08-28T02:27:11.111+0200: 39619,288: [GC2015-08-28T02:27:11.111+0200: 39619,288: [ParNew: 288156K->9565K(314560K), 0,0130770 secs] 838949K->561305K(1013632K), 0,0131910 secs] [Times: user=0,08 sys=0,00, real=0,01 secs] 
2015-08-28T02:28:10.095+0200: 39678,271: [GC2015-08-28T02:28:10.095+0200: 39678,271: [ParNew: 289181K->9022K(314560K), 0,0126040 secs] 840921K->561731K(1013632K), 0,0127300 secs] [Times: user=0,09 sys=0,00, real=0,02 secs] 
2015-08-28T02:29:08.956+0200: 39737,132: [GC2015-08-28T02:29:08.956+0200: 39737,132: [ParNew: 288638K->8817K(314560K), 0,0118440 secs] 841347K->562479K(1013632K), 0,0119530 secs] [Times: user=0,10 sys=0,00, real=0,02 secs] 
2015-08-28T02:30:07.934+0200: 39796,111: [GC2015-08-28T02:30:07.934+0200: 39796,111: [ParNew: 288433K->9843K(314560K), 0,0111420 secs] 842095K->564452K(1013632K), 0,0112680 secs] [Times: user=0,08 sys=0,00, real=0,02 secs] 
2015-08-28T02:31:06.286+0200: 39854,463: [GC2015-08-28T02:31:06.286+0200: 39854,463: [ParNew: 289459K->7403K(314560K), 0,0112240 secs] 844068K->562979K(1013632K), 0,0113440 secs] [Times: user=0,10 sys=0,00, real=0,01 secs] 
2015-08-28T02:32:05.098+0200: 39913,274: [GC2015-08-28T02:32:05.098+0200: 39913,274: [ParNew: 287019K->6282K(314560K), 0,0107240 secs] 842595K->562846K(1013632K), 0,0108420 secs] [Times: user=0,07 sys=0,00, real=0,01 secs] 
2015-08-28T02:33:04.197+0200: 39972,374: [GC2015-08-28T02:33:04.197+0200: 39972,374: [ParNew: 285898K->5859K(314560K), 0,0100490 secs] 842462K->563775K(1013632K), 0,0101610 secs] [Times: user=0,07 sys=0,00, real=0,01 secs] 
2015-08-28T02:34:02.961+0200: 40031,138: [GC2015-08-28T02:34:02.962+0200: 40031,138: [ParNew: 285475K->4530K(314560K), 0,0096850 secs] 843391K->563038K(1013632K), 0,0098160 secs] [Times: user=0,06 sys=0,00, real=0,01 secs] 
2015-08-28T02:35:02.024+0200: 40090,201: [GC2015-08-28T02:35:02.024+0200: 40090,201: [ParNew: 284146K->4088K(314560K), 0,0062950 secs] 842654K->563086K(1013632K), 0,0063990 secs] [Times: user=0,05 sys=0,00, real=0,00 secs] 
2015-08-28T02:36:01.084+0200: 40149,261: [GC2015-08-28T02:36:01.084+0200: 40149,261: [ParNew: 283704K->4499K(314560K), 0,0093060 secs] 842702K->563948K(1013632K), 0,0094130 secs] [Times: user=0,06 sys=0,00, real=0,01 secs] 
2015-08-28T02:37:00.318+0200: 40208,494: [GC2015-08-28T02:37:00.318+0200: 40208,494: [ParNew: 284115K->4923K(314560K), 0,0094670 secs] 843564K->564951K(1013632K), 0,0095780 secs] [Times: user=0,05 sys=0,00, real=0,01 secs] 
2015-08-28T02:37:59.204+0200: 40267,380: [GC2015-08-28T02:37:59.204+0200: 40267,380: [ParNew: 284539K->6154K(314560K), 0,0100910 secs] 844567K->566297K(1013632K), 0,0101960 secs] [Times: user=0,06 sys=0,00, real=0,01 secs] 
2015-08-28T02:38:58.105+0200: 40326,281: [GC2015-08-28T02:38:58.105+0200: 40326,282: [ParNew: 285770K->7164K(314560K), 0,0080110 secs] 845913K->567515K(1013632K), 0,0081290 secs] [Times: user=0,04 sys=0,01, real=0,00 secs] 
2015-08-28T02:39:56.819+0200: 40384,995: [GC2015-08-28T02:39:56.819+0200: 40384,995: [ParNew: 286780K->9247K(314560K), 0,0091870 secs] 847131K->570043K(1013632K), 0,0093160 secs] [Times: user=0,06 sys=0,00, real=0,01 secs] 
2015-08-28T02:40:55.464+0200: 40443,640: [GC2015-08-28T02:40:55.464+0200: 40443,640: [ParNew: 288863K->6420K(314560K), 0,0089170 secs] 849659K->567846K(1013632K), 0,0090320 secs] [Times: user=0,06 sys=0,00, real=0,01 secs] 
2015-08-28T02:41:54.433+0200: 40502,609: [GC2015-08-28T02:41:54.433+0200: 40502,610: [ParNew: 286036K->8471K(314560K), 0,0115780 secs] 847462K->570658K(1013632K), 0,0116960 secs] [Times: user=0,08 sys=0,00, real=0,02 secs] 
2015-08-28T02:42:52.997+0200: 40561,174: [GC2015-08-28T02:42:52.997+0200: 40561,174: [ParNew: 288087K->8876K(314560K), 0,0151820 secs] 850274K->571964K(1013632K), 0,0153180 secs] [Times: user=0,08 sys=0,00, real=0,01 secs] 
2015-08-28T02:43:52.065+0200: 40620,241: [GC2015-08-28T02:43:52.065+0200: 40620,241: [ParNew: 288492K->7928K(314560K), 0,0132970 secs] 851580K->571954K(1013632K), 0,0134150 secs] [Times: user=0,10 sys=0,00, real=0,01 secs] 
2015-08-28T02:44:51.033+0200: 40679,210: [GC2015-08-28T02:44:51.033+0200: 40679,210: [ParNew: 287544K->8694K(314560K), 0,0115170 secs] 851570K->573667K(1013632K), 0,0116340 secs] [Times: user=0,08 sys=0,00, real=0,02 secs] 
2015-08-28T02:45:50.269+0200: 40738,445: [GC2015-08-28T02:45:50.269+0200: 40738,445: [ParNew: 288310K->9528K(314560K), 0,0112520 secs] 853283K->575446K(1013632K), 0,0113600 secs] [Times: user=0,08 sys=0,00, real=0,01 secs] 
2015-08-28T02:46:49.234+0200: 40797,411: [GC2015-08-28T02:46:49.235+0200: 40797,411: [ParNew: 289144K->8938K(314560K), 0,0108290 secs] 855062K->575802K(1013632K), 0,0109350 secs] [Times: user=0,10 sys=0,00, real=0,02 secs] 
2015-08-28T02:47:47.847+0200: 40856,023: [GC2015-08-28T02:47:47.847+0200: 40856,023: [ParNew: 288554K->9820K(314560K), 0,0108960 secs] 855418K->577629K(1013632K), 0,0109990 secs] [Times: user=0,11 sys=0,00, real=0,01 secs] 
2015-08-28T02:48:46.847+0200: 40915,023: [GC2015-08-28T02:48:46.847+0200: 40915,023: [ParNew: 289436K->9197K(314560K), 0,0075730 secs] 857245K->577983K(1013632K), 0,0076520 secs] [Times: user=0,06 sys=0,00, real=0,00 secs] 
2015-08-28T02:49:45.836+0200: 40974,013: [GC2015-08-28T02:49:45.836+0200: 40974,013: [ParNew: 288813K->8535K(314560K), 0,0128880 secs] 857599K->578356K(1013632K), 0,0130180 secs] [Times: user=0,07 sys=0,01, real=0,02 secs] 
2015-08-28T02:50:44.659+0200: 41032,836: [GC2015-08-28T02:50:44.659+0200: 41032,836: [ParNew: 288151K->10117K(314560K), 0,0124370 secs] 857972K->580969K(1013632K), 0,0125550 secs] [Times: user=0,08 sys=0,00, real=0,01 secs] 
2015-08-28T02:51:43.199+0200: 41091,376: [GC2015-08-28T02:51:43.199+0200: 41091,376: [ParNew: 289733K->8580K(314560K), 0,0115010 secs] 860585K->580399K(1013632K), 0,0116160 secs] [Times: user=0,09 sys=0,00, real=0,01 secs] 
2015-08-28T02:52:41.866+0200: 41150,042: [GC2015-08-28T02:52:41.866+0200: 41150,042: [ParNew: 288196K->8845K(314560K), 0,0112200 secs] 860015K->581605K(1013632K), 0,0113280 secs] [Times: user=0,06 sys=0,00, real=0,01 secs] 
2015-08-28T02:53:40.518+0200: 41208,695: [GC2015-08-28T02:53:40.519+0200: 41208,695: [ParNew: 288461K->8811K(314560K), 0,0148190 secs] 861221K->582520K(1013632K), 0,0149360 secs] [Times: user=0,11 sys=0,00, real=0,01 secs] 
2015-08-28T02:54:39.678+0200: 41267,855: [GC2015-08-28T02:54:39.678+0200: 41267,855: [ParNew: 288427K->7395K(314560K), 0,0112100 secs] 862136K->582065K(1013632K), 0,0113280 secs] [Times: user=0,09 sys=0,00, real=0,01 secs] 
2015-08-28T02:55:37.847+0200: 41326,023: [GC2015-08-28T02:55:37.847+0200: 41326,023: [ParNew: 287011K->8976K(314560K), 0,0117470 secs] 861681K->584594K(1013632K), 0,0118570 secs] [Times: user=0,09 sys=0,00, real=0,01 secs] 
2015-08-28T02:56:36.789+0200: 41384,965: [GC2015-08-28T02:56:36.789+0200: 41384,966: [ParNew: 288592K->10624K(314560K), 0,0109730 secs] 864210K->587196K(1013632K), 0,0110830 secs] [Times: user=0,08 sys=0,00, real=0,01 secs] 
2015-08-28T02:57:35.859+0200: 41444,036: [GC2015-08-28T02:57:35.859+0200: 41444,036: [ParNew: 290240K->8145K(314560K), 0,0122670 secs] 866812K->585738K(1013632K), 0,0123890 secs] [Times: user=0,10 sys=0,00, real=0,01 secs] 
2015-08-28T02:58:34.924+0200: 41503,100: [GC2015-08-28T02:58:34.924+0200: 41503,100: [ParNew: 287761K->9088K(314560K), 0,0150410 secs] 865354K->587711K(1013632K), 0,0152040 secs] [Times: user=0,09 sys=0,00, real=0,02 secs] 
2015-08-28T02:59:33.992+0200: 41562,169: [GC2015-08-28T02:59:33.992+0200: 41562,169: [ParNew: 288704K->9066K(314560K), 0,0123750 secs] 867327K->588614K(1013632K), 0,0124760 secs] [Times: user=0,08 sys=0,00, real=0,02 secs] 
2015-08-28T03:00:32.973+0200: 41621,149: [GC2015-08-28T03:00:32.973+0200: 41621,149: [ParNew: 288682K->9452K(314560K), 0,0115680 secs] 868230K->589956K(1013632K), 0,0117160 secs] [Times: user=0,08 sys=0,01, real=0,02 secs] 
2015-08-28T03:01:31.608+0200: 41679,785: [GC2015-08-28T03:01:31.609+0200: 41679,785: [ParNew: 289068K->8727K(314560K), 0,0115860 secs] 869572K->590187K(1013632K), 0,0117140 secs] [Times: user=0,07 sys=0,00, real=0,01 secs] 
2015-08-28T03:02:30.375+0200: 41738,552: [GC2015-08-28T03:02:30.375+0200: 41738,552: [ParNew: 288343K->8820K(314560K), 0,0111890 secs] 869803K->591220K(1013632K), 0,0113090 secs] [Times: user=0,10 sys=0,00, real=0,02 secs] 
2015-08-28T03:03:29.233+0200: 41797,409: [GC2015-08-28T03:03:29.233+0200: 41797,409: [ParNew: 288436K->9726K(314560K), 0,0118560 secs] 870836K->593065K(1013632K), 0,0119910 secs] [Times: user=0,08 sys=0,00, real=0,02 secs] 
2015-08-28T03:04:28.105+0200: 41856,281: [GC2015-08-28T03:04:28.105+0200: 41856,281: [ParNew: 289342K->9127K(314560K), 0,0112480 secs] 872681K->593421K(1013632K), 0,0113680 secs] [Times: user=0,07 sys=0,00, real=0,00 secs] 
2015-08-28T03:05:26.845+0200: 41915,022: [GC2015-08-28T03:05:26.845+0200: 41915,022: [ParNew: 288743K->7702K(314560K), 0,0111240 secs] 873037K->592981K(1013632K), 0,0112470 secs] [Times: user=0,08 sys=0,00, real=0,01 secs] 
2015-08-28T03:06:25.414+0200: 41973,590: [GC2015-08-28T03:06:25.414+0200: 41973,590: [ParNew: 287318K->9326K(314560K), 0,0116700 secs] 872597K->595642K(1013632K), 0,0117700 secs] [Times: user=0,10 sys=0,00, real=0,02 secs] 
2015-08-28T03:07:24.479+0200: 42032,656: [GC2015-08-28T03:07:24.479+0200: 42032,656: [ParNew: 288942K->9343K(314560K), 0,0118240 secs] 875258K->596701K(1013632K), 0,0119350 secs] [Times: user=0,10 sys=0,00, real=0,01 secs] 
2015-08-28T03:08:23.105+0200: 42091,281: [GC2015-08-28T03:08:23.105+0200: 42091,281: [ParNew: 288959K->10141K(314560K), 0,0107580 secs] 876317K->598474K(1013632K), 0,0108710 secs] [Times: user=0,07 sys=0,00, real=0,00 secs] 
2015-08-28T03:09:22.095+0200: 42150,272: [GC2015-08-28T03:09:22.095+0200: 42150,272: [ParNew: 289757K->7459K(314560K), 0,0115590 secs] 878090K->596742K(1013632K), 0,0116810 secs] [Times: user=0,10 sys=0,00, real=0,02 secs] 
2015-08-28T03:10:20.660+0200: 42208,836: [GC2015-08-28T03:10:20.660+0200: 42208,836: [ParNew: 287075K->9330K(314560K), 0,0124070 secs] 876358K->599554K(1013632K), 0,0125500 secs] [Times: user=0,08 sys=0,00, real=0,01 secs] 
2015-08-28T03:11:19.511+0200: 42267,688: [GC2015-08-28T03:11:19.511+0200: 42267,688: [ParNew: 288946K->9429K(314560K), 0,0148000 secs] 879170K->600601K(1013632K), 0,0149170 secs] [Times: user=0,11 sys=0,00, real=0,02 secs] 
2015-08-28T03:12:18.267+0200: 42326,444: [GC2015-08-28T03:12:18.267+0200: 42326,444: [ParNew: 289045K->9732K(314560K), 0,0122010 secs] 880217K->601848K(1013632K), 0,0123130 secs] [Times: user=0,09 sys=0,00, real=0,01 secs] 
2015-08-28T03:13:17.332+0200: 42385,508: [GC2015-08-28T03:13:17.332+0200: 42385,508: [ParNew: 289348K->9146K(314560K), 0,0134900 secs] 881464K->602228K(1013632K), 0,0136020 secs] [Times: user=0,11 sys=0,00, real=0,02 secs] 
2015-08-28T03:14:16.396+0200: 42444,573: [GC2015-08-28T03:14:16.396+0200: 42444,573: [ParNew: 288762K->8504K(314560K), 0,0142080 secs] 881844K->602618K(1013632K), 0,0143140 secs] [Times: user=0,11 sys=0,00, real=0,02 secs] 
2015-08-28T03:15:15.465+0200: 42503,641: [GC2015-08-28T03:15:15.465+0200: 42503,641: [ParNew: 288120K->10116K(314560K), 0,0117840 secs] 882234K->605263K(1013632K), 0,0118980 secs] [Times: user=0,08 sys=0,00, real=0,01 secs] 
2015-08-28T03:16:14.534+0200: 42562,710: [GC2015-08-28T03:16:14.534+0200: 42562,710: [ParNew: 289732K->9358K(314560K), 0,0120640 secs] 884879K->605457K(1013632K), 0,0121780 secs] [Times: user=0,08 sys=0,00, real=0,02 secs] 
2015-08-28T03:17:13.105+0200: 42621,281: [GC2015-08-28T03:17:13.105+0200: 42621,281: [ParNew: 288974K->9566K(314560K), 0,0118900 secs] 885073K->606617K(1013632K), 0,0120150 secs] [Times: user=0,08 sys=0,00, real=0,01 secs] 
2015-08-28T03:18:12.148+0200: 42680,324: [GC2015-08-28T03:18:12.148+0200: 42680,324: [ParNew: 289182K->8787K(314560K), 0,0116460 secs] 886233K->606780K(1013632K), 0,0117670 secs] [Times: user=0,10 sys=0,00, real=0,01 secs] 
2015-08-28T03:19:11.089+0200: 42739,266: [GC2015-08-28T03:19:11.089+0200: 42739,266: [ParNew: 288403K->8886K(314560K), 0,0124320 secs] 886396K->607839K(1013632K), 0,0125570 secs] [Times: user=0,08 sys=0,00, real=0,01 secs] 
2015-08-28T03:20:09.761+0200: 42797,937: [GC2015-08-28T03:20:09.761+0200: 42797,937: [ParNew: 288502K->10502K(314560K), 0,0130110 secs] 887455K->610424K(1013632K), 0,0131170 secs] [Times: user=0,09 sys=0,00, real=0,01 secs] 
2015-08-28T03:21:08.329+0200: 42856,506: [GC2015-08-28T03:21:08.329+0200: 42856,506: [ParNew: 290118K->8042K(314560K), 0,0124450 secs] 890040K->608910K(1013632K), 0,0125850 secs] [Times: user=0,09 sys=0,00, real=0,01 secs] 
2015-08-28T03:22:06.891+0200: 42915,067: [GC2015-08-28T03:22:06.891+0200: 42915,067: [ParNew: 287658K->9765K(314560K), 0,0112480 secs] 888526K->611626K(1013632K), 0,0113680 secs] [Times: user=0,09 sys=0,00, real=0,01 secs] 
2015-08-28T03:23:05.958+0200: 42974,134: [GC2015-08-28T03:23:05.958+0200: 42974,134: [ParNew: 289381K->8339K(314560K), 0,0118470 secs] 891242K->611233K(1013632K), 0,0119630 secs] [Times: user=0,10 sys=0,00, real=0,01 secs] 
2015-08-28T03:24:04.918+0200: 43033,094: [GC2015-08-28T03:24:04.918+0200: 43033,094: [ParNew: 287955K->8516K(314560K), 0,0133020 secs] 890849K->612455K(1013632K), 0,0134340 secs] [Times: user=0,08 sys=0,00, real=0,01 secs] 
2015-08-28T03:25:04.085+0200: 43092,262: [GC2015-08-28T03:25:04.085+0200: 43092,262: [ParNew: 288132K->8560K(314560K), 0,0074290 secs] 892071K->613454K(1013632K), 0,0075410 secs] [Times: user=0,05 sys=0,00, real=0,00 secs] 
2015-08-28T03:26:03.105+0200: 43151,281: [GC2015-08-28T03:26:03.105+0200: 43151,281: [ParNew: 288176K->8856K(314560K), 0,0117310 secs] 893070K->614697K(1013632K), 0,0118400 secs] [Times: user=0,07 sys=0,00, real=0,01 secs] 
2015-08-28T03:27:01.504+0200: 43209,681: [GC2015-08-28T03:27:01.504+0200: 43209,681: [ParNew: 288472K->9566K(314560K), 0,0125140 secs] 894313K->616356K(1013632K), 0,0126210 secs] [Times: user=0,06 sys=0,02, real=0,01 secs] 
2015-08-28T03:28:00.262+0200: 43268,439: [GC2015-08-28T03:28:00.262+0200: 43268,439: [ParNew: 289182K->9991K(314560K), 0,0136110 secs] 895972K->617736K(1013632K), 0,0137340 secs] [Times: user=0,11 sys=0,00, real=0,01 secs] 
2015-08-28T03:28:59.328+0200: 43327,504: [GC2015-08-28T03:28:59.328+0200: 43327,504: [ParNew: 289607K->10714K(314560K), 0,0125060 secs] 897352K->619415K(1013632K), 0,0126120 secs] [Times: user=0,09 sys=0,00, real=0,01 secs] 
2015-08-28T03:29:58.105+0200: 43386,282: [GC2015-08-28T03:29:58.105+0200: 43386,282: [ParNew: 290315K->7917K(314560K), 0,0119290 secs] 899016K->617573K(1013632K), 0,0120330 secs] [Times: user=0,10 sys=0,00, real=0,01 secs] 
2015-08-28T03:30:57.111+0200: 43445,287: [GC2015-08-28T03:30:57.111+0200: 43445,287: [ParNew: 287533K->7702K(314560K), 0,0101700 secs] 897189K->618388K(1013632K), 0,0103190 secs] [Times: user=0,07 sys=0,00, real=0,01 secs] 
2015-08-28T03:31:56.232+0200: 43504,408: [GC2015-08-28T03:31:56.232+0200: 43504,409: [ParNew: 287318K->7815K(314560K), 0,0104020 secs] 898004K->619537K(1013632K), 0,0105260 secs] [Times: user=0,09 sys=0,00, real=0,01 secs] 
2015-08-28T03:32:55.053+0200: 43563,230: [GC2015-08-28T03:32:55.053+0200: 43563,230: [ParNew: 287431K->5000K(314560K), 0,0092730 secs] 899153K->618020K(1013632K), 0,0093760 secs] [Times: user=0,07 sys=0,00, real=0,01 secs] 
2015-08-28T03:33:54.116+0200: 43622,293: [GC2015-08-28T03:33:54.117+0200: 43622,293: [ParNew: 284616K->3501K(314560K), 0,0072500 secs] 897636K->617085K(1013632K), 0,0073600 secs] [Times: user=0,04 sys=0,00, real=0,00 secs] 
2015-08-28T03:34:52.847+0200: 43681,023: [GC2015-08-28T03:34:52.847+0200: 43681,023: [ParNew: 283117K->4535K(314560K), 0,0070380 secs] 896701K->618617K(1013632K), 0,0071560 secs] [Times: user=0,07 sys=0,00, real=0,00 secs] 
2015-08-28T03:35:51.730+0200: 43739,907: [GC2015-08-28T03:35:51.731+0200: 43739,907: [ParNew: 284151K->4349K(314560K), 0,0070060 secs] 898233K->618976K(1013632K), 0,0071310 secs] [Times: user=0,05 sys=0,00, real=0,01 secs] 
2015-08-28T03:36:50.494+0200: 43798,671: [GC2015-08-28T03:36:50.494+0200: 43798,671: [ParNew: 283965K->4636K(314560K), 0,0068770 secs] 898592K->619840K(1013632K), 0,0069800 secs] [Times: user=0,06 sys=0,00, real=0,01 secs] 
2015-08-28T03:37:49.345+0200: 43857,522: [GC2015-08-28T03:37:49.345+0200: 43857,522: [ParNew: 284252K->5421K(314560K), 0,0077900 secs] 899456K->620734K(1013632K), 0,0079100 secs] [Times: user=0,06 sys=0,00, real=0,00 secs] 
2015-08-28T03:38:48.103+0200: 43916,279: [GC2015-08-28T03:38:48.103+0200: 43916,279: [ParNew: 285037K->6692K(314560K), 0,0093990 secs] 900350K->622237K(1013632K), 0,0095130 secs] [Times: user=0,06 sys=0,00, real=0,01 secs] 
2015-08-28T03:39:46.953+0200: 43975,130: [GC2015-08-28T03:39:46.954+0200: 43975,130: [ParNew: 286308K->8045K(314560K), 0,0107580 secs] 901853K->624105K(1013632K), 0,0108880 secs] [Times: user=0,07 sys=0,00, real=0,02 secs] 
2015-08-28T03:40:45.713+0200: 44033,890: [GC2015-08-28T03:40:45.714+0200: 44033,890: [ParNew: 287661K->9052K(314560K), 0,0099620 secs] 903721K->625703K(1013632K), 0,0100790 secs] [Times: user=0,06 sys=0,00, real=0,01 secs] 
2015-08-28T03:41:44.561+0200: 44092,737: [GC2015-08-28T03:41:44.561+0200: 44092,737: [ParNew: 288668K->9152K(314560K), 0,0097200 secs] 905319K->626435K(1013632K), 0,0098380 secs] [Times: user=0,07 sys=0,00, real=0,01 secs] 
2015-08-28T03:42:43.198+0200: 44151,375: [GC2015-08-28T03:42:43.198+0200: 44151,375: [ParNew: 288768K->9188K(314560K), 0,0111430 secs] 906051K->627368K(1013632K), 0,0112460 secs] [Times: user=0,09 sys=0,00, real=0,01 secs] 
2015-08-28T03:43:42.129+0200: 44210,306: [GC2015-08-28T03:43:42.129+0200: 44210,306: [ParNew: 288804K->10063K(314560K), 0,0117670 secs] 906984K->629160K(1013632K), 0,0118790 secs] [Times: user=0,10 sys=0,00, real=0,01 secs] 
2015-08-28T03:44:41.303+0200: 44269,479: [GC2015-08-28T03:44:41.303+0200: 44269,479: [ParNew: 289679K->7293K(314560K), 0,0112720 secs] 908776K->627333K(1013632K), 0,0113960 secs] [Times: user=0,10 sys=0,00, real=0,01 secs] 
2015-08-28T03:45:40.236+0200: 44328,412: [GC2015-08-28T03:45:40.236+0200: 44328,412: [ParNew: 286909K->8788K(314560K), 0,0114600 secs] 906949K->629768K(1013632K), 0,0115740 secs] [Times: user=0,10 sys=0,00, real=0,02 secs] 
2015-08-28T03:46:39.343+0200: 44387,520: [GC2015-08-28T03:46:39.343+0200: 44387,520: [ParNew: 288404K->8134K(314560K), 0,0116920 secs] 909384K->630034K(1013632K), 0,0117970 secs] [Times: user=0,10 sys=0,00, real=0,01 secs] 
2015-08-28T03:47:38.105+0200: 44446,281: [GC2015-08-28T03:47:38.105+0200: 44446,281: [ParNew: 287750K->9963K(314560K), 0,0160330 secs] 909650K->632890K(1013632K), 0,0161430 secs] [Times: user=0,09 sys=0,01, real=0,01 secs] 
2015-08-28T03:48:37.220+0200: 44505,397: [GC2015-08-28T03:48:37.220+0200: 44505,397: [ParNew: 289579K->9282K(314560K), 0,0116140 secs] 912506K->633233K(1013632K), 0,0117420 secs] [Times: user=0,08 sys=0,00, real=0,01 secs] 
2015-08-28T03:49:36.415+0200: 44564,592: [GC2015-08-28T03:49:36.415+0200: 44564,592: [ParNew: 288898K->6998K(314560K), 0,0140140 secs] 912849K->631889K(1013632K), 0,0141260 secs] [Times: user=0,12 sys=0,00, real=0,02 secs] 
2015-08-28T03:50:35.076+0200: 44623,252: [GC2015-08-28T03:50:35.076+0200: 44623,252: [ParNew: 286614K->8813K(314560K), 0,0112130 secs] 911505K->634665K(1013632K), 0,0113320 secs] [Times: user=0,08 sys=0,00, real=0,02 secs] 
2015-08-28T03:51:34.145+0200: 44682,321: [GC2015-08-28T03:51:34.145+0200: 44682,321: [ParNew: 288429K->10208K(314560K), 0,0113600 secs] 914281K->637006K(1013632K), 0,0114790 secs] [Times: user=0,08 sys=0,00, real=0,00 secs] 
2015-08-28T03:52:32.710+0200: 44740,887: [GC2015-08-28T03:52:32.710+0200: 44740,887: [ParNew: 289824K->7801K(314560K), 0,0113720 secs] 916622K->635552K(1013632K), 0,0114880 secs] [Times: user=0,08 sys=0,00, real=0,01 secs] 
2015-08-28T03:53:31.771+0200: 44799,948: [GC2015-08-28T03:53:31.771+0200: 44799,948: [ParNew: 287417K->9457K(314560K), 0,0124050 secs] 915168K->638152K(1013632K), 0,0125260 secs] [Times: user=0,09 sys=0,00, real=0,01 secs] 
2015-08-28T03:54:30.632+0200: 44858,808: [GC2015-08-28T03:54:30.632+0200: 44858,809: [ParNew: 289073K->9607K(314560K), 0,0116880 secs] 917768K->639259K(1013632K), 0,0118370 secs] [Times: user=0,10 sys=0,00, real=0,01 secs] 
2015-08-28T03:55:29.883+0200: 44918,060: [GC2015-08-28T03:55:29.883+0200: 44918,060: [ParNew: 289223K->9147K(314560K), 0,0119800 secs] 918875K->639786K(1013632K), 0,0120920 secs] [Times: user=0,09 sys=0,00, real=0,01 secs] 
2015-08-28T03:56:28.731+0200: 44976,908: [GC2015-08-28T03:56:28.732+0200: 44976,908: [ParNew: 288763K->9279K(314560K), 0,0118000 secs] 919402K->640941K(1013632K), 0,0119280 secs] [Times: user=0,08 sys=0,00, real=0,01 secs] 
2015-08-28T03:57:27.847+0200: 45036,023: [GC2015-08-28T03:57:27.847+0200: 45036,023: [ParNew: 288895K->9331K(314560K), 0,0122620 secs] 920557K->642025K(1013632K), 0,0123850 secs] [Times: user=0,10 sys=0,00, real=0,01 secs] 
2015-08-28T03:58:26.561+0200: 45094,737: [GC2015-08-28T03:58:26.561+0200: 45094,737: [ParNew: 288947K->8565K(314560K), 0,0113620 secs] 921641K->642208K(1013632K), 0,0114970 secs] [Times: user=0,07 sys=0,01, real=0,01 secs] 
2015-08-28T03:59:25.623+0200: 45153,800: [GC2015-08-28T03:59:25.623+0200: 45153,800: [ParNew: 288181K->9605K(314560K), 0,0122080 secs] 921824K->644206K(1013632K), 0,0123180 secs] [Times: user=0,09 sys=0,00, real=0,01 secs] 
2015-08-28T04:00:24.389+0200: 45212,566: [GC2015-08-28T04:00:24.389+0200: 45212,566: [ParNew: 289221K->8838K(314560K), 0,0117810 secs] 923822K->644389K(1013632K), 0,0119040 secs] [Times: user=0,08 sys=0,00, real=0,01 secs] 
2015-08-28T04:01:22.933+0200: 45271,109: [GC2015-08-28T04:01:22.933+0200: 45271,109: [ParNew: 288454K->9659K(314560K), 0,0117130 secs] 924005K->646168K(1013632K), 0,0118190 secs] [Times: user=0,08 sys=0,00, real=0,02 secs] 
2015-08-28T04:02:21.795+0200: 45329,972: [GC2015-08-28T04:02:21.795+0200: 45329,972: [ParNew: 289275K->9010K(314560K), 0,0141250 secs] 925784K->646470K(1013632K), 0,0142300 secs] [Times: user=0,11 sys=0,00, real=0,02 secs] 
2015-08-28T04:03:20.865+0200: 45389,042: [GC2015-08-28T04:03:20.865+0200: 45389,042: [ParNew: 288626K->9886K(314560K), 0,0128240 secs] 926086K->648287K(1013632K), 0,0129340 secs] [Times: user=0,09 sys=0,00, real=0,01 secs] 
2015-08-28T04:04:19.928+0200: 45448,105: [GC2015-08-28T04:04:19.928+0200: 45448,105: [ParNew: 289502K->9266K(314560K), 0,0115550 secs] 927903K->648705K(1013632K), 0,0116660 secs] [Times: user=0,09 sys=0,00, real=0,01 secs] 
2015-08-28T04:05:18.989+0200: 45507,165: [GC2015-08-28T04:05:18.989+0200: 45507,165: [ParNew: 288882K->9318K(314560K), 0,0161850 secs] 928321K->649801K(1013632K), 0,0162910 secs] [Times: user=0,12 sys=0,00, real=0,02 secs] 
2015-08-28T04:06:18.105+0200: 45566,281: [GC2015-08-28T04:06:18.105+0200: 45566,281: [ParNew: 288934K->8550K(314560K), 0,0123850 secs] 929417K->649974K(1013632K), 0,0125130 secs] [Times: user=0,09 sys=0,00, real=0,01 secs] 
2015-08-28T04:07:17.107+0200: 45625,283: [GC2015-08-28T04:07:17.107+0200: 45625,283: [ParNew: 288166K->8809K(314560K), 0,0148040 secs] 929590K->651171K(1013632K), 0,0149100 secs] [Times: user=0,11 sys=0,00, real=0,01 secs] 
2015-08-28T04:08:16.175+0200: 45684,352: [GC2015-08-28T04:08:16.175+0200: 45684,352: [ParNew: 288425K->9505K(314560K), 0,0122180 secs] 930787K->652815K(1013632K), 0,0123420 secs] [Times: user=0,09 sys=0,00, real=0,02 secs] 
2015-08-28T04:08:16.188+0200: 45684,364: [GC [1 CMS-initial-mark: 643310K(699072K)] 655585K(1013632K), 0,0101500 secs] [Times: user=0,00 sys=0,00, real=0,01 secs] 
2015-08-28T04:08:16.198+0200: 45684,375: [CMS-concurrent-mark-start]
2015-08-28T04:08:16.227+0200: 45684,403: [CMS-concurrent-mark: 0,028/0,029 secs] [Times: user=0,08 sys=0,00, real=0,03 secs] 
2015-08-28T04:08:16.227+0200: 45684,403: [CMS-concurrent-preclean-start]
2015-08-28T04:08:16.228+0200: 45684,405: [CMS-concurrent-preclean: 0,002/0,002 secs] [Times: user=0,00 sys=0,00, real=0,00 secs] 
2015-08-28T04:08:16.228+0200: 45684,405: [CMS-concurrent-abortable-preclean-start]
 CMS: abort preclean due to time 2015-08-28T04:08:21.351+0200: 45689,527: [CMS-concurrent-abortable-preclean: 2,820/5,122 secs] [Times: user=3,50 sys=0,00, real=5,12 secs] 
2015-08-28T04:08:21.351+0200: 45689,527: [GC[YG occupancy: 37475 K (314560 K)]2015-08-28T04:08:21.351+0200: 45689,528: [GC2015-08-28T04:08:21.351+0200: 45689,528: [ParNew: 37475K->5904K(314560K), 0,0061040 secs] 680785K->650170K(1013632K), 0,0061750 secs] [Times: user=0,06 sys=0,00, real=0,01 secs] 
2015-08-28T04:08:21.357+0200: 45689,534: [Rescan (parallel) , 0,0038610 secs]2015-08-28T04:08:21.361+0200: 45689,538: [weak refs processing, 0,0000570 secs]2015-08-28T04:08:21.361+0200: 45689,538: [class unloading, 0,0012400 secs]2015-08-28T04:08:21.362+0200: 45689,539: [scrub symbol table, 0,0008820 secs]2015-08-28T04:08:21.363+0200: 45689,540: [scrub string table, 0,0001650 secs] [1 CMS-remark: 644265K(699072K)] 650170K(1013632K), 0,0130640 secs] [Times: user=0,06 sys=0,00, real=0,01 secs] 
2015-08-28T04:08:21.364+0200: 45689,541: [CMS-concurrent-sweep-start]
2015-08-28T04:08:22.015+0200: 45690,192: [CMS-concurrent-sweep: 0,651/0,651 secs] [Times: user=0,80 sys=0,00, real=0,65 secs] 
2015-08-28T04:08:22.015+0200: 45690,192: [CMS-concurrent-reset-start]
2015-08-28T04:08:22.016+0200: 45690,193: [CMS-concurrent-reset: 0,001/0,001 secs] [Times: user=0,00 sys=0,00, real=0,00 secs] 
2015-08-28T04:09:19.632+0200: 45747,809: [GC2015-08-28T04:09:19.633+0200: 45747,809: [ParNew: 285520K->7913K(314560K), 0,0110600 secs] 291695K->15051K(1013632K), 0,0111710 secs] [Times: user=0,07 sys=0,00, real=0,01 secs] 
2015-08-28T04:10:18.949+0200: 45807,126: [GC2015-08-28T04:10:18.949+0200: 45807,126: [ParNew: 287529K->8389K(314560K), 0,0116820 secs] 294667K->16477K(1013632K), 0,0117970 secs] [Times: user=0,06 sys=0,00, real=0,01 secs] 
2015-08-28T04:11:18.316+0200: 45866,492: [GC2015-08-28T04:11:18.316+0200: 45866,492: [ParNew: 288005K->7800K(314560K), 0,0114580 secs] 296093K->16881K(1013632K), 0,0115740 secs] [Times: user=0,08 sys=0,00, real=0,02 secs] 
2015-08-28T04:12:16.870+0200: 45925,047: [GC2015-08-28T04:12:16.870+0200: 45925,047: [ParNew: 287416K->7220K(314560K), 0,0107420 secs] 296497K->17327K(1013632K), 0,0108330 secs] [Times: user=0,06 sys=0,00, real=0,01 secs] 
2015-08-28T04:13:15.438+0200: 45983,615: [GC2015-08-28T04:13:15.438+0200: 45983,615: [ParNew: 286836K->7235K(314560K), 0,0108320 secs] 296943K->18377K(1013632K), 0,0109480 secs] [Times: user=0,10 sys=0,00, real=0,01 secs] 
2015-08-28T04:14:14.522+0200: 46042,699: [GC2015-08-28T04:14:14.522+0200: 46042,699: [ParNew: 286851K->9230K(314560K), 0,0099470 secs] 297993K->20459K(1013632K), 0,0100650 secs] [Times: user=0,06 sys=0,00, real=0,01 secs] 
2015-08-28T04:15:13.198+0200: 46101,375: [GC2015-08-28T04:15:13.199+0200: 46101,375: [ParNew: 288846K->8405K(314560K), 0,0106720 secs] 300075K->20574K(1013632K), 0,0107840 secs] [Times: user=0,09 sys=0,00, real=0,01 secs] 
2015-08-28T04:16:12.143+0200: 46160,319: [GC2015-08-28T04:16:12.143+0200: 46160,319: [ParNew: 288021K->8643K(314560K), 0,0112950 secs] 300190K->21764K(1013632K), 0,0114260 secs] [Times: user=0,09 sys=0,00, real=0,01 secs] 
2015-08-28T04:17:11.210+0200: 46219,386: [GC2015-08-28T04:17:11.210+0200: 46219,386: [ParNew: 288259K->8076K(314560K), 0,0108930 secs] 301380K->22158K(1013632K), 0,0110090 secs] [Times: user=0,09 sys=0,00, real=0,01 secs] 
2015-08-28T04:18:10.273+0200: 46278,450: [GC2015-08-28T04:18:10.273+0200: 46278,450: [ParNew: 287692K->8931K(314560K), 0,0108540 secs] 301774K->23948K(1013632K), 0,0109940 secs] [Times: user=0,07 sys=0,00, real=0,01 secs] 
2015-08-28T04:19:09.338+0200: 46337,514: [GC2015-08-28T04:19:09.338+0200: 46337,514: [ParNew: 288547K->8322K(314560K), 0,0116920 secs] 303564K->24299K(1013632K), 0,0117950 secs] [Times: user=0,09 sys=0,00, real=0,01 secs] 
2015-08-28T04:20:08.105+0200: 46396,281: [GC2015-08-28T04:20:08.105+0200: 46396,281: [ParNew: 287938K->9983K(314560K), 0,0131010 secs] 303915K->26915K(1013632K), 0,0132100 secs] [Times: user=0,08 sys=0,00, real=0,01 secs] 
2015-08-28T04:21:07.155+0200: 46455,332: [GC2015-08-28T04:21:07.155+0200: 46455,332: [ParNew: 289599K->8559K(314560K), 0,0107150 secs] 306531K->26538K(1013632K), 0,0108400 secs] [Times: user=0,10 sys=0,00, real=0,02 secs] 
2015-08-28T04:22:06.005+0200: 46514,181: [GC2015-08-28T04:22:06.005+0200: 46514,181: [ParNew: 288175K->9373K(314560K), 0,0122720 secs] 306154K->28401K(1013632K), 0,0123860 secs] [Times: user=0,10 sys=0,00, real=0,01 secs] 
2015-08-28T04:23:05.069+0200: 46573,245: [GC2015-08-28T04:23:05.069+0200: 46573,245: [ParNew: 288989K->7809K(314560K), 0,0110610 secs] 308017K->27783K(1013632K), 0,0111750 secs] [Times: user=0,08 sys=0,00, real=0,01 secs] 
2015-08-28T04:24:03.832+0200: 46632,008: [GC2015-08-28T04:24:03.832+0200: 46632,008: [ParNew: 287425K->8122K(314560K), 0,0109730 secs] 307399K->29050K(1013632K), 0,0110710 secs] [Times: user=0,07 sys=0,00, real=0,01 secs] 
2015-08-28T04:25:02.583+0200: 46690,760: [GC2015-08-28T04:25:02.583+0200: 46690,760: [ParNew: 287738K->9558K(314560K), 0,0147990 secs] 308666K->31451K(1013632K), 0,0149090 secs] [Times: user=0,11 sys=0,00, real=0,02 secs] 
2015-08-28T04:26:01.236+0200: 46749,412: [GC2015-08-28T04:26:01.236+0200: 46749,412: [ParNew: 289174K->9645K(314560K), 0,0118310 secs] 311067K->32484K(1013632K), 0,0119500 secs] [Times: user=0,08 sys=0,00, real=0,02 secs] 
2015-08-28T04:26:59.485+0200: 46807,662: [GC2015-08-28T04:26:59.485+0200: 46807,662: [ParNew: 289261K->11299K(314560K), 0,0129690 secs] 312100K->35102K(1013632K), 0,0130980 secs] [Times: user=0,09 sys=0,00, real=0,01 secs] 
2015-08-28T04:27:58.062+0200: 46866,238: [GC2015-08-28T04:27:58.062+0200: 46866,239: [ParNew: 290915K->10222K(314560K), 0,0116900 secs] 314718K->34974K(1013632K), 0,0118090 secs] [Times: user=0,10 sys=0,00, real=0,01 secs] 
2015-08-28T04:28:57.178+0200: 46925,355: [GC2015-08-28T04:28:57.178+0200: 46925,355: [ParNew: 289838K->7605K(314560K), 0,0117180 secs] 314590K->33365K(1013632K), 0,0118300 secs] [Times: user=0,10 sys=0,00, real=0,01 secs] 
2015-08-28T04:29:55.470+0200: 46983,646: [GC2015-08-28T04:29:55.470+0200: 46983,646: [ParNew: 287221K->10400K(314560K), 0,0111290 secs] 312981K->37200K(1013632K), 0,0112450 secs] [Times: user=0,07 sys=0,01, real=0,01 secs] 
2015-08-28T04:30:54.187+0200: 47042,363: [GC2015-08-28T04:30:54.187+0200: 47042,363: [ParNew: 290016K->7843K(314560K), 0,0104290 secs] 316816K->35599K(1013632K), 0,0105350 secs] [Times: user=0,10 sys=0,00, real=0,01 secs] 
2015-08-28T04:31:53.089+0200: 47101,266: [GC2015-08-28T04:31:53.090+0200: 47101,266: [ParNew: 287459K->5525K(314560K), 0,0094170 secs] 315215K->34248K(1013632K), 0,0095210 secs] [Times: user=0,07 sys=0,00, real=0,01 secs] 
2015-08-28T04:32:52.154+0200: 47160,331: [GC2015-08-28T04:32:52.154+0200: 47160,331: [ParNew: 285141K->5069K(314560K), 0,0095110 secs] 313864K->35087K(1013632K), 0,0096250 secs] [Times: user=0,07 sys=0,00, real=0,01 secs] 
2015-08-28T04:33:50.717+0200: 47218,893: [GC2015-08-28T04:33:50.717+0200: 47218,893: [ParNew: 284685K->4377K(314560K), 0,0077340 secs] 314703K->34967K(1013632K), 0,0078670 secs] [Times: user=0,04 sys=0,01, real=0,01 secs] 
2015-08-28T04:34:49.775+0200: 47277,951: [GC2015-08-28T04:34:49.775+0200: 47277,952: [ParNew: 283993K->4344K(314560K), 0,0070790 secs] 314583K->35436K(1013632K), 0,0071870 secs] [Times: user=0,05 sys=0,00, real=0,01 secs] 
2015-08-28T04:35:48.332+0200: 47336,509: [GC2015-08-28T04:35:48.332+0200: 47336,509: [ParNew: 283960K->4264K(314560K), 0,0080060 secs] 315052K->35914K(1013632K), 0,0081130 secs] [Times: user=0,03 sys=0,01, real=0,01 secs] 
2015-08-28T04:36:47.395+0200: 47395,571: [GC2015-08-28T04:36:47.395+0200: 47395,572: [ParNew: 283880K->5031K(314560K), 0,0071070 secs] 315530K->37264K(1013632K), 0,0072070 secs] [Times: user=0,06 sys=0,00, real=0,01 secs] 
2015-08-28T04:37:46.457+0200: 47454,633: [GC2015-08-28T04:37:46.457+0200: 47454,633: [ParNew: 284647K->6189K(314560K), 0,0073550 secs] 316880K->38623K(1013632K), 0,0074750 secs] [Times: user=0,04 sys=0,01, real=0,00 secs] 
2015-08-28T04:38:45.495+0200: 47513,672: [GC2015-08-28T04:38:45.495+0200: 47513,672: [ParNew: 285805K->7914K(314560K), 0,0085690 secs] 318239K->40644K(1013632K), 0,0086900 secs] [Times: user=0,06 sys=0,00, real=0,01 secs] 
2015-08-28T04:39:44.566+0200: 47572,743: [GC2015-08-28T04:39:44.566+0200: 47572,743: [ParNew: 287530K->8159K(314560K), 0,0092110 secs] 320260K->41344K(1013632K), 0,0093270 secs] [Times: user=0,07 sys=0,00, real=0,00 secs] 
2015-08-28T04:40:43.632+0200: 47631,809: [GC2015-08-28T04:40:43.632+0200: 47631,809: [ParNew: 287775K->7502K(314560K), 0,0105010 secs] 320960K->41224K(1013632K), 0,0106260 secs] [Times: user=0,06 sys=0,00, real=0,01 secs] 
2015-08-28T04:41:42.650+0200: 47690,826: [GC2015-08-28T04:41:42.650+0200: 47690,826: [ParNew: 287118K->9584K(314560K), 0,0099920 secs] 320840K->43948K(1013632K), 0,0101200 secs] [Times: user=0,08 sys=0,00, real=0,01 secs] 
2015-08-28T04:42:41.746+0200: 47749,923: [GC2015-08-28T04:42:41.746+0200: 47749,923: [ParNew: 289200K->8987K(314560K), 0,0099800 secs] 323564K->44207K(1013632K), 0,0101090 secs] [Times: user=0,06 sys=0,01, real=0,00 secs] 
2015-08-28T04:43:40.204+0200: 47808,381: [GC2015-08-28T04:43:40.205+0200: 47808,381: [ParNew: 288603K->9477K(314560K), 0,0104460 secs] 323823K->45632K(1013632K), 0,0105530 secs] [Times: user=0,07 sys=0,00, real=0,00 secs] 
2015-08-28T04:44:39.357+0200: 47867,533: [GC2015-08-28T04:44:39.357+0200: 47867,533: [ParNew: 289093K->9708K(314560K), 0,0118230 secs] 325248K->46795K(1013632K), 0,0119370 secs] [Times: user=0,08 sys=0,00, real=0,01 secs] 
2015-08-28T04:45:38.105+0200: 47926,281: [GC2015-08-28T04:45:38.105+0200: 47926,281: [ParNew: 289324K->9889K(314560K), 0,0116020 secs] 326411K->47947K(1013632K), 0,0117080 secs] [Times: user=0,07 sys=0,00, real=0,01 secs] 
2015-08-28T04:46:36.863+0200: 47985,040: [GC2015-08-28T04:46:36.863+0200: 47985,040: [ParNew: 289505K->8476K(314560K), 0,0123120 secs] 327563K->47570K(1013632K), 0,0124420 secs] [Times: user=0,08 sys=0,00, real=0,01 secs] 
2015-08-28T04:47:35.887+0200: 48044,063: [GC2015-08-28T04:47:35.887+0200: 48044,063: [ParNew: 288092K->7755K(314560K), 0,0106190 secs] 327186K->47795K(1013632K), 0,0107380 secs] [Times: user=0,10 sys=0,00, real=0,01 secs] 
2015-08-28T04:48:34.959+0200: 48103,136: [GC2015-08-28T04:48:34.959+0200: 48103,136: [ParNew: 287371K->8755K(314560K), 0,0101960 secs] 327411K->49724K(1013632K), 0,0103270 secs] [Times: user=0,10 sys=0,00, real=0,01 secs] 
2015-08-28T04:49:33.632+0200: 48161,808: [GC2015-08-28T04:49:33.632+0200: 48161,808: [ParNew: 288371K->8721K(314560K), 0,0136980 secs] 329340K->50633K(1013632K), 0,0137950 secs] [Times: user=0,11 sys=0,00, real=0,02 secs] 
2015-08-28T04:50:32.658+0200: 48220,835: [GC2015-08-28T04:50:32.658+0200: 48220,835: [ParNew: 288337K->8819K(314560K), 0,0113320 secs] 330249K->51677K(1013632K), 0,0114530 secs] [Times: user=0,10 sys=0,00, real=0,01 secs] 
2015-08-28T04:51:31.750+0200: 48279,926: [GC2015-08-28T04:51:31.750+0200: 48279,926: [ParNew: 288435K->9697K(314560K), 0,0121250 secs] 331293K->53507K(1013632K), 0,0122430 secs] [Times: user=0,08 sys=0,00, real=0,01 secs] 
2015-08-28T04:52:30.977+0200: 48339,153: [GC2015-08-28T04:52:30.977+0200: 48339,153: [ParNew: 289313K->9833K(314560K), 0,0113430 secs] 333123K->54615K(1013632K), 0,0114570 secs] [Times: user=0,08 sys=0,01, real=0,01 secs] 
2015-08-28T04:53:29.891+0200: 48398,067: [GC2015-08-28T04:53:29.891+0200: 48398,067: [ParNew: 289449K->9190K(314560K), 0,0105980 secs] 334231K->54931K(1013632K), 0,0107110 secs] [Times: user=0,09 sys=0,00, real=0,01 secs] 
2015-08-28T04:54:28.969+0200: 48457,145: [GC2015-08-28T04:54:28.969+0200: 48457,145: [ParNew: 288806K->9309K(314560K), 0,0113280 secs] 334547K->56076K(1013632K), 0,0114410 secs] [Times: user=0,08 sys=0,00, real=0,01 secs] 
2015-08-28T04:55:27.474+0200: 48515,650: [GC2015-08-28T04:55:27.474+0200: 48515,650: [ParNew: 288925K->10130K(314560K), 0,0122080 secs] 335692K->57939K(1013632K), 0,0123200 secs] [Times: user=0,09 sys=0,00, real=0,02 secs] 
2015-08-28T04:56:26.537+0200: 48574,713: [GC2015-08-28T04:56:26.537+0200: 48574,713: [ParNew: 289746K->10153K(314560K), 0,0161380 secs] 337555K->58918K(1013632K), 0,0162520 secs] [Times: user=0,11 sys=0,00, real=0,01 secs] 
2015-08-28T04:57:25.345+0200: 48633,521: [GC2015-08-28T04:57:25.345+0200: 48633,521: [ParNew: 289769K->7467K(314560K), 0,0118610 secs] 338534K->57182K(1013632K), 0,0119840 secs] [Times: user=0,07 sys=0,01, real=0,01 secs] 
2015-08-28T04:58:24.159+0200: 48692,335: [GC2015-08-28T04:58:24.159+0200: 48692,335: [ParNew: 287083K->9328K(314560K), 0,0110210 secs] 336798K->60001K(1013632K), 0,0111850 secs] [Times: user=0,08 sys=0,00, real=0,01 secs] 
2015-08-28T04:59:23.105+0200: 48751,281: [GC2015-08-28T04:59:23.105+0200: 48751,282: [ParNew: 288944K->8679K(314560K), 0,0118580 secs] 339617K->60304K(1013632K), 0,0119830 secs] [Times: user=0,07 sys=0,00, real=0,01 secs] 
2015-08-28T05:00:22.278+0200: 48810,455: [GC2015-08-28T05:00:22.278+0200: 48810,455: [ParNew: 288295K->9682K(314560K), 0,0108930 secs] 339920K->62256K(1013632K), 0,0110250 secs] [Times: user=0,09 sys=0,00, real=0,01 secs] 
2015-08-28T05:01:20.839+0200: 48869,016: [GC2015-08-28T05:01:20.839+0200: 48869,016: [ParNew: 289298K->9865K(314560K), 0,0162380 secs] 341872K->63402K(1013632K), 0,0163510 secs] [Times: user=0,14 sys=0,00, real=0,01 secs] 
2015-08-28T05:02:19.569+0200: 48927,745: [GC2015-08-28T05:02:19.569+0200: 48927,745: [ParNew: 289481K->9990K(314560K), 0,0116170 secs] 343018K->64537K(1013632K), 0,0117440 secs] [Times: user=0,07 sys=0,00, real=0,01 secs] 
2015-08-28T05:03:18.105+0200: 48986,281: [GC2015-08-28T05:03:18.105+0200: 48986,281: [ParNew: 289606K->10077K(314560K), 0,0118110 secs] 344153K->65650K(1013632K), 0,0119250 secs] [Times: user=0,09 sys=0,00, real=0,01 secs] 
2015-08-28T05:04:17.011+0200: 49045,187: [GC2015-08-28T05:04:17.011+0200: 49045,187: [ParNew: 289693K->8581K(314560K), 0,0121870 secs] 345266K->65103K(1013632K), 0,0123090 secs] [Times: user=0,08 sys=0,00, real=0,01 secs] 
2015-08-28T05:05:16.074+0200: 49104,250: [GC2015-08-28T05:05:16.074+0200: 49104,250: [ParNew: 288197K->8798K(314560K), 0,0125680 secs] 344719K->66265K(1013632K), 0,0126770 secs] [Times: user=0,09 sys=0,00, real=0,02 secs] 
2015-08-28T05:06:15.142+0200: 49163,318: [GC2015-08-28T05:06:15.142+0200: 49163,318: [ParNew: 288414K->8774K(314560K), 0,0114210 secs] 345881K->67197K(1013632K), 0,0115580 secs] [Times: user=0,09 sys=0,00, real=0,01 secs] 
2015-08-28T05:07:13.787+0200: 49221,964: [GC2015-08-28T05:07:13.787+0200: 49221,964: [ParNew: 288390K->8115K(314560K), 0,0109660 secs] 346813K->67482K(1013632K), 0,0110710 secs] [Times: user=0,10 sys=0,00, real=0,01 secs] 
2015-08-28T05:08:12.761+0200: 49280,937: [GC2015-08-28T05:08:12.761+0200: 49280,937: [ParNew: 287731K->8237K(314560K), 0,0115950 secs] 347098K->68573K(1013632K), 0,0116980 secs] [Times: user=0,08 sys=0,00, real=0,01 secs] 
2015-08-28T05:09:11.822+0200: 49339,999: [GC2015-08-28T05:09:11.822+0200: 49339,999: [ParNew: 287853K->9113K(314560K), 0,0110430 secs] 348189K->70420K(1013632K), 0,0111610 secs] [Times: user=0,10 sys=0,00, real=0,01 secs] 
2015-08-28T05:10:11.041+0200: 49399,217: [GC2015-08-28T05:10:11.041+0200: 49399,218: [ParNew: 288729K->9245K(314560K), 0,0133300 secs] 350036K->71499K(1013632K), 0,0134570 secs] [Times: user=0,09 sys=0,00, real=0,01 secs] 
2015-08-28T05:11:09.963+0200: 49458,140: [GC2015-08-28T05:11:09.963+0200: 49458,140: [ParNew: 288861K->9390K(314560K), 0,0119750 secs] 351115K->72697K(1013632K), 0,0120800 secs] [Times: user=0,11 sys=0,00, real=0,01 secs] 
2015-08-28T05:12:09.013+0200: 49517,190: [GC2015-08-28T05:12:09.013+0200: 49517,190: [ParNew: 289006K->10193K(314560K), 0,0125550 secs] 352313K->74535K(1013632K), 0,0126630 secs] [Times: user=0,09 sys=0,00, real=0,02 secs] 
2015-08-28T05:13:07.550+0200: 49575,726: [GC2015-08-28T05:13:07.550+0200: 49575,726: [ParNew: 289809K->7856K(314560K), 0,0112950 secs] 354151K->73158K(1013632K), 0,0114140 secs] [Times: user=0,09 sys=0,00, real=0,01 secs] 
2015-08-28T05:14:06.705+0200: 49634,882: [GC2015-08-28T05:14:06.705+0200: 49634,882: [ParNew: 287472K->9668K(314560K), 0,0119720 secs] 352774K->75938K(1013632K), 0,0120960 secs] [Times: user=0,10 sys=0,00, real=0,01 secs] 
2015-08-28T05:15:05.665+0200: 49693,842: [GC2015-08-28T05:15:05.665+0200: 49693,842: [ParNew: 289284K->9624K(314560K), 0,0114310 secs] 355554K->76865K(1013632K), 0,0115530 secs] [Times: user=0,08 sys=0,00, real=0,01 secs] 
2015-08-28T05:16:04.238+0200: 49752,415: [GC2015-08-28T05:16:04.238+0200: 49752,415: [ParNew: 289240K->8212K(314560K), 0,0115970 secs] 356481K->76415K(1013632K), 0,0117280 secs] [Times: user=0,09 sys=0,00, real=0,01 secs] 
2015-08-28T05:17:03.105+0200: 49811,281: [GC2015-08-28T05:17:03.105+0200: 49811,282: [ParNew: 287828K->9075K(314560K), 0,0114850 secs] 356031K->78227K(1013632K), 0,0116080 secs] [Times: user=0,06 sys=0,01, real=0,01 secs] 
2015-08-28T05:18:01.854+0200: 49870,031: [GC2015-08-28T05:18:01.854+0200: 49870,031: [ParNew: 288691K->9973K(314560K), 0,0104210 secs] 357843K->80082K(1013632K), 0,0105380 secs] [Times: user=0,06 sys=0,00, real=0,02 secs] 
2015-08-28T05:19:00.920+0200: 49929,096: [GC2015-08-28T05:19:00.920+0200: 49929,096: [ParNew: 289589K->9318K(314560K), 0,0118760 secs] 359698K->80454K(1013632K), 0,0119780 secs] [Times: user=0,09 sys=0,00, real=0,01 secs] 
2015-08-28T05:19:59.961+0200: 49988,138: [GC2015-08-28T05:19:59.961+0200: 49988,138: [ParNew: 288934K->7822K(314560K), 0,0109050 secs] 360070K->80002K(1013632K), 0,0110150 secs] [Times: user=0,07 sys=0,00, real=0,01 secs] 
2015-08-28T05:20:58.995+0200: 50047,172: [GC2015-08-28T05:20:58.995+0200: 50047,172: [ParNew: 287438K->8633K(314560K), 0,0127550 secs] 359618K->81776K(1013632K), 0,0128680 secs] [Times: user=0,08 sys=0,00, real=0,02 secs] 
2015-08-28T05:21:57.810+0200: 50105,987: [GC2015-08-28T05:21:57.810+0200: 50105,987: [ParNew: 288249K->8857K(314560K), 0,0109660 secs] 361392K->82963K(1013632K), 0,0110770 secs] [Times: user=0,09 sys=0,00, real=0,01 secs] 
2015-08-28T05:22:56.477+0200: 50164,654: [GC2015-08-28T05:22:56.477+0200: 50164,654: [ParNew: 288473K->9535K(314560K), 0,0125590 secs] 362579K->84596K(1013632K), 0,0126670 secs] [Times: user=0,08 sys=0,00, real=0,01 secs] 
2015-08-28T05:23:55.692+0200: 50223,869: [GC2015-08-28T05:23:55.692+0200: 50223,869: [ParNew: 289151K->8898K(314560K), 0,0115500 secs] 364212K->84903K(1013632K), 0,0116680 secs] [Times: user=0,07 sys=0,00, real=0,01 secs] 
2015-08-28T05:24:54.571+0200: 50282,748: [GC2015-08-28T05:24:54.571+0200: 50282,748: [ParNew: 288514K->9024K(314560K), 0,0143710 secs] 364519K->86001K(1013632K), 0,0144730 secs] [Times: user=0,11 sys=0,00, real=0,02 secs] 
2015-08-28T05:25:53.709+0200: 50341,886: [GC2015-08-28T05:25:53.709+0200: 50341,886: [ParNew: 288640K->9898K(314560K), 0,0116480 secs] 365617K->87844K(1013632K), 0,0117660 secs] [Times: user=0,11 sys=0,00, real=0,01 secs] 
2015-08-28T05:26:52.669+0200: 50400,845: [GC2015-08-28T05:26:52.669+0200: 50400,845: [ParNew: 289514K->9238K(314560K), 0,0120870 secs] 367460K->88152K(1013632K), 0,0122100 secs] [Times: user=0,08 sys=0,01, real=0,01 secs] 
2015-08-28T05:27:51.066+0200: 50459,243: [GC2015-08-28T05:27:51.067+0200: 50459,243: [ParNew: 288854K->10921K(314560K), 0,0122530 secs] 367768K->90879K(1013632K), 0,0123820 secs] [Times: user=0,10 sys=0,00, real=0,01 secs] 
2015-08-28T05:28:50.178+0200: 50518,355: [GC2015-08-28T05:28:50.178+0200: 50518,355: [ParNew: 290537K->9223K(314560K), 0,0126770 secs] 370495K->90237K(1013632K), 0,0128030 secs] [Times: user=0,09 sys=0,00, real=0,01 secs] 
2015-08-28T05:29:49.272+0200: 50577,448: [GC2015-08-28T05:29:49.272+0200: 50577,448: [ParNew: 288839K->7237K(314560K), 0,0106970 secs] 369853K->89200K(1013632K), 0,0108020 secs] [Times: user=0,10 sys=0,00, real=0,01 secs] 
2015-08-28T05:30:47.794+0200: 50635,971: [GC2015-08-28T05:30:47.794+0200: 50635,971: [ParNew: 286853K->7483K(314560K), 0,0106030 secs] 368816K->90405K(1013632K), 0,0107250 secs] [Times: user=0,07 sys=0,00, real=0,02 secs] 
2015-08-28T05:31:46.652+0200: 50694,828: [GC2015-08-28T05:31:46.652+0200: 50694,828: [ParNew: 287099K->7007K(314560K), 0,0136390 secs] 370021K->90878K(1013632K), 0,0137510 secs] [Times: user=0,11 sys=0,00, real=0,02 secs] 
2015-08-28T05:32:45.723+0200: 50753,899: [GC2015-08-28T05:32:45.723+0200: 50753,899: [ParNew: 286623K->6086K(314560K), 0,0103130 secs] 370494K->90927K(1013632K), 0,0104370 secs] [Times: user=0,07 sys=0,00, real=0,01 secs] 
2015-08-28T05:33:44.782+0200: 50812,959: [GC2015-08-28T05:33:44.782+0200: 50812,959: [ParNew: 285702K->5033K(314560K), 0,0088970 secs] 370543K->90817K(1013632K), 0,0090020 secs] [Times: user=0,06 sys=0,00, real=0,01 secs] 
2015-08-28T05:34:43.847+0200: 50872,024: [GC2015-08-28T05:34:43.847+0200: 50872,024: [ParNew: 284649K->3919K(314560K), 0,0071720 secs] 370433K->90191K(1013632K), 0,0072880 secs] [Times: user=0,05 sys=0,00, real=0,00 secs] 
2015-08-28T05:35:42.908+0200: 50931,084: [GC2015-08-28T05:35:42.908+0200: 50931,084: [ParNew: 283535K->4293K(314560K), 0,0068580 secs] 369807K->91215K(1013632K), 0,0069620 secs] [Times: user=0,05 sys=0,00, real=0,00 secs] 
2015-08-28T05:36:41.467+0200: 50989,644: [GC2015-08-28T05:36:41.467+0200: 50989,644: [ParNew: 283909K->4070K(314560K), 0,0069780 secs] 370831K->91645K(1013632K), 0,0070920 secs] [Times: user=0,06 sys=0,00, real=0,00 secs] 
2015-08-28T05:37:40.517+0200: 51048,693: [GC2015-08-28T05:37:40.517+0200: 51048,694: [ParNew: 283686K->4323K(314560K), 0,0058930 secs] 371261K->91973K(1013632K), 0,0059930 secs] [Times: user=0,03 sys=0,00, real=0,00 secs] 
2015-08-28T05:38:39.176+0200: 51107,353: [GC2015-08-28T05:38:39.177+0200: 51107,353: [ParNew: 283939K->5576K(314560K), 0,0072120 secs] 371589K->93346K(1013632K), 0,0073150 secs] [Times: user=0,04 sys=0,01, real=0,00 secs] 
2015-08-28T05:39:38.029+0200: 51166,206: [GC2015-08-28T05:39:38.029+0200: 51166,206: [ParNew: 285192K->7857K(314560K), 0,0083760 secs] 372962K->95845K(1013632K), 0,0084950 secs] [Times: user=0,08 sys=0,00, real=0,01 secs] 
2015-08-28T05:40:36.684+0200: 51224,860: [GC2015-08-28T05:40:36.684+0200: 51224,860: [ParNew: 287473K->9441K(314560K), 0,0100360 secs] 375461K->97905K(1013632K), 0,0101640 secs] [Times: user=0,09 sys=0,00, real=0,01 secs] 
2015-08-28T05:41:35.247+0200: 51283,424: [GC2015-08-28T05:41:35.247+0200: 51283,424: [ParNew: 289057K->7318K(314560K), 0,0114940 secs] 377521K->96412K(1013632K), 0,0116190 secs] [Times: user=0,08 sys=0,00, real=0,01 secs] 
2015-08-28T05:42:33.813+0200: 51341,989: [GC2015-08-28T05:42:33.813+0200: 51341,989: [ParNew: 286934K->9186K(314560K), 0,0146380 secs] 376028K->99138K(1013632K), 0,0147400 secs] [Times: user=0,10 sys=0,00, real=0,02 secs] 
2015-08-28T05:43:32.929+0200: 51401,105: [GC2015-08-28T05:43:32.929+0200: 51401,105: [ParNew: 288802K->10296K(314560K), 0,0109530 secs] 378754K->101196K(1013632K), 0,0110650 secs] [Times: user=0,08 sys=0,01, real=0,01 secs] 
2015-08-28T05:44:31.933+0200: 51460,109: [GC2015-08-28T05:44:31.933+0200: 51460,110: [ParNew: 289912K->9158K(314560K), 0,0115070 secs] 380812K->101077K(1013632K), 0,0116190 secs] [Times: user=0,08 sys=0,00, real=0,02 secs] 
2015-08-28T05:45:31.000+0200: 51519,177: [GC2015-08-28T05:45:31.000+0200: 51519,177: [ParNew: 288774K->10021K(314560K), 0,0104850 secs] 380693K->102973K(1013632K), 0,0106220 secs] [Times: user=0,07 sys=0,00, real=0,01 secs] 
2015-08-28T05:46:30.100+0200: 51578,276: [GC2015-08-28T05:46:30.100+0200: 51578,276: [ParNew: 289637K->7731K(314560K), 0,0135800 secs] 382589K->101618K(1013632K), 0,0136890 secs] [Times: user=0,12 sys=0,00, real=0,01 secs] 
2015-08-28T05:47:29.185+0200: 51637,362: [GC2015-08-28T05:47:29.185+0200: 51637,362: [ParNew: 287347K->9516K(314560K), 0,0120770 secs] 381234K->104341K(1013632K), 0,0121870 secs] [Times: user=0,09 sys=0,00, real=0,01 secs] 
2015-08-28T05:48:28.105+0200: 51696,281: [GC2015-08-28T05:48:28.105+0200: 51696,281: [ParNew: 289132K->8760K(314560K), 0,0104790 secs] 383957K->104540K(1013632K), 0,0105960 secs] [Times: user=0,07 sys=0,00, real=0,00 secs] 
2015-08-28T05:49:26.921+0200: 51755,098: [GC2015-08-28T05:49:26.922+0200: 51755,098: [ParNew: 288376K->8849K(314560K), 0,0112670 secs] 384156K->105574K(1013632K), 0,0113870 secs] [Times: user=0,07 sys=0,00, real=0,01 secs] 
2015-08-28T05:50:25.669+0200: 51813,846: [GC2015-08-28T05:50:25.669+0200: 51813,846: [ParNew: 288465K->9717K(314560K), 0,0116700 secs] 385190K->107379K(1013632K), 0,0118130 secs] [Times: user=0,11 sys=0,00, real=0,01 secs] 
2015-08-28T05:51:24.334+0200: 51872,511: [GC2015-08-28T05:51:24.334+0200: 51872,511: [ParNew: 289333K->9116K(314560K), 0,0111850 secs] 386995K->107726K(1013632K), 0,0113210 secs] [Times: user=0,09 sys=0,00, real=0,02 secs] 
2015-08-28T05:52:23.105+0200: 51931,281: [GC2015-08-28T05:52:23.105+0200: 51931,281: [ParNew: 288732K->10786K(314560K), 0,0142660 secs] 387342K->110405K(1013632K), 0,0143750 secs] [Times: user=0,08 sys=0,00, real=0,01 secs] 
2015-08-28T05:53:21.953+0200: 51990,130: [GC2015-08-28T05:53:21.953+0200: 51990,130: [ParNew: 290402K->7276K(314560K), 0,0109430 secs] 390021K->107925K(1013632K), 0,0110440 secs] [Times: user=0,08 sys=0,00, real=0,01 secs] 
2015-08-28T05:54:21.015+0200: 52049,191: [GC2015-08-28T05:54:21.015+0200: 52049,191: [ParNew: 286892K->9878K(314560K), 0,0148560 secs] 387541K->111482K(1013632K), 0,0149920 secs] [Times: user=0,10 sys=0,00, real=0,02 secs] 
2015-08-28T05:55:19.584+0200: 52107,760: [GC2015-08-28T05:55:19.584+0200: 52107,760: [ParNew: 289494K->7113K(314560K), 0,0112510 secs] 391098K->109663K(1013632K), 0,0113670 secs] [Times: user=0,10 sys=0,00, real=0,01 secs] 
2015-08-28T05:56:18.198+0200: 52166,375: [GC2015-08-28T05:56:18.199+0200: 52166,375: [ParNew: 286729K->9170K(314560K), 0,0127060 secs] 389279K->112675K(1013632K), 0,0128180 secs] [Times: user=0,08 sys=0,00, real=0,01 secs] 
2015-08-28T05:57:16.903+0200: 52225,079: [GC2015-08-28T05:57:16.903+0200: 52225,079: [ParNew: 288786K->9294K(314560K), 0,0105080 secs] 392291K->113747K(1013632K), 0,0106350 secs] [Times: user=0,10 sys=0,00, real=0,01 secs] 
2015-08-28T05:58:15.753+0200: 52283,930: [GC2015-08-28T05:58:15.753+0200: 52283,930: [ParNew: 288910K->10336K(314560K), 0,0119090 secs] 393363K->115757K(1013632K), 0,0120220 secs] [Times: user=0,09 sys=0,00, real=0,02 secs] 
2015-08-28T05:59:14.778+0200: 52342,954: [GC2015-08-28T05:59:14.778+0200: 52342,954: [ParNew: 289952K->8409K(314560K), 0,0116280 secs] 395373K->114764K(1013632K), 0,0117400 secs] [Times: user=0,09 sys=0,00, real=0,01 secs] 
2015-08-28T06:00:13.367+0200: 52401,544: [GC2015-08-28T06:00:13.367+0200: 52401,544: [ParNew: 288025K->10393K(314560K), 0,0114530 secs] 394380K->117704K(1013632K), 0,0115650 secs] [Times: user=0,10 sys=0,00, real=0,01 secs] 
2015-08-28T06:01:11.935+0200: 52460,112: [GC2015-08-28T06:01:11.935+0200: 52460,112: [ParNew: 290009K->7435K(314560K), 0,0106590 secs] 397320K->115776K(1013632K), 0,0107720 secs] [Times: user=0,10 sys=0,00, real=0,02 secs] 
2015-08-28T06:02:11.001+0200: 52519,178: [GC2015-08-28T06:02:11.001+0200: 52519,178: [ParNew: 287051K->8404K(314560K), 0,0116230 secs] 395392K->117785K(1013632K), 0,0117360 secs] [Times: user=0,06 sys=0,01, real=0,01 secs] 
2015-08-28T06:03:09.565+0200: 52577,741: [GC2015-08-28T06:03:09.565+0200: 52577,741: [ParNew: 288020K->9879K(314560K), 0,0115130 secs] 397401K->120210K(1013632K), 0,0116240 secs] [Times: user=0,08 sys=0,00, real=0,01 secs] 
2015-08-28T06:04:08.133+0200: 52636,310: [GC2015-08-28T06:04:08.133+0200: 52636,310: [ParNew: 289495K->7837K(314560K), 0,0070150 secs] 399826K->119114K(1013632K), 0,0071110 secs] [Times: user=0,03 sys=0,01, real=0,01 secs] 
2015-08-28T06:05:07.190+0200: 52695,366: [GC2015-08-28T06:05:07.190+0200: 52695,366: [ParNew: 287453K->8699K(314560K), 0,0122890 secs] 398730K->120940K(1013632K), 0,0124040 secs] [Times: user=0,09 sys=0,00, real=0,01 secs] 
2015-08-28T06:06:06.257+0200: 52754,434: [GC2015-08-28T06:06:06.257+0200: 52754,434: [ParNew: 288315K->7983K(314560K), 0,0120790 secs] 400556K->121165K(1013632K), 0,0121820 secs] [Times: user=0,10 sys=0,00, real=0,01 secs] 
2015-08-28T06:07:05.323+0200: 52813,500: [GC2015-08-28T06:07:05.324+0200: 52813,500: [ParNew: 287599K->10480K(314560K), 0,0110590 secs] 400781K->124620K(1013632K), 0,0111860 secs] [Times: user=0,09 sys=0,00, real=0,01 secs] 
2015-08-28T06:08:03.891+0200: 52872,067: [GC2015-08-28T06:08:03.891+0200: 52872,067: [ParNew: 290096K->8078K(314560K), 0,0105000 secs] 404236K->123177K(1013632K), 0,0106030 secs] [Times: user=0,07 sys=0,00, real=0,01 secs] 
2015-08-28T06:09:02.847+0200: 52931,023: [GC2015-08-28T06:09:02.847+0200: 52931,023: [ParNew: 287694K->10527K(314560K), 0,0131850 secs] 402793K->126635K(1013632K), 0,0132990 secs] [Times: user=0,09 sys=0,00, real=0,01 secs] 
2015-08-28T06:10:02.008+0200: 52990,185: [GC2015-08-28T06:10:02.008+0200: 52990,185: [ParNew: 290143K->7967K(314560K), 0,0113840 secs] 406251K->125123K(1013632K), 0,0114940 secs] [Times: user=0,08 sys=0,00, real=0,01 secs] 
2015-08-28T06:11:00.501+0200: 53048,677: [GC2015-08-28T06:11:00.501+0200: 53048,677: [ParNew: 287583K->8436K(314560K), 0,0108600 secs] 404739K->126544K(1013632K), 0,0109790 secs] [Times: user=0,07 sys=0,01, real=0,01 secs] 
2015-08-28T06:11:59.735+0200: 53107,911: [GC2015-08-28T06:11:59.735+0200: 53107,911: [ParNew: 288052K->9269K(314560K), 0,0108330 secs] 406160K->128326K(1013632K), 0,0109410 secs] [Times: user=0,10 sys=0,00, real=0,02 secs] 
2015-08-28T06:12:58.588+0200: 53166,765: [GC2015-08-28T06:12:58.589+0200: 53166,765: [ParNew: 288885K->8696K(314560K), 0,0108130 secs] 407942K->128719K(1013632K), 0,0109290 secs] [Times: user=0,07 sys=0,01, real=0,01 secs] 
2015-08-28T06:13:57.729+0200: 53225,905: [GC2015-08-28T06:13:57.729+0200: 53225,905: [ParNew: 288312K->8086K(314560K), 0,0094560 secs] 408335K->129059K(1013632K), 0,0095570 secs] [Times: user=0,07 sys=0,00, real=0,01 secs] 
2015-08-28T06:14:56.675+0200: 53284,851: [GC2015-08-28T06:14:56.675+0200: 53284,851: [ParNew: 287702K->8216K(314560K), 0,0119780 secs] 408675K->130146K(1013632K), 0,0120820 secs] [Times: user=0,08 sys=0,00, real=0,02 secs] 
2015-08-28T06:15:55.816+0200: 53343,993: [GC2015-08-28T06:15:55.817+0200: 53343,993: [ParNew: 287832K->9093K(314560K), 0,0137840 secs] 409762K->131976K(1013632K), 0,0139220 secs] [Times: user=0,09 sys=0,00, real=0,01 secs] 
2015-08-28T06:16:54.764+0200: 53402,940: [GC2015-08-28T06:16:54.764+0200: 53402,940: [ParNew: 288709K->10005K(314560K), 0,0134900 secs] 411592K->133834K(1013632K), 0,0135840 secs] [Times: user=0,12 sys=0,00, real=0,02 secs] 
2015-08-28T06:17:53.796+0200: 53461,973: [GC2015-08-28T06:17:53.796+0200: 53461,973: [ParNew: 289621K->9366K(314560K), 0,0137740 secs] 413450K->134246K(1013632K), 0,0138870 secs] [Times: user=0,09 sys=0,00, real=0,01 secs] 
2015-08-28T06:18:52.847+0200: 53521,023: [GC2015-08-28T06:18:52.847+0200: 53521,023: [ParNew: 288982K->9386K(314560K), 0,0120440 secs] 413862K->135318K(1013632K), 0,0121550 secs] [Times: user=0,10 sys=0,00, real=0,01 secs] 
2015-08-28T06:19:51.550+0200: 53579,727: [GC2015-08-28T06:19:51.551+0200: 53579,727: [ParNew: 289002K->7825K(314560K), 0,0109270 secs] 414934K->134717K(1013632K), 0,0110440 secs] [Times: user=0,08 sys=0,00, real=0,01 secs] 
2015-08-28T06:20:50.619+0200: 53638,796: [GC2015-08-28T06:20:50.619+0200: 53638,796: [ParNew: 287441K->8862K(314560K), 0,0112500 secs] 414333K->136711K(1013632K), 0,0113570 secs] [Times: user=0,10 sys=0,00, real=0,01 secs] 
2015-08-28T06:21:49.685+0200: 53697,861: [GC2015-08-28T06:21:49.685+0200: 53697,861: [ParNew: 288478K->8835K(314560K), 0,0110740 secs] 416327K->137648K(1013632K), 0,0111880 secs] [Times: user=0,08 sys=0,00, real=0,00 secs] 
2015-08-28T06:22:48.648+0200: 53756,825: [GC2015-08-28T06:22:48.648+0200: 53756,825: [ParNew: 288451K->9660K(314560K), 0,0114210 secs] 417264K->139418K(1013632K), 0,0115400 secs] [Times: user=0,10 sys=0,00, real=0,01 secs] 
2015-08-28T06:23:47.808+0200: 53815,985: [GC2015-08-28T06:23:47.808+0200: 53815,985: [ParNew: 289276K->9815K(314560K), 0,0107850 secs] 419034K->140523K(1013632K), 0,0108980 secs] [Times: user=0,10 sys=0,00, real=0,01 secs] 
2015-08-28T06:24:47.097+0200: 53875,274: [GC2015-08-28T06:24:47.097+0200: 53875,274: [ParNew: 289431K->10728K(314560K), 0,0104260 secs] 420139K->142398K(1013632K), 0,0105650 secs] [Times: user=0,07 sys=0,00, real=0,01 secs] 
2015-08-28T06:25:46.200+0200: 53934,376: [GC2015-08-28T06:25:46.200+0200: 53934,377: [ParNew: 290344K->8228K(314560K), 0,0141860 secs] 422014K->140904K(1013632K), 0,0143040 secs] [Times: user=0,11 sys=0,00, real=0,01 secs] 
2015-08-28T06:26:45.198+0200: 53993,375: [GC2015-08-28T06:26:45.198+0200: 53993,375: [ParNew: 287844K->9237K(314560K), 0,0139140 secs] 420520K->142968K(1013632K), 0,0140280 secs] [Times: user=0,08 sys=0,00, real=0,01 secs] 
2015-08-28T06:27:43.588+0200: 54051,765: [GC2015-08-28T06:27:43.588+0200: 54051,765: [ParNew: 288853K->9193K(314560K), 0,0137590 secs] 422584K->143881K(1013632K), 0,0138740 secs] [Times: user=0,08 sys=0,00, real=0,01 secs] 
2015-08-28T06:28:42.530+0200: 54110,706: [GC2015-08-28T06:28:42.530+0200: 54110,706: [ParNew: 288809K->7953K(314560K), 0,0110860 secs] 423497K->143609K(1013632K), 0,0111980 secs] [Times: user=0,11 sys=0,00, real=0,01 secs] 
2015-08-28T06:29:41.654+0200: 54169,830: [GC2015-08-28T06:29:41.654+0200: 54169,831: [ParNew: 287569K->6856K(314560K), 0,0108910 secs] 423225K->143466K(1013632K), 0,0110110 secs] [Times: user=0,08 sys=0,00, real=0,02 secs] 
2015-08-28T06:30:40.718+0200: 54228,894: [GC2015-08-28T06:30:40.718+0200: 54228,894: [ParNew: 286472K->7147K(314560K), 0,0091730 secs] 423082K->144708K(1013632K), 0,0093060 secs] [Times: user=0,07 sys=0,00, real=0,01 secs] 
2015-08-28T06:31:39.276+0200: 54287,452: [GC2015-08-28T06:31:39.276+0200: 54287,452: [ParNew: 286763K->6706K(314560K), 0,0103610 secs] 424324K->145237K(1013632K), 0,0104720 secs] [Times: user=0,09 sys=0,00, real=0,02 secs] 
2015-08-28T06:32:38.105+0200: 54346,281: [GC2015-08-28T06:32:38.105+0200: 54346,282: [ParNew: 286322K->5620K(314560K), 0,0092880 secs] 424853K->145104K(1013632K), 0,0093970 secs] [Times: user=0,07 sys=0,00, real=0,00 secs] 
2015-08-28T06:33:36.892+0200: 54405,069: [GC2015-08-28T06:33:36.892+0200: 54405,069: [ParNew: 285236K->5855K(314560K), 0,0100520 secs] 424720K->146365K(1013632K), 0,0101640 secs] [Times: user=0,07 sys=0,00, real=0,01 secs] 
2015-08-28T06:34:35.550+0200: 54463,726: [GC2015-08-28T06:34:35.550+0200: 54463,726: [ParNew: 285471K->4433K(314560K), 0,0060750 secs] 425981K->145526K(1013632K), 0,0061910 secs] [Times: user=0,04 sys=0,00, real=0,00 secs] 
2015-08-28T06:35:34.615+0200: 54522,792: [GC2015-08-28T06:35:34.615+0200: 54522,792: [ParNew: 284049K->4194K(314560K), 0,0080380 secs] 425142K->145874K(1013632K), 0,0081600 secs] [Times: user=0,05 sys=0,00, real=0,01 secs] 
2015-08-28T06:36:33.563+0200: 54581,740: [GC2015-08-28T06:36:33.563+0200: 54581,740: [ParNew: 283810K->4036K(314560K), 0,0061860 secs] 425490K->145932K(1013632K), 0,0063040 secs] [Times: user=0,05 sys=0,00, real=0,01 secs] 
2015-08-28T06:37:32.626+0200: 54640,802: [GC2015-08-28T06:37:32.626+0200: 54640,802: [ParNew: 283652K->4597K(314560K), 0,0083160 secs] 425548K->147072K(1013632K), 0,0084490 secs] [Times: user=0,06 sys=0,00, real=0,00 secs] 
2015-08-28T06:38:31.687+0200: 54699,864: [GC2015-08-28T06:38:31.687+0200: 54699,864: [ParNew: 284213K->5062K(314560K), 0,0066280 secs] 426688K->147657K(1013632K), 0,0067580 secs] [Times: user=0,05 sys=0,00, real=0,00 secs] 
2015-08-28T06:39:30.247+0200: 54758,423: [GC2015-08-28T06:39:30.247+0200: 54758,424: [ParNew: 284678K->6643K(314560K), 0,0149030 secs] 427273K->149460K(1013632K), 0,0150260 secs] [Times: user=0,10 sys=0,00, real=0,01 secs] 
2015-08-28T06:40:29.215+0200: 54817,391: [GC2015-08-28T06:40:29.215+0200: 54817,391: [ParNew: 286259K->8568K(314560K), 0,0088100 secs] 429076K->151859K(1013632K), 0,0089180 secs] [Times: user=0,07 sys=0,00, real=0,01 secs] 
2015-08-28T06:41:28.105+0200: 54876,281: [GC2015-08-28T06:41:28.105+0200: 54876,281: [ParNew: 288184K->6689K(314560K), 0,0102130 secs] 431475K->150517K(1013632K), 0,0103630 secs] [Times: user=0,07 sys=0,00, real=0,00 secs] 
2015-08-28T06:42:27.257+0200: 54935,433: [GC2015-08-28T06:42:27.257+0200: 54935,433: [ParNew: 286305K->9199K(314560K), 0,0101280 secs] 430133K->153678K(1013632K), 0,0102460 secs] [Times: user=0,06 sys=0,00, real=0,01 secs] 
2015-08-28T06:43:25.906+0200: 54994,082: [GC2015-08-28T06:43:25.906+0200: 54994,082: [ParNew: 288815K->9947K(314560K), 0,0112030 secs] 433294K->155268K(1013632K), 0,0113100 secs] [Times: user=0,09 sys=0,00, real=0,01 secs] 
2015-08-28T06:44:25.032+0200: 55053,209: [GC2015-08-28T06:44:25.032+0200: 55053,209: [ParNew: 289563K->8275K(314560K), 0,0097230 secs] 434884K->154502K(1013632K), 0,0098490 secs] [Times: user=0,06 sys=0,00, real=0,01 secs] 
2015-08-28T06:45:24.001+0200: 55112,178: [GC2015-08-28T06:45:24.001+0200: 55112,178: [ParNew: 287891K->8630K(314560K), 0,0103810 secs] 434118K->155778K(1013632K), 0,0104960 secs] [Times: user=0,08 sys=0,00, real=0,01 secs] 
2015-08-28T06:46:22.625+0200: 55170,801: [GC2015-08-28T06:46:22.625+0200: 55170,802: [ParNew: 288246K->9375K(314560K), 0,0111650 secs] 435394K->157462K(1013632K), 0,0112770 secs] [Times: user=0,07 sys=0,01, real=0,00 secs] 
2015-08-28T06:47:21.710+0200: 55229,887: [GC2015-08-28T06:47:21.711+0200: 55229,887: [ParNew: 288991K->9496K(314560K), 0,0117900 secs] 437078K->158515K(1013632K), 0,0119170 secs] [Times: user=0,09 sys=0,00, real=0,01 secs] 
2015-08-28T06:48:20.978+0200: 55289,154: [GC2015-08-28T06:48:20.978+0200: 55289,154: [ParNew: 289112K->9644K(314560K), 0,0102740 secs] 438131K->159621K(1013632K), 0,0103880 secs] [Times: user=0,08 sys=0,00, real=0,01 secs] 
2015-08-28T06:49:20.032+0200: 55348,208: [GC2015-08-28T06:49:20.032+0200: 55348,208: [ParNew: 289260K->9784K(314560K), 0,0137150 secs] 439237K->160703K(1013632K), 0,0138520 secs] [Times: user=0,10 sys=0,00, real=0,02 secs] 
2015-08-28T06:50:19.246+0200: 55407,423: [GC2015-08-28T06:50:19.246+0200: 55407,423: [ParNew: 289400K->9172K(314560K), 0,0110650 secs] 440319K->161048K(1013632K), 0,0111790 secs] [Times: user=0,09 sys=0,00, real=0,01 secs] 
2015-08-28T06:51:18.105+0200: 55466,281: [GC2015-08-28T06:51:18.105+0200: 55466,281: [ParNew: 288788K->7751K(314560K), 0,0121240 secs] 440664K->160664K(1013632K), 0,0122350 secs] [Times: user=0,08 sys=0,00, real=0,01 secs] 
2015-08-28T06:52:17.197+0200: 55525,374: [GC2015-08-28T06:52:17.197+0200: 55525,374: [ParNew: 287367K->8559K(314560K), 0,0112800 secs] 440280K->162507K(1013632K), 0,0114050 secs] [Times: user=0,08 sys=0,00, real=0,01 secs] 
2015-08-28T06:53:16.050+0200: 55584,227: [GC2015-08-28T06:53:16.051+0200: 55584,227: [ParNew: 288175K->7792K(314560K), 0,0108230 secs] 442123K->162683K(1013632K), 0,0109440 secs] [Times: user=0,10 sys=0,00, real=0,01 secs] 
2015-08-28T06:54:15.080+0200: 55643,256: [GC2015-08-28T06:54:15.080+0200: 55643,256: [ParNew: 287408K->10318K(314560K), 0,0155860 secs] 442299K->166164K(1013632K), 0,0157010 secs] [Times: user=0,08 sys=0,00, real=0,01 secs] 
2015-08-28T06:55:13.665+0200: 55701,842: [GC2015-08-28T06:55:13.665+0200: 55701,842: [ParNew: 289934K->7349K(314560K), 0,0115620 secs] 445780K->164150K(1013632K), 0,0116780 secs] [Times: user=0,07 sys=0,01, real=0,01 secs] 
2015-08-28T06:56:12.457+0200: 55760,634: [GC2015-08-28T06:56:12.457+0200: 55760,634: [ParNew: 286965K->9442K(314560K), 0,0119800 secs] 443766K->167196K(1013632K), 0,0120910 secs] [Times: user=0,10 sys=0,00, real=0,01 secs] 
2015-08-28T06:57:11.482+0200: 55819,658: [GC2015-08-28T06:57:11.482+0200: 55819,659: [ParNew: 289058K->8820K(314560K), 0,0111680 secs] 446812K->167528K(1013632K), 0,0112860 secs] [Times: user=0,10 sys=0,00, real=0,01 secs] 
2015-08-28T06:58:10.517+0200: 55878,693: [GC2015-08-28T06:58:10.517+0200: 55878,693: [ParNew: 288436K->10604K(314560K), 0,0125320 secs] 447144K->170259K(1013632K), 0,0126650 secs] [Times: user=0,09 sys=0,00, real=0,01 secs] 
2015-08-28T06:59:09.394+0200: 55937,570: [GC2015-08-28T06:59:09.394+0200: 55937,570: [ParNew: 290220K->8160K(314560K), 0,0124250 secs] 449875K->168825K(1013632K), 0,0125490 secs] [Times: user=0,09 sys=0,00, real=0,02 secs] 
2015-08-28T07:00:08.105+0200: 55996,281: [GC2015-08-28T07:00:08.105+0200: 55996,282: [ParNew: 287776K->9853K(314560K), 0,0138910 secs] 448441K->171560K(1013632K), 0,0139870 secs] [Times: user=0,07 sys=0,01, real=0,01 secs] 
2015-08-28T07:01:06.699+0200: 56054,875: [GC2015-08-28T07:01:06.699+0200: 56054,875: [ParNew: 289469K->9105K(314560K), 0,0104870 secs] 451176K->171784K(1013632K), 0,0106060 secs] [Times: user=0,09 sys=0,00, real=0,01 secs] 
2015-08-28T07:02:05.570+0200: 56113,747: [GC2015-08-28T07:02:05.570+0200: 56113,747: [ParNew: 288721K->8697K(314560K), 0,0133700 secs] 451400K->172316K(1013632K), 0,0134850 secs] [Times: user=0,08 sys=0,00, real=0,01 secs] 
2015-08-28T07:03:04.633+0200: 56172,810: [GC2015-08-28T07:03:04.633+0200: 56172,810: [ParNew: 288313K->8697K(314560K), 0,0111970 secs] 451932K->173261K(1013632K), 0,0113300 secs] [Times: user=0,07 sys=0,00, real=0,02 secs] 
2015-08-28T07:04:03.698+0200: 56231,874: [GC2015-08-28T07:04:03.698+0200: 56231,874: [ParNew: 288313K->10268K(314560K), 0,0105810 secs] 452877K->175775K(1013632K), 0,0106890 secs] [Times: user=0,07 sys=0,00, real=0,01 secs] 
2015-08-28T07:05:02.759+0200: 56290,935: [GC2015-08-28T07:05:02.759+0200: 56290,935: [ParNew: 289884K->7895K(314560K), 0,0111300 secs] 455391K->174351K(1013632K), 0,0112500 secs] [Times: user=0,08 sys=0,00, real=0,01 secs] 
2015-08-28T07:06:01.823+0200: 56350,000: [GC2015-08-28T07:06:01.823+0200: 56350,000: [ParNew: 287511K->9616K(314560K), 0,0107400 secs] 453967K->177015K(1013632K), 0,0108610 secs] [Times: user=0,10 sys=0,00, real=0,01 secs] 
2015-08-28T07:07:00.886+0200: 56409,063: [GC2015-08-28T07:07:00.886+0200: 56409,063: [ParNew: 289232K->10529K(314560K), 0,0124250 secs] 456631K->178906K(1013632K), 0,0125460 secs] [Times: user=0,09 sys=0,00, real=0,01 secs] 
2015-08-28T07:07:59.845+0200: 56468,021: [GC2015-08-28T07:07:59.845+0200: 56468,021: [ParNew: 290145K->8189K(314560K), 0,0115950 secs] 458522K->177600K(1013632K), 0,0117200 secs] [Times: user=0,09 sys=0,00, real=0,01 secs] 
2015-08-28T07:08:59.027+0200: 56527,204: [GC2015-08-28T07:08:59.027+0200: 56527,204: [ParNew: 287805K->9940K(314560K), 0,0119680 secs] 457216K->180392K(1013632K), 0,0120970 secs] [Times: user=0,10 sys=0,00, real=0,01 secs] 
2015-08-28T07:09:58.105+0200: 56586,281: [GC2015-08-28T07:09:58.105+0200: 56586,281: [ParNew: 289556K->10738K(314560K), 0,0123590 secs] 460008K->182154K(1013632K), 0,0124810 secs] [Times: user=0,08 sys=0,00, real=0,01 secs] 
2015-08-28T07:10:56.607+0200: 56644,784: [GC2015-08-28T07:10:56.607+0200: 56644,784: [ParNew: 290354K->7444K(314560K), 0,0129740 secs] 461770K->179816K(1013632K), 0,0131090 secs] [Times: user=0,08 sys=0,00, real=0,01 secs] 
2015-08-28T07:11:55.673+0200: 56703,849: [GC2015-08-28T07:11:55.673+0200: 56703,849: [ParNew: 287060K->8738K(314560K), 0,0113530 secs] 459432K->182071K(1013632K), 0,0114680 secs] [Times: user=0,06 sys=0,01, real=0,01 secs] 
2015-08-28T07:12:54.734+0200: 56762,910: [GC2015-08-28T07:12:54.734+0200: 56762,911: [ParNew: 288354K->8790K(314560K), 0,0113820 secs] 461687K->183089K(1013632K), 0,0115230 secs] [Times: user=0,10 sys=0,00, real=0,02 secs] 
2015-08-28T07:13:53.799+0200: 56821,975: [GC2015-08-28T07:13:53.799+0200: 56821,975: [ParNew: 288406K->11336K(314560K), 0,0108290 secs] 462705K->186604K(1013632K), 0,0109390 secs] [Times: user=0,10 sys=0,00, real=0,01 secs] 
2015-08-28T07:14:52.866+0200: 56881,043: [GC2015-08-28T07:14:52.866+0200: 56881,043: [ParNew: 290952K->7660K(314560K), 0,0101870 secs] 466220K->183879K(1013632K), 0,0103040 secs] [Times: user=0,08 sys=0,00, real=0,01 secs] 
2015-08-28T07:15:51.628+0200: 56939,805: [GC2015-08-28T07:15:51.628+0200: 56939,805: [ParNew: 287276K->10623K(314560K), 0,0106150 secs] 463495K->187868K(1013632K), 0,0107300 secs] [Times: user=0,09 sys=0,00, real=0,01 secs] 
2015-08-28T07:16:50.478+0200: 56998,655: [GC2015-08-28T07:16:50.478+0200: 56998,655: [ParNew: 290239K->8029K(314560K), 0,0118140 secs] 467484K->186330K(1013632K), 0,0119360 secs] [Times: user=0,08 sys=0,00, real=0,01 secs] 
2015-08-28T07:17:49.413+0200: 57057,589: [GC2015-08-28T07:17:49.413+0200: 57057,589: [ParNew: 287645K->9183K(314560K), 0,0119220 secs] 465946K->188449K(1013632K), 0,0120230 secs] [Times: user=0,07 sys=0,01, real=0,02 secs] 
2015-08-28T07:18:48.094+0200: 57116,271: [GC2015-08-28T07:18:48.095+0200: 57116,271: [ParNew: 288799K->9360K(314560K), 0,0159060 secs] 468065K->189595K(1013632K), 0,0160130 secs] [Times: user=0,12 sys=0,00, real=0,02 secs] 
2015-08-28T07:19:46.665+0200: 57174,841: [GC2015-08-28T07:19:46.665+0200: 57174,841: [ParNew: 288976K->10213K(314560K), 0,0107170 secs] 469211K->191406K(1013632K), 0,0108510 secs] [Times: user=0,08 sys=0,00, real=0,00 secs] 
2015-08-28T07:20:45.226+0200: 57233,402: [GC2015-08-28T07:20:45.226+0200: 57233,403: [ParNew: 289829K->7373K(314560K), 0,0111210 secs] 471022K->189526K(1013632K), 0,0112520 secs] [Times: user=0,10 sys=0,00, real=0,01 secs] 
2015-08-28T07:21:44.289+0200: 57292,466: [GC2015-08-28T07:21:44.290+0200: 57292,466: [ParNew: 286989K->9502K(314560K), 0,0117930 secs] 469142K->192612K(1013632K), 0,0119320 secs] [Times: user=0,09 sys=0,00, real=0,01 secs] 
2015-08-28T07:22:43.105+0200: 57351,281: [GC2015-08-28T07:22:43.105+0200: 57351,281: [ParNew: 289118K->8896K(314560K), 0,0113570 secs] 472228K->192952K(1013632K), 0,0114870 secs] [Times: user=0,06 sys=0,00, real=0,01 secs] 
2015-08-28T07:23:41.906+0200: 57410,083: [GC2015-08-28T07:23:41.906+0200: 57410,083: [ParNew: 288512K->10720K(314560K), 0,0157120 secs] 472568K->195776K(1013632K), 0,0158290 secs] [Times: user=0,11 sys=0,00, real=0,01 secs] 
2015-08-28T07:24:40.972+0200: 57469,149: [GC2015-08-28T07:24:40.972+0200: 57469,149: [ParNew: 290336K->7737K(314560K), 0,0109630 secs] 475392K->193829K(1013632K), 0,0110860 secs] [Times: user=0,08 sys=0,00, real=0,01 secs] 
2015-08-28T07:25:39.737+0200: 57527,913: [GC2015-08-28T07:25:39.737+0200: 57527,914: [ParNew: 287353K->9895K(314560K), 0,0117690 secs] 473445K->197030K(1013632K), 0,0118850 secs] [Times: user=0,07 sys=0,00, real=0,01 secs] 
2015-08-28T07:26:38.587+0200: 57586,764: [GC2015-08-28T07:26:38.587+0200: 57586,764: [ParNew: 289511K->8381K(314560K), 0,0113510 secs] 476646K->196460K(1013632K), 0,0114800 secs] [Times: user=0,09 sys=0,00, real=0,01 secs] 
2015-08-28T07:27:36.803+0200: 57644,980: [GC2015-08-28T07:27:36.804+0200: 57644,980: [ParNew: 287997K->10292K(314560K), 0,0113280 secs] 476076K->199329K(1013632K), 0,0114680 secs] [Times: user=0,09 sys=0,00, real=0,01 secs] 
2015-08-28T07:28:35.691+0200: 57703,867: [GC2015-08-28T07:28:35.691+0200: 57703,867: [ParNew: 289908K->8832K(314560K), 0,0115500 secs] 478945K->198824K(1013632K), 0,0116670 secs] [Times: user=0,11 sys=0,00, real=0,01 secs] 
2015-08-28T07:29:34.753+0200: 57762,930: [GC2015-08-28T07:29:34.753+0200: 57762,930: [ParNew: 288448K->9373K(314560K), 0,0118820 secs] 478440K->200319K(1013632K), 0,0119870 secs] [Times: user=0,09 sys=0,00, real=0,02 secs] 
2015-08-28T07:30:33.105+0200: 57821,281: [GC2015-08-28T07:30:33.105+0200: 57821,282: [ParNew: 288989K->8100K(314560K), 0,0105100 secs] 479935K->200010K(1013632K), 0,0106280 secs] [Times: user=0,06 sys=0,00, real=0,00 secs] 
2015-08-28T07:31:31.869+0200: 57880,046: [GC2015-08-28T07:31:31.869+0200: 57880,046: [ParNew: 287716K->6965K(314560K), 0,0103960 secs] 479626K->199822K(1013632K), 0,0105460 secs] [Times: user=0,06 sys=0,00, real=0,01 secs] 
2015-08-28T07:32:30.930+0200: 57939,106: [GC2015-08-28T07:32:30.930+0200: 57939,106: [ParNew: 286581K->6541K(314560K), 0,0103910 secs] 479438K->200426K(1013632K), 0,0104980 secs] [Times: user=0,05 sys=0,00, real=0,01 secs] 
2015-08-28T07:33:29.987+0200: 57998,164: [GC2015-08-28T07:33:29.987+0200: 57998,164: [ParNew: 286157K->4998K(314560K), 0,0103100 secs] 480042K->200029K(1013632K), 0,0104650 secs] [Times: user=0,08 sys=0,00, real=0,01 secs] 
2015-08-28T07:34:28.548+0200: 58056,725: [GC2015-08-28T07:34:28.548+0200: 58056,725: [ParNew: 284614K->3887K(314560K), 0,0066300 secs] 479645K->199418K(1013632K), 0,0067640 secs] [Times: user=0,04 sys=0,00, real=0,00 secs] 
2015-08-28T07:35:27.725+0200: 58115,902: [GC2015-08-28T07:35:27.725+0200: 58115,902: [ParNew: 283503K->3440K(314560K), 0,0061070 secs] 479034K->199469K(1013632K), 0,0062660 secs] [Times: user=0,05 sys=0,01, real=0,00 secs] 
2015-08-28T07:36:26.658+0200: 58174,834: [GC2015-08-28T07:36:26.658+0200: 58174,834: [ParNew: 283056K->4262K(314560K), 0,0068080 secs] 479085K->200558K(1013632K), 0,0069250 secs] [Times: user=0,04 sys=0,00, real=0,01 secs] 
2015-08-28T07:37:25.616+0200: 58233,792: [GC2015-08-28T07:37:25.616+0200: 58233,792: [ParNew: 283878K->4573K(314560K), 0,0070890 secs] 480174K->201451K(1013632K), 0,0072400 secs] [Times: user=0,05 sys=0,00, real=0,01 secs] 
2015-08-28T07:38:24.886+0200: 58293,063: [GC2015-08-28T07:38:24.886+0200: 58293,063: [ParNew: 284189K->6158K(314560K), 0,0067770 secs] 481067K->203153K(1013632K), 0,0068960 secs] [Times: user=0,06 sys=0,00, real=0,00 secs] 
2015-08-28T07:39:23.828+0200: 58352,004: [GC2015-08-28T07:39:23.828+0200: 58352,004: [ParNew: 285774K->7138K(314560K), 0,0084450 secs] 482769K->204346K(1013632K), 0,0085680 secs] [Times: user=0,05 sys=0,00, real=0,01 secs] 
2015-08-28T07:40:22.376+0200: 58410,552: [GC2015-08-28T07:40:22.376+0200: 58410,552: [ParNew: 286754K->8042K(314560K), 0,0088310 secs] 483962K->205736K(1013632K), 0,0089350 secs] [Times: user=0,06 sys=0,00, real=0,02 secs] 
2015-08-28T07:41:21.438+0200: 58469,615: [GC2015-08-28T07:41:21.438+0200: 58469,615: [ParNew: 287658K->9073K(314560K), 0,0101440 secs] 485352K->207401K(1013632K), 0,0102720 secs] [Times: user=0,08 sys=0,00, real=0,01 secs] 
2015-08-28T07:42:20.400+0200: 58528,576: [GC2015-08-28T07:42:20.400+0200: 58528,577: [ParNew: 288689K->10537K(314560K), 0,0104250 secs] 487017K->209586K(1013632K), 0,0105450 secs] [Times: user=0,09 sys=0,00, real=0,01 secs] 
2015-08-28T07:43:19.559+0200: 58587,735: [GC2015-08-28T07:43:19.559+0200: 58587,735: [ParNew: 290153K->7370K(314560K), 0,0103310 secs] 489202K->207286K(1013632K), 0,0104480 secs] [Times: user=0,09 sys=0,00, real=0,01 secs] 
2015-08-28T07:44:18.561+0200: 58646,737: [GC2015-08-28T07:44:18.561+0200: 58646,737: [ParNew: 286986K->9757K(314560K), 0,0108570 secs] 486902K->210604K(1013632K), 0,0109850 secs] [Times: user=0,08 sys=0,00, real=0,01 secs] 
2015-08-28T07:45:17.676+0200: 58705,852: [GC2015-08-28T07:45:17.676+0200: 58705,852: [ParNew: 289373K->7843K(314560K), 0,0143760 secs] 490220K->209630K(1013632K), 0,0144900 secs] [Times: user=0,11 sys=0,00, real=0,02 secs] 
2015-08-28T07:46:16.661+0200: 58764,838: [GC2015-08-28T07:46:16.661+0200: 58764,838: [ParNew: 287459K->9298K(314560K), 0,0106420 secs] 489246K->212011K(1013632K), 0,0107720 secs] [Times: user=0,08 sys=0,00, real=0,01 secs] 
2015-08-28T07:47:15.654+0200: 58823,831: [GC2015-08-28T07:47:15.654+0200: 58823,831: [ParNew: 288914K->9501K(314560K), 0,0110130 secs] 491627K->213148K(1013632K), 0,0111340 secs] [Times: user=0,09 sys=0,00, real=0,02 secs] 
2015-08-28T07:48:14.758+0200: 58882,934: [GC2015-08-28T07:48:14.758+0200: 58882,935: [ParNew: 289117K->10595K(314560K), 0,0110660 secs] 492764K->215189K(1013632K), 0,0111810 secs] [Times: user=0,09 sys=0,00, real=0,01 secs] 
2015-08-28T07:49:13.831+0200: 58942,007: [GC2015-08-28T07:49:13.831+0200: 58942,007: [ParNew: 290211K->7688K(314560K), 0,0119310 secs] 494805K->213298K(1013632K), 0,0120480 secs] [Times: user=0,09 sys=0,00, real=0,01 secs] 
2015-08-28T07:50:12.845+0200: 59001,022: [GC2015-08-28T07:50:12.845+0200: 59001,022: [ParNew: 287304K->8470K(314560K), 0,0121260 secs] 492914K->215130K(1013632K), 0,0122510 secs] [Times: user=0,10 sys=0,00, real=0,01 secs] 
2015-08-28T07:51:11.955+0200: 59060,132: [GC2015-08-28T07:51:11.956+0200: 59060,132: [ParNew: 288086K->7619K(314560K), 0,0107140 secs] 494746K->215228K(1013632K), 0,0108250 secs] [Times: user=0,10 sys=0,00, real=0,02 secs] 
2015-08-28T07:52:10.953+0200: 59119,129: [GC2015-08-28T07:52:10.953+0200: 59119,129: [ParNew: 287235K->10227K(314560K), 0,0107770 secs] 494844K->218783K(1013632K), 0,0109210 secs] [Times: user=0,07 sys=0,01, real=0,01 secs] 
2015-08-28T07:53:09.624+0200: 59177,800: [GC2015-08-28T07:53:09.624+0200: 59177,800: [ParNew: 289843K->7297K(314560K), 0,0105340 secs] 498399K->216800K(1013632K), 0,0106600 secs] [Times: user=0,10 sys=0,00, real=0,01 secs] 
2015-08-28T07:54:08.393+0200: 59236,569: [GC2015-08-28T07:54:08.393+0200: 59236,570: [ParNew: 286913K->10021K(314560K), 0,0110890 secs] 496416K->220476K(1013632K), 0,0112100 secs] [Times: user=0,08 sys=0,01, real=0,01 secs] 
2015-08-28T07:55:07.085+0200: 59295,261: [GC2015-08-28T07:55:07.085+0200: 59295,261: [ParNew: 289637K->7613K(314560K), 0,0155450 secs] 500092K->219029K(1013632K), 0,0156510 secs] [Times: user=0,07 sys=0,00, real=0,01 secs] 
2015-08-28T07:56:05.799+0200: 59353,975: [GC2015-08-28T07:56:05.799+0200: 59353,975: [ParNew: 287229K->8157K(314560K), 0,0076410 secs] 498645K->220532K(1013632K), 0,0077280 secs] [Times: user=0,05 sys=0,00, real=0,01 secs] 
2015-08-28T07:57:04.563+0200: 59412,739: [GC2015-08-28T07:57:04.563+0200: 59412,739: [ParNew: 287773K->9671K(314560K), 0,0122240 secs] 500148K->223030K(1013632K), 0,0123580 secs] [Times: user=0,10 sys=0,00, real=0,01 secs] 
2015-08-28T07:58:03.221+0200: 59471,397: [GC2015-08-28T07:58:03.221+0200: 59471,397: [ParNew: 289287K->9940K(314560K), 0,0113300 secs] 502646K->224326K(1013632K), 0,0114400 secs] [Times: user=0,08 sys=0,00, real=0,01 secs] 
2015-08-28T07:59:01.976+0200: 59530,153: [GC2015-08-28T07:59:01.976+0200: 59530,153: [ParNew: 289556K->9247K(314560K), 0,0124050 secs] 503942K->224658K(1013632K), 0,0125290 secs] [Times: user=0,08 sys=0,00, real=0,02 secs] 
2015-08-28T07:59:58.105+0200: 59586,281: [GC2015-08-28T07:59:58.105+0200: 59586,282: [ParNew: 288863K->7724K(314560K), 0,0126250 secs] 504274K->224082K(1013632K), 0,0127450 secs] [Times: user=0,09 sys=0,00, real=0,01 secs] 
2015-08-28T08:00:56.589+0200: 59644,766: [GC2015-08-28T08:00:56.590+0200: 59644,766: [ParNew: 287340K->8030K(314560K), 0,0115900 secs] 503698K->225331K(1013632K), 0,0117190 secs] [Times: user=0,09 sys=0,00, real=0,01 secs] 
2015-08-28T08:01:55.399+0200: 59703,576: [GC2015-08-28T08:01:55.399+0200: 59703,576: [ParNew: 287646K->9456K(314560K), 0,0114800 secs] 504947K->227698K(1013632K), 0,0115970 secs] [Times: user=0,09 sys=0,00, real=0,01 secs] 
2015-08-28T08:02:54.206+0200: 59762,382: [GC2015-08-28T08:02:54.206+0200: 59762,382: [ParNew: 289072K->8805K(314560K), 0,0112770 secs] 507314K->227993K(1013632K), 0,0113850 secs] [Times: user=0,10 sys=0,00, real=0,01 secs] 
2015-08-28T08:03:52.844+0200: 59821,021: [GC2015-08-28T08:03:52.844+0200: 59821,021: [ParNew: 288421K->9687K(314560K), 0,0123710 secs] 507609K->229821K(1013632K), 0,0124780 secs] [Times: user=0,07 sys=0,01, real=0,01 secs] 
2015-08-28T08:04:51.541+0200: 59879,718: [GC2015-08-28T08:04:51.541+0200: 59879,718: [ParNew: 289303K->10587K(314560K), 0,0125960 secs] 509437K->231661K(1013632K), 0,0127010 secs] [Times: user=0,09 sys=0,00, real=0,01 secs] 
2015-08-28T08:05:50.376+0200: 59938,553: [GC2015-08-28T08:05:50.376+0200: 59938,553: [ParNew: 290203K->8620K(314560K), 0,0117730 secs] 511277K->230698K(1013632K), 0,0118780 secs] [Times: user=0,09 sys=0,00, real=0,02 secs] 
2015-08-28T08:06:48.938+0200: 59997,115: [GC2015-08-28T08:06:48.938+0200: 59997,115: [ParNew: 288236K->9133K(314560K), 0,0119600 secs] 510314K->232244K(1013632K), 0,0120690 secs] [Times: user=0,10 sys=0,00, real=0,01 secs] 
2015-08-28T08:07:47.689+0200: 60055,866: [GC2015-08-28T08:07:47.689+0200: 60055,866: [ParNew: 288749K->6814K(314560K), 0,0105000 secs] 511860K->230855K(1013632K), 0,0106000 secs] [Times: user=0,08 sys=0,00, real=0,01 secs] 
2015-08-28T08:08:46.561+0200: 60114,738: [GC2015-08-28T08:08:46.561+0200: 60114,738: [ParNew: 286430K->8730K(314560K), 0,0105350 secs] 510471K->233736K(1013632K), 0,0106560 secs] [Times: user=0,08 sys=0,00, real=0,01 secs] 
2015-08-28T08:09:45.781+0200: 60173,957: [GC2015-08-28T08:09:45.781+0200: 60173,957: [ParNew: 288346K->9437K(314560K), 0,0116790 secs] 513352K->235393K(1013632K), 0,0118180 secs] [Times: user=0,06 sys=0,01, real=0,01 secs] 
2015-08-28T08:10:44.677+0200: 60232,854: [GC2015-08-28T08:10:44.677+0200: 60232,854: [ParNew: 289053K->10280K(314560K), 0,0106910 secs] 515009K->237195K(1013632K), 0,0107940 secs] [Times: user=0,08 sys=0,00, real=0,01 secs] 
2015-08-28T08:11:43.190+0200: 60291,367: [GC2015-08-28T08:11:43.190+0200: 60291,367: [ParNew: 289896K->8350K(314560K), 0,0161210 secs] 516811K->236214K(1013632K), 0,0162170 secs] [Times: user=0,12 sys=0,00, real=0,02 secs] 
2015-08-28T08:12:41.795+0200: 60349,972: [GC2015-08-28T08:12:41.795+0200: 60349,972: [ParNew: 287966K->10282K(314560K), 0,0130630 secs] 515830K->239074K(1013632K), 0,0131870 secs] [Times: user=0,10 sys=0,00, real=0,02 secs] 
2015-08-28T08:13:40.862+0200: 60409,039: [GC2015-08-28T08:13:40.862+0200: 60409,039: [ParNew: 289898K->10517K(314560K), 0,0104540 secs] 518690K->240292K(1013632K), 0,0106000 secs] [Times: user=0,08 sys=0,00, real=0,01 secs] 
2015-08-28T08:14:39.927+0200: 60468,103: [GC2015-08-28T08:14:39.927+0200: 60468,103: [ParNew: 290133K->7684K(314560K), 0,0117750 secs] 519908K->238489K(1013632K), 0,0118850 secs] [Times: user=0,10 sys=0,00, real=0,01 secs] 
2015-08-28T08:15:39.020+0200: 60527,196: [GC2015-08-28T08:15:39.020+0200: 60527,197: [ParNew: 287300K->9882K(314560K), 0,0133770 secs] 518105K->241735K(1013632K), 0,0134890 secs] [Times: user=0,12 sys=0,00, real=0,01 secs] 
2015-08-28T08:16:37.542+0200: 60585,718: [GC2015-08-28T08:16:37.542+0200: 60585,718: [ParNew: 289498K->8387K(314560K), 0,0139700 secs] 521351K->241196K(1013632K), 0,0140880 secs] [Times: user=0,08 sys=0,00, real=0,01 secs] 
2015-08-28T08:17:36.112+0200: 60644,289: [GC2015-08-28T08:17:36.112+0200: 60644,289: [ParNew: 288003K->8802K(314560K), 0,0124030 secs] 520812K->242562K(1013632K), 0,0125250 secs] [Times: user=0,07 sys=0,01, real=0,02 secs] 
2015-08-28T08:18:35.160+0200: 60703,337: [GC2015-08-28T08:18:35.160+0200: 60703,337: [ParNew: 288418K->10283K(314560K), 0,0114480 secs] 522178K->245005K(1013632K), 0,0115580 secs] [Times: user=0,07 sys=0,00, real=0,01 secs] 
2015-08-28T08:19:34.202+0200: 60762,379: [GC2015-08-28T08:19:34.202+0200: 60762,379: [ParNew: 289899K->7866K(314560K), 0,0111470 secs] 524621K->243538K(1013632K), 0,0112610 secs] [Times: user=0,09 sys=0,00, real=0,01 secs] 
2015-08-28T08:20:33.105+0200: 60821,281: [GC2015-08-28T08:20:33.105+0200: 60821,281: [ParNew: 287482K->8869K(314560K), 0,0123310 secs] 523154K->245492K(1013632K), 0,0124620 secs] [Times: user=0,08 sys=0,00, real=0,01 secs] 
2015-08-28T08:21:32.028+0200: 60880,205: [GC2015-08-28T08:21:32.029+0200: 60880,205: [ParNew: 288485K->9684K(314560K), 0,0122510 secs] 525108K->247266K(1013632K), 0,0123640 secs] [Times: user=0,06 sys=0,01, real=0,01 secs] 
2015-08-28T08:22:31.083+0200: 60939,260: [GC2015-08-28T08:22:31.083+0200: 60939,260: [ParNew: 289300K->10000K(314560K), 0,0114650 secs] 526882K->248595K(1013632K), 0,0115670 secs] [Times: user=0,09 sys=0,00, real=0,01 secs] 
2015-08-28T08:23:29.938+0200: 60998,115: [GC2015-08-28T08:23:29.938+0200: 60998,115: [ParNew: 289616K->10117K(314560K), 0,0115210 secs] 528211K->249756K(1013632K), 0,0116390 secs] [Times: user=0,10 sys=0,00, real=0,01 secs] 
2015-08-28T08:24:29.001+0200: 61057,178: [GC2015-08-28T08:24:29.001+0200: 61057,178: [ParNew: 289733K->8576K(314560K), 0,0133590 secs] 529372K->249165K(1013632K), 0,0134710 secs] [Times: user=0,09 sys=0,00, real=0,01 secs] 
2015-08-28T08:25:27.847+0200: 61116,023: [GC2015-08-28T08:25:27.847+0200: 61116,023: [ParNew: 288192K->8813K(314560K), 0,0104200 secs] 528781K->250356K(1013632K), 0,0105330 secs] [Times: user=0,08 sys=0,00, real=0,01 secs] 
2015-08-28T08:26:26.493+0200: 61174,669: [GC2015-08-28T08:26:26.493+0200: 61174,669: [ParNew: 288429K->8772K(314560K), 0,0124960 secs] 529972K->251263K(1013632K), 0,0126170 secs] [Times: user=0,09 sys=0,00, real=0,02 secs] 
2015-08-28T08:27:24.742+0200: 61232,919: [GC2015-08-28T08:27:24.742+0200: 61232,919: [ParNew: 288388K->11070K(314560K), 0,0118550 secs] 530879K->254528K(1013632K), 0,0119730 secs] [Times: user=0,11 sys=0,00, real=0,01 secs] 
2015-08-28T08:28:23.880+0200: 61292,056: [GC2015-08-28T08:28:23.880+0200: 61292,056: [ParNew: 290686K->9882K(314560K), 0,0110160 secs] 534144K->254295K(1013632K), 0,0111190 secs] [Times: user=0,11 sys=0,00, real=0,01 secs] 
2015-08-28T08:29:22.945+0200: 61351,121: [GC2015-08-28T08:29:22.945+0200: 61351,121: [ParNew: 289498K->9676K(314560K), 0,0115810 secs] 533911K->255034K(1013632K), 0,0117190 secs] [Times: user=0,08 sys=0,00, real=0,00 secs] 
2015-08-28T08:30:21.335+0200: 61409,512: [GC2015-08-28T08:30:21.335+0200: 61409,512: [ParNew: 289292K->6875K(314560K), 0,0104410 secs] 534650K->253212K(1013632K), 0,0105400 secs] [Times: user=0,10 sys=0,00, real=0,02 secs] 
2015-08-28T08:31:19.900+0200: 61468,077: [GC2015-08-28T08:31:19.900+0200: 61468,077: [ParNew: 286491K->7317K(314560K), 0,0140210 secs] 532828K->254695K(1013632K), 0,0141410 secs] [Times: user=0,11 sys=0,00, real=0,01 secs] 
2015-08-28T08:32:18.759+0200: 61526,935: [GC2015-08-28T08:32:18.759+0200: 61526,935: [ParNew: 286933K->6826K(314560K), 0,0103490 secs] 534311K->255241K(1013632K), 0,0104810 secs] [Times: user=0,09 sys=0,00, real=0,01 secs] 
2015-08-28T08:33:17.519+0200: 61585,696: [GC2015-08-28T08:33:17.519+0200: 61585,696: [ParNew: 286442K->4659K(314560K), 0,0085240 secs] 534857K->254247K(1013632K), 0,0086550 secs] [Times: user=0,07 sys=0,00, real=0,01 secs] 
2015-08-28T08:34:16.085+0200: 61644,261: [GC2015-08-28T08:34:16.085+0200: 61644,261: [ParNew: 284275K->3861K(314560K), 0,0071820 secs] 533863K->253951K(1013632K), 0,0072960 secs] [Times: user=0,04 sys=0,01, real=0,00 secs] 
2015-08-28T08:35:14.844+0200: 61703,020: [GC2015-08-28T08:35:14.844+0200: 61703,020: [ParNew: 283477K->3876K(314560K), 0,0070990 secs] 533567K->254463K(1013632K), 0,0072360 secs] [Times: user=0,06 sys=0,00, real=0,01 secs] 
2015-08-28T08:36:13.696+0200: 61761,872: [GC2015-08-28T08:36:13.696+0200: 61761,872: [ParNew: 283492K->4767K(314560K), 0,0082680 secs] 534079K->255712K(1013632K), 0,0083850 secs] [Times: user=0,04 sys=0,00, real=0,01 secs] 
2015-08-28T08:37:12.754+0200: 61820,931: [GC2015-08-28T08:37:12.754+0200: 61820,931: [ParNew: 284383K->5474K(314560K), 0,0058670 secs] 535328K->256993K(1013632K), 0,0059660 secs] [Times: user=0,03 sys=0,00, real=0,01 secs] 
2015-08-28T08:38:11.806+0200: 61879,982: [GC2015-08-28T08:38:11.806+0200: 61879,983: [ParNew: 285090K->6053K(314560K), 0,0107060 secs] 536609K->257690K(1013632K), 0,0108090 secs] [Times: user=0,06 sys=0,00, real=0,01 secs] 
2015-08-28T08:39:10.962+0200: 61939,138: [GC2015-08-28T08:39:10.962+0200: 61939,138: [ParNew: 285669K->7471K(314560K), 0,0093490 secs] 537306K->259386K(1013632K), 0,0094620 secs] [Times: user=0,07 sys=0,00, real=0,01 secs] 
2015-08-28T08:40:10.050+0200: 61998,227: [GC2015-08-28T08:40:10.050+0200: 61998,227: [ParNew: 287087K->8297K(314560K), 0,0103890 secs] 539002K->260753K(1013632K), 0,0105050 secs] [Times: user=0,05 sys=0,01, real=0,01 secs] 
2015-08-28T08:41:08.480+0200: 62056,657: [GC2015-08-28T08:41:08.480+0200: 62056,657: [ParNew: 287913K->8607K(314560K), 0,0100160 secs] 540369K->261620K(1013632K), 0,0101300 secs] [Times: user=0,07 sys=0,00, real=0,01 secs] 
2015-08-28T08:42:07.546+0200: 62115,722: [GC2015-08-28T08:42:07.546+0200: 62115,722: [ParNew: 288223K->9337K(314560K), 0,0094930 secs] 541236K->263005K(1013632K), 0,0096150 secs] [Times: user=0,07 sys=0,00, real=0,00 secs] 
2015-08-28T08:43:06.110+0200: 62174,286: [GC2015-08-28T08:43:06.110+0200: 62174,287: [ParNew: 288953K->9137K(314560K), 0,0110130 secs] 542621K->263706K(1013632K), 0,0111170 secs] [Times: user=0,09 sys=0,00, real=0,01 secs] 
2015-08-28T08:44:05.170+0200: 62233,347: [GC2015-08-28T08:44:05.170+0200: 62233,347: [ParNew: 288753K->10144K(314560K), 0,0114710 secs] 543322K->265658K(1013632K), 0,0115770 secs] [Times: user=0,09 sys=0,00, real=0,01 secs] 
2015-08-28T08:45:03.733+0200: 62291,910: [GC2015-08-28T08:45:03.733+0200: 62291,910: [ParNew: 289760K->7355K(314560K), 0,0106810 secs] 545274K->263814K(1013632K), 0,0108000 secs] [Times: user=0,08 sys=0,00, real=0,01 secs] 
2015-08-28T08:46:02.799+0200: 62350,975: [GC2015-08-28T08:46:02.799+0200: 62350,975: [ParNew: 286971K->9512K(314560K), 0,0106520 secs] 543430K->266914K(1013632K), 0,0107530 secs] [Times: user=0,07 sys=0,00, real=0,01 secs] 
2015-08-28T08:47:01.758+0200: 62409,935: [GC2015-08-28T08:47:01.758+0200: 62409,935: [ParNew: 289128K->8907K(314560K), 0,0121880 secs] 546530K->267248K(1013632K), 0,0122950 secs] [Times: user=0,08 sys=0,00, real=0,01 secs] 
2015-08-28T08:48:00.410+0200: 62468,586: [GC2015-08-28T08:48:00.410+0200: 62468,586: [ParNew: 288523K->9966K(314560K), 0,0120400 secs] 546864K->269337K(1013632K), 0,0121610 secs] [Times: user=0,10 sys=0,00, real=0,01 secs] 
2015-08-28T08:48:59.435+0200: 62527,612: [GC2015-08-28T08:48:59.435+0200: 62527,612: [ParNew: 289582K->10847K(314560K), 0,0139570 secs] 548953K->271261K(1013632K), 0,0140650 secs] [Times: user=0,11 sys=0,00, real=0,02 secs] 
2015-08-28T08:49:58.199+0200: 62586,376: [GC2015-08-28T08:49:58.199+0200: 62586,376: [ParNew: 290463K->8240K(314560K), 0,0116260 secs] 550877K->269600K(1013632K), 0,0117420 secs] [Times: user=0,10 sys=0,00, real=0,01 secs] 
2015-08-28T08:50:57.333+0200: 62645,509: [GC2015-08-28T08:50:57.333+0200: 62645,509: [ParNew: 287856K->7954K(314560K), 0,0077870 secs] 549216K->270258K(1013632K), 0,0079050 secs] [Times: user=0,04 sys=0,00, real=0,01 secs] 
2015-08-28T08:51:56.137+0200: 62704,313: [GC2015-08-28T08:51:56.137+0200: 62704,313: [ParNew: 287570K->8565K(314560K), 0,0123990 secs] 549874K->271809K(1013632K), 0,0125240 secs] [Times: user=0,08 sys=0,00, real=0,01 secs] 
2015-08-28T08:52:55.202+0200: 62763,378: [GC2015-08-28T08:52:55.202+0200: 62763,378: [ParNew: 288181K->8087K(314560K), 0,0120440 secs] 551425K->272278K(1013632K), 0,0121610 secs] [Times: user=0,08 sys=0,00, real=0,01 secs] 
2015-08-28T08:53:53.968+0200: 62822,145: [GC2015-08-28T08:53:53.968+0200: 62822,145: [ParNew: 287703K->9722K(314560K), 0,0116000 secs] 551894K->274876K(1013632K), 0,0117300 secs] [Times: user=0,08 sys=0,00, real=0,01 secs] 
2015-08-28T08:54:52.818+0200: 62880,995: [GC2015-08-28T08:54:52.818+0200: 62880,995: [ParNew: 289338K->9076K(314560K), 0,0100340 secs] 554492K->275171K(1013632K), 0,0101520 secs] [Times: user=0,07 sys=0,00, real=0,01 secs] 
2015-08-28T08:55:51.725+0200: 62939,902: [GC2015-08-28T08:55:51.725+0200: 62939,902: [ParNew: 288692K->9205K(314560K), 0,0107940 secs] 554787K->276310K(1013632K), 0,0109040 secs] [Times: user=0,08 sys=0,00, real=0,00 secs] 
2015-08-28T08:56:50.432+0200: 62998,609: [GC2015-08-28T08:56:50.432+0200: 62998,609: [ParNew: 288821K->10050K(314560K), 0,0108370 secs] 555926K->278195K(1013632K), 0,0109460 secs] [Times: user=0,07 sys=0,01, real=0,01 secs] 
2015-08-28T08:57:49.498+0200: 63057,675: [GC2015-08-28T08:57:49.498+0200: 63057,675: [ParNew: 289666K->7744K(314560K), 0,0110860 secs] 557811K->276836K(1013632K), 0,0112110 secs] [Times: user=0,09 sys=0,00, real=0,01 secs] 
2015-08-28T08:58:48.105+0200: 63116,281: [GC2015-08-28T08:58:48.105+0200: 63116,281: [ParNew: 287360K->8761K(314560K), 0,0116260 secs] 556452K->278792K(1013632K), 0,0117440 secs] [Times: user=0,07 sys=0,00, real=0,01 secs] 
2015-08-28T08:59:47.363+0200: 63175,539: [GC2015-08-28T08:59:47.363+0200: 63175,540: [ParNew: 288377K->9451K(314560K), 0,0114060 secs] 558408K->280418K(1013632K), 0,0115340 secs] [Times: user=0,08 sys=0,00, real=0,01 secs] 
2015-08-28T09:00:46.166+0200: 63234,342: [GC2015-08-28T09:00:46.166+0200: 63234,343: [ParNew: 289067K->8847K(314560K), 0,0115420 secs] 560034K->280761K(1013632K), 0,0116730 secs] [Times: user=0,09 sys=0,00, real=0,01 secs] 
2015-08-28T09:01:45.167+0200: 63293,344: [GC2015-08-28T09:01:45.167+0200: 63293,344: [ParNew: 288463K->8975K(314560K), 0,0123040 secs] 560377K->281845K(1013632K), 0,0124150 secs] [Times: user=0,07 sys=0,00, real=0,01 secs] 
2015-08-28T09:02:44.014+0200: 63352,191: [GC2015-08-28T09:02:44.015+0200: 63352,191: [ParNew: 288591K->9085K(314560K), 0,0125430 secs] 561461K->282905K(1013632K), 0,0126710 secs] [Times: user=0,11 sys=0,00, real=0,02 secs] 
2015-08-28T09:03:43.105+0200: 63411,281: [GC2015-08-28T09:03:43.105+0200: 63411,281: [ParNew: 288701K->8465K(314560K), 0,0118020 secs] 562521K->283267K(1013632K), 0,0119150 secs] [Times: user=0,07 sys=0,00, real=0,01 secs] 
2015-08-28T09:04:42.105+0200: 63470,282: [GC2015-08-28T09:04:42.106+0200: 63470,282: [ParNew: 288081K->10096K(314560K), 0,0123710 secs] 562883K->285928K(1013632K), 0,0124880 secs] [Times: user=0,08 sys=0,00, real=0,01 secs] 
2015-08-28T09:05:41.324+0200: 63529,501: [GC2015-08-28T09:05:41.324+0200: 63529,501: [ParNew: 289712K->9351K(314560K), 0,0122700 secs] 565544K->286240K(1013632K), 0,0123830 secs] [Times: user=0,07 sys=0,00, real=0,01 secs] 
2015-08-28T09:06:39.498+0200: 63587,674: [GC2015-08-28T09:06:39.498+0200: 63587,674: [ParNew: 288967K->7782K(314560K), 0,0109790 secs] 565856K->285618K(1013632K), 0,0111050 secs] [Times: user=0,10 sys=0,00, real=0,01 secs] 
2015-08-28T09:07:36.555+0200: 63644,732: [GC2015-08-28T09:07:36.555+0200: 63644,732: [ParNew: 287398K->8110K(314560K), 0,0115440 secs] 565234K->286887K(1013632K), 0,0116620 secs] [Times: user=0,09 sys=0,00, real=0,02 secs] 
2015-08-28T09:08:33.614+0200: 63701,791: [GC2015-08-28T09:08:33.614+0200: 63701,791: [ParNew: 287726K->7353K(314560K), 0,0083700 secs] 566503K->287104K(1013632K), 0,0085010 secs] [Times: user=0,06 sys=0,00, real=0,01 secs] 
2015-08-28T09:09:30.866+0200: 63759,042: [GC2015-08-28T09:09:30.866+0200: 63759,042: [ParNew: 286969K->9586K(314560K), 0,0117930 secs] 566720K->290274K(1013632K), 0,0118990 secs] [Times: user=0,07 sys=0,00, real=0,01 secs] 
2015-08-28T09:10:27.206+0200: 63815,383: [GC2015-08-28T09:10:27.206+0200: 63815,383: [ParNew: 289202K->8950K(314560K), 0,0112230 secs] 569890K->290589K(1013632K), 0,0113410 secs] [Times: user=0,09 sys=0,00, real=0,01 secs] 
2015-08-28T09:11:25.768+0200: 63873,944: [GC2015-08-28T09:11:25.768+0200: 63873,944: [ParNew: 288566K->9775K(314560K), 0,0169470 secs] 570205K->292362K(1013632K), 0,0170840 secs] [Times: user=0,10 sys=0,00, real=0,02 secs] 
2015-08-28T09:12:23.744+0200: 63931,921: [GC2015-08-28T09:12:23.744+0200: 63931,921: [ParNew: 289391K->9098K(314560K), 0,0097520 secs] 571978K->292717K(1013632K), 0,0098350 secs] [Times: user=0,07 sys=0,00, real=0,01 secs] 
2015-08-28T09:13:21.376+0200: 63989,552: [GC2015-08-28T09:13:21.376+0200: 63989,552: [ParNew: 288714K->8361K(314560K), 0,0117150 secs] 572333K->293012K(1013632K), 0,0118210 secs] [Times: user=0,07 sys=0,00, real=0,02 secs] 
2015-08-28T09:14:19.938+0200: 64048,115: [GC2015-08-28T09:14:19.938+0200: 64048,115: [ParNew: 287977K->7594K(314560K), 0,0110490 secs] 572628K->293163K(1013632K), 0,0111610 secs] [Times: user=0,10 sys=0,00, real=0,01 secs] 
2015-08-28T09:15:18.000+0200: 64106,176: [GC2015-08-28T09:15:18.000+0200: 64106,176: [ParNew: 287210K->10016K(314560K), 0,0117320 secs] 572779K->296523K(1013632K), 0,0118550 secs] [Times: user=0,08 sys=0,00, real=0,01 secs] 
2015-08-28T09:16:16.569+0200: 64164,745: [GC2015-08-28T09:16:16.569+0200: 64164,746: [ParNew: 289632K->8015K(314560K), 0,0107810 secs] 576139K->295435K(1013632K), 0,0108930 secs] [Times: user=0,06 sys=0,00, real=0,01 secs] 
2015-08-28T09:17:15.131+0200: 64223,307: [GC2015-08-28T09:17:15.131+0200: 64223,307: [ParNew: 287631K->9830K(314560K), 0,0110880 secs] 575051K->298162K(1013632K), 0,0112090 secs] [Times: user=0,09 sys=0,00, real=0,01 secs] 
2015-08-28T09:18:13.699+0200: 64281,876: [GC2015-08-28T09:18:13.699+0200: 64281,876: [ParNew: 289446K->10067K(314560K), 0,0114090 secs] 577778K->299350K(1013632K), 0,0115260 secs] [Times: user=0,09 sys=0,00, real=0,01 secs] 
2015-08-28T09:19:11.286+0200: 64339,463: [GC2015-08-28T09:19:11.286+0200: 64339,463: [ParNew: 289683K->8294K(314560K), 0,0087450 secs] 578966K->298507K(1013632K), 0,0088300 secs] [Times: user=0,05 sys=0,00, real=0,00 secs] 
2015-08-28T09:20:08.766+0200: 64396,942: [GC2015-08-28T09:20:08.766+0200: 64396,942: [ParNew: 287910K->9605K(314560K), 0,0118640 secs] 578123K->300771K(1013632K), 0,0119820 secs] [Times: user=0,10 sys=0,00, real=0,01 secs] 
2015-08-28T09:21:06.350+0200: 64454,527: [GC2015-08-28T09:21:06.350+0200: 64454,527: [ParNew: 289221K->8990K(314560K), 0,0149110 secs] 580387K->301176K(1013632K), 0,0150280 secs] [Times: user=0,09 sys=0,00, real=0,02 secs] 
2015-08-28T09:22:04.854+0200: 64513,031: [GC2015-08-28T09:22:04.854+0200: 64513,031: [ParNew: 288606K->9932K(314560K), 0,0110660 secs] 580792K->303154K(1013632K), 0,0112040 secs] [Times: user=0,09 sys=0,00, real=0,02 secs] 
2015-08-28T09:23:03.105+0200: 64571,281: [GC2015-08-28T09:23:03.105+0200: 64571,281: [ParNew: 289548K->9196K(314560K), 0,0123470 secs] 582770K->303364K(1013632K), 0,0124620 secs] [Times: user=0,09 sys=0,00, real=0,01 secs] 
2015-08-28T09:24:00.513+0200: 64628,690: [GC2015-08-28T09:24:00.513+0200: 64628,690: [ParNew: 288812K->7940K(314560K), 0,0136940 secs] 582980K->303045K(1013632K), 0,0138040 secs] [Times: user=0,08 sys=0,00, real=0,02 secs] 
2015-08-28T09:24:58.991+0200: 64687,168: [GC2015-08-28T09:24:58.991+0200: 64687,168: [ParNew: 287556K->8629K(314560K), 0,0088050 secs] 582661K->304676K(1013632K), 0,0088900 secs] [Times: user=0,05 sys=0,00, real=0,01 secs] 
2015-08-28T09:25:56.890+0200: 64745,067: [GC2015-08-28T09:25:56.890+0200: 64745,067: [ParNew: 288245K->9445K(314560K), 0,0098690 secs] 584292K->306435K(1013632K), 0,0099580 secs] [Times: user=0,05 sys=0,00, real=0,01 secs] 
2015-08-28T09:26:55.080+0200: 64803,257: [GC2015-08-28T09:26:55.080+0200: 64803,257: [ParNew: 289061K->9573K(314560K), 0,0130090 secs] 586051K->307484K(1013632K), 0,0131210 secs] [Times: user=0,10 sys=0,00, real=0,01 secs] 
2015-08-28T09:27:52.946+0200: 64861,122: [GC2015-08-28T09:27:52.946+0200: 64861,122: [ParNew: 289189K->11100K(314560K), 0,0087820 secs] 587100K->309945K(1013632K), 0,0088750 secs] [Times: user=0,06 sys=0,00, real=0,00 secs] 
2015-08-28T09:28:49.176+0200: 64917,352: [GC2015-08-28T09:28:49.176+0200: 64917,352: [ParNew: 290716K->9890K(314560K), 0,0073230 secs] 589561K->309707K(1013632K), 0,0073930 secs] [Times: user=0,06 sys=0,00, real=0,01 secs] 
2015-08-28T09:29:45.229+0200: 64973,406: [GC2015-08-28T09:29:45.229+0200: 64973,406: [ParNew: 289506K->8692K(314560K), 0,0108350 secs] 589323K->309539K(1013632K), 0,0109350 secs] [Times: user=0,07 sys=0,00, real=0,01 secs] 
2015-08-28T09:30:43.095+0200: 65031,272: [GC2015-08-28T09:30:43.095+0200: 65031,272: [ParNew: 288308K->9349K(314560K), 0,0086620 secs] 589155K->311228K(1013632K), 0,0087540 secs] [Times: user=0,07 sys=0,00, real=0,01 secs] 
2015-08-28T09:31:39.317+0200: 65087,493: [GC2015-08-28T09:31:39.317+0200: 65087,493: [ParNew: 288965K->5885K(314560K), 0,0121960 secs] 590844K->308708K(1013632K), 0,0123100 secs] [Times: user=0,06 sys=0,00, real=0,01 secs] 
2015-08-28T09:32:36.961+0200: 65145,137: [GC2015-08-28T09:32:36.961+0200: 65145,138: [ParNew: 285501K->5368K(314560K), 0,0083720 secs] 588324K->309246K(1013632K), 0,0084770 secs] [Times: user=0,07 sys=0,00, real=0,01 secs] 
2015-08-28T09:33:34.517+0200: 65202,693: [GC2015-08-28T09:33:34.517+0200: 65202,693: [ParNew: 284984K->5181K(314560K), 0,0080150 secs] 588862K->309857K(1013632K), 0,0081320 secs] [Times: user=0,04 sys=0,01, real=0,01 secs] 
2015-08-28T09:34:32.072+0200: 65260,248: [GC2015-08-28T09:34:32.072+0200: 65260,248: [ParNew: 284797K->4170K(314560K), 0,0058780 secs] 589473K->309334K(1013632K), 0,0059540 secs] [Times: user=0,03 sys=0,00, real=0,01 secs] 
2015-08-28T09:35:29.497+0200: 65317,674: [GC2015-08-28T09:35:29.497+0200: 65317,674: [ParNew: 283786K->3933K(314560K), 0,0083090 secs] 588950K->309713K(1013632K), 0,0084030 secs] [Times: user=0,05 sys=0,00, real=0,01 secs] 
2015-08-28T09:36:27.348+0200: 65375,525: [GC2015-08-28T09:36:27.348+0200: 65375,525: [ParNew: 283549K->4900K(314560K), 0,0071770 secs] 589329K->311258K(1013632K), 0,0072860 secs] [Times: user=0,04 sys=0,00, real=0,00 secs] 
2015-08-28T09:37:23.718+0200: 65431,895: [GC2015-08-28T09:37:23.718+0200: 65431,895: [ParNew: 284516K->5787K(314560K), 0,0054620 secs] 590874K->312334K(1013632K), 0,0055720 secs] [Times: user=0,02 sys=0,01, real=0,00 secs] 
2015-08-28T09:38:20.268+0200: 65488,445: [GC2015-08-28T09:38:20.268+0200: 65488,445: [ParNew: 285403K->6959K(314560K), 0,0051000 secs] 591950K->313812K(1013632K), 0,0052220 secs] [Times: user=0,03 sys=0,00, real=0,00 secs] 
2015-08-28T09:39:17.018+0200: 65545,195: [GC2015-08-28T09:39:17.018+0200: 65545,195: [ParNew: 286575K->8132K(314560K), 0,0076850 secs] 593428K->315442K(1013632K), 0,0077800 secs] [Times: user=0,05 sys=0,00, real=0,01 secs] 
2015-08-28T09:40:14.367+0200: 65602,543: [GC2015-08-28T09:40:14.367+0200: 65602,543: [ParNew: 287748K->7430K(314560K), 0,0058050 secs] 595058K->315294K(1013632K), 0,0058870 secs] [Times: user=0,04 sys=0,00, real=0,00 secs] 
2015-08-28T09:41:10.920+0200: 65659,096: [GC2015-08-28T09:41:10.920+0200: 65659,096: [ParNew: 287046K->7044K(314560K), 0,0105730 secs] 594910K->315565K(1013632K), 0,0106650 secs] [Times: user=0,07 sys=0,00, real=0,01 secs] 
2015-08-28T09:42:07.473+0200: 65715,650: [GC2015-08-28T09:42:07.473+0200: 65715,650: [ParNew: 286660K->8748K(314560K), 0,0106490 secs] 595181K->318149K(1013632K), 0,0107630 secs] [Times: user=0,05 sys=0,00, real=0,01 secs] 
2015-08-28T09:43:03.831+0200: 65772,008: [GC2015-08-28T09:43:03.831+0200: 65772,008: [ParNew: 288364K->8476K(314560K), 0,0077640 secs] 597765K->318777K(1013632K), 0,0078590 secs] [Times: user=0,06 sys=0,00, real=0,01 secs] 
2015-08-28T09:43:59.877+0200: 65828,053: [GC2015-08-28T09:43:59.877+0200: 65828,053: [ParNew: 288092K->8659K(314560K), 0,0099680 secs] 598393K->319858K(1013632K), 0,0100780 secs] [Times: user=0,08 sys=0,00, real=0,01 secs] 
2015-08-28T09:44:57.337+0200: 65885,513: [GC2015-08-28T09:44:57.337+0200: 65885,513: [ParNew: 288275K->8815K(314560K), 0,0111640 secs] 599474K->320932K(1013632K), 0,0112660 secs] [Times: user=0,08 sys=0,00, real=0,01 secs] 
2015-08-28T09:45:54.164+0200: 65942,340: [GC2015-08-28T09:45:54.164+0200: 65942,340: [ParNew: 288431K->8947K(314560K), 0,0128900 secs] 600548K->322069K(1013632K), 0,0129900 secs] [Times: user=0,08 sys=0,00, real=0,02 secs] 
2015-08-28T09:46:51.223+0200: 65999,400: [GC2015-08-28T09:46:51.223+0200: 65999,400: [ParNew: 288563K->8981K(314560K), 0,0120010 secs] 601685K->323111K(1013632K), 0,0121140 secs] [Times: user=0,07 sys=0,00, real=0,01 secs] 
2015-08-28T09:47:49.071+0200: 66057,247: [GC2015-08-28T09:47:49.071+0200: 66057,247: [ParNew: 288597K->9004K(314560K), 0,0102120 secs] 602727K->324058K(1013632K), 0,0103220 secs] [Times: user=0,09 sys=0,00, real=0,01 secs] 
2015-08-28T09:48:47.043+0200: 66115,220: [GC2015-08-28T09:48:47.043+0200: 66115,220: [ParNew: 288620K->8493K(314560K), 0,0098070 secs] 603674K->324438K(1013632K), 0,0099180 secs] [Times: user=0,10 sys=0,00, real=0,01 secs] 
2015-08-28T09:49:44.386+0200: 66172,562: [GC2015-08-28T09:49:44.386+0200: 66172,562: [ParNew: 288109K->8498K(314560K), 0,0148850 secs] 604054K->325359K(1013632K), 0,0149840 secs] [Times: user=0,07 sys=0,01, real=0,01 secs] 
2015-08-28T09:50:41.947+0200: 66230,124: [GC2015-08-28T09:50:41.947+0200: 66230,124: [ParNew: 288114K->10025K(314560K), 0,0119220 secs] 604975K->327804K(1013632K), 0,0120390 secs] [Times: user=0,07 sys=0,00, real=0,01 secs] 
2015-08-28T09:51:39.510+0200: 66287,686: [GC2015-08-28T09:51:39.510+0200: 66287,686: [ParNew: 289641K->8618K(314560K), 0,0114020 secs] 607420K->327319K(1013632K), 0,0115010 secs] [Times: user=0,08 sys=0,00, real=0,01 secs] 
2015-08-28T09:52:37.344+0200: 66345,520: [GC2015-08-28T09:52:37.344+0200: 66345,520: [ParNew: 288234K->9397K(314560K), 0,0079380 secs] 606935K->329031K(1013632K), 0,0080470 secs] [Times: user=0,06 sys=0,00, real=0,01 secs] 
2015-08-28T09:53:35.114+0200: 66403,291: [GC2015-08-28T09:53:35.114+0200: 66403,291: [ParNew: 289013K->8798K(314560K), 0,0121320 secs] 608647K->329393K(1013632K), 0,0122630 secs] [Times: user=0,09 sys=0,00, real=0,02 secs] 
2015-08-28T09:54:32.675+0200: 66460,851: [GC2015-08-28T09:54:32.675+0200: 66460,851: [ParNew: 288414K->9056K(314560K), 0,0110610 secs] 609009K->330663K(1013632K), 0,0111600 secs] [Times: user=0,08 sys=0,00, real=0,02 secs] 
2015-08-28T09:55:30.233+0200: 66518,410: [GC2015-08-28T09:55:30.234+0200: 66518,410: [ParNew: 288672K->10663K(314560K), 0,0108030 secs] 610279K->333274K(1013632K), 0,0109350 secs] [Times: user=0,07 sys=0,00, real=0,02 secs] 
2015-08-28T09:56:27.797+0200: 66575,974: [GC2015-08-28T09:56:27.797+0200: 66575,974: [ParNew: 290279K->6217K(314560K), 0,0113000 secs] 612890K->329770K(1013632K), 0,0113940 secs] [Times: user=0,07 sys=0,00, real=0,01 secs] 
2015-08-28T09:57:25.254+0200: 66633,431: [GC2015-08-28T09:57:25.254+0200: 66633,431: [ParNew: 285833K->9125K(314560K), 0,0097800 secs] 609386K->333609K(1013632K), 0,0098890 secs] [Times: user=0,07 sys=0,00, real=0,01 secs] 
2015-08-28T09:58:22.625+0200: 66690,801: [GC2015-08-28T09:58:22.625+0200: 66690,801: [ParNew: 288741K->9137K(314560K), 0,0100330 secs] 613225K->334550K(1013632K), 0,0101340 secs] [Times: user=0,07 sys=0,00, real=0,00 secs] 
2015-08-28T09:59:19.949+0200: 66748,126: [GC2015-08-28T09:59:19.949+0200: 66748,126: [ParNew: 288753K->8683K(314560K), 0,0097830 secs] 614166K->335038K(1013632K), 0,0098760 secs] [Times: user=0,07 sys=0,00, real=0,01 secs] 
2015-08-28T10:00:17.372+0200: 66805,548: [GC2015-08-28T10:00:17.372+0200: 66805,548: [ParNew: 288299K->10291K(314560K), 0,0097710 secs] 614654K->337585K(1013632K), 0,0099010 secs] [Times: user=0,06 sys=0,00, real=0,01 secs] 
2015-08-28T10:01:14.581+0200: 66862,757: [GC2015-08-28T10:01:14.581+0200: 66862,757: [ParNew: 289907K->7436K(314560K), 0,0083980 secs] 617201K->335676K(1013632K), 0,0084950 secs] [Times: user=0,06 sys=0,00, real=0,01 secs] 
2015-08-28T10:02:11.591+0200: 66919,767: [GC2015-08-28T10:02:11.591+0200: 66919,767: [ParNew: 287052K->9575K(314560K), 0,0079880 secs] 615292K->338799K(1013632K), 0,0080870 secs] [Times: user=0,06 sys=0,00, real=0,01 secs] 
2015-08-28T10:03:07.847+0200: 66976,023: [GC2015-08-28T10:03:07.847+0200: 66976,023: [ParNew: 289191K->8896K(314560K), 0,0108530 secs] 618415K->339138K(1013632K), 0,0109550 secs] [Times: user=0,08 sys=0,00, real=0,01 secs] 
2015-08-28T10:04:04.707+0200: 67032,884: [GC2015-08-28T10:04:04.707+0200: 67032,884: [ParNew: 288512K->9795K(314560K), 0,0117660 secs] 618754K->341053K(1013632K), 0,0118770 secs] [Times: user=0,09 sys=0,00, real=0,01 secs] 
2015-08-28T10:05:01.440+0200: 67089,616: [GC2015-08-28T10:05:01.440+0200: 67089,616: [ParNew: 289411K->8308K(314560K), 0,0086850 secs] 620669K->340491K(1013632K), 0,0087790 secs] [Times: user=0,05 sys=0,00, real=0,01 secs] 
2015-08-28T10:05:58.105+0200: 67146,281: [GC2015-08-28T10:05:58.105+0200: 67146,281: [ParNew: 287924K->7151K(314560K), 0,0054410 secs] 620107K->340273K(1013632K), 0,0055140 secs] [Times: user=0,04 sys=0,00, real=0,00 secs] 
2015-08-28T10:06:54.829+0200: 67203,005: [GC2015-08-28T10:06:54.829+0200: 67203,005: [ParNew: 286767K->8543K(314560K), 0,0121310 secs] 619889K->342590K(1013632K), 0,0122220 secs] [Times: user=0,06 sys=0,01, real=0,01 secs] 
2015-08-28T10:07:51.888+0200: 67260,065: [GC2015-08-28T10:07:51.888+0200: 67260,065: [ParNew: 288159K->8622K(314560K), 0,0089460 secs] 622206K->343596K(1013632K), 0,0090690 secs] [Times: user=0,06 sys=0,00, real=0,01 secs] 
2015-08-28T10:08:47.844+0200: 67316,021: [GC2015-08-28T10:08:47.845+0200: 67316,021: [ParNew: 288238K->9454K(314560K), 0,0091510 secs] 623212K->345338K(1013632K), 0,0092600 secs] [Times: user=0,06 sys=0,00, real=0,00 secs] 
2015-08-28T10:09:44.483+0200: 67372,659: [GC2015-08-28T10:09:44.483+0200: 67372,660: [ParNew: 289070K->8847K(314560K), 0,0096680 secs] 624954K->345647K(1013632K), 0,0097740 secs] [Times: user=0,07 sys=0,00, real=0,01 secs] 
2015-08-28T10:10:40.973+0200: 67429,150: [GC2015-08-28T10:10:40.973+0200: 67429,150: [ParNew: 288463K->8219K(314560K), 0,0080850 secs] 625263K->346011K(1013632K), 0,0081670 secs] [Times: user=0,05 sys=0,00, real=0,01 secs] 
2015-08-28T10:11:37.577+0200: 67485,754: [GC2015-08-28T10:11:37.577+0200: 67485,754: [ParNew: 287835K->8253K(314560K), 0,0101840 secs] 625627K->347059K(1013632K), 0,0103030 secs] [Times: user=0,08 sys=0,00, real=0,01 secs] 
2015-08-28T10:12:35.335+0200: 67543,512: [GC2015-08-28T10:12:35.335+0200: 67543,512: [ParNew: 287869K->10490K(314560K), 0,0153110 secs] 626675K->350216K(1013632K), 0,0154050 secs] [Times: user=0,10 sys=0,00, real=0,02 secs] 
2015-08-28T10:13:31.680+0200: 67599,857: [GC2015-08-28T10:13:31.681+0200: 67599,857: [ParNew: 290106K->7560K(314560K), 0,0123830 secs] 629832K->348208K(1013632K), 0,0124600 secs] [Times: user=0,05 sys=0,00, real=0,01 secs] 
2015-08-28T10:14:28.740+0200: 67656,916: [GC2015-08-28T10:14:28.740+0200: 67656,916: [ParNew: 287176K->8884K(314560K), 0,0100980 secs] 627824K->350445K(1013632K), 0,0102110 secs] [Times: user=0,09 sys=0,00, real=0,01 secs] 
2015-08-28T10:15:26.690+0200: 67714,867: [GC2015-08-28T10:15:26.690+0200: 67714,867: [ParNew: 288500K->9669K(314560K), 0,0075370 secs] 630061K->352141K(1013632K), 0,0076090 secs] [Times: user=0,05 sys=0,00, real=0,01 secs] 
2015-08-28T10:16:23.842+0200: 67772,019: [GC2015-08-28T10:16:23.842+0200: 67772,019: [ParNew: 289285K->7090K(314560K), 0,0113970 secs] 631757K->350476K(1013632K), 0,0115200 secs] [Times: user=0,10 sys=0,00, real=0,01 secs] 
2015-08-28T10:17:22.374+0200: 67830,551: [GC2015-08-28T10:17:22.374+0200: 67830,551: [ParNew: 286706K->9909K(314560K), 0,0113160 secs] 630092K->354206K(1013632K), 0,0114570 secs] [Times: user=0,10 sys=0,00, real=0,02 secs] 
2015-08-28T10:18:20.958+0200: 67889,135: [GC2015-08-28T10:18:20.958+0200: 67889,135: [ParNew: 289525K->8720K(314560K), 0,0111320 secs] 633822K->353931K(1013632K), 0,0112520 secs] [Times: user=0,10 sys=0,00, real=0,01 secs] 
2015-08-28T10:19:19.511+0200: 67947,688: [GC2015-08-28T10:19:19.511+0200: 67947,688: [ParNew: 288336K->8290K(314560K), 0,0114670 secs] 633547K->354516K(1013632K), 0,0115880 secs] [Times: user=0,08 sys=0,00, real=0,01 secs] 
2015-08-28T10:20:17.575+0200: 68005,752: [GC2015-08-28T10:20:17.575+0200: 68005,752: [ParNew: 287906K->10643K(314560K), 0,0089860 secs] 634132K->357879K(1013632K), 0,0090990 secs] [Times: user=0,07 sys=0,00, real=0,01 secs] 
2015-08-28T10:21:15.634+0200: 68063,810: [GC2015-08-28T10:21:15.634+0200: 68063,810: [ParNew: 290259K->7634K(314560K), 0,0115030 secs] 637495K->355791K(1013632K), 0,0116460 secs] [Times: user=0,09 sys=0,00, real=0,02 secs] 
2015-08-28T10:22:13.692+0200: 68121,869: [GC2015-08-28T10:22:13.692+0200: 68121,869: [ParNew: 287250K->8470K(314560K), 0,0118870 secs] 635407K->357554K(1013632K), 0,0120120 secs] [Times: user=0,08 sys=0,00, real=0,01 secs] 
2015-08-28T10:23:11.691+0200: 68179,868: [GC2015-08-28T10:23:11.691+0200: 68179,868: [ParNew: 288086K->8443K(314560K), 0,0105770 secs] 637170K->358476K(1013632K), 0,0106970 secs] [Times: user=0,09 sys=0,00, real=0,01 secs] 
2015-08-28T10:24:10.302+0200: 68238,478: [GC2015-08-28T10:24:10.302+0200: 68238,478: [ParNew: 288059K->8685K(314560K), 0,0115920 secs] 638092K->359659K(1013632K), 0,0117060 secs] [Times: user=0,10 sys=0,00, real=0,01 secs] 
2015-08-28T10:25:08.864+0200: 68297,040: [GC2015-08-28T10:25:08.864+0200: 68297,040: [ParNew: 288301K->8859K(314560K), 0,0110370 secs] 639275K->360759K(1013632K), 0,0111560 secs] [Times: user=0,09 sys=0,00, real=0,01 secs] 
2015-08-28T10:26:06.422+0200: 68354,599: [GC2015-08-28T10:26:06.422+0200: 68354,599: [ParNew: 288475K->9012K(314560K), 0,0067220 secs] 640375K->361855K(1013632K), 0,0068200 secs] [Times: user=0,07 sys=0,00, real=0,01 secs] 
2015-08-28T10:27:03.534+0200: 68411,711: [GC2015-08-28T10:27:03.534+0200: 68411,711: [ParNew: 288628K->10671K(314560K), 0,0123080 secs] 641471K->364497K(1013632K), 0,0124200 secs] [Times: user=0,10 sys=0,00, real=0,02 secs] 
2015-08-28T10:28:01.727+0200: 68469,904: [GC2015-08-28T10:28:01.727+0200: 68469,904: [ParNew: 290287K->9384K(314560K), 0,0106490 secs] 644113K->364233K(1013632K), 0,0107570 secs] [Times: user=0,07 sys=0,00, real=0,01 secs] 
2015-08-28T10:28:59.337+0200: 68527,513: [GC2015-08-28T10:28:59.337+0200: 68527,513: [ParNew: 289000K->8388K(314560K), 0,0125660 secs] 643849K->364266K(1013632K), 0,0126760 secs] [Times: user=0,09 sys=0,00, real=0,01 secs] 
2015-08-28T10:29:57.259+0200: 68585,435: [GC2015-08-28T10:29:57.259+0200: 68585,435: [ParNew: 288004K->9471K(314560K), 0,0068890 secs] 643882K->366304K(1013632K), 0,0069890 secs] [Times: user=0,05 sys=0,00, real=0,01 secs] 
2015-08-28T10:30:55.288+0200: 68643,465: [GC2015-08-28T10:30:55.288+0200: 68643,465: [ParNew: 289087K->7386K(314560K), 0,0249540 secs] 645920K->365159K(1013632K), 0,0250440 secs] [Times: user=0,13 sys=0,00, real=0,02 secs] 
2015-08-28T10:31:53.105+0200: 68701,281: [GC2015-08-28T10:31:53.105+0200: 68701,282: [ParNew: 287002K->7339K(314560K), 0,0098880 secs] 644775K->366057K(1013632K), 0,0100160 secs] [Times: user=0,07 sys=0,00, real=0,00 secs] 
2015-08-28T10:32:51.884+0200: 68760,061: [GC2015-08-28T10:32:51.884+0200: 68760,061: [ParNew: 286955K->5686K(314560K), 0,0099270 secs] 645673K->365641K(1013632K), 0,0100490 secs] [Times: user=0,07 sys=0,00, real=0,01 secs] 
2015-08-28T10:33:50.351+0200: 68818,528: [GC2015-08-28T10:33:50.352+0200: 68818,528: [ParNew: 285302K->4149K(314560K), 0,0099980 secs] 645257K->364685K(1013632K), 0,0101070 secs] [Times: user=0,08 sys=0,00, real=0,01 secs] 
2015-08-28T10:34:49.111+0200: 68877,287: [GC2015-08-28T10:34:49.111+0200: 68877,287: [ParNew: 283765K->4833K(314560K), 0,0073830 secs] 644301K->365865K(1013632K), 0,0075130 secs] [Times: user=0,06 sys=0,00, real=0,01 secs] 
2015-08-28T10:35:47.030+0200: 68935,207: [GC2015-08-28T10:35:47.030+0200: 68935,207: [ParNew: 284449K->4743K(314560K), 0,0059980 secs] 645481K->366388K(1013632K), 0,0060970 secs] [Times: user=0,04 sys=0,00, real=0,01 secs] 
2015-08-28T10:36:45.060+0200: 68993,236: [GC2015-08-28T10:36:45.060+0200: 68993,236: [ParNew: 284359K->5156K(314560K), 0,0071320 secs] 646004K->367468K(1013632K), 0,0072420 secs] [Times: user=0,05 sys=0,00, real=0,01 secs] 
2015-08-28T10:37:43.671+0200: 69051,848: [GC2015-08-28T10:37:43.671+0200: 69051,848: [ParNew: 284772K->5802K(314560K), 0,0065740 secs] 647084K->368230K(1013632K), 0,0066870 secs] [Times: user=0,06 sys=0,00, real=0,01 secs] 
2015-08-28T10:38:42.620+0200: 69110,797: [GC2015-08-28T10:38:42.620+0200: 69110,797: [ParNew: 285418K->6726K(314560K), 0,0062990 secs] 647846K->369370K(1013632K), 0,0064010 secs] [Times: user=0,05 sys=0,00, real=0,01 secs] 
2015-08-28T10:39:40.176+0200: 69168,352: [GC2015-08-28T10:39:40.176+0200: 69168,352: [ParNew: 286342K->8004K(314560K), 0,0091560 secs] 648986K->371112K(1013632K), 0,0092730 secs] [Times: user=0,08 sys=0,00, real=0,02 secs] 
2015-08-28T10:40:37.847+0200: 69226,023: [GC2015-08-28T10:40:37.847+0200: 69226,023: [ParNew: 287620K->9697K(314560K), 0,0096400 secs] 650728K->373341K(1013632K), 0,0097780 secs] [Times: user=0,08 sys=0,00, real=0,01 secs] 
2015-08-28T10:41:35.778+0200: 69283,955: [GC2015-08-28T10:41:35.778+0200: 69283,955: [ParNew: 289313K->7800K(314560K), 0,0106770 secs] 652957K->372085K(1013632K), 0,0108060 secs] [Times: user=0,07 sys=0,00, real=0,01 secs] 
2015-08-28T10:42:33.812+0200: 69341,989: [GC2015-08-28T10:42:33.812+0200: 69341,989: [ParNew: 287416K->8506K(314560K), 0,0106080 secs] 651701K->373636K(1013632K), 0,0107120 secs] [Times: user=0,08 sys=0,00, real=0,01 secs] 
2015-08-28T10:43:32.392+0200: 69400,569: [GC2015-08-28T10:43:32.392+0200: 69400,569: [ParNew: 288122K->9513K(314560K), 0,0119560 secs] 653252K->375593K(1013632K), 0,0120670 secs] [Times: user=0,07 sys=0,00, real=0,02 secs] 
2015-08-28T10:44:30.268+0200: 69458,445: [GC2015-08-28T10:44:30.268+0200: 69458,445: [ParNew: 289129K->9882K(314560K), 0,0113870 secs] 655209K->377001K(1013632K), 0,0115090 secs] [Times: user=0,07 sys=0,00, real=0,01 secs] 
2015-08-28T10:45:28.142+0200: 69516,319: [GC2015-08-28T10:45:28.142+0200: 69516,319: [ParNew: 289498K->9949K(314560K), 0,0100320 secs] 656617K->378084K(1013632K), 0,0101470 secs] [Times: user=0,08 sys=0,00, real=0,01 secs] 
2015-08-28T10:46:26.037+0200: 69574,214: [GC2015-08-28T10:46:26.038+0200: 69574,214: [ParNew: 289565K->10011K(314560K), 0,0115150 secs] 657700K->379082K(1013632K), 0,0116150 secs] [Times: user=0,07 sys=0,00, real=0,01 secs] 
2015-08-28T10:47:23.947+0200: 69632,123: [GC2015-08-28T10:47:23.947+0200: 69632,124: [ParNew: 289627K->7345K(314560K), 0,0121900 secs] 658698K->377337K(1013632K), 0,0123260 secs] [Times: user=0,09 sys=0,00, real=0,01 secs] 
2015-08-28T10:48:21.982+0200: 69690,159: [GC2015-08-28T10:48:21.982+0200: 69690,159: [ParNew: 286961K->9855K(314560K), 0,0107140 secs] 656953K->380786K(1013632K), 0,0108400 secs] [Times: user=0,07 sys=0,00, real=0,01 secs] 
2015-08-28T10:49:19.700+0200: 69747,877: [GC2015-08-28T10:49:19.700+0200: 69747,877: [ParNew: 289471K->8347K(314560K), 0,0142000 secs] 660402K->380239K(1013632K), 0,0143150 secs] [Times: user=0,08 sys=0,00, real=0,01 secs] 
2015-08-28T10:50:17.638+0200: 69805,814: [GC2015-08-28T10:50:17.638+0200: 69805,814: [ParNew: 287963K->9983K(314560K), 0,0108200 secs] 659855K->382807K(1013632K), 0,0109450 secs] [Times: user=0,09 sys=0,00, real=0,01 secs] 
2015-08-28T10:51:15.672+0200: 69863,848: [GC2015-08-28T10:51:15.672+0200: 69863,848: [ParNew: 289599K->10229K(314560K), 0,0128080 secs] 662423K->383991K(1013632K), 0,0129200 secs] [Times: user=0,08 sys=0,00, real=0,02 secs] 
2015-08-28T10:52:13.708+0200: 69921,885: [GC2015-08-28T10:52:13.708+0200: 69921,885: [ParNew: 289845K->8905K(314560K), 0,0120050 secs] 663607K->383651K(1013632K), 0,0121240 secs] [Times: user=0,08 sys=0,00, real=0,01 secs] 
2015-08-28T10:53:11.743+0200: 69979,920: [GC2015-08-28T10:53:11.743+0200: 69979,920: [ParNew: 288521K->9713K(314560K), 0,0090270 secs] 663267K->385483K(1013632K), 0,0091410 secs] [Times: user=0,06 sys=0,00, real=0,01 secs] 
2015-08-28T10:54:09.775+0200: 70037,951: [GC2015-08-28T10:54:09.775+0200: 70037,951: [ParNew: 289329K->9764K(314560K), 0,0115110 secs] 665099K->386561K(1013632K), 0,0116140 secs] [Times: user=0,09 sys=0,00, real=0,02 secs] 
2015-08-28T10:55:07.809+0200: 70095,985: [GC2015-08-28T10:55:07.809+0200: 70095,985: [ParNew: 289380K->8432K(314560K), 0,0100810 secs] 666177K->386166K(1013632K), 0,0101880 secs] [Times: user=0,07 sys=0,00, real=0,01 secs] 
2015-08-28T10:56:05.569+0200: 70153,746: [GC2015-08-28T10:56:05.569+0200: 70153,746: [ParNew: 288048K->8777K(314560K), 0,0114790 secs] 665782K->387452K(1013632K), 0,0116040 secs] [Times: user=0,07 sys=0,00, real=0,01 secs] 
2015-08-28T10:57:02.847+0200: 70211,023: [GC2015-08-28T10:57:02.847+0200: 70211,023: [ParNew: 288393K->9468K(314560K), 0,0126380 secs] 667068K->389081K(1013632K), 0,0127580 secs] [Times: user=0,09 sys=0,00, real=0,01 secs] 
2015-08-28T10:58:00.679+0200: 70268,855: [GC2015-08-28T10:58:00.679+0200: 70268,855: [ParNew: 289084K->10299K(314560K), 0,0134350 secs] 668697K->390857K(1013632K), 0,0135390 secs] [Times: user=0,08 sys=0,00, real=0,01 secs] 
2015-08-28T10:58:58.105+0200: 70326,281: [GC2015-08-28T10:58:58.105+0200: 70326,282: [ParNew: 289915K->7420K(314560K), 0,0109730 secs] 670473K->388924K(1013632K), 0,0111060 secs] [Times: user=0,07 sys=0,00, real=0,00 secs] 
2015-08-28T10:59:55.797+0200: 70383,973: [GC2015-08-28T10:59:55.797+0200: 70383,973: [ParNew: 287036K->8885K(314560K), 0,0120400 secs] 668540K->391341K(1013632K), 0,0121410 secs] [Times: user=0,08 sys=0,00, real=0,01 secs] 
2015-08-28T11:00:53.761+0200: 70441,937: [GC2015-08-28T11:00:53.761+0200: 70441,937: [ParNew: 288501K->9672K(314560K), 0,0110170 secs] 670957K->393158K(1013632K), 0,0111250 secs] [Times: user=0,08 sys=0,00, real=0,01 secs] 
2015-08-28T11:01:51.795+0200: 70499,971: [GC2015-08-28T11:01:51.795+0200: 70499,971: [ParNew: 289288K->8346K(314560K), 0,0097490 secs] 672774K->392838K(1013632K), 0,0098480 secs] [Times: user=0,07 sys=0,00, real=0,02 secs] 
2015-08-28T11:02:49.827+0200: 70558,004: [GC2015-08-28T11:02:49.827+0200: 70558,004: [ParNew: 287962K->7630K(314560K), 0,0128870 secs] 672454K->393062K(1013632K), 0,0130390 secs] [Times: user=0,09 sys=0,00, real=0,01 secs] 
2015-08-28T11:03:47.863+0200: 70616,040: [GC2015-08-28T11:03:47.863+0200: 70616,040: [ParNew: 287246K->8644K(314560K), 0,0145550 secs] 672678K->395002K(1013632K), 0,0146590 secs] [Times: user=0,10 sys=0,00, real=0,02 secs] 
2015-08-28T11:04:44.550+0200: 70672,727: [GC2015-08-28T11:04:44.550+0200: 70672,727: [ParNew: 288260K->7915K(314560K), 0,0105880 secs] 674618K->395219K(1013632K), 0,0106920 secs] [Times: user=0,09 sys=0,00, real=0,01 secs] 
2015-08-28T11:05:42.847+0200: 70731,023: [GC2015-08-28T11:05:42.847+0200: 70731,023: [ParNew: 287531K->8710K(314560K), 0,0106770 secs] 674835K->396945K(1013632K), 0,0107890 secs] [Times: user=0,08 sys=0,00, real=0,01 secs] 
2015-08-28T11:06:40.868+0200: 70789,044: [GC2015-08-28T11:06:40.868+0200: 70789,045: [ParNew: 288326K->9548K(314560K), 0,0106830 secs] 676561K->398719K(1013632K), 0,0108000 secs] [Times: user=0,09 sys=0,00, real=0,01 secs] 
2015-08-28T11:07:39.223+0200: 70847,399: [GC2015-08-28T11:07:39.223+0200: 70847,399: [ParNew: 289164K->8925K(314560K), 0,0119130 secs] 678335K->399021K(1013632K), 0,0120240 secs] [Times: user=0,09 sys=0,00, real=0,01 secs] 
2015-08-28T11:08:38.105+0200: 70906,281: [GC2015-08-28T11:08:38.105+0200: 70906,282: [ParNew: 288541K->10597K(314560K), 0,0117170 secs] 678637K->401670K(1013632K), 0,0118380 secs] [Times: user=0,08 sys=0,00, real=0,01 secs] 
2015-08-28T11:09:36.846+0200: 70965,022: [GC2015-08-28T11:09:36.846+0200: 70965,022: [ParNew: 290213K->8117K(314560K), 0,0128170 secs] 681286K->400227K(1013632K), 0,0129340 secs] [Times: user=0,09 sys=0,00, real=0,01 secs] 
2015-08-28T11:10:35.577+0200: 71023,753: [GC2015-08-28T11:10:35.577+0200: 71023,753: [ParNew: 287733K->9056K(314560K), 0,0111630 secs] 679843K->402182K(1013632K), 0,0112750 secs] [Times: user=0,08 sys=0,01, real=0,01 secs] 
2015-08-28T11:11:34.596+0200: 71082,773: [GC2015-08-28T11:11:34.596+0200: 71082,773: [ParNew: 288672K->8281K(314560K), 0,0122480 secs] 681798K->402329K(1013632K), 0,0123960 secs] [Times: user=0,09 sys=0,00, real=0,02 secs] 
2015-08-28T11:12:33.105+0200: 71141,281: [GC2015-08-28T11:12:33.105+0200: 71141,281: [ParNew: 287897K->9477K(314560K), 0,0104910 secs] 681945K->404455K(1013632K), 0,0106020 secs] [Times: user=0,07 sys=0,00, real=0,00 secs] 
2015-08-28T11:13:31.708+0200: 71199,884: [GC2015-08-28T11:13:31.708+0200: 71199,884: [ParNew: 289093K->9540K(314560K), 0,0133800 secs] 684071K->405474K(1013632K), 0,0134870 secs] [Times: user=0,09 sys=0,00, real=0,01 secs] 
2015-08-28T11:14:30.621+0200: 71258,798: [GC2015-08-28T11:14:30.621+0200: 71258,798: [ParNew: 289156K->9644K(314560K), 0,0114440 secs] 685090K->406526K(1013632K), 0,0115610 secs] [Times: user=0,09 sys=0,00, real=0,01 secs] 
2015-08-28T11:15:29.394+0200: 71317,571: [GC2015-08-28T11:15:29.394+0200: 71317,571: [ParNew: 289260K->9052K(314560K), 0,0114030 secs] 686142K->406890K(1013632K), 0,0115180 secs] [Times: user=0,08 sys=0,00, real=0,02 secs] 
2015-08-28T11:16:28.105+0200: 71376,281: [GC2015-08-28T11:16:28.105+0200: 71376,281: [ParNew: 288668K->9205K(314560K), 0,0135570 secs] 686506K->407984K(1013632K), 0,0136680 secs] [Times: user=0,08 sys=0,00, real=0,01 secs] 
2015-08-28T11:17:26.796+0200: 71434,973: [GC2015-08-28T11:17:26.796+0200: 71434,973: [ParNew: 288821K->9322K(314560K), 0,0146330 secs] 687600K->409134K(1013632K), 0,0147570 secs] [Times: user=0,08 sys=0,00, real=0,02 secs] 
2015-08-28T11:18:25.566+0200: 71493,742: [GC2015-08-28T11:18:25.566+0200: 71493,742: [ParNew: 288938K->9356K(314560K), 0,0108720 secs] 688750K->410216K(1013632K), 0,0109990 secs] [Times: user=0,07 sys=0,00, real=0,01 secs] 
2015-08-28T11:19:24.417+0200: 71552,593: [GC2015-08-28T11:19:24.417+0200: 71552,593: [ParNew: 288972K->7798K(314560K), 0,0104770 secs] 689832K->409602K(1013632K), 0,0106030 secs] [Times: user=0,07 sys=0,00, real=0,01 secs] 
2015-08-28T11:20:23.105+0200: 71611,281: [GC2015-08-28T11:20:23.105+0200: 71611,281: [ParNew: 287414K->10273K(314560K), 0,0068910 secs] 689218K->413051K(1013632K), 0,0069860 secs] [Times: user=0,04 sys=0,00, real=0,00 secs] 
2015-08-28T11:21:22.027+0200: 71670,203: [GC2015-08-28T11:21:22.027+0200: 71670,203: [ParNew: 289889K->7290K(314560K), 0,0129590 secs] 692667K->411041K(1013632K), 0,0130770 secs] [Times: user=0,07 sys=0,00, real=0,01 secs] 
2015-08-28T11:22:20.593+0200: 71728,769: [GC2015-08-28T11:22:20.593+0200: 71728,769: [ParNew: 286906K->8623K(314560K), 0,0129130 secs] 690657K->413301K(1013632K), 0,0130260 secs] [Times: user=0,08 sys=0,00, real=0,02 secs] 
2015-08-28T11:23:19.157+0200: 71787,333: [GC2015-08-28T11:23:19.157+0200: 71787,334: [ParNew: 288239K->8702K(314560K), 0,0131170 secs] 692917K->414328K(1013632K), 0,0132450 secs] [Times: user=0,09 sys=0,00, real=0,01 secs] 
2015-08-28T11:24:17.847+0200: 71846,023: [GC2015-08-28T11:24:17.847+0200: 71846,023: [ParNew: 288318K->10474K(314560K), 0,0120780 secs] 693944K->417053K(1013632K), 0,0121900 secs] [Times: user=0,09 sys=0,00, real=0,01 secs] 
2015-08-28T11:25:16.199+0200: 71904,376: [GC2015-08-28T11:25:16.199+0200: 71904,376: [ParNew: 290090K->8541K(314560K), 0,0115220 secs] 696669K->416086K(1013632K), 0,0116440 secs] [Times: user=0,09 sys=0,00, real=0,01 secs] 
2015-08-28T11:26:14.827+0200: 71963,004: [GC2015-08-28T11:26:14.827+0200: 71963,004: [ParNew: 288157K->9106K(314560K), 0,0116840 secs] 695702K->417688K(1013632K), 0,0118120 secs] [Times: user=0,10 sys=0,00, real=0,01 secs] 
2015-08-28T11:27:12.496+0200: 72020,673: [GC2015-08-28T11:27:12.496+0200: 72020,673: [ParNew: 288722K->12113K(314560K), 0,0116700 secs] 697304K->421726K(1013632K), 0,0117870 secs] [Times: user=0,10 sys=0,00, real=0,02 secs] 
2015-08-28T11:28:10.946+0200: 72079,122: [GC2015-08-28T11:28:10.946+0200: 72079,122: [ParNew: 291729K->8327K(314560K), 0,0116460 secs] 701342K->418887K(1013632K), 0,0117630 secs] [Times: user=0,09 sys=0,00, real=0,01 secs] 
2015-08-28T11:29:08.962+0200: 72137,139: [GC2015-08-28T11:29:08.963+0200: 72137,139: [ParNew: 287943K->9233K(314560K), 0,0105030 secs] 698503K->420736K(1013632K), 0,0106170 secs] [Times: user=0,10 sys=0,00, real=0,01 secs] 
2015-08-28T11:30:08.105+0200: 72196,281: [GC2015-08-28T11:30:08.105+0200: 72196,282: [ParNew: 288849K->8624K(314560K), 0,0121470 secs] 700352K->421078K(1013632K), 0,0122540 secs] [Times: user=0,08 sys=0,00, real=0,01 secs] 
2015-08-28T11:31:06.446+0200: 72254,622: [GC2015-08-28T11:31:06.446+0200: 72254,622: [ParNew: 288240K->9245K(314560K), 0,0128420 secs] 700694K->422655K(1013632K), 0,0129550 secs] [Times: user=0,08 sys=0,00, real=0,01 secs] 
2015-08-28T11:32:04.362+0200: 72312,539: [GC2015-08-28T11:32:04.362+0200: 72312,539: [ParNew: 288861K->6827K(314560K), 0,0077080 secs] 702271K->421187K(1013632K), 0,0078170 secs] [Times: user=0,06 sys=0,00, real=0,01 secs] 
2015-08-28T11:33:02.393+0200: 72370,569: [GC2015-08-28T11:33:02.393+0200: 72370,569: [ParNew: 286443K->5762K(314560K), 0,0079940 secs] 700803K->421318K(1013632K), 0,0080880 secs] [Times: user=0,05 sys=0,00, real=0,01 secs] 
2015-08-28T11:33:59.764+0200: 72427,941: [GC2015-08-28T11:33:59.764+0200: 72427,941: [ParNew: 285378K->5174K(314560K), 0,0087520 secs] 700934K->421356K(1013632K), 0,0088330 secs] [Times: user=0,03 sys=0,00, real=0,00 secs] 
2015-08-28T11:34:57.822+0200: 72485,999: [GC2015-08-28T11:34:57.822+0200: 72485,999: [ParNew: 284790K->4475K(314560K), 0,0077250 secs] 700972K->421231K(1013632K), 0,0078320 secs] [Times: user=0,04 sys=0,00, real=0,01 secs] 
2015-08-28T11:35:56.254+0200: 72544,431: [GC2015-08-28T11:35:56.255+0200: 72544,431: [ParNew: 284091K->4324K(314560K), 0,0066350 secs] 700847K->421545K(1013632K), 0,0067710 secs] [Times: user=0,05 sys=0,00, real=0,01 secs] 
2015-08-28T11:36:54.090+0200: 72602,267: [GC2015-08-28T11:36:54.090+0200: 72602,267: [ParNew: 283940K->4229K(314560K), 0,0069770 secs] 701161K->422030K(1013632K), 0,0071250 secs] [Times: user=0,05 sys=0,00, real=0,01 secs] 
2015-08-28T11:37:52.709+0200: 72660,886: [GC2015-08-28T11:37:52.709+0200: 72660,886: [ParNew: 283845K->5466K(314560K), 0,0066770 secs] 701646K->423389K(1013632K), 0,0067750 secs] [Times: user=0,04 sys=0,01, real=0,00 secs] 
2015-08-28T11:38:51.870+0200: 72720,047: [GC2015-08-28T11:38:51.870+0200: 72720,047: [ParNew: 285082K->7192K(314560K), 0,0100400 secs] 703005K->425339K(1013632K), 0,0101550 secs] [Times: user=0,07 sys=0,00, real=0,01 secs] 
2015-08-28T11:39:50.592+0200: 72778,768: [GC2015-08-28T11:39:50.592+0200: 72778,768: [ParNew: 286808K->8716K(314560K), 0,0087040 secs] 704955K->427336K(1013632K), 0,0088140 secs] [Times: user=0,07 sys=0,00, real=0,01 secs] 
2015-08-28T11:42:04.467+0200: 72912,643: [GC2015-08-28T11:42:04.467+0200: 72912,643: [ParNew: 288332K->7567K(314560K), 0,0107130 secs] 706952K->426725K(1013632K), 0,0108300 secs] [Times: user=0,09 sys=0,00, real=0,01 secs] 
2015-08-28T11:43:27.366+0200: 72995,543: [GC2015-08-28T11:43:27.366+0200: 72995,543: [ParNew: 287183K->10607K(314560K), 0,0114760 secs] 706341K->430393K(1013632K), 0,0115850 secs] [Times: user=0,10 sys=0,00, real=0,01 secs] 
2015-08-28T11:44:48.941+0200: 73077,118: [GC2015-08-28T11:44:48.941+0200: 73077,118: [ParNew: 290223K->11035K(314560K), 0,0123700 secs] 710009K->431642K(1013632K), 0,0124970 secs] [Times: user=0,09 sys=0,00, real=0,01 secs] 
2015-08-28T11:46:09.229+0200: 73157,405: [GC2015-08-28T11:46:09.229+0200: 73157,405: [ParNew: 290651K->11643K(314560K), 0,0112220 secs] 711258K->433171K(1013632K), 0,0113370 secs] [Times: user=0,08 sys=0,00, real=0,01 secs] 
2015-08-28T11:47:07.956+0200: 73216,133: [GC2015-08-28T11:47:07.956+0200: 73216,133: [ParNew: 291259K->11439K(314560K), 0,0135110 secs] 712787K->433896K(1013632K), 0,0136220 secs] [Times: user=0,09 sys=0,00, real=0,01 secs] 
2015-08-28T11:48:27.308+0200: 73295,484: [GC2015-08-28T11:48:27.308+0200: 73295,484: [ParNew: 291055K->11982K(314560K), 0,0132360 secs] 713512K->435376K(1013632K), 0,0133810 secs] [Times: user=0,11 sys=0,00, real=0,01 secs] 
2015-08-28T11:49:26.219+0200: 73354,396: [GC2015-08-28T11:49:26.219+0200: 73354,396: [ParNew: 291598K->12415K(314560K), 0,0142040 secs] 714992K->437053K(1013632K), 0,0143220 secs] [Times: user=0,13 sys=0,00, real=0,01 secs] 
2015-08-28T11:50:25.607+0200: 73413,783: [GC2015-08-28T11:50:25.607+0200: 73413,783: [ParNew: 292031K->10406K(314560K), 0,0130170 secs] 716669K->436775K(1013632K), 0,0131310 secs] [Times: user=0,11 sys=0,00, real=0,01 secs] 
2015-08-28T11:51:24.312+0200: 73472,489: [GC2015-08-28T11:51:24.312+0200: 73472,489: [ParNew: 290022K->9818K(314560K), 0,0134880 secs] 716391K->437675K(1013632K), 0,0136090 secs] [Times: user=0,11 sys=0,00, real=0,02 secs] 
2015-08-28T11:52:22.866+0200: 73531,042: [GC2015-08-28T11:52:22.866+0200: 73531,042: [ParNew: 289434K->9270K(314560K), 0,0114820 secs] 717291K->438550K(1013632K), 0,0116100 secs] [Times: user=0,09 sys=0,00, real=0,01 secs] 
2015-08-28T12:10:23.105+0200: 74611,281: [GC2015-08-28T12:10:23.105+0200: 74611,282: [ParNew: 288886K->13220K(314560K), 0,0150500 secs] 718166K->443668K(1013632K), 0,0151560 secs] [Times: user=0,09 sys=0,00, real=0,01 secs] 
2015-08-28T14:30:08.793+0200: 82996,970: [GC2015-08-28T14:30:08.793+0200: 82996,970: [ParNew: 292836K->16177K(314560K), 0,0199500 secs] 723284K->447710K(1013632K), 0,0200570 secs] [Times: user=0,13 sys=0,00, real=0,02 secs] 
2015-08-28T14:31:08.840+0200: 83057,016: [GC2015-08-28T14:31:08.840+0200: 83057,016: [ParNew: 295793K->13450K(314560K), 0,0146760 secs] 727326K->446106K(1013632K), 0,0148050 secs] [Times: user=0,14 sys=0,00, real=0,01 secs] 
2015-08-28T14:32:07.199+0200: 83115,376: [GC2015-08-28T14:32:07.199+0200: 83115,376: [ParNew: 293066K->12606K(314560K), 0,0140990 secs] 725722K->446262K(1013632K), 0,0142040 secs] [Times: user=0,13 sys=0,00, real=0,01 secs] 
2015-08-28T14:33:06.252+0200: 83174,428: [GC2015-08-28T14:33:06.252+0200: 83174,428: [ParNew: 292222K->10386K(314560K), 0,0133180 secs] 725878K->445009K(1013632K), 0,0134270 secs] [Times: user=0,13 sys=0,00, real=0,02 secs] 
2015-08-28T14:34:05.514+0200: 83233,691: [GC2015-08-28T14:34:05.514+0200: 83233,691: [ParNew: 290002K->9406K(314560K), 0,0132270 secs] 724625K->444980K(1013632K), 0,0133800 secs] [Times: user=0,08 sys=0,00, real=0,02 secs] 
2015-08-28T14:35:04.143+0200: 83292,319: [GC2015-08-28T14:35:04.143+0200: 83292,319: [ParNew: 289022K->8433K(314560K), 0,0113950 secs] 724596K->446882K(1013632K), 0,0115080 secs] [Times: user=0,09 sys=0,00, real=0,01 secs] 
2015-08-28T14:36:01.248+0200: 83349,425: [GC2015-08-28T14:36:01.248+0200: 83349,425: [ParNew: 288049K->4000K(314560K), 0,0107460 secs] 726498K->445602K(1013632K), 0,0108570 secs] [Times: user=0,06 sys=0,00, real=0,01 secs] 
2015-08-28T14:36:58.105+0200: 83406,281: [GC2015-08-28T14:36:58.105+0200: 83406,281: [ParNew: 283616K->2511K(314560K), 0,0021480 secs] 725218K->444188K(1013632K), 0,0022180 secs] [Times: user=0,00 sys=0,01, real=0,00 secs] 
2015-08-28T14:37:54.717+0200: 83462,894: [GC2015-08-28T14:37:54.717+0200: 83462,894: [ParNew: 282127K->2624K(314560K), 0,0070360 secs] 723804K->444440K(1013632K), 0,0071450 secs] [Times: user=0,02 sys=0,00, real=0,01 secs] 
2015-08-28T14:38:52.209+0200: 83520,385: [GC2015-08-28T14:38:52.209+0200: 83520,386: [ParNew: 282240K->4106K(314560K), 0,0046740 secs] 724056K->446073K(1013632K), 0,0047820 secs] [Times: user=0,03 sys=0,00, real=0,00 secs] 
2015-08-28T14:40:16.914+0200: 83605,090: [GC2015-08-28T14:40:16.914+0200: 83605,090: [ParNew: 283722K->4531K(314560K), 0,0067710 secs] 725689K->446569K(1013632K), 0,0068630 secs] [Times: user=0,03 sys=0,00, real=0,01 secs] 
2015-08-28T14:41:36.550+0200: 83684,727: [GC2015-08-28T14:41:36.550+0200: 83684,727: [ParNew: 284147K->6858K(314560K), 0,0081890 secs] 726185K->448996K(1013632K), 0,0083000 secs] [Times: user=0,06 sys=0,00, real=0,01 secs] 
2015-08-28T14:42:35.494+0200: 83743,671: [GC2015-08-28T14:42:35.495+0200: 83743,671: [ParNew: 286474K->8126K(314560K), 0,0091240 secs] 728612K->450438K(1013632K), 0,0092510 secs] [Times: user=0,06 sys=0,00, real=0,01 secs] 
2015-08-28T14:43:34.475+0200: 83802,652: [GC2015-08-28T14:43:34.475+0200: 83802,652: [ParNew: 287742K->9337K(314560K), 0,0098640 secs] 730054K->452004K(1013632K), 0,0099720 secs] [Times: user=0,08 sys=0,00, real=0,02 secs] 
2015-08-28T14:44:33.105+0200: 83861,281: [GC2015-08-28T14:44:33.105+0200: 83861,281: [ParNew: 288953K->10707K(314560K), 0,0103870 secs] 731620K->454082K(1013632K), 0,0105190 secs] [Times: user=0,06 sys=0,01, real=0,00 secs] 
2015-08-28T14:45:31.846+0200: 83920,023: [GC2015-08-28T14:45:31.846+0200: 83920,023: [ParNew: 290323K->9847K(314560K), 0,0107660 secs] 733698K->454068K(1013632K), 0,0108820 secs] [Times: user=0,10 sys=0,00, real=0,01 secs] 
2015-08-28T14:46:30.260+0200: 83978,436: [GC2015-08-28T14:46:30.260+0200: 83978,436: [ParNew: 289463K->11062K(314560K), 0,0127290 secs] 733684K->456508K(1013632K), 0,0128440 secs] [Times: user=0,11 sys=0,00, real=0,01 secs] 
2015-08-28T14:47:29.109+0200: 84037,285: [GC2015-08-28T14:47:29.109+0200: 84037,285: [ParNew: 290678K->10069K(314560K), 0,0119850 secs] 736124K->456890K(1013632K), 0,0120890 secs] [Times: user=0,07 sys=0,00, real=0,01 secs] 
2015-08-28T14:48:27.475+0200: 84095,652: [GC2015-08-28T14:48:27.475+0200: 84095,652: [ParNew: 289685K->8836K(314560K), 0,0109310 secs] 736506K->456716K(1013632K), 0,0110480 secs] [Times: user=0,09 sys=0,00, real=0,02 secs] 
2015-08-28T14:49:26.400+0200: 84154,577: [GC2015-08-28T14:49:26.400+0200: 84154,577: [ParNew: 288452K->8905K(314560K), 0,0107530 secs] 736332K->457765K(1013632K), 0,0108830 secs] [Times: user=0,08 sys=0,00, real=0,01 secs] 
2015-08-28T14:50:24.253+0200: 84212,429: [GC2015-08-28T14:50:24.253+0200: 84212,429: [ParNew: 288521K->8788K(314560K), 0,0130930 secs] 737381K->458608K(1013632K), 0,0131960 secs] [Times: user=0,09 sys=0,00, real=0,02 secs] 
2015-08-28T14:51:22.173+0200: 84270,350: [GC2015-08-28T14:51:22.174+0200: 84270,350: [ParNew: 288404K->9559K(314560K), 0,0117900 secs] 738224K->460315K(1013632K), 0,0119380 secs] [Times: user=0,09 sys=0,00, real=0,02 secs] 
2015-08-28T14:52:20.418+0200: 84328,595: [GC2015-08-28T14:52:20.419+0200: 84328,595: [ParNew: 289175K->9660K(314560K), 0,0113160 secs] 739931K->461344K(1013632K), 0,0114280 secs] [Times: user=0,10 sys=0,00, real=0,01 secs] 
2015-08-28T14:53:17.844+0200: 84386,021: [GC2015-08-28T14:53:17.845+0200: 84386,021: [ParNew: 289276K->9044K(314560K), 0,0106690 secs] 740960K->461665K(1013632K), 0,0107840 secs] [Times: user=0,09 sys=0,00, real=0,00 secs] 
2015-08-28T14:54:15.755+0200: 84443,932: [GC2015-08-28T14:54:15.755+0200: 84443,932: [ParNew: 288660K->9138K(314560K), 0,0113140 secs] 741281K->462775K(1013632K), 0,0114510 secs] [Times: user=0,08 sys=0,00, real=0,02 secs] 
2015-08-28T14:55:12.589+0200: 84500,765: [GC2015-08-28T14:55:12.589+0200: 84500,765: [ParNew: 288754K->9156K(314560K), 0,0116880 secs] 742391K->463836K(1013632K), 0,0118110 secs] [Times: user=0,07 sys=0,00, real=0,01 secs] 
2015-08-28T14:56:10.171+0200: 84558,347: [GC2015-08-28T14:56:10.171+0200: 84558,347: [ParNew: 288772K->8354K(314560K), 0,0095070 secs] 743452K->463968K(1013632K), 0,0096470 secs] [Times: user=0,07 sys=0,00, real=0,01 secs] 
2015-08-28T14:57:08.046+0200: 84616,223: [GC2015-08-28T14:57:08.046+0200: 84616,223: [ParNew: 287970K->9268K(314560K), 0,0095210 secs] 743584K->465809K(1013632K), 0,0096410 secs] [Times: user=0,06 sys=0,00, real=0,00 secs] 
2015-08-28T14:58:06.784+0200: 84674,961: [GC2015-08-28T14:58:06.784+0200: 84674,961: [ParNew: 288884K->9223K(314560K), 0,0130090 secs] 745425K->466698K(1013632K), 0,0131170 secs] [Times: user=0,08 sys=0,00, real=0,01 secs] 
2015-08-28T14:59:04.701+0200: 84732,878: [GC2015-08-28T14:59:04.701+0200: 84732,878: [ParNew: 288839K->8619K(314560K), 0,0097160 secs] 746314K->467005K(1013632K), 0,0098630 secs] [Times: user=0,07 sys=0,00, real=0,01 secs] 
2015-08-28T15:00:02.734+0200: 84790,911: [GC2015-08-28T15:00:02.734+0200: 84790,911: [ParNew: 288235K->9516K(314560K), 0,0111370 secs] 746621K->468827K(1013632K), 0,0112440 secs] [Times: user=0,09 sys=0,00, real=0,02 secs] 
2015-08-28T15:01:00.768+0200: 84848,945: [GC2015-08-28T15:01:00.768+0200: 84848,945: [ParNew: 289132K->8947K(314560K), 0,0106650 secs] 748443K->469173K(1013632K), 0,0107760 secs] [Times: user=0,07 sys=0,00, real=0,01 secs] 
2015-08-28T15:01:59.889+0200: 84908,066: [GC2015-08-28T15:01:59.889+0200: 84908,066: [ParNew: 288563K->9855K(314560K), 0,0120690 secs] 748789K->471033K(1013632K), 0,0121900 secs] [Times: user=0,09 sys=0,00, real=0,01 secs] 
2015-08-28T15:02:58.105+0200: 84966,281: [GC2015-08-28T15:02:58.105+0200: 84966,281: [ParNew: 289471K->10778K(314560K), 0,0122520 secs] 750649K->472975K(1013632K), 0,0123700 secs] [Times: user=0,08 sys=0,00, real=0,01 secs] 
2015-08-28T15:03:56.048+0200: 85024,225: [GC2015-08-28T15:03:56.048+0200: 85024,225: [ParNew: 290394K->7740K(314560K), 0,0104410 secs] 752591K->470977K(1013632K), 0,0105740 secs] [Times: user=0,10 sys=0,00, real=0,01 secs] 
2015-08-28T15:04:54.081+0200: 85082,258: [GC2015-08-28T15:04:54.081+0200: 85082,258: [ParNew: 287356K->8448K(314560K), 0,0100550 secs] 750593K->472639K(1013632K), 0,0101870 secs] [Times: user=0,07 sys=0,00, real=0,01 secs] 
2015-08-28T15:05:52.114+0200: 85140,291: [GC2015-08-28T15:05:52.114+0200: 85140,291: [ParNew: 288064K->9289K(314560K), 0,0111530 secs] 752255K->474428K(1013632K), 0,0112700 secs] [Times: user=0,07 sys=0,00, real=0,02 secs] 
2015-08-28T15:06:50.758+0200: 85198,934: [GC2015-08-28T15:06:50.758+0200: 85198,934: [ParNew: 288905K->9423K(314560K), 0,0107350 secs] 754044K->475491K(1013632K), 0,0108360 secs] [Times: user=0,07 sys=0,00, real=0,01 secs] 
2015-08-28T15:07:48.772+0200: 85256,948: [GC2015-08-28T15:07:48.772+0200: 85256,949: [ParNew: 289039K->9580K(314560K), 0,0111390 secs] 755107K->476608K(1013632K), 0,0112550 secs] [Times: user=0,09 sys=0,00, real=0,01 secs] 
2015-08-28T15:08:46.867+0200: 85315,043: [GC2015-08-28T15:08:46.867+0200: 85315,044: [ParNew: 289196K->8212K(314560K), 0,0091800 secs] 756224K->476193K(1013632K), 0,0092720 secs] [Times: user=0,08 sys=0,00, real=0,00 secs] 
2015-08-28T15:09:44.829+0200: 85373,005: [GC2015-08-28T15:09:44.829+0200: 85373,005: [ParNew: 287828K->9045K(314560K), 0,0112610 secs] 755809K->477987K(1013632K), 0,0113790 secs] [Times: user=0,08 sys=0,01, real=0,01 secs] 
2015-08-28T15:10:43.105+0200: 85431,281: [GC2015-08-28T15:10:43.105+0200: 85431,281: [ParNew: 288661K->9159K(314560K), 0,0105600 secs] 757603K->479089K(1013632K), 0,0106740 secs] [Times: user=0,08 sys=0,00, real=0,00 secs] 
2015-08-28T15:11:41.389+0200: 85489,565: [GC2015-08-28T15:11:41.389+0200: 85489,565: [ParNew: 288775K->9236K(314560K), 0,0108140 secs] 758705K->480199K(1013632K), 0,0109350 secs] [Times: user=0,08 sys=0,00, real=0,01 secs] 
2015-08-28T15:12:40.097+0200: 85548,274: [GC2015-08-28T15:12:40.098+0200: 85548,274: [ParNew: 288852K->7712K(314560K), 0,0126100 secs] 759815K->479621K(1013632K), 0,0127330 secs] [Times: user=0,10 sys=0,00, real=0,01 secs] 
2015-08-28T15:13:38.665+0200: 85606,842: [GC2015-08-28T15:13:38.665+0200: 85606,842: [ParNew: 287328K->10172K(314560K), 0,0127390 secs] 759237K->483027K(1013632K), 0,0128570 secs] [Times: user=0,08 sys=0,00, real=0,01 secs] 
2015-08-28T15:14:37.232+0200: 85665,408: [GC2015-08-28T15:14:37.232+0200: 85665,408: [ParNew: 289788K->7235K(314560K), 0,0107110 secs] 762643K->481009K(1013632K), 0,0108180 secs] [Times: user=0,09 sys=0,00, real=0,01 secs] 
2015-08-28T15:15:47.889+0200: 85736,065: [GC2015-08-28T15:15:47.889+0200: 85736,065: [ParNew: 286851K->9952K(314560K), 0,0080920 secs] 760625K->484685K(1013632K), 0,0081910 secs] [Times: user=0,05 sys=0,00, real=0,01 secs] 
2015-08-28T15:17:07.281+0200: 85815,458: [GC2015-08-28T15:17:07.281+0200: 85815,458: [ParNew: 289568K->10291K(314560K), 0,0119620 secs] 764301K->485966K(1013632K), 0,0121070 secs] [Times: user=0,10 sys=0,00, real=0,01 secs] 
2015-08-28T15:18:26.559+0200: 85894,736: [GC2015-08-28T15:18:26.559+0200: 85894,736: [ParNew: 289907K->10216K(314560K), 0,0106580 secs] 765582K->486838K(1013632K), 0,0107450 secs] [Times: user=0,08 sys=0,00, real=0,01 secs] 
2015-08-28T15:19:45.691+0200: 85973,867: [GC2015-08-28T15:19:45.691+0200: 85973,867: [ParNew: 289832K->10925K(314560K), 0,0130190 secs] 766454K->488519K(1013632K), 0,0131350 secs] [Times: user=0,09 sys=0,00, real=0,01 secs] 
2015-08-28T15:20:43.784+0200: 86031,960: [GC2015-08-28T15:20:43.784+0200: 86031,960: [ParNew: 290541K->11645K(314560K), 0,0112420 secs] 768135K->490265K(1013632K), 0,0113490 secs] [Times: user=0,10 sys=0,00, real=0,01 secs] 
2015-08-28T15:21:42.634+0200: 86090,811: [GC2015-08-28T15:21:42.634+0200: 86090,811: [ParNew: 291261K->8264K(314560K), 0,0111120 secs] 769881K->487817K(1013632K), 0,0112270 secs] [Times: user=0,10 sys=0,00, real=0,02 secs] 
2015-08-28T15:24:10.729+0200: 86238,905: [GC2015-08-28T15:24:10.729+0200: 86238,905: [ParNew: 287880K->11431K(314560K), 0,0096090 secs] 767433K->492035K(1013632K), 0,0096960 secs] [Times: user=0,06 sys=0,00, real=0,01 secs] 
2015-08-28T15:25:09.190+0200: 86297,366: [GC2015-08-28T15:25:09.190+0200: 86297,366: [ParNew: 291047K->12565K(314560K), 0,0138670 secs] 771651K->494342K(1013632K), 0,0140120 secs] [Times: user=0,08 sys=0,00, real=0,01 secs] 
2015-08-28T15:26:07.408+0200: 86355,585: [GC2015-08-28T15:26:07.408+0200: 86355,585: [ParNew: 292181K->12066K(314560K), 0,0131260 secs] 773958K->495115K(1013632K), 0,0132100 secs] [Times: user=0,09 sys=0,00, real=0,01 secs] 
2015-08-28T15:27:05.398+0200: 86413,574: [GC2015-08-28T15:27:05.398+0200: 86413,574: [ParNew: 291682K->14067K(314560K), 0,0134450 secs] 774731K->498418K(1013632K), 0,0135590 secs] [Times: user=0,10 sys=0,00, real=0,01 secs] 
2015-08-28T15:28:03.662+0200: 86471,839: [GC2015-08-28T15:28:03.662+0200: 86471,839: [ParNew: 293683K->12817K(314560K), 0,0139750 secs] 778034K->498197K(1013632K), 0,0140700 secs] [Times: user=0,08 sys=0,00, real=0,02 secs] 
2015-08-28T15:29:02.011+0200: 86530,187: [GC2015-08-28T15:29:02.011+0200: 86530,187: [ParNew: 292433K->13586K(314560K), 0,0139140 secs] 777813K->500041K(1013632K), 0,0140520 secs] [Times: user=0,09 sys=0,00, real=0,02 secs] 
2015-08-28T15:30:00.722+0200: 86588,899: [GC2015-08-28T15:30:00.722+0200: 86588,899: [ParNew: 293202K->8134K(314560K), 0,0140470 secs] 779657K->496472K(1013632K), 0,0141650 secs] [Times: user=0,09 sys=0,00, real=0,02 secs] 
2015-08-28T15:30:58.662+0200: 86646,839: [GC2015-08-28T15:30:58.662+0200: 86646,839: [ParNew: 287750K->7676K(314560K), 0,0121810 secs] 776088K->497285K(1013632K), 0,0123250 secs] [Times: user=0,08 sys=0,00, real=0,01 secs] 
2015-08-28T15:31:57.349+0200: 86705,526: [GC2015-08-28T15:31:57.349+0200: 86705,526: [ParNew: 287292K->5635K(314560K), 0,0089630 secs] 776901K->496324K(1013632K), 0,0090790 secs] [Times: user=0,06 sys=0,00, real=0,01 secs] 
2015-08-28T15:32:56.170+0200: 86764,347: [GC2015-08-28T15:32:56.170+0200: 86764,347: [ParNew: 285251K->6139K(314560K), 0,0115370 secs] 775940K->498121K(1013632K), 0,0116460 secs] [Times: user=0,08 sys=0,00, real=0,01 secs] 
2015-08-28T15:33:55.065+0200: 86823,242: [GC2015-08-28T15:33:55.066+0200: 86823,242: [ParNew: 285755K->4739K(314560K), 0,0062670 secs] 777737K->497300K(1013632K), 0,0063580 secs] [Times: user=0,04 sys=0,00, real=0,00 secs] 
2015-08-28T15:34:53.919+0200: 86882,095: [GC2015-08-28T15:34:53.919+0200: 86882,095: [ParNew: 284355K->5139K(314560K), 0,0082330 secs] 776916K->498206K(1013632K), 0,0083500 secs] [Times: user=0,06 sys=0,00, real=0,01 secs] 
2015-08-28T15:35:51.874+0200: 86940,050: [GC2015-08-28T15:35:51.874+0200: 86940,050: [ParNew: 284755K->5463K(314560K), 0,0072350 secs] 777822K->499107K(1013632K), 0,0073510 secs] [Times: user=0,07 sys=0,00, real=0,01 secs] 
2015-08-28T15:36:50.485+0200: 86998,662: [GC2015-08-28T15:36:50.485+0200: 86998,662: [ParNew: 285079K->4693K(314560K), 0,0106400 secs] 778723K->499203K(1013632K), 0,0107500 secs] [Times: user=0,06 sys=0,00, real=0,00 secs] 
2015-08-28T15:37:48.138+0200: 87056,315: [GC2015-08-28T15:37:48.138+0200: 87056,315: [ParNew: 284309K->5629K(314560K), 0,0045830 secs] 778819K->500257K(1013632K), 0,0046640 secs] [Times: user=0,03 sys=0,00, real=0,00 secs] 
2015-08-28T15:38:46.150+0200: 87114,327: [GC2015-08-28T15:38:46.150+0200: 87114,327: [ParNew: 285245K->5158K(314560K), 0,0072920 secs] 779873K->500002K(1013632K), 0,0074420 secs] [Times: user=0,06 sys=0,00, real=0,01 secs] 
2015-08-28T15:39:44.562+0200: 87172,739: [GC2015-08-28T15:39:44.562+0200: 87172,739: [ParNew: 284774K->5887K(314560K), 0,0084870 secs] 779618K->501194K(1013632K), 0,0086000 secs] [Times: user=0,06 sys=0,00, real=0,01 secs] 
2015-08-28T15:40:43.105+0200: 87231,281: [GC2015-08-28T15:40:43.105+0200: 87231,281: [ParNew: 285503K->7733K(314560K), 0,0068820 secs] 780810K->503559K(1013632K), 0,0069910 secs] [Times: user=0,04 sys=0,00, real=0,00 secs] 
2015-08-28T15:41:42.257+0200: 87290,434: [GC2015-08-28T15:41:42.257+0200: 87290,434: [ParNew: 287349K->8725K(314560K), 0,0097650 secs] 783175K->505114K(1013632K), 0,0099110 secs] [Times: user=0,07 sys=0,00, real=0,01 secs] 
2015-08-28T15:42:40.250+0200: 87348,426: [GC2015-08-28T15:42:40.250+0200: 87348,426: [ParNew: 288341K->9566K(314560K), 0,0101850 secs] 784730K->506610K(1013632K), 0,0103050 secs] [Times: user=0,08 sys=0,00, real=0,01 secs] 
2015-08-28T15:43:38.770+0200: 87406,946: [GC2015-08-28T15:43:38.770+0200: 87406,946: [ParNew: 289182K->9529K(314560K), 0,0110110 secs] 786226K->507469K(1013632K), 0,0111300 secs] [Times: user=0,08 sys=0,00, real=0,01 secs] 
2015-08-28T15:44:37.332+0200: 87465,508: [GC2015-08-28T15:44:37.332+0200: 87465,508: [ParNew: 289145K->9835K(314560K), 0,0131270 secs] 787085K->508795K(1013632K), 0,0132570 secs] [Times: user=0,08 sys=0,00, real=0,02 secs] 
2015-08-28T15:45:35.329+0200: 87523,505: [GC2015-08-28T15:45:35.329+0200: 87523,506: [ParNew: 289451K->10685K(314560K), 0,0121270 secs] 788411K->510658K(1013632K), 0,0122320 secs] [Times: user=0,08 sys=0,00, real=0,01 secs] 
2015-08-28T15:46:33.105+0200: 87581,281: [GC2015-08-28T15:46:33.105+0200: 87581,281: [ParNew: 290301K->7648K(314560K), 0,0094960 secs] 790274K->508549K(1013632K), 0,0096040 secs] [Times: user=0,08 sys=0,00, real=0,00 secs] 
2015-08-28T15:47:31.987+0200: 87640,163: [GC2015-08-28T15:47:31.987+0200: 87640,163: [ParNew: 287264K->8480K(314560K), 0,0184730 secs] 788165K->510317K(1013632K), 0,0185770 secs] [Times: user=0,12 sys=0,00, real=0,02 secs] 
2015-08-28T15:48:30.008+0200: 87698,185: [GC2015-08-28T15:48:30.009+0200: 87698,185: [ParNew: 288096K->9862K(314560K), 0,0106270 secs] 789933K->512643K(1013632K), 0,0107620 secs] [Times: user=0,07 sys=0,00, real=0,01 secs] 
2015-08-28T15:49:28.042+0200: 87756,219: [GC2015-08-28T15:49:28.042+0200: 87756,219: [ParNew: 289478K->6771K(314560K), 0,0119880 secs] 792259K->510480K(1013632K), 0,0121030 secs] [Times: user=0,08 sys=0,00, real=0,01 secs] 
2015-08-28T15:50:26.155+0200: 87814,332: [GC2015-08-28T15:50:26.155+0200: 87814,332: [ParNew: 286387K->8726K(314560K), 0,0266420 secs] 790096K->513375K(1013632K), 0,0267420 secs] [Times: user=0,22 sys=0,00, real=0,03 secs] 
2015-08-28T15:51:24.099+0200: 87872,275: [GC2015-08-28T15:51:24.099+0200: 87872,275: [ParNew: 288342K->10264K(314560K), 0,0131450 secs] 792991K->515842K(1013632K), 0,0132750 secs] [Times: user=0,10 sys=0,00, real=0,01 secs] 
2015-08-28T15:52:22.135+0200: 87930,312: [GC2015-08-28T15:52:22.135+0200: 87930,312: [ParNew: 289880K->8932K(314560K), 0,0226320 secs] 795458K->515507K(1013632K), 0,0227110 secs] [Times: user=0,10 sys=0,00, real=0,03 secs] 
2015-08-28T15:53:20.181+0200: 87988,357: [GC2015-08-28T15:53:20.181+0200: 87988,357: [ParNew: 288548K->10394K(314560K), 0,0117850 secs] 795123K->518001K(1013632K), 0,0118840 secs] [Times: user=0,08 sys=0,00, real=0,01 secs] 
2015-08-28T15:54:17.844+0200: 88046,021: [GC2015-08-28T15:54:17.844+0200: 88046,021: [ParNew: 290010K->7382K(314560K), 0,0105980 secs] 797617K->515946K(1013632K), 0,0107150 secs] [Times: user=0,07 sys=0,00, real=0,00 secs] 
2015-08-28T15:55:15.838+0200: 88104,015: [GC2015-08-28T15:55:15.838+0200: 88104,015: [ParNew: 286998K->8999K(314560K), 0,0108210 secs] 795562K->518489K(1013632K), 0,0109400 secs] [Times: user=0,09 sys=0,00, real=0,01 secs] 
2015-08-28T15:56:13.872+0200: 88162,048: [GC2015-08-28T15:56:13.872+0200: 88162,048: [ParNew: 288615K->9086K(314560K), 0,0111870 secs] 798105K->519509K(1013632K), 0,0113170 secs] [Times: user=0,07 sys=0,00, real=0,01 secs] 
2015-08-28T15:57:32.850+0200: 88241,027: [GC2015-08-28T15:57:32.850+0200: 88241,027: [ParNew: 288702K->9374K(314560K), 0,0122690 secs] 799125K->520729K(1013632K), 0,0123870 secs] [Times: user=0,10 sys=0,00, real=0,01 secs] 
2015-08-28T15:58:31.404+0200: 88299,581: [GC2015-08-28T15:58:31.404+0200: 88299,581: [ParNew: 288990K->10595K(314560K), 0,0123450 secs] 800345K->522880K(1013632K), 0,0126620 secs] [Times: user=0,08 sys=0,00, real=0,02 secs] 
2015-08-28T15:59:49.650+0200: 88377,827: [GC2015-08-28T15:59:49.651+0200: 88377,827: [ParNew: 290211K->8759K(314560K), 0,0066800 secs] 802496K->521997K(1013632K), 0,0067780 secs] [Times: user=0,05 sys=0,00, real=0,01 secs] 
2015-08-28T16:01:07.997+0200: 88456,173: [GC2015-08-28T16:01:07.997+0200: 88456,173: [ParNew: 288375K->10264K(314560K), 0,0116070 secs] 801613K->524444K(1013632K), 0,0117010 secs] [Times: user=0,05 sys=0,00, real=0,01 secs] 
2015-08-28T16:02:07.279+0200: 88515,456: [GC2015-08-28T16:02:07.279+0200: 88515,456: [ParNew: 289880K->10765K(314560K), 0,0156060 secs] 804060K->525990K(1013632K), 0,0157080 secs] [Times: user=0,10 sys=0,00, real=0,01 secs] 
2015-08-28T16:03:05.620+0200: 88573,796: [GC2015-08-28T16:03:05.620+0200: 88573,796: [ParNew: 290381K->9656K(314560K), 0,0125130 secs] 805606K->525813K(1013632K), 0,0126300 secs] [Times: user=0,10 sys=0,00, real=0,01 secs] 
2015-08-28T16:04:04.078+0200: 88632,254: [GC2015-08-28T16:04:04.078+0200: 88632,254: [ParNew: 289272K->9313K(314560K), 0,0131920 secs] 805429K->526610K(1013632K), 0,0133230 secs] [Times: user=0,10 sys=0,00, real=0,01 secs] 
2015-08-28T16:05:02.449+0200: 88690,626: [GC2015-08-28T16:05:02.449+0200: 88690,626: [ParNew: 288929K->8313K(314560K), 0,0123270 secs] 806226K->526648K(1013632K), 0,0124630 secs] [Times: user=0,11 sys=0,00, real=0,01 secs] 
2015-08-28T16:06:01.214+0200: 88749,391: [GC2015-08-28T16:06:01.214+0200: 88749,391: [ParNew: 287929K->10759K(314560K), 0,0124550 secs] 806264K->530114K(1013632K), 0,0125690 secs] [Times: user=0,08 sys=0,00, real=0,02 secs] 
2015-08-28T16:07:00.016+0200: 88808,192: [GC2015-08-28T16:07:00.016+0200: 88808,192: [ParNew: 290375K->9944K(314560K), 0,0118040 secs] 809730K->530483K(1013632K), 0,0119460 secs] [Times: user=0,09 sys=0,00, real=0,02 secs] 
2015-08-28T16:07:57.611+0200: 88865,788: [GC2015-08-28T16:07:57.611+0200: 88865,788: [ParNew: 289560K->9780K(314560K), 0,0157800 secs] 810099K->531551K(1013632K), 0,0159180 secs] [Times: user=0,11 sys=0,00, real=0,02 secs] 
2015-08-28T16:08:55.605+0200: 88923,782: [GC2015-08-28T16:08:55.605+0200: 88923,782: [ParNew: 289396K->9491K(314560K), 0,0111790 secs] 811167K->532331K(1013632K), 0,0112960 secs] [Times: user=0,09 sys=0,00, real=0,01 secs] 
2015-08-28T16:09:53.812+0200: 88981,989: [GC2015-08-28T16:09:53.812+0200: 88981,989: [ParNew: 289107K->9365K(314560K), 0,0108000 secs] 811947K->533267K(1013632K), 0,0108960 secs] [Times: user=0,06 sys=0,00, real=0,01 secs] 
2015-08-28T16:10:51.982+0200: 89040,158: [GC2015-08-28T16:10:51.982+0200: 89040,158: [ParNew: 288981K->7738K(314560K), 0,0100990 secs] 812883K->532685K(1013632K), 0,0102620 secs] [Times: user=0,08 sys=0,00, real=0,01 secs] 
2015-08-28T16:11:50.021+0200: 89098,198: [GC2015-08-28T16:11:50.021+0200: 89098,198: [ParNew: 287354K->7690K(314560K), 0,0123230 secs] 812301K->533591K(1013632K), 0,0124160 secs] [Times: user=0,09 sys=0,00, real=0,01 secs] 
2015-08-28T16:12:48.352+0200: 89156,528: [GC2015-08-28T16:12:48.352+0200: 89156,528: [ParNew: 287306K->7991K(314560K), 0,0106330 secs] 813207K->534843K(1013632K), 0,0107560 secs] [Times: user=0,08 sys=0,00, real=0,01 secs] 
2015-08-28T16:13:46.131+0200: 89214,307: [GC2015-08-28T16:13:46.131+0200: 89214,307: [ParNew: 287607K->8676K(314560K), 0,0076310 secs] 814459K->536456K(1013632K), 0,0077050 secs] [Times: user=0,05 sys=0,00, real=0,01 secs] 
2015-08-28T16:14:42.844+0200: 89271,021: [GC2015-08-28T16:14:42.844+0200: 89271,021: [ParNew: 288292K->9495K(314560K), 0,0120470 secs] 816072K->538211K(1013632K), 0,0121610 secs] [Times: user=0,06 sys=0,00, real=0,01 secs] 
2015-08-28T16:15:40.228+0200: 89328,405: [GC2015-08-28T16:15:40.228+0200: 89328,405: [ParNew: 289111K->8885K(314560K), 0,0104670 secs] 817827K->538530K(1013632K), 0,0105660 secs] [Times: user=0,06 sys=0,00, real=0,01 secs] 
2015-08-28T16:16:37.844+0200: 89386,021: [GC2015-08-28T16:16:37.844+0200: 89386,021: [ParNew: 288501K->9002K(314560K), 0,0099790 secs] 818146K->539571K(1013632K), 0,0100900 secs] [Times: user=0,07 sys=0,00, real=0,00 secs] 
2015-08-28T16:17:35.587+0200: 89443,764: [GC2015-08-28T16:17:35.587+0200: 89443,764: [ParNew: 288618K->9139K(314560K), 0,0116070 secs] 819187K->540731K(1013632K), 0,0117430 secs] [Times: user=0,08 sys=0,00, real=0,01 secs] 
2015-08-28T16:18:33.439+0200: 89501,615: [GC2015-08-28T16:18:33.439+0200: 89501,615: [ParNew: 288755K->7639K(314560K), 0,0111210 secs] 820347K->540264K(1013632K), 0,0112410 secs] [Times: user=0,10 sys=0,00, real=0,01 secs] 
2015-08-28T16:19:32.399+0200: 89560,575: [GC2015-08-28T16:19:32.399+0200: 89560,575: [ParNew: 287255K->8398K(314560K), 0,0107510 secs] 819880K->541955K(1013632K), 0,0108640 secs] [Times: user=0,08 sys=0,00, real=0,01 secs] 
2015-08-28T16:20:30.749+0200: 89618,925: [GC2015-08-28T16:20:30.749+0200: 89618,925: [ParNew: 288014K->8641K(314560K), 0,0111780 secs] 821571K->543141K(1013632K), 0,0112860 secs] [Times: user=0,07 sys=0,00, real=0,01 secs] 
2015-08-28T16:21:29.809+0200: 89677,986: [GC2015-08-28T16:21:29.809+0200: 89677,986: [ParNew: 288257K->9344K(314560K), 0,0117030 secs] 822757K->544764K(1013632K), 0,0118410 secs] [Times: user=0,07 sys=0,01, real=0,01 secs] 
2015-08-28T16:22:28.543+0200: 89736,719: [GC2015-08-28T16:22:28.543+0200: 89736,719: [ParNew: 288960K->10218K(314560K), 0,0129460 secs] 824380K->546573K(1013632K), 0,0130720 secs] [Times: user=0,10 sys=0,00, real=0,01 secs] 
2015-08-28T16:23:26.564+0200: 89794,741: [GC2015-08-28T16:23:26.564+0200: 89794,741: [ParNew: 289834K->7866K(314560K), 0,0125720 secs] 826189K->545153K(1013632K), 0,0126980 secs] [Times: user=0,07 sys=0,00, real=0,02 secs] 
2015-08-28T16:24:25.471+0200: 89853,647: [GC2015-08-28T16:24:25.471+0200: 89853,647: [ParNew: 287482K->9582K(314560K), 0,0159870 secs] 824769K->547804K(1013632K), 0,0160870 secs] [Times: user=0,12 sys=0,00, real=0,02 secs] 
2015-08-28T16:25:24.034+0200: 89912,211: [GC2015-08-28T16:25:24.035+0200: 89912,211: [ParNew: 289198K->8982K(314560K), 0,0114950 secs] 827420K->548177K(1013632K), 0,0116080 secs] [Times: user=0,09 sys=0,00, real=0,02 secs] 
2015-08-28T16:26:22.046+0200: 89970,222: [GC2015-08-28T16:26:22.046+0200: 89970,223: [ParNew: 288598K->9245K(314560K), 0,0123260 secs] 827793K->549488K(1013632K), 0,0124510 secs] [Times: user=0,10 sys=0,00, real=0,01 secs] 
2015-08-28T16:27:20.011+0200: 90028,188: [GC2015-08-28T16:27:20.011+0200: 90028,188: [ParNew: 288861K->10055K(314560K), 0,0118520 secs] 829104K->551344K(1013632K), 0,0119620 secs] [Times: user=0,11 sys=0,00, real=0,01 secs] 
2015-08-28T16:28:18.105+0200: 90086,281: [GC2015-08-28T16:28:18.105+0200: 90086,281: [ParNew: 289671K->9298K(314560K), 0,0119850 secs] 830960K->551547K(1013632K), 0,0121260 secs] [Times: user=0,09 sys=0,00, real=0,01 secs] 
2015-08-28T16:29:37.429+0200: 90165,605: [GC2015-08-28T16:29:37.429+0200: 90165,605: [ParNew: 288914K->8589K(314560K), 0,0111470 secs] 831163K->551772K(1013632K), 0,0112630 secs] [Times: user=0,07 sys=0,01, real=0,01 secs] 
2015-08-28T16:30:35.284+0200: 90223,461: [GC2015-08-28T16:30:35.284+0200: 90223,461: [ParNew: 288205K->9540K(314560K), 0,0128880 secs] 831388K->553665K(1013632K), 0,0129980 secs] [Times: user=0,09 sys=0,00, real=0,02 secs] 
2015-08-28T16:31:33.759+0200: 90281,936: [GC2015-08-28T16:31:33.759+0200: 90281,936: [ParNew: 289156K->6733K(314560K), 0,0104740 secs] 833281K->551808K(1013632K), 0,0106060 secs] [Times: user=0,08 sys=0,00, real=0,01 secs] 
2015-08-28T16:32:32.410+0200: 90340,587: [GC2015-08-28T16:32:32.411+0200: 90340,587: [ParNew: 286349K->5489K(314560K), 0,0097100 secs] 831424K->551499K(1013632K), 0,0098240 secs] [Times: user=0,07 sys=0,00, real=0,01 secs] 
2015-08-28T16:33:31.229+0200: 90399,406: [GC2015-08-28T16:33:31.229+0200: 90399,406: [ParNew: 285105K->5712K(314560K), 0,0104200 secs] 831115K->552823K(1013632K), 0,0105630 secs] [Times: user=0,06 sys=0,01, real=0,01 secs] 
2015-08-28T16:34:29.980+0200: 90458,157: [GC2015-08-28T16:34:29.981+0200: 90458,157: [ParNew: 285328K->4671K(314560K), 0,0081050 secs] 832439K->552414K(1013632K), 0,0082290 secs] [Times: user=0,05 sys=0,01, real=0,01 secs] 
2015-08-28T16:35:28.572+0200: 90516,749: [GC2015-08-28T16:35:28.572+0200: 90516,749: [ParNew: 284287K->4930K(314560K), 0,0077890 secs] 832030K->553342K(1013632K), 0,0079130 secs] [Times: user=0,06 sys=0,00, real=0,01 secs] 
2015-08-28T16:36:27.709+0200: 90575,886: [GC2015-08-28T16:36:27.709+0200: 90575,886: [ParNew: 284546K->3366K(314560K), 0,0069050 secs] 832958K->552243K(1013632K), 0,0070390 secs] [Times: user=0,04 sys=0,01, real=0,00 secs] 
2015-08-28T16:37:26.688+0200: 90634,865: [GC2015-08-28T16:37:26.688+0200: 90634,865: [ParNew: 282982K->4095K(314560K), 0,0077720 secs] 831859K->553541K(1013632K), 0,0078910 secs] [Times: user=0,03 sys=0,01, real=0,00 secs] 
2015-08-28T16:38:25.448+0200: 90693,624: [GC2015-08-28T16:38:25.448+0200: 90693,624: [ParNew: 283711K->4678K(314560K), 0,0070070 secs] 833157K->554219K(1013632K), 0,0071170 secs] [Times: user=0,05 sys=0,00, real=0,00 secs] 
2015-08-28T16:39:24.299+0200: 90752,476: [GC2015-08-28T16:39:24.299+0200: 90752,476: [ParNew: 284294K->6821K(314560K), 0,0068660 secs] 833835K->556525K(1013632K), 0,0069660 secs] [Times: user=0,06 sys=0,00, real=0,01 secs] 
2015-08-28T16:40:23.234+0200: 90811,411: [GC2015-08-28T16:40:23.234+0200: 90811,411: [ParNew: 286437K->6845K(314560K), 0,0139610 secs] 836141K->556902K(1013632K), 0,0141190 secs] [Times: user=0,07 sys=0,00, real=0,02 secs] 
2015-08-28T16:41:21.207+0200: 90869,384: [GC2015-08-28T16:41:21.207+0200: 90869,384: [ParNew: 286461K->7965K(314560K), 0,0180390 secs] 836518K->558502K(1013632K), 0,0181450 secs] [Times: user=0,07 sys=0,00, real=0,02 secs] 
2015-08-28T16:42:19.248+0200: 90927,424: [GC2015-08-28T16:42:19.248+0200: 90927,424: [ParNew: 287581K->8876K(314560K), 0,0101070 secs] 838118K->560095K(1013632K), 0,0102140 secs] [Times: user=0,08 sys=0,00, real=0,01 secs] 
2015-08-28T16:43:17.010+0200: 90985,187: [GC2015-08-28T16:43:17.010+0200: 90985,187: [ParNew: 288492K->9502K(314560K), 0,0199750 secs] 839711K->561670K(1013632K), 0,0200810 secs] [Times: user=0,10 sys=0,00, real=0,02 secs] 
2015-08-28T16:44:14.580+0200: 91042,757: [GC2015-08-28T16:44:14.581+0200: 91042,757: [ParNew: 289118K->7481K(314560K), 0,0101120 secs] 841286K->560543K(1013632K), 0,0102610 secs] [Times: user=0,07 sys=0,00, real=0,01 secs] 
2015-08-28T16:45:12.525+0200: 91100,702: [GC2015-08-28T16:45:12.525+0200: 91100,702: [ParNew: 287097K->7777K(314560K), 0,0112290 secs] 840159K->561746K(1013632K), 0,0113950 secs] [Times: user=0,06 sys=0,00, real=0,01 secs] 
2015-08-28T16:46:09.585+0200: 91157,761: [GC2015-08-28T16:46:09.585+0200: 91157,761: [ParNew: 287393K->7769K(314560K), 0,0124790 secs] 841362K->562670K(1013632K), 0,0125920 secs] [Times: user=0,08 sys=0,01, real=0,01 secs] 
2015-08-28T16:47:08.105+0200: 91216,281: [GC2015-08-28T16:47:08.105+0200: 91216,281: [ParNew: 287385K->8555K(314560K), 0,0100490 secs] 842286K->564377K(1013632K), 0,0101570 secs] [Times: user=0,07 sys=0,00, real=0,00 secs] 
2015-08-28T16:48:05.674+0200: 91273,850: [GC2015-08-28T16:48:05.674+0200: 91273,850: [ParNew: 288171K->7959K(314560K), 0,0091340 secs] 843993K->564708K(1013632K), 0,0092270 secs] [Times: user=0,06 sys=0,00, real=0,01 secs] 
2015-08-28T16:49:03.833+0200: 91332,009: [GC2015-08-28T16:49:03.833+0200: 91332,009: [ParNew: 287575K->8082K(314560K), 0,0126280 secs] 844324K->565745K(1013632K), 0,0127310 secs] [Times: user=0,09 sys=0,00, real=0,02 secs] 
2015-08-28T16:50:01.765+0200: 91389,941: [GC2015-08-28T16:50:01.765+0200: 91389,941: [ParNew: 287698K->8977K(314560K), 0,0110480 secs] 845361K->567563K(1013632K), 0,0111530 secs] [Times: user=0,06 sys=0,00, real=0,00 secs] 
2015-08-28T16:50:59.820+0200: 91447,996: [GC2015-08-28T16:50:59.820+0200: 91447,996: [ParNew: 288593K->9874K(314560K), 0,0137500 secs] 847179K->569473K(1013632K), 0,0138780 secs] [Times: user=0,10 sys=0,00, real=0,01 secs] 
2015-08-28T16:51:58.005+0200: 91506,182: [GC2015-08-28T16:51:58.005+0200: 91506,182: [ParNew: 289490K->8387K(314560K), 0,0126640 secs] 849089K->568997K(1013632K), 0,0127780 secs] [Times: user=0,08 sys=0,00, real=0,01 secs] 
2015-08-28T16:52:56.848+0200: 91565,024: [GC2015-08-28T16:52:56.848+0200: 91565,024: [ParNew: 288003K->8432K(314560K), 0,0109090 secs] 848613K->569976K(1013632K), 0,0110330 secs] [Times: user=0,09 sys=0,00, real=0,01 secs] 
2015-08-28T16:53:55.122+0200: 91623,299: [GC2015-08-28T16:53:55.122+0200: 91623,299: [ParNew: 288048K->8703K(314560K), 0,0114260 secs] 849592K->571180K(1013632K), 0,0115370 secs] [Times: user=0,09 sys=0,00, real=0,01 secs] 
2015-08-28T16:54:52.961+0200: 91681,138: [GC2015-08-28T16:54:52.961+0200: 91681,138: [ParNew: 288319K->9397K(314560K), 0,0084410 secs] 850796K->572821K(1013632K), 0,0085630 secs] [Times: user=0,07 sys=0,00, real=0,01 secs] 
2015-08-28T16:55:51.727+0200: 91739,904: [GC2015-08-28T16:55:51.727+0200: 91739,904: [ParNew: 289013K->9484K(314560K), 0,0113640 secs] 852437K->573834K(1013632K), 0,0114960 secs] [Times: user=0,09 sys=0,00, real=0,01 secs] 
2015-08-28T16:56:50.069+0200: 91798,245: [GC2015-08-28T16:56:50.069+0200: 91798,245: [ParNew: 289100K->8913K(314560K), 0,0105430 secs] 853450K->574188K(1013632K), 0,0106340 secs] [Times: user=0,07 sys=0,00, real=0,01 secs] 
2015-08-28T16:57:48.345+0200: 91856,522: [GC2015-08-28T16:57:48.345+0200: 91856,522: [ParNew: 288529K->9060K(314560K), 0,0115750 secs] 853804K->575296K(1013632K), 0,0116910 secs] [Times: user=0,10 sys=0,00, real=0,01 secs] 
2015-08-28T16:58:46.912+0200: 91915,088: [GC2015-08-28T16:58:46.912+0200: 91915,088: [ParNew: 288676K->9942K(314560K), 0,0193140 secs] 854912K->577167K(1013632K), 0,0194180 secs] [Times: user=0,15 sys=0,00, real=0,02 secs] 
2015-08-28T16:59:45.384+0200: 91973,560: [GC2015-08-28T16:59:45.384+0200: 91973,560: [ParNew: 289558K->8493K(314560K), 0,0133320 secs] 856783K->576743K(1013632K), 0,0134430 secs] [Times: user=0,10 sys=0,00, real=0,02 secs] 
2015-08-28T17:00:44.250+0200: 92032,427: [GC2015-08-28T17:00:44.251+0200: 92032,427: [ParNew: 288109K->10090K(314560K), 0,0108510 secs] 856359K->579367K(1013632K), 0,0109540 secs] [Times: user=0,09 sys=0,00, real=0,01 secs] 
2015-08-28T17:01:42.844+0200: 92091,021: [GC2015-08-28T17:01:42.844+0200: 92091,021: [ParNew: 289706K->8564K(314560K), 0,0103600 secs] 858983K->578805K(1013632K), 0,0104810 secs] [Times: user=0,07 sys=0,00, real=0,00 secs] 
2015-08-28T17:02:41.638+0200: 92149,815: [GC2015-08-28T17:02:41.638+0200: 92149,815: [ParNew: 288180K->8111K(314560K), 0,0109430 secs] 858421K->579288K(1013632K), 0,0110550 secs] [Times: user=0,10 sys=0,00, real=0,01 secs] 
2015-08-28T17:03:40.205+0200: 92208,381: [GC2015-08-28T17:03:40.205+0200: 92208,381: [ParNew: 287727K->8834K(314560K), 0,0079810 secs] 858904K->580961K(1013632K), 0,0080790 secs] [Times: user=0,06 sys=0,00, real=0,00 secs] 
2015-08-28T17:04:39.241+0200: 92267,418: [GC2015-08-28T17:04:39.241+0200: 92267,418: [ParNew: 288450K->8932K(314560K), 0,0116390 secs] 860577K->582011K(1013632K), 0,0117420 secs] [Times: user=0,08 sys=0,00, real=0,01 secs] 
2015-08-28T17:05:37.815+0200: 92325,992: [GC2015-08-28T17:05:37.816+0200: 92325,992: [ParNew: 288548K->9063K(314560K), 0,0129440 secs] 861627K->583105K(1013632K), 0,0130420 secs] [Times: user=0,08 sys=0,00, real=0,02 secs] 
2015-08-28T17:06:36.514+0200: 92384,691: [GC2015-08-28T17:06:36.514+0200: 92384,691: [ParNew: 288679K->9941K(314560K), 0,0094160 secs] 862721K->584935K(1013632K), 0,0095200 secs] [Times: user=0,07 sys=0,00, real=0,01 secs] 
2015-08-28T17:07:35.428+0200: 92443,605: [GC2015-08-28T17:07:35.429+0200: 92443,605: [ParNew: 289557K->10085K(314560K), 0,0137710 secs] 864551K->586110K(1013632K), 0,0139060 secs] [Times: user=0,09 sys=0,00, real=0,01 secs] 
2015-08-28T17:08:34.193+0200: 92502,370: [GC2015-08-28T17:08:34.193+0200: 92502,370: [ParNew: 289701K->8577K(314560K), 0,0101820 secs] 865726K->585638K(1013632K), 0,0103080 secs] [Times: user=0,07 sys=0,00, real=0,01 secs] 
2015-08-28T17:09:32.120+0200: 92560,297: [GC2015-08-28T17:09:32.120+0200: 92560,297: [ParNew: 288193K->10156K(314560K), 0,0069530 secs] 865254K->588171K(1013632K), 0,0070230 secs] [Times: user=0,04 sys=0,00, real=0,01 secs] 
2015-08-28T17:10:29.592+0200: 92617,768: [GC2015-08-28T17:10:29.592+0200: 92617,768: [ParNew: 289772K->7441K(314560K), 0,0119240 secs] 867787K->586419K(1013632K), 0,0120530 secs] [Times: user=0,08 sys=0,00, real=0,01 secs] 
2015-08-28T17:11:27.571+0200: 92675,748: [GC2015-08-28T17:11:27.571+0200: 92675,748: [ParNew: 287057K->9252K(314560K), 0,0105310 secs] 866035K->589179K(1013632K), 0,0106470 secs] [Times: user=0,08 sys=0,00, real=0,01 secs] 
2015-08-28T17:12:25.200+0200: 92733,376: [GC2015-08-28T17:12:25.200+0200: 92733,376: [ParNew: 288868K->9305K(314560K), 0,0114700 secs] 868795K->590192K(1013632K), 0,0115900 secs] [Times: user=0,07 sys=0,00, real=0,01 secs] 
2015-08-28T17:13:22.847+0200: 92791,023: [GC2015-08-28T17:13:22.847+0200: 92791,023: [ParNew: 288921K->8821K(314560K), 0,0115190 secs] 869808K->590662K(1013632K), 0,0116330 secs] [Times: user=0,09 sys=0,00, real=0,01 secs] 
2015-08-28T17:14:20.806+0200: 92848,983: [GC2015-08-28T17:14:20.806+0200: 92848,983: [ParNew: 288437K->9696K(314560K), 0,0110570 secs] 870278K->592491K(1013632K), 0,0111620 secs] [Times: user=0,09 sys=0,00, real=0,01 secs] 
2015-08-28T17:15:18.868+0200: 92907,045: [GC2015-08-28T17:15:18.869+0200: 92907,045: [ParNew: 289312K->7570K(314560K), 0,0124740 secs] 872107K->591333K(1013632K), 0,0126000 secs] [Times: user=0,09 sys=0,00, real=0,01 secs] 
2015-08-28T17:16:16.933+0200: 92965,110: [GC2015-08-28T17:16:16.933+0200: 92965,110: [ParNew: 287186K->9187K(314560K), 0,0123350 secs] 870949K->593970K(1013632K), 0,0124690 secs] [Times: user=0,10 sys=0,00, real=0,02 secs] 
2015-08-28T17:17:14.926+0200: 93023,103: [GC2015-08-28T17:17:14.926+0200: 93023,103: [ParNew: 288803K->9227K(314560K), 0,0104970 secs] 873586K->595026K(1013632K), 0,0106390 secs] [Times: user=0,07 sys=0,00, real=0,01 secs] 
2015-08-28T17:18:13.105+0200: 93081,281: [GC2015-08-28T17:18:13.105+0200: 93081,281: [ParNew: 288843K->10043K(314560K), 0,0131930 secs] 874642K->596778K(1013632K), 0,0132990 secs] [Times: user=0,08 sys=0,00, real=0,01 secs] 
2015-08-28T17:19:10.981+0200: 93139,158: [GC2015-08-28T17:19:10.981+0200: 93139,158: [ParNew: 289659K->7863K(314560K), 0,0110600 secs] 876394K->595534K(1013632K), 0,0111830 secs] [Times: user=0,06 sys=0,00, real=0,01 secs] 
2015-08-28T17:20:09.652+0200: 93197,828: [GC2015-08-28T17:20:09.652+0200: 93197,828: [ParNew: 287479K->9277K(314560K), 0,0117570 secs] 875150K->597906K(1013632K), 0,0118790 secs] [Times: user=0,09 sys=0,00, real=0,01 secs] 
2015-08-28T17:21:07.844+0200: 93256,021: [GC2015-08-28T17:21:07.844+0200: 93256,021: [ParNew: 288893K->9356K(314560K), 0,0118220 secs] 877522K->598930K(1013632K), 0,0119510 secs] [Times: user=0,06 sys=0,01, real=0,01 secs] 
2015-08-28T17:22:05.861+0200: 93314,037: [GC2015-08-28T17:22:05.861+0200: 93314,037: [ParNew: 288972K->9647K(314560K), 0,0104150 secs] 878546K->600167K(1013632K), 0,0105320 secs] [Times: user=0,08 sys=0,00, real=0,01 secs] 
2015-08-28T17:23:03.224+0200: 93371,401: [GC2015-08-28T17:23:03.224+0200: 93371,401: [ParNew: 289263K->10579K(314560K), 0,0083860 secs] 879783K->602057K(1013632K), 0,0084620 secs] [Times: user=0,04 sys=0,01, real=0,00 secs] 
2015-08-28T17:24:01.116+0200: 93429,293: [GC2015-08-28T17:24:01.116+0200: 93429,293: [ParNew: 290195K->7171K(314560K), 0,0100720 secs] 881673K->599648K(1013632K), 0,0101850 secs] [Times: user=0,08 sys=0,00, real=0,02 secs] 
2015-08-28T17:24:59.149+0200: 93487,325: [GC2015-08-28T17:24:59.149+0200: 93487,325: [ParNew: 286787K->9050K(314560K), 0,0127950 secs] 879264K->602555K(1013632K), 0,0128900 secs] [Times: user=0,08 sys=0,00, real=0,01 secs] 
2015-08-28T17:25:57.184+0200: 93545,361: [GC2015-08-28T17:25:57.184+0200: 93545,361: [ParNew: 288666K->8272K(314560K), 0,0125230 secs] 882171K->602725K(1013632K), 0,0126650 secs] [Times: user=0,08 sys=0,01, real=0,02 secs] 
2015-08-28T17:26:55.220+0200: 93603,397: [GC2015-08-28T17:26:55.220+0200: 93603,397: [ParNew: 287888K->10763K(314560K), 0,0168780 secs] 882341K->606165K(1013632K), 0,0170100 secs] [Times: user=0,12 sys=0,00, real=0,02 secs] 
2015-08-28T17:27:53.455+0200: 93661,631: [GC2015-08-28T17:27:53.455+0200: 93661,631: [ParNew: 290379K->7996K(314560K), 0,0113080 secs] 885781K->604343K(1013632K), 0,0114200 secs] [Times: user=0,08 sys=0,00, real=0,02 secs] 
2015-08-28T17:28:51.137+0200: 93719,313: [GC2015-08-28T17:28:51.137+0200: 93719,313: [ParNew: 287612K->9317K(314560K), 0,0118150 secs] 883959K->606599K(1013632K), 0,0119350 secs] [Times: user=0,08 sys=0,01, real=0,01 secs] 
2015-08-28T17:29:49.552+0200: 93777,729: [GC2015-08-28T17:29:49.552+0200: 93777,729: [ParNew: 288933K->8878K(314560K), 0,0106100 secs] 886215K->607081K(1013632K), 0,0107430 secs] [Times: user=0,08 sys=0,00, real=0,01 secs] 
2015-08-28T17:30:47.534+0200: 93835,710: [GC2015-08-28T17:30:47.534+0200: 93835,710: [ParNew: 288494K->7793K(314560K), 0,0109170 secs] 886697K->606950K(1013632K), 0,0110360 secs] [Times: user=0,07 sys=0,00, real=0,02 secs] 
2015-08-28T17:31:45.568+0200: 93893,745: [GC2015-08-28T17:31:45.568+0200: 93893,745: [ParNew: 287409K->6802K(314560K), 0,0124660 secs] 886566K->606897K(1013632K), 0,0126050 secs] [Times: user=0,07 sys=0,01, real=0,01 secs] 
2015-08-28T17:32:42.847+0200: 93951,023: [GC2015-08-28T17:32:42.847+0200: 93951,023: [ParNew: 286418K->7049K(314560K), 0,0114350 secs] 886513K->608297K(1013632K), 0,0115490 secs] [Times: user=0,07 sys=0,00, real=0,01 secs] 
2015-08-28T17:33:41.409+0200: 94009,585: [GC2015-08-28T17:33:41.409+0200: 94009,585: [ParNew: 286665K->5190K(314560K), 0,0088630 secs] 887913K->607330K(1013632K), 0,0089620 secs] [Times: user=0,05 sys=0,00, real=0,01 secs] 
2015-08-28T17:34:39.758+0200: 94067,934: [GC2015-08-28T17:34:39.758+0200: 94067,934: [ParNew: 284806K->4108K(314560K), 0,0072890 secs] 886946K->606734K(1013632K), 0,0074100 secs] [Times: user=0,04 sys=0,00, real=0,01 secs] 
2015-08-28T17:35:38.105+0200: 94126,281: [GC2015-08-28T17:35:38.105+0200: 94126,281: [ParNew: 283724K->4950K(314560K), 0,0113710 secs] 886350K->608069K(1013632K), 0,0115060 secs] [Times: user=0,06 sys=0,00, real=0,01 secs] 
2015-08-28T17:36:36.568+0200: 94184,745: [GC2015-08-28T17:36:36.569+0200: 94184,745: [ParNew: 284566K->5314K(314560K), 0,0076780 secs] 887685K->608791K(1013632K), 0,0077970 secs] [Times: user=0,04 sys=0,01, real=0,00 secs] 
2015-08-28T17:37:35.135+0200: 94243,312: [GC2015-08-28T17:37:35.135+0200: 94243,312: [ParNew: 284930K->5185K(314560K), 0,0074670 secs] 888407K->609278K(1013632K), 0,0075780 secs] [Times: user=0,06 sys=0,00, real=0,01 secs] 
2015-08-28T17:38:33.105+0200: 94301,281: [GC2015-08-28T17:38:33.105+0200: 94301,282: [ParNew: 284801K->6944K(314560K), 0,0125830 secs] 888894K->611241K(1013632K), 0,0127040 secs] [Times: user=0,09 sys=0,00, real=0,01 secs] 
2015-08-28T17:39:31.739+0200: 94359,916: [GC2015-08-28T17:39:31.739+0200: 94359,916: [ParNew: 286560K->7754K(314560K), 0,0079550 secs] 890857K->612462K(1013632K), 0,0080720 secs] [Times: user=0,07 sys=0,00, real=0,01 secs] 
2015-08-28T17:40:29.585+0200: 94417,762: [GC2015-08-28T17:40:29.585+0200: 94417,762: [ParNew: 287370K->8294K(314560K), 0,0094750 secs] 892078K->613552K(1013632K), 0,0095960 secs] [Times: user=0,06 sys=0,00, real=0,00 secs] 
2015-08-28T17:41:27.617+0200: 94475,794: [GC2015-08-28T17:41:27.618+0200: 94475,794: [ParNew: 287910K->8504K(314560K), 0,0097670 secs] 893168K->614411K(1013632K), 0,0098850 secs] [Times: user=0,07 sys=0,00, real=0,01 secs] 
2015-08-28T17:42:25.397+0200: 94533,574: [GC2015-08-28T17:42:25.397+0200: 94533,574: [ParNew: 288120K->9846K(314560K), 0,0106640 secs] 894027K->616502K(1013632K), 0,0107850 secs] [Times: user=0,07 sys=0,00, real=0,01 secs] 
2015-08-28T17:43:23.105+0200: 94591,281: [GC2015-08-28T17:43:23.105+0200: 94591,281: [ParNew: 289462K->9640K(314560K), 0,0089580 secs] 896118K->617179K(1013632K), 0,0090570 secs] [Times: user=0,06 sys=0,00, real=0,00 secs] 
2015-08-28T17:44:21.095+0200: 94649,272: [GC2015-08-28T17:44:21.095+0200: 94649,272: [ParNew: 289256K->7198K(314560K), 0,0111660 secs] 896795K->615655K(1013632K), 0,0112820 secs] [Times: user=0,08 sys=0,00, real=0,02 secs] 
2015-08-28T17:45:19.558+0200: 94707,734: [GC2015-08-28T17:45:19.558+0200: 94707,734: [ParNew: 286814K->9113K(314560K), 0,0106110 secs] 895271K->618490K(1013632K), 0,0107250 secs] [Times: user=0,07 sys=0,00, real=0,01 secs] 
2015-08-28T17:46:18.105+0200: 94766,281: [GC2015-08-28T17:46:18.105+0200: 94766,281: [ParNew: 288729K->8513K(314560K), 0,0108880 secs] 898106K->618817K(1013632K), 0,0110160 secs] [Times: user=0,08 sys=0,00, real=0,00 secs] 
2015-08-28T17:47:16.289+0200: 94824,465: [GC2015-08-28T17:47:16.289+0200: 94824,465: [ParNew: 288129K->10254K(314560K), 0,0104690 secs] 898433K->621482K(1013632K), 0,0105980 secs] [Times: user=0,08 sys=0,00, real=0,01 secs] 
2015-08-28T17:48:14.926+0200: 94883,102: [GC2015-08-28T17:48:14.926+0200: 94883,102: [ParNew: 289870K->7911K(314560K), 0,0121780 secs] 901098K->620081K(1013632K), 0,0122850 secs] [Times: user=0,09 sys=0,00, real=0,01 secs] 
2015-08-28T17:49:13.105+0200: 94941,281: [GC2015-08-28T17:49:13.105+0200: 94941,281: [ParNew: 287527K->8959K(314560K), 0,0137500 secs] 899697K->622132K(1013632K), 0,0138650 secs] [Times: user=0,08 sys=0,00, real=0,01 secs] 
2015-08-28T17:50:11.732+0200: 94999,908: [GC2015-08-28T17:50:11.732+0200: 94999,908: [ParNew: 288575K->7467K(314560K), 0,0127220 secs] 901748K->621663K(1013632K), 0,0128290 secs] [Times: user=0,08 sys=0,00, real=0,02 secs] 
2015-08-28T17:51:09.381+0200: 95057,558: [GC2015-08-28T17:51:09.381+0200: 95057,558: [ParNew: 287083K->9144K(314560K), 0,0108760 secs] 901279K->624264K(1013632K), 0,0109980 secs] [Times: user=0,07 sys=0,00, real=0,01 secs] 
2015-08-28T17:52:07.288+0200: 95115,464: [GC2015-08-28T17:52:07.288+0200: 95115,464: [ParNew: 288760K->9384K(314560K), 0,0106540 secs] 903880K->625434K(1013632K), 0,0107850 secs] [Times: user=0,08 sys=0,00, real=0,01 secs] 
2015-08-28T17:53:05.321+0200: 95173,498: [GC2015-08-28T17:53:05.321+0200: 95173,498: [ParNew: 289000K->8629K(314560K), 0,0115480 secs] 905050K->625619K(1013632K), 0,0116860 secs] [Times: user=0,07 sys=0,01, real=0,01 secs] 
2015-08-28T17:54:03.105+0200: 95231,281: [GC2015-08-28T17:54:03.105+0200: 95231,281: [ParNew: 288245K->9447K(314560K), 0,0079430 secs] 905235K->627383K(1013632K), 0,0080240 secs] [Times: user=0,04 sys=0,01, real=0,00 secs] 
2015-08-28T17:55:01.298+0200: 95289,474: [GC2015-08-28T17:55:01.298+0200: 95289,474: [ParNew: 289063K->8830K(314560K), 0,0111550 secs] 906999K->627698K(1013632K), 0,0112720 secs] [Times: user=0,08 sys=0,00, real=0,01 secs] 
2015-08-28T17:55:59.552+0200: 95347,729: [GC2015-08-28T17:55:59.552+0200: 95347,729: [ParNew: 288446K->9702K(314560K), 0,0107780 secs] 907314K->629513K(1013632K), 0,0109110 secs] [Times: user=0,07 sys=0,00, real=0,01 secs] 
2015-08-28T17:56:57.704+0200: 95405,881: [GC2015-08-28T17:56:57.704+0200: 95405,881: [ParNew: 289318K->9830K(314560K), 0,0134250 secs] 909129K->630609K(1013632K), 0,0135280 secs] [Times: user=0,10 sys=0,00, real=0,02 secs] 
2015-08-28T17:57:56.269+0200: 95464,446: [GC2015-08-28T17:57:56.270+0200: 95464,446: [ParNew: 289446K->10675K(314560K), 0,0120140 secs] 910225K->632464K(1013632K), 0,0121280 secs] [Times: user=0,09 sys=0,00, real=0,01 secs] 
2015-08-28T17:58:54.756+0200: 95522,933: [GC2015-08-28T17:58:54.756+0200: 95522,933: [ParNew: 290291K->8142K(314560K), 0,0116180 secs] 912080K->630963K(1013632K), 0,0117280 secs] [Times: user=0,08 sys=0,00, real=0,01 secs] 
2015-08-28T17:59:52.811+0200: 95580,987: [GC2015-08-28T17:59:52.811+0200: 95580,987: [ParNew: 287758K->9762K(314560K), 0,0089120 secs] 910579K->633520K(1013632K), 0,0090010 secs] [Times: user=0,07 sys=0,00, real=0,01 secs] 
2015-08-28T18:00:51.438+0200: 95639,615: [GC2015-08-28T18:00:51.438+0200: 95639,615: [ParNew: 289378K->7063K(314560K), 0,0115050 secs] 913136K->631757K(1013632K), 0,0116190 secs] [Times: user=0,10 sys=0,00, real=0,01 secs] 
2015-08-28T18:01:50.503+0200: 95698,680: [GC2015-08-28T18:01:50.504+0200: 95698,680: [ParNew: 286679K->9783K(314560K), 0,0105930 secs] 911373K->635414K(1013632K), 0,0107030 secs] [Times: user=0,08 sys=0,00, real=0,01 secs] 
2015-08-28T18:02:48.942+0200: 95757,119: [GC2015-08-28T18:02:48.942+0200: 95757,119: [ParNew: 289399K->9284K(314560K), 0,0123180 secs] 915030K->635840K(1013632K), 0,0124460 secs] [Times: user=0,09 sys=0,00, real=0,01 secs] 
2015-08-28T18:03:47.619+0200: 95815,795: [GC2015-08-28T18:03:47.619+0200: 95815,795: [ParNew: 288900K->9624K(314560K), 0,0123490 secs] 915456K->637133K(1013632K), 0,0124870 secs] [Times: user=0,09 sys=0,00, real=0,01 secs] 
2015-08-28T18:04:45.608+0200: 95873,785: [GC2015-08-28T18:04:45.608+0200: 95873,785: [ParNew: 289240K->9060K(314560K), 0,0119750 secs] 916749K->637525K(1013632K), 0,0121130 secs] [Times: user=0,09 sys=0,00, real=0,01 secs] 
2015-08-28T18:05:44.238+0200: 95932,414: [GC2015-08-28T18:05:44.238+0200: 95932,414: [ParNew: 288676K->9178K(314560K), 0,0103700 secs] 917141K->638626K(1013632K), 0,0104940 secs] [Times: user=0,07 sys=0,00, real=0,01 secs] 
2015-08-28T18:06:42.194+0200: 95990,371: [GC2015-08-28T18:06:42.194+0200: 95990,371: [ParNew: 288794K->8497K(314560K), 0,0113600 secs] 918242K->638967K(1013632K), 0,0114650 secs] [Times: user=0,09 sys=0,00, real=0,02 secs] 
2015-08-28T18:07:40.094+0200: 96048,271: [GC2015-08-28T18:07:40.094+0200: 96048,271: [ParNew: 288113K->6986K(314560K), 0,0078180 secs] 918583K->638407K(1013632K), 0,0079230 secs] [Times: user=0,07 sys=0,00, real=0,01 secs] 
2015-08-28T18:08:38.401+0200: 96106,577: [GC2015-08-28T18:08:38.401+0200: 96106,577: [ParNew: 286602K->9492K(314560K), 0,0117320 secs] 918023K->641867K(1013632K), 0,0118650 secs] [Times: user=0,07 sys=0,00, real=0,01 secs] 
2015-08-28T18:09:36.966+0200: 96165,142: [GC2015-08-28T18:09:36.966+0200: 96165,142: [ParNew: 289108K->7978K(314560K), 0,0121790 secs] 921483K->641307K(1013632K), 0,0123010 secs] [Times: user=0,09 sys=0,00, real=0,01 secs] 
2015-08-28T18:10:35.534+0200: 96223,711: [GC2015-08-28T18:10:35.534+0200: 96223,711: [ParNew: 287594K->8051K(314560K), 0,0111170 secs] 920923K->642318K(1013632K), 0,0112360 secs] [Times: user=0,09 sys=0,00, real=0,02 secs] 
2015-08-28T18:11:34.097+0200: 96282,273: [GC2015-08-28T18:11:34.097+0200: 96282,273: [ParNew: 287667K->8901K(314560K), 0,0106820 secs] 921934K->644117K(1013632K), 0,0107960 secs] [Times: user=0,07 sys=0,00, real=0,01 secs] 
2015-08-28T18:12:32.657+0200: 96340,833: [GC2015-08-28T18:12:32.657+0200: 96340,834: [ParNew: 288517K->9760K(314560K), 0,0124900 secs] 923733K->645931K(1013632K), 0,0126210 secs] [Times: user=0,09 sys=0,00, real=0,01 secs] 
2015-08-28T18:13:31.417+0200: 96399,593: [GC2015-08-28T18:13:31.417+0200: 96399,593: [ParNew: 289376K->9875K(314560K), 0,0111870 secs] 925547K->647006K(1013632K), 0,0112940 secs] [Times: user=0,08 sys=0,01, real=0,01 secs] 
2015-08-28T18:14:29.467+0200: 96457,643: [GC2015-08-28T18:14:29.467+0200: 96457,643: [ParNew: 289491K->8455K(314560K), 0,0114030 secs] 926622K->646613K(1013632K), 0,0115250 secs] [Times: user=0,10 sys=0,00, real=0,01 secs] 
2015-08-28T18:15:27.486+0200: 96515,662: [GC2015-08-28T18:15:27.486+0200: 96515,662: [ParNew: 288071K->9229K(314560K), 0,0111440 secs] 926229K->648429K(1013632K), 0,0112630 secs] [Times: user=0,08 sys=0,00, real=0,01 secs] 
2015-08-28T18:16:25.379+0200: 96573,556: [GC2015-08-28T18:16:25.379+0200: 96573,556: [ParNew: 288845K->7679K(314560K), 0,0102170 secs] 928045K->647821K(1013632K), 0,0103370 secs] [Times: user=0,10 sys=0,00, real=0,01 secs] 
2015-08-28T18:17:23.945+0200: 96632,121: [GC2015-08-28T18:17:23.945+0200: 96632,121: [ParNew: 287295K->8703K(314560K), 0,0116070 secs] 927437K->649779K(1013632K), 0,0117290 secs] [Times: user=0,08 sys=0,00, real=0,01 secs] 
2015-08-28T18:18:22.511+0200: 96690,687: [GC2015-08-28T18:18:22.511+0200: 96690,687: [ParNew: 288319K->7940K(314560K), 0,0113250 secs] 929395K->649957K(1013632K), 0,0114720 secs] [Times: user=0,09 sys=0,00, real=0,01 secs] 
2015-08-28T18:19:21.074+0200: 96749,251: [GC2015-08-28T18:19:21.074+0200: 96749,251: [ParNew: 287556K->8015K(314560K), 0,0116510 secs] 929573K->650979K(1013632K), 0,0117720 secs] [Times: user=0,09 sys=0,00, real=0,02 secs] 
2015-08-28T18:20:19.639+0200: 96807,815: [GC2015-08-28T18:20:19.639+0200: 96807,815: [ParNew: 287631K->8859K(314560K), 0,0103920 secs] 930595K->652741K(1013632K), 0,0105000 secs] [Times: user=0,09 sys=0,00, real=0,01 secs] 
2015-08-28T18:20:19.649+0200: 96807,826: [GC [1 CMS-initial-mark: 643881K(699072K)] 655109K(1013632K), 0,0092950 secs] [Times: user=0,00 sys=0,00, real=0,01 secs] 
2015-08-28T18:20:19.659+0200: 96807,835: [CMS-concurrent-mark-start]
2015-08-28T18:20:19.676+0200: 96807,853: [CMS-concurrent-mark: 0,017/0,018 secs] [Times: user=0,05 sys=0,00, real=0,02 secs] 
2015-08-28T18:20:19.677+0200: 96807,853: [CMS-concurrent-preclean-start]
2015-08-28T18:20:19.678+0200: 96807,855: [CMS-concurrent-preclean: 0,002/0,002 secs] [Times: user=0,00 sys=0,00, real=0,00 secs] 
2015-08-28T18:20:19.678+0200: 96807,855: [CMS-concurrent-abortable-preclean-start]
 CMS: abort preclean due to time 2015-08-28T18:20:24.871+0200: 96813,048: [CMS-concurrent-abortable-preclean: 2,791/5,193 secs] [Times: user=3,48 sys=0,00, real=5,19 secs] 
2015-08-28T18:20:24.871+0200: 96813,048: [GC[YG occupancy: 36880 K (314560 K)]2015-08-28T18:20:24.871+0200: 96813,048: [GC2015-08-28T18:20:24.871+0200: 96813,048: [ParNew: 36880K->8258K(314560K), 0,0071360 secs] 680761K->653080K(1013632K), 0,0072110 secs] [Times: user=0,00 sys=0,00, real=0,01 secs] 
2015-08-28T18:20:24.879+0200: 96813,055: [Rescan (parallel) , 0,0039260 secs]2015-08-28T18:20:24.883+0200: 96813,059: [weak refs processing, 0,0000480 secs]2015-08-28T18:20:24.883+0200: 96813,059: [class unloading, 0,0015430 secs]2015-08-28T18:20:24.884+0200: 96813,061: [scrub symbol table, 0,0013650 secs]2015-08-28T18:20:24.886+0200: 96813,062: [scrub string table, 0,0002760 secs] [1 CMS-remark: 644822K(699072K)] 653080K(1013632K), 0,0152510 secs] [Times: user=0,09 sys=0,00, real=0,02 secs] 
2015-08-28T18:20:24.887+0200: 96813,063: [CMS-concurrent-sweep-start]
2015-08-28T18:20:25.508+0200: 96813,685: [CMS-concurrent-sweep: 0,621/0,621 secs] [Times: user=0,73 sys=0,00, real=0,62 secs] 
2015-08-28T18:20:25.508+0200: 96813,685: [CMS-concurrent-reset-start]
2015-08-28T18:20:25.509+0200: 96813,686: [CMS-concurrent-reset: 0,001/0,001 secs] [Times: user=0,00 sys=0,00, real=0,00 secs] 
2015-08-28T18:21:23.105+0200: 96871,281: [GC2015-08-28T18:21:23.105+0200: 96871,281: [ParNew: 287874K->8096K(314560K), 0,0083300 secs] 294158K->15380K(1013632K), 0,0084210 secs] [Times: user=0,05 sys=0,00, real=0,00 secs] 
2015-08-28T18:22:20.760+0200: 96928,937: [GC2015-08-28T18:22:20.760+0200: 96928,937: [ParNew: 287712K->7251K(314560K), 0,0106470 secs] 294996K->15552K(1013632K), 0,0107680 secs] [Times: user=0,09 sys=0,00, real=0,01 secs] 
2015-08-28T18:23:19.687+0200: 96987,864: [GC2015-08-28T18:23:19.687+0200: 96987,864: [ParNew: 286867K->7859K(314560K), 0,0104700 secs] 295168K->17186K(1013632K), 0,0105870 secs] [Times: user=0,09 sys=0,00, real=0,01 secs] 
2015-08-28T18:24:18.105+0200: 97046,281: [GC2015-08-28T18:24:18.105+0200: 97046,282: [ParNew: 287475K->7875K(314560K), 0,0094640 secs] 296802K->18149K(1013632K), 0,0095790 secs] [Times: user=0,07 sys=0,00, real=0,00 secs] 
2015-08-28T18:25:16.933+0200: 97105,109: [GC2015-08-28T18:25:16.933+0200: 97105,109: [ParNew: 287491K->8613K(314560K), 0,0106100 secs] 297765K->19830K(1013632K), 0,0107230 secs] [Times: user=0,07 sys=0,00, real=0,01 secs] 
2015-08-28T18:26:15.491+0200: 97163,668: [GC2015-08-28T18:26:15.491+0200: 97163,668: [ParNew: 288229K->7292K(314560K), 0,0118990 secs] 299446K->18595K(1013632K), 0,0120170 secs] [Times: user=0,06 sys=0,00, real=0,01 secs] 
2015-08-28T18:27:13.373+0200: 97221,549: [GC2015-08-28T18:27:13.373+0200: 97221,549: [ParNew: 286908K->9001K(314560K), 0,0121730 secs] 298211K->21254K(1013632K), 0,0122780 secs] [Times: user=0,10 sys=0,00, real=0,02 secs] 
2015-08-28T18:28:11.853+0200: 97280,029: [GC2015-08-28T18:28:11.853+0200: 97280,029: [ParNew: 288617K->9530K(314560K), 0,0133800 secs] 300870K->22709K(1013632K), 0,0135090 secs] [Times: user=0,09 sys=0,00, real=0,02 secs] 
2015-08-28T18:29:10.915+0200: 97339,091: [GC2015-08-28T18:29:10.915+0200: 97339,091: [ParNew: 289146K->8029K(314560K), 0,0114920 secs] 302325K->22170K(1013632K), 0,0116010 secs] [Times: user=0,09 sys=0,00, real=0,02 secs] 
2015-08-28T18:30:09.216+0200: 97397,392: [GC2015-08-28T18:30:09.216+0200: 97397,392: [ParNew: 287645K->8411K(314560K), 0,0120880 secs] 301786K->23491K(1013632K), 0,0122120 secs] [Times: user=0,08 sys=0,00, real=0,02 secs] 
2015-08-28T18:31:07.785+0200: 97455,962: [GC2015-08-28T18:31:07.785+0200: 97455,962: [ParNew: 288027K->8392K(314560K), 0,0100100 secs] 303107K->24510K(1013632K), 0,0101190 secs] [Times: user=0,06 sys=0,01, real=0,00 secs] 
2015-08-28T18:32:06.199+0200: 97514,376: [GC2015-08-28T18:32:06.199+0200: 97514,376: [ParNew: 288008K->6745K(314560K), 0,0101500 secs] 304126K->23882K(1013632K), 0,0102610 secs] [Times: user=0,08 sys=0,00, real=0,01 secs] 
2015-08-28T18:33:05.231+0200: 97573,407: [GC2015-08-28T18:33:05.231+0200: 97573,407: [ParNew: 286361K->4907K(314560K), 0,0109330 secs] 303498K->23229K(1013632K), 0,0110430 secs] [Times: user=0,08 sys=0,00, real=0,01 secs] 
2015-08-28T18:34:03.853+0200: 97632,030: [GC2015-08-28T18:34:03.853+0200: 97632,030: [ParNew: 284523K->3998K(314560K), 0,0070890 secs] 302845K->22894K(1013632K), 0,0072150 secs] [Times: user=0,05 sys=0,01, real=0,01 secs] 
2015-08-28T18:35:02.506+0200: 97690,682: [GC2015-08-28T18:35:02.506+0200: 97690,683: [ParNew: 283614K->4213K(314560K), 0,0058880 secs] 302510K->23597K(1013632K), 0,0059720 secs] [Times: user=0,04 sys=0,00, real=0,00 secs] 
2015-08-28T18:36:01.064+0200: 97749,240: [GC2015-08-28T18:36:01.064+0200: 97749,240: [ParNew: 283829K->4867K(314560K), 0,0080110 secs] 303213K->24884K(1013632K), 0,0081220 secs] [Times: user=0,06 sys=0,00, real=0,01 secs] 
2015-08-28T18:37:00.123+0200: 97808,299: [GC2015-08-28T18:37:00.123+0200: 97808,299: [ParNew: 284483K->4814K(314560K), 0,0060430 secs] 304500K->24905K(1013632K), 0,0061640 secs] [Times: user=0,06 sys=0,00, real=0,01 secs] 
2015-08-28T18:37:58.682+0200: 97866,859: [GC2015-08-28T18:37:58.682+0200: 97866,859: [ParNew: 284430K->5664K(314560K), 0,0082460 secs] 304521K->26358K(1013632K), 0,0083520 secs] [Times: user=0,05 sys=0,00, real=0,01 secs] 
2015-08-28T18:38:57.677+0200: 97925,853: [GC2015-08-28T18:38:57.677+0200: 97925,853: [ParNew: 285280K->6329K(314560K), 0,0081910 secs] 305974K->27264K(1013632K), 0,0083010 secs] [Times: user=0,06 sys=0,00, real=0,01 secs] 
2015-08-28T18:39:56.537+0200: 97984,714: [GC2015-08-28T18:39:56.537+0200: 97984,714: [ParNew: 285945K->8141K(314560K), 0,0110030 secs] 306880K->29576K(1013632K), 0,0111190 secs] [Times: user=0,06 sys=0,01, real=0,01 secs] 
2015-08-28T18:40:55.350+0200: 98043,526: [GC2015-08-28T18:40:55.350+0200: 98043,526: [ParNew: 287757K->7853K(314560K), 0,0083670 secs] 309192K->29835K(1013632K), 0,0084630 secs] [Times: user=0,05 sys=0,00, real=0,01 secs] 
2015-08-28T18:41:54.448+0200: 98102,625: [GC2015-08-28T18:41:54.448+0200: 98102,625: [ParNew: 287469K->9910K(314560K), 0,0114830 secs] 309451K->32530K(1013632K), 0,0115950 secs] [Times: user=0,07 sys=0,00, real=0,01 secs] 
2015-08-28T18:42:52.967+0200: 98161,143: [GC2015-08-28T18:42:52.967+0200: 98161,143: [ParNew: 289526K->6909K(314560K), 0,0102500 secs] 312146K->30410K(1013632K), 0,0103690 secs] [Times: user=0,09 sys=0,00, real=0,01 secs] 
2015-08-28T18:43:51.532+0200: 98219,708: [GC2015-08-28T18:43:51.532+0200: 98219,708: [ParNew: 286525K->9831K(314560K), 0,0138450 secs] 310026K->34274K(1013632K), 0,0139690 secs] [Times: user=0,11 sys=0,00, real=0,02 secs] 
2015-08-28T18:44:50.099+0200: 98278,276: [GC2015-08-28T18:44:50.099+0200: 98278,276: [ParNew: 289447K->9351K(314560K), 0,0087260 secs] 313890K->34739K(1013632K), 0,0088370 secs] [Times: user=0,07 sys=0,00, real=0,01 secs] 
2015-08-28T18:45:48.786+0200: 98336,963: [GC2015-08-28T18:45:48.786+0200: 98336,963: [ParNew: 288967K->8918K(314560K), 0,0111780 secs] 314355K->35248K(1013632K), 0,0113040 secs] [Times: user=0,09 sys=0,00, real=0,01 secs] 
2015-08-28T18:46:47.620+0200: 98395,797: [GC2015-08-28T18:46:47.620+0200: 98395,797: [ParNew: 288534K->9089K(314560K), 0,0106240 secs] 314864K->36355K(1013632K), 0,0107460 secs] [Times: user=0,09 sys=0,00, real=0,01 secs] 
2015-08-28T18:47:46.274+0200: 98454,450: [GC2015-08-28T18:47:46.274+0200: 98454,450: [ParNew: 288705K->8487K(314560K), 0,0121080 secs] 315971K->36781K(1013632K), 0,0122230 secs] [Times: user=0,10 sys=0,00, real=0,02 secs] 
2015-08-28T18:48:44.835+0200: 98513,012: [GC2015-08-28T18:48:44.835+0200: 98513,012: [ParNew: 288103K->9325K(314560K), 0,0116150 secs] 316397K->38655K(1013632K), 0,0117290 secs] [Times: user=0,09 sys=0,00, real=0,02 secs] 
2015-08-28T18:49:43.105+0200: 98571,281: [GC2015-08-28T18:49:43.105+0200: 98571,282: [ParNew: 288941K->8557K(314560K), 0,0116190 secs] 318271K->38832K(1013632K), 0,0117330 secs] [Times: user=0,07 sys=0,01, real=0,01 secs] 
2015-08-28T18:50:41.456+0200: 98629,633: [GC2015-08-28T18:50:41.456+0200: 98629,633: [ParNew: 288173K->8086K(314560K), 0,0100910 secs] 318448K->39305K(1013632K), 0,0102120 secs] [Times: user=0,08 sys=0,00, real=0,02 secs] 
2015-08-28T18:51:40.021+0200: 98688,198: [GC2015-08-28T18:51:40.022+0200: 98688,198: [ParNew: 287702K->9510K(314560K), 0,0137720 secs] 318921K->41675K(1013632K), 0,0138810 secs] [Times: user=0,07 sys=0,00, real=0,01 secs] 
2015-08-28T18:52:38.590+0200: 98746,766: [GC2015-08-28T18:52:38.590+0200: 98746,766: [ParNew: 289126K->10343K(314560K), 0,0119050 secs] 321291K->43471K(1013632K), 0,0120240 secs] [Times: user=0,08 sys=0,00, real=0,01 secs] 
2015-08-28T18:53:37.126+0200: 98805,303: [GC2015-08-28T18:53:37.126+0200: 98805,303: [ParNew: 289959K->7465K(314560K), 0,0112100 secs] 323087K->41555K(1013632K), 0,0113180 secs] [Times: user=0,08 sys=0,00, real=0,01 secs] 
2015-08-28T18:54:35.707+0200: 98863,883: [GC2015-08-28T18:54:35.707+0200: 98863,883: [ParNew: 287081K->9597K(314560K), 0,0113500 secs] 321171K->44631K(1013632K), 0,0114710 secs] [Times: user=0,10 sys=0,00, real=0,01 secs] 
2015-08-28T18:55:34.272+0200: 98922,449: [GC2015-08-28T18:55:34.272+0200: 98922,449: [ParNew: 289213K->8996K(314560K), 0,0113140 secs] 324247K->45028K(1013632K), 0,0114390 secs] [Times: user=0,07 sys=0,00, real=0,01 secs] 
2015-08-28T18:56:32.833+0200: 98981,009: [GC2015-08-28T18:56:32.833+0200: 98981,009: [ParNew: 288612K->8466K(314560K), 0,0118700 secs] 324644K->45522K(1013632K), 0,0119880 secs] [Times: user=0,08 sys=0,00, real=0,02 secs] 
2015-08-28T18:57:31.400+0200: 99039,577: [GC2015-08-28T18:57:31.400+0200: 99039,577: [ParNew: 288082K->10074K(314560K), 0,0145920 secs] 325138K->48167K(1013632K), 0,0146940 secs] [Times: user=0,10 sys=0,00, real=0,01 secs] 
2015-08-28T18:58:29.973+0200: 99098,149: [GC2015-08-28T18:58:29.973+0200: 99098,149: [ParNew: 289690K->7776K(314560K), 0,0107750 secs] 327783K->46827K(1013632K), 0,0109050 secs] [Times: user=0,09 sys=0,00, real=0,01 secs] 
2015-08-28T18:59:29.038+0200: 99157,214: [GC2015-08-28T18:59:29.038+0200: 99157,214: [ParNew: 287392K->8837K(314560K), 0,0105780 secs] 326443K->48825K(1013632K), 0,0106850 secs] [Times: user=0,08 sys=0,00, real=0,01 secs] 
2015-08-28T19:00:27.601+0200: 99215,777: [GC2015-08-28T19:00:27.601+0200: 99215,777: [ParNew: 288453K->9561K(314560K), 0,0120840 secs] 328441K->50507K(1013632K), 0,0122170 secs] [Times: user=0,07 sys=0,01, real=0,01 secs] 
2015-08-28T19:01:26.172+0200: 99274,348: [GC2015-08-28T19:01:26.172+0200: 99274,349: [ParNew: 289177K->9640K(314560K), 0,0105280 secs] 330123K->51538K(1013632K), 0,0106590 secs] [Times: user=0,08 sys=0,00, real=0,01 secs] 
2015-08-28T19:02:24.738+0200: 99332,915: [GC2015-08-28T19:02:24.738+0200: 99332,915: [ParNew: 289256K->8261K(314560K), 0,0115930 secs] 331154K->51099K(1013632K), 0,0117060 secs] [Times: user=0,10 sys=0,00, real=0,01 secs] 
2015-08-28T19:03:23.199+0200: 99391,375: [GC2015-08-28T19:03:23.199+0200: 99391,376: [ParNew: 287877K->9161K(314560K), 0,0117750 secs] 330715K->52962K(1013632K), 0,0118860 secs] [Times: user=0,08 sys=0,00, real=0,01 secs] 
2015-08-28T19:04:21.860+0200: 99450,036: [GC2015-08-28T19:04:21.860+0200: 99450,036: [ParNew: 288777K->9278K(314560K), 0,0139170 secs] 332578K->54105K(1013632K), 0,0140360 secs] [Times: user=0,11 sys=0,00, real=0,01 secs] 
2015-08-28T19:05:20.838+0200: 99509,014: [GC2015-08-28T19:05:20.838+0200: 99509,014: [ParNew: 288894K->9330K(314560K), 0,0111610 secs] 333721K->55196K(1013632K), 0,0112840 secs] [Times: user=0,07 sys=0,00, real=0,01 secs] 
2015-08-28T19:06:19.479+0200: 99567,655: [GC2015-08-28T19:06:19.479+0200: 99567,655: [ParNew: 288946K->8565K(314560K), 0,0111870 secs] 334812K->55371K(1013632K), 0,0113000 secs] [Times: user=0,09 sys=0,00, real=0,01 secs] 
2015-08-28T19:07:18.198+0200: 99626,375: [GC2015-08-28T19:07:18.198+0200: 99626,375: [ParNew: 288181K->8096K(314560K), 0,0108440 secs] 334987K->55853K(1013632K), 0,0109440 secs] [Times: user=0,08 sys=0,00, real=0,01 secs] 
2015-08-28T19:08:17.094+0200: 99685,271: [GC2015-08-28T19:08:17.094+0200: 99685,271: [ParNew: 287712K->8799K(314560K), 0,0112820 secs] 335469K->57520K(1013632K), 0,0113900 secs] [Times: user=0,10 sys=0,00, real=0,02 secs] 
2015-08-28T19:09:15.805+0200: 99743,981: [GC2015-08-28T19:09:15.805+0200: 99743,981: [ParNew: 288415K->9608K(314560K), 0,0115040 secs] 337136K->59279K(1013632K), 0,0116330 secs] [Times: user=0,07 sys=0,00, real=0,01 secs] 
2015-08-28T19:10:14.717+0200: 99802,894: [GC2015-08-28T19:10:14.717+0200: 99802,894: [ParNew: 289224K->8994K(314560K), 0,0112080 secs] 338895K->59623K(1013632K), 0,0113460 secs] [Times: user=0,09 sys=0,00, real=0,01 secs] 
2015-08-28T19:11:13.778+0200: 99861,955: [GC2015-08-28T19:11:13.778+0200: 99861,955: [ParNew: 288610K->8344K(314560K), 0,0117040 secs] 339239K->59923K(1013632K), 0,0118390 secs] [Times: user=0,10 sys=0,00, real=0,01 secs] 
2015-08-28T19:12:12.345+0200: 99920,521: [GC2015-08-28T19:12:12.345+0200: 99920,521: [ParNew: 287960K->10783K(314560K), 0,0106450 secs] 339539K->63357K(1013632K), 0,0107730 secs] [Times: user=0,07 sys=0,00, real=0,00 secs] 
2015-08-28T19:13:10.910+0200: 99979,086: [GC2015-08-28T19:13:10.910+0200: 99979,086: [ParNew: 290399K->7751K(314560K), 0,0116500 secs] 342973K->61365K(1013632K), 0,0117810 secs] [Times: user=0,10 sys=0,00, real=0,01 secs] 
2015-08-28T19:14:09.975+0200: 100038,152: [GC2015-08-28T19:14:09.975+0200: 100038,152: [ParNew: 287367K->10571K(314560K), 0,0109110 secs] 340981K->65223K(1013632K), 0,0110320 secs] [Times: user=0,10 sys=0,00, real=0,02 secs] 
2015-08-28T19:15:08.539+0200: 100096,715: [GC2015-08-28T19:15:08.539+0200: 100096,716: [ParNew: 290187K->7493K(314560K), 0,0108140 secs] 344839K->63104K(1013632K), 0,0109190 secs] [Times: user=0,09 sys=0,00, real=0,01 secs] 
2015-08-28T19:16:07.607+0200: 100155,784: [GC2015-08-28T19:16:07.607+0200: 100155,784: [ParNew: 287109K->9903K(314560K), 0,0109440 secs] 342720K->66455K(1013632K), 0,0110660 secs] [Times: user=0,09 sys=0,00, real=0,01 secs] 
2015-08-28T19:17:06.140+0200: 100214,317: [GC2015-08-28T19:17:06.140+0200: 100214,317: [ParNew: 289519K->7950K(314560K), 0,0106130 secs] 346071K->65468K(1013632K), 0,0107130 secs] [Times: user=0,07 sys=0,00, real=0,01 secs] 
2015-08-28T19:18:04.725+0200: 100272,902: [GC2015-08-28T19:18:04.725+0200: 100272,902: [ParNew: 287566K->9384K(314560K), 0,0130930 secs] 345084K->67841K(1013632K), 0,0132010 secs] [Times: user=0,08 sys=0,00, real=0,01 secs] 
2015-08-28T19:19:03.198+0200: 100331,375: [GC2015-08-28T19:19:03.198+0200: 100331,375: [ParNew: 289000K->8851K(314560K), 0,0116880 secs] 347457K->68258K(1013632K), 0,0117990 secs] [Times: user=0,09 sys=0,00, real=0,01 secs] 
2015-08-28T19:20:01.845+0200: 100390,021: [GC2015-08-28T19:20:01.845+0200: 100390,021: [ParNew: 288467K->10666K(314560K), 0,0111140 secs] 347874K->71030K(1013632K), 0,0112290 secs] [Times: user=0,08 sys=0,00, real=0,00 secs] 
2015-08-28T19:21:00.309+0200: 100448,485: [GC2015-08-28T19:21:00.309+0200: 100448,485: [ParNew: 290282K->7242K(314560K), 0,0119010 secs] 350646K->68642K(1013632K), 0,0120080 secs] [Times: user=0,07 sys=0,01, real=0,01 secs] 
2015-08-28T19:21:58.963+0200: 100507,140: [GC2015-08-28T19:21:58.963+0200: 100507,140: [ParNew: 286858K->9157K(314560K), 0,0132820 secs] 348258K->71610K(1013632K), 0,0133820 secs] [Times: user=0,07 sys=0,00, real=0,02 secs] 
2015-08-28T19:22:58.001+0200: 100566,177: [GC2015-08-28T19:22:58.001+0200: 100566,177: [ParNew: 288773K->8334K(314560K), 0,0149360 secs] 351226K->71739K(1013632K), 0,0150540 secs] [Times: user=0,07 sys=0,00, real=0,01 secs] 
2015-08-28T19:23:57.084+0200: 100625,261: [GC2015-08-28T19:23:57.084+0200: 100625,261: [ParNew: 287950K->8728K(314560K), 0,0115380 secs] 351355K->73093K(1013632K), 0,0116610 secs] [Times: user=0,09 sys=0,00, real=0,01 secs] 
2015-08-28T19:24:55.651+0200: 100683,828: [GC2015-08-28T19:24:55.651+0200: 100683,828: [ParNew: 288344K->10177K(314560K), 0,0115490 secs] 352709K->75489K(1013632K), 0,0116780 secs] [Times: user=0,09 sys=0,00, real=0,01 secs] 
2015-08-28T19:25:54.519+0200: 100742,696: [GC2015-08-28T19:25:54.519+0200: 100742,696: [ParNew: 289793K->7334K(314560K), 0,0111590 secs] 355105K->73592K(1013632K), 0,0112870 secs] [Times: user=0,10 sys=0,00, real=0,01 secs] 
2015-08-28T19:26:53.105+0200: 100801,281: [GC2015-08-28T19:26:53.105+0200: 100801,281: [ParNew: 286950K->9469K(314560K), 0,0113130 secs] 353208K->76665K(1013632K), 0,0114500 secs] [Times: user=0,06 sys=0,01, real=0,01 secs] 
2015-08-28T19:27:51.504+0200: 100859,681: [GC2015-08-28T19:27:51.505+0200: 100859,681: [ParNew: 289085K->10360K(314560K), 0,0124820 secs] 356281K->78499K(1013632K), 0,0126050 secs] [Times: user=0,08 sys=0,02, real=0,01 secs] 
2015-08-28T19:28:50.583+0200: 100918,760: [GC2015-08-28T19:28:50.583+0200: 100918,760: [ParNew: 289976K->9848K(314560K), 0,0115350 secs] 358115K->78984K(1013632K), 0,0116540 secs] [Times: user=0,10 sys=0,00, real=0,01 secs] 
2015-08-28T19:29:49.647+0200: 100977,824: [GC2015-08-28T19:29:49.647+0200: 100977,824: [ParNew: 289464K->7181K(314560K), 0,0119240 secs] 358600K->77358K(1013632K), 0,0120510 secs] [Times: user=0,10 sys=0,00, real=0,01 secs] 
2015-08-28T19:30:47.995+0200: 101036,172: [GC2015-08-28T19:30:47.995+0200: 101036,172: [ParNew: 286797K->8943K(314560K), 0,0287430 secs] 356974K->80157K(1013632K), 0,0288490 secs] [Times: user=0,16 sys=0,00, real=0,03 secs] 
2015-08-28T19:31:46.572+0200: 101094,749: [GC2015-08-28T19:31:46.572+0200: 101094,749: [ParNew: 288559K->7745K(314560K), 0,0108060 secs] 359773K->79912K(1013632K), 0,0109300 secs] [Times: user=0,06 sys=0,00, real=0,01 secs] 
2015-08-28T19:32:45.571+0200: 101153,748: [GC2015-08-28T19:32:45.571+0200: 101153,748: [ParNew: 287361K->5906K(314560K), 0,0096610 secs] 359528K->79021K(1013632K), 0,0098030 secs] [Times: user=0,07 sys=0,00, real=0,01 secs] 
2015-08-28T19:33:44.191+0200: 101212,367: [GC2015-08-28T19:33:44.191+0200: 101212,367: [ParNew: 285522K->4080K(314560K), 0,0081020 secs] 358637K->78137K(1013632K), 0,0082210 secs] [Times: user=0,06 sys=0,00, real=0,01 secs] 
2015-08-28T19:34:42.758+0200: 101270,934: [GC2015-08-28T19:34:42.758+0200: 101270,935: [ParNew: 283696K->4277K(314560K), 0,0072970 secs] 357753K->78827K(1013632K), 0,0074120 secs] [Times: user=0,05 sys=0,00, real=0,01 secs] 
2015-08-28T19:35:41.794+0200: 101329,970: [GC2015-08-28T19:35:41.794+0200: 101329,971: [ParNew: 283893K->4363K(314560K), 0,0076400 secs] 358443K->79413K(1013632K), 0,0077550 secs] [Times: user=0,07 sys=0,00, real=0,01 secs] 
2015-08-28T19:36:40.375+0200: 101388,551: [GC2015-08-28T19:36:40.375+0200: 101388,551: [ParNew: 283979K->4655K(314560K), 0,0062580 secs] 359029K->80045K(1013632K), 0,0063770 secs] [Times: user=0,06 sys=0,00, real=0,01 secs] 
2015-08-28T19:37:39.017+0200: 101447,194: [GC2015-08-28T19:37:39.018+0200: 101447,194: [ParNew: 284271K->4876K(314560K), 0,0074130 secs] 359661K->80920K(1013632K), 0,0075340 secs] [Times: user=0,06 sys=0,00, real=0,01 secs] 
2015-08-28T19:38:37.492+0200: 101505,668: [GC2015-08-28T19:38:37.492+0200: 101505,668: [ParNew: 284492K->5553K(314560K), 0,0090470 secs] 360536K->81788K(1013632K), 0,0091700 secs] [Times: user=0,05 sys=0,00, real=0,01 secs] 
2015-08-28T19:39:36.507+0200: 101564,684: [GC2015-08-28T19:39:36.507+0200: 101564,684: [ParNew: 285169K->6644K(314560K), 0,0076330 secs] 361404K->83065K(1013632K), 0,0077520 secs] [Times: user=0,06 sys=0,00, real=0,00 secs] 
2015-08-28T19:40:35.612+0200: 101623,788: [GC2015-08-28T19:40:35.612+0200: 101623,788: [ParNew: 286260K->7222K(314560K), 0,0105230 secs] 362681K->84046K(1013632K), 0,0106500 secs] [Times: user=0,08 sys=0,00, real=0,01 secs] 
2015-08-28T19:41:34.675+0200: 101682,852: [GC2015-08-28T19:41:34.675+0200: 101682,852: [ParNew: 286838K->8723K(314560K), 0,0093170 secs] 363662K->86059K(1013632K), 0,0094260 secs] [Times: user=0,06 sys=0,00, real=0,02 secs] 
2015-08-28T19:42:33.212+0200: 101741,389: [GC2015-08-28T19:42:33.213+0200: 101741,389: [ParNew: 288339K->10294K(314560K), 0,0099250 secs] 365675K->88240K(1013632K), 0,0100360 secs] [Times: user=0,08 sys=0,00, real=0,01 secs] 
2015-08-28T19:43:31.795+0200: 101799,972: [GC2015-08-28T19:43:31.795+0200: 101799,972: [ParNew: 289910K->6860K(314560K), 0,0101330 secs] 367856K->85631K(1013632K), 0,0102730 secs] [Times: user=0,09 sys=0,00, real=0,02 secs] 
2015-08-28T19:44:30.758+0200: 101858,935: [GC2015-08-28T19:44:30.758+0200: 101858,935: [ParNew: 286476K->8581K(314560K), 0,0109490 secs] 365247K->88239K(1013632K), 0,0110540 secs] [Times: user=0,09 sys=0,00, real=0,01 secs] 
2015-08-28T19:45:29.341+0200: 101917,518: [GC2015-08-28T19:45:29.341+0200: 101917,518: [ParNew: 288197K->9499K(314560K), 0,0116780 secs] 367855K->90099K(1013632K), 0,0117870 secs] [Times: user=0,06 sys=0,01, real=0,01 secs] 
2015-08-28T19:46:27.957+0200: 101976,134: [GC2015-08-28T19:46:27.957+0200: 101976,134: [ParNew: 289115K->9082K(314560K), 0,0118620 secs] 369715K->90688K(1013632K), 0,0119730 secs] [Times: user=0,09 sys=0,00, real=0,01 secs] 
2015-08-28T19:47:26.518+0200: 102034,695: [GC2015-08-28T19:47:26.519+0200: 102034,695: [ParNew: 288698K->9947K(314560K), 0,0124940 secs] 370304K->92568K(1013632K), 0,0126210 secs] [Times: user=0,08 sys=0,00, real=0,01 secs] 
2015-08-28T19:48:25.485+0200: 102093,662: [GC2015-08-28T19:48:25.485+0200: 102093,662: [ParNew: 289563K->8451K(314560K), 0,0101670 secs] 372184K->92006K(1013632K), 0,0102900 secs] [Times: user=0,08 sys=0,00, real=0,00 secs] 
2015-08-28T19:49:24.140+0200: 102152,316: [GC2015-08-28T19:49:24.140+0200: 102152,317: [ParNew: 288067K->9467K(314560K), 0,0103370 secs] 371622K->93947K(1013632K), 0,0104370 secs] [Times: user=0,10 sys=0,00, real=0,01 secs] 
2015-08-28T19:50:22.625+0200: 102210,801: [GC2015-08-28T19:50:22.625+0200: 102210,802: [ParNew: 289083K->8737K(314560K), 0,0115780 secs] 373563K->94160K(1013632K), 0,0116990 secs] [Times: user=0,07 sys=0,00, real=0,01 secs] 
2015-08-28T19:51:21.254+0200: 102269,430: [GC2015-08-28T19:51:21.254+0200: 102269,430: [ParNew: 288353K->8827K(314560K), 0,0115200 secs] 373776K->95195K(1013632K), 0,0116330 secs] [Times: user=0,09 sys=0,00, real=0,02 secs] 
2015-08-28T19:52:19.660+0200: 102327,837: [GC2015-08-28T19:52:19.660+0200: 102327,837: [ParNew: 288443K->9694K(314560K), 0,0112990 secs] 374811K->97000K(1013632K), 0,0114150 secs] [Times: user=0,06 sys=0,01, real=0,01 secs] 
2015-08-28T19:53:18.105+0200: 102386,281: [GC2015-08-28T19:53:18.105+0200: 102386,281: [ParNew: 289310K->9104K(314560K), 0,0111510 secs] 376616K->97347K(1013632K), 0,0112680 secs] [Times: user=0,07 sys=0,00, real=0,00 secs] 
2015-08-28T19:54:16.917+0200: 102445,094: [GC2015-08-28T19:54:16.917+0200: 102445,094: [ParNew: 288720K->10009K(314560K), 0,0110960 secs] 376963K->99269K(1013632K), 0,0112360 secs] [Times: user=0,08 sys=0,00, real=0,01 secs] 
2015-08-28T19:55:15.480+0200: 102503,657: [GC2015-08-28T19:55:15.480+0200: 102503,657: [ParNew: 289625K->8508K(314560K), 0,0115010 secs] 378885K->98804K(1013632K), 0,0116210 secs] [Times: user=0,08 sys=0,00, real=0,01 secs] 
2015-08-28T19:56:14.545+0200: 102562,722: [GC2015-08-28T19:56:14.545+0200: 102562,722: [ParNew: 288124K->6974K(314560K), 0,0108190 secs] 378420K->98210K(1013632K), 0,0109320 secs] [Times: user=0,07 sys=0,00, real=0,00 secs] 
2015-08-28T19:57:13.788+0200: 102621,965: [GC2015-08-28T19:57:13.788+0200: 102621,965: [ParNew: 286590K->8780K(314560K), 0,0105600 secs] 377826K->100965K(1013632K), 0,0106880 secs] [Times: user=0,07 sys=0,00, real=0,01 secs] 
2015-08-28T19:58:12.660+0200: 102680,837: [GC2015-08-28T19:58:12.660+0200: 102680,837: [ParNew: 288396K->8759K(314560K), 0,0116310 secs] 380581K->101907K(1013632K), 0,0117530 secs] [Times: user=0,08 sys=0,00, real=0,01 secs] 
2015-08-28T19:59:11.219+0200: 102739,395: [GC2015-08-28T19:59:11.219+0200: 102739,395: [ParNew: 288375K->9556K(314560K), 0,0123120 secs] 381523K->103644K(1013632K), 0,0124470 secs] [Times: user=0,09 sys=0,00, real=0,01 secs] 
2015-08-28T20:00:10.010+0200: 102798,187: [GC2015-08-28T20:00:10.010+0200: 102798,187: [ParNew: 289172K->9695K(314560K), 0,0150800 secs] 383260K->104717K(1013632K), 0,0151750 secs] [Times: user=0,11 sys=0,00, real=0,02 secs] 
2015-08-28T20:01:08.841+0200: 102857,017: [GC2015-08-28T20:01:08.841+0200: 102857,017: [ParNew: 289311K->8328K(314560K), 0,0135020 secs] 384333K->104300K(1013632K), 0,0136140 secs] [Times: user=0,09 sys=0,00, real=0,01 secs] 
2015-08-28T20:02:07.405+0200: 102915,582: [GC2015-08-28T20:02:07.405+0200: 102915,582: [ParNew: 287944K->9991K(314560K), 0,0114230 secs] 383916K->106954K(1013632K), 0,0115360 secs] [Times: user=0,08 sys=0,00, real=0,01 secs] 
2015-08-28T20:03:05.968+0200: 102974,145: [GC2015-08-28T20:03:05.968+0200: 102974,145: [ParNew: 289607K->10090K(314560K), 0,0119080 secs] 386570K->108103K(1013632K), 0,0120310 secs] [Times: user=0,10 sys=0,00, real=0,01 secs] 
2015-08-28T20:04:04.532+0200: 103032,708: [GC2015-08-28T20:04:04.532+0200: 103032,708: [ParNew: 289706K->8536K(314560K), 0,0142200 secs] 387719K->107576K(1013632K), 0,0143460 secs] [Times: user=0,11 sys=0,00, real=0,02 secs] 
2015-08-28T20:05:03.105+0200: 103091,281: [GC2015-08-28T20:05:03.105+0200: 103091,282: [ParNew: 288152K->7763K(314560K), 0,0100030 secs] 387192K->107758K(1013632K), 0,0101210 secs] [Times: user=0,07 sys=0,00, real=0,00 secs] 
2015-08-28T20:06:02.150+0200: 103150,326: [GC2015-08-28T20:06:02.150+0200: 103150,326: [ParNew: 287379K->7350K(314560K), 0,0098650 secs] 387374K->108286K(1013632K), 0,0099650 secs] [Times: user=0,06 sys=0,00, real=0,01 secs] 
2015-08-28T20:07:00.710+0200: 103208,887: [GC2015-08-28T20:07:00.710+0200: 103208,887: [ParNew: 286966K->8792K(314560K), 0,0101850 secs] 387902K->110683K(1013632K), 0,0102970 secs] [Times: user=0,08 sys=0,00, real=0,01 secs] 
2015-08-28T20:07:59.772+0200: 103267,949: [GC2015-08-28T20:07:59.772+0200: 103267,949: [ParNew: 288408K->9611K(314560K), 0,0123490 secs] 390299K->112458K(1013632K), 0,0124890 secs] [Times: user=0,08 sys=0,00, real=0,02 secs] 
2015-08-28T20:08:58.335+0200: 103326,512: [GC2015-08-28T20:08:58.335+0200: 103326,512: [ParNew: 289227K->9740K(314560K), 0,0119420 secs] 392074K->113527K(1013632K), 0,0120630 secs] [Times: user=0,09 sys=0,00, real=0,02 secs] 
2015-08-28T20:09:56.901+0200: 103385,078: [GC2015-08-28T20:09:56.901+0200: 103385,078: [ParNew: 289356K->9136K(314560K), 0,0114480 secs] 393143K->113863K(1013632K), 0,0115700 secs] [Times: user=0,08 sys=0,00, real=0,01 secs] 
2015-08-28T20:10:55.966+0200: 103444,142: [GC2015-08-28T20:10:55.966+0200: 103444,142: [ParNew: 288752K->9278K(314560K), 0,0110460 secs] 393479K->115034K(1013632K), 0,0111510 secs] [Times: user=0,10 sys=0,00, real=0,01 secs] 
2015-08-28T20:11:54.474+0200: 103502,650: [GC2015-08-28T20:11:54.474+0200: 103502,650: [ParNew: 288894K->10110K(314560K), 0,0116520 secs] 394650K->116898K(1013632K), 0,0118030 secs] [Times: user=0,09 sys=0,00, real=0,02 secs] 
2015-08-28T20:12:53.105+0200: 103561,281: [GC2015-08-28T20:12:53.105+0200: 103561,282: [ParNew: 289726K->9360K(314560K), 0,0118920 secs] 396514K->117094K(1013632K), 0,0120070 secs] [Times: user=0,07 sys=0,01, real=0,01 secs] 
2015-08-28T20:13:51.618+0200: 103619,795: [GC2015-08-28T20:13:51.618+0200: 103619,795: [ParNew: 288976K->9554K(314560K), 0,0112150 secs] 396710K->118247K(1013632K), 0,0113220 secs] [Times: user=0,10 sys=0,00, real=0,01 secs] 
2015-08-28T20:14:50.179+0200: 103678,356: [GC2015-08-28T20:14:50.179+0200: 103678,356: [ParNew: 289170K->8764K(314560K), 0,0105260 secs] 397863K->118414K(1013632K), 0,0106420 secs] [Times: user=0,10 sys=0,00, real=0,01 secs] 
2015-08-28T20:15:48.742+0200: 103736,918: [GC2015-08-28T20:15:48.742+0200: 103736,918: [ParNew: 288380K->8088K(314560K), 0,0105640 secs] 398030K->118688K(1013632K), 0,0106890 secs] [Times: user=0,08 sys=0,00, real=0,01 secs] 
2015-08-28T20:16:47.808+0200: 103795,984: [GC2015-08-28T20:16:47.808+0200: 103795,985: [ParNew: 287704K->8930K(314560K), 0,0106370 secs] 398304K->120487K(1013632K), 0,0107660 secs] [Times: user=0,10 sys=0,00, real=0,01 secs] 
2015-08-28T20:17:46.720+0200: 103854,896: [GC2015-08-28T20:17:46.720+0200: 103854,896: [ParNew: 288546K->9822K(314560K), 0,0132080 secs] 400103K->122336K(1013632K), 0,0133150 secs] [Times: user=0,11 sys=0,00, real=0,01 secs] 
2015-08-28T20:18:45.417+0200: 103913,594: [GC2015-08-28T20:18:45.417+0200: 103913,594: [ParNew: 289438K->9972K(314560K), 0,0122540 secs] 401952K->123458K(1013632K), 0,0123720 secs] [Times: user=0,09 sys=0,00, real=0,01 secs] 
2015-08-28T20:19:44.603+0200: 103972,779: [GC2015-08-28T20:19:44.603+0200: 103972,780: [ParNew: 289588K->9323K(314560K), 0,0120270 secs] 403074K->123841K(1013632K), 0,0121520 secs] [Times: user=0,09 sys=0,00, real=0,01 secs] 
2015-08-28T20:20:43.032+0200: 104031,209: [GC2015-08-28T20:20:43.032+0200: 104031,209: [ParNew: 288939K->10140K(314560K), 0,0141130 secs] 403457K->125685K(1013632K), 0,0142040 secs] [Times: user=0,09 sys=0,00, real=0,02 secs] 
2015-08-28T20:21:42.101+0200: 104090,278: [GC2015-08-28T20:21:42.101+0200: 104090,278: [ParNew: 289756K->8584K(314560K), 0,0095020 secs] 405301K->125077K(1013632K), 0,0095950 secs] [Times: user=0,06 sys=0,00, real=0,01 secs] 
2015-08-28T20:22:40.664+0200: 104148,840: [GC2015-08-28T20:22:40.664+0200: 104148,840: [ParNew: 288200K->9612K(314560K), 0,0114930 secs] 404693K->127070K(1013632K), 0,0116190 secs] [Times: user=0,09 sys=0,00, real=0,01 secs] 
2015-08-28T20:23:39.628+0200: 104207,804: [GC2015-08-28T20:23:39.628+0200: 104207,804: [ParNew: 289228K->9559K(314560K), 0,0115270 secs] 406686K->127984K(1013632K), 0,0116430 secs] [Times: user=0,09 sys=0,00, real=0,01 secs] 
2015-08-28T20:24:38.105+0200: 104266,281: [GC2015-08-28T20:24:38.105+0200: 104266,281: [ParNew: 289175K->10379K(314560K), 0,0200390 secs] 407600K->129763K(1013632K), 0,0201400 secs] [Times: user=0,14 sys=0,00, real=0,02 secs] 
2015-08-28T20:25:36.836+0200: 104325,013: [GC2015-08-28T20:25:36.836+0200: 104325,013: [ParNew: 289995K->7487K(314560K), 0,0113760 secs] 409379K->127821K(1013632K), 0,0114970 secs] [Times: user=0,08 sys=0,00, real=0,02 secs] 
2015-08-28T20:26:35.397+0200: 104383,574: [GC2015-08-28T20:26:35.397+0200: 104383,574: [ParNew: 287103K->9658K(314560K), 0,0116660 secs] 407437K->130927K(1013632K), 0,0117830 secs] [Times: user=0,10 sys=0,00, real=0,01 secs] 
2015-08-28T20:27:33.837+0200: 104442,013: [GC2015-08-28T20:27:33.837+0200: 104442,013: [ParNew: 289274K->12088K(314560K), 0,0114880 secs] 410543K->134380K(1013632K), 0,0116010 secs] [Times: user=0,08 sys=0,01, real=0,01 secs] 
2015-08-28T20:28:32.760+0200: 104500,937: [GC2015-08-28T20:28:32.760+0200: 104500,937: [ParNew: 291704K->8262K(314560K), 0,0125950 secs] 413996K->131590K(1013632K), 0,0127090 secs] [Times: user=0,07 sys=0,00, real=0,01 secs] 
2015-08-28T20:29:31.937+0200: 104560,114: [GC2015-08-28T20:29:31.937+0200: 104560,114: [ParNew: 287878K->7374K(314560K), 0,0105290 secs] 411206K->131661K(1013632K), 0,0106430 secs] [Times: user=0,07 sys=0,00, real=0,01 secs] 
2015-08-28T20:30:30.616+0200: 104618,792: [GC2015-08-28T20:30:30.616+0200: 104618,792: [ParNew: 286990K->7000K(314560K), 0,0105080 secs] 411277K->132240K(1013632K), 0,0106290 secs] [Times: user=0,08 sys=0,00, real=0,02 secs] 
2015-08-28T20:31:29.178+0200: 104677,355: [GC2015-08-28T20:31:29.178+0200: 104677,355: [ParNew: 286616K->6138K(314560K), 0,0097760 secs] 411856K->132326K(1013632K), 0,0099730 secs] [Times: user=0,07 sys=0,00, real=0,01 secs] 
2015-08-28T20:32:27.740+0200: 104735,916: [GC2015-08-28T20:32:27.740+0200: 104735,917: [ParNew: 285754K->6445K(314560K), 0,0119590 secs] 411942K->133593K(1013632K), 0,0120920 secs] [Times: user=0,07 sys=0,00, real=0,01 secs] 
2015-08-28T20:33:26.504+0200: 104794,681: [GC2015-08-28T20:33:26.504+0200: 104794,681: [ParNew: 286061K->6091K(314560K), 0,0109290 secs] 413209K->134331K(1013632K), 0,0110410 secs] [Times: user=0,05 sys=0,00, real=0,01 secs] 
2015-08-28T20:34:25.353+0200: 104853,530: [GC2015-08-28T20:34:25.353+0200: 104853,530: [ParNew: 285707K->4318K(314560K), 0,0072050 secs] 413947K->133051K(1013632K), 0,0073110 secs] [Times: user=0,05 sys=0,00, real=0,01 secs] 
2015-08-28T20:35:23.911+0200: 104912,087: [GC2015-08-28T20:35:23.911+0200: 104912,087: [ParNew: 283934K->4732K(314560K), 0,0072450 secs] 412667K->133993K(1013632K), 0,0074050 secs] [Times: user=0,06 sys=0,00, real=0,01 secs] 
2015-08-28T20:36:22.469+0200: 104970,646: [GC2015-08-28T20:36:22.469+0200: 104970,646: [ParNew: 284348K->5427K(314560K), 0,0065080 secs] 413609K->135248K(1013632K), 0,0066330 secs] [Times: user=0,03 sys=0,00, real=0,00 secs] 
2015-08-28T20:37:21.028+0200: 105029,204: [GC2015-08-28T20:37:21.028+0200: 105029,204: [ParNew: 285043K->4444K(314560K), 0,0136510 secs] 414864K->134931K(1013632K), 0,0137740 secs] [Times: user=0,10 sys=0,00, real=0,01 secs] 
2015-08-28T20:38:19.565+0200: 105087,741: [GC2015-08-28T20:38:19.565+0200: 105087,741: [ParNew: 284060K->5686K(314560K), 0,0068220 secs] 414547K->136285K(1013632K), 0,0069250 secs] [Times: user=0,03 sys=0,01, real=0,00 secs] 
2015-08-28T20:39:18.105+0200: 105146,281: [GC2015-08-28T20:39:18.105+0200: 105146,281: [ParNew: 285302K->7129K(314560K), 0,0080430 secs] 415901K->137937K(1013632K), 0,0081520 secs] [Times: user=0,05 sys=0,01, real=0,00 secs] 
2015-08-28T20:40:17.195+0200: 105205,371: [GC2015-08-28T20:40:17.195+0200: 105205,371: [ParNew: 286745K->8614K(314560K), 0,0092710 secs] 417553K->139874K(1013632K), 0,0094320 secs] [Times: user=0,07 sys=0,00, real=0,02 secs] 
2015-08-28T20:41:15.760+0200: 105263,936: [GC2015-08-28T20:41:15.760+0200: 105263,936: [ParNew: 288230K->7137K(314560K), 0,0097500 secs] 419490K->138956K(1013632K), 0,0098480 secs] [Times: user=0,08 sys=0,00, real=0,01 secs] 
2015-08-28T20:42:14.320+0200: 105322,496: [GC2015-08-28T20:42:14.320+0200: 105322,496: [ParNew: 286753K->9309K(314560K), 0,0125530 secs] 418572K->141787K(1013632K), 0,0126710 secs] [Times: user=0,09 sys=0,00, real=0,01 secs] 
2015-08-28T20:43:12.847+0200: 105381,023: [GC2015-08-28T20:43:12.847+0200: 105381,023: [ParNew: 288925K->10015K(314560K), 0,0136020 secs] 421403K->143337K(1013632K), 0,0137160 secs] [Times: user=0,08 sys=0,00, real=0,01 secs] 
2015-08-28T20:44:11.434+0200: 105439,611: [GC2015-08-28T20:44:11.434+0200: 105439,611: [ParNew: 289631K->9850K(314560K), 0,0113900 secs] 422953K->144170K(1013632K), 0,0115130 secs] [Times: user=0,10 sys=0,00, real=0,02 secs] 
2015-08-28T20:45:10.501+0200: 105498,677: [GC2015-08-28T20:45:10.501+0200: 105498,677: [ParNew: 289466K->10064K(314560K), 0,0113600 secs] 423786K->145413K(1013632K), 0,0114700 secs] [Times: user=0,08 sys=0,01, real=0,01 secs] 
2015-08-28T20:46:09.564+0200: 105557,740: [GC2015-08-28T20:46:09.564+0200: 105557,740: [ParNew: 289680K->8585K(314560K), 0,0113540 secs] 425029K->144888K(1013632K), 0,0114630 secs] [Times: user=0,08 sys=0,00, real=0,01 secs] 
2015-08-28T20:47:08.105+0200: 105616,281: [GC2015-08-28T20:47:08.105+0200: 105616,281: [ParNew: 288201K->8116K(314560K), 0,0096170 secs] 424504K->145372K(1013632K), 0,0097290 secs] [Times: user=0,07 sys=0,00, real=0,00 secs] 
2015-08-28T20:48:06.676+0200: 105674,853: [GC2015-08-28T20:48:06.676+0200: 105674,853: [ParNew: 287732K->8811K(314560K), 0,0115160 secs] 424988K->147001K(1013632K), 0,0116510 secs] [Times: user=0,08 sys=0,01, real=0,02 secs] 
2015-08-28T20:49:05.741+0200: 105733,917: [GC2015-08-28T20:49:05.741+0200: 105733,917: [ParNew: 288427K->7423K(314560K), 0,0122930 secs] 426617K->146572K(1013632K), 0,0124030 secs] [Times: user=0,09 sys=0,00, real=0,01 secs] 
2015-08-28T20:50:04.306+0200: 105792,483: [GC2015-08-28T20:50:04.306+0200: 105792,483: [ParNew: 287039K->10524K(314560K), 0,0126310 secs] 426188K->150646K(1013632K), 0,0127500 secs] [Times: user=0,08 sys=0,00, real=0,01 secs] 
2015-08-28T20:51:03.105+0200: 105851,281: [GC2015-08-28T20:51:03.105+0200: 105851,281: [ParNew: 290140K->8053K(314560K), 0,0087950 secs] 430262K->149137K(1013632K), 0,0088960 secs] [Times: user=0,07 sys=0,00, real=0,00 secs] 
2015-08-28T20:52:01.922+0200: 105910,098: [GC2015-08-28T20:52:01.922+0200: 105910,098: [ParNew: 287669K->8359K(314560K), 0,0115480 secs] 428753K->150440K(1013632K), 0,0116670 secs] [Times: user=0,09 sys=0,00, real=0,01 secs] 
2015-08-28T20:53:00.986+0200: 105969,162: [GC2015-08-28T20:53:00.986+0200: 105969,162: [ParNew: 287975K->9818K(314560K), 0,0128350 secs] 430056K->152933K(1013632K), 0,0129470 secs] [Times: user=0,09 sys=0,00, real=0,01 secs] 
2015-08-28T20:54:00.054+0200: 106028,231: [GC2015-08-28T20:54:00.054+0200: 106028,231: [ParNew: 289434K->9245K(314560K), 0,0118950 secs] 432549K->153392K(1013632K), 0,0120020 secs] [Times: user=0,08 sys=0,00, real=0,02 secs] 
2015-08-28T20:54:59.319+0200: 106087,496: [GC2015-08-28T20:54:59.320+0200: 106087,496: [ParNew: 288861K->7769K(314560K), 0,0109170 secs] 433008K->152869K(1013632K), 0,0110430 secs] [Times: user=0,10 sys=0,00, real=0,01 secs] 
2015-08-28T20:55:58.105+0200: 106146,281: [GC2015-08-28T20:55:58.105+0200: 106146,282: [ParNew: 287385K->8846K(314560K), 0,0093190 secs] 432485K->154892K(1013632K), 0,0094530 secs] [Times: user=0,07 sys=0,00, real=0,00 secs] 
2015-08-28T20:56:57.223+0200: 106205,399: [GC2015-08-28T20:56:57.223+0200: 106205,399: [ParNew: 288462K->9577K(314560K), 0,0110900 secs] 434508K->156570K(1013632K), 0,0112030 secs] [Times: user=0,10 sys=0,00, real=0,01 secs] 
2015-08-28T20:57:56.396+0200: 106264,573: [GC2015-08-28T20:57:56.396+0200: 106264,573: [ParNew: 289193K->9700K(314560K), 0,0109240 secs] 436186K->157637K(1013632K), 0,0110570 secs] [Times: user=0,07 sys=0,00, real=0,01 secs] 
2015-08-28T20:58:55.631+0200: 106323,807: [GC2015-08-28T20:58:55.631+0200: 106323,807: [ParNew: 289316K->9861K(314560K), 0,0117790 secs] 437253K->158746K(1013632K), 0,0118860 secs] [Times: user=0,09 sys=0,00, real=0,01 secs] 
2015-08-28T20:59:54.490+0200: 106382,666: [GC2015-08-28T20:59:54.490+0200: 106382,666: [ParNew: 289477K->9252K(314560K), 0,0142890 secs] 438362K->159109K(1013632K), 0,0143940 secs] [Times: user=0,11 sys=0,00, real=0,01 secs] 
2015-08-28T21:00:53.200+0200: 106441,376: [GC2015-08-28T21:00:53.200+0200: 106441,377: [ParNew: 288868K->10148K(314560K), 0,0124520 secs] 438725K->161035K(1013632K), 0,0125660 secs] [Times: user=0,10 sys=0,00, real=0,01 secs] 
2015-08-28T21:01:52.497+0200: 106500,673: [GC2015-08-28T21:01:52.497+0200: 106500,673: [ParNew: 289764K->8620K(314560K), 0,0109350 secs] 440651K->160555K(1013632K), 0,0110550 secs] [Times: user=0,08 sys=0,00, real=0,01 secs] 
2015-08-28T21:02:51.735+0200: 106559,912: [GC2015-08-28T21:02:51.735+0200: 106559,912: [ParNew: 288236K->9399K(314560K), 0,0114750 secs] 440171K->162297K(1013632K), 0,0115990 secs] [Times: user=0,08 sys=0,00, real=0,02 secs] 
2015-08-28T21:03:50.669+0200: 106618,846: [GC2015-08-28T21:03:50.669+0200: 106618,846: [ParNew: 289015K->9596K(314560K), 0,0096510 secs] 441913K->163460K(1013632K), 0,0097620 secs] [Times: user=0,07 sys=0,00, real=0,01 secs] 
2015-08-28T21:04:49.667+0200: 106677,844: [GC2015-08-28T21:04:49.667+0200: 106677,844: [ParNew: 289212K->7340K(314560K), 0,0110080 secs] 443076K->162166K(1013632K), 0,0111240 secs] [Times: user=0,09 sys=0,00, real=0,01 secs] 
2015-08-28T21:05:48.732+0200: 106736,909: [GC2015-08-28T21:05:48.732+0200: 106736,909: [ParNew: 286956K->8875K(314560K), 0,0117530 secs] 441782K->164659K(1013632K), 0,0118640 secs] [Times: user=0,07 sys=0,00, real=0,01 secs] 
2015-08-28T21:06:47.847+0200: 106796,023: [GC2015-08-28T21:06:47.847+0200: 106796,023: [ParNew: 288491K->9738K(314560K), 0,0128930 secs] 444275K->166467K(1013632K), 0,0130110 secs] [Times: user=0,08 sys=0,00, real=0,01 secs] 
2015-08-28T21:07:46.838+0200: 106855,014: [GC2015-08-28T21:07:46.838+0200: 106855,014: [ParNew: 289354K->9883K(314560K), 0,0105080 secs] 446083K->167561K(1013632K), 0,0106150 secs] [Times: user=0,08 sys=0,00, real=0,01 secs] 
2015-08-28T21:08:45.900+0200: 106914,076: [GC2015-08-28T21:08:45.900+0200: 106914,076: [ParNew: 289499K->10030K(314560K), 0,0117410 secs] 447177K->168706K(1013632K), 0,0118430 secs] [Times: user=0,08 sys=0,00, real=0,01 secs] 
2015-08-28T21:09:44.939+0200: 106973,116: [GC2015-08-28T21:09:44.939+0200: 106973,116: [ParNew: 289646K->9340K(314560K), 0,0125920 secs] 448322K->169061K(1013632K), 0,0127070 secs] [Times: user=0,08 sys=0,00, real=0,01 secs] 
2015-08-28T21:10:44.021+0200: 107032,197: [GC2015-08-28T21:10:44.021+0200: 107032,197: [ParNew: 288956K->10160K(314560K), 0,0144540 secs] 448677K->170917K(1013632K), 0,0145930 secs] [Times: user=0,09 sys=0,00, real=0,01 secs] 
2015-08-28T21:11:43.034+0200: 107091,211: [GC2015-08-28T21:11:43.035+0200: 107091,211: [ParNew: 289776K->7829K(314560K), 0,0106200 secs] 450533K->169546K(1013632K), 0,0107380 secs] [Times: user=0,09 sys=0,00, real=0,02 secs] 
2015-08-28T21:12:42.133+0200: 107150,309: [GC2015-08-28T21:12:42.133+0200: 107150,309: [ParNew: 287445K->9633K(314560K), 0,0104720 secs] 449162K->172302K(1013632K), 0,0105580 secs] [Times: user=0,06 sys=0,00, real=0,01 secs] 
2015-08-28T21:13:40.694+0200: 107208,871: [GC2015-08-28T21:13:40.694+0200: 107208,871: [ParNew: 289249K->10350K(314560K), 0,0122960 secs] 451918K->173974K(1013632K), 0,0124140 secs] [Times: user=0,09 sys=0,00, real=0,02 secs] 
2015-08-28T21:14:39.759+0200: 107267,935: [GC2015-08-28T21:14:39.759+0200: 107267,935: [ParNew: 289966K->7451K(314560K), 0,0111090 secs] 453590K->172027K(1013632K), 0,0112130 secs] [Times: user=0,08 sys=0,00, real=0,01 secs] 
2015-08-28T21:15:38.722+0200: 107326,899: [GC2015-08-28T21:15:38.722+0200: 107326,899: [ParNew: 287067K->10290K(314560K), 0,0118090 secs] 451643K->175837K(1013632K), 0,0119240 secs] [Times: user=0,09 sys=0,00, real=0,01 secs] 
2015-08-28T21:16:38.015+0200: 107386,191: [GC2015-08-28T21:16:38.015+0200: 107386,191: [ParNew: 289906K->8263K(314560K), 0,0129360 secs] 455453K->174764K(1013632K), 0,0130320 secs] [Times: user=0,08 sys=0,00, real=0,02 secs] 
2015-08-28T21:17:37.155+0200: 107445,332: [GC2015-08-28T21:17:37.155+0200: 107445,332: [ParNew: 287879K->9071K(314560K), 0,0110890 secs] 454380K->176600K(1013632K), 0,0112120 secs] [Times: user=0,09 sys=0,00, real=0,02 secs] 
2015-08-28T21:18:36.480+0200: 107504,657: [GC2015-08-28T21:18:36.481+0200: 107504,657: [ParNew: 288687K->9889K(314560K), 0,0120840 secs] 456216K->178467K(1013632K), 0,0121920 secs] [Times: user=0,08 sys=0,00, real=0,01 secs] 
2015-08-28T21:19:35.042+0200: 107563,218: [GC2015-08-28T21:19:35.042+0200: 107563,219: [ParNew: 289505K->10085K(314560K), 0,0137920 secs] 458083K->179612K(1013632K), 0,0139070 secs] [Times: user=0,07 sys=0,00, real=0,01 secs] 
2015-08-28T21:20:34.359+0200: 107622,535: [GC2015-08-28T21:20:34.359+0200: 107622,535: [ParNew: 289701K->7420K(314560K), 0,0113810 secs] 459228K->177898K(1013632K), 0,0114970 secs] [Times: user=0,09 sys=0,00, real=0,01 secs] 
2015-08-28T21:21:33.105+0200: 107681,281: [GC2015-08-28T21:21:33.105+0200: 107681,282: [ParNew: 287036K->9292K(314560K), 0,0126750 secs] 457514K->180716K(1013632K), 0,0127830 secs] [Times: user=0,08 sys=0,00, real=0,01 secs] 
2015-08-28T21:22:32.217+0200: 107740,394: [GC2015-08-28T21:22:32.217+0200: 107740,394: [ParNew: 288908K->8657K(314560K), 0,0105750 secs] 460332K->181033K(1013632K), 0,0106990 secs] [Times: user=0,08 sys=0,00, real=0,01 secs] 
2015-08-28T21:23:31.278+0200: 107799,454: [GC2015-08-28T21:23:31.278+0200: 107799,454: [ParNew: 288273K->9672K(314560K), 0,0112730 secs] 460649K->183021K(1013632K), 0,0113890 secs] [Times: user=0,09 sys=0,00, real=0,01 secs] 
2015-08-28T21:24:30.340+0200: 107858,517: [GC2015-08-28T21:24:30.340+0200: 107858,517: [ParNew: 289288K->9071K(314560K), 0,0106910 secs] 462637K->183370K(1013632K), 0,0108060 secs] [Times: user=0,08 sys=0,00, real=0,01 secs] 
2015-08-28T21:25:29.400+0200: 107917,577: [GC2015-08-28T21:25:29.401+0200: 107917,577: [ParNew: 288687K->8426K(314560K), 0,0124510 secs] 462986K->183701K(1013632K), 0,0125760 secs] [Times: user=0,07 sys=0,01, real=0,01 secs] 
2015-08-28T21:26:28.105+0200: 107976,281: [GC2015-08-28T21:26:28.105+0200: 107976,281: [ParNew: 288042K->10076K(314560K), 0,0114280 secs] 463317K->186395K(1013632K), 0,0115480 secs] [Times: user=0,06 sys=0,00, real=0,01 secs] 
2015-08-28T21:27:26.591+0200: 108034,768: [GC2015-08-28T21:27:26.591+0200: 108034,768: [ParNew: 289692K->10878K(314560K), 0,0110380 secs] 466011K->188228K(1013632K), 0,0111560 secs] [Times: user=0,08 sys=0,00, real=0,01 secs] 
2015-08-28T21:28:25.735+0200: 108093,911: [GC2015-08-28T21:28:25.735+0200: 108093,911: [ParNew: 290494K->8472K(314560K), 0,0112450 secs] 467844K->186776K(1013632K), 0,0113610 secs] [Times: user=0,09 sys=0,00, real=0,02 secs] 
2015-08-28T21:29:25.124+0200: 108153,300: [GC2015-08-28T21:29:25.124+0200: 108153,300: [ParNew: 288088K->7843K(314560K), 0,0111050 secs] 466392K->187100K(1013632K), 0,0112210 secs] [Times: user=0,10 sys=0,00, real=0,01 secs] 
2015-08-28T21:30:23.688+0200: 108211,864: [GC2015-08-28T21:30:23.688+0200: 108211,864: [ParNew: 287459K->9486K(314560K), 0,0116060 secs] 466716K->189683K(1013632K), 0,0117290 secs] [Times: user=0,08 sys=0,00, real=0,01 secs] 
2015-08-28T21:31:22.252+0200: 108270,428: [GC2015-08-28T21:31:22.252+0200: 108270,429: [ParNew: 289102K->7178K(314560K), 0,0126880 secs] 469299K->188335K(1013632K), 0,0128080 secs] [Times: user=0,10 sys=0,00, real=0,02 secs] 
2015-08-28T21:32:21.314+0200: 108329,490: [GC2015-08-28T21:32:21.314+0200: 108329,490: [ParNew: 286794K->6715K(314560K), 0,0097640 secs] 467951K->188822K(1013632K), 0,0098710 secs] [Times: user=0,07 sys=0,00, real=0,01 secs] 
2015-08-28T21:33:20.678+0200: 108388,855: [GC2015-08-28T21:33:20.678+0200: 108388,855: [ParNew: 286331K->5135K(314560K), 0,0112730 secs] 468438K->188318K(1013632K), 0,0113870 secs] [Times: user=0,09 sys=0,00, real=0,01 secs] 
2015-08-28T21:34:19.913+0200: 108448,089: [GC2015-08-28T21:34:19.913+0200: 108448,089: [ParNew: 284751K->4678K(314560K), 0,0072070 secs] 467934K->188524K(1013632K), 0,0073360 secs] [Times: user=0,05 sys=0,00, real=0,01 secs] 
2015-08-28T21:35:18.980+0200: 108507,156: [GC2015-08-28T21:35:18.980+0200: 108507,156: [ParNew: 284294K->4695K(314560K), 0,0080920 secs] 468140K->189125K(1013632K), 0,0082040 secs] [Times: user=0,06 sys=0,00, real=0,01 secs] 
2015-08-28T21:36:17.847+0200: 108566,023: [GC2015-08-28T21:36:17.847+0200: 108566,023: [ParNew: 284311K->4977K(314560K), 0,0082710 secs] 468741K->189943K(1013632K), 0,0083860 secs] [Times: user=0,04 sys=0,00, real=0,00 secs] 
2015-08-28T21:37:16.589+0200: 108624,766: [GC2015-08-28T21:37:16.589+0200: 108624,766: [ParNew: 284593K->3958K(314560K), 0,0071560 secs] 469559K->189501K(1013632K), 0,0072720 secs] [Times: user=0,04 sys=0,01, real=0,01 secs] 
2015-08-28T21:38:15.874+0200: 108684,050: [GC2015-08-28T21:38:15.874+0200: 108684,050: [ParNew: 283574K->5525K(314560K), 0,0067600 secs] 469117K->191192K(1013632K), 0,0068800 secs] [Times: user=0,04 sys=0,00, real=0,01 secs] 
2015-08-28T21:39:15.102+0200: 108743,279: [GC2015-08-28T21:39:15.102+0200: 108743,279: [ParNew: 285141K->6407K(314560K), 0,0082850 secs] 470808K->192300K(1013632K), 0,0084110 secs] [Times: user=0,05 sys=0,00, real=0,01 secs] 
2015-08-28T21:40:14.255+0200: 108802,432: [GC2015-08-28T21:40:14.255+0200: 108802,432: [ParNew: 286023K->8926K(314560K), 0,0088920 secs] 471916K->195305K(1013632K), 0,0090030 secs] [Times: user=0,07 sys=0,00, real=0,01 secs] 
2015-08-28T21:41:13.105+0200: 108861,281: [GC2015-08-28T21:41:13.105+0200: 108861,282: [ParNew: 288542K->7727K(314560K), 0,0102780 secs] 474921K->194651K(1013632K), 0,0104020 secs] [Times: user=0,06 sys=0,00, real=0,00 secs] 
2015-08-28T21:42:12.272+0200: 108920,449: [GC2015-08-28T21:42:12.272+0200: 108920,449: [ParNew: 287343K->9536K(314560K), 0,0108990 secs] 474267K->197143K(1013632K), 0,0110200 secs] [Times: user=0,08 sys=0,00, real=0,01 secs] 
2015-08-28T21:43:11.430+0200: 108979,607: [GC2015-08-28T21:43:11.431+0200: 108979,607: [ParNew: 289152K->8022K(314560K), 0,0114280 secs] 476759K->196587K(1013632K), 0,0115530 secs] [Times: user=0,08 sys=0,00, real=0,01 secs] 
2015-08-28T21:44:10.421+0200: 109038,597: [GC2015-08-28T21:44:10.421+0200: 109038,598: [ParNew: 287638K->9875K(314560K), 0,0124470 secs] 476203K->199475K(1013632K), 0,0125580 secs] [Times: user=0,08 sys=0,00, real=0,01 secs] 
2015-08-28T21:45:09.549+0200: 109097,725: [GC2015-08-28T21:45:09.549+0200: 109097,725: [ParNew: 289491K->9970K(314560K), 0,0116680 secs] 479091K->200490K(1013632K), 0,0117810 secs] [Times: user=0,08 sys=0,01, real=0,01 secs] 
2015-08-28T21:46:08.515+0200: 109156,691: [GC2015-08-28T21:46:08.515+0200: 109156,691: [ParNew: 289586K->7397K(314560K), 0,0107660 secs] 480106K->198857K(1013632K), 0,0108800 secs] [Times: user=0,09 sys=0,00, real=0,02 secs] 
2015-08-28T21:47:07.564+0200: 109215,741: [GC2015-08-28T21:47:07.564+0200: 109215,741: [ParNew: 287013K->9967K(314560K), 0,0107610 secs] 478473K->202371K(1013632K), 0,0108810 secs] [Times: user=0,09 sys=0,00, real=0,01 secs] 
2015-08-28T21:48:06.417+0200: 109274,594: [GC2015-08-28T21:48:06.417+0200: 109274,594: [ParNew: 289583K->8002K(314560K), 0,0113040 secs] 481987K->201336K(1013632K), 0,0114200 secs] [Times: user=0,08 sys=0,00, real=0,01 secs] 
2015-08-28T21:49:05.472+0200: 109333,649: [GC2015-08-28T21:49:05.472+0200: 109333,649: [ParNew: 287618K->8834K(314560K), 0,0133390 secs] 480952K->203113K(1013632K), 0,0134450 secs] [Times: user=0,11 sys=0,00, real=0,02 secs] 
2015-08-28T21:50:04.524+0200: 109392,700: [GC2015-08-28T21:50:04.524+0200: 109392,700: [ParNew: 288450K->8963K(314560K), 0,0132410 secs] 482729K->204184K(1013632K), 0,0133630 secs] [Times: user=0,10 sys=0,00, real=0,02 secs] 
2015-08-28T21:51:03.146+0200: 109451,322: [GC2015-08-28T21:51:03.146+0200: 109451,322: [ParNew: 288579K->10051K(314560K), 0,0113150 secs] 483800K->206327K(1013632K), 0,0114150 secs] [Times: user=0,06 sys=0,01, real=0,01 secs] 
2015-08-28T21:52:02.129+0200: 109510,306: [GC2015-08-28T21:52:02.129+0200: 109510,306: [ParNew: 289667K->8552K(314560K), 0,0106440 secs] 485943K->205859K(1013632K), 0,0107880 secs] [Times: user=0,06 sys=0,00, real=0,01 secs] 
2015-08-28T21:53:01.363+0200: 109569,540: [GC2015-08-28T21:53:01.363+0200: 109569,540: [ParNew: 288168K->8586K(314560K), 0,0106220 secs] 485475K->206839K(1013632K), 0,0107320 secs] [Times: user=0,10 sys=0,00, real=0,01 secs] 
2015-08-28T21:54:00.539+0200: 109628,716: [GC2015-08-28T21:54:00.539+0200: 109628,716: [ParNew: 288202K->8853K(314560K), 0,0137920 secs] 486455K->208074K(1013632K), 0,0139030 secs] [Times: user=0,11 sys=0,00, real=0,01 secs] 
2015-08-28T21:54:59.601+0200: 109687,778: [GC2015-08-28T21:54:59.601+0200: 109687,778: [ParNew: 288469K->8792K(314560K), 0,0107400 secs] 487690K->208964K(1013632K), 0,0108560 secs] [Times: user=0,07 sys=0,00, real=0,01 secs] 
2015-08-28T21:55:58.668+0200: 109746,844: [GC2015-08-28T21:55:58.668+0200: 109746,844: [ParNew: 288408K->8865K(314560K), 0,0125750 secs] 488580K->209997K(1013632K), 0,0126820 secs] [Times: user=0,08 sys=0,00, real=0,01 secs] 
2015-08-28T21:56:57.732+0200: 109805,908: [GC2015-08-28T21:56:57.732+0200: 109805,908: [ParNew: 288481K->8971K(314560K), 0,0112250 secs] 489613K->211043K(1013632K), 0,0113280 secs] [Times: user=0,10 sys=0,00, real=0,01 secs] 
2015-08-28T21:57:56.791+0200: 109864,967: [GC2015-08-28T21:57:56.791+0200: 109864,967: [ParNew: 288587K->9863K(314560K), 0,0108960 secs] 490659K->212898K(1013632K), 0,0110250 secs] [Times: user=0,10 sys=0,00, real=0,01 secs] 
2015-08-28T21:58:55.851+0200: 109924,027: [GC2015-08-28T21:58:55.851+0200: 109924,027: [ParNew: 289479K->9220K(314560K), 0,0121560 secs] 492514K->213252K(1013632K), 0,0122810 secs] [Times: user=0,09 sys=0,00, real=0,01 secs] 
2015-08-28T21:59:54.914+0200: 109983,091: [GC2015-08-28T21:59:54.915+0200: 109983,091: [ParNew: 288836K->10086K(314560K), 0,0163280 secs] 492868K->215150K(1013632K), 0,0164440 secs] [Times: user=0,12 sys=0,00, real=0,02 secs] 
2015-08-28T22:00:53.981+0200: 110042,158: [GC2015-08-28T22:00:53.981+0200: 110042,158: [ParNew: 289702K->7012K(314560K), 0,0113950 secs] 494766K->213021K(1013632K), 0,0115000 secs] [Times: user=0,07 sys=0,00, real=0,01 secs] 
2015-08-28T22:01:52.844+0200: 110101,021: [GC2015-08-28T22:01:52.844+0200: 110101,021: [ParNew: 286628K->8052K(314560K), 0,0109650 secs] 492637K->215012K(1013632K), 0,0110840 secs] [Times: user=0,07 sys=0,00, real=0,00 secs] 
2015-08-28T22:02:51.600+0200: 110159,776: [GC2015-08-28T22:02:51.600+0200: 110159,777: [ParNew: 287668K->9484K(314560K), 0,0110370 secs] 494628K->217394K(1013632K), 0,0111420 secs] [Times: user=0,11 sys=0,00, real=0,01 secs] 
2015-08-28T22:03:50.662+0200: 110218,839: [GC2015-08-28T22:03:50.662+0200: 110218,839: [ParNew: 289100K->8869K(314560K), 0,0122690 secs] 497010K->217728K(1013632K), 0,0123900 secs] [Times: user=0,09 sys=0,00, real=0,01 secs] 
2015-08-28T22:04:49.225+0200: 110277,402: [GC2015-08-28T22:04:49.225+0200: 110277,402: [ParNew: 288485K->9005K(314560K), 0,0121590 secs] 497344K->218830K(1013632K), 0,0122790 secs] [Times: user=0,09 sys=0,00, real=0,01 secs] 
2015-08-28T22:05:48.105+0200: 110336,281: [GC2015-08-28T22:05:48.105+0200: 110336,281: [ParNew: 288621K->10619K(314560K), 0,0117290 secs] 498446K->221399K(1013632K), 0,0118650 secs] [Times: user=0,07 sys=0,00, real=0,01 secs] 
2015-08-28T22:06:46.842+0200: 110395,018: [GC2015-08-28T22:06:46.842+0200: 110395,018: [ParNew: 290235K->7182K(314560K), 0,0176450 secs] 501015K->218912K(1013632K), 0,0177610 secs] [Times: user=0,12 sys=0,00, real=0,02 secs] 
2015-08-28T22:07:45.417+0200: 110453,593: [GC2015-08-28T22:07:45.417+0200: 110453,593: [ParNew: 286798K->9885K(314560K), 0,0113170 secs] 498528K->222668K(1013632K), 0,0114360 secs] [Times: user=0,07 sys=0,01, real=0,01 secs] 
2015-08-28T22:08:44.460+0200: 110512,637: [GC2015-08-28T22:08:44.460+0200: 110512,637: [ParNew: 289501K->9155K(314560K), 0,0106980 secs] 502284K->222998K(1013632K), 0,0108070 secs] [Times: user=0,06 sys=0,01, real=0,01 secs] 
2015-08-28T22:09:43.199+0200: 110571,375: [GC2015-08-28T22:09:43.199+0200: 110571,375: [ParNew: 288771K->10093K(314560K), 0,0159930 secs] 502614K->224896K(1013632K), 0,0160970 secs] [Times: user=0,10 sys=0,00, real=0,01 secs] 
2015-08-28T22:10:42.459+0200: 110630,636: [GC2015-08-28T22:10:42.459+0200: 110630,636: [ParNew: 289709K->6964K(314560K), 0,0106700 secs] 504512K->222707K(1013632K), 0,0107970 secs] [Times: user=0,09 sys=0,00, real=0,01 secs] 
2015-08-28T22:11:41.115+0200: 110689,292: [GC2015-08-28T22:11:41.115+0200: 110689,292: [ParNew: 286580K->9965K(314560K), 0,0126110 secs] 502323K->226655K(1013632K), 0,0127310 secs] [Times: user=0,09 sys=0,00, real=0,02 secs] 
2015-08-28T22:12:40.178+0200: 110748,355: [GC2015-08-28T22:12:40.179+0200: 110748,355: [ParNew: 289581K->7540K(314560K), 0,0116000 secs] 506271K->225181K(1013632K), 0,0117170 secs] [Times: user=0,07 sys=0,00, real=0,01 secs] 
2015-08-28T22:13:39.240+0200: 110807,416: [GC2015-08-28T22:13:39.240+0200: 110807,416: [ParNew: 287156K->8084K(314560K), 0,0117560 secs] 504797K->226691K(1013632K), 0,0119070 secs] [Times: user=0,07 sys=0,00, real=0,01 secs] 
2015-08-28T22:14:38.105+0200: 110866,281: [GC2015-08-28T22:14:38.105+0200: 110866,281: [ParNew: 287700K->8126K(314560K), 0,0115800 secs] 506307K->227694K(1013632K), 0,0116920 secs] [Times: user=0,07 sys=0,01, real=0,01 secs] 
2015-08-28T22:15:36.856+0200: 110925,032: [GC2015-08-28T22:15:36.856+0200: 110925,033: [ParNew: 287742K->9895K(314560K), 0,0110150 secs] 507310K->230454K(1013632K), 0,0111290 secs] [Times: user=0,09 sys=0,00, real=0,02 secs] 
2015-08-28T22:16:35.789+0200: 110983,965: [GC2015-08-28T22:16:35.789+0200: 110983,965: [ParNew: 289511K->10041K(314560K), 0,0104220 secs] 510070K->231627K(1013632K), 0,0105240 secs] [Times: user=0,08 sys=0,00, real=0,01 secs] 
2015-08-28T22:17:34.468+0200: 111042,645: [GC2015-08-28T22:17:34.468+0200: 111042,645: [ParNew: 289657K->9310K(314560K), 0,0117050 secs] 511243K->231828K(1013632K), 0,0118230 secs] [Times: user=0,07 sys=0,01, real=0,01 secs] 
2015-08-28T22:18:33.105+0200: 111101,281: [GC2015-08-28T22:18:33.105+0200: 111101,281: [ParNew: 288926K->8036K(314560K), 0,0117520 secs] 511444K->231506K(1013632K), 0,0118700 secs] [Times: user=0,08 sys=0,00, real=0,01 secs] 
2015-08-28T22:19:31.918+0200: 111160,095: [GC2015-08-28T22:19:31.918+0200: 111160,095: [ParNew: 287652K->9448K(314560K), 0,0112560 secs] 511122K->233879K(1013632K), 0,0113680 secs] [Times: user=0,09 sys=0,00, real=0,01 secs] 
2015-08-28T22:20:30.532+0200: 111218,709: [GC2015-08-28T22:20:30.532+0200: 111218,709: [ParNew: 289064K->10277K(314560K), 0,0127420 secs] 513495K->235647K(1013632K), 0,0128600 secs] [Times: user=0,09 sys=0,00, real=0,02 secs] 
2015-08-28T22:21:29.686+0200: 111277,862: [GC2015-08-28T22:21:29.686+0200: 111277,862: [ParNew: 289893K->8813K(314560K), 0,0139720 secs] 515263K->235149K(1013632K), 0,0140940 secs] [Times: user=0,09 sys=0,00, real=0,01 secs] 
2015-08-28T22:22:28.752+0200: 111336,929: [GC2015-08-28T22:22:28.753+0200: 111336,929: [ParNew: 288429K->10274K(314560K), 0,0109740 secs] 514765K->237555K(1013632K), 0,0111030 secs] [Times: user=0,08 sys=0,00, real=0,01 secs] 
2015-08-28T22:23:27.812+0200: 111395,988: [GC2015-08-28T22:23:27.812+0200: 111395,988: [ParNew: 289890K->9739K(314560K), 0,0109150 secs] 517171K->237972K(1013632K), 0,0110510 secs] [Times: user=0,10 sys=0,00, real=0,01 secs] 
2015-08-28T22:24:26.876+0200: 111455,053: [GC2015-08-28T22:24:26.877+0200: 111455,053: [ParNew: 289355K->8500K(314560K), 0,0116060 secs] 517588K->237768K(1013632K), 0,0117340 secs] [Times: user=0,08 sys=0,00, real=0,01 secs] 
2015-08-28T22:25:25.643+0200: 111513,819: [GC2015-08-28T22:25:25.643+0200: 111513,819: [ParNew: 288116K->8590K(314560K), 0,0119840 secs] 517384K->238911K(1013632K), 0,0121230 secs] [Times: user=0,09 sys=0,00, real=0,01 secs] 
2015-08-28T22:26:24.901+0200: 111573,077: [GC2015-08-28T22:26:24.901+0200: 111573,078: [ParNew: 288206K->8606K(314560K), 0,0109720 secs] 518527K->239872K(1013632K), 0,0110900 secs] [Times: user=0,07 sys=0,00, real=0,01 secs] 
2015-08-28T22:27:23.619+0200: 111631,796: [GC2015-08-28T22:27:23.619+0200: 111631,796: [ParNew: 288222K->10361K(314560K), 0,0118980 secs] 519488K->242594K(1013632K), 0,0120030 secs] [Times: user=0,10 sys=0,00, real=0,01 secs] 
2015-08-28T22:28:22.288+0200: 111690,465: [GC2015-08-28T22:28:22.288+0200: 111690,465: [ParNew: 289977K->9690K(314560K), 0,0128680 secs] 522210K->242880K(1013632K), 0,0129990 secs] [Times: user=0,09 sys=0,00, real=0,01 secs] 
2015-08-28T22:29:21.584+0200: 111749,761: [GC2015-08-28T22:29:21.584+0200: 111749,761: [ParNew: 289306K->8732K(314560K), 0,0116840 secs] 522496K->242866K(1013632K), 0,0118390 secs] [Times: user=0,06 sys=0,00, real=0,00 secs] 
2015-08-28T22:30:20.384+0200: 111808,561: [GC2015-08-28T22:30:20.384+0200: 111808,561: [ParNew: 288348K->10519K(314560K), 0,0136640 secs] 522482K->245624K(1013632K), 0,0137790 secs] [Times: user=0,10 sys=0,00, real=0,02 secs] 
2015-08-28T22:31:19.572+0200: 111867,749: [GC2015-08-28T22:31:19.573+0200: 111867,749: [ParNew: 290135K->7417K(314560K), 0,0109040 secs] 525240K->243478K(1013632K), 0,0110190 secs] [Times: user=0,08 sys=0,00, real=0,01 secs] 
2015-08-28T22:32:18.482+0200: 111926,659: [GC2015-08-28T22:32:18.482+0200: 111926,659: [ParNew: 287033K->6973K(314560K), 0,0096110 secs] 523094K->244041K(1013632K), 0,0097450 secs] [Times: user=0,06 sys=0,00, real=0,01 secs] 
2015-08-28T22:33:17.716+0200: 111985,892: [GC2015-08-28T22:33:17.716+0200: 111985,892: [ParNew: 286589K->5904K(314560K), 0,0127760 secs] 523657K->244170K(1013632K), 0,0128880 secs] [Times: user=0,09 sys=0,00, real=0,02 secs] 
2015-08-28T22:34:16.581+0200: 112044,758: [GC2015-08-28T22:34:16.582+0200: 112044,758: [ParNew: 285520K->4057K(314560K), 0,0070290 secs] 523786K->242912K(1013632K), 0,0071430 secs] [Times: user=0,04 sys=0,00, real=0,01 secs] 
2015-08-28T22:35:15.975+0200: 112104,151: [GC2015-08-28T22:35:15.975+0200: 112104,151: [ParNew: 283673K->4457K(314560K), 0,0072980 secs] 522528K->243800K(1013632K), 0,0074280 secs] [Times: user=0,06 sys=0,00, real=0,01 secs] 
2015-08-28T22:36:15.206+0200: 112163,382: [GC2015-08-28T22:36:15.206+0200: 112163,382: [ParNew: 284073K->4289K(314560K), 0,0071140 secs] 523416K->244193K(1013632K), 0,0072380 secs] [Times: user=0,04 sys=0,00, real=0,00 secs] 
2015-08-28T22:37:14.091+0200: 112222,267: [GC2015-08-28T22:37:14.091+0200: 112222,267: [ParNew: 283905K->4335K(314560K), 0,0069180 secs] 523809K->244819K(1013632K), 0,0070320 secs] [Times: user=0,05 sys=0,00, real=0,01 secs] 
2015-08-28T22:38:12.755+0200: 112280,932: [GC2015-08-28T22:38:12.756+0200: 112280,932: [ParNew: 283951K->6222K(314560K), 0,0077660 secs] 524435K->246825K(1013632K), 0,0079080 secs] [Times: user=0,06 sys=0,00, real=0,01 secs] 
2015-08-28T22:39:11.926+0200: 112340,102: [GC2015-08-28T22:39:11.926+0200: 112340,103: [ParNew: 285838K->6649K(314560K), 0,0086250 secs] 526441K->247478K(1013632K), 0,0087560 secs] [Times: user=0,06 sys=0,00, real=0,00 secs] 
2015-08-28T22:40:10.751+0200: 112398,928: [GC2015-08-28T22:40:10.751+0200: 112398,928: [ParNew: 286265K->8551K(314560K), 0,0096910 secs] 527094K->249866K(1013632K), 0,0097990 secs] [Times: user=0,08 sys=0,00, real=0,01 secs] 
2015-08-28T22:41:09.819+0200: 112457,996: [GC2015-08-28T22:41:09.819+0200: 112457,996: [ParNew: 288167K->8995K(314560K), 0,0138430 secs] 529482K->250945K(1013632K), 0,0139440 secs] [Times: user=0,10 sys=0,00, real=0,01 secs] 
2015-08-28T22:42:08.927+0200: 112517,104: [GC2015-08-28T22:42:08.927+0200: 112517,104: [ParNew: 288611K->9046K(314560K), 0,0101340 secs] 530561K->251719K(1013632K), 0,0102360 secs] [Times: user=0,09 sys=0,00, real=0,01 secs] 
2015-08-28T22:43:07.937+0200: 112576,114: [GC2015-08-28T22:43:07.937+0200: 112576,114: [ParNew: 288662K->8117K(314560K), 0,0108040 secs] 531335K->251633K(1013632K), 0,0109260 secs] [Times: user=0,06 sys=0,00, real=0,01 secs] 
2015-08-28T22:44:07.003+0200: 112635,179: [GC2015-08-28T22:44:07.003+0200: 112635,179: [ParNew: 287733K->9299K(314560K), 0,0107560 secs] 531249K->253718K(1013632K), 0,0108720 secs] [Times: user=0,08 sys=0,00, real=0,01 secs] 
2015-08-28T22:45:06.067+0200: 112694,243: [GC2015-08-28T22:45:06.067+0200: 112694,243: [ParNew: 288915K->8670K(314560K), 0,0102150 secs] 533334K->254027K(1013632K), 0,0103230 secs] [Times: user=0,08 sys=0,00, real=0,01 secs] 
2015-08-28T22:46:05.031+0200: 112753,207: [GC2015-08-28T22:46:05.031+0200: 112753,207: [ParNew: 288286K->9514K(314560K), 0,0135910 secs] 533643K->255798K(1013632K), 0,0137030 secs] [Times: user=0,07 sys=0,00, real=0,02 secs] 
2015-08-28T22:47:04.196+0200: 112812,373: [GC2015-08-28T22:47:04.196+0200: 112812,373: [ParNew: 289130K->9678K(314560K), 0,0119270 secs] 535414K->256893K(1013632K), 0,0120270 secs] [Times: user=0,07 sys=0,01, real=0,01 secs] 
2015-08-28T22:48:03.105+0200: 112871,281: [GC2015-08-28T22:48:03.105+0200: 112871,282: [ParNew: 289294K->10587K(314560K), 0,0093850 secs] 536509K->258742K(1013632K), 0,0095150 secs] [Times: user=0,06 sys=0,00, real=0,00 secs] 
2015-08-28T22:49:02.311+0200: 112930,487: [GC2015-08-28T22:49:02.311+0200: 112930,487: [ParNew: 290203K->7658K(314560K), 0,0115180 secs] 538358K->256822K(1013632K), 0,0116470 secs] [Times: user=0,09 sys=0,00, real=0,01 secs] 
2015-08-28T22:50:01.276+0200: 112989,452: [GC2015-08-28T22:50:01.276+0200: 112989,452: [ParNew: 287274K->9145K(314560K), 0,0125110 secs] 536438K->259351K(1013632K), 0,0126230 secs] [Times: user=0,09 sys=0,00, real=0,02 secs] 
2015-08-28T22:51:00.429+0200: 113048,606: [GC2015-08-28T22:51:00.429+0200: 113048,606: [ParNew: 288761K->6854K(314560K), 0,0108810 secs] 538967K->257994K(1013632K), 0,0110030 secs] [Times: user=0,08 sys=0,01, real=0,01 secs] 
2015-08-28T22:51:59.367+0200: 113107,544: [GC2015-08-28T22:51:59.367+0200: 113107,544: [ParNew: 286470K->8035K(314560K), 0,0111350 secs] 537610K->260126K(1013632K), 0,0112350 secs] [Times: user=0,08 sys=0,00, real=0,01 secs] 
2015-08-28T22:52:58.042+0200: 113166,218: [GC2015-08-28T22:52:58.042+0200: 113166,218: [ParNew: 287651K->9500K(314560K), 0,0097030 secs] 539742K->262529K(1013632K), 0,0098090 secs] [Times: user=0,07 sys=0,00, real=0,01 secs] 
2015-08-28T22:53:56.806+0200: 113224,982: [GC2015-08-28T22:53:56.806+0200: 113224,982: [ParNew: 289116K->9614K(314560K), 0,0116580 secs] 542145K->263592K(1013632K), 0,0118070 secs] [Times: user=0,08 sys=0,00, real=0,01 secs] 
2015-08-28T22:54:55.513+0200: 113283,690: [GC2015-08-28T22:54:55.513+0200: 113283,690: [ParNew: 289230K->9746K(314560K), 0,0115660 secs] 543208K->264694K(1013632K), 0,0116860 secs] [Times: user=0,07 sys=0,01, real=0,02 secs] 
2015-08-28T22:55:54.216+0200: 113342,392: [GC2015-08-28T22:55:54.216+0200: 113342,392: [ParNew: 289362K->9104K(314560K), 0,0119270 secs] 544310K->265026K(1013632K), 0,0120540 secs] [Times: user=0,10 sys=0,00, real=0,02 secs] 
2015-08-28T22:56:53.199+0200: 113401,375: [GC2015-08-28T22:56:53.199+0200: 113401,376: [ParNew: 288720K->9971K(314560K), 0,0120690 secs] 544642K->266857K(1013632K), 0,0121770 secs] [Times: user=0,08 sys=0,00, real=0,01 secs] 
2015-08-28T22:57:52.334+0200: 113460,511: [GC2015-08-28T22:57:52.334+0200: 113460,511: [ParNew: 289587K->9307K(314560K), 0,0091330 secs] 546473K->267235K(1013632K), 0,0092300 secs] [Times: user=0,06 sys=0,00, real=0,01 secs] 
2015-08-28T22:58:51.397+0200: 113519,574: [GC2015-08-28T22:58:51.397+0200: 113519,574: [ParNew: 288923K->10120K(314560K), 0,0118850 secs] 546851K->269080K(1013632K), 0,0119900 secs] [Times: user=0,09 sys=0,00, real=0,01 secs] 
2015-08-28T22:59:50.461+0200: 113578,637: [GC2015-08-28T22:59:50.461+0200: 113578,637: [ParNew: 289736K->9376K(314560K), 0,0116500 secs] 548696K->269287K(1013632K), 0,0117720 secs] [Times: user=0,07 sys=0,00, real=0,01 secs] 
2015-08-28T23:00:49.621+0200: 113637,798: [GC2015-08-28T23:00:49.622+0200: 113637,798: [ParNew: 288992K->8115K(314560K), 0,0114200 secs] 548903K->268979K(1013632K), 0,0115400 secs] [Times: user=0,08 sys=0,00, real=0,01 secs] 
2015-08-28T23:01:48.846+0200: 113697,023: [GC2015-08-28T23:01:48.847+0200: 113697,023: [ParNew: 287731K->8093K(314560K), 0,0110160 secs] 548595K->269910K(1013632K), 0,0111340 secs] [Times: user=0,09 sys=0,00, real=0,01 secs] 
2015-08-28T23:02:47.860+0200: 113756,036: [GC2015-08-28T23:02:47.860+0200: 113756,036: [ParNew: 287709K->8908K(314560K), 0,0115470 secs] 549526K->271674K(1013632K), 0,0116620 secs] [Times: user=0,09 sys=0,00, real=0,01 secs] 
2015-08-28T23:03:47.091+0200: 113815,268: [GC2015-08-28T23:03:47.091+0200: 113815,268: [ParNew: 288524K->9038K(314560K), 0,0115570 secs] 551290K->272764K(1013632K), 0,0116720 secs] [Times: user=0,10 sys=0,00, real=0,01 secs] 
2015-08-28T23:04:45.962+0200: 113874,139: [GC2015-08-28T23:04:45.962+0200: 113874,139: [ParNew: 288654K->9159K(314560K), 0,0113830 secs] 552380K->273851K(1013632K), 0,0115020 secs] [Times: user=0,10 sys=0,00, real=0,01 secs] 
2015-08-28T23:05:45.220+0200: 113933,397: [GC2015-08-28T23:05:45.220+0200: 113933,397: [ParNew: 288775K->10027K(314560K), 0,0115850 secs] 553467K->275713K(1013632K), 0,0117070 secs] [Times: user=0,09 sys=0,00, real=0,01 secs] 
2015-08-28T23:06:44.049+0200: 113992,225: [GC2015-08-28T23:06:44.049+0200: 113992,225: [ParNew: 289643K->9336K(314560K), 0,0097630 secs] 555329K->276072K(1013632K), 0,0098670 secs] [Times: user=0,08 sys=0,00, real=0,01 secs] 
2015-08-28T23:07:42.847+0200: 114051,023: [GC2015-08-28T23:07:42.847+0200: 114051,023: [ParNew: 288952K->8580K(314560K), 0,0112070 secs] 555688K->276264K(1013632K), 0,0113170 secs] [Times: user=0,09 sys=0,00, real=0,01 secs] 
2015-08-28T23:08:41.951+0200: 114110,128: [GC2015-08-28T23:08:41.951+0200: 114110,128: [ParNew: 288196K->9541K(314560K), 0,0122380 secs] 555880K->278184K(1013632K), 0,0123800 secs] [Times: user=0,08 sys=0,00, real=0,01 secs] 
2015-08-28T23:09:41.020+0200: 114169,196: [GC2015-08-28T23:09:41.020+0200: 114169,196: [ParNew: 289157K->8765K(314560K), 0,0126220 secs] 557800K->278360K(1013632K), 0,0127880 secs] [Times: user=0,08 sys=0,00, real=0,01 secs] 
2015-08-28T23:10:40.233+0200: 114228,409: [GC2015-08-28T23:10:40.233+0200: 114228,409: [ParNew: 288381K->8858K(314560K), 0,0111060 secs] 557976K->279392K(1013632K), 0,0112220 secs] [Times: user=0,07 sys=0,00, real=0,01 secs] 
2015-08-28T23:11:39.393+0200: 114287,570: [GC2015-08-28T23:11:39.393+0200: 114287,570: [ParNew: 288474K->8243K(314560K), 0,0123520 secs] 559008K->279735K(1013632K), 0,0124670 secs] [Times: user=0,09 sys=0,00, real=0,02 secs] 
2015-08-28T23:12:38.200+0200: 114346,376: [GC2015-08-28T23:12:38.200+0200: 114346,377: [ParNew: 287859K->9122K(314560K), 0,0116640 secs] 559351K->281577K(1013632K), 0,0117800 secs] [Times: user=0,10 sys=0,00, real=0,01 secs] 
2015-08-28T23:13:37.493+0200: 114405,669: [GC2015-08-28T23:13:37.493+0200: 114405,669: [ParNew: 288738K->9998K(314560K), 0,0131700 secs] 561193K->283420K(1013632K), 0,0132760 secs] [Times: user=0,09 sys=0,00, real=0,02 secs] 
2015-08-28T23:14:36.402+0200: 114464,578: [GC2015-08-28T23:14:36.402+0200: 114464,578: [ParNew: 289614K->8558K(314560K), 0,0122050 secs] 563036K->283029K(1013632K), 0,0123180 secs] [Times: user=0,08 sys=0,00, real=0,01 secs] 
2015-08-28T23:15:35.752+0200: 114523,928: [GC2015-08-28T23:15:35.752+0200: 114523,928: [ParNew: 288174K->9346K(314560K), 0,0125940 secs] 562645K->284863K(1013632K), 0,0127030 secs] [Times: user=0,10 sys=0,00, real=0,02 secs] 
2015-08-28T23:16:34.497+0200: 114582,673: [GC2015-08-28T23:16:34.497+0200: 114582,673: [ParNew: 288962K->8559K(314560K), 0,0113910 secs] 564479K->285029K(1013632K), 0,0115090 secs] [Times: user=0,06 sys=0,01, real=0,01 secs] 
2015-08-28T23:17:33.198+0200: 114641,375: [GC2015-08-28T23:17:33.199+0200: 114641,375: [ParNew: 288175K->9552K(314560K), 0,0102520 secs] 564645K->286976K(1013632K), 0,0103690 secs] [Times: user=0,07 sys=0,00, real=0,01 secs] 
2015-08-28T23:18:32.396+0200: 114700,572: [GC2015-08-28T23:18:32.396+0200: 114700,572: [ParNew: 289168K->8774K(314560K), 0,0114470 secs] 566592K->287145K(1013632K), 0,0115670 secs] [Times: user=0,08 sys=0,00, real=0,02 secs] 
2015-08-28T23:19:31.575+0200: 114759,752: [GC2015-08-28T23:19:31.575+0200: 114759,752: [ParNew: 288390K->8863K(314560K), 0,0111820 secs] 566761K->288187K(1013632K), 0,0112980 secs] [Times: user=0,08 sys=0,00, real=0,02 secs] 
2015-08-28T23:20:30.643+0200: 114818,820: [GC2015-08-28T23:20:30.643+0200: 114818,820: [ParNew: 288479K->9749K(314560K), 0,0102670 secs] 567803K->290018K(1013632K), 0,0103880 secs] [Times: user=0,08 sys=0,00, real=0,01 secs] 
2015-08-28T23:21:29.705+0200: 114877,882: [GC2015-08-28T23:21:29.705+0200: 114877,882: [ParNew: 289365K->8385K(314560K), 0,0112810 secs] 569634K->289599K(1013632K), 0,0113920 secs] [Times: user=0,07 sys=0,01, real=0,01 secs] 
2015-08-28T23:22:28.751+0200: 114936,928: [GC2015-08-28T23:22:28.751+0200: 114936,928: [ParNew: 288001K->8519K(314560K), 0,0134740 secs] 569215K->290746K(1013632K), 0,0135910 secs] [Times: user=0,10 sys=0,00, real=0,02 secs] 
2015-08-28T23:23:27.817+0200: 114995,994: [GC2015-08-28T23:23:27.818+0200: 114995,994: [ParNew: 288135K->9355K(314560K), 0,0117810 secs] 570362K->292616K(1013632K), 0,0118970 secs] [Times: user=0,10 sys=0,00, real=0,01 secs] 
2015-08-28T23:24:26.843+0200: 115055,020: [GC2015-08-28T23:24:26.843+0200: 115055,020: [ParNew: 288971K->10159K(314560K), 0,0119090 secs] 572232K->294371K(1013632K), 0,0120320 secs] [Times: user=0,09 sys=0,00, real=0,01 secs] 
2015-08-28T23:25:25.834+0200: 115114,010: [GC2015-08-28T23:25:25.834+0200: 115114,010: [ParNew: 289775K->8385K(314560K), 0,0110660 secs] 573987K->293564K(1013632K), 0,0111770 secs] [Times: user=0,08 sys=0,00, real=0,02 secs] 
2015-08-28T23:26:24.930+0200: 115173,106: [GC2015-08-28T23:26:24.930+0200: 115173,106: [ParNew: 288001K->9280K(314560K), 0,0114840 secs] 573180K->295419K(1013632K), 0,0116130 secs] [Times: user=0,11 sys=0,00, real=0,01 secs] 
2015-08-28T23:27:23.335+0200: 115231,512: [GC2015-08-28T23:27:23.335+0200: 115231,512: [ParNew: 288896K->9366K(314560K), 0,0133760 secs] 575035K->296463K(1013632K), 0,0135060 secs] [Times: user=0,08 sys=0,00, real=0,02 secs] 
2015-08-28T23:28:22.506+0200: 115290,683: [GC2015-08-28T23:28:22.506+0200: 115290,683: [ParNew: 288982K->9764K(314560K), 0,0116780 secs] 576079K->297806K(1013632K), 0,0117960 secs] [Times: user=0,08 sys=0,00, real=0,01 secs] 
2015-08-28T23:29:21.794+0200: 115349,970: [GC2015-08-28T23:29:21.794+0200: 115349,970: [ParNew: 289380K->8068K(314560K), 0,0106780 secs] 577422K->297063K(1013632K), 0,0107930 secs] [Times: user=0,09 sys=0,00, real=0,02 secs] 
2015-08-28T23:30:20.712+0200: 115408,889: [GC2015-08-28T23:30:20.712+0200: 115408,889: [ParNew: 287684K->8439K(314560K), 0,0118970 secs] 576679K->298411K(1013632K), 0,0120260 secs] [Times: user=0,07 sys=0,00, real=0,02 secs] 
2015-08-28T23:31:19.144+0200: 115467,321: [GC2015-08-28T23:31:19.144+0200: 115467,321: [ParNew: 288055K->8306K(314560K), 0,0111500 secs] 578027K->299309K(1013632K), 0,0112960 secs] [Times: user=0,08 sys=0,00, real=0,01 secs] 
2015-08-28T23:32:18.105+0200: 115526,281: [GC2015-08-28T23:32:18.105+0200: 115526,281: [ParNew: 287922K->6404K(314560K), 0,0104200 secs] 578925K->298459K(1013632K), 0,0105500 secs] [Times: user=0,07 sys=0,00, real=0,00 secs] 
2015-08-28T23:33:16.887+0200: 115585,063: [GC2015-08-28T23:33:16.887+0200: 115585,063: [ParNew: 286020K->4891K(314560K), 0,0085710 secs] 578075K->298052K(1013632K), 0,0086960 secs] [Times: user=0,06 sys=0,00, real=0,00 secs] 
2015-08-28T23:34:15.951+0200: 115644,128: [GC2015-08-28T23:34:15.951+0200: 115644,128: [ParNew: 284507K->3967K(314560K), 0,0071790 secs] 577668K->297710K(1013632K), 0,0073060 secs] [Times: user=0,07 sys=0,00, real=0,01 secs] 
2015-08-28T23:35:15.009+0200: 115703,185: [GC2015-08-28T23:35:15.009+0200: 115703,185: [ParNew: 283583K->5381K(314560K), 0,0086340 secs] 577326K->299631K(1013632K), 0,0087540 secs] [Times: user=0,06 sys=0,00, real=0,01 secs] 
2015-08-28T23:36:14.069+0200: 115762,246: [GC2015-08-28T23:36:14.069+0200: 115762,246: [ParNew: 284997K->4252K(314560K), 0,0063090 secs] 579247K->299061K(1013632K), 0,0064650 secs] [Times: user=0,03 sys=0,00, real=0,00 secs] 
2015-08-28T23:37:12.844+0200: 115821,021: [GC2015-08-28T23:37:12.845+0200: 115821,021: [ParNew: 283868K->4777K(314560K), 0,0072380 secs] 578677K->300163K(1013632K), 0,0073490 secs] [Times: user=0,04 sys=0,01, real=0,00 secs] 
2015-08-28T23:38:11.682+0200: 115879,858: [GC2015-08-28T23:38:11.682+0200: 115879,858: [ParNew: 284393K->5617K(314560K), 0,0074700 secs] 579779K->301120K(1013632K), 0,0075690 secs] [Times: user=0,06 sys=0,00, real=0,01 secs] 
2015-08-28T23:39:10.744+0200: 115938,920: [GC2015-08-28T23:39:10.744+0200: 115938,920: [ParNew: 285233K->7459K(314560K), 0,0080650 secs] 580736K->303235K(1013632K), 0,0081770 secs] [Times: user=0,06 sys=0,00, real=0,01 secs] 
2015-08-28T23:40:09.519+0200: 115997,696: [GC2015-08-28T23:40:09.520+0200: 115997,696: [ParNew: 287075K->8860K(314560K), 0,0099680 secs] 582851K->305184K(1013632K), 0,0100910 secs] [Times: user=0,09 sys=0,00, real=0,01 secs] 
2015-08-28T23:41:08.759+0200: 116056,936: [GC2015-08-28T23:41:08.759+0200: 116056,936: [ParNew: 288476K->7881K(314560K), 0,0090280 secs] 584800K->304772K(1013632K), 0,0091440 secs] [Times: user=0,07 sys=0,00, real=0,01 secs] 
2015-08-28T23:42:07.609+0200: 116115,786: [GC2015-08-28T23:42:07.610+0200: 116115,786: [ParNew: 287497K->10598K(314560K), 0,0101260 secs] 584388K->308155K(1013632K), 0,0102590 secs] [Times: user=0,07 sys=0,00, real=0,01 secs] 
2015-08-28T23:43:06.465+0200: 116174,641: [GC2015-08-28T23:43:06.465+0200: 116174,641: [ParNew: 290214K->7336K(314560K), 0,0108660 secs] 587771K->305785K(1013632K), 0,0109790 secs] [Times: user=0,07 sys=0,00, real=0,00 secs] 
2015-08-28T23:44:05.526+0200: 116233,703: [GC2015-08-28T23:44:05.527+0200: 116233,703: [ParNew: 286952K->9132K(314560K), 0,0112380 secs] 585401K->308486K(1013632K), 0,0113540 secs] [Times: user=0,10 sys=0,00, real=0,01 secs] 
2015-08-28T23:45:04.593+0200: 116292,770: [GC2015-08-28T23:45:04.594+0200: 116292,770: [ParNew: 288748K->9354K(314560K), 0,0122540 secs] 588102K->309640K(1013632K), 0,0123880 secs] [Times: user=0,09 sys=0,00, real=0,02 secs] 
2015-08-28T23:46:03.659+0200: 116351,836: [GC2015-08-28T23:46:03.659+0200: 116351,836: [ParNew: 288970K->9682K(314560K), 0,0112850 secs] 589256K->310893K(1013632K), 0,0114100 secs] [Times: user=0,10 sys=0,00, real=0,01 secs] 
2015-08-28T23:47:02.721+0200: 116410,897: [GC2015-08-28T23:47:02.721+0200: 116410,898: [ParNew: 289298K->8383K(314560K), 0,0118630 secs] 590509K->310565K(1013632K), 0,0119720 secs] [Times: user=0,07 sys=0,01, real=0,01 secs] 
2015-08-28T23:48:01.787+0200: 116469,964: [GC2015-08-28T23:48:01.787+0200: 116469,964: [ParNew: 287999K->9270K(314560K), 0,0112490 secs] 590181K->312481K(1013632K), 0,0113700 secs] [Times: user=0,10 sys=0,00, real=0,01 secs] 
2015-08-28T23:49:00.850+0200: 116529,027: [GC2015-08-28T23:49:00.850+0200: 116529,027: [ParNew: 288886K->9312K(314560K), 0,0113900 secs] 592097K->313552K(1013632K), 0,0115050 secs] [Times: user=0,10 sys=0,00, real=0,01 secs] 
2015-08-28T23:49:59.917+0200: 116588,094: [GC2015-08-28T23:49:59.917+0200: 116588,094: [ParNew: 288928K->8554K(314560K), 0,0112750 secs] 593168K->313742K(1013632K), 0,0113930 secs] [Times: user=0,07 sys=0,00, real=0,01 secs] 
2015-08-28T23:50:58.879+0200: 116647,056: [GC2015-08-28T23:50:58.879+0200: 116647,056: [ParNew: 288170K->8839K(314560K), 0,0117050 secs] 593358K->314967K(1013632K), 0,0118140 secs] [Times: user=0,09 sys=0,00, real=0,01 secs] 
2015-08-28T23:51:57.531+0200: 116705,708: [GC2015-08-28T23:51:57.531+0200: 116705,708: [ParNew: 288455K->8825K(314560K), 0,0115250 secs] 594583K->315910K(1013632K), 0,0116410 secs] [Times: user=0,08 sys=0,00, real=0,01 secs] 
2015-08-28T23:52:56.596+0200: 116764,772: [GC2015-08-28T23:52:56.596+0200: 116764,772: [ParNew: 288441K->8887K(314560K), 0,0116060 secs] 595526K->316923K(1013632K), 0,0117240 secs] [Times: user=0,09 sys=0,00, real=0,02 secs] 
2015-08-28T23:53:55.657+0200: 116823,834: [GC2015-08-28T23:53:55.658+0200: 116823,834: [ParNew: 288503K->9744K(314560K), 0,0119900 secs] 596539K->318728K(1013632K), 0,0120960 secs] [Times: user=0,09 sys=0,00, real=0,01 secs] 
2015-08-28T23:54:54.721+0200: 116882,897: [GC2015-08-28T23:54:54.721+0200: 116882,897: [ParNew: 289360K->9121K(314560K), 0,0130930 secs] 598344K->319052K(1013632K), 0,0131960 secs] [Times: user=0,09 sys=0,00, real=0,01 secs] 
2015-08-28T23:55:53.784+0200: 116941,961: [GC2015-08-28T23:55:53.784+0200: 116941,961: [ParNew: 288737K->9998K(314560K), 0,0122850 secs] 598668K->320954K(1013632K), 0,0124020 secs] [Times: user=0,07 sys=0,00, real=0,02 secs] 
2015-08-28T23:56:52.849+0200: 117001,025: [GC2015-08-28T23:56:52.849+0200: 117001,025: [ParNew: 289614K->9275K(314560K), 0,0109650 secs] 600570K->321274K(1013632K), 0,0110840 secs] [Times: user=0,07 sys=0,00, real=0,01 secs] 
2015-08-28T23:57:51.911+0200: 117060,087: [GC2015-08-28T23:57:51.911+0200: 117060,087: [ParNew: 288891K->7736K(314560K), 0,0105630 secs] 600890K->320666K(1013632K), 0,0106850 secs] [Times: user=0,09 sys=0,00, real=0,01 secs] 
2015-08-28T23:58:50.971+0200: 117119,148: [GC2015-08-28T23:58:50.971+0200: 117119,148: [ParNew: 287352K->8754K(314560K), 0,0113290 secs] 600282K->322629K(1013632K), 0,0114580 secs] [Times: user=0,09 sys=0,00, real=0,01 secs] 
2015-08-28T23:59:50.208+0200: 117178,384: [GC2015-08-28T23:59:50.208+0200: 117178,384: [ParNew: 288370K->9447K(314560K), 0,0120570 secs] 602245K->324275K(1013632K), 0,0121800 secs] [Times: user=0,08 sys=0,00, real=0,01 secs] 
2015-08-29T00:00:49.089+0200: 117237,266: [GC2015-08-29T00:00:49.089+0200: 117237,266: [ParNew: 289063K->8078K(314560K), 0,0108950 secs] 603891K->323837K(1013632K), 0,0110120 secs] [Times: user=0,08 sys=0,01, real=0,01 secs] 
2015-08-29T00:01:48.105+0200: 117296,281: [GC2015-08-29T00:01:48.105+0200: 117296,281: [ParNew: 287694K->8945K(314560K), 0,0102030 secs] 603453K->325656K(1013632K), 0,0103060 secs] [Times: user=0,08 sys=0,00, real=0,00 secs] 
2015-08-29T00:02:46.709+0200: 117354,886: [GC2015-08-29T00:02:46.709+0200: 117354,886: [ParNew: 288561K->9073K(314560K), 0,0117960 secs] 605272K->326734K(1013632K), 0,0119220 secs] [Times: user=0,10 sys=0,00, real=0,01 secs] 
2015-08-29T00:03:45.773+0200: 117413,949: [GC2015-08-29T00:03:45.773+0200: 117413,949: [ParNew: 288689K->9973K(314560K), 0,0116000 secs] 606350K->328609K(1013632K), 0,0117140 secs] [Times: user=0,08 sys=0,00, real=0,02 secs] 
2015-08-29T00:04:44.567+0200: 117472,744: [GC2015-08-29T00:04:44.568+0200: 117472,744: [ParNew: 289589K->9300K(314560K), 0,0115340 secs] 608225K->328972K(1013632K), 0,0116810 secs] [Times: user=0,10 sys=0,00, real=0,01 secs] 
2015-08-29T00:05:43.386+0200: 117531,562: [GC2015-08-29T00:05:43.386+0200: 117531,562: [ParNew: 288916K->9335K(314560K), 0,0116900 secs] 608588K->330054K(1013632K), 0,0117980 secs] [Times: user=0,10 sys=0,00, real=0,01 secs] 
2015-08-29T00:06:42.450+0200: 117590,627: [GC2015-08-29T00:06:42.450+0200: 117590,627: [ParNew: 288951K->9342K(314560K), 0,0124500 secs] 609670K->331004K(1013632K), 0,0125800 secs] [Times: user=0,08 sys=0,00, real=0,01 secs] 
2015-08-29T00:07:41.517+0200: 117649,693: [GC2015-08-29T00:07:41.517+0200: 117649,693: [ParNew: 288958K->9616K(314560K), 0,0113650 secs] 610620K->332228K(1013632K), 0,0115290 secs] [Times: user=0,07 sys=0,00, real=0,01 secs] 
2015-08-29T00:08:40.573+0200: 117708,749: [GC2015-08-29T00:08:40.573+0200: 117708,749: [ParNew: 289232K->10322K(314560K), 0,0120610 secs] 611844K->333892K(1013632K), 0,0121800 secs] [Times: user=0,10 sys=0,00, real=0,02 secs] 
2015-08-29T00:09:39.635+0200: 117767,812: [GC2015-08-29T00:09:39.635+0200: 117767,812: [ParNew: 289938K->7893K(314560K), 0,0144590 secs] 613508K->332405K(1013632K), 0,0145820 secs] [Times: user=0,12 sys=0,00, real=0,02 secs] 
2015-08-29T00:10:38.835+0200: 117827,012: [GC2015-08-29T00:10:38.835+0200: 117827,012: [ParNew: 287509K->8929K(314560K), 0,0119850 secs] 612021K->334401K(1013632K), 0,0120990 secs] [Times: user=0,09 sys=0,00, real=0,02 secs] 
2015-08-29T00:11:37.847+0200: 117886,023: [GC2015-08-29T00:11:37.847+0200: 117886,023: [ParNew: 288545K->8984K(314560K), 0,0107030 secs] 614017K->335410K(1013632K), 0,0108350 secs] [Times: user=0,08 sys=0,00, real=0,01 secs] 
2015-08-29T00:12:36.938+0200: 117945,115: [GC2015-08-29T00:12:36.938+0200: 117945,115: [ParNew: 288600K->10807K(314560K), 0,0115690 secs] 615026K->338275K(1013632K), 0,0116940 secs] [Times: user=0,09 sys=0,00, real=0,01 secs] 
2015-08-29T00:13:36.262+0200: 118004,438: [GC2015-08-29T00:13:36.262+0200: 118004,439: [ParNew: 290423K->8263K(314560K), 0,0117980 secs] 617891K->336764K(1013632K), 0,0119150 secs] [Times: user=0,10 sys=0,00, real=0,01 secs] 
2015-08-29T00:14:35.418+0200: 118063,595: [GC2015-08-29T00:14:35.418+0200: 118063,595: [ParNew: 287879K->8525K(314560K), 0,0107460 secs] 616380K->337977K(1013632K), 0,0108550 secs] [Times: user=0,10 sys=0,00, real=0,01 secs] 
2015-08-29T00:15:34.488+0200: 118122,664: [GC2015-08-29T00:15:34.488+0200: 118122,664: [ParNew: 288141K->9366K(314560K), 0,0106830 secs] 617593K->339793K(1013632K), 0,0107960 secs] [Times: user=0,09 sys=0,00, real=0,01 secs] 
2015-08-29T00:16:33.552+0200: 118181,729: [GC2015-08-29T00:16:33.552+0200: 118181,729: [ParNew: 288982K->9489K(314560K), 0,0113930 secs] 619409K->340853K(1013632K), 0,0115170 secs] [Times: user=0,08 sys=0,00, real=0,01 secs] 
2015-08-29T00:17:32.617+0200: 118240,793: [GC2015-08-29T00:17:32.617+0200: 118240,793: [ParNew: 289105K->8163K(314560K), 0,0120130 secs] 620469K->340480K(1013632K), 0,0121390 secs] [Times: user=0,08 sys=0,00, real=0,01 secs] 
2015-08-29T00:18:31.682+0200: 118299,858: [GC2015-08-29T00:18:31.682+0200: 118299,858: [ParNew: 287779K->9787K(314560K), 0,0110620 secs] 620096K->343072K(1013632K), 0,0111870 secs] [Times: user=0,07 sys=0,01, real=0,01 secs] 
2015-08-29T00:19:31.028+0200: 118359,205: [GC2015-08-29T00:19:31.028+0200: 118359,205: [ParNew: 289403K->9914K(314560K), 0,0114530 secs] 622688K->344171K(1013632K), 0,0115710 secs] [Times: user=0,08 sys=0,01, real=0,01 secs] 
2015-08-29T00:20:30.297+0200: 118418,473: [GC2015-08-29T00:20:30.297+0200: 118418,474: [ParNew: 289530K->10038K(314560K), 0,0114100 secs] 623787K->345271K(1013632K), 0,0115360 secs] [Times: user=0,07 sys=0,00, real=0,01 secs] 
2015-08-29T00:21:29.306+0200: 118477,482: [GC2015-08-29T00:21:29.306+0200: 118477,482: [ParNew: 289654K->9383K(314560K), 0,0116750 secs] 624887K->345668K(1013632K), 0,0117930 secs] [Times: user=0,10 sys=0,00, real=0,01 secs] 
2015-08-29T00:22:28.105+0200: 118536,281: [GC2015-08-29T00:22:28.105+0200: 118536,281: [ParNew: 288999K->10202K(314560K), 0,0113300 secs] 625284K->347533K(1013632K), 0,0114770 secs] [Times: user=0,07 sys=0,00, real=0,01 secs] 
2015-08-29T00:23:27.377+0200: 118595,554: [GC2015-08-29T00:23:27.377+0200: 118595,554: [ParNew: 289818K->10219K(314560K), 0,0155850 secs] 627149K->348500K(1013632K), 0,0157020 secs] [Times: user=0,10 sys=0,00, real=0,01 secs] 
2015-08-29T00:24:26.416+0200: 118654,593: [GC2015-08-29T00:24:26.416+0200: 118654,593: [ParNew: 289835K->8483K(314560K), 0,0208380 secs] 628116K->347721K(1013632K), 0,0209390 secs] [Times: user=0,13 sys=0,00, real=0,02 secs] 
2015-08-29T00:25:25.067+0200: 118713,244: [GC2015-08-29T00:25:25.068+0200: 118713,244: [ParNew: 288099K->9442K(314560K), 0,0112150 secs] 627337K->349640K(1013632K), 0,0113340 secs] [Times: user=0,07 sys=0,00, real=0,01 secs] 
2015-08-29T00:26:24.129+0200: 118772,306: [GC2015-08-29T00:26:24.129+0200: 118772,306: [ParNew: 289058K->9526K(314560K), 0,0109090 secs] 629256K->350695K(1013632K), 0,0110260 secs] [Times: user=0,08 sys=0,01, real=0,01 secs] 
2015-08-29T00:27:22.523+0200: 118830,700: [GC2015-08-29T00:27:22.524+0200: 118830,700: [ParNew: 289142K->11330K(314560K), 0,0135860 secs] 630311K->353466K(1013632K), 0,0137020 secs] [Times: user=0,12 sys=0,00, real=0,02 secs] 
2015-08-29T00:28:21.246+0200: 118889,422: [GC2015-08-29T00:28:21.246+0200: 118889,422: [ParNew: 290946K->10050K(314560K), 0,0112730 secs] 633082K->353149K(1013632K), 0,0113830 secs] [Times: user=0,09 sys=0,00, real=0,01 secs] 
2015-08-29T00:29:20.461+0200: 118948,637: [GC2015-08-29T00:29:20.461+0200: 118948,637: [ParNew: 289666K->9077K(314560K), 0,0106490 secs] 632765K->353213K(1013632K), 0,0107630 secs] [Times: user=0,07 sys=0,00, real=0,01 secs] 
2015-08-29T00:30:19.362+0200: 119007,538: [GC2015-08-29T00:30:19.362+0200: 119007,538: [ParNew: 288693K->9307K(314560K), 0,0112970 secs] 632829K->354481K(1013632K), 0,0114130 secs] [Times: user=0,07 sys=0,01, real=0,01 secs] 
2015-08-29T00:31:17.926+0200: 119066,102: [GC2015-08-29T00:31:17.926+0200: 119066,102: [ParNew: 288923K->7549K(314560K), 0,0104960 secs] 634097K->353678K(1013632K), 0,0106260 secs] [Times: user=0,07 sys=0,00, real=0,01 secs] 
2015-08-29T00:32:16.989+0200: 119125,166: [GC2015-08-29T00:32:16.990+0200: 119125,166: [ParNew: 287165K->5969K(314560K), 0,0107350 secs] 633294K->353069K(1013632K), 0,0108430 secs] [Times: user=0,07 sys=0,00, real=0,01 secs] 
2015-08-29T00:33:15.786+0200: 119183,963: [GC2015-08-29T00:33:15.786+0200: 119183,963: [ParNew: 285585K->5021K(314560K), 0,0098440 secs] 632685K->353211K(1013632K), 0,0099700 secs] [Times: user=0,07 sys=0,00, real=0,01 secs] 
2015-08-29T00:34:14.598+0200: 119242,775: [GC2015-08-29T00:34:14.598+0200: 119242,775: [ParNew: 284637K->4816K(314560K), 0,0074030 secs] 632827K->353575K(1013632K), 0,0075240 secs] [Times: user=0,05 sys=0,00, real=0,01 secs] 
2015-08-29T00:35:13.657+0200: 119301,833: [GC2015-08-29T00:35:13.657+0200: 119301,833: [ParNew: 284432K->4401K(314560K), 0,0067660 secs] 633191K->353659K(1013632K), 0,0068760 secs] [Times: user=0,04 sys=0,01, real=0,00 secs] 
2015-08-29T00:36:12.717+0200: 119360,894: [GC2015-08-29T00:36:12.717+0200: 119360,894: [ParNew: 284017K->4377K(314560K), 0,0080470 secs] 633275K->354192K(1013632K), 0,0081600 secs] [Times: user=0,05 sys=0,00, real=0,01 secs] 
2015-08-29T00:37:11.973+0200: 119420,149: [GC2015-08-29T00:37:11.973+0200: 119420,149: [ParNew: 283993K->4784K(314560K), 0,0073380 secs] 633808K->355211K(1013632K), 0,0074600 secs] [Times: user=0,04 sys=0,01, real=0,01 secs] 
2015-08-29T00:38:11.261+0200: 119479,438: [GC2015-08-29T00:38:11.261+0200: 119479,438: [ParNew: 284400K->6412K(314560K), 0,0080850 secs] 634827K->357047K(1013632K), 0,0082360 secs] [Times: user=0,06 sys=0,00, real=0,01 secs] 
2015-08-29T00:39:10.060+0200: 119538,236: [GC2015-08-29T00:39:10.060+0200: 119538,236: [ParNew: 286028K->7619K(314560K), 0,0075090 secs] 636663K->358575K(1013632K), 0,0076500 secs] [Times: user=0,06 sys=0,00, real=0,01 secs] 
2015-08-29T00:40:08.931+0200: 119597,108: [GC2015-08-29T00:40:08.931+0200: 119597,108: [ParNew: 287235K->8885K(314560K), 0,0090760 secs] 638191K->360321K(1013632K), 0,0091850 secs] [Times: user=0,08 sys=0,00, real=0,01 secs] 
2015-08-29T00:41:07.992+0200: 119656,168: [GC2015-08-29T00:41:07.992+0200: 119656,168: [ParNew: 288501K->6877K(314560K), 0,0122810 secs] 639937K->358879K(1013632K), 0,0123950 secs] [Times: user=0,08 sys=0,00, real=0,01 secs] 
2015-08-29T00:42:06.960+0200: 119715,136: [GC2015-08-29T00:42:06.960+0200: 119715,136: [ParNew: 286493K->9085K(314560K), 0,0099250 secs] 638495K->361739K(1013632K), 0,0100670 secs] [Times: user=0,09 sys=0,00, real=0,01 secs] 
2015-08-29T00:43:06.110+0200: 119774,287: [GC2015-08-29T00:43:06.110+0200: 119774,287: [ParNew: 288701K->9761K(314560K), 0,0082730 secs] 641355K->363304K(1013632K), 0,0083630 secs] [Times: user=0,08 sys=0,00, real=0,01 secs] 
2015-08-29T00:44:05.493+0200: 119833,670: [GC2015-08-29T00:44:05.494+0200: 119833,670: [ParNew: 289377K->9544K(314560K), 0,0111100 secs] 642920K->363994K(1013632K), 0,0112300 secs] [Times: user=0,08 sys=0,00, real=0,02 secs] 
2015-08-29T00:45:04.723+0200: 119892,900: [GC2015-08-29T00:45:04.723+0200: 119892,900: [ParNew: 289160K->10586K(314560K), 0,0114010 secs] 643610K->365963K(1013632K), 0,0115190 secs] [Times: user=0,10 sys=0,00, real=0,01 secs] 
2015-08-29T00:46:03.785+0200: 119951,962: [GC2015-08-29T00:46:03.785+0200: 119951,962: [ParNew: 290202K->8177K(314560K), 0,0111890 secs] 645579K->364581K(1013632K), 0,0113150 secs] [Times: user=0,09 sys=0,00, real=0,01 secs] 
2015-08-29T00:47:02.709+0200: 120010,886: [GC2015-08-29T00:47:02.709+0200: 120010,886: [ParNew: 287793K->9877K(314560K), 0,0118620 secs] 644197K->367302K(1013632K), 0,0119970 secs] [Times: user=0,08 sys=0,00, real=0,01 secs] 
2015-08-29T00:48:01.895+0200: 120070,072: [GC2015-08-29T00:48:01.895+0200: 120070,072: [ParNew: 289493K->9143K(314560K), 0,0118040 secs] 646918K->367517K(1013632K), 0,0119180 secs] [Times: user=0,07 sys=0,00, real=0,02 secs] 
2015-08-29T00:49:00.959+0200: 120129,135: [GC2015-08-29T00:49:00.959+0200: 120129,135: [ParNew: 288759K->8785K(314560K), 0,0116000 secs] 647133K->368116K(1013632K), 0,0117200 secs] [Times: user=0,09 sys=0,00, real=0,01 secs] 
2015-08-29T00:50:00.022+0200: 120188,199: [GC2015-08-29T00:50:00.022+0200: 120188,199: [ParNew: 288401K->10232K(314560K), 0,0169970 secs] 647732K->370521K(1013632K), 0,0170920 secs] [Times: user=0,12 sys=0,00, real=0,02 secs] 
2015-08-29T00:50:59.272+0200: 120247,449: [GC2015-08-29T00:50:59.272+0200: 120247,449: [ParNew: 289848K->6903K(314560K), 0,0120570 secs] 650137K->368155K(1013632K), 0,0121750 secs] [Times: user=0,09 sys=0,00, real=0,01 secs] 
2015-08-29T00:51:58.105+0200: 120306,281: [GC2015-08-29T00:51:58.105+0200: 120306,282: [ParNew: 286519K->8118K(314560K), 0,0103100 secs] 647771K->370323K(1013632K), 0,0104320 secs] [Times: user=0,05 sys=0,01, real=0,00 secs] 
2015-08-29T00:52:57.195+0200: 120365,372: [GC2015-08-29T00:52:57.195+0200: 120365,372: [ParNew: 287734K->8872K(314560K), 0,0112160 secs] 649939K->372014K(1013632K), 0,0113310 secs] [Times: user=0,09 sys=0,00, real=0,02 secs] 
2015-08-29T00:53:56.258+0200: 120424,434: [GC2015-08-29T00:53:56.258+0200: 120424,434: [ParNew: 288488K->9183K(314560K), 0,0112020 secs] 651630K->373323K(1013632K), 0,0113370 secs] [Times: user=0,09 sys=0,00, real=0,01 secs] 
2015-08-29T00:54:55.317+0200: 120483,493: [GC2015-08-29T00:54:55.317+0200: 120483,493: [ParNew: 288799K->8552K(314560K), 0,0121770 secs] 652939K->373722K(1013632K), 0,0122930 secs] [Times: user=0,08 sys=0,00, real=0,01 secs] 
2015-08-29T00:55:54.385+0200: 120542,561: [GC2015-08-29T00:55:54.385+0200: 120542,561: [ParNew: 288168K->7819K(314560K), 0,0112040 secs] 653338K->373935K(1013632K), 0,0113150 secs] [Times: user=0,07 sys=0,01, real=0,00 secs] 
2015-08-29T00:56:53.105+0200: 120601,281: [GC2015-08-29T00:56:53.105+0200: 120601,281: [ParNew: 287435K->8829K(314560K), 0,0108790 secs] 653551K->375893K(1013632K), 0,0109940 secs] [Times: user=0,07 sys=0,00, real=0,00 secs] 
2015-08-29T00:57:52.008+0200: 120660,184: [GC2015-08-29T00:57:52.008+0200: 120660,185: [ParNew: 288445K->9532K(314560K), 0,0134260 secs] 655509K->377556K(1013632K), 0,0135270 secs] [Times: user=0,08 sys=0,00, real=0,01 secs] 
2015-08-29T00:58:50.911+0200: 120719,087: [GC2015-08-29T00:58:50.911+0200: 120719,087: [ParNew: 289148K->9610K(314560K), 0,0109320 secs] 657172K->378594K(1013632K), 0,0110670 secs] [Times: user=0,08 sys=0,00, real=0,01 secs] 
2015-08-29T00:59:49.823+0200: 120777,999: [GC2015-08-29T00:59:49.823+0200: 120777,999: [ParNew: 289226K->9709K(314560K), 0,0128950 secs] 658210K->379666K(1013632K), 0,0130190 secs] [Times: user=0,08 sys=0,00, real=0,01 secs] 
2015-08-29T01:00:48.875+0200: 120837,051: [GC2015-08-29T01:00:48.875+0200: 120837,051: [ParNew: 289325K->9075K(314560K), 0,0110450 secs] 659282K->379986K(1013632K), 0,0111820 secs] [Times: user=0,08 sys=0,00, real=0,02 secs] 
2015-08-29T01:01:47.726+0200: 120895,903: [GC2015-08-29T01:01:47.726+0200: 120895,903: [ParNew: 288691K->10740K(314560K), 0,0111970 secs] 659602K->382608K(1013632K), 0,0113110 secs] [Times: user=0,08 sys=0,00, real=0,01 secs] 
2015-08-29T01:02:46.791+0200: 120954,968: [GC2015-08-29T01:02:46.791+0200: 120954,968: [ParNew: 290356K->8227K(314560K), 0,0117110 secs] 662224K->381142K(1013632K), 0,0118250 secs] [Times: user=0,11 sys=0,00, real=0,01 secs] 
2015-08-29T01:03:45.855+0200: 121014,031: [GC2015-08-29T01:03:45.855+0200: 121014,031: [ParNew: 287843K->9170K(314560K), 0,0112380 secs] 660758K->383121K(1013632K), 0,0113500 secs] [Times: user=0,09 sys=0,00, real=0,02 secs] 
2015-08-29T01:04:44.921+0200: 121073,098: [GC2015-08-29T01:04:44.921+0200: 121073,098: [ParNew: 288786K->9913K(314560K), 0,0117830 secs] 662737K->384806K(1013632K), 0,0119050 secs] [Times: user=0,07 sys=0,00, real=0,01 secs] 
2015-08-29T01:05:44.234+0200: 121132,411: [GC2015-08-29T01:05:44.234+0200: 121132,411: [ParNew: 289529K->7864K(314560K), 0,0106630 secs] 664422K->383723K(1013632K), 0,0107780 secs] [Times: user=0,10 sys=0,00, real=0,02 secs] 
2015-08-29T01:06:43.239+0200: 121191,415: [GC2015-08-29T01:06:43.239+0200: 121191,415: [ParNew: 287480K->9337K(314560K), 0,0110730 secs] 663339K->386158K(1013632K), 0,0111730 secs] [Times: user=0,08 sys=0,00, real=0,01 secs] 
2015-08-29T01:07:42.287+0200: 121250,464: [GC2015-08-29T01:07:42.287+0200: 121250,464: [ParNew: 288953K->9405K(314560K), 0,0122290 secs] 665774K->387160K(1013632K), 0,0123470 secs] [Times: user=0,08 sys=0,00, real=0,01 secs] 
2015-08-29T01:08:41.335+0200: 121309,512: [GC2015-08-29T01:08:41.335+0200: 121309,512: [ParNew: 289021K->8991K(314560K), 0,0117480 secs] 666776K->387708K(1013632K), 0,0118590 secs] [Times: user=0,10 sys=0,00, real=0,02 secs] 
2015-08-29T01:09:40.534+0200: 121368,710: [GC2015-08-29T01:09:40.534+0200: 121368,710: [ParNew: 288607K->9932K(314560K), 0,0112830 secs] 667324K->389615K(1013632K), 0,0113980 secs] [Times: user=0,09 sys=0,00, real=0,02 secs] 
2015-08-29T01:10:39.435+0200: 121427,612: [GC2015-08-29T01:10:39.435+0200: 121427,612: [ParNew: 289548K->10096K(314560K), 0,0115030 secs] 669231K->390784K(1013632K), 0,0116120 secs] [Times: user=0,07 sys=0,00, real=0,02 secs] 
2015-08-29T01:11:38.105+0200: 121486,281: [GC2015-08-29T01:11:38.105+0200: 121486,281: [ParNew: 289712K->8612K(314560K), 0,0112690 secs] 670400K->390350K(1013632K), 0,0113870 secs] [Times: user=0,08 sys=0,00, real=0,00 secs] 
2015-08-29T01:12:37.344+0200: 121545,521: [GC2015-08-29T01:12:37.344+0200: 121545,521: [ParNew: 288228K->8615K(314560K), 0,0131580 secs] 669966K->391287K(1013632K), 0,0132610 secs] [Times: user=0,10 sys=0,00, real=0,02 secs] 
2015-08-29T01:13:36.409+0200: 121604,585: [GC2015-08-29T01:13:36.409+0200: 121604,586: [ParNew: 288231K->8857K(314560K), 0,0108990 secs] 670903K->392501K(1013632K), 0,0110100 secs] [Times: user=0,08 sys=0,00, real=0,01 secs] 
2015-08-29T01:14:35.470+0200: 121663,646: [GC2015-08-29T01:14:35.470+0200: 121663,646: [ParNew: 288473K->7321K(314560K), 0,0110520 secs] 672117K->391930K(1013632K), 0,0112040 secs] [Times: user=0,07 sys=0,00, real=0,01 secs] 
2015-08-29T01:15:34.535+0200: 121722,712: [GC2015-08-29T01:15:34.535+0200: 121722,712: [ParNew: 286937K->8858K(314560K), 0,0130450 secs] 671546K->394443K(1013632K), 0,0131580 secs] [Times: user=0,10 sys=0,00, real=0,02 secs] 
2015-08-29T01:16:33.199+0200: 121781,376: [GC2015-08-29T01:16:33.199+0200: 121781,376: [ParNew: 288474K->9713K(314560K), 0,0118260 secs] 674059K->396248K(1013632K), 0,0119190 secs] [Times: user=0,09 sys=0,00, real=0,01 secs] 
2015-08-29T01:17:32.155+0200: 121840,332: [GC2015-08-29T01:17:32.155+0200: 121840,332: [ParNew: 289329K->9855K(314560K), 0,0095700 secs] 675864K->397338K(1013632K), 0,0096740 secs] [Times: user=0,08 sys=0,00, real=0,02 secs] 
2015-08-29T01:18:31.216+0200: 121899,393: [GC2015-08-29T01:18:31.216+0200: 121899,393: [ParNew: 289471K->10005K(314560K), 0,0147050 secs] 676954K->398453K(1013632K), 0,0148240 secs] [Times: user=0,10 sys=0,00, real=0,02 secs] 
2015-08-29T01:19:30.283+0200: 121958,460: [GC2015-08-29T01:19:30.283+0200: 121958,460: [ParNew: 289621K->9362K(314560K), 0,0120290 secs] 678069K->398844K(1013632K), 0,0121370 secs] [Times: user=0,10 sys=0,00, real=0,01 secs] 
2015-08-29T01:20:29.350+0200: 122017,526: [GC2015-08-29T01:20:29.350+0200: 122017,526: [ParNew: 288978K->10990K(314560K), 0,0121910 secs] 678460K->401521K(1013632K), 0,0123120 secs] [Times: user=0,10 sys=0,00, real=0,01 secs] 
2015-08-29T01:21:28.105+0200: 122076,281: [GC2015-08-29T01:21:28.105+0200: 122076,282: [ParNew: 290606K->8355K(314560K), 0,0106270 secs] 681137K->399855K(1013632K), 0,0107720 secs] [Times: user=0,08 sys=0,00, real=0,00 secs] 
2015-08-29T01:22:27.388+0200: 122135,565: [GC2015-08-29T01:22:27.388+0200: 122135,565: [ParNew: 287971K->8031K(314560K), 0,0110470 secs] 679471K->400489K(1013632K), 0,0111670 secs] [Times: user=0,08 sys=0,00, real=0,01 secs] 
2015-08-29T01:23:26.221+0200: 122194,398: [GC2015-08-29T01:23:26.221+0200: 122194,398: [ParNew: 287647K->9389K(314560K), 0,0104010 secs] 680105K->402802K(1013632K), 0,0105020 secs] [Times: user=0,06 sys=0,00, real=0,01 secs] 
2015-08-29T01:24:25.071+0200: 122253,248: [GC2015-08-29T01:24:25.071+0200: 122253,248: [ParNew: 289005K->10409K(314560K), 0,0137730 secs] 682418K->404785K(1013632K), 0,0138690 secs] [Times: user=0,11 sys=0,00, real=0,02 secs] 
2015-08-29T01:25:24.065+0200: 122312,241: [GC2015-08-29T01:25:24.065+0200: 122312,241: [ParNew: 290025K->7555K(314560K), 0,0108580 secs] 684401K->402898K(1013632K), 0,0109700 secs] [Times: user=0,07 sys=0,00, real=0,00 secs] 
2015-08-29T01:26:22.892+0200: 122371,068: [GC2015-08-29T01:26:22.892+0200: 122371,068: [ParNew: 287171K->9082K(314560K), 0,0115290 secs] 682514K->405390K(1013632K), 0,0116470 secs] [Times: user=0,08 sys=0,00, real=0,01 secs] 
2015-08-29T01:27:21.403+0200: 122429,580: [GC2015-08-29T01:27:21.403+0200: 122429,580: [ParNew: 288698K->9923K(314560K), 0,0126740 secs] 685006K->407243K(1013632K), 0,0128150 secs] [Times: user=0,10 sys=0,00, real=0,01 secs] 
2015-08-29T01:28:20.197+0200: 122488,374: [GC2015-08-29T01:28:20.197+0200: 122488,374: [ParNew: 289539K->9392K(314560K), 0,0110610 secs] 686859K->407768K(1013632K), 0,0112030 secs] [Times: user=0,07 sys=0,01, real=0,01 secs] 
2015-08-29T01:29:19.602+0200: 122547,778: [GC2015-08-29T01:29:19.602+0200: 122547,778: [ParNew: 289008K->7522K(314560K), 0,0112540 secs] 687384K->406853K(1013632K), 0,0113810 secs] [Times: user=0,10 sys=0,00, real=0,01 secs] 
2015-08-29T01:30:18.199+0200: 122606,376: [GC2015-08-29T01:30:18.199+0200: 122606,376: [ParNew: 287138K->8842K(314560K), 0,0147630 secs] 686469K->409151K(1013632K), 0,0148820 secs] [Times: user=0,11 sys=0,00, real=0,01 secs] 
2015-08-29T01:31:16.968+0200: 122665,145: [GC2015-08-29T01:31:16.968+0200: 122665,145: [ParNew: 288458K->7106K(314560K), 0,0107710 secs] 688767K->408384K(1013632K), 0,0108820 secs] [Times: user=0,06 sys=0,00, real=0,01 secs] 
2015-08-29T01:32:16.035+0200: 122724,212: [GC2015-08-29T01:32:16.035+0200: 122724,212: [ParNew: 286722K->6025K(314560K), 0,0095890 secs] 688000K->408268K(1013632K), 0,0097020 secs] [Times: user=0,07 sys=0,00, real=0,02 secs] 
2015-08-29T01:33:15.099+0200: 122783,276: [GC2015-08-29T01:33:15.100+0200: 122783,276: [ParNew: 285641K->6347K(314560K), 0,0101350 secs] 687884K->409706K(1013632K), 0,0102970 secs] [Times: user=0,07 sys=0,00, real=0,01 secs] 
2015-08-29T01:34:13.862+0200: 122842,039: [GC2015-08-29T01:34:13.862+0200: 122842,039: [ParNew: 285963K->4515K(314560K), 0,0075700 secs] 689322K->408449K(1013632K), 0,0076850 secs] [Times: user=0,06 sys=0,00, real=0,01 secs] 
2015-08-29T01:35:12.712+0200: 122900,888: [GC2015-08-29T01:35:12.712+0200: 122900,888: [ParNew: 284131K->4545K(314560K), 0,0072610 secs] 688065K->408984K(1013632K), 0,0073680 secs] [Times: user=0,06 sys=0,00, real=0,01 secs] 
2015-08-29T01:36:11.774+0200: 122959,951: [GC2015-08-29T01:36:11.774+0200: 122959,951: [ParNew: 284161K->4852K(314560K), 0,0078260 secs] 688600K->409948K(1013632K), 0,0079480 secs] [Times: user=0,06 sys=0,00, real=0,01 secs] 
2015-08-29T01:37:10.572+0200: 123018,748: [GC2015-08-29T01:37:10.572+0200: 123018,748: [ParNew: 284468K->5653K(314560K), 0,0105200 secs] 689564K->411416K(1013632K), 0,0106260 secs] [Times: user=0,06 sys=0,00, real=0,01 secs] 
2015-08-29T01:38:09.828+0200: 123078,005: [GC2015-08-29T01:38:09.829+0200: 123078,005: [ParNew: 285269K->5909K(314560K), 0,0064130 secs] 691032K->411789K(1013632K), 0,0065290 secs] [Times: user=0,04 sys=0,00, real=0,00 secs] 
2015-08-29T01:39:08.656+0200: 123136,833: [GC2015-08-29T01:39:08.656+0200: 123136,833: [ParNew: 285525K->5942K(314560K), 0,0135100 secs] 691405K->412039K(1013632K), 0,0136140 secs] [Times: user=0,08 sys=0,00, real=0,01 secs] 
2015-08-29T01:40:07.491+0200: 123195,668: [GC2015-08-29T01:40:07.491+0200: 123195,668: [ParNew: 285558K->8642K(314560K), 0,0096270 secs] 691655K->415206K(1013632K), 0,0097410 secs] [Times: user=0,09 sys=0,00, real=0,01 secs] 
2015-08-29T01:41:06.553+0200: 123254,730: [GC2015-08-29T01:41:06.553+0200: 123254,730: [ParNew: 288258K->5983K(314560K), 0,0097040 secs] 694822K->413107K(1013632K), 0,0098230 secs] [Times: user=0,08 sys=0,00, real=0,01 secs] 
2015-08-29T01:42:05.618+0200: 123313,794: [GC2015-08-29T01:42:05.618+0200: 123313,794: [ParNew: 285599K->9246K(314560K), 0,0103340 secs] 692723K->417015K(1013632K), 0,0104720 secs] [Times: user=0,07 sys=0,00, real=0,01 secs] 
2015-08-29T01:43:04.380+0200: 123372,556: [GC2015-08-29T01:43:04.380+0200: 123372,556: [ParNew: 288862K->9283K(314560K), 0,0097220 secs] 696631K->417902K(1013632K), 0,0098290 secs] [Times: user=0,08 sys=0,00, real=0,01 secs] 
2015-08-29T01:44:03.105+0200: 123431,282: [GC2015-08-29T01:44:03.105+0200: 123431,282: [ParNew: 288899K->9824K(314560K), 0,0111790 secs] 697518K->419417K(1013632K), 0,0113520 secs] [Times: user=0,08 sys=0,01, real=0,01 secs] 
2015-08-29T01:45:02.293+0200: 123490,470: [GC2015-08-29T01:45:02.293+0200: 123490,470: [ParNew: 289440K->10033K(314560K), 0,0148200 secs] 699033K->420651K(1013632K), 0,0149570 secs] [Times: user=0,08 sys=0,01, real=0,02 secs] 
2015-08-29T01:46:01.638+0200: 123549,815: [GC2015-08-29T01:46:01.638+0200: 123549,815: [ParNew: 289649K->9330K(314560K), 0,0112730 secs] 700267K->420890K(1013632K), 0,0113820 secs] [Times: user=0,09 sys=0,00, real=0,01 secs] 
2015-08-29T01:47:00.873+0200: 123609,049: [GC2015-08-29T01:47:00.873+0200: 123609,049: [ParNew: 288946K->9536K(314560K), 0,0109230 secs] 700506K->422055K(1013632K), 0,0110420 secs] [Times: user=0,07 sys=0,00, real=0,01 secs] 
2015-08-29T01:47:59.472+0200: 123667,649: [GC2015-08-29T01:47:59.472+0200: 123667,649: [ParNew: 289152K->8773K(314560K), 0,0109660 secs] 701671K->422247K(1013632K), 0,0110780 secs] [Times: user=0,08 sys=0,01, real=0,01 secs] 
2015-08-29T01:48:58.136+0200: 123726,313: [GC2015-08-29T01:48:58.136+0200: 123726,313: [ParNew: 288389K->8854K(314560K), 0,0099240 secs] 701863K->423277K(1013632K), 0,0100300 secs] [Times: user=0,08 sys=0,00, real=0,02 secs] 
2015-08-29T01:49:57.089+0200: 123785,266: [GC2015-08-29T01:49:57.089+0200: 123785,266: [ParNew: 288470K->8967K(314560K), 0,0117830 secs] 702893K->424337K(1013632K), 0,0119010 secs] [Times: user=0,08 sys=0,00, real=0,01 secs] 
2015-08-29T01:50:56.155+0200: 123844,331: [GC2015-08-29T01:50:56.155+0200: 123844,332: [ParNew: 288583K->9097K(314560K), 0,0101810 secs] 703953K->425420K(1013632K), 0,0102920 secs] [Times: user=0,09 sys=0,00, real=0,02 secs] 
2015-08-29T01:51:55.212+0200: 123903,389: [GC2015-08-29T01:51:55.212+0200: 123903,389: [ParNew: 288713K->10766K(314560K), 0,0114420 secs] 705036K->428063K(1013632K), 0,0115800 secs] [Times: user=0,11 sys=0,00, real=0,01 secs] 
2015-08-29T01:52:54.276+0200: 123962,453: [GC2015-08-29T01:52:54.276+0200: 123962,453: [ParNew: 290382K->7760K(314560K), 0,0111010 secs] 707679K->426111K(1013632K), 0,0112140 secs] [Times: user=0,07 sys=0,01, real=0,02 secs] 
2015-08-29T01:53:53.105+0200: 124021,281: [GC2015-08-29T01:53:53.105+0200: 124021,281: [ParNew: 287376K->9892K(314560K), 0,0118230 secs] 705727K->429280K(1013632K), 0,0119380 secs] [Times: user=0,06 sys=0,00, real=0,01 secs] 
2015-08-29T01:54:51.894+0200: 124080,070: [GC2015-08-29T01:54:51.894+0200: 124080,070: [ParNew: 289508K->8381K(314560K), 0,0108190 secs] 708896K->428709K(1013632K), 0,0109280 secs] [Times: user=0,07 sys=0,00, real=0,02 secs] 
2015-08-29T01:55:50.957+0200: 124139,134: [GC2015-08-29T01:55:50.957+0200: 124139,134: [ParNew: 287997K->8800K(314560K), 0,0135680 secs] 708325K->430088K(1013632K), 0,0136950 secs] [Times: user=0,08 sys=0,00, real=0,01 secs] 
2015-08-29T01:56:50.024+0200: 124198,201: [GC2015-08-29T01:56:50.024+0200: 124198,201: [ParNew: 288416K->10269K(314560K), 0,0124620 secs] 709704K->432515K(1013632K), 0,0125760 secs] [Times: user=0,07 sys=0,00, real=0,02 secs] 
2015-08-29T01:57:48.991+0200: 124257,167: [GC2015-08-29T01:57:48.991+0200: 124257,167: [ParNew: 289885K->8323K(314560K), 0,0132450 secs] 712131K->431518K(1013632K), 0,0133670 secs] [Times: user=0,08 sys=0,00, real=0,01 secs] 
2015-08-29T01:58:47.654+0200: 124315,830: [GC2015-08-29T01:58:47.654+0200: 124315,830: [ParNew: 287939K->8200K(314560K), 0,0119350 secs] 711134K->432359K(1013632K), 0,0120540 secs] [Times: user=0,09 sys=0,00, real=0,02 secs] 
2015-08-29T01:59:46.717+0200: 124374,894: [GC2015-08-29T01:59:46.717+0200: 124374,894: [ParNew: 287816K->9681K(314560K), 0,0121690 secs] 711975K->434787K(1013632K), 0,0122900 secs] [Times: user=0,10 sys=0,00, real=0,01 secs] 
2015-08-29T02:00:45.595+0200: 124433,772: [GC2015-08-29T02:00:45.595+0200: 124433,772: [ParNew: 289297K->9218K(314560K), 0,0120410 secs] 714403K->435328K(1013632K), 0,0121640 secs] [Times: user=0,09 sys=0,00, real=0,02 secs] 
2015-08-29T02:01:44.830+0200: 124493,007: [GC2015-08-29T02:01:44.830+0200: 124493,007: [ParNew: 288834K->9314K(314560K), 0,0128360 secs] 714944K->436466K(1013632K), 0,0129440 secs] [Times: user=0,10 sys=0,00, real=0,01 secs] 
2015-08-29T02:02:43.684+0200: 124551,860: [GC2015-08-29T02:02:43.684+0200: 124551,861: [ParNew: 288930K->7011K(314560K), 0,0112680 secs] 716082K->435120K(1013632K), 0,0113820 secs] [Times: user=0,10 sys=0,00, real=0,01 secs] 
2015-08-29T02:03:42.954+0200: 124611,130: [GC2015-08-29T02:03:42.954+0200: 124611,130: [ParNew: 286627K->8804K(314560K), 0,0109690 secs] 714736K->437879K(1013632K), 0,0110870 secs] [Times: user=0,08 sys=0,00, real=0,02 secs] 
2015-08-29T02:04:42.024+0200: 124670,201: [GC2015-08-29T02:04:42.024+0200: 124670,201: [ParNew: 288420K->8748K(314560K), 0,0132180 secs] 717495K->438769K(1013632K), 0,0133190 secs] [Times: user=0,08 sys=0,00, real=0,01 secs] 
2015-08-29T02:05:40.986+0200: 124729,162: [GC2015-08-29T02:05:40.986+0200: 124729,162: [ParNew: 288364K->9578K(314560K), 0,0142900 secs] 718385K->440546K(1013632K), 0,0144140 secs] [Times: user=0,08 sys=0,00, real=0,01 secs] 
2015-08-29T02:06:39.870+0200: 124788,046: [GC2015-08-29T02:06:39.870+0200: 124788,046: [ParNew: 289194K->9728K(314560K), 0,0112990 secs] 720162K->441633K(1013632K), 0,0114130 secs] [Times: user=0,09 sys=0,00, real=0,01 secs] 
2015-08-29T02:07:38.690+0200: 124846,866: [GC2015-08-29T02:07:38.690+0200: 124846,866: [ParNew: 289344K->9121K(314560K), 0,0108000 secs] 721249K->441988K(1013632K), 0,0109010 secs] [Times: user=0,07 sys=0,00, real=0,01 secs] 
2015-08-29T02:08:37.972+0200: 124906,149: [GC2015-08-29T02:08:37.972+0200: 124906,149: [ParNew: 288737K->9214K(314560K), 0,0114800 secs] 721604K->443063K(1013632K), 0,0115870 secs] [Times: user=0,07 sys=0,01, real=0,01 secs] 
2015-08-29T02:09:37.211+0200: 124965,388: [GC2015-08-29T02:09:37.211+0200: 124965,388: [ParNew: 288830K->9317K(314560K), 0,0145970 secs] 722679K->444206K(1013632K), 0,0147350 secs] [Times: user=0,11 sys=0,00, real=0,02 secs] 
2015-08-29T02:10:35.850+0200: 125024,026: [GC2015-08-29T02:10:35.850+0200: 125024,026: [ParNew: 288933K->9362K(314560K), 0,0115090 secs] 723822K->445296K(1013632K), 0,0116250 secs] [Times: user=0,09 sys=0,00, real=0,01 secs] 
2015-08-29T02:11:34.913+0200: 125083,089: [GC2015-08-29T02:11:34.913+0200: 125083,089: [ParNew: 288978K->8581K(314560K), 0,0112290 secs] 724912K->445479K(1013632K), 0,0113390 secs] [Times: user=0,07 sys=0,00, real=0,01 secs] 
2015-08-29T02:12:33.972+0200: 125142,149: [GC2015-08-29T02:12:33.972+0200: 125142,149: [ParNew: 288197K->8841K(314560K), 0,0136480 secs] 725095K->446686K(1013632K), 0,0137570 secs] [Times: user=0,08 sys=0,00, real=0,02 secs] 
2015-08-29T02:13:32.847+0200: 125201,023: [GC2015-08-29T02:13:32.847+0200: 125201,023: [ParNew: 288457K->10277K(314560K), 0,0115800 secs] 726302K->449049K(1013632K), 0,0117010 secs] [Times: user=0,10 sys=0,00, real=0,01 secs] 
2015-08-29T02:14:31.586+0200: 125259,762: [GC2015-08-29T02:14:31.586+0200: 125259,762: [ParNew: 289893K->7413K(314560K), 0,0115010 secs] 728665K->447150K(1013632K), 0,0116070 secs] [Times: user=0,09 sys=0,00, real=0,01 secs] 
2015-08-29T02:15:30.652+0200: 125318,828: [GC2015-08-29T02:15:30.652+0200: 125318,828: [ParNew: 287029K->8877K(314560K), 0,0120650 secs] 726766K->449583K(1013632K), 0,0121910 secs] [Times: user=0,10 sys=0,00, real=0,01 secs] 
2015-08-29T02:16:29.837+0200: 125378,014: [GC2015-08-29T02:16:29.837+0200: 125378,014: [ParNew: 288493K->9676K(314560K), 0,0115520 secs] 729199K->451327K(1013632K), 0,0116860 secs] [Times: user=0,08 sys=0,01, real=0,01 secs] 
2015-08-29T02:17:29.208+0200: 125437,385: [GC2015-08-29T02:17:29.208+0200: 125437,385: [ParNew: 289292K->10010K(314560K), 0,0118330 secs] 730943K->452680K(1013632K), 0,0119500 secs] [Times: user=0,09 sys=0,00, real=0,01 secs] 
2015-08-29T02:18:28.105+0200: 125496,281: [GC2015-08-29T02:18:28.105+0200: 125496,281: [ParNew: 289626K->9345K(314560K), 0,0097460 secs] 732296K->453052K(1013632K), 0,0098500 secs] [Times: user=0,07 sys=0,00, real=0,00 secs] 
2015-08-29T02:19:27.359+0200: 125555,536: [GC2015-08-29T02:19:27.359+0200: 125555,536: [ParNew: 288961K->7029K(314560K), 0,0107500 secs] 732668K->451682K(1013632K), 0,0108750 secs] [Times: user=0,10 sys=0,00, real=0,01 secs] 
2015-08-29T02:20:26.326+0200: 125614,502: [GC2015-08-29T02:20:26.326+0200: 125614,502: [ParNew: 286645K->8102K(314560K), 0,0116900 secs] 731298K->453715K(1013632K), 0,0118080 secs] [Times: user=0,11 sys=0,00, real=0,01 secs] 
2015-08-29T02:21:25.481+0200: 125673,658: [GC2015-08-29T02:21:25.481+0200: 125673,658: [ParNew: 287718K->9527K(314560K), 0,0115530 secs] 733331K->456091K(1013632K), 0,0116690 secs] [Times: user=0,10 sys=0,00, real=0,01 secs] 
2015-08-29T02:22:24.549+0200: 125732,725: [GC2015-08-29T02:22:24.549+0200: 125732,725: [ParNew: 289143K->8889K(314560K), 0,0110650 secs] 735707K->456424K(1013632K), 0,0111740 secs] [Times: user=0,08 sys=0,00, real=0,01 secs] 
2015-08-29T02:23:23.613+0200: 125791,789: [GC2015-08-29T02:23:23.613+0200: 125791,789: [ParNew: 288505K->9753K(314560K), 0,0113770 secs] 736040K->458242K(1013632K), 0,0115090 secs] [Times: user=0,07 sys=0,01, real=0,02 secs] 
2015-08-29T02:24:22.625+0200: 125850,802: [GC2015-08-29T02:24:22.625+0200: 125850,802: [ParNew: 289369K->9124K(314560K), 0,0115880 secs] 737858K->458561K(1013632K), 0,0117180 secs] [Times: user=0,07 sys=0,00, real=0,01 secs] 
2015-08-29T02:25:21.732+0200: 125909,908: [GC2015-08-29T02:25:21.732+0200: 125909,908: [ParNew: 288740K->8470K(314560K), 0,0119910 secs] 738177K->458889K(1013632K), 0,0121040 secs] [Times: user=0,09 sys=0,00, real=0,01 secs] 
2015-08-29T02:26:20.740+0200: 125968,917: [GC2015-08-29T02:26:20.740+0200: 125968,917: [ParNew: 288086K->10126K(314560K), 0,0131130 secs] 738505K->461587K(1013632K), 0,0132340 secs] [Times: user=0,10 sys=0,00, real=0,01 secs] 
2015-08-29T02:27:19.217+0200: 126027,393: [GC2015-08-29T02:27:19.217+0200: 126027,394: [ParNew: 289742K->11721K(314560K), 0,0132350 secs] 741203K->464230K(1013632K), 0,0133520 secs] [Times: user=0,09 sys=0,00, real=0,01 secs] 
2015-08-29T02:28:18.105+0200: 126086,281: [GC2015-08-29T02:28:18.105+0200: 126086,281: [ParNew: 291337K->8562K(314560K), 0,0099120 secs] 743846K->462038K(1013632K), 0,0100400 secs] [Times: user=0,07 sys=0,00, real=0,00 secs] 
2015-08-29T02:29:17.285+0200: 126145,461: [GC2015-08-29T02:29:17.285+0200: 126145,461: [ParNew: 288178K->8716K(314560K), 0,0131650 secs] 741654K->463143K(1013632K), 0,0132690 secs] [Times: user=0,08 sys=0,00, real=0,01 secs] 
2015-08-29T02:30:16.521+0200: 126204,698: [GC2015-08-29T02:30:16.521+0200: 126204,698: [ParNew: 288332K->8858K(314560K), 0,0119150 secs] 742759K->464224K(1013632K), 0,0120310 secs] [Times: user=0,08 sys=0,00, real=0,01 secs] 
2015-08-29T02:31:14.957+0200: 126263,134: [GC2015-08-29T02:31:14.957+0200: 126263,134: [ParNew: 288474K->7285K(314560K), 0,0097660 secs] 743840K->463615K(1013632K), 0,0098620 secs] [Times: user=0,07 sys=0,00, real=0,01 secs] 
2015-08-29T02:32:14.126+0200: 126322,303: [GC2015-08-29T02:32:14.126+0200: 126322,303: [ParNew: 286901K->6227K(314560K), 0,0076180 secs] 743231K->463513K(1013632K), 0,0077410 secs] [Times: user=0,06 sys=0,00, real=0,00 secs] 
2015-08-29T02:33:12.844+0200: 126381,021: [GC2015-08-29T02:33:12.844+0200: 126381,021: [ParNew: 285843K->4812K(314560K), 0,0090830 secs] 743129K->463238K(1013632K), 0,0092100 secs] [Times: user=0,07 sys=0,00, real=0,00 secs] 
2015-08-29T02:34:12.145+0200: 126440,321: [GC2015-08-29T02:34:12.145+0200: 126440,321: [ParNew: 284428K->4322K(314560K), 0,0052170 secs] 742854K->463395K(1013632K), 0,0053260 secs] [Times: user=0,04 sys=0,00, real=0,00 secs] 
2015-08-29T02:35:11.131+0200: 126499,307: [GC2015-08-29T02:35:11.131+0200: 126499,307: [ParNew: 283938K->5657K(314560K), 0,0080690 secs] 743011K->465327K(1013632K), 0,0081900 secs] [Times: user=0,06 sys=0,00, real=0,01 secs] 
2015-08-29T02:36:10.352+0200: 126558,529: [GC2015-08-29T02:36:10.352+0200: 126558,529: [ParNew: 285273K->3978K(314560K), 0,0074060 secs] 744943K->464238K(1013632K), 0,0075120 secs] [Times: user=0,06 sys=0,00, real=0,01 secs] 
2015-08-29T02:37:09.217+0200: 126617,394: [GC2015-08-29T02:37:09.217+0200: 126617,394: [ParNew: 283594K->4223K(314560K), 0,0076260 secs] 743854K->465062K(1013632K), 0,0077540 secs] [Times: user=0,04 sys=0,01, real=0,01 secs] 
2015-08-29T02:38:07.968+0200: 126676,145: [GC2015-08-29T02:38:07.968+0200: 126676,145: [ParNew: 283839K->5538K(314560K), 0,0064200 secs] 744678K->466495K(1013632K), 0,0065330 secs] [Times: user=0,06 sys=0,00, real=0,00 secs] 
2015-08-29T02:39:07.304+0200: 126735,480: [GC2015-08-29T02:39:07.304+0200: 126735,480: [ParNew: 285154K->6942K(314560K), 0,0082190 secs] 746111K->468125K(1013632K), 0,0083430 secs] [Times: user=0,06 sys=0,00, real=0,01 secs] 
2015-08-29T02:40:06.485+0200: 126794,661: [GC2015-08-29T02:40:06.485+0200: 126794,661: [ParNew: 286558K->8402K(314560K), 0,0093240 secs] 747741K->470062K(1013632K), 0,0094480 secs] [Times: user=0,07 sys=0,00, real=0,00 secs] 
2015-08-29T02:41:05.392+0200: 126853,568: [GC2015-08-29T02:41:05.392+0200: 126853,568: [ParNew: 288018K->8893K(314560K), 0,0101630 secs] 749678K->471111K(1013632K), 0,0102840 secs] [Times: user=0,08 sys=0,00, real=0,01 secs] 
2015-08-29T02:42:04.584+0200: 126912,760: [GC2015-08-29T02:42:04.584+0200: 126912,760: [ParNew: 288509K->9068K(314560K), 0,0113870 secs] 750727K->471972K(1013632K), 0,0115060 secs] [Times: user=0,07 sys=0,00, real=0,01 secs] 
2015-08-29T02:43:03.496+0200: 126971,673: [GC2015-08-29T02:43:03.496+0200: 126971,673: [ParNew: 288684K->9681K(314560K), 0,0131340 secs] 751588K->473542K(1013632K), 0,0132370 secs] [Times: user=0,10 sys=0,00, real=0,02 secs] 
2015-08-29T02:44:02.702+0200: 127030,878: [GC2015-08-29T02:44:02.702+0200: 127030,878: [ParNew: 289297K->9164K(314560K), 0,0118400 secs] 753158K->474040K(1013632K), 0,0119570 secs] [Times: user=0,09 sys=0,00, real=0,01 secs] 
2015-08-29T02:45:01.591+0200: 127089,767: [GC2015-08-29T02:45:01.591+0200: 127089,767: [ParNew: 288780K->7695K(314560K), 0,0104650 secs] 753656K->473512K(1013632K), 0,0105870 secs] [Times: user=0,09 sys=0,00, real=0,01 secs] 
2015-08-29T02:46:00.856+0200: 127149,033: [GC2015-08-29T02:46:00.856+0200: 127149,033: [ParNew: 287311K->9477K(314560K), 0,0121970 secs] 753128K->476232K(1013632K), 0,0123330 secs] [Times: user=0,08 sys=0,00, real=0,02 secs] 
2015-08-29T02:46:59.686+0200: 127207,862: [GC2015-08-29T02:46:59.686+0200: 127207,862: [ParNew: 289093K->8000K(314560K), 0,0108750 secs] 755848K->475694K(1013632K), 0,0109890 secs] [Times: user=0,08 sys=0,00, real=0,01 secs] 
2015-08-29T02:47:58.919+0200: 127267,095: [GC2015-08-29T02:47:58.919+0200: 127267,095: [ParNew: 287616K->8815K(314560K), 0,0113630 secs] 755310K->477446K(1013632K), 0,0114680 secs] [Times: user=0,09 sys=0,00, real=0,01 secs] 
2015-08-29T02:48:57.772+0200: 127325,949: [GC2015-08-29T02:48:57.772+0200: 127325,949: [ParNew: 288431K->9721K(314560K), 0,0111770 secs] 757062K->479296K(1013632K), 0,0112890 secs] [Times: user=0,08 sys=0,00, real=0,01 secs] 
2015-08-29T02:49:56.627+0200: 127384,804: [GC2015-08-29T02:49:56.627+0200: 127384,804: [ParNew: 289337K->9122K(314560K), 0,0111740 secs] 758912K->479636K(1013632K), 0,0112960 secs] [Times: user=0,09 sys=0,00, real=0,01 secs] 
2015-08-29T02:50:55.691+0200: 127443,867: [GC2015-08-29T02:50:55.691+0200: 127443,867: [ParNew: 288738K->10046K(314560K), 0,0097840 secs] 759252K->481572K(1013632K), 0,0098890 secs] [Times: user=0,08 sys=0,00, real=0,01 secs] 
2015-08-29T02:51:54.954+0200: 127503,130: [GC2015-08-29T02:51:54.954+0200: 127503,130: [ParNew: 289662K->10141K(314560K), 0,0139610 secs] 761188K->482700K(1013632K), 0,0140830 secs] [Times: user=0,08 sys=0,00, real=0,02 secs] 
2015-08-29T02:52:53.961+0200: 127562,137: [GC2015-08-29T02:52:53.961+0200: 127562,137: [ParNew: 289757K->8617K(314560K), 0,0111000 secs] 762316K->482114K(1013632K), 0,0112240 secs] [Times: user=0,07 sys=0,00, real=0,01 secs] 
2015-08-29T02:53:52.859+0200: 127621,036: [GC2015-08-29T02:53:52.859+0200: 127621,036: [ParNew: 288233K->8884K(314560K), 0,0110750 secs] 761730K->483354K(1013632K), 0,0111820 secs] [Times: user=0,09 sys=0,00, real=0,01 secs] 
2015-08-29T02:54:51.924+0200: 127680,100: [GC2015-08-29T02:54:51.924+0200: 127680,101: [ParNew: 288500K->8815K(314560K), 0,0127810 secs] 762970K->484242K(1013632K), 0,0129090 secs] [Times: user=0,11 sys=0,00, real=0,02 secs] 
2015-08-29T02:55:50.989+0200: 127739,166: [GC2015-08-29T02:55:50.989+0200: 127739,166: [ParNew: 288431K->8158K(314560K), 0,0143570 secs] 763858K->484539K(1013632K), 0,0144920 secs] [Times: user=0,10 sys=0,00, real=0,01 secs] 
2015-08-29T02:56:50.059+0200: 127798,236: [GC2015-08-29T02:56:50.059+0200: 127798,236: [ParNew: 287774K->9754K(314560K), 0,0105560 secs] 764155K->487105K(1013632K), 0,0106810 secs] [Times: user=0,10 sys=0,00, real=0,01 secs] 
2015-08-29T02:57:49.125+0200: 127857,302: [GC2015-08-29T02:57:49.125+0200: 127857,302: [ParNew: 289370K->9880K(314560K), 0,0109410 secs] 766721K->488191K(1013632K), 0,0110610 secs] [Times: user=0,08 sys=0,01, real=0,00 secs] 
2015-08-29T02:58:48.105+0200: 127916,281: [GC2015-08-29T02:58:48.105+0200: 127916,281: [ParNew: 289496K->9255K(314560K), 0,0128560 secs] 767807K->488551K(1013632K), 0,0129610 secs] [Times: user=0,08 sys=0,00, real=0,01 secs] 
2015-08-29T02:59:47.137+0200: 127975,313: [GC2015-08-29T02:59:47.137+0200: 127975,313: [ParNew: 288871K->9353K(314560K), 0,0111170 secs] 768167K->489678K(1013632K), 0,0112440 secs] [Times: user=0,07 sys=0,00, real=0,01 secs] 
2015-08-29T03:00:45.989+0200: 128034,165: [GC2015-08-29T03:00:45.989+0200: 128034,165: [ParNew: 288969K->10169K(314560K), 0,0253720 secs] 769294K->491546K(1013632K), 0,0254900 secs] [Times: user=0,15 sys=0,00, real=0,02 secs] 
2015-08-29T03:01:44.841+0200: 128093,017: [GC2015-08-29T03:01:44.841+0200: 128093,017: [ParNew: 289785K->9384K(314560K), 0,0111470 secs] 771162K->491704K(1013632K), 0,0112660 secs] [Times: user=0,07 sys=0,00, real=0,01 secs] 
2015-08-29T03:02:43.905+0200: 128152,082: [GC2015-08-29T03:02:43.905+0200: 128152,082: [ParNew: 289000K->9644K(314560K), 0,0107430 secs] 771320K->492928K(1013632K), 0,0108830 secs] [Times: user=0,06 sys=0,00, real=0,00 secs] 
2015-08-29T03:03:42.969+0200: 128211,146: [GC2015-08-29T03:03:42.969+0200: 128211,146: [ParNew: 289260K->8135K(314560K), 0,0115550 secs] 772544K->492387K(1013632K), 0,0116650 secs] [Times: user=0,07 sys=0,00, real=0,01 secs] 
2015-08-29T03:04:42.032+0200: 128270,209: [GC2015-08-29T03:04:42.032+0200: 128270,209: [ParNew: 287751K->9698K(314560K), 0,0136330 secs] 772003K->494907K(1013632K), 0,0137370 secs] [Times: user=0,10 sys=0,00, real=0,02 secs] 
2015-08-29T03:05:41.094+0200: 128329,271: [GC2015-08-29T03:05:41.095+0200: 128329,271: [ParNew: 289314K->9823K(314560K), 0,0136770 secs] 774523K->495979K(1013632K), 0,0137900 secs] [Times: user=0,10 sys=0,00, real=0,02 secs] 
2015-08-29T03:06:40.159+0200: 128388,335: [GC2015-08-29T03:06:40.159+0200: 128388,336: [ParNew: 289439K->9965K(314560K), 0,0111230 secs] 775595K->497072K(1013632K), 0,0112530 secs] [Times: user=0,10 sys=0,00, real=0,01 secs] 
2015-08-29T03:07:39.224+0200: 128447,400: [GC2015-08-29T03:07:39.224+0200: 128447,400: [ParNew: 289581K->9336K(314560K), 0,0144790 secs] 776688K->497476K(1013632K), 0,0146120 secs] [Times: user=0,11 sys=0,00, real=0,02 secs] 
2015-08-29T03:08:38.105+0200: 128506,281: [GC2015-08-29T03:08:38.105+0200: 128506,281: [ParNew: 288952K->10165K(314560K), 0,0120510 secs] 777092K->499355K(1013632K), 0,0121590 secs] [Times: user=0,10 sys=0,00, real=0,01 secs] 
2015-08-29T03:09:37.349+0200: 128565,526: [GC2015-08-29T03:09:37.349+0200: 128565,526: [ParNew: 289781K->7825K(314560K), 0,0120050 secs] 778971K->497974K(1013632K), 0,0121160 secs] [Times: user=0,09 sys=0,00, real=0,01 secs] 
2015-08-29T03:10:36.314+0200: 128624,490: [GC2015-08-29T03:10:36.314+0200: 128624,491: [ParNew: 287441K->8128K(314560K), 0,0115610 secs] 777590K->499233K(1013632K), 0,0116720 secs] [Times: user=0,09 sys=0,00, real=0,02 secs] 
2015-08-29T03:11:35.468+0200: 128683,644: [GC2015-08-29T03:11:35.468+0200: 128683,644: [ParNew: 287744K->8834K(314560K), 0,0116570 secs] 778849K->500892K(1013632K), 0,0117700 secs] [Times: user=0,07 sys=0,00, real=0,01 secs] 
2015-08-29T03:12:34.532+0200: 128742,708: [GC2015-08-29T03:12:34.532+0200: 128742,708: [ParNew: 288450K->9670K(314560K), 0,0116660 secs] 780508K->502688K(1013632K), 0,0118130 secs] [Times: user=0,09 sys=0,00, real=0,01 secs] 
2015-08-29T03:13:33.595+0200: 128801,772: [GC2015-08-29T03:13:33.595+0200: 128801,772: [ParNew: 289286K->9038K(314560K), 0,0102350 secs] 782304K->503010K(1013632K), 0,0103570 secs] [Times: user=0,08 sys=0,00, real=0,02 secs] 
2015-08-29T03:14:32.661+0200: 128860,838: [GC2015-08-29T03:14:32.661+0200: 128860,838: [ParNew: 288654K->9941K(314560K), 0,0124040 secs] 782626K->504868K(1013632K), 0,0125230 secs] [Times: user=0,08 sys=0,00, real=0,01 secs] 
2015-08-29T03:15:31.723+0200: 128919,900: [GC2015-08-29T03:15:31.723+0200: 128919,900: [ParNew: 289557K->10078K(314560K), 0,0126320 secs] 784484K->506014K(1013632K), 0,0127430 secs] [Times: user=0,09 sys=0,00, real=0,01 secs] 
2015-08-29T03:16:30.793+0200: 128978,970: [GC2015-08-29T03:16:30.793+0200: 128978,970: [ParNew: 289694K->9385K(314560K), 0,0122490 secs] 785630K->506368K(1013632K), 0,0123860 secs] [Times: user=0,09 sys=0,00, real=0,02 secs] 
2015-08-29T03:17:29.354+0200: 129037,531: [GC2015-08-29T03:17:29.354+0200: 129037,531: [ParNew: 289001K->9402K(314560K), 0,0111470 secs] 785984K->507433K(1013632K), 0,0112610 secs] [Times: user=0,10 sys=0,00, real=0,02 secs] 
2015-08-29T03:18:28.105+0200: 129096,281: [GC2015-08-29T03:18:28.105+0200: 129096,281: [ParNew: 289018K->9413K(314560K), 0,0116870 secs] 787049K->508395K(1013632K), 0,0118070 secs] [Times: user=0,07 sys=0,01, real=0,01 secs] 
2015-08-29T03:19:27.062+0200: 129155,239: [GC2015-08-29T03:19:27.062+0200: 129155,239: [ParNew: 289029K->8189K(314560K), 0,0115160 secs] 788011K->508138K(1013632K), 0,0116410 secs] [Times: user=0,09 sys=0,00, real=0,01 secs] 
2015-08-29T03:20:26.023+0200: 129214,199: [GC2015-08-29T03:20:26.023+0200: 129214,199: [ParNew: 287805K->9634K(314560K), 0,0115610 secs] 787754K->510535K(1013632K), 0,0116740 secs] [Times: user=0,09 sys=0,00, real=0,01 secs] 
2015-08-29T03:21:25.090+0200: 129273,267: [GC2015-08-29T03:21:25.090+0200: 129273,267: [ParNew: 289250K->8983K(314560K), 0,0118310 secs] 790151K->510850K(1013632K), 0,0119520 secs] [Times: user=0,09 sys=0,00, real=0,01 secs] 
2015-08-29T03:22:24.151+0200: 129332,328: [GC2015-08-29T03:22:24.151+0200: 129332,328: [ParNew: 288599K->8339K(314560K), 0,0081180 secs] 790466K->511161K(1013632K), 0,0082220 secs] [Times: user=0,07 sys=0,00, real=0,01 secs] 
2015-08-29T03:23:22.909+0200: 129391,085: [GC2015-08-29T03:23:22.909+0200: 129391,085: [ParNew: 287955K->9228K(314560K), 0,0113100 secs] 790777K->513015K(1013632K), 0,0114280 secs] [Times: user=0,06 sys=0,01, real=0,01 secs] 
2015-08-29T03:24:22.206+0200: 129450,383: [GC2015-08-29T03:24:22.206+0200: 129450,383: [ParNew: 288844K->8556K(314560K), 0,0111000 secs] 792631K->513381K(1013632K), 0,0112060 secs] [Times: user=0,10 sys=0,00, real=0,01 secs] 
2015-08-29T03:25:21.307+0200: 129509,484: [GC2015-08-29T03:25:21.307+0200: 129509,484: [ParNew: 288172K->10140K(314560K), 0,0112500 secs] 792997K->516007K(1013632K), 0,0113620 secs] [Times: user=0,09 sys=0,00, real=0,01 secs] 
2015-08-29T03:26:20.372+0200: 129568,548: [GC2015-08-29T03:26:20.372+0200: 129568,548: [ParNew: 289756K->8611K(314560K), 0,0109910 secs] 795623K->515435K(1013632K), 0,0110990 secs] [Times: user=0,09 sys=0,00, real=0,01 secs] 
2015-08-29T03:27:18.764+0200: 129626,940: [GC2015-08-29T03:27:18.764+0200: 129626,940: [ParNew: 288227K->11103K(314560K), 0,0204490 secs] 795051K->518887K(1013632K), 0,0206180 secs] [Times: user=0,11 sys=0,00, real=0,03 secs] 
2015-08-29T03:28:17.844+0200: 129686,021: [GC2015-08-29T03:28:17.845+0200: 129686,021: [ParNew: 290719K->9748K(314560K), 0,0124610 secs] 798503K->518494K(1013632K), 0,0126040 secs] [Times: user=0,09 sys=0,00, real=0,01 secs] 
2015-08-29T03:29:17.197+0200: 129745,373: [GC2015-08-29T03:29:17.197+0200: 129745,373: [ParNew: 289364K->8778K(314560K), 0,0130690 secs] 798110K->518467K(1013632K), 0,0131890 secs] [Times: user=0,10 sys=0,00, real=0,01 secs] 
2015-08-29T03:30:16.090+0200: 129804,266: [GC2015-08-29T03:30:16.090+0200: 129804,266: [ParNew: 288394K->8326K(314560K), 0,0101330 secs] 798083K->518965K(1013632K), 0,0102420 secs] [Times: user=0,07 sys=0,00, real=0,01 secs] 
2015-08-29T03:31:15.377+0200: 129863,553: [GC2015-08-29T03:31:15.377+0200: 129863,553: [ParNew: 287942K->7490K(314560K), 0,0114670 secs] 798581K->519105K(1013632K), 0,0116000 secs] [Times: user=0,07 sys=0,00, real=0,01 secs] 
2015-08-29T03:32:14.612+0200: 129922,788: [GC2015-08-29T03:32:14.612+0200: 129922,788: [ParNew: 287106K->7119K(314560K), 0,0103990 secs] 798721K->519744K(1013632K), 0,0105140 secs] [Times: user=0,08 sys=0,00, real=0,01 secs] 
2015-08-29T03:33:13.647+0200: 129981,824: [GC2015-08-29T03:33:13.647+0200: 129981,824: [ParNew: 286735K->4937K(314560K), 0,0085800 secs] 799360K->518800K(1013632K), 0,0087030 secs] [Times: user=0,07 sys=0,00, real=0,00 secs] 
2015-08-29T03:34:12.810+0200: 130040,986: [GC2015-08-29T03:34:12.810+0200: 130040,986: [ParNew: 284553K->5833K(314560K), 0,0102460 secs] 798416K->520363K(1013632K), 0,0103580 secs] [Times: user=0,05 sys=0,00, real=0,01 secs] 
2015-08-29T03:35:11.741+0200: 130099,918: [GC2015-08-29T03:35:11.741+0200: 130099,918: [ParNew: 285449K->4166K(314560K), 0,0063930 secs] 799979K->519200K(1013632K), 0,0065050 secs] [Times: user=0,04 sys=0,00, real=0,01 secs] 
2015-08-29T03:36:10.926+0200: 130159,102: [GC2015-08-29T03:36:10.926+0200: 130159,103: [ParNew: 283782K->4413K(314560K), 0,0071380 secs] 798816K->520030K(1013632K), 0,0072820 secs] [Times: user=0,05 sys=0,00, real=0,00 secs] 
2015-08-29T03:37:09.827+0200: 130218,003: [GC2015-08-29T03:37:09.827+0200: 130218,003: [ParNew: 284029K->4951K(314560K), 0,0077630 secs] 799646K->521150K(1013632K), 0,0079040 secs] [Times: user=0,05 sys=0,00, real=0,00 secs] 
2015-08-29T03:38:08.539+0200: 130276,716: [GC2015-08-29T03:38:08.539+0200: 130276,716: [ParNew: 284567K->6254K(314560K), 0,0065560 secs] 800766K->522570K(1013632K), 0,0066720 secs] [Times: user=0,07 sys=0,00, real=0,01 secs] 
2015-08-29T03:39:07.783+0200: 130335,959: [GC2015-08-29T03:39:07.783+0200: 130335,959: [ParNew: 285870K->6747K(314560K), 0,0088070 secs] 802186K->523273K(1013632K), 0,0089200 secs] [Times: user=0,06 sys=0,00, real=0,01 secs] 
2015-08-29T03:40:06.654+0200: 130394,831: [GC2015-08-29T03:40:06.654+0200: 130394,831: [ParNew: 286363K->7526K(314560K), 0,0146010 secs] 802889K->524519K(1013632K), 0,0147320 secs] [Times: user=0,10 sys=0,00, real=0,02 secs] 
2015-08-29T03:41:05.838+0200: 130454,015: [GC2015-08-29T03:41:05.838+0200: 130454,015: [ParNew: 287142K->9814K(314560K), 0,0099690 secs] 804135K->527460K(1013632K), 0,0100830 secs] [Times: user=0,07 sys=0,00, real=0,01 secs] 
2015-08-29T03:42:05.249+0200: 130513,426: [GC2015-08-29T03:42:05.249+0200: 130513,426: [ParNew: 289430K->7413K(314560K), 0,0107760 secs] 807076K->525810K(1013632K), 0,0109000 secs] [Times: user=0,07 sys=0,00, real=0,01 secs] 
2015-08-29T03:43:04.097+0200: 130572,274: [GC2015-08-29T03:43:04.097+0200: 130572,274: [ParNew: 287029K->8838K(314560K), 0,0095580 secs] 805426K->528135K(1013632K), 0,0096740 secs] [Times: user=0,07 sys=0,00, real=0,01 secs] 
2015-08-29T03:44:02.886+0200: 130631,063: [GC2015-08-29T03:44:02.886+0200: 130631,063: [ParNew: 288454K->9103K(314560K), 0,0106850 secs] 807751K->529314K(1013632K), 0,0108060 secs] [Times: user=0,10 sys=0,00, real=0,01 secs] 
2015-08-29T03:45:01.852+0200: 130690,029: [GC2015-08-29T03:45:01.852+0200: 130690,029: [ParNew: 288719K->7896K(314560K), 0,0110940 secs] 808930K->529031K(1013632K), 0,0112110 secs] [Times: user=0,10 sys=0,00, real=0,01 secs] 
2015-08-29T03:46:00.506+0200: 130748,682: [GC2015-08-29T03:46:00.506+0200: 130748,682: [ParNew: 287512K->9519K(314560K), 0,0109340 secs] 808647K->531589K(1013632K), 0,0110450 secs] [Times: user=0,07 sys=0,00, real=0,01 secs] 
2015-08-29T03:46:59.572+0200: 130807,748: [GC2015-08-29T03:46:59.572+0200: 130807,748: [ParNew: 289135K->9683K(314560K), 0,0127070 secs] 811205K->532692K(1013632K), 0,0128260 secs] [Times: user=0,09 sys=0,00, real=0,02 secs] 
2015-08-29T03:47:58.637+0200: 130866,814: [GC2015-08-29T03:47:58.637+0200: 130866,814: [ParNew: 289299K->8302K(314560K), 0,0111890 secs] 812308K->532253K(1013632K), 0,0113500 secs] [Times: user=0,08 sys=0,00, real=0,01 secs] 
2015-08-29T03:48:57.847+0200: 130926,023: [GC2015-08-29T03:48:57.847+0200: 130926,023: [ParNew: 287918K->9981K(314560K), 0,0114260 secs] 811869K->534916K(1013632K), 0,0115390 secs] [Times: user=0,09 sys=0,00, real=0,01 secs] 
2015-08-29T03:49:57.236+0200: 130985,413: [GC2015-08-29T03:49:57.236+0200: 130985,413: [ParNew: 289597K->9312K(314560K), 0,0125220 secs] 814532K->535299K(1013632K), 0,0126380 secs] [Times: user=0,07 sys=0,00, real=0,01 secs] 
2015-08-29T03:50:56.306+0200: 131044,482: [GC2015-08-29T03:50:56.306+0200: 131044,482: [ParNew: 288928K->7760K(314560K), 0,0113540 secs] 814915K->534692K(1013632K), 0,0114710 secs] [Times: user=0,09 sys=0,00, real=0,01 secs] 
2015-08-29T03:51:55.369+0200: 131103,545: [GC2015-08-29T03:51:55.369+0200: 131103,545: [ParNew: 287376K->8735K(314560K), 0,0109500 secs] 814308K->536612K(1013632K), 0,0110630 secs] [Times: user=0,08 sys=0,00, real=0,01 secs] 
2015-08-29T03:52:54.426+0200: 131162,602: [GC2015-08-29T03:52:54.426+0200: 131162,603: [ParNew: 288351K->7257K(314560K), 0,0109250 secs] 816228K->536062K(1013632K), 0,0110320 secs] [Times: user=0,10 sys=0,00, real=0,01 secs] 
2015-08-29T03:53:53.105+0200: 131221,281: [GC2015-08-29T03:53:53.105+0200: 131221,282: [ParNew: 286873K->8812K(314560K), 0,0090460 secs] 815678K->538590K(1013632K), 0,0091510 secs] [Times: user=0,06 sys=0,00, real=0,00 secs] 
2015-08-29T03:54:52.037+0200: 131280,213: [GC2015-08-29T03:54:52.037+0200: 131280,214: [ParNew: 288428K->8918K(314560K), 0,0115690 secs] 818206K->539647K(1013632K), 0,0116950 secs] [Times: user=0,06 sys=0,01, real=0,01 secs] 
2015-08-29T03:55:51.391+0200: 131339,567: [GC2015-08-29T03:55:51.391+0200: 131339,567: [ParNew: 288534K->9038K(314560K), 0,0113310 secs] 819263K->540707K(1013632K), 0,0114490 secs] [Times: user=0,10 sys=0,00, real=0,01 secs] 
2015-08-29T03:56:50.625+0200: 131398,802: [GC2015-08-29T03:56:50.625+0200: 131398,802: [ParNew: 288654K->9210K(314560K), 0,0122430 secs] 820323K->541825K(1013632K), 0,0123870 secs] [Times: user=0,09 sys=0,00, real=0,01 secs] 
2015-08-29T03:57:49.708+0200: 131457,884: [GC2015-08-29T03:57:49.708+0200: 131457,884: [ParNew: 288826K->9374K(314560K), 0,0123650 secs] 821441K->543042K(1013632K), 0,0124880 secs] [Times: user=0,09 sys=0,00, real=0,01 secs] 
2015-08-29T03:58:48.772+0200: 131516,948: [GC2015-08-29T03:58:48.772+0200: 131516,948: [ParNew: 288990K->10182K(314560K), 0,0118760 secs] 822658K->544880K(1013632K), 0,0119940 secs] [Times: user=0,09 sys=0,00, real=0,01 secs] 
2015-08-29T03:59:47.836+0200: 131576,012: [GC2015-08-29T03:59:47.836+0200: 131576,012: [ParNew: 289798K->8627K(314560K), 0,0109870 secs] 824496K->544284K(1013632K), 0,0111020 secs] [Times: user=0,10 sys=0,00, real=0,02 secs] 
2015-08-29T04:00:46.595+0200: 131634,772: [GC2015-08-29T04:00:46.595+0200: 131634,772: [ParNew: 288243K->9645K(314560K), 0,0109530 secs] 823900K->546251K(1013632K), 0,0110800 secs] [Times: user=0,09 sys=0,00, real=0,02 secs] 
2015-08-29T04:01:45.448+0200: 131693,625: [GC2015-08-29T04:01:45.448+0200: 131693,625: [ParNew: 289261K->8881K(314560K), 0,0128170 secs] 825867K->546467K(1013632K), 0,0129350 secs] [Times: user=0,09 sys=0,00, real=0,01 secs] 
2015-08-29T04:02:44.610+0200: 131752,787: [GC2015-08-29T04:02:44.610+0200: 131752,787: [ParNew: 288497K->9681K(314560K), 0,0108180 secs] 826083K->548235K(1013632K), 0,0109330 secs] [Times: user=0,10 sys=0,00, real=0,01 secs] 
2015-08-29T04:03:43.962+0200: 131812,139: [GC2015-08-29T04:03:43.962+0200: 131812,139: [ParNew: 289297K->9800K(314560K), 0,0111840 secs] 827851K->549304K(1013632K), 0,0112980 secs] [Times: user=0,08 sys=0,00, real=0,01 secs] 
2015-08-29T04:04:43.027+0200: 131871,203: [GC2015-08-29T04:04:43.027+0200: 131871,203: [ParNew: 289416K->9945K(314560K), 0,0108230 secs] 828920K->550397K(1013632K), 0,0109410 secs] [Times: user=0,09 sys=0,00, real=0,01 secs] 
2015-08-29T04:05:42.178+0200: 131930,355: [GC2015-08-29T04:05:42.178+0200: 131930,355: [ParNew: 289561K->10102K(314560K), 0,0105690 secs] 830013K->551575K(1013632K), 0,0106950 secs] [Times: user=0,06 sys=0,01, real=0,01 secs] 
2015-08-29T04:06:41.119+0200: 131989,295: [GC2015-08-29T04:06:41.119+0200: 131989,296: [ParNew: 289718K->10969K(314560K), 0,0155090 secs] 831191K->553485K(1013632K), 0,0156210 secs] [Times: user=0,12 sys=0,00, real=0,01 secs] 
2015-08-29T04:07:40.291+0200: 132048,467: [GC2015-08-29T04:07:40.291+0200: 132048,467: [ParNew: 290585K->7840K(314560K), 0,0116720 secs] 833101K->551309K(1013632K), 0,0118070 secs] [Times: user=0,09 sys=0,00, real=0,01 secs] 
2015-08-29T04:08:39.216+0200: 132107,392: [GC2015-08-29T04:08:39.216+0200: 132107,392: [ParNew: 287456K->9968K(314560K), 0,0109390 secs] 830925K->554403K(1013632K), 0,0110570 secs] [Times: user=0,11 sys=0,00, real=0,02 secs] 
2015-08-29T04:09:38.105+0200: 132166,281: [GC2015-08-29T04:09:38.105+0200: 132166,281: [ParNew: 289584K->7488K(314560K), 0,0114300 secs] 834019K->552884K(1013632K), 0,0115430 secs] [Times: user=0,08 sys=0,00, real=0,01 secs] 
2015-08-29T04:10:37.164+0200: 132225,341: [GC2015-08-29T04:10:37.164+0200: 132225,341: [ParNew: 287104K->9320K(314560K), 0,0116130 secs] 832500K->555675K(1013632K), 0,0117210 secs] [Times: user=0,10 sys=0,00, real=0,01 secs] 
2015-08-29T04:11:36.418+0200: 132284,594: [GC2015-08-29T04:11:36.418+0200: 132284,595: [ParNew: 288936K->10935K(314560K), 0,0115940 secs] 835291K->558258K(1013632K), 0,0117110 secs] [Times: user=0,09 sys=0,00, real=0,01 secs] 
2015-08-29T04:12:35.102+0200: 132343,278: [GC2015-08-29T04:12:35.102+0200: 132343,278: [ParNew: 290551K->7469K(314560K), 0,0112430 secs] 837874K->555736K(1013632K), 0,0113770 secs] [Times: user=0,09 sys=0,00, real=0,01 secs] 
2015-08-29T04:13:34.323+0200: 132402,500: [GC2015-08-29T04:13:34.323+0200: 132402,500: [ParNew: 287085K->9034K(314560K), 0,0145550 secs] 835352K->558276K(1013632K), 0,0146720 secs] [Times: user=0,11 sys=0,00, real=0,02 secs] 
2015-08-29T04:14:33.105+0200: 132461,281: [GC2015-08-29T04:14:33.105+0200: 132461,281: [ParNew: 288650K->9102K(314560K), 0,0107780 secs] 837892K->559386K(1013632K), 0,0108950 secs] [Times: user=0,08 sys=0,00, real=0,00 secs] 
2015-08-29T04:15:32.230+0200: 132520,406: [GC2015-08-29T04:15:32.230+0200: 132520,406: [ParNew: 288718K->10844K(314560K), 0,0109600 secs] 839002K->562165K(1013632K), 0,0110670 secs] [Times: user=0,05 sys=0,00, real=0,01 secs] 
2015-08-29T04:16:31.385+0200: 132579,561: [GC2015-08-29T04:16:31.385+0200: 132579,561: [ParNew: 290460K->7294K(314560K), 0,0108560 secs] 841781K->559564K(1013632K), 0,0109750 secs] [Times: user=0,07 sys=0,00, real=0,00 secs] 
2015-08-29T04:17:30.718+0200: 132638,895: [GC2015-08-29T04:17:30.718+0200: 132638,895: [ParNew: 286910K->9290K(314560K), 0,0157970 secs] 839180K->562513K(1013632K), 0,0159130 secs] [Times: user=0,12 sys=0,00, real=0,01 secs] 
2015-08-29T04:18:29.639+0200: 132697,816: [GC2015-08-29T04:18:29.640+0200: 132697,816: [ParNew: 288906K->8590K(314560K), 0,0107580 secs] 842129K->562767K(1013632K), 0,0108680 secs] [Times: user=0,07 sys=0,00, real=0,01 secs] 
2015-08-29T04:19:28.853+0200: 132757,029: [GC2015-08-29T04:19:28.853+0200: 132757,029: [ParNew: 288206K->9586K(314560K), 0,0122110 secs] 842383K->564722K(1013632K), 0,0123260 secs] [Times: user=0,09 sys=0,00, real=0,02 secs] 
2015-08-29T04:20:27.737+0200: 132815,914: [GC2015-08-29T04:20:27.737+0200: 132815,914: [ParNew: 289202K->9003K(314560K), 0,0120190 secs] 844338K->565095K(1013632K), 0,0121280 secs] [Times: user=0,09 sys=0,00, real=0,01 secs] 
2015-08-29T04:21:26.913+0200: 132875,089: [GC2015-08-29T04:21:26.913+0200: 132875,089: [ParNew: 288619K->9893K(314560K), 0,0105010 secs] 844711K->566935K(1013632K), 0,0106230 secs] [Times: user=0,07 sys=0,00, real=0,01 secs] 
2015-08-29T04:22:25.845+0200: 132934,021: [GC2015-08-29T04:22:25.845+0200: 132934,021: [ParNew: 289509K->10829K(314560K), 0,0125360 secs] 846551K->568875K(1013632K), 0,0126500 secs] [Times: user=0,10 sys=0,00, real=0,01 secs] 
2015-08-29T04:23:24.666+0200: 132992,843: [GC2015-08-29T04:23:24.666+0200: 132992,843: [ParNew: 290445K->7780K(314560K), 0,0113010 secs] 848491K->566866K(1013632K), 0,0114200 secs] [Times: user=0,11 sys=0,00, real=0,01 secs] 
2015-08-29T04:24:23.732+0200: 133051,909: [GC2015-08-29T04:24:23.732+0200: 133051,909: [ParNew: 287396K->7775K(314560K), 0,0109690 secs] 846482K->567823K(1013632K), 0,0110840 secs] [Times: user=0,08 sys=0,00, real=0,01 secs] 
2015-08-29T04:25:22.625+0200: 133110,802: [GC2015-08-29T04:25:22.625+0200: 133110,802: [ParNew: 287391K->8565K(314560K), 0,0115680 secs] 847439K->569563K(1013632K), 0,0116810 secs] [Times: user=0,06 sys=0,01, real=0,01 secs] 
2015-08-29T04:26:21.854+0200: 133170,030: [GC2015-08-29T04:26:21.854+0200: 133170,030: [ParNew: 288181K->8689K(314560K), 0,0106340 secs] 849179K->570637K(1013632K), 0,0107670 secs] [Times: user=0,08 sys=0,00, real=0,02 secs] 
2015-08-29T04:27:20.342+0200: 133228,519: [GC2015-08-29T04:27:20.342+0200: 133228,519: [ParNew: 288305K->11761K(314560K), 0,0114170 secs] 850253K->574679K(1013632K), 0,0115310 secs] [Times: user=0,11 sys=0,00, real=0,01 secs] 
2015-08-29T04:28:19.378+0200: 133287,555: [GC2015-08-29T04:28:19.378+0200: 133287,555: [ParNew: 291377K->8007K(314560K), 0,0109180 secs] 854295K->571867K(1013632K), 0,0110240 secs] [Times: user=0,09 sys=0,00, real=0,01 secs] 
2015-08-29T04:29:18.567+0200: 133346,743: [GC2015-08-29T04:29:18.567+0200: 133346,743: [ParNew: 287623K->8740K(314560K), 0,0111880 secs] 851483K->573546K(1013632K), 0,0113040 secs] [Times: user=0,09 sys=0,00, real=0,01 secs] 
2015-08-29T04:30:17.084+0200: 133405,261: [GC2015-08-29T04:30:17.085+0200: 133405,261: [ParNew: 288356K->8963K(314560K), 0,0134970 secs] 853162K->574731K(1013632K), 0,0136010 secs] [Times: user=0,10 sys=0,00, real=0,01 secs] 
2015-08-29T04:31:16.154+0200: 133464,330: [GC2015-08-29T04:31:16.154+0200: 133464,330: [ParNew: 288579K->6773K(314560K), 0,0101270 secs] 854347K->573586K(1013632K), 0,0102430 secs] [Times: user=0,08 sys=0,00, real=0,01 secs] 
2015-08-29T04:32:15.221+0200: 133523,397: [GC2015-08-29T04:32:15.221+0200: 133523,397: [ParNew: 286389K->6410K(314560K), 0,0100780 secs] 853202K->574266K(1013632K), 0,0101920 secs] [Times: user=0,07 sys=0,00, real=0,01 secs] 
2015-08-29T04:33:14.084+0200: 133582,261: [GC2015-08-29T04:33:14.084+0200: 133582,261: [ParNew: 286026K->5514K(314560K), 0,0095100 secs] 853882K->574491K(1013632K), 0,0096300 secs] [Times: user=0,07 sys=0,00, real=0,01 secs] 
2015-08-29T04:34:12.847+0200: 133641,023: [GC2015-08-29T04:34:12.847+0200: 133641,023: [ParNew: 285130K->4452K(314560K), 0,0066810 secs] 854107K->574010K(1013632K), 0,0067870 secs] [Times: user=0,07 sys=0,00, real=0,00 secs] 
2015-08-29T04:35:11.892+0200: 133700,069: [GC2015-08-29T04:35:11.892+0200: 133700,069: [ParNew: 284068K->4524K(314560K), 0,0069880 secs] 853626K->574578K(1013632K), 0,0071040 secs] [Times: user=0,06 sys=0,00, real=0,01 secs] 
2015-08-29T04:36:10.953+0200: 133759,129: [GC2015-08-29T04:36:10.953+0200: 133759,130: [ParNew: 284140K->3626K(314560K), 0,0069450 secs] 854194K->574256K(1013632K), 0,0070630 secs] [Times: user=0,03 sys=0,00, real=0,01 secs] 
2015-08-29T04:37:10.011+0200: 133818,188: [GC2015-08-29T04:37:10.012+0200: 133818,188: [ParNew: 283242K->4738K(314560K), 0,0094050 secs] 853872K->575946K(1013632K), 0,0095070 secs] [Times: user=0,06 sys=0,00, real=0,01 secs] 
2015-08-29T04:38:09.072+0200: 133877,249: [GC2015-08-29T04:38:09.072+0200: 133877,249: [ParNew: 284354K->5494K(314560K), 0,0070470 secs] 855562K->576813K(1013632K), 0,0071550 secs] [Times: user=0,05 sys=0,00, real=0,01 secs] 
2015-08-29T04:39:08.105+0200: 133936,281: [GC2015-08-29T04:39:08.105+0200: 133936,281: [ParNew: 285110K->7245K(314560K), 0,0085610 secs] 856429K->578829K(1013632K), 0,0086960 secs] [Times: user=0,06 sys=0,00, real=0,00 secs] 
2015-08-29T04:40:07.089+0200: 133995,265: [GC2015-08-29T04:40:07.089+0200: 133995,265: [ParNew: 286861K->6913K(314560K), 0,0105790 secs] 858445K->579018K(1013632K), 0,0107020 secs] [Times: user=0,06 sys=0,00, real=0,01 secs] 
2015-08-29T04:41:05.743+0200: 134053,919: [GC2015-08-29T04:41:05.743+0200: 134053,919: [ParNew: 286529K->7760K(314560K), 0,0096080 secs] 858634K->580385K(1013632K), 0,0097440 secs] [Times: user=0,07 sys=0,00, real=0,01 secs] 
2015-08-29T04:42:04.304+0200: 134112,480: [GC2015-08-29T04:42:04.304+0200: 134112,480: [ParNew: 287376K->9209K(314560K), 0,0097450 secs] 860001K->582464K(1013632K), 0,0098530 secs] [Times: user=0,09 sys=0,00, real=0,01 secs] 
2015-08-29T04:43:03.105+0200: 134171,281: [GC2015-08-29T04:43:03.105+0200: 134171,282: [ParNew: 288825K->9054K(314560K), 0,0107690 secs] 862080K->583169K(1013632K), 0,0109090 secs] [Times: user=0,07 sys=0,01, real=0,00 secs] 
2015-08-29T04:44:01.919+0200: 134230,096: [GC2015-08-29T04:44:01.919+0200: 134230,096: [ParNew: 288670K->8656K(314560K), 0,0108290 secs] 862785K->583703K(1013632K), 0,0109550 secs] [Times: user=0,09 sys=0,00, real=0,01 secs] 
2015-08-29T04:45:00.822+0200: 134288,999: [GC2015-08-29T04:45:00.822+0200: 134288,999: [ParNew: 288272K->9546K(314560K), 0,0111600 secs] 863319K->585528K(1013632K), 0,0112690 secs] [Times: user=0,10 sys=0,00, real=0,01 secs] 
2015-08-29T04:46:00.034+0200: 134348,210: [GC2015-08-29T04:46:00.034+0200: 134348,210: [ParNew: 289162K->10465K(314560K), 0,0097040 secs] 865144K->587390K(1013632K), 0,0097940 secs] [Times: user=0,08 sys=0,00, real=0,01 secs] 
2015-08-29T04:46:58.905+0200: 134407,082: [GC2015-08-29T04:46:58.905+0200: 134407,082: [ParNew: 290081K->8505K(314560K), 0,0112450 secs] 867006K->586395K(1013632K), 0,0113620 secs] [Times: user=0,07 sys=0,00, real=0,01 secs] 
2015-08-29T04:47:57.646+0200: 134465,822: [GC2015-08-29T04:47:57.646+0200: 134465,822: [ParNew: 288121K->9732K(314560K), 0,0108630 secs] 866011K->588640K(1013632K), 0,0109730 secs] [Times: user=0,10 sys=0,00, real=0,01 secs] 
2015-08-29T04:48:56.880+0200: 134525,056: [GC2015-08-29T04:48:56.880+0200: 134525,056: [ParNew: 289348K->9772K(314560K), 0,0117210 secs] 868256K->589707K(1013632K), 0,0118430 secs] [Times: user=0,09 sys=0,00, real=0,01 secs] 
2015-08-29T04:49:56.115+0200: 134584,291: [GC2015-08-29T04:49:56.115+0200: 134584,292: [ParNew: 289388K->6900K(314560K), 0,0088420 secs] 869323K->587753K(1013632K), 0,0089500 secs] [Times: user=0,07 sys=0,00, real=0,01 secs] 
2015-08-29T04:50:54.818+0200: 134642,995: [GC2015-08-29T04:50:54.818+0200: 134642,995: [ParNew: 286516K->9491K(314560K), 0,0111010 secs] 867369K->591299K(1013632K), 0,0112260 secs] [Times: user=0,08 sys=0,00, real=0,01 secs] 
2015-08-29T04:51:53.881+0200: 134702,058: [GC2015-08-29T04:51:53.881+0200: 134702,058: [ParNew: 289107K->9463K(314560K), 0,0108990 secs] 870915K->592208K(1013632K), 0,0110230 secs] [Times: user=0,08 sys=0,00, real=0,01 secs] 
2015-08-29T04:52:52.709+0200: 134760,886: [GC2015-08-29T04:52:52.709+0200: 134760,886: [ParNew: 289079K->8098K(314560K), 0,0110100 secs] 871824K->591783K(1013632K), 0,0111150 secs] [Times: user=0,08 sys=0,00, real=0,01 secs] 
2015-08-29T04:53:51.497+0200: 134819,673: [GC2015-08-29T04:53:51.497+0200: 134819,673: [ParNew: 287714K->8956K(314560K), 0,0116170 secs] 871399K->593578K(1013632K), 0,0117870 secs] [Times: user=0,09 sys=0,00, real=0,01 secs] 
2015-08-29T04:54:50.561+0200: 134878,738: [GC2015-08-29T04:54:50.561+0200: 134878,738: [ParNew: 288572K->9083K(314560K), 0,0111030 secs] 873194K->594655K(1013632K), 0,0112060 secs] [Times: user=0,09 sys=0,00, real=0,01 secs] 
2015-08-29T04:55:49.285+0200: 134937,462: [GC2015-08-29T04:55:49.285+0200: 134937,462: [ParNew: 288699K->8441K(314560K), 0,0111370 secs] 874271K->595023K(1013632K), 0,0112790 secs] [Times: user=0,08 sys=0,00, real=0,01 secs] 
2015-08-29T04:56:48.105+0200: 134996,281: [GC2015-08-29T04:56:48.105+0200: 134996,281: [ParNew: 288057K->9257K(314560K), 0,0106180 secs] 874639K->596873K(1013632K), 0,0107550 secs] [Times: user=0,08 sys=0,00, real=0,00 secs] 
2015-08-29T04:57:47.233+0200: 135055,410: [GC2015-08-29T04:57:47.233+0200: 135055,410: [ParNew: 288873K->7723K(314560K), 0,0111670 secs] 876489K->596284K(1013632K), 0,0113040 secs] [Times: user=0,08 sys=0,00, real=0,02 secs] 
2015-08-29T04:58:46.297+0200: 135114,474: [GC2015-08-29T04:58:46.297+0200: 135114,474: [ParNew: 287339K->9457K(314560K), 0,0108310 secs] 875900K->598961K(1013632K), 0,0109340 secs] [Times: user=0,08 sys=0,00, real=0,01 secs] 
2015-08-29T04:59:45.359+0200: 135173,535: [GC2015-08-29T04:59:45.359+0200: 135173,535: [ParNew: 289073K->9422K(314560K), 0,0114860 secs] 878577K->599865K(1013632K), 0,0116040 secs] [Times: user=0,09 sys=0,00, real=0,01 secs] 
2015-08-29T05:00:44.419+0200: 135232,596: [GC2015-08-29T05:00:44.419+0200: 135232,596: [ParNew: 289038K->8820K(314560K), 0,0101790 secs] 879481K->600210K(1013632K), 0,0102960 secs] [Times: user=0,09 sys=0,00, real=0,01 secs] 
2015-08-29T05:01:43.199+0200: 135291,375: [GC2015-08-29T05:01:43.199+0200: 135291,376: [ParNew: 288436K->8967K(314560K), 0,0108060 secs] 879826K->601296K(1013632K), 0,0109210 secs] [Times: user=0,09 sys=0,00, real=0,01 secs] 
2015-08-29T05:02:42.028+0200: 135350,204: [GC2015-08-29T05:02:42.028+0200: 135350,204: [ParNew: 288583K->9853K(314560K), 0,0115870 secs] 880912K->603125K(1013632K), 0,0116870 secs] [Times: user=0,06 sys=0,00, real=0,01 secs] 
2015-08-29T05:03:41.088+0200: 135409,264: [GC2015-08-29T05:03:41.088+0200: 135409,264: [ParNew: 289469K->8480K(314560K), 0,0109080 secs] 882741K->602733K(1013632K), 0,0110260 secs] [Times: user=0,09 sys=0,00, real=0,01 secs] 
2015-08-29T05:04:40.152+0200: 135468,329: [GC2015-08-29T05:04:40.152+0200: 135468,329: [ParNew: 288096K->8579K(314560K), 0,0108130 secs] 882349K->603869K(1013632K), 0,0109510 secs] [Times: user=0,08 sys=0,00, real=0,01 secs] 
2015-08-29T05:05:39.488+0200: 135527,665: [GC2015-08-29T05:05:39.489+0200: 135527,665: [ParNew: 288195K->9390K(314560K), 0,0115650 secs] 883485K->605739K(1013632K), 0,0116850 secs] [Times: user=0,08 sys=0,00, real=0,01 secs] 
2015-08-29T05:06:38.199+0200: 135586,376: [GC2015-08-29T05:06:38.199+0200: 135586,376: [ParNew: 289006K->7849K(314560K), 0,0106730 secs] 885355K->605162K(1013632K), 0,0107820 secs] [Times: user=0,10 sys=0,00, real=0,01 secs] 
2015-08-29T05:07:37.313+0200: 135645,490: [GC2015-08-29T05:07:37.313+0200: 135645,490: [ParNew: 287465K->9650K(314560K), 0,0113130 secs] 884778K->607900K(1013632K), 0,0114210 secs] [Times: user=0,07 sys=0,00, real=0,02 secs] 
2015-08-29T05:08:36.373+0200: 135704,550: [GC2015-08-29T05:08:36.374+0200: 135704,550: [ParNew: 289266K->8892K(314560K), 0,0107900 secs] 887516K->608107K(1013632K), 0,0109050 secs] [Times: user=0,06 sys=0,00, real=0,02 secs] 
2015-08-29T05:09:35.660+0200: 135763,836: [GC2015-08-29T05:09:35.660+0200: 135763,836: [ParNew: 288508K->8989K(314560K), 0,0120800 secs] 887723K->609160K(1013632K), 0,0121800 secs] [Times: user=0,09 sys=0,00, real=0,01 secs] 
2015-08-29T05:10:34.989+0200: 135823,165: [GC2015-08-29T05:10:34.989+0200: 135823,165: [ParNew: 288605K->9862K(314560K), 0,0118820 secs] 888776K->610986K(1013632K), 0,0119990 secs] [Times: user=0,08 sys=0,00, real=0,01 secs] 
2015-08-29T05:11:33.926+0200: 135882,102: [GC2015-08-29T05:11:33.926+0200: 135882,102: [ParNew: 289478K->10001K(314560K), 0,0116180 secs] 890602K->612112K(1013632K), 0,0117400 secs] [Times: user=0,09 sys=0,00, real=0,01 secs] 
2015-08-29T05:12:33.105+0200: 135941,281: [GC2015-08-29T05:12:33.105+0200: 135941,282: [ParNew: 289617K->10108K(314560K), 0,0122870 secs] 891728K->613242K(1013632K), 0,0123940 secs] [Times: user=0,09 sys=0,00, real=0,01 secs] 
2015-08-29T05:13:32.016+0200: 136000,193: [GC2015-08-29T05:13:32.016+0200: 136000,193: [ParNew: 289724K->10964K(314560K), 0,0125300 secs] 892858K->615136K(1013632K), 0,0126510 secs] [Times: user=0,08 sys=0,00, real=0,02 secs] 
2015-08-29T05:14:31.218+0200: 136059,395: [GC2015-08-29T05:14:31.218+0200: 136059,395: [ParNew: 290580K->7350K(314560K), 0,0117150 secs] 894752K->612492K(1013632K), 0,0118350 secs] [Times: user=0,09 sys=0,00, real=0,01 secs] 
2015-08-29T05:15:30.107+0200: 136118,283: [GC2015-08-29T05:15:30.107+0200: 136118,283: [ParNew: 286966K->9318K(314560K), 0,0102970 secs] 892108K->615409K(1013632K), 0,0104010 secs] [Times: user=0,08 sys=0,00, real=0,01 secs] 
2015-08-29T05:16:28.840+0200: 136177,017: [GC2015-08-29T05:16:28.840+0200: 136177,017: [ParNew: 288934K->9312K(314560K), 0,0113430 secs] 895025K->616360K(1013632K), 0,0114780 secs] [Times: user=0,08 sys=0,00, real=0,01 secs] 
2015-08-29T05:17:27.900+0200: 136236,077: [GC2015-08-29T05:17:27.900+0200: 136236,077: [ParNew: 288928K->10309K(314560K), 0,0109830 secs] 895976K->618317K(1013632K), 0,0110920 secs] [Times: user=0,06 sys=0,00, real=0,01 secs] 
2015-08-29T05:18:26.662+0200: 136294,839: [GC2015-08-29T05:18:26.662+0200: 136294,839: [ParNew: 289925K->7948K(314560K), 0,0120950 secs] 897933K->616928K(1013632K), 0,0122170 secs] [Times: user=0,10 sys=0,00, real=0,01 secs] 
2015-08-29T05:19:26.020+0200: 136354,196: [GC2015-08-29T05:19:26.020+0200: 136354,196: [ParNew: 287564K->8984K(314560K), 0,0145760 secs] 896544K->618910K(1013632K), 0,0146880 secs] [Times: user=0,10 sys=0,00, real=0,01 secs] 
2015-08-29T05:20:25.257+0200: 136413,434: [GC2015-08-29T05:20:25.257+0200: 136413,434: [ParNew: 288600K->10599K(314560K), 0,0126020 secs] 898526K->621526K(1013632K), 0,0127170 secs] [Times: user=0,09 sys=0,00, real=0,01 secs] 
2015-08-29T05:21:24.357+0200: 136472,534: [GC2015-08-29T05:21:24.357+0200: 136472,534: [ParNew: 290215K->8213K(314560K), 0,0172630 secs] 901142K->620166K(1013632K), 0,0173760 secs] [Times: user=0,11 sys=0,00, real=0,01 secs] 
2015-08-29T05:22:23.140+0200: 136531,317: [GC2015-08-29T05:22:23.140+0200: 136531,317: [ParNew: 287829K->8516K(314560K), 0,0121810 secs] 899782K->621508K(1013632K), 0,0123110 secs] [Times: user=0,09 sys=0,00, real=0,01 secs] 
2015-08-29T05:23:22.228+0200: 136590,404: [GC2015-08-29T05:23:22.228+0200: 136590,404: [ParNew: 288132K->9201K(314560K), 0,0116720 secs] 901124K->623170K(1013632K), 0,0117900 secs] [Times: user=0,09 sys=0,00, real=0,01 secs] 
2015-08-29T05:24:21.296+0200: 136649,472: [GC2015-08-29T05:24:21.296+0200: 136649,472: [ParNew: 288817K->8865K(314560K), 0,0124240 secs] 902786K->623799K(1013632K), 0,0125380 secs] [Times: user=0,10 sys=0,00, real=0,02 secs] 
2015-08-29T05:25:20.261+0200: 136708,437: [GC2015-08-29T05:25:20.261+0200: 136708,437: [ParNew: 288481K->8881K(314560K), 0,0109050 secs] 903415K->624782K(1013632K), 0,0110300 secs] [Times: user=0,07 sys=0,00, real=0,01 secs] 
2015-08-29T05:26:19.607+0200: 136767,784: [GC2015-08-29T05:26:19.607+0200: 136767,784: [ParNew: 288497K->10466K(314560K), 0,0196110 secs] 904398K->627318K(1013632K), 0,0197180 secs] [Times: user=0,14 sys=0,00, real=0,02 secs] 
2015-08-29T05:27:18.093+0200: 136826,269: [GC2015-08-29T05:27:18.093+0200: 136826,269: [ParNew: 290082K->8514K(314560K), 0,0114150 secs] 906934K->626316K(1013632K), 0,0115300 secs] [Times: user=0,08 sys=0,00, real=0,02 secs] 
2015-08-29T05:28:17.396+0200: 136885,572: [GC2015-08-29T05:28:17.396+0200: 136885,572: [ParNew: 288130K->10075K(314560K), 0,0109000 secs] 905932K->628823K(1013632K), 0,0110150 secs] [Times: user=0,10 sys=0,00, real=0,02 secs] 
2015-08-29T05:29:16.783+0200: 136944,960: [GC2015-08-29T05:29:16.783+0200: 136944,960: [ParNew: 289691K->9014K(314560K), 0,0108370 secs] 908439K->628813K(1013632K), 0,0109540 secs] [Times: user=0,10 sys=0,00, real=0,01 secs] 
2015-08-29T05:30:16.119+0200: 137004,295: [GC2015-08-29T05:30:16.119+0200: 137004,295: [ParNew: 288630K->9391K(314560K), 0,0103570 secs] 908429K->630247K(1013632K), 0,0104830 secs] [Times: user=0,09 sys=0,00, real=0,01 secs] 
2015-08-29T05:31:14.701+0200: 137062,878: [GC2015-08-29T05:31:14.701+0200: 137062,878: [ParNew: 289007K->7658K(314560K), 0,0127500 secs] 909863K->629474K(1013632K), 0,0128700 secs] [Times: user=0,08 sys=0,00, real=0,01 secs] 
2015-08-29T05:32:13.768+0200: 137121,945: [GC2015-08-29T05:32:13.768+0200: 137121,945: [ParNew: 287274K->5398K(314560K), 0,0095320 secs] 909090K->628180K(1013632K), 0,0096580 secs] [Times: user=0,08 sys=0,00, real=0,01 secs] 
2015-08-29T05:33:12.732+0200: 137180,909: [GC2015-08-29T05:33:12.732+0200: 137180,909: [ParNew: 285014K->5695K(314560K), 0,0126830 secs] 907796K->629634K(1013632K), 0,0127960 secs] [Times: user=0,08 sys=0,00, real=0,02 secs] 
2015-08-29T05:34:11.887+0200: 137240,063: [GC2015-08-29T05:34:11.887+0200: 137240,063: [ParNew: 285311K->4685K(314560K), 0,0070370 secs] 909250K->629194K(1013632K), 0,0071740 secs] [Times: user=0,06 sys=0,00, real=0,00 secs] 
2015-08-29T05:35:10.962+0200: 137299,138: [GC2015-08-29T05:35:10.962+0200: 137299,138: [ParNew: 284301K->3636K(314560K), 0,0076000 secs] 908810K->628645K(1013632K), 0,0077030 secs] [Times: user=0,05 sys=0,00, real=0,01 secs] 
2015-08-29T05:36:10.141+0200: 137358,317: [GC2015-08-29T05:36:10.141+0200: 137358,317: [ParNew: 283252K->4268K(314560K), 0,0065550 secs] 908261K->629863K(1013632K), 0,0066900 secs] [Times: user=0,04 sys=0,00, real=0,01 secs] 
2015-08-29T05:37:09.047+0200: 137417,223: [GC2015-08-29T05:37:09.047+0200: 137417,223: [ParNew: 283884K->5523K(314560K), 0,0068760 secs] 909479K->631728K(1013632K), 0,0069830 secs] [Times: user=0,06 sys=0,00, real=0,00 secs] 
2015-08-29T05:38:08.105+0200: 137476,281: [GC2015-08-29T05:38:08.105+0200: 137476,281: [ParNew: 285139K->6318K(314560K), 0,0057020 secs] 911344K->632727K(1013632K), 0,0057980 secs] [Times: user=0,03 sys=0,00, real=0,00 secs] 
2015-08-29T05:39:07.130+0200: 137535,306: [GC2015-08-29T05:39:07.130+0200: 137535,306: [ParNew: 285934K->8049K(314560K), 0,0097670 secs] 912343K->634756K(1013632K), 0,0098750 secs] [Times: user=0,07 sys=0,00, real=0,01 secs] 
2015-08-29T05:40:06.222+0200: 137594,398: [GC2015-08-29T05:40:06.222+0200: 137594,399: [ParNew: 287665K->7661K(314560K), 0,0086460 secs] 914372K->634835K(1013632K), 0,0087610 secs] [Times: user=0,06 sys=0,00, real=0,01 secs] 
2015-08-29T05:41:05.180+0200: 137653,357: [GC2015-08-29T05:41:05.180+0200: 137653,357: [ParNew: 287277K->7988K(314560K), 0,0105020 secs] 914451K->635719K(1013632K), 0,0106150 secs] [Times: user=0,06 sys=0,00, real=0,01 secs] 
2015-08-29T05:42:04.331+0200: 137712,507: [GC2015-08-29T05:42:04.331+0200: 137712,507: [ParNew: 287604K->9287K(314560K), 0,0105070 secs] 915335K->637677K(1013632K), 0,0106130 secs] [Times: user=0,09 sys=0,00, real=0,01 secs] 
2015-08-29T05:43:03.105+0200: 137771,281: [GC2015-08-29T05:43:03.105+0200: 137771,281: [ParNew: 288903K->9225K(314560K), 0,0108270 secs] 917293K->638486K(1013632K), 0,0109470 secs] [Times: user=0,07 sys=0,00, real=0,00 secs] 
2015-08-29T05:44:02.444+0200: 137830,621: [GC2015-08-29T05:44:02.444+0200: 137830,621: [ParNew: 288841K->9565K(314560K), 0,0121950 secs] 918102K->639749K(1013632K), 0,0123500 secs] [Times: user=0,08 sys=0,00, real=0,01 secs] 
2015-08-29T05:45:01.388+0200: 137889,565: [GC2015-08-29T05:45:01.388+0200: 137889,565: [ParNew: 289181K->9797K(314560K), 0,0106630 secs] 919365K->640897K(1013632K), 0,0107820 secs] [Times: user=0,08 sys=0,00, real=0,01 secs] 
2015-08-29T05:46:00.565+0200: 137948,742: [GC2015-08-29T05:46:00.566+0200: 137948,742: [ParNew: 289413K->9224K(314560K), 0,0126090 secs] 920513K->641358K(1013632K), 0,0127220 secs] [Times: user=0,08 sys=0,00, real=0,01 secs] 
2015-08-29T05:46:59.483+0200: 138007,659: [GC2015-08-29T05:46:59.483+0200: 138007,660: [ParNew: 288840K->9277K(314560K), 0,0116910 secs] 920974K->642432K(1013632K), 0,0118080 secs] [Times: user=0,11 sys=0,00, real=0,01 secs] 
2015-08-29T05:47:58.751+0200: 138066,928: [GC2015-08-29T05:47:58.751+0200: 138066,928: [ParNew: 288893K->6978K(314560K), 0,0108640 secs] 922048K->641068K(1013632K), 0,0110000 secs] [Times: user=0,08 sys=0,00, real=0,01 secs] 
2015-08-29T05:48:57.738+0200: 138125,914: [GC2015-08-29T05:48:57.738+0200: 138125,914: [ParNew: 286594K->8787K(314560K), 0,0108520 secs] 920684K->643821K(1013632K), 0,0109630 secs] [Times: user=0,07 sys=0,00, real=0,01 secs] 
2015-08-29T05:49:56.808+0200: 138184,985: [GC2015-08-29T05:49:56.808+0200: 138184,985: [ParNew: 288403K->9471K(314560K), 0,0130510 secs] 923437K->645465K(1013632K), 0,0131620 secs] [Times: user=0,11 sys=0,00, real=0,01 secs] 
2015-08-29T05:50:55.670+0200: 138243,846: [GC2015-08-29T05:50:55.670+0200: 138243,846: [ParNew: 289087K->8097K(314560K), 0,0084260 secs] 925081K->645036K(1013632K), 0,0085460 secs] [Times: user=0,07 sys=0,00, real=0,01 secs] 
2015-08-29T05:51:54.824+0200: 138303,001: [GC2015-08-29T05:51:54.824+0200: 138303,001: [ParNew: 287713K->8951K(314560K), 0,0126640 secs] 924652K->646845K(1013632K), 0,0127970 secs] [Times: user=0,09 sys=0,00, real=0,02 secs] 
2015-08-29T05:52:53.755+0200: 138361,931: [GC2015-08-29T05:52:53.755+0200: 138361,931: [ParNew: 288567K->9076K(314560K), 0,0113470 secs] 926461K->647911K(1013632K), 0,0114650 secs] [Times: user=0,10 sys=0,00, real=0,02 secs] 
2015-08-29T05:53:52.847+0200: 138421,023: [GC2015-08-29T05:53:52.847+0200: 138421,023: [ParNew: 288692K->9207K(314560K), 0,0118640 secs] 927527K->649030K(1013632K), 0,0119680 secs] [Times: user=0,08 sys=0,00, real=0,01 secs] 
2015-08-29T05:54:51.853+0200: 138480,029: [GC2015-08-29T05:54:51.853+0200: 138480,029: [ParNew: 288823K->10081K(314560K), 0,0116650 secs] 928646K->650927K(1013632K), 0,0117810 secs] [Times: user=0,08 sys=0,01, real=0,02 secs] 
2015-08-29T05:55:51.043+0200: 138539,219: [GC2015-08-29T05:55:51.043+0200: 138539,219: [ParNew: 289697K->10903K(314560K), 0,0120230 secs] 930543K->652803K(1013632K), 0,0121390 secs] [Times: user=0,09 sys=0,00, real=0,01 secs] 
2015-08-29T05:56:49.958+0200: 138598,135: [GC2015-08-29T05:56:49.958+0200: 138598,135: [ParNew: 290519K->7309K(314560K), 0,0113580 secs] 932419K->650156K(1013632K), 0,0114950 secs] [Times: user=0,09 sys=0,00, real=0,01 secs] 
2015-08-29T05:57:49.193+0200: 138657,370: [GC2015-08-29T05:57:49.193+0200: 138657,370: [ParNew: 286925K->8668K(314560K), 0,0119430 secs] 929772K->652469K(1013632K), 0,0120930 secs] [Times: user=0,08 sys=0,00, real=0,02 secs] 
2015-08-29T05:57:49.206+0200: 138657,382: [GC [1 CMS-initial-mark: 643800K(699072K)] 654831K(1013632K), 0,0114000 secs] [Times: user=0,00 sys=0,00, real=0,01 secs] 
2015-08-29T05:57:49.217+0200: 138657,394: [CMS-concurrent-mark-start]
2015-08-29T05:57:49.237+0200: 138657,414: [CMS-concurrent-mark: 0,019/0,020 secs] [Times: user=0,06 sys=0,00, real=0,02 secs] 
2015-08-29T05:57:49.237+0200: 138657,414: [CMS-concurrent-preclean-start]
2015-08-29T05:57:49.240+0200: 138657,417: [CMS-concurrent-preclean: 0,003/0,003 secs] [Times: user=0,00 sys=0,00, real=0,00 secs] 
2015-08-29T05:57:49.240+0200: 138657,417: [CMS-concurrent-abortable-preclean-start]
 CMS: abort preclean due to time 2015-08-29T05:57:54.249+0200: 138662,426: [CMS-concurrent-abortable-preclean: 2,807/5,009 secs] [Times: user=3,49 sys=0,00, real=5,01 secs] 
2015-08-29T05:57:54.249+0200: 138662,426: [GC[YG occupancy: 36641 K (314560 K)]2015-08-29T05:57:54.249+0200: 138662,426: [GC2015-08-29T05:57:54.249+0200: 138662,426: [ParNew: 36641K->6468K(314560K), 0,0073060 secs] 680442K->651214K(1013632K), 0,0073710 secs] [Times: user=0,04 sys=0,01, real=0,01 secs] 
2015-08-29T05:57:54.257+0200: 138662,433: [Rescan (parallel) , 0,0035860 secs]2015-08-29T05:57:54.260+0200: 138662,437: [weak refs processing, 0,0000410 secs]2015-08-29T05:57:54.260+0200: 138662,437: [class unloading, 0,0015170 secs]2015-08-29T05:57:54.262+0200: 138662,439: [scrub symbol table, 0,0013640 secs]2015-08-29T05:57:54.263+0200: 138662,440: [scrub string table, 0,0002750 secs] [1 CMS-remark: 644746K(699072K)] 651214K(1013632K), 0,0150150 secs] [Times: user=0,07 sys=0,01, real=0,02 secs] 
2015-08-29T05:57:54.265+0200: 138662,441: [CMS-concurrent-sweep-start]
2015-08-29T05:57:54.886+0200: 138663,062: [CMS-concurrent-sweep: 0,621/0,621 secs] [Times: user=0,73 sys=0,00, real=0,62 secs] 
2015-08-29T05:57:54.886+0200: 138663,063: [CMS-concurrent-reset-start]
2015-08-29T05:57:54.887+0200: 138663,064: [CMS-concurrent-reset: 0,001/0,001 secs] [Times: user=0,00 sys=0,00, real=0,00 secs] 
2015-08-29T05:58:53.105+0200: 138721,281: [GC2015-08-29T05:58:53.105+0200: 138721,281: [ParNew: 286084K->7168K(314560K), 0,0098260 secs] 292365K->14409K(1013632K), 0,0099410 secs] [Times: user=0,08 sys=0,00, real=0,00 secs] 
2015-08-29T05:59:52.076+0200: 138780,252: [GC2015-08-29T05:59:52.076+0200: 138780,252: [ParNew: 286784K->7725K(314560K), 0,0094080 secs] 294025K->15911K(1013632K), 0,0095330 secs] [Times: user=0,09 sys=0,00, real=0,02 secs] 
2015-08-29T06:00:51.131+0200: 138839,307: [GC2015-08-29T06:00:51.131+0200: 138839,307: [ParNew: 287341K->8458K(314560K), 0,0112400 secs] 295527K->17608K(1013632K), 0,0113600 secs] [Times: user=0,08 sys=0,00, real=0,01 secs] 
2015-08-29T06:01:49.988+0200: 138898,164: [GC2015-08-29T06:01:49.988+0200: 138898,164: [ParNew: 288074K->8572K(314560K), 0,0129670 secs] 297224K->18761K(1013632K), 0,0130720 secs] [Times: user=0,08 sys=0,00, real=0,01 secs] 
2015-08-29T06:02:49.054+0200: 138957,230: [GC2015-08-29T06:02:49.054+0200: 138957,230: [ParNew: 288188K->7287K(314560K), 0,0122370 secs] 298377K->18511K(1013632K), 0,0123300 secs] [Times: user=0,08 sys=0,00, real=0,02 secs] 
2015-08-29T06:03:48.105+0200: 139016,281: [GC2015-08-29T06:03:48.105+0200: 139016,281: [ParNew: 286903K->9308K(314560K), 0,0080770 secs] 298127K->20623K(1013632K), 0,0081760 secs] [Times: user=0,06 sys=0,00, real=0,00 secs] 
2015-08-29T06:04:47.170+0200: 139075,346: [GC2015-08-29T06:04:47.170+0200: 139075,347: [ParNew: 288924K->7556K(314560K), 0,0118280 secs] 300239K->19838K(1013632K), 0,0119780 secs] [Times: user=0,09 sys=0,00, real=0,01 secs] 
2015-08-29T06:05:46.341+0200: 139134,518: [GC2015-08-29T06:05:46.341+0200: 139134,518: [ParNew: 287172K->9539K(314560K), 0,0158700 secs] 299454K->22778K(1013632K), 0,0160040 secs] [Times: user=0,12 sys=0,00, real=0,02 secs] 
2015-08-29T06:06:45.283+0200: 139193,460: [GC2015-08-29T06:06:45.283+0200: 139193,460: [ParNew: 289155K->8862K(314560K), 0,0114290 secs] 302394K->23054K(1013632K), 0,0115490 secs] [Times: user=0,11 sys=0,00, real=0,01 secs] 
2015-08-29T06:07:44.348+0200: 139252,525: [GC2015-08-29T06:07:44.348+0200: 139252,525: [ParNew: 288478K->9736K(314560K), 0,0111000 secs] 302670K->24886K(1013632K), 0,0112180 secs] [Times: user=0,08 sys=0,00, real=0,01 secs] 
2015-08-29T06:08:43.105+0200: 139311,281: [GC2015-08-29T06:08:43.105+0200: 139311,282: [ParNew: 289352K->9113K(314560K), 0,0108210 secs] 304502K->25229K(1013632K), 0,0109430 secs] [Times: user=0,07 sys=0,00, real=0,00 secs] 
2015-08-29T06:09:41.959+0200: 139370,136: [GC2015-08-29T06:09:41.959+0200: 139370,136: [ParNew: 288729K->9242K(314560K), 0,0119210 secs] 304845K->26323K(1013632K), 0,0120410 secs] [Times: user=0,09 sys=0,00, real=0,01 secs] 
2015-08-29T06:10:41.025+0200: 139429,202: [GC2015-08-29T06:10:41.025+0200: 139429,202: [ParNew: 288858K->8584K(314560K), 0,0125380 secs] 305939K->26673K(1013632K), 0,0126560 secs] [Times: user=0,08 sys=0,00, real=0,01 secs] 
2015-08-29T06:11:40.088+0200: 139488,264: [GC2015-08-29T06:11:40.088+0200: 139488,264: [ParNew: 288200K->10242K(314560K), 0,0130920 secs] 306289K->29400K(1013632K), 0,0132130 secs] [Times: user=0,07 sys=0,00, real=0,01 secs] 
2015-08-29T06:12:39.152+0200: 139547,328: [GC2015-08-29T06:12:39.152+0200: 139547,328: [ParNew: 289858K->7873K(314560K), 0,0108080 secs] 309016K->27996K(1013632K), 0,0109290 secs] [Times: user=0,09 sys=0,00, real=0,01 secs] 
2015-08-29T06:13:38.105+0200: 139606,281: [GC2015-08-29T06:13:38.105+0200: 139606,282: [ParNew: 287489K->8128K(314560K), 0,0099670 secs] 307612K->29209K(1013632K), 0,0100890 secs] [Times: user=0,07 sys=0,00, real=0,00 secs] 
2015-08-29T06:14:37.269+0200: 139665,445: [GC2015-08-29T06:14:37.269+0200: 139665,445: [ParNew: 287744K->9559K(314560K), 0,0117350 secs] 308825K->31607K(1013632K), 0,0118600 secs] [Times: user=0,07 sys=0,01, real=0,01 secs] 
2015-08-29T06:15:36.328+0200: 139724,505: [GC2015-08-29T06:15:36.328+0200: 139724,505: [ParNew: 289175K->8894K(314560K), 0,0109320 secs] 311223K->31901K(1013632K), 0,0110570 secs] [Times: user=0,08 sys=0,00, real=0,01 secs] 
2015-08-29T06:16:35.390+0200: 139783,567: [GC2015-08-29T06:16:35.390+0200: 139783,567: [ParNew: 288510K->10511K(314560K), 0,0120590 secs] 311517K->34491K(1013632K), 0,0121710 secs] [Times: user=0,09 sys=0,00, real=0,01 secs] 
2015-08-29T06:17:34.458+0200: 139842,635: [GC2015-08-29T06:17:34.458+0200: 139842,635: [ParNew: 290127K->8514K(314560K), 0,0114490 secs] 314107K->33448K(1013632K), 0,0115660 secs] [Times: user=0,09 sys=0,00, real=0,01 secs] 
2015-08-29T06:18:33.105+0200: 139901,281: [GC2015-08-29T06:18:33.105+0200: 139901,281: [ParNew: 288130K->9063K(314560K), 0,0124590 secs] 313064K->34962K(1013632K), 0,0126090 secs] [Times: user=0,09 sys=0,00, real=0,01 secs] 
2015-08-29T06:19:32.064+0200: 139960,240: [GC2015-08-29T06:19:32.064+0200: 139960,240: [ParNew: 288679K->10635K(314560K), 0,0110440 secs] 314578K->37585K(1013632K), 0,0111590 secs] [Times: user=0,08 sys=0,00, real=0,01 secs] 
2015-08-29T06:20:30.960+0200: 140019,136: [GC2015-08-29T06:20:30.960+0200: 140019,136: [ParNew: 290251K->7717K(314560K), 0,0115190 secs] 317201K->35711K(1013632K), 0,0116410 secs] [Times: user=0,09 sys=0,00, real=0,01 secs] 
2015-08-29T06:21:30.331+0200: 140078,508: [GC2015-08-29T06:21:30.331+0200: 140078,508: [ParNew: 287333K->8458K(314560K), 0,0113660 secs] 315327K->37412K(1013632K), 0,0114720 secs] [Times: user=0,10 sys=0,00, real=0,01 secs] 
2015-08-29T06:22:29.583+0200: 140137,760: [GC2015-08-29T06:22:29.583+0200: 140137,760: [ParNew: 288074K->7172K(314560K), 0,0112020 secs] 317028K->37068K(1013632K), 0,0113160 secs] [Times: user=0,11 sys=0,00, real=0,01 secs] 
2015-08-29T06:23:28.784+0200: 140196,961: [GC2015-08-29T06:23:28.784+0200: 140196,961: [ParNew: 286788K->9482K(314560K), 0,0117990 secs] 316684K->40336K(1013632K), 0,0119090 secs] [Times: user=0,07 sys=0,00, real=0,01 secs] 
2015-08-29T06:24:27.847+0200: 140256,023: [GC2015-08-29T06:24:27.847+0200: 140256,023: [ParNew: 289098K->9622K(314560K), 0,0108590 secs] 319952K->41422K(1013632K), 0,0109710 secs] [Times: user=0,10 sys=0,00, real=0,01 secs] 
2015-08-29T06:25:26.911+0200: 140315,088: [GC2015-08-29T06:25:26.911+0200: 140315,088: [ParNew: 289238K->9015K(314560K), 0,0115410 secs] 321038K->41770K(1013632K), 0,0116650 secs] [Times: user=0,10 sys=0,00, real=0,01 secs] 
2015-08-29T06:26:26.137+0200: 140374,314: [GC2015-08-29T06:26:26.137+0200: 140374,314: [ParNew: 288631K->9904K(314560K), 0,0114920 secs] 321386K->43610K(1013632K), 0,0116110 secs] [Times: user=0,08 sys=0,00, real=0,01 secs] 
2015-08-29T06:27:24.584+0200: 140432,760: [GC2015-08-29T06:27:24.584+0200: 140432,760: [ParNew: 289520K->10836K(314560K), 0,0134530 secs] 323226K->45554K(1013632K), 0,0135720 secs] [Times: user=0,10 sys=0,00, real=0,02 secs] 
2015-08-29T06:28:23.938+0200: 140492,115: [GC2015-08-29T06:28:23.938+0200: 140492,115: [ParNew: 290452K->8488K(314560K), 0,0121180 secs] 325170K->44250K(1013632K), 0,0122440 secs] [Times: user=0,10 sys=0,00, real=0,01 secs] 
2015-08-29T06:29:23.173+0200: 140551,350: [GC2015-08-29T06:29:23.173+0200: 140551,350: [ParNew: 288104K->8286K(314560K), 0,0122550 secs] 323866K->45002K(1013632K), 0,0123710 secs] [Times: user=0,07 sys=0,00, real=0,02 secs] 
2015-08-29T06:30:21.701+0200: 140609,878: [GC2015-08-29T06:30:21.701+0200: 140609,878: [ParNew: 287902K->8034K(314560K), 0,0110100 secs] 324618K->45702K(1013632K), 0,0111170 secs] [Times: user=0,07 sys=0,01, real=0,01 secs] 
2015-08-29T06:31:20.262+0200: 140668,439: [GC2015-08-29T06:31:20.262+0200: 140668,439: [ParNew: 287650K->7045K(314560K), 0,0104730 secs] 325318K->45664K(1013632K), 0,0105830 secs] [Times: user=0,08 sys=0,00, real=0,01 secs] 
2015-08-29T06:32:19.327+0200: 140727,503: [GC2015-08-29T06:32:19.327+0200: 140727,504: [ParNew: 286661K->6650K(314560K), 0,0102880 secs] 325280K->46235K(1013632K), 0,0104110 secs] [Times: user=0,09 sys=0,00, real=0,01 secs] 
2015-08-29T06:33:18.105+0200: 140786,281: [GC2015-08-29T06:33:18.105+0200: 140786,281: [ParNew: 286266K->5734K(314560K), 0,0088880 secs] 325851K->46405K(1013632K), 0,0089940 secs] [Times: user=0,06 sys=0,00, real=0,00 secs] 
2015-08-29T06:34:17.441+0200: 140845,618: [GC2015-08-29T06:34:17.441+0200: 140845,618: [ParNew: 285350K->4203K(314560K), 0,0082950 secs] 326021K->45453K(1013632K), 0,0084110 secs] [Times: user=0,06 sys=0,00, real=0,01 secs] 
2015-08-29T06:35:16.502+0200: 140904,678: [GC2015-08-29T06:35:16.502+0200: 140904,678: [ParNew: 283819K->4189K(314560K), 0,0070690 secs] 325069K->45961K(1013632K), 0,0072060 secs] [Times: user=0,06 sys=0,00, real=0,01 secs] 
2015-08-29T06:36:15.611+0200: 140963,788: [GC2015-08-29T06:36:15.612+0200: 140963,788: [ParNew: 283805K->4466K(314560K), 0,0078740 secs] 325577K->46878K(1013632K), 0,0079880 secs] [Times: user=0,05 sys=0,00, real=0,01 secs] 
2015-08-29T06:37:14.616+0200: 141022,792: [GC2015-08-29T06:37:14.616+0200: 141022,792: [ParNew: 284082K->4886K(314560K), 0,0076990 secs] 326494K->47965K(1013632K), 0,0078090 secs] [Times: user=0,04 sys=0,00, real=0,01 secs] 
2015-08-29T06:38:13.676+0200: 141081,852: [GC2015-08-29T06:38:13.676+0200: 141081,852: [ParNew: 284502K->6332K(314560K), 0,0064940 secs] 327581K->49535K(1013632K), 0,0066070 secs] [Times: user=0,06 sys=0,00, real=0,01 secs] 
2015-08-29T06:39:12.735+0200: 141140,911: [GC2015-08-29T06:39:12.735+0200: 141140,911: [ParNew: 285948K->6183K(314560K), 0,0078270 secs] 329151K->49606K(1013632K), 0,0079310 secs] [Times: user=0,06 sys=0,00, real=0,01 secs] 
2015-08-29T06:40:11.781+0200: 141199,958: [GC2015-08-29T06:40:11.781+0200: 141199,958: [ParNew: 285799K->6935K(314560K), 0,0090610 secs] 329222K->50840K(1013632K), 0,0091870 secs] [Times: user=0,06 sys=0,00, real=0,01 secs] 
2015-08-29T06:41:10.851+0200: 141259,027: [GC2015-08-29T06:41:10.851+0200: 141259,027: [ParNew: 286551K->8371K(314560K), 0,0103800 secs] 330456K->52829K(1013632K), 0,0105210 secs] [Times: user=0,09 sys=0,00, real=0,01 secs] 
2015-08-29T06:42:09.870+0200: 141318,046: [GC2015-08-29T06:42:09.870+0200: 141318,046: [ParNew: 287987K->8681K(314560K), 0,0114040 secs] 332445K->53775K(1013632K), 0,0115160 secs] [Times: user=0,08 sys=0,00, real=0,01 secs] 
2015-08-29T06:43:08.970+0200: 141377,147: [GC2015-08-29T06:43:08.970+0200: 141377,147: [ParNew: 288297K->10114K(314560K), 0,0109120 secs] 333391K->56042K(1013632K), 0,0110440 secs] [Times: user=0,08 sys=0,00, real=0,01 secs] 
2015-08-29T06:44:07.968+0200: 141436,144: [GC2015-08-29T06:44:07.968+0200: 141436,144: [ParNew: 289730K->10590K(314560K), 0,0108880 secs] 335658K->57500K(1013632K), 0,0110230 secs] [Times: user=0,10 sys=0,00, real=0,01 secs] 
2015-08-29T06:45:07.086+0200: 141495,262: [GC2015-08-29T06:45:07.086+0200: 141495,263: [ParNew: 290206K->7672K(314560K), 0,0118840 secs] 337116K->55600K(1013632K), 0,0119920 secs] [Times: user=0,09 sys=0,00, real=0,01 secs] 
2015-08-29T06:46:06.069+0200: 141554,245: [GC2015-08-29T06:46:06.069+0200: 141554,245: [ParNew: 287288K->9136K(314560K), 0,0097520 secs] 335216K->57993K(1013632K), 0,0098520 secs] [Times: user=0,07 sys=0,00, real=0,01 secs] 
2015-08-29T06:47:05.202+0200: 141613,379: [GC2015-08-29T06:47:05.202+0200: 141613,379: [ParNew: 288752K->9287K(314560K), 0,0120830 secs] 337609K->59086K(1013632K), 0,0122290 secs] [Times: user=0,09 sys=0,00, real=0,01 secs] 
2015-08-29T06:48:04.167+0200: 141672,343: [GC2015-08-29T06:48:04.167+0200: 141672,343: [ParNew: 288903K->8715K(314560K), 0,0099430 secs] 338702K->59463K(1013632K), 0,0100430 secs] [Times: user=0,07 sys=0,00, real=0,01 secs] 
2015-08-29T06:49:03.105+0200: 141731,281: [GC2015-08-29T06:49:03.105+0200: 141731,281: [ParNew: 288331K->8844K(314560K), 0,0118090 secs] 339079K->60557K(1013632K), 0,0119310 secs] [Times: user=0,07 sys=0,01, real=0,01 secs] 
2015-08-29T06:50:02.265+0200: 141790,442: [GC2015-08-29T06:50:02.265+0200: 141790,442: [ParNew: 288460K->9677K(314560K), 0,0113880 secs] 340173K->62340K(1013632K), 0,0115100 secs] [Times: user=0,09 sys=0,00, real=0,01 secs] 
2015-08-29T06:51:01.429+0200: 141849,605: [GC2015-08-29T06:51:01.429+0200: 141849,605: [ParNew: 289293K->9817K(314560K), 0,0113260 secs] 341956K->63431K(1013632K), 0,0114390 secs] [Times: user=0,07 sys=0,01, real=0,01 secs] 
2015-08-29T06:52:00.349+0200: 141908,525: [GC2015-08-29T06:52:00.349+0200: 141908,525: [ParNew: 289433K->9953K(314560K), 0,0097410 secs] 343047K->64541K(1013632K), 0,0098680 secs] [Times: user=0,07 sys=0,00, real=0,01 secs] 
2015-08-29T06:52:59.547+0200: 141967,724: [GC2015-08-29T06:52:59.547+0200: 141967,724: [ParNew: 289569K->10063K(314560K), 0,0141900 secs] 344157K->65692K(1013632K), 0,0143050 secs] [Times: user=0,09 sys=0,00, real=0,01 secs] 
2015-08-29T06:53:58.449+0200: 142026,626: [GC2015-08-29T06:53:58.449+0200: 142026,626: [ParNew: 289679K->9317K(314560K), 0,0119950 secs] 345308K->65986K(1013632K), 0,0121400 secs] [Times: user=0,09 sys=0,00, real=0,01 secs] 
2015-08-29T06:54:57.174+0200: 142085,350: [GC2015-08-29T06:54:57.174+0200: 142085,350: [ParNew: 288933K->9331K(314560K), 0,0115020 secs] 345602K->66931K(1013632K), 0,0116590 secs] [Times: user=0,08 sys=0,00, real=0,02 secs] 
2015-08-29T06:55:56.237+0200: 142144,413: [GC2015-08-29T06:55:56.237+0200: 142144,413: [ParNew: 288947K->8864K(314560K), 0,0106180 secs] 346547K->67423K(1013632K), 0,0107470 secs] [Times: user=0,08 sys=0,00, real=0,01 secs] 
2015-08-29T06:56:55.297+0200: 142203,473: [GC2015-08-29T06:56:55.297+0200: 142203,473: [ParNew: 288480K->8835K(314560K), 0,0111840 secs] 347039K->68342K(1013632K), 0,0112950 secs] [Times: user=0,08 sys=0,00, real=0,01 secs] 
2015-08-29T06:57:54.358+0200: 142262,534: [GC2015-08-29T06:57:54.358+0200: 142262,534: [ParNew: 288451K->8199K(314560K), 0,0123870 secs] 347958K->68657K(1013632K), 0,0125050 secs] [Times: user=0,09 sys=0,00, real=0,01 secs] 
2015-08-29T06:58:53.199+0200: 142321,376: [GC2015-08-29T06:58:53.200+0200: 142321,376: [ParNew: 287815K->9818K(314560K), 0,0121170 secs] 348273K->71229K(1013632K), 0,0122640 secs] [Times: user=0,09 sys=0,00, real=0,01 secs] 
2015-08-29T06:59:52.477+0200: 142380,653: [GC2015-08-29T06:59:52.477+0200: 142380,654: [ParNew: 289434K->8438K(314560K), 0,0110530 secs] 350845K->70807K(1013632K), 0,0111630 secs] [Times: user=0,08 sys=0,00, real=0,01 secs] 
2015-08-29T07:00:51.544+0200: 142439,720: [GC2015-08-29T07:00:51.544+0200: 142439,720: [ParNew: 288054K->7787K(314560K), 0,0116840 secs] 350423K->71184K(1013632K), 0,0118040 secs] [Times: user=0,09 sys=0,00, real=0,01 secs] 
2015-08-29T07:01:50.608+0200: 142498,785: [GC2015-08-29T07:01:50.608+0200: 142498,785: [ParNew: 287403K->10180K(314560K), 0,0115330 secs] 350800K->74619K(1013632K), 0,0116660 secs] [Times: user=0,08 sys=0,00, real=0,01 secs] 
2015-08-29T07:02:49.797+0200: 142557,974: [GC2015-08-29T07:02:49.797+0200: 142557,974: [ParNew: 289796K->7852K(314560K), 0,0142770 secs] 354235K->73256K(1013632K), 0,0143830 secs] [Times: user=0,08 sys=0,01, real=0,01 secs] 
2015-08-29T07:03:48.725+0200: 142616,902: [GC2015-08-29T07:03:48.725+0200: 142616,902: [ParNew: 287468K->8142K(314560K), 0,0117360 secs] 352872K->74494K(1013632K), 0,0118610 secs] [Times: user=0,09 sys=0,00, real=0,01 secs] 
2015-08-29T07:04:47.790+0200: 142675,966: [GC2015-08-29T07:04:47.790+0200: 142675,966: [ParNew: 287758K->8102K(314560K), 0,0114320 secs] 354110K->75420K(1013632K), 0,0115480 secs] [Times: user=0,09 sys=0,00, real=0,01 secs] 
2015-08-29T07:05:46.968+0200: 142735,145: [GC2015-08-29T07:05:46.969+0200: 142735,145: [ParNew: 287718K->8168K(314560K), 0,0116370 secs] 355036K->76452K(1013632K), 0,0117510 secs] [Times: user=0,09 sys=0,00, real=0,01 secs] 
2015-08-29T07:06:45.901+0200: 142794,077: [GC2015-08-29T07:06:45.901+0200: 142794,077: [ParNew: 287784K->9765K(314560K), 0,0112770 secs] 356068K->79004K(1013632K), 0,0113850 secs] [Times: user=0,06 sys=0,01, real=0,01 secs] 
2015-08-29T07:07:44.966+0200: 142853,142: [GC2015-08-29T07:07:44.966+0200: 142853,142: [ParNew: 289381K->9896K(314560K), 0,0108620 secs] 358620K->80098K(1013632K), 0,0109690 secs] [Times: user=0,08 sys=0,00, real=0,01 secs] 
2015-08-29T07:08:44.309+0200: 142912,486: [GC2015-08-29T07:08:44.309+0200: 142912,486: [ParNew: 289512K->9256K(314560K), 0,0111360 secs] 359714K->80453K(1013632K), 0,0112620 secs] [Times: user=0,08 sys=0,00, real=0,01 secs] 
2015-08-29T07:09:43.105+0200: 142971,281: [GC2015-08-29T07:09:43.105+0200: 142971,281: [ParNew: 288872K->8569K(314560K), 0,0117130 secs] 360069K->80799K(1013632K), 0,0118310 secs] [Times: user=0,08 sys=0,00, real=0,01 secs] 
2015-08-29T07:10:42.367+0200: 143030,543: [GC2015-08-29T07:10:42.367+0200: 143030,543: [ParNew: 288185K->10933K(314560K), 0,0108350 secs] 360415K->84208K(1013632K), 0,0109600 secs] [Times: user=0,09 sys=0,00, real=0,01 secs] 
2015-08-29T07:11:41.185+0200: 143089,361: [GC2015-08-29T07:11:41.185+0200: 143089,361: [ParNew: 290549K->7812K(314560K), 0,0128390 secs] 363824K->82039K(1013632K), 0,0129580 secs] [Times: user=0,08 sys=0,00, real=0,01 secs] 
2015-08-29T07:12:40.253+0200: 143148,429: [GC2015-08-29T07:12:40.253+0200: 143148,429: [ParNew: 287428K->9987K(314560K), 0,0104610 secs] 361655K->85168K(1013632K), 0,0105840 secs] [Times: user=0,08 sys=0,00, real=0,01 secs] 
2015-08-29T07:13:39.314+0200: 143207,491: [GC2015-08-29T07:13:39.314+0200: 143207,491: [ParNew: 289603K->7518K(314560K), 0,0112950 secs] 364784K->83659K(1013632K), 0,0114100 secs] [Times: user=0,09 sys=0,00, real=0,02 secs] 
2015-08-29T07:14:38.198+0200: 143266,375: [GC2015-08-29T07:14:38.198+0200: 143266,375: [ParNew: 287134K->10059K(314560K), 0,0105520 secs] 363275K->87162K(1013632K), 0,0106650 secs] [Times: user=0,10 sys=0,00, real=0,01 secs] 
2015-08-29T07:15:37.328+0200: 143325,505: [GC2015-08-29T07:15:37.328+0200: 143325,505: [ParNew: 289675K->9561K(314560K), 0,0133570 secs] 366778K->87609K(1013632K), 0,0134920 secs] [Times: user=0,08 sys=0,00, real=0,01 secs] 
2015-08-29T07:16:36.479+0200: 143384,656: [GC2015-08-29T07:16:36.480+0200: 143384,656: [ParNew: 289177K->9126K(314560K), 0,0124640 secs] 367225K->88127K(1013632K), 0,0125850 secs] [Times: user=0,10 sys=0,00, real=0,01 secs] 
2015-08-29T07:17:35.498+0200: 143443,674: [GC2015-08-29T07:17:35.498+0200: 143443,674: [ParNew: 288742K->10100K(314560K), 0,0119870 secs] 367743K->90121K(1013632K), 0,0121000 secs] [Times: user=0,09 sys=0,00, real=0,01 secs] 
2015-08-29T07:18:34.597+0200: 143502,774: [GC2015-08-29T07:18:34.597+0200: 143502,774: [ParNew: 289716K->10174K(314560K), 0,0119410 secs] 369737K->91237K(1013632K), 0,0120660 secs] [Times: user=0,08 sys=0,00, real=0,01 secs] 
2015-08-29T07:19:33.599+0200: 143561,776: [GC2015-08-29T07:19:33.599+0200: 143561,776: [ParNew: 289790K->8622K(314560K), 0,0112050 secs] 370853K->90648K(1013632K), 0,0113280 secs] [Times: user=0,10 sys=0,00, real=0,01 secs] 
2015-08-29T07:20:32.715+0200: 143620,891: [GC2015-08-29T07:20:32.715+0200: 143620,892: [ParNew: 288238K->9575K(314560K), 0,0114380 secs] 370264K->92563K(1013632K), 0,0115530 secs] [Times: user=0,10 sys=0,00, real=0,02 secs] 
2015-08-29T07:21:31.693+0200: 143679,870: [GC2015-08-29T07:21:31.693+0200: 143679,870: [ParNew: 289191K->8800K(314560K), 0,0110040 secs] 372179K->92741K(1013632K), 0,0111160 secs] [Times: user=0,08 sys=0,00, real=0,01 secs] 
2015-08-29T07:22:30.834+0200: 143739,010: [GC2015-08-29T07:22:30.834+0200: 143739,010: [ParNew: 288416K->8873K(314560K), 0,0115450 secs] 372357K->93788K(1013632K), 0,0116490 secs] [Times: user=0,08 sys=0,00, real=0,02 secs] 
2015-08-29T07:23:29.787+0200: 143797,964: [GC2015-08-29T07:23:29.787+0200: 143797,964: [ParNew: 288489K->8970K(314560K), 0,0107810 secs] 373404K->94834K(1013632K), 0,0108970 secs] [Times: user=0,09 sys=0,00, real=0,01 secs] 
2015-08-29T07:24:28.853+0200: 143857,030: [GC2015-08-29T07:24:28.853+0200: 143857,030: [ParNew: 288586K->9863K(314560K), 0,0104130 secs] 374450K->96676K(1013632K), 0,0105440 secs] [Times: user=0,08 sys=0,00, real=0,01 secs] 
2015-08-29T07:25:27.883+0200: 143916,059: [GC2015-08-29T07:25:27.883+0200: 143916,059: [ParNew: 289479K->10017K(314560K), 0,0111880 secs] 376292K->97803K(1013632K), 0,0113030 secs] [Times: user=0,09 sys=0,00, real=0,01 secs] 
2015-08-29T07:26:26.956+0200: 143975,133: [GC2015-08-29T07:26:26.956+0200: 143975,133: [ParNew: 289633K->10146K(314560K), 0,0117980 secs] 377419K->98987K(1013632K), 0,0119390 secs] [Times: user=0,07 sys=0,00, real=0,01 secs] 
2015-08-29T07:27:25.507+0200: 144033,684: [GC2015-08-29T07:27:25.507+0200: 144033,684: [ParNew: 289762K->12506K(314560K), 0,0122710 secs] 378603K->102378K(1013632K), 0,0123970 secs] [Times: user=0,11 sys=0,00, real=0,01 secs] 
2015-08-29T07:28:24.680+0200: 144092,856: [GC2015-08-29T07:28:24.680+0200: 144092,856: [ParNew: 292122K->8379K(314560K), 0,0121460 secs] 381994K->99210K(1013632K), 0,0122670 secs] [Times: user=0,09 sys=0,00, real=0,01 secs] 
2015-08-29T07:29:24.013+0200: 144152,190: [GC2015-08-29T07:29:24.013+0200: 144152,190: [ParNew: 287995K->8481K(314560K), 0,0122610 secs] 378826K->100274K(1013632K), 0,0123740 secs] [Times: user=0,08 sys=0,00, real=0,02 secs] 
2015-08-29T07:30:22.844+0200: 144211,021: [GC2015-08-29T07:30:22.844+0200: 144211,021: [ParNew: 288097K->8555K(314560K), 0,0109750 secs] 379890K->101308K(1013632K), 0,0110840 secs] [Times: user=0,08 sys=0,00, real=0,00 secs] 
2015-08-29T07:31:22.049+0200: 144270,226: [GC2015-08-29T07:31:22.049+0200: 144270,226: [ParNew: 288171K->7822K(314560K), 0,0092710 secs] 380924K->101535K(1013632K), 0,0093990 secs] [Times: user=0,07 sys=0,00, real=0,01 secs] 
2015-08-29T07:32:21.227+0200: 144329,403: [GC2015-08-29T07:32:21.227+0200: 144329,403: [ParNew: 287438K->6764K(314560K), 0,0114870 secs] 381151K->101429K(1013632K), 0,0116050 secs] [Times: user=0,07 sys=0,00, real=0,01 secs] 
2015-08-29T07:33:20.206+0200: 144388,383: [GC2015-08-29T07:33:20.206+0200: 144388,383: [ParNew: 286380K->4698K(314560K), 0,0083910 secs] 381045K->100445K(1013632K), 0,0085070 secs] [Times: user=0,07 sys=0,00, real=0,00 secs] 
2015-08-29T07:34:19.014+0200: 144447,190: [GC2015-08-29T07:34:19.014+0200: 144447,190: [ParNew: 284314K->4246K(314560K), 0,0072900 secs] 380061K->100651K(1013632K), 0,0074160 secs] [Times: user=0,07 sys=0,00, real=0,01 secs] 
2015-08-29T07:35:17.847+0200: 144506,023: [GC2015-08-29T07:35:17.847+0200: 144506,023: [ParNew: 283862K->4223K(314560K), 0,0080890 secs] 380267K->101220K(1013632K), 0,0081950 secs] [Times: user=0,05 sys=0,00, real=0,00 secs] 
2015-08-29T07:36:16.351+0200: 144564,528: [GC2015-08-29T07:36:16.351+0200: 144564,528: [ParNew: 283839K->3665K(314560K), 0,0066780 secs] 380836K->101189K(1013632K), 0,0067940 secs] [Times: user=0,07 sys=0,00, real=0,01 secs] 
2015-08-29T07:37:15.615+0200: 144623,791: [GC2015-08-29T07:37:15.615+0200: 144623,791: [ParNew: 283281K->4623K(314560K), 0,0070530 secs] 380805K->102725K(1013632K), 0,0071830 secs] [Times: user=0,06 sys=0,00, real=0,01 secs] 
2015-08-29T07:38:14.740+0200: 144682,916: [GC2015-08-29T07:38:14.740+0200: 144682,916: [ParNew: 284239K->4845K(314560K), 0,0068200 secs] 382341K->103059K(1013632K), 0,0069260 secs] [Times: user=0,04 sys=0,00, real=0,01 secs] 
2015-08-29T07:39:13.798+0200: 144741,975: [GC2015-08-29T07:39:13.798+0200: 144741,975: [ParNew: 284461K->7378K(314560K), 0,0082080 secs] 382675K->105795K(1013632K), 0,0083330 secs] [Times: user=0,07 sys=0,00, real=0,01 secs] 
2015-08-29T07:40:12.512+0200: 144800,688: [GC2015-08-29T07:40:12.512+0200: 144800,688: [ParNew: 286994K->8942K(314560K), 0,0093100 secs] 385411K->107819K(1013632K), 0,0094160 secs] [Times: user=0,09 sys=0,00, real=0,01 secs] 
2015-08-29T07:41:11.410+0200: 144859,587: [GC2015-08-29T07:41:11.411+0200: 144859,587: [ParNew: 288558K->6979K(314560K), 0,0093500 secs] 387435K->106411K(1013632K), 0,0094620 secs] [Times: user=0,07 sys=0,00, real=0,01 secs] 
2015-08-29T07:42:07.847+0200: 144916,023: [GC2015-08-29T07:42:07.847+0200: 144916,023: [ParNew: 286595K->8930K(314560K), 0,0117760 secs] 386027K->109048K(1013632K), 0,0118900 secs] [Times: user=0,09 sys=0,00, real=0,01 secs] 
2015-08-29T07:43:06.637+0200: 144974,813: [GC2015-08-29T07:43:06.637+0200: 144974,813: [ParNew: 288546K->10242K(314560K), 0,0110000 secs] 388664K->111329K(1013632K), 0,0111200 secs] [Times: user=0,08 sys=0,00, real=0,01 secs] 
2015-08-29T07:44:05.470+0200: 145033,647: [GC2015-08-29T07:44:05.470+0200: 145033,647: [ParNew: 289858K->9872K(314560K), 0,0113180 secs] 390945K->111982K(1013632K), 0,0114700 secs] [Times: user=0,10 sys=0,00, real=0,01 secs] 
2015-08-29T07:45:04.123+0200: 145092,300: [GC2015-08-29T07:45:04.123+0200: 145092,300: [ParNew: 289488K->9206K(314560K), 0,0108480 secs] 391598K->112251K(1013632K), 0,0109580 secs] [Times: user=0,08 sys=0,00, real=0,01 secs] 
2015-08-29T07:46:03.105+0200: 145151,281: [GC2015-08-29T07:46:03.105+0200: 145151,282: [ParNew: 288822K->9474K(314560K), 0,0108240 secs] 391867K->113458K(1013632K), 0,0109330 secs] [Times: user=0,08 sys=0,00, real=0,00 secs] 
2015-08-29T07:47:02.242+0200: 145210,419: [GC2015-08-29T07:47:02.242+0200: 145210,419: [ParNew: 289090K->8754K(314560K), 0,0125110 secs] 393074K->113688K(1013632K), 0,0126260 secs] [Times: user=0,08 sys=0,00, real=0,01 secs] 
2015-08-29T07:48:01.309+0200: 145269,486: [GC2015-08-29T07:48:01.309+0200: 145269,486: [ParNew: 288370K->9596K(314560K), 0,0116620 secs] 393304K->115466K(1013632K), 0,0117760 secs] [Times: user=0,07 sys=0,01, real=0,01 secs] 
2015-08-29T07:49:00.374+0200: 145328,550: [GC2015-08-29T07:49:00.374+0200: 145328,550: [ParNew: 289212K->8995K(314560K), 0,0099850 secs] 395082K->115794K(1013632K), 0,0100920 secs] [Times: user=0,07 sys=0,00, real=0,01 secs] 
2015-08-29T07:49:59.432+0200: 145387,609: [GC2015-08-29T07:49:59.432+0200: 145387,609: [ParNew: 288611K->9918K(314560K), 0,0110350 secs] 395410K->117660K(1013632K), 0,0111450 secs] [Times: user=0,07 sys=0,00, real=0,01 secs] 
2015-08-29T07:50:58.105+0200: 145446,281: [GC2015-08-29T07:50:58.105+0200: 145446,281: [ParNew: 289534K->8510K(314560K), 0,0110710 secs] 397276K->117271K(1013632K), 0,0111750 secs] [Times: user=0,06 sys=0,01, real=0,00 secs] 
2015-08-29T07:51:57.030+0200: 145505,207: [GC2015-08-29T07:51:57.030+0200: 145505,207: [ParNew: 288126K->9340K(314560K), 0,0121700 secs] 396887K->119155K(1013632K), 0,0122880 secs] [Times: user=0,09 sys=0,00, real=0,01 secs] 
2015-08-29T07:52:56.094+0200: 145564,271: [GC2015-08-29T07:52:56.095+0200: 145564,271: [ParNew: 288956K->8572K(314560K), 0,0114990 secs] 398771K->119339K(1013632K), 0,0116340 secs] [Times: user=0,09 sys=0,00, real=0,02 secs] 
2015-08-29T07:53:55.130+0200: 145623,306: [GC2015-08-29T07:53:55.130+0200: 145623,306: [ParNew: 288188K->8083K(314560K), 0,0109540 secs] 398955K->119801K(1013632K), 0,0110710 secs] [Times: user=0,07 sys=0,00, real=0,01 secs] 
2015-08-29T07:54:54.213+0200: 145682,390: [GC2015-08-29T07:54:54.213+0200: 145682,390: [ParNew: 287699K->9514K(314560K), 0,0104800 secs] 399417K->122189K(1013632K), 0,0105960 secs] [Times: user=0,07 sys=0,00, real=0,01 secs] 
2015-08-29T07:55:53.105+0200: 145741,281: [GC2015-08-29T07:55:53.105+0200: 145741,281: [ParNew: 289130K->8868K(314560K), 0,0106160 secs] 401805K->122481K(1013632K), 0,0107380 secs] [Times: user=0,07 sys=0,00, real=0,00 secs] 
2015-08-29T07:56:52.482+0200: 145800,658: [GC2015-08-29T07:56:52.482+0200: 145800,658: [ParNew: 288484K->9732K(314560K), 0,0123520 secs] 402097K->124296K(1013632K), 0,0124620 secs] [Times: user=0,08 sys=0,00, real=0,01 secs] 
2015-08-29T07:57:51.289+0200: 145859,466: [GC2015-08-29T07:57:51.289+0200: 145859,466: [ParNew: 289348K->9122K(314560K), 0,0113000 secs] 403912K->124646K(1013632K), 0,0114100 secs] [Times: user=0,07 sys=0,00, real=0,01 secs] 
2015-08-29T07:58:50.439+0200: 145918,615: [GC2015-08-29T07:58:50.439+0200: 145918,615: [ParNew: 288738K->10020K(314560K), 0,0102520 secs] 404262K->126537K(1013632K), 0,0103560 secs] [Times: user=0,10 sys=0,00, real=0,01 secs] 
2015-08-29T07:59:49.379+0200: 145977,556: [GC2015-08-29T07:59:49.379+0200: 145977,556: [ParNew: 289636K->10112K(314560K), 0,0121290 secs] 406153K->127671K(1013632K), 0,0122420 secs] [Times: user=0,08 sys=0,00, real=0,01 secs] 
2015-08-29T08:00:48.555+0200: 146036,732: [GC2015-08-29T08:00:48.555+0200: 146036,732: [ParNew: 289728K->9360K(314560K), 0,0108130 secs] 407287K->127963K(1013632K), 0,0109180 secs] [Times: user=0,09 sys=0,00, real=0,02 secs] 
2015-08-29T08:01:47.475+0200: 146095,652: [GC2015-08-29T08:01:47.475+0200: 146095,652: [ParNew: 288976K->8593K(314560K), 0,0131700 secs] 407579K->128134K(1013632K), 0,0132990 secs] [Times: user=0,10 sys=0,00, real=0,02 secs] 
2015-08-29T08:02:46.676+0200: 146154,853: [GC2015-08-29T08:02:46.676+0200: 146154,853: [ParNew: 288209K->8906K(314560K), 0,0108940 secs] 407750K->129408K(1013632K), 0,0109980 secs] [Times: user=0,10 sys=0,00, real=0,02 secs] 
2015-08-29T08:03:45.571+0200: 146213,747: [GC2015-08-29T08:03:45.571+0200: 146213,747: [ParNew: 288522K->8897K(314560K), 0,0154900 secs] 409024K->130358K(1013632K), 0,0156020 secs] [Times: user=0,13 sys=0,00, real=0,02 secs] 
2015-08-29T08:04:44.793+0200: 146272,969: [GC2015-08-29T08:04:44.793+0200: 146272,969: [ParNew: 288513K->8991K(314560K), 0,0119330 secs] 409974K->131403K(1013632K), 0,0120460 secs] [Times: user=0,06 sys=0,00, real=0,02 secs] 
2015-08-29T08:05:43.676+0200: 146331,852: [GC2015-08-29T08:05:43.676+0200: 146331,852: [ParNew: 288607K->9868K(314560K), 0,0113820 secs] 411019K->133238K(1013632K), 0,0115030 secs] [Times: user=0,07 sys=0,00, real=0,02 secs] 
2015-08-29T08:06:42.847+0200: 146391,023: [GC2015-08-29T08:06:42.847+0200: 146391,023: [ParNew: 289484K->9210K(314560K), 0,0111670 secs] 412854K->133542K(1013632K), 0,0112780 secs] [Times: user=0,10 sys=0,00, real=0,01 secs] 
2015-08-29T08:07:41.758+0200: 146449,934: [GC2015-08-29T08:07:41.758+0200: 146449,934: [ParNew: 288826K->8542K(314560K), 0,0115660 secs] 413158K->133910K(1013632K), 0,0116730 secs] [Times: user=0,10 sys=0,00, real=0,01 secs] 
2015-08-29T08:08:40.966+0200: 146509,142: [GC2015-08-29T08:08:40.966+0200: 146509,142: [ParNew: 288158K->8579K(314560K), 0,0114320 secs] 413526K->135008K(1013632K), 0,0115510 secs] [Times: user=0,11 sys=0,00, real=0,01 secs] 
2015-08-29T08:09:39.854+0200: 146568,031: [GC2015-08-29T08:09:39.854+0200: 146568,031: [ParNew: 288195K->8582K(314560K), 0,0101880 secs] 414624K->135969K(1013632K), 0,0102970 secs] [Times: user=0,08 sys=0,00, real=0,02 secs] 
2015-08-29T08:10:38.624+0200: 146626,800: [GC2015-08-29T08:10:38.624+0200: 146626,801: [ParNew: 288198K->8813K(314560K), 0,0116750 secs] 415585K->137150K(1013632K), 0,0117880 secs] [Times: user=0,08 sys=0,00, real=0,01 secs] 
2015-08-29T08:11:37.690+0200: 146685,867: [GC2015-08-29T08:11:37.690+0200: 146685,867: [ParNew: 288429K->9524K(314560K), 0,0165580 secs] 416766K->138798K(1013632K), 0,0166850 secs] [Times: user=0,10 sys=0,00, real=0,02 secs] 
2015-08-29T08:12:36.659+0200: 146744,835: [GC2015-08-29T08:12:36.659+0200: 146744,835: [ParNew: 289140K->8902K(314560K), 0,0116740 secs] 418414K->139124K(1013632K), 0,0117970 secs] [Times: user=0,08 sys=0,00, real=0,01 secs] 
2015-08-29T08:13:35.905+0200: 146804,081: [GC2015-08-29T08:13:35.905+0200: 146804,081: [ParNew: 288518K->9012K(314560K), 0,0109410 secs] 418740K->140194K(1013632K), 0,0110730 secs] [Times: user=0,07 sys=0,00, real=0,00 secs] 
2015-08-29T08:14:35.139+0200: 146863,316: [GC2015-08-29T08:14:35.139+0200: 146863,316: [ParNew: 288628K->9127K(314560K), 0,0107270 secs] 419810K->141275K(1013632K), 0,0108440 secs] [Times: user=0,10 sys=0,00, real=0,01 secs] 
2015-08-29T08:15:34.106+0200: 146922,283: [GC2015-08-29T08:15:34.106+0200: 146922,283: [ParNew: 288743K->8467K(314560K), 0,0110650 secs] 420891K->141599K(1013632K), 0,0111790 secs] [Times: user=0,08 sys=0,00, real=0,01 secs] 
2015-08-29T08:16:33.105+0200: 146981,281: [GC2015-08-29T08:16:33.105+0200: 146981,281: [ParNew: 288083K->8548K(314560K), 0,0125370 secs] 421215K->142737K(1013632K), 0,0126450 secs] [Times: user=0,10 sys=0,00, real=0,01 secs] 
2015-08-29T08:17:32.196+0200: 147040,373: [GC2015-08-29T08:17:32.196+0200: 147040,373: [ParNew: 288164K->9331K(314560K), 0,0121820 secs] 422353K->144564K(1013632K), 0,0123110 secs] [Times: user=0,08 sys=0,00, real=0,02 secs] 
2015-08-29T08:18:31.441+0200: 147099,618: [GC2015-08-29T08:18:31.442+0200: 147099,618: [ParNew: 288947K->7788K(314560K), 0,0109540 secs] 424180K->143958K(1013632K), 0,0110660 secs] [Times: user=0,07 sys=0,00, real=0,01 secs] 
2015-08-29T08:19:30.676+0200: 147158,852: [GC2015-08-29T08:19:30.676+0200: 147158,852: [ParNew: 287404K->9626K(314560K), 0,0114720 secs] 423574K->146746K(1013632K), 0,0115870 secs] [Times: user=0,09 sys=0,00, real=0,02 secs] 
2015-08-29T08:20:29.893+0200: 147218,069: [GC2015-08-29T08:20:29.893+0200: 147218,069: [ParNew: 289242K->9629K(314560K), 0,0110600 secs] 426362K->147698K(1013632K), 0,0111790 secs] [Times: user=0,08 sys=0,00, real=0,01 secs] 
2015-08-29T08:21:29.133+0200: 147277,310: [GC2015-08-29T08:21:29.133+0200: 147277,310: [ParNew: 289245K->9011K(314560K), 0,0105210 secs] 427314K->148033K(1013632K), 0,0106610 secs] [Times: user=0,06 sys=0,00, real=0,01 secs] 
2015-08-29T08:22:28.105+0200: 147336,281: [GC2015-08-29T08:22:28.105+0200: 147336,281: [ParNew: 288627K->9903K(314560K), 0,0108890 secs] 427649K->149878K(1013632K), 0,0110130 secs] [Times: user=0,07 sys=0,00, real=0,00 secs] 
2015-08-29T08:23:27.351+0200: 147395,527: [GC2015-08-29T08:23:27.351+0200: 147395,528: [ParNew: 289519K->10047K(314560K), 0,0147350 secs] 429494K->150986K(1013632K), 0,0148640 secs] [Times: user=0,11 sys=0,00, real=0,02 secs] 
2015-08-29T08:24:26.419+0200: 147454,595: [GC2015-08-29T08:24:26.419+0200: 147454,595: [ParNew: 289663K->9407K(314560K), 0,0118390 secs] 430602K->151391K(1013632K), 0,0119600 secs] [Times: user=0,10 sys=0,00, real=0,01 secs] 
2015-08-29T08:25:25.485+0200: 147513,662: [GC2015-08-29T08:25:25.486+0200: 147513,662: [ParNew: 289023K->8663K(314560K), 0,0117310 secs] 431007K->151708K(1013632K), 0,0118450 secs] [Times: user=0,09 sys=0,00, real=0,01 secs] 
2015-08-29T08:26:24.553+0200: 147572,730: [GC2015-08-29T08:26:24.553+0200: 147572,730: [ParNew: 288279K->7864K(314560K), 0,0171440 secs] 431324K->151880K(1013632K), 0,0172420 secs] [Times: user=0,09 sys=0,00, real=0,02 secs] 
2015-08-29T08:27:22.995+0200: 147631,171: [GC2015-08-29T08:27:22.995+0200: 147631,171: [ParNew: 287480K->11118K(314560K), 0,0122050 secs] 431496K->156093K(1013632K), 0,0123220 secs] [Times: user=0,11 sys=0,00, real=0,02 secs] 
2015-08-29T08:28:22.305+0200: 147690,481: [GC2015-08-29T08:28:22.305+0200: 147690,481: [ParNew: 290734K->8946K(314560K), 0,0117930 secs] 435709K->154875K(1013632K), 0,0119250 secs] [Times: user=0,07 sys=0,00, real=0,01 secs] 
2015-08-29T08:29:21.775+0200: 147749,951: [GC2015-08-29T08:29:21.775+0200: 147749,951: [ParNew: 288562K->10033K(314560K), 0,0117100 secs] 434491K->156930K(1013632K), 0,0118310 secs] [Times: user=0,09 sys=0,00, real=0,02 secs] 
2015-08-29T08:30:20.295+0200: 147808,472: [GC2015-08-29T08:30:20.295+0200: 147808,472: [ParNew: 289649K->8658K(314560K), 0,0196190 secs] 436546K->156517K(1013632K), 0,0197220 secs] [Times: user=0,14 sys=0,00, real=0,02 secs] 
2015-08-29T08:31:19.364+0200: 147867,540: [GC2015-08-29T08:31:19.364+0200: 147867,540: [ParNew: 288274K->8651K(314560K), 0,0125340 secs] 436133K->157462K(1013632K), 0,0126400 secs] [Times: user=0,10 sys=0,00, real=0,02 secs] 
2015-08-29T08:32:18.105+0200: 147926,281: [GC2015-08-29T08:32:18.105+0200: 147926,281: [ParNew: 288267K->6163K(314560K), 0,0097340 secs] 437078K->155983K(1013632K), 0,0098490 secs] [Times: user=0,08 sys=0,00, real=0,00 secs] 
2015-08-29T08:33:16.881+0200: 147985,057: [GC2015-08-29T08:33:16.881+0200: 147985,057: [ParNew: 285779K->6035K(314560K), 0,0097220 secs] 435599K->157056K(1013632K), 0,0098470 secs] [Times: user=0,06 sys=0,00, real=0,01 secs] 
2015-08-29T08:34:16.030+0200: 148044,207: [GC2015-08-29T08:34:16.030+0200: 148044,207: [ParNew: 285651K->4101K(314560K), 0,0069590 secs] 436672K->155701K(1013632K), 0,0070720 secs] [Times: user=0,06 sys=0,00, real=0,01 secs] 
2015-08-29T08:35:15.092+0200: 148103,269: [GC2015-08-29T08:35:15.092+0200: 148103,269: [ParNew: 283717K->4075K(314560K), 0,0068010 secs] 435317K->156180K(1013632K), 0,0069280 secs] [Times: user=0,03 sys=0,01, real=0,01 secs] 
2015-08-29T08:36:14.152+0200: 148162,329: [GC2015-08-29T08:36:14.152+0200: 148162,329: [ParNew: 283691K->4578K(314560K), 0,0070700 secs] 435796K->157239K(1013632K), 0,0071820 secs] [Times: user=0,06 sys=0,00, real=0,01 secs] 
2015-08-29T08:37:12.711+0200: 148220,888: [GC2015-08-29T08:37:12.711+0200: 148220,888: [ParNew: 284194K->5013K(314560K), 0,0072280 secs] 436855K->158255K(1013632K), 0,0073310 secs] [Times: user=0,05 sys=0,00, real=0,01 secs] 
2015-08-29T08:38:11.473+0200: 148279,650: [GC2015-08-29T08:38:11.473+0200: 148279,650: [ParNew: 284629K->6260K(314560K), 0,0066110 secs] 437871K->159623K(1013632K), 0,0067350 secs] [Times: user=0,04 sys=0,00, real=0,01 secs] 
2015-08-29T08:39:10.328+0200: 148338,505: [GC2015-08-29T08:39:10.328+0200: 148338,505: [ParNew: 285876K->6743K(314560K), 0,0075860 secs] 439239K->160322K(1013632K), 0,0077090 secs] [Times: user=0,04 sys=0,00, real=0,00 secs] 
2015-08-29T08:40:09.175+0200: 148397,351: [GC2015-08-29T08:40:09.175+0200: 148397,351: [ParNew: 286359K->8708K(314560K), 0,0094150 secs] 439938K->162753K(1013632K), 0,0095450 secs] [Times: user=0,07 sys=0,00, real=0,01 secs] 
2015-08-29T08:41:08.105+0200: 148456,281: [GC2015-08-29T08:41:08.105+0200: 148456,282: [ParNew: 288324K->9870K(314560K), 0,0092050 secs] 442369K->164566K(1013632K), 0,0093270 secs] [Times: user=0,06 sys=0,00, real=0,00 secs] 
2015-08-29T08:42:07.280+0200: 148515,457: [GC2015-08-29T08:42:07.280+0200: 148515,457: [ParNew: 289486K->7030K(314560K), 0,0113220 secs] 444182K->162481K(1013632K), 0,0114470 secs] [Times: user=0,08 sys=0,00, real=0,01 secs] 
2015-08-29T08:43:06.547+0200: 148574,724: [GC2015-08-29T08:43:06.547+0200: 148574,724: [ParNew: 286646K->8918K(314560K), 0,0115290 secs] 442097K->165266K(1013632K), 0,0116470 secs] [Times: user=0,08 sys=0,00, real=0,01 secs] 
2015-08-29T08:44:05.311+0200: 148633,488: [GC2015-08-29T08:44:05.311+0200: 148633,488: [ParNew: 288534K->8501K(314560K), 0,0118140 secs] 444882K->165776K(1013632K), 0,0119610 secs] [Times: user=0,08 sys=0,00, real=0,01 secs] 
2015-08-29T08:45:04.164+0200: 148692,341: [GC2015-08-29T08:45:04.165+0200: 148692,341: [ParNew: 288117K->8696K(314560K), 0,0124690 secs] 445392K->166917K(1013632K), 0,0125740 secs] [Times: user=0,10 sys=0,00, real=0,01 secs] 
2015-08-29T08:46:03.105+0200: 148751,281: [GC2015-08-29T08:46:03.105+0200: 148751,281: [ParNew: 288312K->8839K(314560K), 0,0103950 secs] 446533K->168005K(1013632K), 0,0105130 secs] [Times: user=0,06 sys=0,00, real=0,00 secs] 
2015-08-29T08:47:02.183+0200: 148810,359: [GC2015-08-29T08:47:02.183+0200: 148810,359: [ParNew: 288455K->8972K(314560K), 0,0113280 secs] 447621K->169091K(1013632K), 0,0114470 secs] [Times: user=0,10 sys=0,00, real=0,01 secs] 
2015-08-29T08:48:01.331+0200: 148869,508: [GC2015-08-29T08:48:01.331+0200: 148869,508: [ParNew: 288588K->7590K(314560K), 0,0134990 secs] 448707K->168658K(1013632K), 0,0136120 secs] [Times: user=0,09 sys=0,00, real=0,02 secs] 
2015-08-29T08:49:00.399+0200: 148928,575: [GC2015-08-29T08:49:00.399+0200: 148928,575: [ParNew: 287206K->8478K(314560K), 0,0111230 secs] 448274K->170540K(1013632K), 0,0112520 secs] [Times: user=0,10 sys=0,00, real=0,01 secs] 
2015-08-29T08:49:59.464+0200: 148987,641: [GC2015-08-29T08:49:59.464+0200: 148987,641: [ParNew: 288094K->8564K(314560K), 0,0107780 secs] 450156K->171671K(1013632K), 0,0108860 secs] [Times: user=0,08 sys=0,00, real=0,00 secs] 
2015-08-29T08:50:58.528+0200: 149046,704: [GC2015-08-29T08:50:58.528+0200: 149046,704: [ParNew: 288180K->7796K(314560K), 0,0134650 secs] 451287K->171848K(1013632K), 0,0135780 secs] [Times: user=0,10 sys=0,00, real=0,01 secs] 
2015-08-29T08:51:57.590+0200: 149105,767: [GC2015-08-29T08:51:57.590+0200: 149105,767: [ParNew: 287412K->8799K(314560K), 0,0114000 secs] 451464K->173798K(1013632K), 0,0115130 secs] [Times: user=0,10 sys=0,00, real=0,01 secs] 
2015-08-29T08:52:56.654+0200: 149164,831: [GC2015-08-29T08:52:56.654+0200: 149164,831: [ParNew: 288415K->9506K(314560K), 0,0114540 secs] 453414K->175465K(1013632K), 0,0115700 secs] [Times: user=0,11 sys=0,00, real=0,02 secs] 
2015-08-29T08:53:55.719+0200: 149223,896: [GC2015-08-29T08:53:55.719+0200: 149223,896: [ParNew: 289122K->8865K(314560K), 0,0136500 secs] 455081K->175782K(1013632K), 0,0137780 secs] [Times: user=0,11 sys=0,00, real=0,01 secs] 
2015-08-29T08:54:54.787+0200: 149282,964: [GC2015-08-29T08:54:54.787+0200: 149282,964: [ParNew: 288481K->9723K(314560K), 0,0116420 secs] 455398K->177596K(1013632K), 0,0117510 secs] [Times: user=0,08 sys=0,00, real=0,01 secs] 
2015-08-29T08:55:53.850+0200: 149342,026: [GC2015-08-29T08:55:53.850+0200: 149342,026: [ParNew: 289339K->8318K(314560K), 0,0115410 secs] 457212K->177137K(1013632K), 0,0116480 secs] [Times: user=0,09 sys=0,00, real=0,01 secs] 
2015-08-29T08:56:52.709+0200: 149400,886: [GC2015-08-29T08:56:52.709+0200: 149400,886: [ParNew: 287934K->10738K(314560K), 0,0114970 secs] 456753K->180521K(1013632K), 0,0116070 secs] [Times: user=0,08 sys=0,00, real=0,01 secs] 
2015-08-29T08:57:51.661+0200: 149459,837: [GC2015-08-29T08:57:51.661+0200: 149459,837: [ParNew: 290354K->8223K(314560K), 0,0120260 secs] 460137K->179058K(1013632K), 0,0121440 secs] [Times: user=0,08 sys=0,01, real=0,01 secs] 
2015-08-29T08:58:50.710+0200: 149518,887: [GC2015-08-29T08:58:50.710+0200: 149518,887: [ParNew: 287839K->9863K(314560K), 0,0110930 secs] 458674K->181747K(1013632K), 0,0112090 secs] [Times: user=0,10 sys=0,00, real=0,01 secs] 
2015-08-29T08:59:50.047+0200: 149578,223: [GC2015-08-29T08:59:50.047+0200: 149578,223: [ParNew: 289479K->9110K(314560K), 0,0107800 secs] 461363K->181945K(1013632K), 0,0108960 secs] [Times: user=0,09 sys=0,00, real=0,01 secs] 
2015-08-29T09:00:49.118+0200: 149637,294: [GC2015-08-29T09:00:49.118+0200: 149637,294: [ParNew: 288726K->9498K(314560K), 0,0108000 secs] 461561K->183265K(1013632K), 0,0109170 secs] [Times: user=0,07 sys=0,00, real=0,01 secs] 
2015-08-29T09:01:48.105+0200: 149696,281: [GC2015-08-29T09:01:48.105+0200: 149696,281: [ParNew: 289114K->9528K(314560K), 0,0109440 secs] 462881K->184251K(1013632K), 0,0110630 secs] [Times: user=0,07 sys=0,00, real=0,00 secs] 
2015-08-29T09:02:47.133+0200: 149755,309: [GC2015-08-29T09:02:47.133+0200: 149755,309: [ParNew: 289144K->9626K(314560K), 0,0119370 secs] 463867K->185289K(1013632K), 0,0120560 secs] [Times: user=0,08 sys=0,00, real=0,02 secs] 
2015-08-29T09:03:46.228+0200: 149814,404: [GC2015-08-29T09:03:46.228+0200: 149814,404: [ParNew: 289242K->9755K(314560K), 0,0108670 secs] 464905K->186379K(1013632K), 0,0109860 secs] [Times: user=0,09 sys=0,00, real=0,01 secs] 
2015-08-29T09:04:45.345+0200: 149873,521: [GC2015-08-29T09:04:45.345+0200: 149873,521: [ParNew: 289371K->7598K(314560K), 0,0110350 secs] 465995K->185175K(1013632K), 0,0111850 secs] [Times: user=0,08 sys=0,01, real=0,00 secs] 
2015-08-29T09:05:44.317+0200: 149932,493: [GC2015-08-29T09:05:44.317+0200: 149932,493: [ParNew: 287214K->8474K(314560K), 0,0109180 secs] 464791K->187071K(1013632K), 0,0110250 secs] [Times: user=0,06 sys=0,00, real=0,01 secs] 
2015-08-29T09:06:43.198+0200: 149991,375: [GC2015-08-29T09:06:43.198+0200: 149991,375: [ParNew: 288090K->10076K(314560K), 0,0109460 secs] 466687K->189709K(1013632K), 0,0110560 secs] [Times: user=0,10 sys=0,00, real=0,01 secs] 
2015-08-29T09:07:42.417+0200: 150050,593: [GC2015-08-29T09:07:42.417+0200: 150050,593: [ParNew: 289692K->9317K(314560K), 0,0113760 secs] 469325K->189895K(1013632K), 0,0114810 secs] [Times: user=0,07 sys=0,01, real=0,01 secs] 
2015-08-29T09:08:41.577+0200: 150109,753: [GC2015-08-29T09:08:41.577+0200: 150109,753: [ParNew: 288933K->8035K(314560K), 0,0110940 secs] 469511K->189554K(1013632K), 0,0112050 secs] [Times: user=0,09 sys=0,00, real=0,01 secs] 
2015-08-29T09:09:40.511+0200: 150168,687: [GC2015-08-29T09:09:40.511+0200: 150168,687: [ParNew: 287651K->8020K(314560K), 0,0107760 secs] 469170K->190487K(1013632K), 0,0109010 secs] [Times: user=0,10 sys=0,00, real=0,01 secs] 
2015-08-29T09:10:39.694+0200: 150227,871: [GC2015-08-29T09:10:39.694+0200: 150227,871: [ParNew: 287636K->10310K(314560K), 0,0123460 secs] 470103K->193732K(1013632K), 0,0124610 secs] [Times: user=0,10 sys=0,00, real=0,02 secs] 
2015-08-29T09:11:38.616+0200: 150286,793: [GC2015-08-29T09:11:38.617+0200: 150286,793: [ParNew: 289926K->7447K(314560K), 0,0114720 secs] 473348K->191824K(1013632K), 0,0115910 secs] [Times: user=0,09 sys=0,00, real=0,01 secs] 
2015-08-29T09:12:37.812+0200: 150345,989: [GC2015-08-29T09:12:37.813+0200: 150345,989: [ParNew: 287063K->8241K(314560K), 0,0116600 secs] 471440K->193566K(1013632K), 0,0117970 secs] [Times: user=0,06 sys=0,01, real=0,01 secs] 
2015-08-29T09:13:36.877+0200: 150405,053: [GC2015-08-29T09:13:36.877+0200: 150405,053: [ParNew: 287857K->9763K(314560K), 0,0114350 secs] 473182K->196054K(1013632K), 0,0115670 secs] [Times: user=0,08 sys=0,00, real=0,01 secs] 
2015-08-29T09:14:35.941+0200: 150464,117: [GC2015-08-29T09:14:35.941+0200: 150464,117: [ParNew: 289379K->10070K(314560K), 0,0125920 secs] 475670K->197414K(1013632K), 0,0127110 secs] [Times: user=0,10 sys=0,00, real=0,01 secs] 
2015-08-29T09:15:34.795+0200: 150522,971: [GC2015-08-29T09:15:34.795+0200: 150522,971: [ParNew: 289686K->9356K(314560K), 0,0112090 secs] 477030K->197733K(1013632K), 0,0113340 secs] [Times: user=0,08 sys=0,00, real=0,02 secs] 
2015-08-29T09:16:33.756+0200: 150581,932: [GC2015-08-29T09:16:33.756+0200: 150581,932: [ParNew: 288972K->7801K(314560K), 0,0107040 secs] 477349K->197135K(1013632K), 0,0108480 secs] [Times: user=0,10 sys=0,00, real=0,02 secs] 
2015-08-29T09:17:32.847+0200: 150641,023: [GC2015-08-29T09:17:32.847+0200: 150641,023: [ParNew: 287417K->8862K(314560K), 0,0105630 secs] 476751K->199151K(1013632K), 0,0106760 secs] [Times: user=0,10 sys=0,00, real=0,01 secs] 
2015-08-29T09:18:31.662+0200: 150699,839: [GC2015-08-29T09:18:31.662+0200: 150699,839: [ParNew: 288478K->8809K(314560K), 0,0108490 secs] 478767K->200055K(1013632K), 0,0109700 secs] [Times: user=0,10 sys=0,00, real=0,01 secs] 
2015-08-29T09:19:30.728+0200: 150758,905: [GC2015-08-29T09:19:30.728+0200: 150758,905: [ParNew: 288425K->9625K(314560K), 0,0118340 secs] 479671K->201832K(1013632K), 0,0119580 secs] [Times: user=0,06 sys=0,01, real=0,01 secs] 
2015-08-29T09:20:29.793+0200: 150817,970: [GC2015-08-29T09:20:29.793+0200: 150817,970: [ParNew: 289241K->8228K(314560K), 0,0111970 secs] 481448K->201388K(1013632K), 0,0113210 secs] [Times: user=0,07 sys=0,00, real=0,02 secs] 
2015-08-29T09:21:28.556+0200: 150876,732: [GC2015-08-29T09:21:28.556+0200: 150876,733: [ParNew: 287844K->9105K(314560K), 0,0118670 secs] 481004K->203202K(1013632K), 0,0119930 secs] [Times: user=0,09 sys=0,00, real=0,02 secs] 
2015-08-29T09:22:27.791+0200: 150935,967: [GC2015-08-29T09:22:27.791+0200: 150935,967: [ParNew: 288721K->8488K(314560K), 0,0114070 secs] 482818K->203613K(1013632K), 0,0115460 secs] [Times: user=0,10 sys=0,00, real=0,01 secs] 
2015-08-29T09:23:26.966+0200: 150995,142: [GC2015-08-29T09:23:26.966+0200: 150995,142: [ParNew: 288104K->8534K(314560K), 0,0113000 secs] 483229K->204681K(1013632K), 0,0114300 secs] [Times: user=0,08 sys=0,00, real=0,01 secs] 
2015-08-29T09:24:25.528+0200: 151053,704: [GC2015-08-29T09:24:25.528+0200: 151053,704: [ParNew: 288150K->10905K(314560K), 0,0131970 secs] 484297K->208002K(1013632K), 0,0133200 secs] [Times: user=0,09 sys=0,00, real=0,01 secs] 
2015-08-29T09:25:24.773+0200: 151112,950: [GC2015-08-29T09:25:24.773+0200: 151112,950: [ParNew: 290521K->7438K(314560K), 0,0127310 secs] 487618K->205476K(1013632K), 0,0128580 secs] [Times: user=0,09 sys=0,00, real=0,02 secs] 
2015-08-29T09:26:23.636+0200: 151171,812: [GC2015-08-29T09:26:23.636+0200: 151171,813: [ParNew: 287054K->7997K(314560K), 0,0124790 secs] 485092K->206998K(1013632K), 0,0125920 secs] [Times: user=0,08 sys=0,00, real=0,02 secs] 
2015-08-29T09:27:22.096+0200: 151230,272: [GC2015-08-29T09:27:22.096+0200: 151230,272: [ParNew: 287613K->10854K(314560K), 0,0108930 secs] 486614K->210813K(1013632K), 0,0110210 secs] [Times: user=0,09 sys=0,00, real=0,02 secs] 
2015-08-29T09:28:20.759+0200: 151288,935: [GC2015-08-29T09:28:20.759+0200: 151288,935: [ParNew: 290470K->9002K(314560K), 0,0115080 secs] 490429K->209914K(1013632K), 0,0116420 secs] [Times: user=0,10 sys=0,00, real=0,01 secs] 
2015-08-29T09:29:20.103+0200: 151348,279: [GC2015-08-29T09:29:20.103+0200: 151348,280: [ParNew: 288618K->11350K(314560K), 0,0114530 secs] 489530K->213214K(1013632K), 0,0115680 secs] [Times: user=0,10 sys=0,00, real=0,01 secs] 
2015-08-29T09:30:19.379+0200: 151407,555: [GC2015-08-29T09:30:19.379+0200: 151407,555: [ParNew: 290966K->7793K(314560K), 0,0107680 secs] 492830K->210645K(1013632K), 0,0108900 secs] [Times: user=0,10 sys=0,00, real=0,01 secs] 
2015-08-29T09:31:18.105+0200: 151466,281: [GC2015-08-29T09:31:18.105+0200: 151466,281: [ParNew: 287409K->8250K(314560K), 0,0111040 secs] 490261K->212152K(1013632K), 0,0112280 secs] [Times: user=0,07 sys=0,00, real=0,00 secs] 
2015-08-29T09:32:17.370+0200: 151525,546: [GC2015-08-29T09:32:17.370+0200: 151525,547: [ParNew: 287866K->6958K(314560K), 0,0104770 secs] 491768K->211898K(1013632K), 0,0106030 secs] [Times: user=0,08 sys=0,00, real=0,01 secs] 
2015-08-29T09:33:16.544+0200: 151584,720: [GC2015-08-29T09:33:16.544+0200: 151584,720: [ParNew: 286574K->5488K(314560K), 0,0114590 secs] 491514K->211549K(1013632K), 0,0115560 secs] [Times: user=0,06 sys=0,00, real=0,01 secs] 
2015-08-29T09:34:15.576+0200: 151643,752: [GC2015-08-29T09:34:15.576+0200: 151643,752: [ParNew: 285104K->4455K(314560K), 0,0076600 secs] 491165K->211097K(1013632K), 0,0077840 secs] [Times: user=0,06 sys=0,00, real=0,01 secs] 
2015-08-29T09:35:14.661+0200: 151702,838: [GC2015-08-29T09:35:14.661+0200: 151702,838: [ParNew: 284071K->4946K(314560K), 0,0100730 secs] 490713K->212103K(1013632K), 0,0101870 secs] [Times: user=0,05 sys=0,00, real=0,01 secs] 
2015-08-29T09:36:13.664+0200: 151761,840: [GC2015-08-29T09:36:13.664+0200: 151761,840: [ParNew: 284562K->4834K(314560K), 0,0067390 secs] 491719K->212558K(1013632K), 0,0068480 secs] [Times: user=0,06 sys=0,00, real=0,01 secs] 
2015-08-29T09:37:12.776+0200: 151820,953: [GC2015-08-29T09:37:12.776+0200: 151820,953: [ParNew: 284450K->4511K(314560K), 0,0070760 secs] 492174K->212815K(1013632K), 0,0071760 secs] [Times: user=0,04 sys=0,00, real=0,01 secs] 
2015-08-29T09:38:11.753+0200: 151879,929: [GC2015-08-29T09:38:11.753+0200: 151879,929: [ParNew: 284127K->6423K(314560K), 0,0064580 secs] 492431K->214843K(1013632K), 0,0065860 secs] [Times: user=0,05 sys=0,00, real=0,01 secs] 
2015-08-29T09:39:10.887+0200: 151939,064: [GC2015-08-29T09:39:10.887+0200: 151939,064: [ParNew: 286039K->7835K(314560K), 0,0077240 secs] 494459K->216540K(1013632K), 0,0078340 secs] [Times: user=0,07 sys=0,00, real=0,00 secs] 
2015-08-29T09:40:09.838+0200: 151998,015: [GC2015-08-29T09:40:09.838+0200: 151998,015: [ParNew: 287451K->8684K(314560K), 0,0108390 secs] 496156K->217951K(1013632K), 0,0109480 secs] [Times: user=0,08 sys=0,00, real=0,01 secs] 
2015-08-29T09:41:09.243+0200: 152057,420: [GC2015-08-29T09:41:09.243+0200: 152057,420: [ParNew: 288300K->7074K(314560K), 0,0096120 secs] 497567K->216884K(1013632K), 0,0097170 secs] [Times: user=0,07 sys=0,00, real=0,01 secs] 
2015-08-29T09:42:08.105+0200: 152116,281: [GC2015-08-29T09:42:08.105+0200: 152116,281: [ParNew: 286690K->9759K(314560K), 0,0090750 secs] 496500K->220185K(1013632K), 0,0092070 secs] [Times: user=0,07 sys=0,00, real=0,00 secs] 
2015-08-29T09:43:07.099+0200: 152175,276: [GC2015-08-29T09:43:07.099+0200: 152175,276: [ParNew: 289375K->7239K(314560K), 0,0111420 secs] 499801K->218505K(1013632K), 0,0112580 secs] [Times: user=0,09 sys=0,00, real=0,01 secs] 
2015-08-29T09:44:06.013+0200: 152234,189: [GC2015-08-29T09:44:06.013+0200: 152234,189: [ParNew: 286855K->8454K(314560K), 0,0148500 secs] 498121K->220644K(1013632K), 0,0149630 secs] [Times: user=0,07 sys=0,00, real=0,02 secs] 
2015-08-29T09:45:05.217+0200: 152293,394: [GC2015-08-29T09:45:05.218+0200: 152293,394: [ParNew: 288070K->8592K(314560K), 0,0112670 secs] 500260K->221703K(1013632K), 0,0113810 secs] [Times: user=0,07 sys=0,00, real=0,01 secs] 
2015-08-29T09:46:04.119+0200: 152352,296: [GC2015-08-29T09:46:04.119+0200: 152352,296: [ParNew: 288208K->9642K(314560K), 0,0158000 secs] 501319K->223677K(1013632K), 0,0159200 secs] [Times: user=0,12 sys=0,00, real=0,01 secs] 
2015-08-29T09:47:02.709+0200: 152410,886: [GC2015-08-29T09:47:02.709+0200: 152410,886: [ParNew: 289258K->8368K(314560K), 0,0112620 secs] 503293K->223372K(1013632K), 0,0113720 secs] [Times: user=0,08 sys=0,00, real=0,01 secs] 
2015-08-29T09:48:01.894+0200: 152470,071: [GC2015-08-29T09:48:01.894+0200: 152470,071: [ParNew: 287984K->9266K(314560K), 0,0116480 secs] 502988K->225285K(1013632K), 0,0117610 secs] [Times: user=0,09 sys=0,00, real=0,02 secs] 
2015-08-29T09:49:00.960+0200: 152529,136: [GC2015-08-29T09:49:00.960+0200: 152529,137: [ParNew: 288882K->9335K(314560K), 0,0125010 secs] 504901K->226386K(1013632K), 0,0126150 secs] [Times: user=0,09 sys=0,00, real=0,01 secs] 
2015-08-29T09:50:00.024+0200: 152588,200: [GC2015-08-29T09:50:00.024+0200: 152588,200: [ParNew: 288951K->8569K(314560K), 0,0170240 secs] 506002K->226559K(1013632K), 0,0171240 secs] [Times: user=0,10 sys=0,00, real=0,02 secs] 
2015-08-29T09:50:59.090+0200: 152647,267: [GC2015-08-29T09:50:59.090+0200: 152647,267: [ParNew: 288185K->8120K(314560K), 0,0108800 secs] 506175K->227050K(1013632K), 0,0109990 secs] [Times: user=0,09 sys=0,00, real=0,01 secs] 
2015-08-29T09:51:58.105+0200: 152706,281: [GC2015-08-29T09:51:58.105+0200: 152706,281: [ParNew: 287736K->10306K(314560K), 0,0099590 secs] 506666K->230210K(1013632K), 0,0100760 secs] [Times: user=0,07 sys=0,00, real=0,00 secs] 
2015-08-29T09:52:57.207+0200: 152765,383: [GC2015-08-29T09:52:57.207+0200: 152765,383: [ParNew: 289922K->7409K(314560K), 0,0117700 secs] 509826K->228269K(1013632K), 0,0119210 secs] [Times: user=0,09 sys=0,00, real=0,01 secs] 
2015-08-29T09:53:56.463+0200: 152824,640: [GC2015-08-29T09:53:56.463+0200: 152824,640: [ParNew: 287025K->9542K(314560K), 0,0108360 secs] 507885K->231359K(1013632K), 0,0109560 secs] [Times: user=0,10 sys=0,00, real=0,01 secs] 
2015-08-29T09:54:55.651+0200: 152883,827: [GC2015-08-29T09:54:55.651+0200: 152883,827: [ParNew: 289158K->8939K(314560K), 0,0110710 secs] 510975K->231693K(1013632K), 0,0111950 secs] [Times: user=0,10 sys=0,00, real=0,01 secs] 
2015-08-29T09:55:54.558+0200: 152942,734: [GC2015-08-29T09:55:54.558+0200: 152942,734: [ParNew: 288555K->9241K(314560K), 0,0117840 secs] 511309K->233015K(1013632K), 0,0119190 secs] [Times: user=0,09 sys=0,00, real=0,01 secs] 
2015-08-29T09:56:53.823+0200: 153001,999: [GC2015-08-29T09:56:53.823+0200: 153001,999: [ParNew: 288857K->8557K(314560K), 0,0114210 secs] 512631K->233364K(1013632K), 0,0115420 secs] [Times: user=0,09 sys=0,00, real=0,01 secs] 
2015-08-29T09:57:52.652+0200: 153060,829: [GC2015-08-29T09:57:52.652+0200: 153060,829: [ParNew: 288173K->8599K(314560K), 0,0107800 secs] 512980K->234363K(1013632K), 0,0108930 secs] [Times: user=0,08 sys=0,00, real=0,01 secs] 
2015-08-29T09:58:51.535+0200: 153119,712: [GC2015-08-29T09:58:51.535+0200: 153119,712: [ParNew: 288215K->9588K(314560K), 0,0130880 secs] 513979K->236305K(1013632K), 0,0131940 secs] [Times: user=0,09 sys=0,00, real=0,02 secs] 
2015-08-29T09:59:50.599+0200: 153178,775: [GC2015-08-29T09:59:50.599+0200: 153178,775: [ParNew: 289204K->8068K(314560K), 0,0112450 secs] 515921K->235749K(1013632K), 0,0113440 secs] [Times: user=0,09 sys=0,00, real=0,01 secs] 
2015-08-29T10:00:49.665+0200: 153237,842: [GC2015-08-29T10:00:49.665+0200: 153237,842: [ParNew: 287684K->8874K(314560K), 0,0112660 secs] 515365K->237506K(1013632K), 0,0113900 secs] [Times: user=0,08 sys=0,00, real=0,01 secs] 
2015-08-29T10:01:48.829+0200: 153297,006: [GC2015-08-29T10:01:48.829+0200: 153297,006: [ParNew: 288490K->10519K(314560K), 0,0126630 secs] 517122K->240099K(1013632K), 0,0127800 secs] [Times: user=0,09 sys=0,00, real=0,01 secs] 
2015-08-29T10:02:48.105+0200: 153356,281: [GC2015-08-29T10:02:48.105+0200: 153356,281: [ParNew: 290135K->8078K(314560K), 0,0113970 secs] 519715K->238620K(1013632K), 0,0115080 secs] [Times: user=0,07 sys=0,00, real=0,01 secs] 
2015-08-29T10:03:46.920+0200: 153415,096: [GC2015-08-29T10:03:46.920+0200: 153415,096: [ParNew: 287694K->10540K(314560K), 0,0119430 secs] 518236K->242075K(1013632K), 0,0120820 secs] [Times: user=0,09 sys=0,00, real=0,01 secs] 
2015-08-29T10:04:46.226+0200: 153474,402: [GC2015-08-29T10:04:46.226+0200: 153474,402: [ParNew: 290156K->7984K(314560K), 0,0116370 secs] 521691K->240551K(1013632K), 0,0117620 secs] [Times: user=0,10 sys=0,00, real=0,01 secs] 
2015-08-29T10:05:44.945+0200: 153533,122: [GC2015-08-29T10:05:44.945+0200: 153533,122: [ParNew: 287600K->9898K(314560K), 0,0119890 secs] 520167K->243509K(1013632K), 0,0121070 secs] [Times: user=0,09 sys=0,00, real=0,01 secs] 
2015-08-29T10:06:44.011+0200: 153592,188: [GC2015-08-29T10:06:44.011+0200: 153592,188: [ParNew: 289514K->9952K(314560K), 0,0192350 secs] 523125K->244537K(1013632K), 0,0193340 secs] [Times: user=0,08 sys=0,00, real=0,02 secs] 
2015-08-29T10:07:43.076+0200: 153651,252: [GC2015-08-29T10:07:43.076+0200: 153651,252: [ParNew: 289568K->7428K(314560K), 0,0108380 secs] 524153K->242964K(1013632K), 0,0109610 secs] [Times: user=0,10 sys=0,00, real=0,02 secs] 
2015-08-29T10:08:42.139+0200: 153710,315: [GC2015-08-29T10:08:42.139+0200: 153710,315: [ParNew: 287044K->9411K(314560K), 0,0099100 secs] 522580K->245921K(1013632K), 0,0100050 secs] [Times: user=0,08 sys=0,00, real=0,01 secs] 
2015-08-29T10:09:41.170+0200: 153769,347: [GC2015-08-29T10:09:41.170+0200: 153769,347: [ParNew: 289027K->9513K(314560K), 0,0106420 secs] 525537K->246972K(1013632K), 0,0107910 secs] [Times: user=0,06 sys=0,01, real=0,01 secs] 
2015-08-29T10:10:40.251+0200: 153828,427: [GC2015-08-29T10:10:40.251+0200: 153828,427: [ParNew: 289129K->8313K(314560K), 0,0095230 secs] 526588K->246733K(1013632K), 0,0096270 secs] [Times: user=0,06 sys=0,00, real=0,01 secs] 
2015-08-29T10:11:39.265+0200: 153887,441: [GC2015-08-29T10:11:39.265+0200: 153887,441: [ParNew: 287929K->9983K(314560K), 0,0111580 secs] 526349K->249348K(1013632K), 0,0112610 secs] [Times: user=0,07 sys=0,00, real=0,00 secs] 
2015-08-29T10:12:38.105+0200: 153946,281: [GC2015-08-29T10:12:38.105+0200: 153946,281: [ParNew: 289599K->8575K(314560K), 0,0114830 secs] 528964K->248972K(1013632K), 0,0116440 secs] [Times: user=0,07 sys=0,01, real=0,01 secs] 
2015-08-29T10:13:37.311+0200: 154005,487: [GC2015-08-29T10:13:37.311+0200: 154005,487: [ParNew: 288191K->8613K(314560K), 0,0113200 secs] 528588K->250076K(1013632K), 0,0114610 secs] [Times: user=0,09 sys=0,00, real=0,01 secs] 
2015-08-29T10:14:36.462+0200: 154064,638: [GC2015-08-29T10:14:36.462+0200: 154064,638: [ParNew: 288229K->8595K(314560K), 0,0103250 secs] 529692K->251028K(1013632K), 0,0104470 secs] [Times: user=0,05 sys=0,01, real=0,01 secs] 
2015-08-29T10:15:35.451+0200: 154123,628: [GC2015-08-29T10:15:35.451+0200: 154123,628: [ParNew: 288211K->8824K(314560K), 0,0141550 secs] 530644K->252216K(1013632K), 0,0142690 secs] [Times: user=0,12 sys=0,00, real=0,02 secs] 
2015-08-29T10:16:34.718+0200: 154182,895: [GC2015-08-29T10:16:34.718+0200: 154182,895: [ParNew: 288440K->9520K(314560K), 0,0110380 secs] 531832K->253854K(1013632K), 0,0111650 secs] [Times: user=0,10 sys=0,00, real=0,01 secs] 
2015-08-29T10:17:33.625+0200: 154241,802: [GC2015-08-29T10:17:33.626+0200: 154241,802: [ParNew: 289136K->8884K(314560K), 0,0101500 secs] 533470K->254171K(1013632K), 0,0102840 secs] [Times: user=0,07 sys=0,00, real=0,00 secs] 
2015-08-29T10:18:32.688+0200: 154300,865: [GC2015-08-29T10:18:32.688+0200: 154300,865: [ParNew: 288500K->9017K(314560K), 0,0120810 secs] 533787K->255250K(1013632K), 0,0121800 secs] [Times: user=0,07 sys=0,01, real=0,01 secs] 
2015-08-29T10:19:31.621+0200: 154359,797: [GC2015-08-29T10:19:31.621+0200: 154359,797: [ParNew: 288633K->9930K(314560K), 0,0117330 secs] 534866K->257114K(1013632K), 0,0118480 secs] [Times: user=0,08 sys=0,00, real=0,01 secs] 
2015-08-29T10:20:30.509+0200: 154418,686: [GC2015-08-29T10:20:30.509+0200: 154418,686: [ParNew: 289546K->9304K(314560K), 0,0116660 secs] 536730K->257488K(1013632K), 0,0117900 secs] [Times: user=0,10 sys=0,00, real=0,01 secs] 
2015-08-29T10:21:29.564+0200: 154477,741: [GC2015-08-29T10:21:29.564+0200: 154477,741: [ParNew: 288920K->9374K(314560K), 0,0122860 secs] 537104K->258613K(1013632K), 0,0124190 secs] [Times: user=0,07 sys=0,01, real=0,01 secs] 
2015-08-29T10:22:28.423+0200: 154536,600: [GC2015-08-29T10:22:28.423+0200: 154536,600: [ParNew: 288990K->9378K(314560K), 0,0118800 secs] 538229K->259658K(1013632K), 0,0119870 secs] [Times: user=0,07 sys=0,00, real=0,01 secs] 
2015-08-29T10:23:27.486+0200: 154595,662: [GC2015-08-29T10:23:27.486+0200: 154595,662: [ParNew: 288994K->9400K(314560K), 0,0114300 secs] 539274K->260642K(1013632K), 0,0115480 secs] [Times: user=0,09 sys=0,00, real=0,01 secs] 
2015-08-29T10:24:26.551+0200: 154654,727: [GC2015-08-29T10:24:26.551+0200: 154654,727: [ParNew: 289016K->9673K(314560K), 0,0146120 secs] 540258K->261880K(1013632K), 0,0147170 secs] [Times: user=0,10 sys=0,00, real=0,02 secs] 
2015-08-29T10:25:25.615+0200: 154713,791: [GC2015-08-29T10:25:25.615+0200: 154713,791: [ParNew: 289289K->10367K(314560K), 0,0123780 secs] 541496K->263527K(1013632K), 0,0124860 secs] [Times: user=0,08 sys=0,00, real=0,02 secs] 
2015-08-29T10:26:24.677+0200: 154772,853: [GC2015-08-29T10:26:24.677+0200: 154772,853: [ParNew: 289983K->7923K(314560K), 0,0112770 secs] 543143K->262030K(1013632K), 0,0113960 secs] [Times: user=0,07 sys=0,01, real=0,01 secs] 
2015-08-29T10:27:23.092+0200: 154831,269: [GC2015-08-29T10:27:23.092+0200: 154831,269: [ParNew: 287539K->10292K(314560K), 0,0122180 secs] 541646K->265352K(1013632K), 0,0123520 secs] [Times: user=0,08 sys=0,00, real=0,02 secs] 
2015-08-29T10:28:21.797+0200: 154889,973: [GC2015-08-29T10:28:21.797+0200: 154889,973: [ParNew: 289908K->9023K(314560K), 0,0111100 secs] 544968K->265051K(1013632K), 0,0112210 secs] [Times: user=0,08 sys=0,00, real=0,01 secs] 
2015-08-29T10:29:21.151+0200: 154949,327: [GC2015-08-29T10:29:21.151+0200: 154949,327: [ParNew: 288639K->8213K(314560K), 0,0113930 secs] 544667K->265297K(1013632K), 0,0115110 secs] [Times: user=0,10 sys=0,00, real=0,01 secs] 
2015-08-29T10:30:19.908+0200: 155008,084: [GC2015-08-29T10:30:19.908+0200: 155008,084: [ParNew: 287829K->8514K(314560K), 0,0124060 secs] 544913K->266633K(1013632K), 0,0125550 secs] [Times: user=0,09 sys=0,00, real=0,01 secs] 
2015-08-29T10:31:18.465+0200: 155066,642: [GC2015-08-29T10:31:18.465+0200: 155066,642: [ParNew: 288130K->8299K(314560K), 0,0112530 secs] 546249K->267364K(1013632K), 0,0113570 secs] [Times: user=0,07 sys=0,01, real=0,01 secs] 
2015-08-29T10:32:17.530+0200: 155125,706: [GC2015-08-29T10:32:17.530+0200: 155125,706: [ParNew: 287915K->5977K(314560K), 0,0106050 secs] 546980K->265986K(1013632K), 0,0107250 secs] [Times: user=0,08 sys=0,00, real=0,01 secs] 
2015-08-29T10:33:16.927+0200: 155185,103: [GC2015-08-29T10:33:16.927+0200: 155185,103: [ParNew: 285593K->4489K(314560K), 0,0089270 secs] 545602K->265600K(1013632K), 0,0090450 secs] [Times: user=0,07 sys=0,00, real=0,00 secs] 
2015-08-29T10:34:16.148+0200: 155244,324: [GC2015-08-29T10:34:16.148+0200: 155244,324: [ParNew: 284105K->4403K(314560K), 0,0069020 secs] 545216K->266093K(1013632K), 0,0070260 secs] [Times: user=0,06 sys=0,00, real=0,00 secs] 
2015-08-29T10:35:15.382+0200: 155303,558: [GC2015-08-29T10:35:15.382+0200: 155303,558: [ParNew: 284019K->4698K(314560K), 0,0076820 secs] 545709K->266891K(1013632K), 0,0078080 secs] [Times: user=0,05 sys=0,00, real=0,01 secs] 
2015-08-29T10:36:14.310+0200: 155362,486: [GC2015-08-29T10:36:14.310+0200: 155362,486: [ParNew: 284314K->4610K(314560K), 0,0062340 secs] 546507K->267357K(1013632K), 0,0063500 secs] [Times: user=0,04 sys=0,00, real=0,00 secs] 
2015-08-29T10:37:13.105+0200: 155421,281: [GC2015-08-29T10:37:13.105+0200: 155421,282: [ParNew: 284226K->5366K(314560K), 0,0091940 secs] 546973K->268727K(1013632K), 0,0093450 secs] [Times: user=0,07 sys=0,00, real=0,00 secs] 
2015-08-29T10:38:12.360+0200: 155480,537: [GC2015-08-29T10:38:12.360+0200: 155480,537: [ParNew: 284982K->6431K(314560K), 0,0076790 secs] 548343K->269988K(1013632K), 0,0078000 secs] [Times: user=0,05 sys=0,00, real=0,01 secs] 
2015-08-29T10:39:11.424+0200: 155539,601: [GC2015-08-29T10:39:11.424+0200: 155539,601: [ParNew: 286047K->7725K(314560K), 0,0084140 secs] 549604K->271561K(1013632K), 0,0085240 secs] [Times: user=0,04 sys=0,00, real=0,01 secs] 
2015-08-29T10:40:10.483+0200: 155598,660: [GC2015-08-29T10:40:10.483+0200: 155598,660: [ParNew: 287341K->7453K(314560K), 0,0097680 secs] 551177K->271703K(1013632K), 0,0098780 secs] [Times: user=0,09 sys=0,00, real=0,01 secs] 
2015-08-29T10:41:09.545+0200: 155657,721: [GC2015-08-29T10:41:09.545+0200: 155657,721: [ParNew: 287069K->9039K(314560K), 0,0092900 secs] 551319K->273828K(1013632K), 0,0093970 secs] [Times: user=0,06 sys=0,00, real=0,00 secs] 
2015-08-29T10:42:08.586+0200: 155716,762: [GC2015-08-29T10:42:08.586+0200: 155716,762: [ParNew: 288655K->7652K(314560K), 0,0099680 secs] 553444K->273058K(1013632K), 0,0100920 secs] [Times: user=0,07 sys=0,00, real=0,00 secs] 
2015-08-29T10:43:07.656+0200: 155775,832: [GC2015-08-29T10:43:07.656+0200: 155775,832: [ParNew: 287268K->10265K(314560K), 0,0102170 secs] 552674K->276499K(1013632K), 0,0103370 secs] [Times: user=0,09 sys=0,00, real=0,02 secs] 
2015-08-29T10:44:06.677+0200: 155834,853: [GC2015-08-29T10:44:06.677+0200: 155834,854: [ParNew: 289881K->7926K(314560K), 0,0092550 secs] 556115K->275091K(1013632K), 0,0093910 secs] [Times: user=0,06 sys=0,00, real=0,01 secs] 
2015-08-29T10:45:05.778+0200: 155893,954: [GC2015-08-29T10:45:05.778+0200: 155893,954: [ParNew: 287542K->10214K(314560K), 0,0106750 secs] 554707K->278327K(1013632K), 0,0107860 secs] [Times: user=0,09 sys=0,00, real=0,01 secs] 
2015-08-29T10:46:04.763+0200: 155952,939: [GC2015-08-29T10:46:04.763+0200: 155952,939: [ParNew: 289830K->10485K(314560K), 0,0145680 secs] 557943K->279610K(1013632K), 0,0146710 secs] [Times: user=0,10 sys=0,00, real=0,02 secs] 
2015-08-29T10:47:03.895+0200: 156012,072: [GC2015-08-29T10:47:03.895+0200: 156012,072: [ParNew: 290101K->8594K(314560K), 0,0132020 secs] 559226K->278742K(1013632K), 0,0133260 secs] [Times: user=0,08 sys=0,00, real=0,02 secs] 
2015-08-29T10:48:02.659+0200: 156070,835: [GC2015-08-29T10:48:02.659+0200: 156070,835: [ParNew: 288210K->9117K(314560K), 0,0108950 secs] 558358K->280195K(1013632K), 0,0110080 secs] [Times: user=0,09 sys=0,00, real=0,01 secs] 
2015-08-29T10:49:01.910+0200: 156130,087: [GC2015-08-29T10:49:01.910+0200: 156130,087: [ParNew: 288733K->8589K(314560K), 0,0116730 secs] 559811K->280611K(1013632K), 0,0117960 secs] [Times: user=0,09 sys=0,00, real=0,01 secs] 
2015-08-29T10:50:00.562+0200: 156188,739: [GC2015-08-29T10:50:00.562+0200: 156188,739: [ParNew: 288205K->9475K(314560K), 0,0132530 secs] 560227K->282463K(1013632K), 0,0133710 secs] [Times: user=0,09 sys=0,00, real=0,01 secs] 
2015-08-29T10:50:59.625+0200: 156247,802: [GC2015-08-29T10:50:59.625+0200: 156247,802: [ParNew: 289091K->9618K(314560K), 0,0109480 secs] 562079K->283552K(1013632K), 0,0110720 secs] [Times: user=0,08 sys=0,00, real=0,00 secs] 
2015-08-29T10:51:58.199+0200: 156306,375: [GC2015-08-29T10:51:58.199+0200: 156306,376: [ParNew: 289234K->10512K(314560K), 0,0116840 secs] 563168K->285387K(1013632K), 0,0117970 secs] [Times: user=0,09 sys=0,00, real=0,01 secs] 
2015-08-29T10:52:57.038+0200: 156365,215: [GC2015-08-29T10:52:57.038+0200: 156365,215: [ParNew: 290128K->7600K(314560K), 0,0117130 secs] 565003K->283429K(1013632K), 0,0118260 secs] [Times: user=0,09 sys=0,00, real=0,01 secs] 
2015-08-29T10:53:56.300+0200: 156424,476: [GC2015-08-29T10:53:56.300+0200: 156424,477: [ParNew: 287216K->9827K(314560K), 0,0112160 secs] 563045K->286660K(1013632K), 0,0113260 secs] [Times: user=0,11 sys=0,00, real=0,01 secs] 
2015-08-29T10:54:55.135+0200: 156483,311: [GC2015-08-29T10:54:55.135+0200: 156483,311: [ParNew: 289443K->9153K(314560K), 0,0115660 secs] 566276K->287035K(1013632K), 0,0116770 secs] [Times: user=0,09 sys=0,00, real=0,02 secs] 
2015-08-29T10:55:54.420+0200: 156542,596: [GC2015-08-29T10:55:54.420+0200: 156542,596: [ParNew: 288769K->8539K(314560K), 0,0100300 secs] 566651K->287384K(1013632K), 0,0101400 secs] [Times: user=0,07 sys=0,00, real=0,01 secs] 
2015-08-29T10:56:53.145+0200: 156601,322: [GC2015-08-29T10:56:53.145+0200: 156601,322: [ParNew: 288155K->8757K(314560K), 0,0113500 secs] 567000K->288551K(1013632K), 0,0114640 secs] [Times: user=0,08 sys=0,00, real=0,01 secs] 
2015-08-29T10:57:52.036+0200: 156660,213: [GC2015-08-29T10:57:52.036+0200: 156660,213: [ParNew: 288373K->9459K(314560K), 0,0094600 secs] 568167K->290201K(1013632K), 0,0096020 secs] [Times: user=0,07 sys=0,00, real=0,02 secs] 
2015-08-29T10:58:51.099+0200: 156719,276: [GC2015-08-29T10:58:51.100+0200: 156719,276: [ParNew: 289075K->9550K(314560K), 0,0132050 secs] 569817K->291253K(1013632K), 0,0133250 secs] [Times: user=0,09 sys=0,00, real=0,01 secs] 
2015-08-29T10:59:50.373+0200: 156778,549: [GC2015-08-29T10:59:50.373+0200: 156778,549: [ParNew: 289166K->8921K(314560K), 0,0120680 secs] 570869K->291584K(1013632K), 0,0121900 secs] [Times: user=0,08 sys=0,00, real=0,02 secs] 
2015-08-29T11:00:49.377+0200: 156837,553: [GC2015-08-29T11:00:49.377+0200: 156837,553: [ParNew: 288537K->9049K(314560K), 0,0125510 secs] 571200K->292654K(1013632K), 0,0126720 secs] [Times: user=0,08 sys=0,00, real=0,01 secs] 
2015-08-29T11:01:48.105+0200: 156896,281: [GC2015-08-29T11:01:48.105+0200: 156896,281: [ParNew: 288665K->9960K(314560K), 0,0102320 secs] 572270K->294510K(1013632K), 0,0103360 secs] [Times: user=0,08 sys=0,00, real=0,00 secs] 
2015-08-29T11:02:47.321+0200: 156955,498: [GC2015-08-29T11:02:47.321+0200: 156955,498: [ParNew: 289576K->9337K(314560K), 0,0121800 secs] 574126K->294932K(1013632K), 0,0122930 secs] [Times: user=0,09 sys=0,00, real=0,01 secs] 
2015-08-29T11:03:46.384+0200: 157014,561: [GC2015-08-29T11:03:46.384+0200: 157014,561: [ParNew: 288953K->9385K(314560K), 0,0126350 secs] 574548K->296019K(1013632K), 0,0127370 secs] [Times: user=0,10 sys=0,00, real=0,02 secs] 
2015-08-29T11:04:45.348+0200: 157073,525: [GC2015-08-29T11:04:45.349+0200: 157073,525: [ParNew: 289001K->7070K(314560K), 0,0111170 secs] 575635K->294655K(1013632K), 0,0112230 secs] [Times: user=0,08 sys=0,00, real=0,01 secs] 
2015-08-29T11:05:44.498+0200: 157132,674: [GC2015-08-29T11:05:44.498+0200: 157132,674: [ParNew: 286686K->8913K(314560K), 0,0106840 secs] 574271K->297462K(1013632K), 0,0108050 secs] [Times: user=0,08 sys=0,00, real=0,01 secs] 
2015-08-29T11:06:43.560+0200: 157191,737: [GC2015-08-29T11:06:43.560+0200: 157191,737: [ParNew: 288529K->8879K(314560K), 0,0114480 secs] 577078K->298388K(1013632K), 0,0115700 secs] [Times: user=0,08 sys=0,00, real=0,01 secs] 
2015-08-29T11:07:42.881+0200: 157251,058: [GC2015-08-29T11:07:42.881+0200: 157251,058: [ParNew: 288495K->9710K(314560K), 0,0120470 secs] 578004K->300171K(1013632K), 0,0121630 secs] [Times: user=0,09 sys=0,00, real=0,01 secs] 
2015-08-29T11:08:41.716+0200: 157309,893: [GC2015-08-29T11:08:41.717+0200: 157309,893: [ParNew: 289326K->9864K(314560K), 0,0112000 secs] 579787K->301293K(1013632K), 0,0113150 secs] [Times: user=0,08 sys=0,01, real=0,01 secs] 
2015-08-29T11:09:40.851+0200: 157369,027: [GC2015-08-29T11:09:40.851+0200: 157369,027: [ParNew: 289480K->9228K(314560K), 0,0113200 secs] 580909K->301631K(1013632K), 0,0114560 secs] [Times: user=0,09 sys=0,00, real=0,01 secs] 
2015-08-29T11:10:39.810+0200: 157427,986: [GC2015-08-29T11:10:39.810+0200: 157427,986: [ParNew: 288844K->10128K(314560K), 0,0112340 secs] 581247K->303535K(1013632K), 0,0113460 secs] [Times: user=0,10 sys=0,00, real=0,01 secs] 
2015-08-29T11:11:39.062+0200: 157487,238: [GC2015-08-29T11:11:39.062+0200: 157487,238: [ParNew: 289744K->10212K(314560K), 0,0119500 secs] 583151K->304669K(1013632K), 0,0120700 secs] [Times: user=0,09 sys=0,00, real=0,01 secs] 
2015-08-29T11:12:37.917+0200: 157546,094: [GC2015-08-29T11:12:37.917+0200: 157546,094: [ParNew: 289828K->7090K(314560K), 0,0102460 secs] 584285K->302505K(1013632K), 0,0103620 secs] [Times: user=0,08 sys=0,00, real=0,01 secs] 
2015-08-29T11:13:37.299+0200: 157605,476: [GC2015-08-29T11:13:37.299+0200: 157605,476: [ParNew: 286706K->8871K(314560K), 0,0117370 secs] 582121K->305258K(1013632K), 0,0118680 secs] [Times: user=0,10 sys=0,00, real=0,01 secs] 
2015-08-29T11:14:36.506+0200: 157664,682: [GC2015-08-29T11:14:36.506+0200: 157664,682: [ParNew: 288487K->9569K(314560K), 0,0115550 secs] 584874K->306916K(1013632K), 0,0116610 secs] [Times: user=0,09 sys=0,00, real=0,01 secs] 
2015-08-29T11:15:35.765+0200: 157723,942: [GC2015-08-29T11:15:35.765+0200: 157723,942: [ParNew: 289185K->9662K(314560K), 0,0124030 secs] 586532K->307976K(1013632K), 0,0125230 secs] [Times: user=0,09 sys=0,00, real=0,01 secs] 
2015-08-29T11:16:35.002+0200: 157783,179: [GC2015-08-29T11:16:35.002+0200: 157783,179: [ParNew: 289278K->9782K(314560K), 0,0110500 secs] 587592K->309057K(1013632K), 0,0111790 secs] [Times: user=0,09 sys=0,00, real=0,01 secs] 
2015-08-29T11:17:34.131+0200: 157842,308: [GC2015-08-29T11:17:34.131+0200: 157842,308: [ParNew: 289398K->8392K(314560K), 0,0132930 secs] 588673K->308634K(1013632K), 0,0134040 secs] [Times: user=0,08 sys=0,00, real=0,02 secs] 
2015-08-29T11:18:33.105+0200: 157901,281: [GC2015-08-29T11:18:33.105+0200: 157901,282: [ParNew: 288008K->10049K(314560K), 0,0111830 secs] 588250K->311241K(1013632K), 0,0113360 secs] [Times: user=0,08 sys=0,00, real=0,00 secs] 
2015-08-29T11:19:32.223+0200: 157960,399: [GC2015-08-29T11:19:32.223+0200: 157960,399: [ParNew: 289665K->9413K(314560K), 0,0113930 secs] 590857K->311676K(1013632K), 0,0115200 secs] [Times: user=0,08 sys=0,00, real=0,01 secs] 
2015-08-29T11:20:31.342+0200: 158019,518: [GC2015-08-29T11:20:31.342+0200: 158019,519: [ParNew: 289029K->10199K(314560K), 0,0115180 secs] 591292K->313511K(1013632K), 0,0116420 secs] [Times: user=0,10 sys=0,00, real=0,01 secs] 
2015-08-29T11:21:30.317+0200: 158078,493: [GC2015-08-29T11:21:30.317+0200: 158078,493: [ParNew: 289815K->8635K(314560K), 0,0125010 secs] 593127K->312907K(1013632K), 0,0126160 secs] [Times: user=0,08 sys=0,00, real=0,01 secs] 
2015-08-29T11:22:29.461+0200: 158137,637: [GC2015-08-29T11:22:29.461+0200: 158137,637: [ParNew: 288251K->8902K(314560K), 0,0112240 secs] 592523K->314136K(1013632K), 0,0113380 secs] [Times: user=0,08 sys=0,00, real=0,01 secs] 
2015-08-29T11:23:28.416+0200: 158196,592: [GC2015-08-29T11:23:28.416+0200: 158196,592: [ParNew: 288518K->9600K(314560K), 0,0106960 secs] 593752K->315797K(1013632K), 0,0108080 secs] [Times: user=0,08 sys=0,00, real=0,02 secs] 
2015-08-29T11:24:27.576+0200: 158255,753: [GC2015-08-29T11:24:27.576+0200: 158255,753: [ParNew: 289216K->9683K(314560K), 0,0122430 secs] 595413K->316837K(1013632K), 0,0123700 secs] [Times: user=0,07 sys=0,01, real=0,01 secs] 
2015-08-29T11:25:26.505+0200: 158314,681: [GC2015-08-29T11:25:26.505+0200: 158314,681: [ParNew: 289299K->10570K(314560K), 0,0115470 secs] 596453K->318678K(1013632K), 0,0116560 secs] [Times: user=0,08 sys=0,00, real=0,01 secs] 
2015-08-29T11:26:25.695+0200: 158373,871: [GC2015-08-29T11:26:25.695+0200: 158373,871: [ParNew: 290186K->7630K(314560K), 0,0115330 secs] 598294K->316700K(1013632K), 0,0116570 secs] [Times: user=0,10 sys=0,00, real=0,02 secs] 
2015-08-29T11:27:24.262+0200: 158432,439: [GC2015-08-29T11:27:24.262+0200: 158432,439: [ParNew: 287246K->11243K(314560K), 0,0123830 secs] 596316K->321330K(1013632K), 0,0124910 secs] [Times: user=0,10 sys=0,00, real=0,01 secs] 
2015-08-29T11:28:23.105+0200: 158491,281: [GC2015-08-29T11:28:23.105+0200: 158491,281: [ParNew: 290859K->9975K(314560K), 0,0119180 secs] 600946K->321105K(1013632K), 0,0120290 secs] [Times: user=0,06 sys=0,01, real=0,01 secs] 
2015-08-29T11:29:22.386+0200: 158550,563: [GC2015-08-29T11:29:22.386+0200: 158550,563: [ParNew: 289591K->8232K(314560K), 0,0113520 secs] 600721K->320317K(1013632K), 0,0114600 secs] [Times: user=0,08 sys=0,00, real=0,01 secs] 
2015-08-29T11:30:21.451+0200: 158609,628: [GC2015-08-29T11:30:21.451+0200: 158609,628: [ParNew: 287848K->7279K(314560K), 0,0103430 secs] 599933K->320328K(1013632K), 0,0104690 secs] [Times: user=0,10 sys=0,00, real=0,01 secs] 
2015-08-29T11:31:20.219+0200: 158668,396: [GC2015-08-29T11:31:20.219+0200: 158668,396: [ParNew: 286895K->7032K(314560K), 0,0092890 secs] 599944K->321027K(1013632K), 0,0094080 secs] [Times: user=0,08 sys=0,00, real=0,01 secs] 
2015-08-29T11:32:19.063+0200: 158727,240: [GC2015-08-29T11:32:19.063+0200: 158727,240: [ParNew: 286648K->5981K(314560K), 0,0098700 secs] 600643K->320932K(1013632K), 0,0100050 secs] [Times: user=0,08 sys=0,00, real=0,01 secs] 
2015-08-29T11:33:18.105+0200: 158786,281: [GC2015-08-29T11:33:18.105+0200: 158786,281: [ParNew: 285597K->4588K(314560K), 0,0073110 secs] 600548K->320626K(1013632K), 0,0074180 secs] [Times: user=0,05 sys=0,01, real=0,00 secs] 
2015-08-29T11:34:17.184+0200: 158845,361: [GC2015-08-29T11:34:17.184+0200: 158845,361: [ParNew: 284204K->4117K(314560K), 0,0069930 secs] 600242K->320729K(1013632K), 0,0071240 secs] [Times: user=0,05 sys=0,00, real=0,01 secs] 
2015-08-29T11:35:16.245+0200: 158904,422: [GC2015-08-29T11:35:16.245+0200: 158904,422: [ParNew: 283733K->5416K(314560K), 0,0067370 secs] 600345K->322545K(1013632K), 0,0068510 secs] [Times: user=0,04 sys=0,00, real=0,00 secs] 
2015-08-29T11:36:14.957+0200: 158963,134: [GC2015-08-29T11:36:14.957+0200: 158963,134: [ParNew: 285032K->4922K(314560K), 0,0069250 secs] 602161K->322703K(1013632K), 0,0070300 secs] [Times: user=0,04 sys=0,00, real=0,00 secs] 
2015-08-29T11:37:13.856+0200: 159022,033: [GC2015-08-29T11:37:13.857+0200: 159022,033: [ParNew: 284538K->5199K(314560K), 0,0077770 secs] 602319K->323649K(1013632K), 0,0079080 secs] [Times: user=0,05 sys=0,00, real=0,01 secs] 
2015-08-29T11:38:12.924+0200: 159081,100: [GC2015-08-29T11:38:12.924+0200: 159081,100: [ParNew: 284815K->6289K(314560K), 0,0065550 secs] 603265K->324855K(1013632K), 0,0066600 secs] [Times: user=0,05 sys=0,00, real=0,01 secs] 
2015-08-29T11:39:11.982+0200: 159140,158: [GC2015-08-29T11:39:11.982+0200: 159140,158: [ParNew: 285905K->6451K(314560K), 0,0080710 secs] 604471K->325240K(1013632K), 0,0081870 secs] [Times: user=0,06 sys=0,00, real=0,01 secs] 
2015-08-29T11:40:11.134+0200: 159199,310: [GC2015-08-29T11:40:11.134+0200: 159199,310: [ParNew: 286067K->7955K(314560K), 0,0091990 secs] 604856K->327195K(1013632K), 0,0093120 secs] [Times: user=0,07 sys=0,00, real=0,01 secs] 
2015-08-29T11:41:10.096+0200: 159258,272: [GC2015-08-29T11:41:10.096+0200: 159258,272: [ParNew: 287571K->9668K(314560K), 0,0089130 secs] 606811K->329449K(1013632K), 0,0090290 secs] [Times: user=0,07 sys=0,00, real=0,02 secs] 
2015-08-29T11:42:09.158+0200: 159317,335: [GC2015-08-29T11:42:09.158+0200: 159317,335: [ParNew: 289284K->6625K(314560K), 0,0105450 secs] 609065K->327049K(1013632K), 0,0106670 secs] [Times: user=0,07 sys=0,00, real=0,01 secs] 
2015-08-29T11:43:08.105+0200: 159376,281: [GC2015-08-29T11:43:08.105+0200: 159376,282: [ParNew: 286241K->9982K(314560K), 0,0105790 secs] 606665K->331286K(1013632K), 0,0106940 secs] [Times: user=0,08 sys=0,00, real=0,00 secs] 
2015-08-29T11:44:06.980+0200: 159435,157: [GC2015-08-29T11:44:06.980+0200: 159435,157: [ParNew: 289598K->10390K(314560K), 0,0116970 secs] 610902K->332677K(1013632K), 0,0118260 secs] [Times: user=0,08 sys=0,00, real=0,01 secs] 
2015-08-29T11:45:06.034+0200: 159494,210: [GC2015-08-29T11:45:06.034+0200: 159494,210: [ParNew: 290006K->8079K(314560K), 0,0107390 secs] 612293K->331404K(1013632K), 0,0108500 secs] [Times: user=0,07 sys=0,00, real=0,02 secs] 
2015-08-29T11:46:05.314+0200: 159553,491: [GC2015-08-29T11:46:05.314+0200: 159553,491: [ParNew: 287695K->8371K(314560K), 0,0110530 secs] 611020K->332626K(1013632K), 0,0111780 secs] [Times: user=0,09 sys=0,00, real=0,02 secs] 
2015-08-29T11:47:04.145+0200: 159612,321: [GC2015-08-29T11:47:04.145+0200: 159612,321: [ParNew: 287987K->9222K(314560K), 0,0129780 secs] 612242K->334421K(1013632K), 0,0131120 secs] [Times: user=0,10 sys=0,00, real=0,01 secs] 
2015-08-29T11:48:02.899+0200: 159671,075: [GC2015-08-29T11:48:02.899+0200: 159671,076: [ParNew: 288838K->8656K(314560K), 0,0138720 secs] 614037K->334799K(1013632K), 0,0139800 secs] [Times: user=0,08 sys=0,00, real=0,01 secs] 
2015-08-29T11:49:02.054+0200: 159730,230: [GC2015-08-29T11:49:02.054+0200: 159730,230: [ParNew: 288272K->9541K(314560K), 0,0106410 secs] 614415K->336627K(1013632K), 0,0107510 secs] [Times: user=0,07 sys=0,00, real=0,02 secs] 
2015-08-29T11:50:01.120+0200: 159789,296: [GC2015-08-29T11:50:01.120+0200: 159789,296: [ParNew: 289157K->8952K(314560K), 0,0124000 secs] 616243K->336974K(1013632K), 0,0125290 secs] [Times: user=0,07 sys=0,00, real=0,01 secs] 
2015-08-29T11:51:00.184+0200: 159848,360: [GC2015-08-29T11:51:00.184+0200: 159848,361: [ParNew: 288568K->9852K(314560K), 0,0128920 secs] 616590K->338818K(1013632K), 0,0129980 secs] [Times: user=0,08 sys=0,00, real=0,02 secs] 
2015-08-29T11:51:59.243+0200: 159907,420: [GC2015-08-29T11:51:59.243+0200: 159907,420: [ParNew: 289468K->9240K(314560K), 0,0132640 secs] 618434K->339186K(1013632K), 0,0133790 secs] [Times: user=0,07 sys=0,00, real=0,02 secs] 
2015-08-29T11:52:58.105+0200: 159966,281: [GC2015-08-29T11:52:58.105+0200: 159966,281: [ParNew: 288856K->9352K(314560K), 0,0117920 secs] 618802K->340346K(1013632K), 0,0119090 secs] [Times: user=0,07 sys=0,00, real=0,01 secs] 
2015-08-29T11:53:57.360+0200: 160025,537: [GC2015-08-29T11:53:57.360+0200: 160025,537: [ParNew: 288968K->8597K(314560K), 0,0121200 secs] 619962K->340640K(1013632K), 0,0122600 secs] [Times: user=0,08 sys=0,01, real=0,01 secs] 
2015-08-29T11:54:56.694+0200: 160084,870: [GC2015-08-29T11:54:56.694+0200: 160084,870: [ParNew: 288213K->8603K(314560K), 0,0117120 secs] 620256K->341599K(1013632K), 0,0118360 secs] [Times: user=0,09 sys=0,00, real=0,02 secs] 
2015-08-29T11:55:55.815+0200: 160143,992: [GC2015-08-29T11:55:55.815+0200: 160143,992: [ParNew: 288219K->8155K(314560K), 0,0114370 secs] 621215K->342094K(1013632K), 0,0115520 secs] [Times: user=0,09 sys=0,00, real=0,02 secs] 
2015-08-29T11:56:54.533+0200: 160202,710: [GC2015-08-29T11:56:54.533+0200: 160202,710: [ParNew: 287771K->9631K(314560K), 0,0113410 secs] 621710K->344526K(1013632K), 0,0114550 secs] [Times: user=0,09 sys=0,00, real=0,02 secs] 
2015-08-29T11:57:53.602+0200: 160261,778: [GC2015-08-29T11:57:53.602+0200: 160261,778: [ParNew: 289247K->9727K(314560K), 0,0118290 secs] 624142K->345584K(1013632K), 0,0119700 secs] [Times: user=0,09 sys=0,00, real=0,01 secs] 
2015-08-29T11:58:52.665+0200: 160320,842: [GC2015-08-29T11:58:52.665+0200: 160320,842: [ParNew: 289343K->8332K(314560K), 0,0112230 secs] 625200K->345146K(1013632K), 0,0113490 secs] [Times: user=0,08 sys=0,00, real=0,01 secs] 
2015-08-29T11:59:51.981+0200: 160380,157: [GC2015-08-29T11:59:51.981+0200: 160380,157: [ParNew: 287948K->9972K(314560K), 0,0107540 secs] 624762K->347746K(1013632K), 0,0108690 secs] [Times: user=0,08 sys=0,00, real=0,01 secs] 
2015-08-29T12:00:51.279+0200: 160439,456: [GC2015-08-29T12:00:51.279+0200: 160439,456: [ParNew: 289588K->10105K(314560K), 0,0119190 secs] 627362K->348916K(1013632K), 0,0120560 secs] [Times: user=0,09 sys=0,00, real=0,01 secs] 
2015-08-29T12:01:50.072+0200: 160498,249: [GC2015-08-29T12:01:50.073+0200: 160498,249: [ParNew: 289721K->8584K(314560K), 0,0112020 secs] 628532K->348446K(1013632K), 0,0113240 secs] [Times: user=0,08 sys=0,00, real=0,01 secs] 
2015-08-29T12:02:49.338+0200: 160557,514: [GC2015-08-29T12:02:49.338+0200: 160557,514: [ParNew: 288200K->8559K(314560K), 0,0116300 secs] 628062K->349371K(1013632K), 0,0117510 secs] [Times: user=0,09 sys=0,00, real=0,01 secs] 
2015-08-29T12:03:48.105+0200: 160616,281: [GC2015-08-29T12:03:48.105+0200: 160616,281: [ParNew: 288175K->6589K(314560K), 0,0107580 secs] 628987K->348357K(1013632K), 0,0108800 secs] [Times: user=0,07 sys=0,00, real=0,00 secs] 
2015-08-29T12:04:46.998+0200: 160675,174: [GC2015-08-29T12:04:46.998+0200: 160675,175: [ParNew: 286205K->8025K(314560K), 0,0111450 secs] 627973K->350741K(1013632K), 0,0112560 secs] [Times: user=0,09 sys=0,00, real=0,01 secs] 
2015-08-29T12:05:46.059+0200: 160734,235: [GC2015-08-29T12:05:46.059+0200: 160734,235: [ParNew: 287641K->9587K(314560K), 0,0097010 secs] 630357K->353260K(1013632K), 0,0098130 secs] [Times: user=0,08 sys=0,00, real=0,01 secs] 
2015-08-29T12:06:45.307+0200: 160793,483: [GC2015-08-29T12:06:45.307+0200: 160793,483: [ParNew: 289203K->8977K(314560K), 0,0120200 secs] 632876K->353602K(1013632K), 0,0121430 secs] [Times: user=0,07 sys=0,00, real=0,01 secs] 
2015-08-29T12:07:44.330+0200: 160852,507: [GC2015-08-29T12:07:44.330+0200: 160852,507: [ParNew: 288593K->9875K(314560K), 0,0156200 secs] 633218K->355429K(1013632K), 0,0157510 secs] [Times: user=0,09 sys=0,00, real=0,02 secs] 
2015-08-29T12:08:43.688+0200: 160911,865: [GC2015-08-29T12:08:43.688+0200: 160911,865: [ParNew: 289491K->10051K(314560K), 0,0120560 secs] 635045K->356587K(1013632K), 0,0121730 secs] [Times: user=0,08 sys=0,00, real=0,01 secs] 
2015-08-29T12:09:42.426+0200: 160970,602: [GC2015-08-29T12:09:42.426+0200: 160970,602: [ParNew: 289667K->9406K(314560K), 0,0115520 secs] 636203K->356998K(1013632K), 0,0116580 secs] [Times: user=0,10 sys=0,00, real=0,01 secs] 
2015-08-29T12:10:41.746+0200: 161029,923: [GC2015-08-29T12:10:41.746+0200: 161029,923: [ParNew: 289022K->9431K(314560K), 0,0120050 secs] 636614K->358066K(1013632K), 0,0121460 secs] [Times: user=0,08 sys=0,00, real=0,01 secs] 
2015-08-29T12:11:40.903+0200: 161089,080: [GC2015-08-29T12:11:40.904+0200: 161089,080: [ParNew: 289047K->8655K(314560K), 0,0110520 secs] 637682K->358255K(1013632K), 0,0111860 secs] [Times: user=0,09 sys=0,00, real=0,01 secs] 
2015-08-29T12:12:39.968+0200: 161148,145: [GC2015-08-29T12:12:39.968+0200: 161148,145: [ParNew: 288271K->10412K(314560K), 0,0113370 secs] 637871K->360971K(1013632K), 0,0114560 secs] [Times: user=0,07 sys=0,01, real=0,01 secs] 
2015-08-29T12:13:38.931+0200: 161207,107: [GC2015-08-29T12:13:38.931+0200: 161207,107: [ParNew: 290028K->7901K(314560K), 0,0123060 secs] 640587K->359418K(1013632K), 0,0124230 secs] [Times: user=0,08 sys=0,00, real=0,01 secs] 
2015-08-29T12:14:37.847+0200: 161266,023: [GC2015-08-29T12:14:37.847+0200: 161266,023: [ParNew: 287517K->10907K(314560K), 0,0115930 secs] 639034K->363396K(1013632K), 0,0117170 secs] [Times: user=0,09 sys=0,00, real=0,01 secs] 
2015-08-29T12:15:37.082+0200: 161325,258: [GC2015-08-29T12:15:37.082+0200: 161325,258: [ParNew: 290523K->7759K(314560K), 0,0133880 secs] 643012K->361209K(1013632K), 0,0135150 secs] [Times: user=0,09 sys=0,00, real=0,01 secs] 
2015-08-29T12:16:36.196+0200: 161384,372: [GC2015-08-29T12:16:36.196+0200: 161384,372: [ParNew: 287375K->8330K(314560K), 0,0133530 secs] 640825K->362738K(1013632K), 0,0134660 secs] [Times: user=0,09 sys=0,00, real=0,02 secs] 
2015-08-29T12:17:35.258+0200: 161443,434: [GC2015-08-29T12:17:35.258+0200: 161443,435: [ParNew: 287946K->9885K(314560K), 0,0113230 secs] 642354K->365314K(1013632K), 0,0114220 secs] [Times: user=0,11 sys=0,00, real=0,01 secs] 
2015-08-29T12:18:34.321+0200: 161502,498: [GC2015-08-29T12:18:34.322+0200: 161502,498: [ParNew: 289501K->10135K(314560K), 0,0124880 secs] 644930K->366640K(1013632K), 0,0126230 secs] [Times: user=0,09 sys=0,00, real=0,01 secs] 
2015-08-29T12:19:32.881+0200: 161561,057: [GC2015-08-29T12:19:32.881+0200: 161561,057: [ParNew: 289751K->8579K(314560K), 0,0108500 secs] 646256K->366040K(1013632K), 0,0109690 secs] [Times: user=0,07 sys=0,00, real=0,01 secs] 
2015-08-29T12:20:31.940+0200: 161620,116: [GC2015-08-29T12:20:31.940+0200: 161620,116: [ParNew: 288195K->8064K(314560K), 0,0105760 secs] 645656K->366481K(1013632K), 0,0106830 secs] [Times: user=0,09 sys=0,00, real=0,01 secs] 
2015-08-29T12:21:30.911+0200: 161679,087: [GC2015-08-29T12:21:30.911+0200: 161679,087: [ParNew: 287680K->8762K(314560K), 0,0101070 secs] 646097K->368141K(1013632K), 0,0102290 secs] [Times: user=0,06 sys=0,00, real=0,01 secs] 
2015-08-29T12:22:30.049+0200: 161738,226: [GC2015-08-29T12:22:30.049+0200: 161738,226: [ParNew: 288378K->10313K(314560K), 0,0104040 secs] 647757K->370635K(1013632K), 0,0105140 secs] [Times: user=0,07 sys=0,00, real=0,01 secs] 
2015-08-29T12:23:29.002+0200: 161797,179: [GC2015-08-29T12:23:29.002+0200: 161797,179: [ParNew: 289929K->7460K(314560K), 0,0114670 secs] 650251K->368741K(1013632K), 0,0115760 secs] [Times: user=0,09 sys=0,00, real=0,01 secs] 
2015-08-29T12:24:27.844+0200: 161856,021: [GC2015-08-29T12:24:27.844+0200: 161856,021: [ParNew: 287076K->9642K(314560K), 0,0129150 secs] 648357K->371863K(1013632K), 0,0130250 secs] [Times: user=0,09 sys=0,00, real=0,01 secs] 
2015-08-29T12:25:27.089+0200: 161915,265: [GC2015-08-29T12:25:27.089+0200: 161915,265: [ParNew: 289258K->10558K(314560K), 0,0113980 secs] 651479K->373752K(1013632K), 0,0115210 secs] [Times: user=0,08 sys=0,00, real=0,01 secs] 
2015-08-29T12:26:26.275+0200: 161974,452: [GC2015-08-29T12:26:26.275+0200: 161974,452: [ParNew: 290174K->7722K(314560K), 0,0112490 secs] 653368K->371969K(1013632K), 0,0113820 secs] [Times: user=0,09 sys=0,00, real=0,02 secs] 
2015-08-29T12:27:24.912+0200: 162033,089: [GC2015-08-29T12:27:24.912+0200: 162033,089: [ParNew: 287338K->10619K(314560K), 0,0106350 secs] 651585K->375909K(1013632K), 0,0107690 secs] [Times: user=0,07 sys=0,00, real=0,01 secs] 
2015-08-29T12:28:23.908+0200: 162092,085: [GC2015-08-29T12:28:23.908+0200: 162092,085: [ParNew: 290235K->9161K(314560K), 0,0135550 secs] 655525K->375413K(1013632K), 0,0136670 secs] [Times: user=0,09 sys=0,00, real=0,01 secs] 
2015-08-29T12:29:23.199+0200: 162151,376: [GC2015-08-29T12:29:23.200+0200: 162151,376: [ParNew: 288777K->7038K(314560K), 0,0108030 secs] 655029K->374251K(1013632K), 0,0109090 secs] [Times: user=0,10 sys=0,00, real=0,01 secs] 
2015-08-29T12:30:22.017+0200: 162210,193: [GC2015-08-29T12:30:22.017+0200: 162210,193: [ParNew: 286654K->8762K(314560K), 0,0162010 secs] 653867K->376933K(1013632K), 0,0163070 secs] [Times: user=0,10 sys=0,00, real=0,01 secs] 
2015-08-29T12:31:21.089+0200: 162269,265: [GC2015-08-29T12:31:21.089+0200: 162269,265: [ParNew: 288378K->7859K(314560K), 0,0102640 secs] 656549K->376981K(1013632K), 0,0103850 secs] [Times: user=0,06 sys=0,00, real=0,01 secs] 
2015-08-29T12:32:20.454+0200: 162328,630: [GC2015-08-29T12:32:20.454+0200: 162328,631: [ParNew: 287475K->6100K(314560K), 0,0093580 secs] 656597K->376178K(1013632K), 0,0094760 secs] [Times: user=0,07 sys=0,00, real=0,01 secs] 
2015-08-29T12:33:19.428+0200: 162387,604: [GC2015-08-29T12:33:19.428+0200: 162387,604: [ParNew: 285716K->5288K(314560K), 0,0089210 secs] 655794K->376444K(1013632K), 0,0090350 secs] [Times: user=0,07 sys=0,00, real=0,01 secs] 
2015-08-29T12:34:18.199+0200: 162446,376: [GC2015-08-29T12:34:18.199+0200: 162446,376: [ParNew: 284904K->4249K(314560K), 0,0082150 secs] 656060K->376054K(1013632K), 0,0083320 secs] [Times: user=0,06 sys=0,00, real=0,01 secs] 
2015-08-29T12:35:17.318+0200: 162505,495: [GC2015-08-29T12:35:17.318+0200: 162505,495: [ParNew: 283865K->4614K(314560K), 0,0079470 secs] 655670K->377011K(1013632K), 0,0080550 secs] [Times: user=0,05 sys=0,00, real=0,01 secs] 
2015-08-29T12:36:16.380+0200: 162564,557: [GC2015-08-29T12:36:16.380+0200: 162564,557: [ParNew: 284230K->4019K(314560K), 0,0068900 secs] 656627K->376955K(1013632K), 0,0070090 secs] [Times: user=0,04 sys=0,01, real=0,01 secs] 
2015-08-29T12:37:15.439+0200: 162623,615: [GC2015-08-29T12:37:15.439+0200: 162623,615: [ParNew: 283635K->4516K(314560K), 0,0075780 secs] 656571K->378026K(1013632K), 0,0076970 secs] [Times: user=0,05 sys=0,00, real=0,01 secs] 
2015-08-29T12:38:14.771+0200: 162682,947: [GC2015-08-29T12:38:14.771+0200: 162682,947: [ParNew: 284132K->5479K(314560K), 0,0071920 secs] 657642K->379101K(1013632K), 0,0073000 secs] [Times: user=0,06 sys=0,00, real=0,01 secs] 
2015-08-29T12:39:13.556+0200: 162741,732: [GC2015-08-29T12:39:13.556+0200: 162741,732: [ParNew: 285095K->6793K(314560K), 0,0078350 secs] 658717K->380609K(1013632K), 0,0079520 secs] [Times: user=0,06 sys=0,00, real=0,01 secs] 
2015-08-29T12:40:12.815+0200: 162800,992: [GC2015-08-29T12:40:12.815+0200: 162800,992: [ParNew: 286409K->8289K(314560K), 0,0092280 secs] 660225K->382519K(1013632K), 0,0093410 secs] [Times: user=0,06 sys=0,00, real=0,02 secs] 
2015-08-29T12:41:11.667+0200: 162859,844: [GC2015-08-29T12:41:11.667+0200: 162859,844: [ParNew: 287905K->8884K(314560K), 0,0098450 secs] 662135K->383658K(1013632K), 0,0099580 secs] [Times: user=0,09 sys=0,00, real=0,01 secs] 
2015-08-29T12:42:10.733+0200: 162918,909: [GC2015-08-29T12:42:10.733+0200: 162918,909: [ParNew: 288500K->9793K(314560K), 0,0106970 secs] 663274K->385259K(1013632K), 0,0107990 secs] [Times: user=0,07 sys=0,00, real=0,01 secs] 
2015-08-29T12:43:09.796+0200: 162977,973: [GC2015-08-29T12:43:09.796+0200: 162977,973: [ParNew: 289409K->8973K(314560K), 0,0119710 secs] 664875K->385413K(1013632K), 0,0120850 secs] [Times: user=0,09 sys=0,00, real=0,02 secs] 
2015-08-29T12:44:08.863+0200: 163037,040: [GC2015-08-29T12:44:08.863+0200: 163037,040: [ParNew: 288589K->8430K(314560K), 0,0114290 secs] 665029K->385882K(1013632K), 0,0115420 secs] [Times: user=0,10 sys=0,00, real=0,01 secs] 
2015-08-29T12:45:07.902+0200: 163096,078: [GC2015-08-29T12:45:07.902+0200: 163096,078: [ParNew: 288046K->6958K(314560K), 0,0140310 secs] 665498K->385356K(1013632K), 0,0141470 secs] [Times: user=0,09 sys=0,00, real=0,01 secs] 
2015-08-29T12:46:06.980+0200: 163155,157: [GC2015-08-29T12:46:06.980+0200: 163155,157: [ParNew: 286574K->9559K(314560K), 0,0116510 secs] 664972K->388895K(1013632K), 0,0117940 secs] [Times: user=0,09 sys=0,00, real=0,01 secs] 
2015-08-29T12:47:06.002+0200: 163214,178: [GC2015-08-29T12:47:06.002+0200: 163214,178: [ParNew: 289175K->9561K(314560K), 0,0158140 secs] 668511K->389832K(1013632K), 0,0159080 secs] [Times: user=0,10 sys=0,00, real=0,02 secs] 
2015-08-29T12:48:04.997+0200: 163273,173: [GC2015-08-29T12:48:04.997+0200: 163273,173: [ParNew: 289177K->8931K(314560K), 0,0115650 secs] 669448K->390150K(1013632K), 0,0116840 secs] [Times: user=0,08 sys=0,00, real=0,01 secs] 
2015-08-29T12:49:03.851+0200: 163332,028: [GC2015-08-29T12:49:03.851+0200: 163332,028: [ParNew: 288547K->9069K(314560K), 0,0165360 secs] 669766K->391243K(1013632K), 0,0166370 secs] [Times: user=0,10 sys=0,00, real=0,02 secs] 
2015-08-29T12:50:02.705+0200: 163390,882: [GC2015-08-29T12:50:02.705+0200: 163390,882: [ParNew: 288685K->9198K(314560K), 0,0109990 secs] 670859K->392321K(1013632K), 0,0111140 secs] [Times: user=0,06 sys=0,00, real=0,01 secs] 
2015-08-29T12:51:01.768+0200: 163449,945: [GC2015-08-29T12:51:01.768+0200: 163449,945: [ParNew: 288814K->10895K(314560K), 0,0130280 secs] 671937K->395061K(1013632K), 0,0131500 secs] [Times: user=0,07 sys=0,00, real=0,01 secs] 
2015-08-29T12:52:00.834+0200: 163509,011: [GC2015-08-29T12:52:00.834+0200: 163509,011: [ParNew: 290511K->8293K(314560K), 0,0119060 secs] 674677K->393504K(1013632K), 0,0120270 secs] [Times: user=0,10 sys=0,00, real=0,02 secs] 
2015-08-29T12:53:00.167+0200: 163568,344: [GC2015-08-29T12:53:00.167+0200: 163568,344: [ParNew: 287909K->8498K(314560K), 0,0123040 secs] 673120K->394650K(1013632K), 0,0124170 secs] [Times: user=0,08 sys=0,00, real=0,01 secs] 
2015-08-29T12:53:59.403+0200: 163627,580: [GC2015-08-29T12:53:59.403+0200: 163627,580: [ParNew: 288114K->8656K(314560K), 0,0118490 secs] 674266K->395773K(1013632K), 0,0119840 secs] [Times: user=0,09 sys=0,00, real=0,01 secs] 
2015-08-29T12:54:58.337+0200: 163686,513: [GC2015-08-29T12:54:58.337+0200: 163686,513: [ParNew: 288272K->8768K(314560K), 0,0114540 secs] 675389K->396837K(1013632K), 0,0115740 secs] [Times: user=0,05 sys=0,01, real=0,01 secs] 
2015-08-29T12:55:57.566+0200: 163745,743: [GC2015-08-29T12:55:57.566+0200: 163745,743: [ParNew: 288384K->9618K(314560K), 0,0118310 secs] 676453K->398648K(1013632K), 0,0119540 secs] [Times: user=0,09 sys=0,00, real=0,01 secs] 
2015-08-29T12:56:56.437+0200: 163804,613: [GC2015-08-29T12:56:56.437+0200: 163804,614: [ParNew: 289234K->9748K(314560K), 0,0111130 secs] 678264K->399734K(1013632K), 0,0112310 secs] [Times: user=0,08 sys=0,00, real=0,01 secs] 
2015-08-29T12:57:55.686+0200: 163863,862: [GC2015-08-29T12:57:55.686+0200: 163863,862: [ParNew: 289364K->9892K(314560K), 0,0107280 secs] 679350K->400831K(1013632K), 0,0108280 secs] [Times: user=0,08 sys=0,00, real=0,01 secs] 
2015-08-29T12:58:54.550+0200: 163922,727: [GC2015-08-29T12:58:54.550+0200: 163922,727: [ParNew: 289508K->8490K(314560K), 0,0121500 secs] 680447K->400440K(1013632K), 0,0122740 secs] [Times: user=0,10 sys=0,00, real=0,01 secs] 
2015-08-29T12:59:53.799+0200: 163981,975: [GC2015-08-29T12:59:53.799+0200: 163981,975: [ParNew: 288106K->10089K(314560K), 0,0116890 secs] 680056K->403072K(1013632K), 0,0118020 secs] [Times: user=0,10 sys=0,00, real=0,01 secs] 
2015-08-29T13:00:52.861+0200: 164041,038: [GC2015-08-29T13:00:52.861+0200: 164041,038: [ParNew: 289705K->7784K(314560K), 0,0105330 secs] 682688K->401708K(1013632K), 0,0106490 secs] [Times: user=0,07 sys=0,00, real=0,01 secs] 
2015-08-29T13:01:52.117+0200: 164100,293: [GC2015-08-29T13:01:52.117+0200: 164100,293: [ParNew: 287400K->9516K(314560K), 0,0110830 secs] 681324K->404395K(1013632K), 0,0112190 secs] [Times: user=0,08 sys=0,01, real=0,01 secs] 
2015-08-29T13:02:51.177+0200: 164159,354: [GC2015-08-29T13:02:51.178+0200: 164159,354: [ParNew: 289132K->9479K(314560K), 0,0090110 secs] 684011K->405321K(1013632K), 0,0091070 secs] [Times: user=0,06 sys=0,00, real=0,01 secs] 
2015-08-29T13:03:50.030+0200: 164218,207: [GC2015-08-29T13:03:50.030+0200: 164218,207: [ParNew: 289095K->8838K(314560K), 0,0109300 secs] 684937K->405632K(1013632K), 0,0110270 secs] [Times: user=0,08 sys=0,00, real=0,01 secs] 
2015-08-29T13:04:49.095+0200: 164277,272: [GC2015-08-29T13:04:49.095+0200: 164277,272: [ParNew: 288454K->8941K(314560K), 0,0120080 secs] 685248K->406677K(1013632K), 0,0121220 secs] [Times: user=0,09 sys=0,00, real=0,02 secs] 
2015-08-29T13:05:47.847+0200: 164336,023: [GC2015-08-29T13:05:47.847+0200: 164336,023: [ParNew: 288557K->9075K(314560K), 0,0138920 secs] 686293K->407768K(1013632K), 0,0139960 secs] [Times: user=0,08 sys=0,00, real=0,01 secs] 
2015-08-29T13:06:46.713+0200: 164394,889: [GC2015-08-29T13:06:46.713+0200: 164394,889: [ParNew: 288691K->10755K(314560K), 0,0106790 secs] 687384K->410402K(1013632K), 0,0107890 secs] [Times: user=0,07 sys=0,00, real=0,01 secs] 
2015-08-29T13:07:45.670+0200: 164453,846: [GC2015-08-29T13:07:45.670+0200: 164453,846: [ParNew: 290371K->7768K(314560K), 0,0119240 secs] 690018K->408468K(1013632K), 0,0120200 secs] [Times: user=0,08 sys=0,00, real=0,01 secs] 
2015-08-29T13:08:44.826+0200: 164513,002: [GC2015-08-29T13:08:44.826+0200: 164513,002: [ParNew: 287384K->9906K(314560K), 0,0117150 secs] 688084K->411658K(1013632K), 0,0118310 secs] [Times: user=0,08 sys=0,00, real=0,01 secs] 
2015-08-29T13:09:43.893+0200: 164572,070: [GC2015-08-29T13:09:43.893+0200: 164572,070: [ParNew: 289522K->9150K(314560K), 0,0109630 secs] 691274K->411842K(1013632K), 0,0110840 secs] [Times: user=0,07 sys=0,00, real=0,01 secs] 
2015-08-29T13:10:43.050+0200: 164631,227: [GC2015-08-29T13:10:43.050+0200: 164631,227: [ParNew: 288766K->8810K(314560K), 0,0117740 secs] 691458K->412456K(1013632K), 0,0118860 secs] [Times: user=0,09 sys=0,00, real=0,01 secs] 
2015-08-29T13:11:42.012+0200: 164690,189: [GC2015-08-29T13:11:42.012+0200: 164690,189: [ParNew: 288426K->8831K(314560K), 0,0176320 secs] 692072K->413445K(1013632K), 0,0177470 secs] [Times: user=0,11 sys=0,00, real=0,02 secs] 
2015-08-29T13:12:41.085+0200: 164749,262: [GC2015-08-29T13:12:41.085+0200: 164749,262: [ParNew: 288447K->8166K(314560K), 0,0121230 secs] 693061K->413730K(1013632K), 0,0122370 secs] [Times: user=0,09 sys=0,00, real=0,01 secs] 
2015-08-29T13:13:40.149+0200: 164808,325: [GC2015-08-29T13:13:40.149+0200: 164808,325: [ParNew: 287782K->10543K(314560K), 0,0128670 secs] 693346K->417065K(1013632K), 0,0129880 secs] [Times: user=0,08 sys=0,00, real=0,01 secs] 
2015-08-29T13:14:38.915+0200: 164867,091: [GC2015-08-29T13:14:38.915+0200: 164867,091: [ParNew: 290159K->8088K(314560K), 0,0124390 secs] 696681K->415567K(1013632K), 0,0125810 secs] [Times: user=0,10 sys=0,00, real=0,02 secs] 
2015-08-29T13:15:37.771+0200: 164925,948: [GC2015-08-29T13:15:37.771+0200: 164925,948: [ParNew: 287704K->9838K(314560K), 0,0121180 secs] 695183K->418322K(1013632K), 0,0122330 secs] [Times: user=0,09 sys=0,00, real=0,01 secs] 
2015-08-29T13:16:36.840+0200: 164985,016: [GC2015-08-29T13:16:36.840+0200: 164985,016: [ParNew: 289454K->9166K(314560K), 0,0119380 secs] 697938K->418701K(1013632K), 0,0120560 secs] [Times: user=0,09 sys=0,00, real=0,01 secs] 
2015-08-29T13:17:35.906+0200: 165044,082: [GC2015-08-29T13:17:35.906+0200: 165044,082: [ParNew: 288782K->8567K(314560K), 0,0116980 secs] 698317K->419049K(1013632K), 0,0118080 secs] [Times: user=0,08 sys=0,00, real=0,01 secs] 
2015-08-29T13:18:34.967+0200: 165103,143: [GC2015-08-29T13:18:34.967+0200: 165103,143: [ParNew: 288183K->8813K(314560K), 0,0110780 secs] 698665K->420258K(1013632K), 0,0111920 secs] [Times: user=0,10 sys=0,00, real=0,01 secs] 
2015-08-29T13:19:34.030+0200: 165162,206: [GC2015-08-29T13:19:34.030+0200: 165162,206: [ParNew: 288429K->9495K(314560K), 0,0116030 secs] 699874K->421893K(1013632K), 0,0117250 secs] [Times: user=0,07 sys=0,00, real=0,01 secs] 
2015-08-29T13:20:32.709+0200: 165220,886: [GC2015-08-29T13:20:32.709+0200: 165220,886: [ParNew: 289111K->8857K(314560K), 0,0105880 secs] 701509K->422218K(1013632K), 0,0106940 secs] [Times: user=0,08 sys=0,00, real=0,01 secs] 
2015-08-29T13:21:31.518+0200: 165279,695: [GC2015-08-29T13:21:31.518+0200: 165279,695: [ParNew: 288473K->9729K(314560K), 0,0119040 secs] 701834K->424055K(1013632K), 0,0120170 secs] [Times: user=0,09 sys=0,00, real=0,01 secs] 
2015-08-29T13:22:30.861+0200: 165339,038: [GC2015-08-29T13:22:30.861+0200: 165339,038: [ParNew: 289345K->7581K(314560K), 0,0114720 secs] 703671K->422864K(1013632K), 0,0116200 secs] [Times: user=0,08 sys=0,00, real=0,01 secs] 
2015-08-29T13:23:30.113+0200: 165398,290: [GC2015-08-29T13:23:30.113+0200: 165398,290: [ParNew: 287197K->9992K(314560K), 0,0107550 secs] 702480K->426225K(1013632K), 0,0108670 secs] [Times: user=0,08 sys=0,00, real=0,01 secs] 
2015-08-29T13:24:29.314+0200: 165457,490: [GC2015-08-29T13:24:29.314+0200: 165457,491: [ParNew: 289608K->10127K(314560K), 0,0149240 secs] 705841K->427401K(1013632K), 0,0150500 secs] [Times: user=0,11 sys=0,00, real=0,02 secs] 
2015-08-29T13:25:28.105+0200: 165516,281: [GC2015-08-29T13:25:28.105+0200: 165516,281: [ParNew: 289743K->9393K(314560K), 0,0127040 secs] 707017K->427716K(1013632K), 0,0128440 secs] [Times: user=0,09 sys=0,00, real=0,01 secs] 
2015-08-29T13:26:26.938+0200: 165575,114: [GC2015-08-29T13:26:26.938+0200: 165575,114: [ParNew: 289009K->9405K(314560K), 0,0111600 secs] 707332K->428696K(1013632K), 0,0112780 secs] [Times: user=0,09 sys=0,00, real=0,01 secs] 
2015-08-29T13:27:25.336+0200: 165633,512: [GC2015-08-29T13:27:25.336+0200: 165633,512: [ParNew: 289021K->11077K(314560K), 0,0117990 secs] 708312K->431323K(1013632K), 0,0119160 secs] [Times: user=0,10 sys=0,00, real=0,02 secs] 
2015-08-29T13:28:24.634+0200: 165692,810: [GC2015-08-29T13:28:24.634+0200: 165692,810: [ParNew: 290693K->7915K(314560K), 0,0114830 secs] 710939K->429119K(1013632K), 0,0115920 secs] [Times: user=0,09 sys=0,00, real=0,02 secs] 
2015-08-29T13:29:23.946+0200: 165752,122: [GC2015-08-29T13:29:23.946+0200: 165752,122: [ParNew: 287531K->9261K(314560K), 0,0106270 secs] 708735K->431411K(1013632K), 0,0107640 secs] [Times: user=0,09 sys=0,00, real=0,01 secs] 
2015-08-29T13:30:22.625+0200: 165810,802: [GC2015-08-29T13:30:22.625+0200: 165810,802: [ParNew: 288877K->8019K(314560K), 0,0113430 secs] 711027K->431134K(1013632K), 0,0114540 secs] [Times: user=0,07 sys=0,00, real=0,01 secs] 
2015-08-29T13:31:21.739+0200: 165869,916: [GC2015-08-29T13:31:21.739+0200: 165869,916: [ParNew: 287635K->7307K(314560K), 0,0102850 secs] 710750K->431381K(1013632K), 0,0103950 secs] [Times: user=0,10 sys=0,00, real=0,01 secs] 
2015-08-29T13:32:20.800+0200: 165928,976: [GC2015-08-29T13:32:20.800+0200: 165928,976: [ParNew: 286923K->6966K(314560K), 0,0103130 secs] 710997K->432038K(1013632K), 0,0104110 secs] [Times: user=0,08 sys=0,00, real=0,01 secs] 
2015-08-29T13:33:19.864+0200: 165988,041: [GC2015-08-29T13:33:19.864+0200: 165988,041: [ParNew: 286582K->6638K(314560K), 0,0126920 secs] 711654K->432886K(1013632K), 0,0128070 secs] [Times: user=0,09 sys=0,00, real=0,02 secs] 
2015-08-29T13:34:19.184+0200: 166047,360: [GC2015-08-29T13:34:19.184+0200: 166047,360: [ParNew: 286254K->4407K(314560K), 0,0065710 secs] 712502K->431237K(1013632K), 0,0066830 secs] [Times: user=0,07 sys=0,00, real=0,01 secs] 
2015-08-29T13:35:18.090+0200: 166106,267: [GC2015-08-29T13:35:18.090+0200: 166106,267: [ParNew: 284023K->4776K(314560K), 0,0061560 secs] 710853K->432108K(1013632K), 0,0062730 secs] [Times: user=0,04 sys=0,00, real=0,01 secs] 
2015-08-29T13:36:17.040+0200: 166165,217: [GC2015-08-29T13:36:17.040+0200: 166165,217: [ParNew: 284392K->4991K(314560K), 0,0084180 secs] 711724K->432866K(1013632K), 0,0085370 secs] [Times: user=0,04 sys=0,01, real=0,01 secs] 
2015-08-29T13:37:16.000+0200: 166224,177: [GC2015-08-29T13:37:16.001+0200: 166224,177: [ParNew: 284607K->3854K(314560K), 0,0079900 secs] 712482K->432308K(1013632K), 0,0081060 secs] [Times: user=0,04 sys=0,01, real=0,01 secs] 
2015-08-29T13:38:15.282+0200: 166283,459: [GC2015-08-29T13:38:15.282+0200: 166283,459: [ParNew: 283470K->5688K(314560K), 0,0080700 secs] 711924K->434260K(1013632K), 0,0081890 secs] [Times: user=0,06 sys=0,00, real=0,01 secs] 
2015-08-29T13:39:14.268+0200: 166342,444: [GC2015-08-29T13:39:14.268+0200: 166342,444: [ParNew: 285304K->7507K(314560K), 0,0079630 secs] 713876K->436307K(1013632K), 0,0080810 secs] [Times: user=0,07 sys=0,00, real=0,00 secs] 
2015-08-29T13:40:13.105+0200: 166401,281: [GC2015-08-29T13:40:13.105+0200: 166401,281: [ParNew: 287123K->7437K(314560K), 0,0086170 secs] 715923K->436723K(1013632K), 0,0087310 secs] [Times: user=0,06 sys=0,00, real=0,00 secs] 
2015-08-29T13:41:12.331+0200: 166460,507: [GC2015-08-29T13:41:12.331+0200: 166460,507: [ParNew: 287053K->9086K(314560K), 0,0096070 secs] 716339K->439033K(1013632K), 0,0097250 secs] [Times: user=0,07 sys=0,00, real=0,01 secs] 
2015-08-29T13:42:11.393+0200: 166519,570: [GC2015-08-29T13:42:11.393+0200: 166519,570: [ParNew: 288702K->10581K(314560K), 0,0105890 secs] 718649K->441257K(1013632K), 0,0107260 secs] [Times: user=0,07 sys=0,00, real=0,01 secs] 
2015-08-29T13:43:10.442+0200: 166578,618: [GC2015-08-29T13:43:10.442+0200: 166578,619: [ParNew: 290197K->7406K(314560K), 0,0109600 secs] 720873K->438914K(1013632K), 0,0110900 secs] [Times: user=0,10 sys=0,00, real=0,01 secs] 
2015-08-29T13:44:09.517+0200: 166637,694: [GC2015-08-29T13:44:09.517+0200: 166637,694: [ParNew: 287022K->8534K(314560K), 0,0115560 secs] 718530K->440965K(1013632K), 0,0116780 secs] [Times: user=0,07 sys=0,00, real=0,01 secs] 
2015-08-29T13:45:08.537+0200: 166696,714: [GC2015-08-29T13:45:08.537+0200: 166696,714: [ParNew: 288150K->8585K(314560K), 0,0116930 secs] 720581K->441968K(1013632K), 0,0118080 secs] [Times: user=0,08 sys=0,00, real=0,01 secs] 
2015-08-29T13:46:07.636+0200: 166755,812: [GC2015-08-29T13:46:07.636+0200: 166755,813: [ParNew: 288201K->9584K(314560K), 0,0134540 secs] 721584K->443919K(1013632K), 0,0135670 secs] [Times: user=0,12 sys=0,00, real=0,02 secs] 
2015-08-29T13:47:06.641+0200: 166814,817: [GC2015-08-29T13:47:06.641+0200: 166814,817: [ParNew: 289200K->9781K(314560K), 0,0110340 secs] 723535K->445082K(1013632K), 0,0111570 secs] [Times: user=0,06 sys=0,00, real=0,01 secs] 
2015-08-29T13:48:05.759+0200: 166873,935: [GC2015-08-29T13:48:05.759+0200: 166873,935: [ParNew: 289397K->8394K(314560K), 0,0111600 secs] 724698K->444654K(1013632K), 0,0112650 secs] [Times: user=0,09 sys=0,00, real=0,01 secs] 
2015-08-29T13:49:04.735+0200: 166932,912: [GC2015-08-29T13:49:04.735+0200: 166932,912: [ParNew: 288010K->10039K(314560K), 0,0118570 secs] 724270K->447305K(1013632K), 0,0119680 secs] [Times: user=0,09 sys=0,00, real=0,02 secs] 
2015-08-29T13:50:03.876+0200: 166992,053: [GC2015-08-29T13:50:03.877+0200: 166992,053: [ParNew: 289655K->7785K(314560K), 0,0116350 secs] 726921K->446090K(1013632K), 0,0117570 secs] [Times: user=0,08 sys=0,00, real=0,01 secs] 
2015-08-29T13:51:02.822+0200: 167050,999: [GC2015-08-29T13:51:02.822+0200: 167050,999: [ParNew: 287401K->7807K(314560K), 0,0106940 secs] 725706K->447055K(1013632K), 0,0108140 secs] [Times: user=0,10 sys=0,00, real=0,01 secs] 
2015-08-29T13:52:02.005+0200: 167110,181: [GC2015-08-29T13:52:02.005+0200: 167110,181: [ParNew: 287423K->9560K(314560K), 0,0120390 secs] 726671K->449776K(1013632K), 0,0121410 secs] [Times: user=0,09 sys=0,00, real=0,01 secs] 
2015-08-29T13:53:00.924+0200: 167169,100: [GC2015-08-29T13:53:00.924+0200: 167169,100: [ParNew: 289176K->8775K(314560K), 0,0116700 secs] 729392K->449945K(1013632K), 0,0117860 secs] [Times: user=0,09 sys=0,00, real=0,01 secs] 
2015-08-29T13:54:00.131+0200: 167228,308: [GC2015-08-29T13:54:00.131+0200: 167228,308: [ParNew: 288391K->9610K(314560K), 0,0107740 secs] 729561K->451724K(1013632K), 0,0108950 secs] [Times: user=0,08 sys=0,00, real=0,01 secs] 
2015-08-29T13:54:59.021+0200: 167287,197: [GC2015-08-29T13:54:59.021+0200: 167287,198: [ParNew: 289226K->9773K(314560K), 0,0104450 secs] 731340K->452847K(1013632K), 0,0105660 secs] [Times: user=0,08 sys=0,00, real=0,01 secs] 
2015-08-29T13:55:58.105+0200: 167346,281: [GC2015-08-29T13:55:58.105+0200: 167346,281: [ParNew: 289389K->9915K(314560K), 0,0109900 secs] 732463K->453945K(1013632K), 0,0111130 secs] [Times: user=0,06 sys=0,01, real=0,00 secs] 
2015-08-29T13:56:57.117+0200: 167405,293: [GC2015-08-29T13:56:57.117+0200: 167405,293: [ParNew: 289531K->9287K(314560K), 0,0127760 secs] 733561K->454287K(1013632K), 0,0128900 secs] [Times: user=0,08 sys=0,00, real=0,01 secs] 
2015-08-29T13:57:56.360+0200: 167464,536: [GC2015-08-29T13:57:56.360+0200: 167464,536: [ParNew: 288903K->9404K(314560K), 0,0125510 secs] 733903K->455453K(1013632K), 0,0126650 secs] [Times: user=0,08 sys=0,00, real=0,01 secs] 
2015-08-29T13:58:55.212+0200: 167523,388: [GC2015-08-29T13:58:55.212+0200: 167523,388: [ParNew: 289020K->10199K(314560K), 0,0113880 secs] 735069K->457302K(1013632K), 0,0114970 secs] [Times: user=0,09 sys=0,00, real=0,01 secs] 
2015-08-29T13:59:54.619+0200: 167582,795: [GC2015-08-29T13:59:54.619+0200: 167582,795: [ParNew: 289815K->7053K(314560K), 0,0114920 secs] 736918K->455126K(1013632K), 0,0116000 secs] [Times: user=0,10 sys=0,00, real=0,01 secs] 
2015-08-29T14:00:53.854+0200: 167642,030: [GC2015-08-29T14:00:53.854+0200: 167642,030: [ParNew: 286669K->8129K(314560K), 0,0105910 secs] 734742K->457161K(1013632K), 0,0107180 secs] [Times: user=0,08 sys=0,00, real=0,01 secs] 
2015-08-29T14:01:52.847+0200: 167701,023: [GC2015-08-29T14:01:52.847+0200: 167701,023: [ParNew: 287745K->8838K(314560K), 0,0105660 secs] 736777K->458830K(1013632K), 0,0106820 secs] [Times: user=0,10 sys=0,00, real=0,01 secs] 
2015-08-29T14:02:52.110+0200: 167760,286: [GC2015-08-29T14:02:52.110+0200: 167760,287: [ParNew: 288454K->10419K(314560K), 0,0095360 secs] 738446K->461370K(1013632K), 0,0096330 secs] [Times: user=0,06 sys=0,00, real=0,01 secs] 
2015-08-29T14:03:51.193+0200: 167819,370: [GC2015-08-29T14:03:51.193+0200: 167819,370: [ParNew: 290035K->7999K(314560K), 0,0111520 secs] 740986K->459892K(1013632K), 0,0112750 secs] [Times: user=0,09 sys=0,00, real=0,02 secs] 
2015-08-29T14:04:50.262+0200: 167878,439: [GC2015-08-29T14:04:50.262+0200: 167878,439: [ParNew: 287615K->9049K(314560K), 0,0113590 secs] 739508K->461894K(1013632K), 0,0114770 secs] [Times: user=0,09 sys=0,00, real=0,01 secs] 
2015-08-29T14:05:49.319+0200: 167937,495: [GC2015-08-29T14:05:49.319+0200: 167937,495: [ParNew: 288665K->10629K(314560K), 0,0116660 secs] 741510K->464487K(1013632K), 0,0117830 secs] [Times: user=0,09 sys=0,00, real=0,01 secs] 
2015-08-29T14:06:48.198+0200: 167996,375: [GC2015-08-29T14:06:48.198+0200: 167996,375: [ParNew: 290245K->8232K(314560K), 0,0101730 secs] 744103K->463146K(1013632K), 0,0102840 secs] [Times: user=0,08 sys=0,00, real=0,01 secs] 
2015-08-29T14:07:47.434+0200: 168055,611: [GC2015-08-29T14:07:47.434+0200: 168055,611: [ParNew: 287848K->8510K(314560K), 0,0147410 secs] 742762K->464387K(1013632K), 0,0148700 secs] [Times: user=0,10 sys=0,00, real=0,02 secs] 
2015-08-29T14:08:46.404+0200: 168114,581: [GC2015-08-29T14:08:46.404+0200: 168114,581: [ParNew: 288126K->9345K(314560K), 0,0096740 secs] 744003K->466189K(1013632K), 0,0097870 secs] [Times: user=0,08 sys=0,00, real=0,01 secs] 
2015-08-29T14:09:45.563+0200: 168173,739: [GC2015-08-29T14:09:45.563+0200: 168173,739: [ParNew: 288961K->8737K(314560K), 0,0111480 secs] 745805K->466539K(1013632K), 0,0112650 secs] [Times: user=0,10 sys=0,00, real=0,01 secs] 
2015-08-29T14:10:44.829+0200: 168233,005: [GC2015-08-29T14:10:44.829+0200: 168233,005: [ParNew: 288353K->8860K(314560K), 0,0126660 secs] 746155K->467601K(1013632K), 0,0127790 secs] [Times: user=0,08 sys=0,00, real=0,01 secs] 
2015-08-29T14:11:43.763+0200: 168291,940: [GC2015-08-29T14:11:43.763+0200: 168291,940: [ParNew: 288476K->9022K(314560K), 0,0106660 secs] 747217K->468724K(1013632K), 0,0107900 secs] [Times: user=0,09 sys=0,00, real=0,01 secs] 
2015-08-29T14:12:42.844+0200: 168351,021: [GC2015-08-29T14:12:42.845+0200: 168351,021: [ParNew: 288638K->9144K(314560K), 0,0113350 secs] 748340K->469806K(1013632K), 0,0114670 secs] [Times: user=0,08 sys=0,00, real=0,00 secs] 
2015-08-29T14:13:41.852+0200: 168410,028: [GC2015-08-29T14:13:41.852+0200: 168410,028: [ParNew: 288760K->9267K(314560K), 0,0110980 secs] 749422K->470912K(1013632K), 0,0112070 secs] [Times: user=0,09 sys=0,00, real=0,01 secs] 
2015-08-29T14:14:41.041+0200: 168469,217: [GC2015-08-29T14:14:41.041+0200: 168469,217: [ParNew: 288883K->10914K(314560K), 0,0130180 secs] 750528K->473604K(1013632K), 0,0131280 secs] [Times: user=0,08 sys=0,00, real=0,01 secs] 
2015-08-29T14:15:39.953+0200: 168528,129: [GC2015-08-29T14:15:39.953+0200: 168528,129: [ParNew: 290530K->7809K(314560K), 0,0103900 secs] 753220K->471543K(1013632K), 0,0104950 secs] [Times: user=0,08 sys=0,00, real=0,01 secs] 
2015-08-29T14:16:38.952+0200: 168587,128: [GC2015-08-29T14:16:38.952+0200: 168587,128: [ParNew: 287425K->9214K(314560K), 0,0105180 secs] 751159K->473918K(1013632K), 0,0106190 secs] [Times: user=0,10 sys=0,00, real=0,01 secs] 
2015-08-29T14:17:38.022+0200: 168646,198: [GC2015-08-29T14:17:38.022+0200: 168646,198: [ParNew: 288830K->9363K(314560K), 0,0122500 secs] 753534K->475015K(1013632K), 0,0123560 secs] [Times: user=0,07 sys=0,00, real=0,01 secs] 
2015-08-29T14:18:37.094+0200: 168705,271: [GC2015-08-29T14:18:37.094+0200: 168705,271: [ParNew: 288979K->8784K(314560K), 0,0119630 secs] 754631K->475394K(1013632K), 0,0120870 secs] [Times: user=0,08 sys=0,00, real=0,02 secs] 
2015-08-29T14:19:36.129+0200: 168764,306: [GC2015-08-29T14:19:36.129+0200: 168764,306: [ParNew: 288400K->9681K(314560K), 0,0102110 secs] 755010K->477237K(1013632K), 0,0103310 secs] [Times: user=0,06 sys=0,00, real=0,01 secs] 
2015-08-29T14:20:35.114+0200: 168823,291: [GC2015-08-29T14:20:35.115+0200: 168823,291: [ParNew: 289297K->9086K(314560K), 0,0118880 secs] 756853K->477596K(1013632K), 0,0120040 secs] [Times: user=0,08 sys=0,00, real=0,02 secs] 
2015-08-29T14:21:34.214+0200: 168882,391: [GC2015-08-29T14:21:34.215+0200: 168882,391: [ParNew: 288702K->9980K(314560K), 0,0111810 secs] 757212K->479450K(1013632K), 0,0113050 secs] [Times: user=0,09 sys=0,00, real=0,02 secs] 
2015-08-29T14:22:33.105+0200: 168941,281: [GC2015-08-29T14:22:33.105+0200: 168941,282: [ParNew: 289596K->10126K(314560K), 0,0121100 secs] 759066K->480617K(1013632K), 0,0122220 secs] [Times: user=0,09 sys=0,00, real=0,01 secs] 
2015-08-29T14:23:32.303+0200: 169000,480: [GC2015-08-29T14:23:32.303+0200: 169000,480: [ParNew: 289742K->9423K(314560K), 0,0112160 secs] 760233K->480961K(1013632K), 0,0113300 secs] [Times: user=0,10 sys=0,00, real=0,01 secs] 
2015-08-29T14:24:31.644+0200: 169059,820: [GC2015-08-29T14:24:31.644+0200: 169059,820: [ParNew: 289039K->7871K(314560K), 0,0113000 secs] 760577K->480385K(1013632K), 0,0114190 secs] [Times: user=0,09 sys=0,00, real=0,01 secs] 
2015-08-29T14:25:30.878+0200: 169119,055: [GC2015-08-29T14:25:30.878+0200: 169119,055: [ParNew: 287487K->9613K(314560K), 0,0126500 secs] 760001K->483087K(1013632K), 0,0127620 secs] [Times: user=0,08 sys=0,00, real=0,01 secs] 
2015-08-29T14:26:29.735+0200: 169177,911: [GC2015-08-29T14:26:29.735+0200: 169177,911: [ParNew: 289229K->9555K(314560K), 0,0109150 secs] 762703K->483976K(1013632K), 0,0110290 secs] [Times: user=0,09 sys=0,00, real=0,02 secs] 
2015-08-29T14:27:28.494+0200: 169236,670: [GC2015-08-29T14:27:28.494+0200: 169236,670: [ParNew: 289171K->10400K(314560K), 0,0114880 secs] 763592K->485788K(1013632K), 0,0116120 secs] [Times: user=0,09 sys=0,00, real=0,02 secs] 
2015-08-29T14:28:27.350+0200: 169295,527: [GC2015-08-29T14:28:27.350+0200: 169295,527: [ParNew: 290016K->9002K(314560K), 0,0114300 secs] 765404K->485358K(1013632K), 0,0115560 secs] [Times: user=0,09 sys=0,00, real=0,01 secs] 
2015-08-29T14:29:26.512+0200: 169354,688: [GC2015-08-29T14:29:26.512+0200: 169354,688: [ParNew: 288618K->8059K(314560K), 0,0125400 secs] 764974K->485377K(1013632K), 0,0126580 secs] [Times: user=0,10 sys=0,00, real=0,02 secs] 
2015-08-29T14:30:25.258+0200: 169413,434: [GC2015-08-29T14:30:25.258+0200: 169413,434: [ParNew: 287675K->10687K(314560K), 0,0132190 secs] 764993K->488983K(1013632K), 0,0133330 secs] [Times: user=0,08 sys=0,00, real=0,01 secs] 
2015-08-29T14:31:23.824+0200: 169472,000: [GC2015-08-29T14:31:23.824+0200: 169472,000: [ParNew: 290303K->7508K(314560K), 0,0112590 secs] 768599K->486847K(1013632K), 0,0113820 secs] [Times: user=0,10 sys=0,00, real=0,01 secs] 
2015-08-29T14:32:22.625+0200: 169530,801: [GC2015-08-29T14:32:22.625+0200: 169530,802: [ParNew: 287124K->5686K(314560K), 0,0100230 secs] 766463K->486072K(1013632K), 0,0101410 secs] [Times: user=0,08 sys=0,00, real=0,00 secs] 
2015-08-29T14:33:21.443+0200: 169589,620: [GC2015-08-29T14:33:21.443+0200: 169589,620: [ParNew: 285302K->4670K(314560K), 0,0082710 secs] 765688K->486120K(1013632K), 0,0083840 secs] [Times: user=0,06 sys=0,00, real=0,01 secs] 
2015-08-29T14:34:20.505+0200: 169648,682: [GC2015-08-29T14:34:20.505+0200: 169648,682: [ParNew: 284286K->3881K(314560K), 0,0076000 secs] 765736K->485921K(1013632K), 0,0077150 secs] [Times: user=0,06 sys=0,00, real=0,00 secs] 
2015-08-29T14:35:19.568+0200: 169707,744: [GC2015-08-29T14:35:19.568+0200: 169707,744: [ParNew: 283497K->4649K(314560K), 0,0073820 secs] 765537K->487193K(1013632K), 0,0075050 secs] [Times: user=0,06 sys=0,00, real=0,00 secs] 
2015-08-29T14:36:18.626+0200: 169766,803: [GC2015-08-29T14:36:18.626+0200: 169766,803: [ParNew: 284265K->4972K(314560K), 0,0067450 secs] 766809K->488041K(1013632K), 0,0068770 secs] [Times: user=0,05 sys=0,00, real=0,00 secs] 
2015-08-29T14:37:17.689+0200: 169825,865: [GC2015-08-29T14:37:17.689+0200: 169825,865: [ParNew: 284588K->4640K(314560K), 0,0074600 secs] 767657K->488285K(1013632K), 0,0076110 secs] [Times: user=0,04 sys=0,01, real=0,01 secs] 
2015-08-29T14:38:16.749+0200: 169884,926: [GC2015-08-29T14:38:16.749+0200: 169884,926: [ParNew: 284256K->5338K(314560K), 0,0070370 secs] 767901K->489111K(1013632K), 0,0071440 secs] [Times: user=0,03 sys=0,00, real=0,01 secs] 
2015-08-29T14:39:15.512+0200: 169943,688: [GC2015-08-29T14:39:15.512+0200: 169943,689: [ParNew: 284954K->7974K(314560K), 0,0084050 secs] 768727K->492052K(1013632K), 0,0085240 secs] [Times: user=0,07 sys=0,00, real=0,01 secs] 
2015-08-29T14:40:14.362+0200: 170002,538: [GC2015-08-29T14:40:14.362+0200: 170002,538: [ParNew: 287590K->7620K(314560K), 0,0087430 secs] 771668K->492287K(1013632K), 0,0088610 secs] [Times: user=0,06 sys=0,00, real=0,01 secs] 
2015-08-29T14:41:13.424+0200: 170061,600: [GC2015-08-29T14:41:13.424+0200: 170061,600: [ParNew: 287236K->7784K(314560K), 0,0093390 secs] 771903K->492998K(1013632K), 0,0094380 secs] [Times: user=0,08 sys=0,00, real=0,01 secs] 
2015-08-29T14:42:12.487+0200: 170120,664: [GC2015-08-29T14:42:12.487+0200: 170120,664: [ParNew: 287400K->9177K(314560K), 0,0109360 secs] 772614K->495032K(1013632K), 0,0110480 secs] [Times: user=0,07 sys=0,00, real=0,01 secs] 
2015-08-29T14:43:11.555+0200: 170179,731: [GC2015-08-29T14:43:11.555+0200: 170179,731: [ParNew: 288793K->8995K(314560K), 0,0103610 secs] 774648K->495687K(1013632K), 0,0104770 secs] [Times: user=0,10 sys=0,00, real=0,02 secs] 
2015-08-29T14:44:10.622+0200: 170238,799: [GC2015-08-29T14:44:10.622+0200: 170238,799: [ParNew: 288611K->8628K(314560K), 0,0107710 secs] 775303K->496249K(1013632K), 0,0108880 secs] [Times: user=0,09 sys=0,00, real=0,01 secs] 
2015-08-29T14:45:09.687+0200: 170297,863: [GC2015-08-29T14:45:09.687+0200: 170297,863: [ParNew: 288244K->8829K(314560K), 0,0110490 secs] 775865K->497375K(1013632K), 0,0111810 secs] [Times: user=0,10 sys=0,00, real=0,01 secs] 
2015-08-29T14:46:08.754+0200: 170356,931: [GC2015-08-29T14:46:08.754+0200: 170356,931: [ParNew: 288445K->8975K(314560K), 0,0110110 secs] 776991K->498456K(1013632K), 0,0111220 secs] [Times: user=0,10 sys=0,00, real=0,02 secs] 
2015-08-29T14:47:08.001+0200: 170416,177: [GC2015-08-29T14:47:08.001+0200: 170416,177: [ParNew: 288591K->10643K(314560K), 0,0202670 secs] 778072K->501097K(1013632K), 0,0203850 secs] [Times: user=0,08 sys=0,00, real=0,02 secs] 
2015-08-29T14:48:07.244+0200: 170475,421: [GC2015-08-29T14:48:07.244+0200: 170475,421: [ParNew: 290259K->7690K(314560K), 0,0121090 secs] 780713K->499163K(1013632K), 0,0122380 secs] [Times: user=0,07 sys=0,01, real=0,01 secs] 
2015-08-29T14:49:06.427+0200: 170534,603: [GC2015-08-29T14:49:06.427+0200: 170534,604: [ParNew: 287306K->9829K(314560K), 0,0117890 secs] 778779K->502335K(1013632K), 0,0119040 secs] [Times: user=0,09 sys=0,00, real=0,01 secs] 
2015-08-29T14:50:05.421+0200: 170593,597: [GC2015-08-29T14:50:05.421+0200: 170593,597: [ParNew: 289445K->9089K(314560K), 0,0112420 secs] 781951K->502543K(1013632K), 0,0113580 secs] [Times: user=0,06 sys=0,01, real=0,01 secs] 
2015-08-29T14:51:04.549+0200: 170652,725: [GC2015-08-29T14:51:04.549+0200: 170652,725: [ParNew: 288705K->8754K(314560K), 0,0123090 secs] 782159K->503133K(1013632K), 0,0124340 secs] [Times: user=0,06 sys=0,01, real=0,01 secs] 
2015-08-29T14:52:03.521+0200: 170711,698: [GC2015-08-29T14:52:03.521+0200: 170711,698: [ParNew: 288370K->10251K(314560K), 0,0114360 secs] 782749K->505581K(1013632K), 0,0115560 secs] [Times: user=0,08 sys=0,00, real=0,01 secs] 
2015-08-29T14:53:02.672+0200: 170770,848: [GC2015-08-29T14:53:02.672+0200: 170770,848: [ParNew: 289867K->7849K(314560K), 0,0114140 secs] 785197K->504144K(1013632K), 0,0115480 secs] [Times: user=0,09 sys=0,00, real=0,01 secs] 
2015-08-29T14:54:01.616+0200: 170829,792: [GC2015-08-29T14:54:01.616+0200: 170829,792: [ParNew: 287465K->8131K(314560K), 0,0125750 secs] 783760K->505369K(1013632K), 0,0126900 secs] [Times: user=0,09 sys=0,00, real=0,02 secs] 
2015-08-29T14:55:00.792+0200: 170888,968: [GC2015-08-29T14:55:00.792+0200: 170888,968: [ParNew: 287747K->8894K(314560K), 0,0113140 secs] 784985K->507075K(1013632K), 0,0114310 secs] [Times: user=0,09 sys=0,00, real=0,01 secs] 
2015-08-29T14:55:59.703+0200: 170947,880: [GC2015-08-29T14:55:59.703+0200: 170947,880: [ParNew: 288510K->9929K(314560K), 0,0125840 secs] 786691K->509131K(1013632K), 0,0127050 secs] [Times: user=0,09 sys=0,00, real=0,01 secs] 
2015-08-29T14:56:58.914+0200: 171007,090: [GC2015-08-29T14:56:58.914+0200: 171007,090: [ParNew: 289545K->10029K(314560K), 0,0150840 secs] 788747K->510266K(1013632K), 0,0152030 secs] [Times: user=0,12 sys=0,00, real=0,02 secs] 
2015-08-29T14:57:57.794+0200: 171065,970: [GC2015-08-29T14:57:57.794+0200: 171065,970: [ParNew: 289645K->6959K(314560K), 0,0109520 secs] 789882K->508140K(1013632K), 0,0110670 secs] [Times: user=0,08 sys=0,00, real=0,02 secs] 
2015-08-29T14:58:57.041+0200: 171125,217: [GC2015-08-29T14:58:57.041+0200: 171125,218: [ParNew: 286575K->8763K(314560K), 0,0115640 secs] 787756K->510876K(1013632K), 0,0117130 secs] [Times: user=0,08 sys=0,00, real=0,01 secs] 
2015-08-29T14:59:55.887+0200: 171184,064: [GC2015-08-29T14:59:55.887+0200: 171184,064: [ParNew: 288379K->9483K(314560K), 0,0106850 secs] 790492K->512553K(1013632K), 0,0107960 secs] [Times: user=0,09 sys=0,00, real=0,01 secs] 
2015-08-29T15:00:55.154+0200: 171243,330: [GC2015-08-29T15:00:55.154+0200: 171243,331: [ParNew: 289099K->9571K(314560K), 0,0123280 secs] 792169K->513570K(1013632K), 0,0124440 secs] [Times: user=0,08 sys=0,00, real=0,02 secs] 
2015-08-29T15:01:53.980+0200: 171302,157: [GC2015-08-29T15:01:53.980+0200: 171302,157: [ParNew: 289187K->9744K(314560K), 0,0120550 secs] 793186K->514699K(1013632K), 0,0121720 secs] [Times: user=0,08 sys=0,00, real=0,01 secs] 
2015-08-29T15:02:52.844+0200: 171361,021: [GC2015-08-29T15:02:52.844+0200: 171361,021: [ParNew: 289360K->9102K(314560K), 0,0106300 secs] 794315K->515000K(1013632K), 0,0107350 secs] [Times: user=0,08 sys=0,00, real=0,00 secs] 
2015-08-29T15:03:52.077+0200: 171420,254: [GC2015-08-29T15:03:52.077+0200: 171420,254: [ParNew: 288718K->10005K(314560K), 0,0100430 secs] 794616K->516901K(1013632K), 0,0101390 secs] [Times: user=0,07 sys=0,00, real=0,01 secs] 
2015-08-29T15:04:51.385+0200: 171479,562: [GC2015-08-29T15:04:51.385+0200: 171479,562: [ParNew: 289621K->8526K(314560K), 0,0108080 secs] 796517K->516465K(1013632K), 0,0109410 secs] [Times: user=0,08 sys=0,00, real=0,00 secs] 
2015-08-29T15:05:50.175+0200: 171538,352: [GC2015-08-29T15:05:50.175+0200: 171538,352: [ParNew: 288142K->10872K(314560K), 0,0124930 secs] 796081K->519846K(1013632K), 0,0126070 secs] [Times: user=0,08 sys=0,00, real=0,02 secs] 
2015-08-29T15:06:49.445+0200: 171597,621: [GC2015-08-29T15:06:49.445+0200: 171597,621: [ParNew: 290488K->7279K(314560K), 0,0105770 secs] 799462K->517219K(1013632K), 0,0106970 secs] [Times: user=0,08 sys=0,00, real=0,00 secs] 
2015-08-29T15:07:48.198+0200: 171656,375: [GC2015-08-29T15:07:48.198+0200: 171656,375: [ParNew: 286895K->8609K(314560K), 0,0108090 secs] 796835K->519481K(1013632K), 0,0109240 secs] [Times: user=0,10 sys=0,00, real=0,01 secs] 
2015-08-29T15:08:47.112+0200: 171715,289: [GC2015-08-29T15:08:47.113+0200: 171715,289: [ParNew: 288225K->9306K(314560K), 0,0116170 secs] 799097K->521130K(1013632K), 0,0117380 secs] [Times: user=0,07 sys=0,01, real=0,01 secs] 
2015-08-29T15:09:46.079+0200: 171774,255: [GC2015-08-29T15:09:46.079+0200: 171774,255: [ParNew: 288922K->8840K(314560K), 0,0096900 secs] 800746K->521604K(1013632K), 0,0098020 secs] [Times: user=0,08 sys=0,00, real=0,01 secs] 
2015-08-29T15:10:45.246+0200: 171833,423: [GC2015-08-29T15:10:45.246+0200: 171833,423: [ParNew: 288456K->10515K(314560K), 0,0118510 secs] 801220K->524232K(1013632K), 0,0119740 secs] [Times: user=0,08 sys=0,00, real=0,01 secs] 
2015-08-29T15:11:44.427+0200: 171892,604: [GC2015-08-29T15:11:44.427+0200: 171892,604: [ParNew: 290131K->8077K(314560K), 0,0107100 secs] 803848K->522734K(1013632K), 0,0108270 secs] [Times: user=0,09 sys=0,00, real=0,01 secs] 
2015-08-29T15:12:43.845+0200: 171952,022: [GC2015-08-29T15:12:43.845+0200: 171952,022: [ParNew: 287693K->9816K(314560K), 0,0116450 secs] 802350K->525517K(1013632K), 0,0117580 secs] [Times: user=0,07 sys=0,00, real=0,01 secs] 
2015-08-29T15:13:42.928+0200: 172011,105: [GC2015-08-29T15:13:42.928+0200: 172011,105: [ParNew: 289432K->10621K(314560K), 0,0126330 secs] 805133K->527359K(1013632K), 0,0127590 secs] [Times: user=0,07 sys=0,01, real=0,01 secs] 
2015-08-29T15:14:42.003+0200: 172070,179: [GC2015-08-29T15:14:42.003+0200: 172070,179: [ParNew: 290237K->7714K(314560K), 0,0233510 secs] 806975K->525397K(1013632K), 0,0234480 secs] [Times: user=0,12 sys=0,00, real=0,03 secs] 
2015-08-29T15:15:41.082+0200: 172129,258: [GC2015-08-29T15:15:41.082+0200: 172129,258: [ParNew: 287330K->9273K(314560K), 0,0129840 secs] 805013K->527909K(1013632K), 0,0130950 secs] [Times: user=0,08 sys=0,00, real=0,01 secs] 
2015-08-29T15:16:40.149+0200: 172188,325: [GC2015-08-29T15:16:40.149+0200: 172188,325: [ParNew: 288889K->9291K(314560K), 0,0105040 secs] 807525K->528876K(1013632K), 0,0106240 secs] [Times: user=0,08 sys=0,00, real=0,01 secs] 
2015-08-29T15:17:39.383+0200: 172247,560: [GC2015-08-29T15:17:39.383+0200: 172247,560: [ParNew: 288907K->10312K(314560K), 0,0149610 secs] 808492K->530834K(1013632K), 0,0150810 secs] [Times: user=0,09 sys=0,00, real=0,02 secs] 
2015-08-29T15:18:38.199+0200: 172306,375: [GC2015-08-29T15:18:38.199+0200: 172306,376: [ParNew: 289928K->7961K(314560K), 0,0128250 secs] 810450K->529449K(1013632K), 0,0129540 secs] [Times: user=0,08 sys=0,00, real=0,01 secs] 
2015-08-29T15:19:37.321+0200: 172365,498: [GC2015-08-29T15:19:37.321+0200: 172365,498: [ParNew: 287577K->8979K(314560K), 0,0114490 secs] 809065K->531429K(1013632K), 0,0115650 secs] [Times: user=0,08 sys=0,00, real=0,01 secs] 
2015-08-29T15:20:36.393+0200: 172424,569: [GC2015-08-29T15:20:36.393+0200: 172424,569: [ParNew: 288595K->9041K(314560K), 0,0115120 secs] 811045K->532496K(1013632K), 0,0116560 secs] [Times: user=0,08 sys=0,00, real=0,02 secs] 
2015-08-29T15:21:35.464+0200: 172483,641: [GC2015-08-29T15:21:35.464+0200: 172483,641: [ParNew: 288657K->9275K(314560K), 0,0116020 secs] 812112K->533765K(1013632K), 0,0117160 secs] [Times: user=0,08 sys=0,00, real=0,01 secs] 
2015-08-29T15:22:34.532+0200: 172542,709: [GC2015-08-29T15:22:34.532+0200: 172542,709: [ParNew: 288891K->7026K(314560K), 0,0102900 secs] 813381K->532472K(1013632K), 0,0104030 secs] [Times: user=0,09 sys=0,00, real=0,01 secs] 
2015-08-29T15:23:33.597+0200: 172601,774: [GC2015-08-29T15:23:33.597+0200: 172601,774: [ParNew: 286642K->8816K(314560K), 0,0114480 secs] 812088K->535224K(1013632K), 0,0115620 secs] [Times: user=0,07 sys=0,00, real=0,01 secs] 
2015-08-29T15:24:32.669+0200: 172660,845: [GC2015-08-29T15:24:32.669+0200: 172660,845: [ParNew: 288432K->9492K(314560K), 0,0116180 secs] 814840K->536840K(1013632K), 0,0117500 secs] [Times: user=0,06 sys=0,01, real=0,01 secs] 
2015-08-29T15:25:31.737+0200: 172719,913: [GC2015-08-29T15:25:31.737+0200: 172719,913: [ParNew: 289108K->8861K(314560K), 0,0115800 secs] 816456K->537162K(1013632K), 0,0117010 secs] [Times: user=0,08 sys=0,00, real=0,01 secs] 
2015-08-29T15:26:31.004+0200: 172779,181: [GC2015-08-29T15:26:31.004+0200: 172779,181: [ParNew: 288477K->10482K(314560K), 0,0142970 secs] 816778K->539739K(1013632K), 0,0144150 secs] [Times: user=0,08 sys=0,00, real=0,01 secs] 
2015-08-29T15:27:29.446+0200: 172837,622: [GC2015-08-29T15:27:29.446+0200: 172837,622: [ParNew: 290098K->9005K(314560K), 0,0123590 secs] 819355K->539236K(1013632K), 0,0124920 secs] [Times: user=0,09 sys=0,00, real=0,01 secs] 
2015-08-29T15:28:28.137+0200: 172896,314: [GC2015-08-29T15:28:28.138+0200: 172896,314: [ParNew: 288621K->10709K(314560K), 0,0105000 secs] 818852K->541900K(1013632K), 0,0106060 secs] [Times: user=0,08 sys=0,00, real=0,01 secs] 
2015-08-29T15:29:27.465+0200: 172955,642: [GC2015-08-29T15:29:27.465+0200: 172955,642: [ParNew: 290325K->8884K(314560K), 0,0106920 secs] 821516K->541119K(1013632K), 0,0108090 secs] [Times: user=0,08 sys=0,00, real=0,00 secs] 
2015-08-29T15:30:26.534+0200: 173014,711: [GC2015-08-29T15:30:26.534+0200: 173014,711: [ParNew: 288500K->10014K(314560K), 0,0128470 secs] 820735K->543291K(1013632K), 0,0129640 secs] [Times: user=0,08 sys=0,00, real=0,02 secs] 
2015-08-29T15:31:25.100+0200: 173073,276: [GC2015-08-29T15:31:25.100+0200: 173073,276: [ParNew: 289630K->6584K(314560K), 0,0105470 secs] 822907K->540814K(1013632K), 0,0106630 secs] [Times: user=0,09 sys=0,00, real=0,01 secs] 
2015-08-29T15:32:24.170+0200: 173132,347: [GC2015-08-29T15:32:24.170+0200: 173132,347: [ParNew: 286200K->6468K(314560K), 0,0085080 secs] 820430K->541669K(1013632K), 0,0086190 secs] [Times: user=0,06 sys=0,00, real=0,01 secs] 
2015-08-29T15:33:23.105+0200: 173191,281: [GC2015-08-29T15:33:23.105+0200: 173191,281: [ParNew: 286084K->5353K(314560K), 0,0102210 secs] 821285K->541613K(1013632K), 0,0103390 secs] [Times: user=0,06 sys=0,00, real=0,00 secs] 
2015-08-29T15:34:22.403+0200: 173250,579: [GC2015-08-29T15:34:22.403+0200: 173250,579: [ParNew: 284969K->4242K(314560K), 0,0053730 secs] 821229K->541090K(1013632K), 0,0054950 secs] [Times: user=0,03 sys=0,00, real=0,01 secs] 
2015-08-29T15:35:21.405+0200: 173309,581: [GC2015-08-29T15:35:21.405+0200: 173309,581: [ParNew: 283858K->4539K(314560K), 0,0084000 secs] 820706K->541885K(1013632K), 0,0085180 secs] [Times: user=0,06 sys=0,00, real=0,00 secs] 
2015-08-29T15:36:20.603+0200: 173368,779: [GC2015-08-29T15:36:20.603+0200: 173368,780: [ParNew: 284155K->4097K(314560K), 0,0075170 secs] 821501K->541952K(1013632K), 0,0076440 secs] [Times: user=0,06 sys=0,00, real=0,01 secs] 
2015-08-29T15:37:19.455+0200: 173427,632: [GC2015-08-29T15:37:19.455+0200: 173427,632: [ParNew: 283713K->4263K(314560K), 0,0086240 secs] 821568K->542740K(1013632K), 0,0087300 secs] [Times: user=0,06 sys=0,00, real=0,01 secs] 
2015-08-29T15:38:18.700+0200: 173486,877: [GC2015-08-29T15:38:18.700+0200: 173486,877: [ParNew: 283879K->6106K(314560K), 0,0077680 secs] 822356K->544782K(1013632K), 0,0078940 secs] [Times: user=0,03 sys=0,01, real=0,01 secs] 
2015-08-29T15:39:17.579+0200: 173545,756: [GC2015-08-29T15:39:17.579+0200: 173545,756: [ParNew: 285722K->6812K(314560K), 0,0080300 secs] 824398K->545680K(1013632K), 0,0081490 secs] [Times: user=0,05 sys=0,00, real=0,01 secs] 
2015-08-29T15:40:16.954+0200: 173605,131: [GC2015-08-29T15:40:16.954+0200: 173605,131: [ParNew: 286428K->8418K(314560K), 0,0082120 secs] 825296K->547716K(1013632K), 0,0083200 secs] [Times: user=0,07 sys=0,00, real=0,01 secs] 
2015-08-29T15:41:16.186+0200: 173664,363: [GC2015-08-29T15:41:16.186+0200: 173664,363: [ParNew: 288034K->7237K(314560K), 0,0090680 secs] 827332K->547079K(1013632K), 0,0091860 secs] [Times: user=0,06 sys=0,00, real=0,00 secs] 
2015-08-29T15:42:15.154+0200: 173723,331: [GC2015-08-29T15:42:15.154+0200: 173723,331: [ParNew: 286853K->8930K(314560K), 0,0095070 secs] 826695K->549411K(1013632K), 0,0096520 secs] [Times: user=0,06 sys=0,00, real=0,01 secs] 
2015-08-29T15:43:14.009+0200: 173782,185: [GC2015-08-29T15:43:14.009+0200: 173782,185: [ParNew: 288546K->8300K(314560K), 0,0229530 secs] 829027K->549604K(1013632K), 0,0230500 secs] [Times: user=0,12 sys=0,00, real=0,02 secs] 
2015-08-29T15:44:13.061+0200: 173841,238: [GC2015-08-29T15:44:13.061+0200: 173841,238: [ParNew: 287916K->8823K(314560K), 0,0105780 secs] 829220K->551039K(1013632K), 0,0106930 secs] [Times: user=0,07 sys=0,01, real=0,01 secs] 
2015-08-29T15:45:11.836+0200: 173900,013: [GC2015-08-29T15:45:11.836+0200: 173900,013: [ParNew: 288439K->9093K(314560K), 0,0113120 secs] 830655K->552233K(1013632K), 0,0114300 secs] [Times: user=0,09 sys=0,00, real=0,02 secs] 
2015-08-29T15:46:10.873+0200: 173959,049: [GC2015-08-29T15:46:10.873+0200: 173959,049: [ParNew: 288709K->10048K(314560K), 0,0121720 secs] 831849K->554228K(1013632K), 0,0122900 secs] [Times: user=0,08 sys=0,00, real=0,02 secs] 
2015-08-29T15:47:09.728+0200: 174017,904: [GC2015-08-29T15:47:09.728+0200: 174017,905: [ParNew: 289664K->9331K(314560K), 0,0112130 secs] 833844K->554538K(1013632K), 0,0113350 secs] [Times: user=0,09 sys=0,00, real=0,01 secs] 
2015-08-29T15:48:08.483+0200: 174076,660: [GC2015-08-29T15:48:08.483+0200: 174076,660: [ParNew: 288947K->8566K(314560K), 0,0117760 secs] 834154K->554734K(1013632K), 0,0118940 secs] [Times: user=0,09 sys=0,00, real=0,01 secs] 
2015-08-29T15:49:07.646+0200: 174135,823: [GC2015-08-29T15:49:07.646+0200: 174135,823: [ParNew: 288182K->8092K(314560K), 0,0110020 secs] 834350K->555207K(1013632K), 0,0111290 secs] [Times: user=0,09 sys=0,00, real=0,01 secs] 
2015-08-29T15:50:06.709+0200: 174194,885: [GC2015-08-29T15:50:06.709+0200: 174194,885: [ParNew: 287708K->9544K(314560K), 0,0129300 secs] 834823K->557612K(1013632K), 0,0130470 secs] [Times: user=0,10 sys=0,00, real=0,01 secs] 
2015-08-29T15:51:05.774+0200: 174253,950: [GC2015-08-29T15:51:05.774+0200: 174253,950: [ParNew: 289160K->8167K(314560K), 0,0119850 secs] 837228K->557179K(1013632K), 0,0120990 secs] [Times: user=0,09 sys=0,00, real=0,02 secs] 
2015-08-29T15:52:04.846+0200: 174313,023: [GC2015-08-29T15:52:04.847+0200: 174313,023: [ParNew: 287783K->9792K(314560K), 0,0111590 secs] 836795K->559764K(1013632K), 0,0112760 secs] [Times: user=0,10 sys=0,00, real=0,01 secs] 
2015-08-29T15:53:03.914+0200: 174372,091: [GC2015-08-29T15:53:03.914+0200: 174372,091: [ParNew: 289408K->9904K(314560K), 0,0117720 secs] 839380K->560814K(1013632K), 0,0118860 secs] [Times: user=0,09 sys=0,00, real=0,02 secs] 
2015-08-29T15:54:02.978+0200: 174431,155: [GC2015-08-29T15:54:02.979+0200: 174431,155: [ParNew: 289520K->9284K(314560K), 0,0113290 secs] 840430K->561208K(1013632K), 0,0114450 secs] [Times: user=0,10 sys=0,00, real=0,01 secs] 
2015-08-29T15:55:02.049+0200: 174490,225: [GC2015-08-29T15:55:02.049+0200: 174490,225: [ParNew: 288900K->8569K(314560K), 0,0120650 secs] 840824K->561545K(1013632K), 0,0121740 secs] [Times: user=0,07 sys=0,00, real=0,01 secs] 
2015-08-29T15:56:01.121+0200: 174549,297: [GC2015-08-29T15:56:01.121+0200: 174549,298: [ParNew: 288185K->10154K(314560K), 0,0115510 secs] 841161K->564089K(1013632K), 0,0116640 secs] [Times: user=0,06 sys=0,01, real=0,01 secs] 
2015-08-29T15:57:00.193+0200: 174608,369: [GC2015-08-29T15:57:00.193+0200: 174608,369: [ParNew: 289770K->7895K(314560K), 0,0110570 secs] 843705K->562782K(1013632K), 0,0111710 secs] [Times: user=0,07 sys=0,00, real=0,01 secs] 
2015-08-29T15:57:59.261+0200: 174667,437: [GC2015-08-29T15:57:59.261+0200: 174667,437: [ParNew: 287511K->9268K(314560K), 0,0118280 secs] 842398K->565093K(1013632K), 0,0119530 secs] [Times: user=0,08 sys=0,00, real=0,01 secs] 
2015-08-29T15:58:58.105+0200: 174726,281: [GC2015-08-29T15:58:58.105+0200: 174726,281: [ParNew: 288884K->8651K(314560K), 0,0106090 secs] 844709K->565432K(1013632K), 0,0107340 secs] [Times: user=0,06 sys=0,00, real=0,00 secs] 
2015-08-29T15:59:56.886+0200: 174785,062: [GC2015-08-29T15:59:56.886+0200: 174785,062: [ParNew: 288267K->8921K(314560K), 0,0114430 secs] 845048K->566656K(1013632K), 0,0115690 secs] [Times: user=0,08 sys=0,00, real=0,01 secs] 
2015-08-29T16:00:55.956+0200: 174844,133: [GC2015-08-29T16:00:55.956+0200: 174844,133: [ParNew: 288537K->10598K(314560K), 0,0113140 secs] 846272K->569303K(1013632K), 0,0114300 secs] [Times: user=0,09 sys=0,00, real=0,02 secs] 
2015-08-29T16:01:55.027+0200: 174903,204: [GC2015-08-29T16:01:55.027+0200: 174903,204: [ParNew: 290214K->8131K(314560K), 0,0156350 secs] 848919K->567798K(1013632K), 0,0157590 secs] [Times: user=0,12 sys=0,00, real=0,01 secs] 
2015-08-29T16:02:53.802+0200: 174961,979: [GC2015-08-29T16:02:53.802+0200: 174961,979: [ParNew: 287747K->10574K(314560K), 0,0118680 secs] 847414K->571278K(1013632K), 0,0119910 secs] [Times: user=0,10 sys=0,00, real=0,01 secs] 
2015-08-29T16:03:52.657+0200: 175020,833: [GC2015-08-29T16:03:52.657+0200: 175020,833: [ParNew: 290190K->7983K(314560K), 0,0117570 secs] 850894K->569730K(1013632K), 0,0118750 secs] [Times: user=0,09 sys=0,00, real=0,01 secs] 
2015-08-29T16:04:51.727+0200: 175079,904: [GC2015-08-29T16:04:51.727+0200: 175079,904: [ParNew: 287599K->9159K(314560K), 0,0112060 secs] 849346K->571860K(1013632K), 0,0113220 secs] [Times: user=0,09 sys=0,00, real=0,01 secs] 
2015-08-29T16:05:50.749+0200: 175138,926: [GC2015-08-29T16:05:50.749+0200: 175138,926: [ParNew: 288775K->8642K(314560K), 0,0108620 secs] 851476K->572296K(1013632K), 0,0109930 secs] [Times: user=0,08 sys=0,00, real=0,01 secs] 
2015-08-29T16:06:50.003+0200: 175198,179: [GC2015-08-29T16:06:50.003+0200: 175198,179: [ParNew: 288258K->10240K(314560K), 0,0157230 secs] 851912K->574851K(1013632K), 0,0158430 secs] [Times: user=0,11 sys=0,00, real=0,02 secs] 
2015-08-29T16:07:49.234+0200: 175257,411: [GC2015-08-29T16:07:49.234+0200: 175257,411: [ParNew: 289856K->7408K(314560K), 0,0114890 secs] 854467K->572974K(1013632K), 0,0116000 secs] [Times: user=0,08 sys=0,00, real=0,02 secs] 
2015-08-29T16:08:48.105+0200: 175316,281: [GC2015-08-29T16:08:48.105+0200: 175316,281: [ParNew: 287024K->10238K(314560K), 0,0115670 secs] 852590K->576766K(1013632K), 0,0116920 secs] [Times: user=0,07 sys=0,00, real=0,01 secs] 
2015-08-29T16:09:46.917+0200: 175375,094: [GC2015-08-29T16:09:46.917+0200: 175375,094: [ParNew: 289854K->8227K(314560K), 0,0116310 secs] 856382K->575714K(1013632K), 0,0117570 secs] [Times: user=0,07 sys=0,01, real=0,01 secs] 
2015-08-29T16:10:46.069+0200: 175434,246: [GC2015-08-29T16:10:46.069+0200: 175434,246: [ParNew: 287843K->11108K(314560K), 0,0102880 secs] 855330K->579604K(1013632K), 0,0103980 secs] [Times: user=0,07 sys=0,00, real=0,01 secs] 
2015-08-29T16:11:45.013+0200: 175493,190: [GC2015-08-29T16:11:45.013+0200: 175493,190: [ParNew: 290724K->7909K(314560K), 0,0121750 secs] 859220K->577442K(1013632K), 0,0123020 secs] [Times: user=0,09 sys=0,00, real=0,02 secs] 
2015-08-29T16:12:44.188+0200: 175552,365: [GC2015-08-29T16:12:44.188+0200: 175552,365: [ParNew: 287525K->7702K(314560K), 0,0112020 secs] 857058K->578200K(1013632K), 0,0113140 secs] [Times: user=0,08 sys=0,00, real=0,01 secs] 
2015-08-29T16:13:43.105+0200: 175611,281: [GC2015-08-29T16:13:43.105+0200: 175611,281: [ParNew: 287318K->8541K(314560K), 0,0110810 secs] 857816K->579978K(1013632K), 0,0111880 secs] [Times: user=0,08 sys=0,01, real=0,00 secs] 
2015-08-29T16:14:42.307+0200: 175670,484: [GC2015-08-29T16:14:42.307+0200: 175670,484: [ParNew: 288157K->10121K(314560K), 0,0095650 secs] 859594K->582500K(1013632K), 0,0096860 secs] [Times: user=0,08 sys=0,00, real=0,01 secs] 
2015-08-29T16:15:41.193+0200: 175729,369: [GC2015-08-29T16:15:41.193+0200: 175729,369: [ParNew: 289737K->7327K(314560K), 0,0133430 secs] 862116K->580655K(1013632K), 0,0134640 secs] [Times: user=0,08 sys=0,00, real=0,02 secs] 
2015-08-29T16:16:40.425+0200: 175788,601: [GC2015-08-29T16:16:40.425+0200: 175788,601: [ParNew: 286943K->8812K(314560K), 0,0102940 secs] 860271K->583096K(1013632K), 0,0104120 secs] [Times: user=0,07 sys=0,00, real=0,00 secs] 
2015-08-29T16:17:39.286+0200: 175847,463: [GC2015-08-29T16:17:39.286+0200: 175847,463: [ParNew: 288428K->9648K(314560K), 0,0116600 secs] 862712K->584886K(1013632K), 0,0117860 secs] [Times: user=0,09 sys=0,00, real=0,01 secs] 
2015-08-29T16:18:38.105+0200: 175906,281: [GC2015-08-29T16:18:38.105+0200: 175906,281: [ParNew: 289264K->9196K(314560K), 0,0102140 secs] 864502K->585410K(1013632K), 0,0103370 secs] [Times: user=0,07 sys=0,00, real=0,00 secs] 
2015-08-29T16:19:37.386+0200: 175965,563: [GC2015-08-29T16:19:37.386+0200: 175965,563: [ParNew: 288812K->10121K(314560K), 0,0113410 secs] 865026K->587369K(1013632K), 0,0114530 secs] [Times: user=0,10 sys=0,00, real=0,01 secs] 
2015-08-29T16:20:36.656+0200: 176024,833: [GC2015-08-29T16:20:36.656+0200: 176024,833: [ParNew: 289737K->9409K(314560K), 0,0126590 secs] 866985K->587700K(1013632K), 0,0128090 secs] [Times: user=0,07 sys=0,00, real=0,02 secs] 
2015-08-29T16:21:35.476+0200: 176083,652: [GC2015-08-29T16:21:35.476+0200: 176083,652: [ParNew: 289025K->6293K(314560K), 0,0112500 secs] 867316K->585546K(1013632K), 0,0113650 secs] [Times: user=0,10 sys=0,00, real=0,02 secs] 
2015-08-29T16:22:34.776+0200: 176142,953: [GC2015-08-29T16:22:34.776+0200: 176142,953: [ParNew: 285909K->9680K(314560K), 0,0124610 secs] 865162K->589901K(1013632K), 0,0125770 secs] [Times: user=0,06 sys=0,00, real=0,02 secs] 
2015-08-29T16:23:33.573+0200: 176201,749: [GC2015-08-29T16:23:33.573+0200: 176201,749: [ParNew: 289296K->10365K(314560K), 0,0111060 secs] 869517K->591542K(1013632K), 0,0112370 secs] [Times: user=0,06 sys=0,01, real=0,01 secs] 
2015-08-29T16:24:32.400+0200: 176260,577: [GC2015-08-29T16:24:32.400+0200: 176260,577: [ParNew: 289981K->7926K(314560K), 0,0105530 secs] 871158K->590058K(1013632K), 0,0106610 secs] [Times: user=0,08 sys=0,00, real=0,01 secs] 
2015-08-29T16:25:31.466+0200: 176319,642: [GC2015-08-29T16:25:31.466+0200: 176319,642: [ParNew: 287542K->9612K(314560K), 0,0105050 secs] 869674K->592715K(1013632K), 0,0106230 secs] [Times: user=0,07 sys=0,00, real=0,00 secs] 
2015-08-29T16:26:30.531+0200: 176378,708: [GC2015-08-29T16:26:30.531+0200: 176378,708: [ParNew: 289228K->10473K(314560K), 0,0114940 secs] 872331K->594540K(1013632K), 0,0116110 secs] [Times: user=0,09 sys=0,00, real=0,01 secs] 
2015-08-29T16:27:29.110+0200: 176437,287: [GC2015-08-29T16:27:29.110+0200: 176437,287: [ParNew: 290089K->8633K(314560K), 0,0118930 secs] 874156K->593726K(1013632K), 0,0120070 secs] [Times: user=0,11 sys=0,00, real=0,01 secs] 
2015-08-29T16:28:28.105+0200: 176496,281: [GC2015-08-29T16:28:28.105+0200: 176496,282: [ParNew: 288249K->10834K(314560K), 0,0114440 secs] 873342K->596965K(1013632K), 0,0115580 secs] [Times: user=0,08 sys=0,00, real=0,01 secs] 
2015-08-29T17:07:07.697+0200: 178815,874: [GC2015-08-29T17:07:07.697+0200: 178815,874: [ParNew: 290450K->8203K(314560K), 0,0132390 secs] 876581K->595284K(1013632K), 0,0133450 secs] [Times: user=0,10 sys=0,00, real=0,01 secs] 
2015-08-29T19:31:28.105+0200: 187476,282: [GC2015-08-29T19:31:28.105+0200: 187476,282: [ParNew: 287804K->8759K(314560K), 0,0117060 secs] 874885K->596789K(1013632K), 0,0117950 secs] [Times: user=0,08 sys=0,00, real=0,01 secs] 
2015-08-29T21:57:18.105+0200: 196226,282: [GC2015-08-29T21:57:18.105+0200: 196226,282: [ParNew: 288375K->6583K(314560K), 0,0109440 secs] 876405K->595561K(1013632K), 0,0110540 secs] [Times: user=0,07 sys=0,00, real=0,00 secs] 
2015-08-30T00:22:53.105+0200: 204961,282: [GC2015-08-30T00:22:53.105+0200: 204961,282: [ParNew: 286199K->4760K(314560K), 0,0095410 secs] 875177K->594703K(1013632K), 0,0096570 secs] [Times: user=0,07 sys=0,00, real=0,00 secs] 
2015-08-30T02:48:06.740+0200: 213674,917: [GC2015-08-30T02:48:06.740+0200: 213674,917: [ParNew: 284376K->4011K(314560K), 0,0086000 secs] 874319K->594890K(1013632K), 0,0087130 secs] [Times: user=0,05 sys=0,01, real=0,01 secs] 
2015-08-30T05:14:08.105+0200: 222436,281: [GC2015-08-30T05:14:08.105+0200: 222436,281: [ParNew: 283627K->2677K(314560K), 0,0080630 secs] 874506K->594032K(1013632K), 0,0081730 secs] [Times: user=0,03 sys=0,00, real=0,00 secs] 
2015-08-30T07:39:23.105+0200: 231151,281: [GC2015-08-30T07:39:23.105+0200: 231151,282: [ParNew: 282293K->2927K(314560K), 0,0066390 secs] 873648K->594623K(1013632K), 0,0067570 secs] [Times: user=0,04 sys=0,00, real=0,00 secs] 
2015-08-30T10:05:48.105+0200: 239936,281: [GC2015-08-30T10:05:48.105+0200: 239936,281: [ParNew: 282543K->2293K(314560K), 0,0052120 secs] 874239K->593989K(1013632K), 0,0053260 secs] [Times: user=0,03 sys=0,00, real=0,00 secs] 
2015-08-30T12:31:33.105+0200: 248681,282: [GC2015-08-30T12:31:33.105+0200: 248681,282: [ParNew: 281909K->1971K(314560K), 0,0041530 secs] 873605K->593668K(1013632K), 0,0042500 secs] [Times: user=0,01 sys=0,01, real=0,00 secs] 
2015-08-30T14:57:23.105+0200: 257431,282: [GC2015-08-30T14:57:23.105+0200: 257431,282: [ParNew: 281587K->2706K(314560K), 0,0041140 secs] 873284K->594404K(1013632K), 0,0042180 secs] [Times: user=0,01 sys=0,01, real=0,00 secs] 
2015-08-30T17:22:58.896+0200: 266167,073: [GC2015-08-30T17:22:58.896+0200: 266167,073: [ParNew: 282322K->1883K(314560K), 0,0044570 secs] 874020K->593581K(1013632K), 0,0045670 secs] [Times: user=0,03 sys=0,00, real=0,01 secs] 
2015-08-30T19:46:57.811+0200: 274805,987: [GC2015-08-30T19:46:57.811+0200: 274805,987: [ParNew: 281499K->2408K(314560K), 0,0048280 secs] 873197K->594106K(1013632K), 0,0049380 secs] [Times: user=0,02 sys=0,00, real=0,00 secs] 
2015-08-30T22:12:22.625+0200: 283530,801: [GC2015-08-30T22:12:22.625+0200: 283530,802: [ParNew: 282024K->2889K(314560K), 0,0049360 secs] 873722K->594586K(1013632K), 0,0050640 secs] [Times: user=0,03 sys=0,00, real=0,00 secs] 
2015-08-31T00:37:22.625+0200: 292230,802: [GC2015-08-31T00:37:22.625+0200: 292230,802: [ParNew: 282495K->2401K(314560K), 0,0048170 secs] 874193K->594099K(1013632K), 0,0049240 secs] [Times: user=0,03 sys=0,00, real=0,00 secs] 
2015-08-31T03:03:27.647+0200: 300995,824: [GC2015-08-31T03:03:27.647+0200: 300995,824: [ParNew: 282017K->2751K(314560K), 0,0052370 secs] 873715K->594449K(1013632K), 0,0053530 secs] [Times: user=0,02 sys=0,00, real=0,00 secs] 
2015-08-31T05:29:23.105+0200: 309751,281: [GC2015-08-31T05:29:23.105+0200: 309751,282: [ParNew: 282367K->1975K(314560K), 0,0051470 secs] 874065K->593674K(1013632K), 0,0052510 secs] [Times: user=0,02 sys=0,00, real=0,00 secs] 
2015-08-31T07:55:44.743+0200: 318532,920: [GC2015-08-31T07:55:44.743+0200: 318532,920: [ParNew: 281591K->2763K(314560K), 0,0055120 secs] 873290K->594462K(1013632K), 0,0056260 secs] [Times: user=0,03 sys=0,00, real=0,01 secs] 
2015-08-31T09:25:17.333+0200: 323905,510: [GC2015-08-31T09:25:17.333+0200: 323905,510: [ParNew: 282379K->3227K(314560K), 0,0056390 secs] 874078K->594926K(1013632K), 0,0057670 secs] [Times: user=0,03 sys=0,00, real=0,01 secs] 
2015-08-31T09:26:15.217+0200: 323963,393: [GC2015-08-31T09:26:15.217+0200: 323963,393: [ParNew: 282843K->2930K(314560K), 0,0047260 secs] 874542K->594628K(1013632K), 0,0048400 secs] [Times: user=0,03 sys=0,00, real=0,00 secs] 
2015-08-31T09:27:13.304+0200: 324021,480: [GC2015-08-31T09:27:13.304+0200: 324021,480: [ParNew: 282546K->2857K(314560K), 0,0045140 secs] 874244K->594556K(1013632K), 0,0046290 secs] [Times: user=0,03 sys=0,00, real=0,01 secs] 
2015-08-31T09:28:11.172+0200: 324079,349: [GC2015-08-31T09:28:11.172+0200: 324079,349: [ParNew: 282473K->2168K(314560K), 0,0041890 secs] 874172K->593867K(1013632K), 0,0043250 secs] [Times: user=0,01 sys=0,01, real=0,01 secs] 
2015-08-31T09:29:09.204+0200: 324137,380: [GC2015-08-31T09:29:09.204+0200: 324137,380: [ParNew: 281784K->2345K(314560K), 0,0036910 secs] 873483K->594044K(1013632K), 0,0037890 secs] [Times: user=0,03 sys=0,00, real=0,01 secs] 
2015-08-31T09:30:07.070+0200: 324195,247: [GC2015-08-31T09:30:07.070+0200: 324195,247: [ParNew: 281961K->2480K(314560K), 0,0036120 secs] 873660K->594179K(1013632K), 0,0037200 secs] [Times: user=0,03 sys=0,00, real=0,00 secs] 
2015-08-31T09:31:05.970+0200: 324254,146: [GC2015-08-31T09:31:05.970+0200: 324254,146: [ParNew: 282096K->2558K(314560K), 0,0066330 secs] 873795K->594582K(1013632K), 0,0067570 secs] [Times: user=0,04 sys=0,00, real=0,01 secs] 
2015-08-31T09:32:04.076+0200: 324312,253: [GC2015-08-31T09:32:04.077+0200: 324312,253: [ParNew: 282174K->1967K(314560K), 0,0035360 secs] 874198K->593999K(1013632K), 0,0036560 secs] [Times: user=0,01 sys=0,01, real=0,00 secs] 
2015-08-31T09:33:02.277+0200: 324370,453: [GC2015-08-31T09:33:02.277+0200: 324370,453: [ParNew: 281583K->3070K(314560K), 0,0039750 secs] 873615K->595230K(1013632K), 0,0040810 secs] [Times: user=0,03 sys=0,00, real=0,00 secs] 
2015-08-31T09:34:00.985+0200: 324429,161: [GC2015-08-31T09:34:00.985+0200: 324429,161: [ParNew: 282686K->3313K(314560K), 0,0060010 secs] 874846K->595571K(1013632K), 0,0061010 secs] [Times: user=0,03 sys=0,01, real=0,00 secs] 
2015-08-31T09:34:58.852+0200: 324487,029: [GC2015-08-31T09:34:58.852+0200: 324487,029: [ParNew: 282929K->4705K(314560K), 0,0067320 secs] 875187K->597181K(1013632K), 0,0068450 secs] [Times: user=0,05 sys=0,00, real=0,01 secs] 
2015-08-31T09:35:57.175+0200: 324545,352: [GC2015-08-31T09:35:57.175+0200: 324545,352: [ParNew: 284321K->6465K(314560K), 0,0071210 secs] 876797K->599128K(1013632K), 0,0072160 secs] [Times: user=0,06 sys=0,00, real=0,01 secs] 
2015-08-31T09:36:55.777+0200: 324603,953: [GC2015-08-31T09:36:55.777+0200: 324603,953: [ParNew: 286081K->7037K(314560K), 0,0115200 secs] 878744K->599878K(1013632K), 0,0116080 secs] [Times: user=0,06 sys=0,01, real=0,01 secs] 
2015-08-31T09:37:50.869+0200: 324659,045: [GC2015-08-31T09:37:50.869+0200: 324659,045: [ParNew: 286653K->7236K(314560K), 0,0051730 secs] 879494K->600442K(1013632K), 0,0052440 secs] [Times: user=0,03 sys=0,00, real=0,00 secs] 
2015-08-31T09:38:43.708+0200: 324711,885: [GC2015-08-31T09:38:43.708+0200: 324711,885: [ParNew: 286852K->8191K(314560K), 0,0059400 secs] 880058K->601955K(1013632K), 0,0060160 secs] [Times: user=0,03 sys=0,00, real=0,00 secs] 
2015-08-31T09:39:38.321+0200: 324766,498: [GC2015-08-31T09:39:38.321+0200: 324766,498: [ParNew: 287807K->9601K(314560K), 0,0103420 secs] 881571K->604188K(1013632K), 0,0104380 secs] [Times: user=0,07 sys=0,00, real=0,01 secs] 
2015-08-31T09:40:36.377+0200: 324824,554: [GC2015-08-31T09:40:36.377+0200: 324824,554: [ParNew: 289217K->9966K(314560K), 0,0118740 secs] 883804K->605458K(1013632K), 0,0119710 secs] [Times: user=0,10 sys=0,00, real=0,01 secs] 
2015-08-31T09:41:30.339+0200: 324878,516: [GC2015-08-31T09:41:30.339+0200: 324878,516: [ParNew: 289582K->7674K(314560K), 0,0093640 secs] 885074K->604083K(1013632K), 0,0094430 secs] [Times: user=0,04 sys=0,01, real=0,01 secs] 
2015-08-31T09:42:25.891+0200: 324934,068: [GC2015-08-31T09:42:25.891+0200: 324934,068: [ParNew: 287290K->9306K(314560K), 0,0073450 secs] 883699K->606727K(1013632K), 0,0074360 secs] [Times: user=0,04 sys=0,00, real=0,01 secs] 
2015-08-31T09:43:20.937+0200: 324989,113: [GC2015-08-31T09:43:20.937+0200: 324989,113: [ParNew: 288922K->8587K(314560K), 0,0127570 secs] 886343K->607018K(1013632K), 0,0128820 secs] [Times: user=0,08 sys=0,00, real=0,01 secs] 
2015-08-31T09:44:18.994+0200: 325047,171: [GC2015-08-31T09:44:18.995+0200: 325047,171: [ParNew: 288203K->8705K(314560K), 0,0222110 secs] 886634K->608097K(1013632K), 0,0223330 secs] [Times: user=0,14 sys=0,00, real=0,03 secs] 
2015-08-31T09:45:17.267+0200: 325105,444: [GC2015-08-31T09:45:17.267+0200: 325105,444: [ParNew: 288321K->8780K(314560K), 0,0064080 secs] 887713K->609045K(1013632K), 0,0064880 secs] [Times: user=0,05 sys=0,00, real=0,00 secs] 
2015-08-31T09:46:15.098+0200: 325163,275: [GC2015-08-31T09:46:15.099+0200: 325163,275: [ParNew: 288396K->8402K(314560K), 0,0102390 secs] 888661K->609558K(1013632K), 0,0103740 secs] [Times: user=0,08 sys=0,00, real=0,01 secs] 
2015-08-31T09:47:12.847+0200: 325221,023: [GC2015-08-31T09:47:12.847+0200: 325221,023: [ParNew: 288018K->8442K(314560K), 0,0149220 secs] 889174K->610491K(1013632K), 0,0150320 secs] [Times: user=0,11 sys=0,00, real=0,01 secs] 
2015-08-31T09:48:10.707+0200: 325278,884: [GC2015-08-31T09:48:10.707+0200: 325278,884: [ParNew: 288058K->10039K(314560K), 0,0104800 secs] 890107K->612991K(1013632K), 0,0106130 secs] [Times: user=0,10 sys=0,00, real=0,01 secs] 
2015-08-31T09:49:08.575+0200: 325336,752: [GC2015-08-31T09:49:08.576+0200: 325336,752: [ParNew: 289655K->7747K(314560K), 0,0104280 secs] 892607K->611595K(1013632K), 0,0105390 secs] [Times: user=0,09 sys=0,00, real=0,02 secs] 
2015-08-31T09:50:06.516+0200: 325394,692: [GC2015-08-31T09:50:06.516+0200: 325394,692: [ParNew: 287363K->8134K(314560K), 0,0178670 secs] 891211K->612897K(1013632K), 0,0179820 secs] [Times: user=0,08 sys=0,00, real=0,02 secs] 
2015-08-31T09:51:03.865+0200: 325452,041: [GC2015-08-31T09:51:03.865+0200: 325452,041: [ParNew: 287750K->8177K(314560K), 0,0153170 secs] 892513K->613953K(1013632K), 0,0154270 secs] [Times: user=0,07 sys=0,00, real=0,01 secs] 
2015-08-31T09:52:00.652+0200: 325508,829: [GC2015-08-31T09:52:00.652+0200: 325508,829: [ParNew: 287793K->9874K(314560K), 0,0118360 secs] 893569K->616663K(1013632K), 0,0119490 secs] [Times: user=0,05 sys=0,01, real=0,01 secs] 
2015-08-31T09:52:58.687+0200: 325566,863: [GC2015-08-31T09:52:58.687+0200: 325566,863: [ParNew: 289490K->7617K(314560K), 0,0110520 secs] 896279K->615351K(1013632K), 0,0111700 secs] [Times: user=0,08 sys=0,00, real=0,01 secs] 
2015-08-31T09:53:56.977+0200: 325625,154: [GC2015-08-31T09:53:56.977+0200: 325625,154: [ParNew: 287233K->8608K(314560K), 0,0110100 secs] 894967K->617284K(1013632K), 0,0111530 secs] [Times: user=0,06 sys=0,01, real=0,01 secs] 
2015-08-31T09:54:55.079+0200: 325683,255: [GC2015-08-31T09:54:55.079+0200: 325683,255: [ParNew: 288224K->8557K(314560K), 0,0098290 secs] 896900K->618165K(1013632K), 0,0099540 secs] [Times: user=0,07 sys=0,00, real=0,01 secs] 
2015-08-31T09:55:52.635+0200: 325740,811: [GC2015-08-31T09:55:52.635+0200: 325740,811: [ParNew: 288173K->9378K(314560K), 0,0112710 secs] 897781K->619922K(1013632K), 0,0113670 secs] [Times: user=0,09 sys=0,00, real=0,02 secs] 
2015-08-31T09:56:50.588+0200: 325798,764: [GC2015-08-31T09:56:50.588+0200: 325798,764: [ParNew: 288994K->8046K(314560K), 0,0114820 secs] 899538K->619515K(1013632K), 0,0115870 secs] [Times: user=0,09 sys=0,00, real=0,01 secs] 
2015-08-31T09:57:48.746+0200: 325856,923: [GC2015-08-31T09:57:48.746+0200: 325856,923: [ParNew: 287662K->9679K(314560K), 0,0112500 secs] 899131K->622055K(1013632K), 0,0113590 secs] [Times: user=0,09 sys=0,00, real=0,01 secs] 
2015-08-31T09:58:47.188+0200: 325915,364: [GC2015-08-31T09:58:47.188+0200: 325915,365: [ParNew: 289295K->9857K(314560K), 0,0134650 secs] 901671K->623201K(1013632K), 0,0135630 secs] [Times: user=0,10 sys=0,00, real=0,01 secs] 
2015-08-31T09:59:45.356+0200: 325973,533: [GC2015-08-31T09:59:45.356+0200: 325973,533: [ParNew: 289473K->9989K(314560K), 0,0159150 secs] 902817K->624353K(1013632K), 0,0160380 secs] [Times: user=0,10 sys=0,00, real=0,01 secs] 
2015-08-31T10:00:43.105+0200: 326031,281: [GC2015-08-31T10:00:43.105+0200: 326031,281: [ParNew: 289605K->9258K(314560K), 0,0094670 secs] 903969K->624658K(1013632K), 0,0095740 secs] [Times: user=0,06 sys=0,00, real=0,00 secs] 
2015-08-31T10:01:40.969+0200: 326089,146: [GC2015-08-31T10:01:40.969+0200: 326089,146: [ParNew: 288874K->9257K(314560K), 0,0096910 secs] 904274K->625592K(1013632K), 0,0097790 secs] [Times: user=0,07 sys=0,00, real=0,01 secs] 
2015-08-31T10:02:38.935+0200: 326147,111: [GC2015-08-31T10:02:38.935+0200: 326147,112: [ParNew: 288873K->9463K(314560K), 0,0131020 secs] 905208K->626755K(1013632K), 0,0132350 secs] [Times: user=0,10 sys=0,00, real=0,02 secs] 
2015-08-31T10:03:35.773+0200: 326203,949: [GC2015-08-31T10:03:35.773+0200: 326203,950: [ParNew: 289079K->9402K(314560K), 0,0111520 secs] 906371K->627625K(1013632K), 0,0112720 secs] [Times: user=0,06 sys=0,01, real=0,01 secs] 
2015-08-31T10:04:33.625+0200: 326261,801: [GC2015-08-31T10:04:33.625+0200: 326261,801: [ParNew: 289018K->8763K(314560K), 0,0109770 secs] 907241K->627941K(1013632K), 0,0111130 secs] [Times: user=0,08 sys=0,00, real=0,00 secs] 
2015-08-31T10:05:32.689+0200: 326320,865: [GC2015-08-31T10:05:32.689+0200: 326320,865: [ParNew: 288379K->8837K(314560K), 0,0115000 secs] 907557K->628954K(1013632K), 0,0116020 secs] [Times: user=0,08 sys=0,00, real=0,01 secs] 
2015-08-31T10:06:30.653+0200: 326378,830: [GC2015-08-31T10:06:30.653+0200: 326378,830: [ParNew: 288453K->8981K(314560K), 0,0111500 secs] 908570K->630037K(1013632K), 0,0112660 secs] [Times: user=0,07 sys=0,00, real=0,02 secs] 
2015-08-31T10:07:29.300+0200: 326437,476: [GC2015-08-31T10:07:29.300+0200: 326437,476: [ParNew: 288597K->9117K(314560K), 0,0121050 secs] 909653K->631153K(1013632K), 0,0122270 secs] [Times: user=0,08 sys=0,00, real=0,01 secs] 
2015-08-31T10:08:27.595+0200: 326495,772: [GC2015-08-31T10:08:27.595+0200: 326495,772: [ParNew: 288733K->9979K(314560K), 0,0120460 secs] 910769K->633042K(1013632K), 0,0121510 secs] [Times: user=0,10 sys=0,00, real=0,02 secs] 
2015-08-31T10:09:25.113+0200: 326553,290: [GC2015-08-31T10:09:25.113+0200: 326553,290: [ParNew: 289595K->9244K(314560K), 0,0105290 secs] 912658K->633242K(1013632K), 0,0106130 secs] [Times: user=0,06 sys=0,00, real=0,01 secs] 
2015-08-31T10:10:22.459+0200: 326610,636: [GC2015-08-31T10:10:22.459+0200: 326610,636: [ParNew: 288860K->8695K(314560K), 0,0117860 secs] 912858K->633612K(1013632K), 0,0119060 secs] [Times: user=0,08 sys=0,00, real=0,01 secs] 
2015-08-31T10:11:21.027+0200: 326669,204: [GC2015-08-31T10:11:21.027+0200: 326669,204: [ParNew: 288311K->8660K(314560K), 0,0105500 secs] 913228K->634542K(1013632K), 0,0106580 secs] [Times: user=0,09 sys=0,00, real=0,01 secs] 
2015-08-31T10:12:19.765+0200: 326727,941: [GC2015-08-31T10:12:19.765+0200: 326727,941: [ParNew: 288276K->9438K(314560K), 0,0109880 secs] 914158K->636263K(1013632K), 0,0111060 secs] [Times: user=0,07 sys=0,00, real=0,00 secs] 
2015-08-31T10:13:18.198+0200: 326786,375: [GC2015-08-31T10:13:18.199+0200: 326786,375: [ParNew: 289054K->9560K(314560K), 0,0117070 secs] 915879K->637333K(1013632K), 0,0118510 secs] [Times: user=0,08 sys=0,00, real=0,01 secs] 
2015-08-31T10:14:16.186+0200: 326844,362: [GC2015-08-31T10:14:16.186+0200: 326844,362: [ParNew: 289176K->8947K(314560K), 0,0109350 secs] 916949K->637666K(1013632K), 0,0110380 secs] [Times: user=0,06 sys=0,00, real=0,01 secs] 
2015-08-31T10:15:13.901+0200: 326902,077: [GC2015-08-31T10:15:13.901+0200: 326902,078: [ParNew: 288563K->9072K(314560K), 0,0108880 secs] 917282K->638738K(1013632K), 0,0109920 secs] [Times: user=0,08 sys=0,00, real=0,01 secs] 
2015-08-31T10:16:11.890+0200: 326960,067: [GC2015-08-31T10:16:11.890+0200: 326960,067: [ParNew: 288688K->8418K(314560K), 0,0115450 secs] 918354K->639096K(1013632K), 0,0116590 secs] [Times: user=0,09 sys=0,00, real=0,01 secs] 
2015-08-31T10:17:10.351+0200: 327018,527: [GC2015-08-31T10:17:10.351+0200: 327018,527: [ParNew: 288034K->9991K(314560K), 0,0112230 secs] 918712K->641691K(1013632K), 0,0113440 secs] [Times: user=0,08 sys=0,00, real=0,01 secs] 
2015-08-31T10:18:08.913+0200: 327077,089: [GC2015-08-31T10:18:08.913+0200: 327077,089: [ParNew: 289607K->8462K(314560K), 0,0118770 secs] 921307K->641109K(1013632K), 0,0119970 secs] [Times: user=0,08 sys=0,00, real=0,02 secs] 
2015-08-31T10:19:06.770+0200: 327134,946: [GC2015-08-31T10:19:06.770+0200: 327134,946: [ParNew: 288078K->7973K(314560K), 0,0112170 secs] 920725K->641567K(1013632K), 0,0113350 secs] [Times: user=0,08 sys=0,00, real=0,01 secs] 
2015-08-31T10:20:04.803+0200: 327192,980: [GC2015-08-31T10:20:04.804+0200: 327192,980: [ParNew: 287589K->8657K(314560K), 0,0121440 secs] 921183K->643197K(1013632K), 0,0122500 secs] [Times: user=0,07 sys=0,00, real=0,01 secs] 
2015-08-31T10:21:03.105+0200: 327251,281: [GC2015-08-31T10:21:03.105+0200: 327251,281: [ParNew: 288273K->8009K(314560K), 0,0106000 secs] 922813K->643483K(1013632K), 0,0107140 secs] [Times: user=0,08 sys=0,00, real=0,00 secs] 
2015-08-31T10:22:02.031+0200: 327310,208: [GC2015-08-31T10:22:02.031+0200: 327310,208: [ParNew: 287625K->8140K(314560K), 0,0103510 secs] 923099K->644549K(1013632K), 0,0104490 secs] [Times: user=0,09 sys=0,00, real=0,01 secs] 
2015-08-31T10:23:00.688+0200: 327368,864: [GC2015-08-31T10:23:00.688+0200: 327368,864: [ParNew: 287756K->9780K(314560K), 0,0120970 secs] 924165K->647122K(1013632K), 0,0122090 secs] [Times: user=0,07 sys=0,00, real=0,01 secs] 
2015-08-31T10:23:59.253+0200: 327427,429: [GC2015-08-31T10:23:59.253+0200: 327427,429: [ParNew: 289396K->9181K(314560K), 0,0142710 secs] 926738K->647501K(1013632K), 0,0143830 secs] [Times: user=0,09 sys=0,00, real=0,02 secs] 
2015-08-31T10:24:57.817+0200: 327485,994: [GC2015-08-31T10:24:57.817+0200: 327485,994: [ParNew: 288797K->10833K(314560K), 0,0123680 secs] 927117K->650187K(1013632K), 0,0124830 secs] [Times: user=0,10 sys=0,00, real=0,01 secs] 
2015-08-31T10:25:56.361+0200: 327544,537: [GC2015-08-31T10:25:56.361+0200: 327544,537: [ParNew: 290449K->7389K(314560K), 0,0121970 secs] 929803K->647773K(1013632K), 0,0123170 secs] [Times: user=0,08 sys=0,01, real=0,01 secs] 
2015-08-31T10:26:54.828+0200: 327603,005: [GC2015-08-31T10:26:54.828+0200: 327603,005: [ParNew: 287005K->7174K(314560K), 0,0105540 secs] 927389K->648517K(1013632K), 0,0106760 secs] [Times: user=0,08 sys=0,00, real=0,01 secs] 
2015-08-31T10:27:52.983+0200: 327661,160: [GC2015-08-31T10:27:52.983+0200: 327661,160: [ParNew: 286790K->8482K(314560K), 0,0260470 secs] 928133K->650775K(1013632K), 0,0261730 secs] [Times: user=0,18 sys=0,00, real=0,03 secs] 
2015-08-31T10:28:51.457+0200: 327719,633: [GC2015-08-31T10:28:51.457+0200: 327719,633: [ParNew: 288098K->7084K(314560K), 0,0106950 secs] 930391K->650327K(1013632K), 0,0108310 secs] [Times: user=0,06 sys=0,00, real=0,01 secs] 
2015-08-31T10:28:51.468+0200: 327719,644: [GC [1 CMS-initial-mark: 643242K(699072K)] 652690K(1013632K), 0,0102310 secs] [Times: user=0,02 sys=0,00, real=0,01 secs] 
2015-08-31T10:28:51.478+0200: 327719,655: [CMS-concurrent-mark-start]
2015-08-31T10:28:51.496+0200: 327719,672: [CMS-concurrent-mark: 0,017/0,018 secs] [Times: user=0,03 sys=0,00, real=0,01 secs] 
2015-08-31T10:28:51.496+0200: 327719,672: [CMS-concurrent-preclean-start]
2015-08-31T10:28:51.498+0200: 327719,674: [CMS-concurrent-preclean: 0,002/0,002 secs] [Times: user=0,00 sys=0,00, real=0,01 secs] 
2015-08-31T10:28:51.498+0200: 327719,674: [CMS-concurrent-abortable-preclean-start]
 CMS: abort preclean due to time 2015-08-31T10:28:56.658+0200: 327724,834: [CMS-concurrent-abortable-preclean: 2,558/5,160 secs] [Times: user=3,24 sys=0,00, real=5,16 secs] 
2015-08-31T10:28:56.658+0200: 327724,834: [GC[YG occupancy: 35050 K (314560 K)]2015-08-31T10:28:56.658+0200: 327724,834: [GC2015-08-31T10:28:56.658+0200: 327724,834: [ParNew: 35050K->6357K(314560K), 0,0078610 secs] 678293K->650552K(1013632K), 0,0079430 secs] [Times: user=0,05 sys=0,00, real=0,01 secs] 
2015-08-31T10:28:56.666+0200: 327724,842: [Rescan (parallel) , 0,0047390 secs]2015-08-31T10:28:56.671+0200: 327724,847: [weak refs processing, 0,0000330 secs]2015-08-31T10:28:56.671+0200: 327724,847: [class unloading, 0,0011660 secs]2015-08-31T10:28:56.672+0200: 327724,848: [scrub symbol table, 0,0009750 secs]2015-08-31T10:28:56.673+0200: 327724,849: [scrub string table, 0,0001740 secs] [1 CMS-remark: 644194K(699072K)] 650552K(1013632K), 0,0156870 secs] [Times: user=0,08 sys=0,00, real=0,01 secs] 
2015-08-31T10:28:56.674+0200: 327724,850: [CMS-concurrent-sweep-start]
2015-08-31T10:28:57.313+0200: 327725,490: [CMS-concurrent-sweep: 0,639/0,640 secs] [Times: user=0,76 sys=0,00, real=0,64 secs] 
2015-08-31T10:28:57.313+0200: 327725,490: [CMS-concurrent-reset-start]
2015-08-31T10:28:57.315+0200: 327725,491: [CMS-concurrent-reset: 0,001/0,001 secs] [Times: user=0,00 sys=0,00, real=0,00 secs] 
2015-08-31T10:29:55.109+0200: 327783,285: [GC2015-08-31T10:29:55.109+0200: 327783,285: [ParNew: 285973K->4764K(314560K), 0,0089180 secs] 291901K->11761K(1013632K), 0,0090220 secs] [Times: user=0,06 sys=0,00, real=0,01 secs] 
2015-08-31T10:30:53.987+0200: 327842,164: [GC2015-08-31T10:30:53.987+0200: 327842,164: [ParNew: 284380K->4521K(314560K), 0,0078250 secs] 291377K->12084K(1013632K), 0,0079550 secs] [Times: user=0,05 sys=0,00, real=0,00 secs] 
2015-08-31T10:31:52.606+0200: 327900,782: [GC2015-08-31T10:31:52.606+0200: 327900,782: [ParNew: 284137K->4812K(314560K), 0,0059800 secs] 291700K->12958K(1013632K), 0,0060890 secs] [Times: user=0,04 sys=0,00, real=0,00 secs] 
2015-08-31T10:32:51.166+0200: 327959,343: [GC2015-08-31T10:32:51.166+0200: 327959,343: [ParNew: 284428K->3793K(314560K), 0,0081820 secs] 292574K->12606K(1013632K), 0,0082920 secs] [Times: user=0,04 sys=0,00, real=0,00 secs] 
2015-08-31T10:33:47.947+0200: 328016,124: [GC2015-08-31T10:33:47.947+0200: 328016,124: [ParNew: 283409K->4244K(314560K), 0,0062440 secs] 292222K->13347K(1013632K), 0,0063630 secs] [Times: user=0,05 sys=0,00, real=0,00 secs] 
2015-08-31T10:34:46.366+0200: 328074,543: [GC2015-08-31T10:34:46.366+0200: 328074,543: [ParNew: 283860K->5387K(314560K), 0,0068270 secs] 292963K->14506K(1013632K), 0,0069390 secs] [Times: user=0,05 sys=0,00, real=0,00 secs] 
2015-08-31T10:35:44.772+0200: 328132,949: [GC2015-08-31T10:35:44.772+0200: 328132,949: [ParNew: 285003K->6813K(314560K), 0,0075240 secs] 294122K->16168K(1013632K), 0,0076340 secs] [Times: user=0,06 sys=0,00, real=0,01 secs] 
2015-08-31T10:36:43.894+0200: 328192,071: [GC2015-08-31T10:36:43.894+0200: 328192,071: [ParNew: 286429K->8195K(314560K), 0,0054970 secs] 295784K->18024K(1013632K), 0,0055570 secs] [Times: user=0,02 sys=0,01, real=0,01 secs] 
2015-08-31T10:37:42.869+0200: 328251,045: [GC2015-08-31T10:37:42.869+0200: 328251,045: [ParNew: 287811K->8726K(314560K), 0,0092190 secs] 297640K->19110K(1013632K), 0,0093390 secs] [Times: user=0,07 sys=0,00, real=0,01 secs] 
2015-08-31T10:38:41.595+0200: 328309,771: [GC2015-08-31T10:38:41.595+0200: 328309,771: [ParNew: 288342K->10965K(314560K), 0,0143320 secs] 298726K->22013K(1013632K), 0,0144600 secs] [Times: user=0,10 sys=0,00, real=0,02 secs] 
2015-08-31T10:39:39.661+0200: 328367,837: [GC2015-08-31T10:39:39.661+0200: 328367,837: [ParNew: 290581K->7249K(314560K), 0,0111010 secs] 301629K->19198K(1013632K), 0,0112310 secs] [Times: user=0,08 sys=0,00, real=0,01 secs] 
2015-08-31T10:40:37.515+0200: 328425,692: [GC2015-08-31T10:40:37.515+0200: 328425,692: [ParNew: 286865K->10323K(314560K), 0,0137700 secs] 298814K->23249K(1013632K), 0,0138660 secs] [Times: user=0,12 sys=0,00, real=0,02 secs] 
2015-08-31T10:41:35.552+0200: 328483,728: [GC2015-08-31T10:41:35.552+0200: 328483,728: [ParNew: 289939K->9788K(314560K), 0,0112090 secs] 302865K->23753K(1013632K), 0,0113270 secs] [Times: user=0,10 sys=0,00, real=0,01 secs] 
2015-08-31T10:42:33.586+0200: 328541,763: [GC2015-08-31T10:42:33.586+0200: 328541,763: [ParNew: 289404K->9198K(314560K), 0,0106800 secs] 303369K->24217K(1013632K), 0,0107880 secs] [Times: user=0,08 sys=0,00, real=0,01 secs] 
2015-08-31T10:43:31.620+0200: 328599,797: [GC2015-08-31T10:43:31.620+0200: 328599,797: [ParNew: 288814K->8454K(314560K), 0,0113140 secs] 303833K->24398K(1013632K), 0,0114460 secs] [Times: user=0,08 sys=0,00, real=0,01 secs] 
2015-08-31T10:44:30.434+0200: 328658,611: [GC2015-08-31T10:44:30.434+0200: 328658,611: [ParNew: 288070K->10206K(314560K), 0,0103840 secs] 304014K->27090K(1013632K), 0,0105050 secs] [Times: user=0,08 sys=0,00, real=0,02 secs] 
2015-08-31T10:45:28.277+0200: 328716,453: [GC2015-08-31T10:45:28.277+0200: 328716,453: [ParNew: 289822K->7294K(314560K), 0,0107360 secs] 306706K->25121K(1013632K), 0,0108630 secs] [Times: user=0,06 sys=0,00, real=0,01 secs] 
2015-08-31T10:46:27.046+0200: 328775,223: [GC2015-08-31T10:46:27.046+0200: 328775,223: [ParNew: 286910K->9368K(314560K), 0,0114530 secs] 304737K->28146K(1013632K), 0,0115760 secs] [Times: user=0,10 sys=0,00, real=0,01 secs] 
2015-08-31T10:47:25.296+0200: 328833,473: [GC2015-08-31T10:47:25.296+0200: 328833,473: [ParNew: 288984K->10212K(314560K), 0,0109420 secs] 307762K->29916K(1013632K), 0,0110490 secs] [Times: user=0,09 sys=0,00, real=0,02 secs] 
2015-08-31T10:48:24.166+0200: 328892,342: [GC2015-08-31T10:48:24.166+0200: 328892,342: [ParNew: 289828K->8895K(314560K), 0,0109000 secs] 309532K->29549K(1013632K), 0,0110020 secs] [Times: user=0,06 sys=0,00, real=0,01 secs] 
2015-08-31T10:49:22.179+0200: 328950,356: [GC2015-08-31T10:49:22.179+0200: 328950,356: [ParNew: 288511K->10433K(314560K), 0,0218680 secs] 309165K->32097K(1013632K), 0,0219790 secs] [Times: user=0,16 sys=0,00, real=0,02 secs] 
2015-08-31T10:50:15.420+0200: 329003,597: [GC2015-08-31T10:50:15.420+0200: 329003,597: [ParNew: 290049K->8354K(314560K), 0,0106620 secs] 311713K->31072K(1013632K), 0,0107590 secs] [Times: user=0,05 sys=0,00, real=0,01 secs] 
2015-08-31T10:51:09.181+0200: 329057,358: [GC2015-08-31T10:51:09.181+0200: 329057,358: [ParNew: 287970K->8972K(314560K), 0,0192580 secs] 310688K->32636K(1013632K), 0,0193400 secs] [Times: user=0,11 sys=0,00, real=0,02 secs] 
2015-08-31T10:52:04.670+0200: 329112,846: [GC2015-08-31T10:52:04.670+0200: 329112,846: [ParNew: 288588K->7638K(314560K), 0,0109150 secs] 312252K->32241K(1013632K), 0,0110450 secs] [Times: user=0,07 sys=0,00, real=0,01 secs] 
2015-08-31T10:53:02.384+0200: 329170,560: [GC2015-08-31T10:53:02.384+0200: 329170,560: [ParNew: 287254K->8371K(314560K), 0,0063900 secs] 311857K->33916K(1013632K), 0,0064910 secs] [Times: user=0,06 sys=0,00, real=0,01 secs] 
2015-08-31T10:53:59.594+0200: 329227,770: [GC2015-08-31T10:53:59.594+0200: 329227,770: [ParNew: 287987K->8448K(314560K), 0,0107820 secs] 313532K->34931K(1013632K), 0,0108930 secs] [Times: user=0,08 sys=0,00, real=0,02 secs] 
2015-08-31T10:54:58.105+0200: 329286,281: [GC2015-08-31T10:54:58.105+0200: 329286,281: [ParNew: 288064K->8559K(314560K), 0,0098790 secs] 314547K->35986K(1013632K), 0,0099880 secs] [Times: user=0,08 sys=0,00, real=0,00 secs] 
2015-08-31T10:55:54.768+0200: 329342,944: [GC2015-08-31T10:55:54.768+0200: 329342,945: [ParNew: 288175K->8647K(314560K), 0,0108230 secs] 315602K->36980K(1013632K), 0,0110030 secs] [Times: user=0,08 sys=0,00, real=0,01 secs] 
2015-08-31T10:56:52.285+0200: 329400,462: [GC2015-08-31T10:56:52.285+0200: 329400,462: [ParNew: 288263K->8062K(314560K), 0,0116400 secs] 316596K->37283K(1013632K), 0,0117530 secs] [Times: user=0,06 sys=0,00, real=0,01 secs] 
2015-08-31T10:57:49.137+0200: 329457,313: [GC2015-08-31T10:57:49.137+0200: 329457,313: [ParNew: 287678K->8963K(314560K), 0,0109820 secs] 316899K->39150K(1013632K), 0,0111060 secs] [Times: user=0,07 sys=0,00, real=0,01 secs] 
2015-08-31T10:58:47.703+0200: 329515,879: [GC2015-08-31T10:58:47.703+0200: 329515,879: [ParNew: 288579K->8301K(314560K), 0,0123470 secs] 318766K->39495K(1013632K), 0,0124640 secs] [Times: user=0,09 sys=0,00, real=0,01 secs] 
2015-08-31T10:59:46.270+0200: 329574,446: [GC2015-08-31T10:59:46.270+0200: 329574,446: [ParNew: 287917K->7583K(314560K), 0,0100530 secs] 319111K->39711K(1013632K), 0,0101720 secs] [Times: user=0,07 sys=0,00, real=0,01 secs] 
2015-08-31T11:00:45.337+0200: 329633,513: [GC2015-08-31T11:00:45.337+0200: 329633,513: [ParNew: 287199K->8599K(314560K), 0,0106180 secs] 319327K->41641K(1013632K), 0,0107570 secs] [Times: user=0,08 sys=0,00, real=0,01 secs] 
2015-08-31T11:01:43.105+0200: 329691,281: [GC2015-08-31T11:01:43.105+0200: 329691,281: [ParNew: 288215K->10039K(314560K), 0,0128990 secs] 321257K->44016K(1013632K), 0,0130150 secs] [Times: user=0,08 sys=0,00, real=0,01 secs] 
2015-08-31T11:02:41.442+0200: 329749,619: [GC2015-08-31T11:02:41.442+0200: 329749,619: [ParNew: 289655K->7698K(314560K), 0,0120430 secs] 323632K->42595K(1013632K), 0,0121680 secs] [Times: user=0,08 sys=0,00, real=0,01 secs] 
2015-08-31T11:03:39.985+0200: 329808,161: [GC2015-08-31T11:03:39.985+0200: 329808,161: [ParNew: 287314K->10045K(314560K), 0,0142920 secs] 322211K->45868K(1013632K), 0,0144170 secs] [Times: user=0,07 sys=0,00, real=0,01 secs] 
2015-08-31T11:04:38.041+0200: 329866,218: [GC2015-08-31T11:04:38.041+0200: 329866,218: [ParNew: 289661K->9538K(314560K), 0,0115040 secs] 325484K->46297K(1013632K), 0,0116040 secs] [Times: user=0,08 sys=0,00, real=0,01 secs] 
2015-08-31T11:05:36.011+0200: 329924,187: [GC2015-08-31T11:05:36.011+0200: 329924,187: [ParNew: 289154K->9097K(314560K), 0,0162190 secs] 325913K->46840K(1013632K), 0,0163190 secs] [Times: user=0,11 sys=0,00, real=0,02 secs] 
2015-08-31T11:06:31.647+0200: 329979,824: [GC2015-08-31T11:06:31.647+0200: 329979,824: [ParNew: 288713K->10759K(314560K), 0,0108480 secs] 326456K->49536K(1013632K), 0,0109580 secs] [Times: user=0,09 sys=0,00, real=0,01 secs] 
2015-08-31T11:07:28.105+0200: 330036,281: [GC2015-08-31T11:07:28.105+0200: 330036,281: [ParNew: 290375K->7209K(314560K), 0,0232610 secs] 329152K->47022K(1013632K), 0,0233320 secs] [Times: user=0,13 sys=0,00, real=0,02 secs] 
2015-08-31T11:08:25.749+0200: 330093,926: [GC2015-08-31T11:08:25.749+0200: 330093,926: [ParNew: 286825K->9038K(314560K), 0,0109220 secs] 326638K->49788K(1013632K), 0,0110380 secs] [Times: user=0,06 sys=0,00, real=0,01 secs] 
2015-08-31T11:09:24.249+0200: 330152,425: [GC2015-08-31T11:09:24.249+0200: 330152,425: [ParNew: 288654K->8467K(314560K), 0,0092420 secs] 329404K->50162K(1013632K), 0,0093580 secs] [Times: user=0,08 sys=0,00, real=0,01 secs] 
2015-08-31T11:10:22.625+0200: 330210,802: [GC2015-08-31T11:10:22.625+0200: 330210,802: [ParNew: 288083K->10020K(314560K), 0,0123600 secs] 329778K->52658K(1013632K), 0,0125280 secs] [Times: user=0,09 sys=0,00, real=0,01 secs] 
2015-08-31T11:11:21.414+0200: 330269,591: [GC2015-08-31T11:11:21.414+0200: 330269,591: [ParNew: 289636K->7694K(314560K), 0,0114120 secs] 332274K->51275K(1013632K), 0,0115350 secs] [Times: user=0,08 sys=0,00, real=0,02 secs] 
2015-08-31T11:12:19.880+0200: 330328,057: [GC2015-08-31T11:12:19.881+0200: 330328,057: [ParNew: 287310K->8699K(314560K), 0,0123150 secs] 330891K->53208K(1013632K), 0,0124140 secs] [Times: user=0,06 sys=0,01, real=0,01 secs] 
2015-08-31T11:13:16.021+0200: 330384,197: [GC2015-08-31T11:13:16.021+0200: 330384,197: [ParNew: 288315K->8796K(314560K), 0,0398390 secs] 332824K->54236K(1013632K), 0,0399290 secs] [Times: user=0,13 sys=0,00, real=0,04 secs] 
2015-08-31T11:14:10.601+0200: 330438,777: [GC2015-08-31T11:14:10.601+0200: 330438,778: [ParNew: 288412K->9837K(314560K), 0,0131940 secs] 333852K->56253K(1013632K), 0,0132870 secs] [Times: user=0,05 sys=0,00, real=0,01 secs] 
2015-08-31T11:15:07.844+0200: 330496,021: [GC2015-08-31T11:15:07.844+0200: 330496,021: [ParNew: 289453K->9174K(314560K), 0,0128960 secs] 335869K->56623K(1013632K), 0,0130420 secs] [Times: user=0,09 sys=0,00, real=0,01 secs] 
2015-08-31T11:16:06.213+0200: 330554,389: [GC2015-08-31T11:16:06.213+0200: 330554,389: [ParNew: 288790K->7633K(314560K), 0,0109170 secs] 336239K->56023K(1013632K), 0,0110270 secs] [Times: user=0,07 sys=0,00, real=0,01 secs] 
2015-08-31T11:17:04.103+0200: 330612,279: [GC2015-08-31T11:17:04.103+0200: 330612,279: [ParNew: 287249K->7878K(314560K), 0,0110870 secs] 335639K->57218K(1013632K), 0,0112050 secs] [Times: user=0,09 sys=0,00, real=0,01 secs] 
2015-08-31T11:18:02.325+0200: 330670,502: [GC2015-08-31T11:18:02.325+0200: 330670,502: [ParNew: 287494K->9239K(314560K), 0,0138220 secs] 336834K->59526K(1013632K), 0,0139370 secs] [Times: user=0,08 sys=0,00, real=0,01 secs] 
2015-08-31T11:19:00.161+0200: 330728,338: [GC2015-08-31T11:19:00.161+0200: 330728,338: [ParNew: 288855K->10033K(314560K), 0,0106300 secs] 339142K->61252K(1013632K), 0,0107550 secs] [Times: user=0,08 sys=0,00, real=0,01 secs] 
2015-08-31T11:19:58.105+0200: 330786,281: [GC2015-08-31T11:19:58.105+0200: 330786,281: [ParNew: 289649K->8150K(314560K), 0,0138590 secs] 340868K->60284K(1013632K), 0,0139830 secs] [Times: user=0,07 sys=0,00, real=0,01 secs] 
2015-08-31T11:20:56.493+0200: 330844,669: [GC2015-08-31T11:20:56.493+0200: 330844,670: [ParNew: 287766K->9373K(314560K), 0,0113560 secs] 339900K->62418K(1013632K), 0,0114670 secs] [Times: user=0,06 sys=0,01, real=0,02 secs] 
2015-08-31T11:21:54.752+0200: 330902,928: [GC2015-08-31T11:21:54.752+0200: 330902,928: [ParNew: 288989K->8818K(314560K), 0,0178610 secs] 342034K->62805K(1013632K), 0,0179800 secs] [Times: user=0,13 sys=0,00, real=0,02 secs] 
2015-08-31T11:22:53.105+0200: 330961,281: [GC2015-08-31T11:22:53.105+0200: 330961,281: [ParNew: 288434K->9866K(314560K), 0,0089160 secs] 342421K->64873K(1013632K), 0,0090210 secs] [Times: user=0,07 sys=0,00, real=0,00 secs] 
2015-08-31T11:23:51.086+0200: 331019,262: [GC2015-08-31T11:23:51.086+0200: 331019,262: [ParNew: 289482K->8433K(314560K), 0,0110870 secs] 344489K->64467K(1013632K), 0,0112070 secs] [Times: user=0,05 sys=0,01, real=0,01 secs] 
2015-08-31T11:24:49.934+0200: 331078,111: [GC2015-08-31T11:24:49.934+0200: 331078,111: [ParNew: 288049K->8448K(314560K), 0,0111170 secs] 344083K->65421K(1013632K), 0,0112400 secs] [Times: user=0,08 sys=0,00, real=0,02 secs] 
2015-08-31T11:25:48.105+0200: 331136,281: [GC2015-08-31T11:25:48.105+0200: 331136,281: [ParNew: 288064K->8706K(314560K), 0,0111780 secs] 345037K->66606K(1013632K), 0,0112910 secs] [Times: user=0,08 sys=0,00, real=0,00 secs] 
2015-08-31T11:26:46.308+0200: 331194,484: [GC2015-08-31T11:26:46.308+0200: 331194,484: [ParNew: 288322K->7325K(314560K), 0,0113410 secs] 346222K->66169K(1013632K), 0,0114520 secs] [Times: user=0,10 sys=0,00, real=0,01 secs] 
2015-08-31T11:27:44.047+0200: 331252,224: [GC2015-08-31T11:27:44.047+0200: 331252,224: [ParNew: 286941K->9960K(314560K), 0,0113030 secs] 345785K->69744K(1013632K), 0,0114090 secs] [Times: user=0,09 sys=0,00, real=0,01 secs] 
2015-08-31T11:28:42.251+0200: 331310,428: [GC2015-08-31T11:28:42.251+0200: 331310,428: [ParNew: 289576K->5908K(314560K), 0,0067900 secs] 349360K->66641K(1013632K), 0,0068870 secs] [Times: user=0,06 sys=0,00, real=0,01 secs] 
2015-08-31T11:29:39.033+0200: 331367,209: [GC2015-08-31T11:29:39.033+0200: 331367,209: [ParNew: 285524K->6719K(314560K), 0,0097160 secs] 346257K->68388K(1013632K), 0,0098130 secs] [Times: user=0,05 sys=0,00, real=0,01 secs] 
2015-08-31T11:30:37.225+0200: 331425,401: [GC2015-08-31T11:30:37.225+0200: 331425,401: [ParNew: 286335K->5759K(314560K), 0,0055220 secs] 348004K->68416K(1013632K), 0,0056060 secs] [Times: user=0,03 sys=0,01, real=0,00 secs] 
2015-08-31T11:31:34.075+0200: 331482,251: [GC2015-08-31T11:31:34.075+0200: 331482,251: [ParNew: 285375K->4212K(314560K), 0,0070120 secs] 348032K->67634K(1013632K), 0,0071210 secs] [Times: user=0,07 sys=0,00, real=0,01 secs] 
2015-08-31T11:32:31.908+0200: 331540,085: [GC2015-08-31T11:32:31.909+0200: 331540,085: [ParNew: 283828K->3778K(314560K), 0,0067740 secs] 347250K->67901K(1013632K), 0,0068830 secs] [Times: user=0,04 sys=0,00, real=0,00 secs] 
2015-08-31T11:33:30.839+0200: 331599,016: [GC2015-08-31T11:33:30.839+0200: 331599,016: [ParNew: 283394K->3517K(314560K), 0,0065900 secs] 347517K->68237K(1013632K), 0,0067080 secs] [Times: user=0,05 sys=0,00, real=0,01 secs] 
2015-08-31T11:34:28.762+0200: 331656,938: [GC2015-08-31T11:34:28.762+0200: 331656,938: [ParNew: 283133K->3081K(314560K), 0,0045900 secs] 347853K->67941K(1013632K), 0,0047110 secs] [Times: user=0,03 sys=0,00, real=0,01 secs] 
2015-08-31T11:35:26.287+0200: 331714,464: [GC2015-08-31T11:35:26.287+0200: 331714,464: [ParNew: 282697K->4438K(314560K), 0,0059850 secs] 347557K->69375K(1013632K), 0,0061040 secs] [Times: user=0,05 sys=0,00, real=0,00 secs] 
2015-08-31T11:36:24.345+0200: 331772,521: [GC2015-08-31T11:36:24.345+0200: 331772,521: [ParNew: 284054K->6272K(314560K), 0,0077830 secs] 348991K->71324K(1013632K), 0,0078910 secs] [Times: user=0,07 sys=0,00, real=0,00 secs] 
2015-08-31T11:37:22.233+0200: 331830,410: [GC2015-08-31T11:37:22.234+0200: 331830,410: [ParNew: 285888K->7036K(314560K), 0,0088810 secs] 350940K->72295K(1013632K), 0,0089930 secs] [Times: user=0,06 sys=0,00, real=0,01 secs] 
2015-08-31T11:38:20.265+0200: 331888,442: [GC2015-08-31T11:38:20.265+0200: 331888,442: [ParNew: 286652K->9083K(314560K), 0,0095170 secs] 351911K->74765K(1013632K), 0,0096410 secs] [Times: user=0,06 sys=0,00, real=0,00 secs] 
2015-08-31T11:39:18.405+0200: 331946,582: [GC2015-08-31T11:39:18.405+0200: 331946,582: [ParNew: 288699K->8909K(314560K), 0,0109480 secs] 354381K->75287K(1013632K), 0,0110850 secs] [Times: user=0,06 sys=0,00, real=0,00 secs] 
2015-08-31T11:40:16.557+0200: 332004,733: [GC2015-08-31T11:40:16.557+0200: 332004,733: [ParNew: 288525K->9536K(314560K), 0,0119190 secs] 354903K->76882K(1013632K), 0,0120260 secs] [Times: user=0,09 sys=0,00, real=0,01 secs] 
2015-08-31T11:41:15.474+0200: 332063,650: [GC2015-08-31T11:41:15.474+0200: 332063,651: [ParNew: 289152K->8237K(314560K), 0,0101780 secs] 356498K->76500K(1013632K), 0,0103040 secs] [Times: user=0,06 sys=0,00, real=0,01 secs] 
2015-08-31T11:42:14.172+0200: 332122,349: [GC2015-08-31T11:42:14.172+0200: 332122,349: [ParNew: 287853K->7802K(314560K), 0,0115410 secs] 356116K->76972K(1013632K), 0,0116570 secs] [Times: user=0,08 sys=0,00, real=0,01 secs] 
2015-08-31T11:43:12.734+0200: 332180,911: [GC2015-08-31T11:43:12.734+0200: 332180,911: [ParNew: 287418K->8506K(314560K), 0,0098680 secs] 356588K->78610K(1013632K), 0,0099940 secs] [Times: user=0,06 sys=0,00, real=0,02 secs] 
2015-08-31T11:44:11.299+0200: 332239,476: [GC2015-08-31T11:44:11.299+0200: 332239,476: [ParNew: 288122K->9320K(314560K), 0,0109890 secs] 358226K->80339K(1013632K), 0,0111190 secs] [Times: user=0,09 sys=0,00, real=0,01 secs] 
2015-08-31T11:45:09.234+0200: 332297,411: [GC2015-08-31T11:45:09.235+0200: 332297,411: [ParNew: 288936K->8750K(314560K), 0,0111480 secs] 359955K->80682K(1013632K), 0,0112700 secs] [Times: user=0,09 sys=0,00, real=0,02 secs] 
2015-08-31T11:46:06.911+0200: 332355,088: [GC2015-08-31T11:46:06.911+0200: 332355,088: [ParNew: 288366K->8175K(314560K), 0,0111710 secs] 360298K->81022K(1013632K), 0,0112930 secs] [Times: user=0,09 sys=0,00, real=0,01 secs] 
2015-08-31T11:47:04.890+0200: 332413,067: [GC2015-08-31T11:47:04.890+0200: 332413,067: [ParNew: 287791K->9074K(314560K), 0,0116530 secs] 360638K->82879K(1013632K), 0,0117760 secs] [Times: user=0,09 sys=0,00, real=0,01 secs] 
2015-08-31T11:48:01.724+0200: 332469,900: [GC2015-08-31T11:48:01.724+0200: 332469,900: [ParNew: 288690K->9171K(314560K), 0,0104720 secs] 362495K->83990K(1013632K), 0,0105850 secs] [Times: user=0,07 sys=0,00, real=0,01 secs] 
2015-08-31T11:48:59.757+0200: 332527,934: [GC2015-08-31T11:48:59.757+0200: 332527,934: [ParNew: 288787K->8431K(314560K), 0,0117520 secs] 363606K->84278K(1013632K), 0,0118610 secs] [Times: user=0,09 sys=0,00, real=0,01 secs] 
2015-08-31T11:49:57.792+0200: 332585,969: [GC2015-08-31T11:49:57.792+0200: 332585,969: [ParNew: 288047K->9176K(314560K), 0,0115600 secs] 363894K->85964K(1013632K), 0,0116640 secs] [Times: user=0,09 sys=0,00, real=0,01 secs] 
2015-08-31T11:50:56.009+0200: 332644,186: [GC2015-08-31T11:50:56.009+0200: 332644,186: [ParNew: 288792K->8664K(314560K), 0,0133590 secs] 365580K->86400K(1013632K), 0,0134830 secs] [Times: user=0,08 sys=0,00, real=0,01 secs] 
2015-08-31T11:51:52.067+0200: 332700,243: [GC2015-08-31T11:51:52.067+0200: 332700,243: [ParNew: 288280K->7901K(314560K), 0,0102130 secs] 366016K->86570K(1013632K), 0,0103830 secs] [Times: user=0,10 sys=0,00, real=0,01 secs] 
2015-08-31T11:52:50.772+0200: 332758,949: [GC2015-08-31T11:52:50.772+0200: 332758,949: [ParNew: 287517K->9403K(314560K), 0,0103810 secs] 366186K->88998K(1013632K), 0,0105020 secs] [Times: user=0,07 sys=0,00, real=0,01 secs] 
2015-08-31T11:53:48.329+0200: 332816,505: [GC2015-08-31T11:53:48.329+0200: 332816,506: [ParNew: 289019K->10263K(314560K), 0,0137270 secs] 368614K->90788K(1013632K), 0,0138510 secs] [Times: user=0,10 sys=0,00, real=0,01 secs] 
2015-08-31T11:54:46.201+0200: 332874,378: [GC2015-08-31T11:54:46.201+0200: 332874,378: [ParNew: 289879K->7398K(314560K), 0,0114070 secs] 370404K->88842K(1013632K), 0,0115280 secs] [Times: user=0,08 sys=0,00, real=0,01 secs] 
2015-08-31T11:55:45.388+0200: 332933,564: [GC2015-08-31T11:55:45.388+0200: 332933,564: [ParNew: 287014K->8868K(314560K), 0,0150520 secs] 368458K->91308K(1013632K), 0,0151750 secs] [Times: user=0,12 sys=0,00, real=0,01 secs] 
2015-08-31T11:56:43.998+0200: 332992,174: [GC2015-08-31T11:56:43.998+0200: 332992,174: [ParNew: 288484K->8151K(314560K), 0,0133280 secs] 370924K->91617K(1013632K), 0,0134210 secs] [Times: user=0,08 sys=0,00, real=0,01 secs] 
2015-08-31T11:57:42.562+0200: 333050,739: [GC2015-08-31T11:57:42.562+0200: 333050,739: [ParNew: 287767K->9838K(314560K), 0,0116380 secs] 371233K->94305K(1013632K), 0,0117530 secs] [Times: user=0,08 sys=0,00, real=0,01 secs] 
2015-08-31T11:58:41.125+0200: 333109,302: [GC2015-08-31T11:58:41.125+0200: 333109,302: [ParNew: 289454K->9169K(314560K), 0,0094840 secs] 373921K->94567K(1013632K), 0,0095810 secs] [Times: user=0,05 sys=0,00, real=0,00 secs] 
2015-08-31T11:59:39.686+0200: 333167,863: [GC2015-08-31T11:59:39.686+0200: 333167,863: [ParNew: 288785K->9456K(314560K), 0,0112810 secs] 374183K->95765K(1013632K), 0,0114020 secs] [Times: user=0,09 sys=0,00, real=0,01 secs] 
2015-08-31T12:00:38.105+0200: 333226,281: [GC2015-08-31T12:00:38.105+0200: 333226,281: [ParNew: 289072K->8778K(314560K), 0,0118560 secs] 375381K->96011K(1013632K), 0,0119730 secs] [Times: user=0,08 sys=0,00, real=0,01 secs] 
2015-08-31T12:01:36.294+0200: 333284,471: [GC2015-08-31T12:01:36.295+0200: 333284,471: [ParNew: 288394K->8914K(314560K), 0,0106290 secs] 375627K->97097K(1013632K), 0,0107610 secs] [Times: user=0,09 sys=0,00, real=0,02 secs] 
2015-08-31T12:02:34.297+0200: 333342,474: [GC2015-08-31T12:02:34.297+0200: 333342,474: [ParNew: 288530K->8302K(314560K), 0,0097390 secs] 376713K->97434K(1013632K), 0,0098470 secs] [Times: user=0,07 sys=0,00, real=0,01 secs] 
2015-08-31T12:03:32.329+0200: 333400,506: [GC2015-08-31T12:03:32.329+0200: 333400,506: [ParNew: 287918K->8419K(314560K), 0,0065410 secs] 377050K->98499K(1013632K), 0,0066390 secs] [Times: user=0,04 sys=0,00, real=0,00 secs] 
2015-08-31T12:04:30.359+0200: 333458,535: [GC2015-08-31T12:04:30.359+0200: 333458,535: [ParNew: 288035K->9305K(314560K), 0,0107410 secs] 378115K->100417K(1013632K), 0,0108530 secs] [Times: user=0,08 sys=0,00, real=0,01 secs] 
2015-08-31T12:05:28.201+0200: 333516,377: [GC2015-08-31T12:05:28.201+0200: 333516,377: [ParNew: 288921K->10112K(314560K), 0,0121390 secs] 380033K->102282K(1013632K), 0,0122660 secs] [Times: user=0,07 sys=0,00, real=0,01 secs] 
2015-08-31T12:06:26.215+0200: 333574,391: [GC2015-08-31T12:06:26.215+0200: 333574,391: [ParNew: 289728K->8532K(314560K), 0,0108140 secs] 381898K->101650K(1013632K), 0,0109340 secs] [Times: user=0,09 sys=0,00, real=0,02 secs] 
2015-08-31T12:07:24.248+0200: 333632,425: [GC2015-08-31T12:07:24.248+0200: 333632,425: [ParNew: 288148K->8035K(314560K), 0,0113150 secs] 381266K->102116K(1013632K), 0,0114240 secs] [Times: user=0,08 sys=0,00, real=0,01 secs] 
2015-08-31T12:08:21.661+0200: 333689,837: [GC2015-08-31T12:08:21.661+0200: 333689,837: [ParNew: 287651K->8699K(314560K), 0,0108770 secs] 381732K->103726K(1013632K), 0,0109680 secs] [Times: user=0,05 sys=0,00, real=0,01 secs] 
2015-08-31T12:09:18.714+0200: 333746,891: [GC2015-08-31T12:09:18.715+0200: 333746,891: [ParNew: 288315K->8039K(314560K), 0,0114690 secs] 383342K->104009K(1013632K), 0,0115880 secs] [Times: user=0,08 sys=0,00, real=0,02 secs] 
2015-08-31T12:10:16.275+0200: 333804,452: [GC2015-08-31T12:10:16.275+0200: 333804,452: [ParNew: 287655K->10345K(314560K), 0,0090690 secs] 383625K->107257K(1013632K), 0,0091910 secs] [Times: user=0,07 sys=0,00, real=0,02 secs] 
2015-08-31T12:11:13.831+0200: 333862,008: [GC2015-08-31T12:11:13.831+0200: 333862,008: [ParNew: 289961K->7922K(314560K), 0,0119980 secs] 386873K->105775K(1013632K), 0,0121290 secs] [Times: user=0,08 sys=0,00, real=0,01 secs] 
2015-08-31T12:12:11.394+0200: 333919,570: [GC2015-08-31T12:12:11.394+0200: 333919,570: [ParNew: 287538K->9612K(314560K), 0,0110950 secs] 385391K->108444K(1013632K), 0,0112120 secs] [Times: user=0,09 sys=0,00, real=0,02 secs] 
2015-08-31T12:13:09.392+0200: 333977,568: [GC2015-08-31T12:13:09.392+0200: 333977,568: [ParNew: 289228K->8947K(314560K), 0,0117490 secs] 388060K->108808K(1013632K), 0,0118610 secs] [Times: user=0,08 sys=0,00, real=0,01 secs] 
2015-08-31T12:14:07.427+0200: 334035,603: [GC2015-08-31T12:14:07.427+0200: 334035,603: [ParNew: 288563K->9878K(314560K), 0,0102100 secs] 388424K->110767K(1013632K), 0,0103250 secs] [Times: user=0,06 sys=0,00, real=0,01 secs] 
2015-08-31T12:15:05.037+0200: 334093,213: [GC2015-08-31T12:15:05.037+0200: 334093,213: [ParNew: 289494K->9917K(314560K), 0,0070330 secs] 390383K->111736K(1013632K), 0,0071170 secs] [Times: user=0,04 sys=0,00, real=0,00 secs] 
2015-08-31T12:16:02.844+0200: 334151,021: [GC2015-08-31T12:16:02.844+0200: 334151,021: [ParNew: 289533K->7305K(314560K), 0,0112370 secs] 391352K->110051K(1013632K), 0,0113550 secs] [Times: user=0,08 sys=0,00, real=0,00 secs] 
2015-08-31T12:17:00.653+0200: 334208,830: [GC2015-08-31T12:17:00.653+0200: 334208,830: [ParNew: 286921K->9822K(314560K), 0,0115960 secs] 389667K->113506K(1013632K), 0,0117130 secs] [Times: user=0,08 sys=0,01, real=0,02 secs] 
2015-08-31T12:17:59.161+0200: 334267,338: [GC2015-08-31T12:17:59.161+0200: 334267,338: [ParNew: 289438K->7433K(314560K), 0,0084590 secs] 393122K->112052K(1013632K), 0,0085730 secs] [Times: user=0,06 sys=0,00, real=0,01 secs] 
2015-08-31T12:18:57.149+0200: 334325,326: [GC2015-08-31T12:18:57.149+0200: 334325,326: [ParNew: 287049K->7978K(314560K), 0,0106440 secs] 391668K->113534K(1013632K), 0,0107480 secs] [Times: user=0,07 sys=0,00, real=0,01 secs] 
2015-08-31T12:19:55.245+0200: 334383,422: [GC2015-08-31T12:19:55.245+0200: 334383,422: [ParNew: 287594K->10239K(314560K), 0,0118890 secs] 393150K->116728K(1013632K), 0,0120110 secs] [Times: user=0,09 sys=0,00, real=0,01 secs] 
2015-08-31T12:20:53.105+0200: 334441,281: [GC2015-08-31T12:20:53.105+0200: 334441,281: [ParNew: 289855K->9389K(314560K), 0,0099210 secs] 396344K->116874K(1013632K), 0,0100070 secs] [Times: user=0,04 sys=0,00, real=0,00 secs] 
2015-08-31T12:21:51.028+0200: 334499,205: [GC2015-08-31T12:21:51.029+0200: 334499,205: [ParNew: 289005K->8308K(314560K), 0,0130450 secs] 396490K->116820K(1013632K), 0,0131660 secs] [Times: user=0,08 sys=0,00, real=0,01 secs] 
2015-08-31T12:22:49.064+0200: 334557,241: [GC2015-08-31T12:22:49.065+0200: 334557,241: [ParNew: 287924K->8222K(314560K), 0,0093180 secs] 396436K->117655K(1013632K), 0,0094160 secs] [Times: user=0,06 sys=0,00, real=0,00 secs] 
2015-08-31T12:23:47.097+0200: 334615,274: [GC2015-08-31T12:23:47.097+0200: 334615,274: [ParNew: 287838K->8582K(314560K), 0,0097120 secs] 397271K->118958K(1013632K), 0,0098120 secs] [Times: user=0,06 sys=0,00, real=0,01 secs] 
2015-08-31T12:24:45.076+0200: 334673,253: [GC2015-08-31T12:24:45.076+0200: 334673,253: [ParNew: 288198K->9986K(314560K), 0,0123680 secs] 398574K->121315K(1013632K), 0,0124710 secs] [Times: user=0,08 sys=0,00, real=0,01 secs] 
2015-08-31T12:25:43.503+0200: 334731,679: [GC2015-08-31T12:25:43.503+0200: 334731,679: [ParNew: 289602K->7180K(314560K), 0,0093190 secs] 400931K->119445K(1013632K), 0,0094290 secs] [Times: user=0,07 sys=0,00, real=0,01 secs] 
2015-08-31T12:26:41.377+0200: 334789,553: [GC2015-08-31T12:26:41.377+0200: 334789,553: [ParNew: 286796K->8762K(314560K), 0,0115710 secs] 399061K->121954K(1013632K), 0,0116940 secs] [Times: user=0,07 sys=0,00, real=0,01 secs] 
2015-08-31T12:27:38.918+0200: 334847,095: [GC2015-08-31T12:27:38.918+0200: 334847,095: [ParNew: 288378K->10003K(314560K), 0,0111970 secs] 401570K->124128K(1013632K), 0,0113150 secs] [Times: user=0,09 sys=0,00, real=0,01 secs] 
2015-08-31T12:28:37.180+0200: 334905,356: [GC2015-08-31T12:28:37.180+0200: 334905,356: [ParNew: 289619K->8361K(314560K), 0,0102900 secs] 403744K->123422K(1013632K), 0,0103650 secs] [Times: user=0,05 sys=0,00, real=0,01 secs] 
2015-08-31T12:29:35.058+0200: 334963,235: [GC2015-08-31T12:29:35.058+0200: 334963,235: [ParNew: 287977K->7619K(314560K), 0,0094150 secs] 403038K->123693K(1013632K), 0,0095160 secs] [Times: user=0,06 sys=0,00, real=0,01 secs] 
2015-08-31T12:30:32.812+0200: 335020,989: [GC2015-08-31T12:30:32.812+0200: 335020,989: [ParNew: 287235K->5393K(314560K), 0,0090880 secs] 403309K->122491K(1013632K), 0,0092070 secs] [Times: user=0,07 sys=0,00, real=0,01 secs] 
2015-08-31T12:31:30.337+0200: 335078,514: [GC2015-08-31T12:31:30.337+0200: 335078,514: [ParNew: 285009K->3465K(314560K), 0,0075070 secs] 402107K->121281K(1013632K), 0,0076200 secs] [Times: user=0,06 sys=0,00, real=0,01 secs] 
2015-08-31T12:32:28.491+0200: 335136,668: [GC2015-08-31T12:32:28.491+0200: 335136,668: [ParNew: 283081K->3685K(314560K), 0,0065440 secs] 400897K->122178K(1013632K), 0,0066660 secs] [Times: user=0,07 sys=0,00, real=0,01 secs] 
2015-08-31T12:33:26.548+0200: 335194,725: [GC2015-08-31T12:33:26.548+0200: 335194,725: [ParNew: 283301K->2626K(314560K), 0,0070220 secs] 401794K->121757K(1013632K), 0,0071400 secs] [Times: user=0,03 sys=0,01, real=0,00 secs] 
2015-08-31T12:34:24.379+0200: 335252,555: [GC2015-08-31T12:34:24.379+0200: 335252,556: [ParNew: 282242K->4001K(314560K), 0,0053980 secs] 401373K->123193K(1013632K), 0,0055100 secs] [Times: user=0,03 sys=0,00, real=0,01 secs] 
2015-08-31T12:35:21.926+0200: 335310,103: [GC2015-08-31T12:35:21.926+0200: 335310,103: [ParNew: 283617K->5462K(314560K), 0,0061310 secs] 402809K->124823K(1013632K), 0,0062520 secs] [Times: user=0,04 sys=0,00, real=0,00 secs] 
2015-08-31T12:36:19.830+0200: 335368,006: [GC2015-08-31T12:36:19.830+0200: 335368,006: [ParNew: 285078K->6095K(314560K), 0,0077030 secs] 404439K->125592K(1013632K), 0,0078220 secs] [Times: user=0,06 sys=0,00, real=0,01 secs] 
2015-08-31T12:37:17.753+0200: 335425,930: [GC2015-08-31T12:37:17.753+0200: 335425,930: [ParNew: 285711K->8069K(314560K), 0,0084960 secs] 405208K->127868K(1013632K), 0,0086180 secs] [Times: user=0,08 sys=0,00, real=0,01 secs] 
2015-08-31T12:38:15.683+0200: 335483,860: [GC2015-08-31T12:38:15.684+0200: 335483,860: [ParNew: 287685K->8192K(314560K), 0,0099470 secs] 407484K->128598K(1013632K), 0,0100780 secs] [Times: user=0,08 sys=0,00, real=0,01 secs] 
2015-08-31T12:39:13.717+0200: 335541,893: [GC2015-08-31T12:39:13.717+0200: 335541,893: [ParNew: 287808K->9667K(314560K), 0,0123640 secs] 408214K->130783K(1013632K), 0,0124660 secs] [Times: user=0,09 sys=0,00, real=0,01 secs] 
2015-08-31T12:40:11.752+0200: 335599,928: [GC2015-08-31T12:40:11.752+0200: 335599,928: [ParNew: 289283K->9535K(314560K), 0,0108840 secs] 410399K->131531K(1013632K), 0,0109960 secs] [Times: user=0,09 sys=0,00, real=0,01 secs] 
2015-08-31T12:41:09.785+0200: 335657,962: [GC2015-08-31T12:41:09.785+0200: 335657,962: [ParNew: 289151K->7595K(314560K), 0,0108510 secs] 411147K->130497K(1013632K), 0,0109900 secs] [Times: user=0,07 sys=0,00, real=0,01 secs] 
2015-08-31T12:42:07.822+0200: 335715,999: [GC2015-08-31T12:42:07.823+0200: 335715,999: [ParNew: 287211K->9102K(314560K), 0,0115480 secs] 410113K->132908K(1013632K), 0,0116550 secs] [Times: user=0,09 sys=0,00, real=0,01 secs] 
2015-08-31T12:43:05.857+0200: 335774,034: [GC2015-08-31T12:43:05.857+0200: 335774,034: [ParNew: 288718K->9979K(314560K), 0,0113140 secs] 412524K->134715K(1013632K), 0,0114350 secs] [Times: user=0,07 sys=0,00, real=0,01 secs] 
2015-08-31T12:44:04.134+0200: 335832,311: [GC2015-08-31T12:44:04.134+0200: 335832,311: [ParNew: 289595K->8223K(314560K), 0,0115550 secs] 414331K->133882K(1013632K), 0,0116550 secs] [Times: user=0,08 sys=0,00, real=0,02 secs] 
2015-08-31T12:45:02.844+0200: 335891,021: [GC2015-08-31T12:45:02.844+0200: 335891,021: [ParNew: 287839K->8171K(314560K), 0,0129410 secs] 413498K->134752K(1013632K), 0,0130590 secs] [Times: user=0,07 sys=0,00, real=0,01 secs] 
2015-08-31T12:46:01.252+0200: 335949,429: [GC2015-08-31T12:46:01.252+0200: 335949,429: [ParNew: 287787K->10449K(314560K), 0,0126360 secs] 414368K->138054K(1013632K), 0,0127500 secs] [Times: user=0,07 sys=0,00, real=0,02 secs] 
2015-08-31T12:46:58.814+0200: 336006,991: [GC2015-08-31T12:46:58.814+0200: 336006,991: [ParNew: 290065K->7603K(314560K), 0,0109000 secs] 417670K->136245K(1013632K), 0,0110050 secs] [Times: user=0,08 sys=0,00, real=0,02 secs] 
2015-08-31T12:47:56.443+0200: 336064,619: [GC2015-08-31T12:47:56.443+0200: 336064,619: [ParNew: 287219K->9014K(314560K), 0,0114660 secs] 415861K->138601K(1013632K), 0,0115860 secs] [Times: user=0,09 sys=0,00, real=0,01 secs] 
2015-08-31T12:48:54.405+0200: 336122,581: [GC2015-08-31T12:48:54.405+0200: 336122,581: [ParNew: 288630K->9127K(314560K), 0,0104910 secs] 418217K->139635K(1013632K), 0,0106200 secs] [Times: user=0,07 sys=0,00, real=0,00 secs] 
2015-08-31T12:49:52.438+0200: 336180,614: [GC2015-08-31T12:49:52.438+0200: 336180,615: [ParNew: 288743K->9277K(314560K), 0,0098960 secs] 419251K->140721K(1013632K), 0,0100120 secs] [Times: user=0,07 sys=0,00, real=0,01 secs] 
2015-08-31T12:50:50.434+0200: 336238,611: [GC2015-08-31T12:50:50.434+0200: 336238,611: [ParNew: 288893K->9410K(314560K), 0,0056830 secs] 420337K->141793K(1013632K), 0,0057780 secs] [Times: user=0,05 sys=0,00, real=0,01 secs] 
2015-08-31T12:51:48.583+0200: 336296,760: [GC2015-08-31T12:51:48.583+0200: 336296,760: [ParNew: 289026K->8087K(314560K), 0,0128810 secs] 421409K->141416K(1013632K), 0,0130080 secs] [Times: user=0,07 sys=0,00, real=0,02 secs] 
2015-08-31T12:52:46.143+0200: 336354,320: [GC2015-08-31T12:52:46.143+0200: 336354,320: [ParNew: 287703K->8922K(314560K), 0,0106710 secs] 421032K->143175K(1013632K), 0,0107900 secs] [Times: user=0,09 sys=0,00, real=0,01 secs] 
2015-08-31T12:53:43.962+0200: 336412,138: [GC2015-08-31T12:53:43.962+0200: 336412,138: [ParNew: 288538K->9074K(314560K), 0,0107320 secs] 422791K->144292K(1013632K), 0,0108630 secs] [Times: user=0,05 sys=0,01, real=0,01 secs] 
2015-08-31T12:54:41.250+0200: 336469,426: [GC2015-08-31T12:54:41.250+0200: 336469,426: [ParNew: 288690K->9179K(314560K), 0,0120930 secs] 423908K->145423K(1013632K), 0,0122250 secs] [Times: user=0,08 sys=0,00, real=0,01 secs] 
2015-08-31T12:55:38.771+0200: 336526,947: [GC2015-08-31T12:55:38.771+0200: 336526,948: [ParNew: 288795K->9193K(314560K), 0,0140340 secs] 425039K->146457K(1013632K), 0,0141530 secs] [Times: user=0,09 sys=0,00, real=0,02 secs] 
2015-08-31T12:56:36.608+0200: 336584,784: [GC2015-08-31T12:56:36.608+0200: 336584,784: [ParNew: 288809K->9972K(314560K), 0,0080980 secs] 426073K->148182K(1013632K), 0,0082300 secs] [Times: user=0,04 sys=0,00, real=0,00 secs] 
2015-08-31T12:57:33.709+0200: 336641,885: [GC2015-08-31T12:57:33.709+0200: 336641,885: [ParNew: 289588K->7323K(314560K), 0,0120950 secs] 427798K->146452K(1013632K), 0,0122150 secs] [Times: user=0,08 sys=0,01, real=0,01 secs] 
2015-08-31T12:58:31.357+0200: 336699,534: [GC2015-08-31T12:58:31.357+0200: 336699,534: [ParNew: 286939K->8514K(314560K), 0,0113240 secs] 426068K->148597K(1013632K), 0,0114390 secs] [Times: user=0,07 sys=0,00, real=0,01 secs] 
2015-08-31T12:59:30.009+0200: 336758,186: [GC2015-08-31T12:59:30.009+0200: 336758,186: [ParNew: 288130K->9223K(314560K), 0,0094120 secs] 428213K->150244K(1013632K), 0,0095230 secs] [Times: user=0,08 sys=0,00, real=0,01 secs] 
2015-08-31T13:00:28.070+0200: 336816,246: [GC2015-08-31T13:00:28.070+0200: 336816,246: [ParNew: 288839K->9500K(314560K), 0,0100610 secs] 429860K->151451K(1013632K), 0,0101700 secs] [Times: user=0,07 sys=0,00, real=0,01 secs] 
2015-08-31T13:01:25.934+0200: 336874,110: [GC2015-08-31T13:01:25.934+0200: 336874,111: [ParNew: 289116K->9682K(314560K), 0,0127510 secs] 431067K->152574K(1013632K), 0,0128710 secs] [Times: user=0,11 sys=0,00, real=0,02 secs] 
2015-08-31T13:02:24.994+0200: 336933,170: [GC2015-08-31T13:02:24.994+0200: 336933,170: [ParNew: 289298K->9045K(314560K), 0,0150850 secs] 432190K->152923K(1013632K), 0,0151970 secs] [Times: user=0,08 sys=0,00, real=0,02 secs] 
2015-08-31T13:03:23.726+0200: 336991,902: [GC2015-08-31T13:03:23.726+0200: 336991,902: [ParNew: 288661K->9906K(314560K), 0,0116370 secs] 432539K->154798K(1013632K), 0,0117490 secs] [Times: user=0,08 sys=0,00, real=0,01 secs] 
2015-08-31T13:04:22.285+0200: 337050,462: [GC2015-08-31T13:04:22.285+0200: 337050,462: [ParNew: 289522K->9973K(314560K), 0,0120100 secs] 434414K->155878K(1013632K), 0,0121320 secs] [Times: user=0,09 sys=0,00, real=0,01 secs] 
2015-08-31T13:05:21.190+0200: 337109,366: [GC2015-08-31T13:05:21.190+0200: 337109,366: [ParNew: 289589K->9251K(314560K), 0,0092100 secs] 435494K->156092K(1013632K), 0,0093210 secs] [Times: user=0,06 sys=0,00, real=0,01 secs] 
2015-08-31T13:06:19.900+0200: 337168,076: [GC2015-08-31T13:06:19.900+0200: 337168,076: [ParNew: 288867K->9537K(314560K), 0,0113620 secs] 435708K->157315K(1013632K), 0,0114810 secs] [Times: user=0,07 sys=0,00, real=0,01 secs] 
2015-08-31T13:07:18.965+0200: 337227,142: [GC2015-08-31T13:07:18.965+0200: 337227,142: [ParNew: 289153K->8798K(314560K), 0,0109500 secs] 436931K->157493K(1013632K), 0,0110760 secs] [Times: user=0,07 sys=0,00, real=0,00 secs] 
2015-08-31T13:08:17.531+0200: 337285,708: [GC2015-08-31T13:08:17.531+0200: 337285,708: [ParNew: 288414K->9680K(314560K), 0,0104400 secs] 437109K->159334K(1013632K), 0,0105510 secs] [Times: user=0,10 sys=0,00, real=0,01 secs] 
2015-08-31T13:09:16.934+0200: 337345,111: [GC2015-08-31T13:09:16.934+0200: 337345,111: [ParNew: 289296K->9066K(314560K), 0,0115440 secs] 438950K->159681K(1013632K), 0,0116590 secs] [Times: user=0,10 sys=0,00, real=0,02 secs] 
2015-08-31T13:10:16.145+0200: 337404,322: [GC2015-08-31T13:10:16.145+0200: 337404,322: [ParNew: 288682K->9211K(314560K), 0,0113830 secs] 439297K->160775K(1013632K), 0,0114870 secs] [Times: user=0,08 sys=0,00, real=0,01 secs] 
2015-08-31T13:11:15.205+0200: 337463,382: [GC2015-08-31T13:11:15.205+0200: 337463,382: [ParNew: 288827K->9378K(314560K), 0,0115850 secs] 440391K->161985K(1013632K), 0,0117120 secs] [Times: user=0,07 sys=0,00, real=0,01 secs] 
2015-08-31T13:12:14.269+0200: 337522,446: [GC2015-08-31T13:12:14.269+0200: 337522,446: [ParNew: 288994K->9418K(314560K), 0,0111660 secs] 441601K->163058K(1013632K), 0,0113150 secs] [Times: user=0,08 sys=0,00, real=0,01 secs] 
2015-08-31T13:13:12.835+0200: 337581,012: [GC2015-08-31T13:13:12.835+0200: 337581,012: [ParNew: 289034K->7872K(314560K), 0,0107790 secs] 442674K->162467K(1013632K), 0,0108840 secs] [Times: user=0,10 sys=0,00, real=0,02 secs] 
2015-08-31T13:14:11.101+0200: 337639,277: [GC2015-08-31T13:14:11.101+0200: 337639,278: [ParNew: 287488K->8916K(314560K), 0,0097340 secs] 442083K->164472K(1013632K), 0,0098570 secs] [Times: user=0,07 sys=0,00, real=0,01 secs] 
2015-08-31T13:15:09.091+0200: 337697,268: [GC2015-08-31T13:15:09.092+0200: 337697,268: [ParNew: 288532K->9599K(314560K), 0,0103700 secs] 444088K->166129K(1013632K), 0,0104900 secs] [Times: user=0,08 sys=0,00, real=0,01 secs] 
2015-08-31T13:16:06.998+0200: 337755,174: [GC2015-08-31T13:16:06.998+0200: 337755,175: [ParNew: 289215K->8167K(314560K), 0,0107060 secs] 445745K->165677K(1013632K), 0,0108190 secs] [Times: user=0,04 sys=0,00, real=0,01 secs] 
2015-08-31T13:17:05.556+0200: 337813,733: [GC2015-08-31T13:17:05.556+0200: 337813,733: [ParNew: 287783K->9717K(314560K), 0,0113030 secs] 445293K->168177K(1013632K), 0,0114210 secs] [Times: user=0,09 sys=0,00, real=0,02 secs] 
2015-08-31T13:18:03.105+0200: 337871,281: [GC2015-08-31T13:18:03.105+0200: 337871,281: [ParNew: 289333K->9832K(314560K), 0,0094760 secs] 447793K->169252K(1013632K), 0,0095800 secs] [Times: user=0,06 sys=0,00, real=0,00 secs] 
2015-08-31T13:19:01.667+0200: 337929,843: [GC2015-08-31T13:19:01.667+0200: 337929,844: [ParNew: 289448K->8393K(314560K), 0,0098820 secs] 448868K->168809K(1013632K), 0,0100080 secs] [Times: user=0,06 sys=0,00, real=0,01 secs] 
2015-08-31T13:20:00.228+0200: 337988,404: [GC2015-08-31T13:20:00.228+0200: 337988,404: [ParNew: 288009K->9979K(314560K), 0,0113970 secs] 448425K->171427K(1013632K), 0,0115080 secs] [Times: user=0,09 sys=0,00, real=0,01 secs] 
2015-08-31T13:20:58.793+0200: 338046,969: [GC2015-08-31T13:20:58.793+0200: 338046,969: [ParNew: 289595K->9995K(314560K), 0,0118750 secs] 451043K->172477K(1013632K), 0,0120090 secs] [Times: user=0,08 sys=0,00, real=0,02 secs] 
2015-08-31T13:21:57.352+0200: 338105,528: [GC2015-08-31T13:21:57.352+0200: 338105,528: [ParNew: 289611K->6925K(314560K), 0,0112520 secs] 452093K->170346K(1013632K), 0,0113680 secs] [Times: user=0,10 sys=0,00, real=0,01 secs] 
2015-08-31T13:22:55.913+0200: 338164,089: [GC2015-08-31T13:22:55.913+0200: 338164,089: [ParNew: 286541K->9475K(314560K), 0,0129030 secs] 449962K->173843K(1013632K), 0,0130360 secs] [Times: user=0,08 sys=0,00, real=0,02 secs] 
2015-08-31T13:23:53.907+0200: 338222,083: [GC2015-08-31T13:23:53.907+0200: 338222,083: [ParNew: 289091K->10159K(314560K), 0,0066040 secs] 453459K->175450K(1013632K), 0,0066900 secs] [Times: user=0,05 sys=0,00, real=0,00 secs] 
2015-08-31T13:24:52.527+0200: 338280,703: [GC2015-08-31T13:24:52.527+0200: 338280,703: [ParNew: 289775K->8244K(314560K), 0,0156320 secs] 455066K->174475K(1013632K), 0,0157570 secs] [Times: user=0,10 sys=0,00, real=0,01 secs] 
2015-08-31T13:25:51.491+0200: 338339,667: [GC2015-08-31T13:25:51.491+0200: 338339,667: [ParNew: 287860K->9467K(314560K), 0,0115820 secs] 454091K->176643K(1013632K), 0,0117000 secs] [Times: user=0,09 sys=0,00, real=0,01 secs] 
2015-08-31T13:26:50.095+0200: 338398,271: [GC2015-08-31T13:26:50.095+0200: 338398,271: [ParNew: 289083K->8954K(314560K), 0,0122720 secs] 456259K->177078K(1013632K), 0,0123880 secs] [Times: user=0,06 sys=0,00, real=0,02 secs] 
2015-08-31T13:27:48.416+0200: 338456,593: [GC2015-08-31T13:27:48.416+0200: 338456,593: [ParNew: 288570K->9032K(314560K), 0,0105050 secs] 456694K->178171K(1013632K), 0,0106330 secs] [Times: user=0,07 sys=0,00, real=0,02 secs] 
2015-08-31T13:28:47.390+0200: 338515,567: [GC2015-08-31T13:28:47.390+0200: 338515,567: [ParNew: 288648K->6982K(314560K), 0,0148350 secs] 457787K->177146K(1013632K), 0,0149490 secs] [Times: user=0,12 sys=0,00, real=0,02 secs] 
2015-08-31T13:29:45.259+0200: 338573,436: [GC2015-08-31T13:29:45.259+0200: 338573,436: [ParNew: 286598K->5617K(314560K), 0,0089110 secs] 456762K->176726K(1013632K), 0,0090380 secs] [Times: user=0,07 sys=0,00, real=0,01 secs] 
2015-08-31T13:30:43.105+0200: 338631,281: [GC2015-08-31T13:30:43.105+0200: 338631,281: [ParNew: 285218K->5506K(314560K), 0,0071440 secs] 456326K->177560K(1013632K), 0,0072180 secs] [Times: user=0,03 sys=0,01, real=0,00 secs] 
2015-08-31T13:31:41.113+0200: 338689,290: [GC2015-08-31T13:31:41.113+0200: 338689,290: [ParNew: 285122K->4001K(314560K), 0,0067700 secs] 457176K->176717K(1013632K), 0,0068870 secs] [Times: user=0,03 sys=0,01, real=0,01 secs] 
2015-08-31T13:32:39.143+0200: 338747,319: [GC2015-08-31T13:32:39.143+0200: 338747,319: [ParNew: 283617K->3132K(314560K), 0,0054040 secs] 456333K->176595K(1013632K), 0,0055220 secs] [Times: user=0,02 sys=0,00, real=0,01 secs] 
2015-08-31T13:33:36.385+0200: 338804,561: [GC2015-08-31T13:33:36.385+0200: 338804,561: [ParNew: 282748K->3171K(314560K), 0,0094240 secs] 456211K->177192K(1013632K), 0,0095470 secs] [Times: user=0,06 sys=0,00, real=0,00 secs] 
2015-08-31T13:34:35.434+0200: 338863,611: [GC2015-08-31T13:34:35.434+0200: 338863,611: [ParNew: 282787K->4135K(314560K), 0,0052740 secs] 456808K->178302K(1013632K), 0,0053860 secs] [Times: user=0,03 sys=0,00, real=0,01 secs] 
2015-08-31T13:35:34.100+0200: 338922,277: [GC2015-08-31T13:35:34.100+0200: 338922,277: [ParNew: 283751K->5139K(314560K), 0,0056290 secs] 457918K->179419K(1013632K), 0,0057500 secs] [Times: user=0,05 sys=0,00, real=0,01 secs] 
2015-08-31T13:36:32.517+0200: 338980,693: [GC2015-08-31T13:36:32.517+0200: 338980,693: [ParNew: 284755K->7047K(314560K), 0,0078650 secs] 459035K->181536K(1013632K), 0,0079710 secs] [Times: user=0,04 sys=0,00, real=0,01 secs] 
2015-08-31T13:37:31.213+0200: 339039,389: [GC2015-08-31T13:37:31.213+0200: 339039,389: [ParNew: 286663K->8645K(314560K), 0,0069110 secs] 461152K->183452K(1013632K), 0,0070220 secs] [Times: user=0,04 sys=0,01, real=0,01 secs] 
2015-08-31T13:38:29.902+0200: 339098,079: [GC2015-08-31T13:38:29.902+0200: 339098,079: [ParNew: 288261K->8852K(314560K), 0,0097440 secs] 463068K->184152K(1013632K), 0,0098680 secs] [Times: user=0,06 sys=0,00, real=0,01 secs] 
2015-08-31T13:39:27.828+0200: 339156,004: [GC2015-08-31T13:39:27.828+0200: 339156,004: [ParNew: 288468K->9186K(314560K), 0,0098530 secs] 463768K->185108K(1013632K), 0,0099750 secs] [Times: user=0,08 sys=0,00, real=0,01 secs] 
2015-08-31T13:40:23.105+0200: 339211,281: [GC2015-08-31T13:40:23.105+0200: 339211,281: [ParNew: 288802K->9780K(314560K), 0,0070340 secs] 464724K->186570K(1013632K), 0,0071120 secs] [Times: user=0,03 sys=0,00, real=0,00 secs] 
2015-08-31T13:41:17.705+0200: 339265,882: [GC2015-08-31T13:41:17.705+0200: 339265,882: [ParNew: 289396K->7170K(314560K), 0,0166350 secs] 466186K->184874K(1013632K), 0,0167490 secs] [Times: user=0,12 sys=0,00, real=0,01 secs] 
2015-08-31T13:42:16.360+0200: 339324,536: [GC2015-08-31T13:42:16.360+0200: 339324,536: [ParNew: 286786K->8635K(314560K), 0,0089840 secs] 464490K->187271K(1013632K), 0,0090790 secs] [Times: user=0,05 sys=0,00, real=0,01 secs] 
2015-08-31T13:43:14.525+0200: 339382,702: [GC2015-08-31T13:43:14.525+0200: 339382,702: [ParNew: 288251K->9440K(314560K), 0,0118490 secs] 466887K->189020K(1013632K), 0,0119720 secs] [Times: user=0,07 sys=0,01, real=0,01 secs] 
2015-08-31T13:44:12.863+0200: 339441,039: [GC2015-08-31T13:44:12.863+0200: 339441,039: [ParNew: 289056K->8224K(314560K), 0,0112270 secs] 468636K->188822K(1013632K), 0,0113290 secs] [Times: user=0,08 sys=0,00, real=0,01 secs] 
2015-08-31T13:45:10.841+0200: 339499,018: [GC2015-08-31T13:45:10.841+0200: 339499,018: [ParNew: 287840K->9798K(314560K), 0,0109560 secs] 468438K->191414K(1013632K), 0,0110800 secs] [Times: user=0,07 sys=0,00, real=0,01 secs] 
2015-08-31T13:46:08.875+0200: 339557,051: [GC2015-08-31T13:46:08.875+0200: 339557,051: [ParNew: 289414K->9087K(314560K), 0,0073580 secs] 471030K->191622K(1013632K), 0,0074460 secs] [Times: user=0,06 sys=0,00, real=0,01 secs] 
2015-08-31T13:47:06.239+0200: 339614,416: [GC2015-08-31T13:47:06.239+0200: 339614,416: [ParNew: 288703K->9284K(314560K), 0,0139370 secs] 471238K->192712K(1013632K), 0,0140470 secs] [Times: user=0,11 sys=0,00, real=0,01 secs] 
2015-08-31T13:48:04.306+0200: 339672,483: [GC2015-08-31T13:48:04.306+0200: 339672,483: [ParNew: 288900K->8577K(314560K), 0,0117630 secs] 472328K->192935K(1013632K), 0,0118840 secs] [Times: user=0,09 sys=0,00, real=0,01 secs] 
2015-08-31T13:49:02.148+0200: 339730,325: [GC2015-08-31T13:49:02.148+0200: 339730,325: [ParNew: 288193K->10112K(314560K), 0,0073830 secs] 472551K->195396K(1013632K), 0,0074580 secs] [Times: user=0,04 sys=0,00, real=0,00 secs] 
2015-08-31T13:49:59.915+0200: 339788,091: [GC2015-08-31T13:49:59.915+0200: 339788,092: [ParNew: 289728K->6863K(314560K), 0,0159840 secs] 475012K->193087K(1013632K), 0,0161280 secs] [Times: user=0,12 sys=0,00, real=0,02 secs] 
2015-08-31T13:50:57.801+0200: 339845,977: [GC2015-08-31T13:50:57.801+0200: 339845,977: [ParNew: 286479K->9458K(314560K), 0,0114960 secs] 472703K->196632K(1013632K), 0,0116470 secs] [Times: user=0,07 sys=0,00, real=0,01 secs] 
2015-08-31T13:51:55.192+0200: 339903,368: [GC2015-08-31T13:51:55.192+0200: 339903,368: [ParNew: 289074K->9600K(314560K), 0,0090840 secs] 476248K->197725K(1013632K), 0,0091850 secs] [Times: user=0,06 sys=0,00, real=0,01 secs] 
2015-08-31T13:52:53.056+0200: 339961,233: [GC2015-08-31T13:52:53.056+0200: 339961,233: [ParNew: 289216K->9136K(314560K), 0,0109210 secs] 477341K->198279K(1013632K), 0,0110290 secs] [Times: user=0,07 sys=0,01, real=0,01 secs] 
2015-08-31T13:53:50.633+0200: 340018,810: [GC2015-08-31T13:53:50.633+0200: 340018,810: [ParNew: 288752K->9195K(314560K), 0,0113140 secs] 477895K->199350K(1013632K), 0,0114110 secs] [Times: user=0,07 sys=0,00, real=0,02 secs] 
2015-08-31T13:54:48.691+0200: 340076,868: [GC2015-08-31T13:54:48.691+0200: 340076,868: [ParNew: 288811K->8458K(314560K), 0,0109710 secs] 478966K->199565K(1013632K), 0,0110820 secs] [Times: user=0,09 sys=0,00, real=0,01 secs] 
2015-08-31T13:55:47.367+0200: 340135,543: [GC2015-08-31T13:55:47.367+0200: 340135,543: [ParNew: 288074K->9429K(314560K), 0,0112780 secs] 479181K->201470K(1013632K), 0,0114040 secs] [Times: user=0,09 sys=0,00, real=0,01 secs] 
2015-08-31T13:56:45.802+0200: 340193,979: [GC2015-08-31T13:56:45.802+0200: 340193,979: [ParNew: 289045K->8693K(314560K), 0,0108800 secs] 481086K->201690K(1013632K), 0,0110000 secs] [Times: user=0,09 sys=0,00, real=0,01 secs] 
2015-08-31T13:57:44.359+0200: 340252,536: [GC2015-08-31T13:57:44.359+0200: 340252,536: [ParNew: 288309K->8773K(314560K), 0,0091680 secs] 481306K->202714K(1013632K), 0,0092800 secs] [Times: user=0,06 sys=0,00, real=0,01 secs] 
2015-08-31T13:58:41.918+0200: 340310,095: [GC2015-08-31T13:58:41.918+0200: 340310,095: [ParNew: 288389K->8894K(314560K), 0,0117100 secs] 482330K->203757K(1013632K), 0,0118510 secs] [Times: user=0,09 sys=0,00, real=0,01 secs] 
2015-08-31T13:59:39.477+0200: 340367,653: [GC2015-08-31T13:59:39.477+0200: 340367,653: [ParNew: 288510K->9792K(314560K), 0,0113700 secs] 483373K->205594K(1013632K), 0,0115240 secs] [Times: user=0,07 sys=0,00, real=0,01 secs] 
2015-08-31T14:00:37.844+0200: 340426,021: [GC2015-08-31T14:00:37.844+0200: 340426,021: [ParNew: 289408K->9928K(314560K), 0,0108720 secs] 485210K->206717K(1013632K), 0,0109830 secs] [Times: user=0,07 sys=0,01, real=0,00 secs] 
2015-08-31T14:01:35.638+0200: 340483,815: [GC2015-08-31T14:01:35.638+0200: 340483,815: [ParNew: 289544K->10775K(314560K), 0,0148470 secs] 486333K->208605K(1013632K), 0,0149670 secs] [Times: user=0,08 sys=0,00, real=0,01 secs] 
2015-08-31T14:02:34.138+0200: 340542,315: [GC2015-08-31T14:02:34.138+0200: 340542,315: [ParNew: 290391K->7697K(314560K), 0,0093920 secs] 488221K->206562K(1013632K), 0,0095140 secs] [Times: user=0,08 sys=0,00, real=0,01 secs] 
2015-08-31T14:03:33.105+0200: 340601,281: [GC2015-08-31T14:03:33.105+0200: 340601,281: [ParNew: 287313K->9055K(314560K), 0,0124710 secs] 486178K->208868K(1013632K), 0,0126060 secs] [Times: user=0,08 sys=0,00, real=0,01 secs] 
2015-08-31T14:04:31.749+0200: 340659,926: [GC2015-08-31T14:04:31.749+0200: 340659,926: [ParNew: 288671K->9224K(314560K), 0,0105060 secs] 488484K->209977K(1013632K), 0,0106320 secs] [Times: user=0,08 sys=0,00, real=0,01 secs] 
2015-08-31T14:05:29.769+0200: 340717,945: [GC2015-08-31T14:05:29.769+0200: 340717,945: [ParNew: 288840K->9376K(314560K), 0,0109440 secs] 489593K->211065K(1013632K), 0,0110580 secs] [Times: user=0,08 sys=0,00, real=0,01 secs] 
2015-08-31T14:06:28.105+0200: 340776,281: [GC2015-08-31T14:06:28.105+0200: 340776,281: [ParNew: 288992K->9531K(314560K), 0,0101860 secs] 490681K->212156K(1013632K), 0,0103120 secs] [Times: user=0,08 sys=0,00, real=0,00 secs] 
2015-08-31T14:07:26.911+0200: 340835,087: [GC2015-08-31T14:07:26.911+0200: 340835,087: [ParNew: 289147K->9686K(314560K), 0,0111020 secs] 491772K->213250K(1013632K), 0,0112420 secs] [Times: user=0,09 sys=0,00, real=0,01 secs] 
2015-08-31T14:08:25.478+0200: 340893,655: [GC2015-08-31T14:08:25.478+0200: 340893,655: [ParNew: 289302K->8329K(314560K), 0,0112350 secs] 492866K->212827K(1013632K), 0,0113420 secs] [Times: user=0,10 sys=0,00, real=0,01 secs] 
2015-08-31T14:09:23.989+0200: 340952,165: [GC2015-08-31T14:09:23.989+0200: 340952,165: [ParNew: 287945K->9251K(314560K), 0,0169960 secs] 492443K->214772K(1013632K), 0,0171130 secs] [Times: user=0,10 sys=0,00, real=0,02 secs] 
2015-08-31T14:10:22.588+0200: 341010,764: [GC2015-08-31T14:10:22.588+0200: 341010,764: [ParNew: 288867K->8532K(314560K), 0,0117760 secs] 494388K->215085K(1013632K), 0,0118980 secs] [Times: user=0,09 sys=0,00, real=0,01 secs] 
2015-08-31T14:11:21.656+0200: 341069,832: [GC2015-08-31T14:11:21.656+0200: 341069,832: [ParNew: 288148K->9324K(314560K), 0,0116970 secs] 494701K->216827K(1013632K), 0,0118250 secs] [Times: user=0,08 sys=0,00, real=0,02 secs] 
2015-08-31T14:12:20.134+0200: 341128,310: [GC2015-08-31T14:12:20.134+0200: 341128,310: [ParNew: 288940K->7330K(314560K), 0,0117210 secs] 496443K->215778K(1013632K), 0,0118470 secs] [Times: user=0,09 sys=0,00, real=0,02 secs] 
2015-08-31T14:13:19.269+0200: 341187,445: [GC2015-08-31T14:13:19.269+0200: 341187,445: [ParNew: 286946K->8757K(314560K), 0,0115940 secs] 495394K->218156K(1013632K), 0,0117250 secs] [Times: user=0,07 sys=0,00, real=0,01 secs] 
2015-08-31T14:14:17.847+0200: 341246,023: [GC2015-08-31T14:14:17.847+0200: 341246,023: [ParNew: 288373K->9593K(314560K), 0,0110510 secs] 497772K->219955K(1013632K), 0,0111930 secs] [Times: user=0,08 sys=0,00, real=0,01 secs] 
2015-08-31T14:15:16.281+0200: 341304,457: [GC2015-08-31T14:15:16.281+0200: 341304,457: [ParNew: 289209K->8964K(314560K), 0,0108070 secs] 499571K->220276K(1013632K), 0,0109260 secs] [Times: user=0,07 sys=0,00, real=0,01 secs] 
2015-08-31T14:16:14.943+0200: 341363,120: [GC2015-08-31T14:16:14.943+0200: 341363,120: [ParNew: 288580K->9856K(314560K), 0,0110200 secs] 499892K->222112K(1013632K), 0,0111430 secs] [Times: user=0,09 sys=0,00, real=0,01 secs] 
2015-08-31T14:17:13.509+0200: 341421,685: [GC2015-08-31T14:17:13.509+0200: 341421,685: [ParNew: 289472K->10001K(314560K), 0,0120800 secs] 501728K->223244K(1013632K), 0,0121950 secs] [Times: user=0,07 sys=0,00, real=0,01 secs] 
2015-08-31T14:18:12.075+0200: 341480,252: [GC2015-08-31T14:18:12.075+0200: 341480,252: [ParNew: 289617K->9315K(314560K), 0,0121340 secs] 502860K->223591K(1013632K), 0,0122530 secs] [Times: user=0,08 sys=0,00, real=0,02 secs] 
2015-08-31T14:19:10.638+0200: 341538,814: [GC2015-08-31T14:19:10.638+0200: 341538,814: [ParNew: 288931K->10108K(314560K), 0,0117180 secs] 503207K->225433K(1013632K), 0,0118370 secs] [Times: user=0,08 sys=0,00, real=0,01 secs] 
2015-08-31T14:20:09.203+0200: 341597,380: [GC2015-08-31T14:20:09.203+0200: 341597,380: [ParNew: 289724K->9326K(314560K), 0,0105690 secs] 505049K->225604K(1013632K), 0,0107060 secs] [Times: user=0,09 sys=0,00, real=0,01 secs] 
2015-08-31T14:21:07.762+0200: 341655,939: [GC2015-08-31T14:21:07.762+0200: 341655,939: [ParNew: 288942K->8083K(314560K), 0,0105130 secs] 505220K->225320K(1013632K), 0,0106280 secs] [Times: user=0,08 sys=0,00, real=0,01 secs] 
2015-08-31T14:22:06.326+0200: 341714,502: [GC2015-08-31T14:22:06.326+0200: 341714,502: [ParNew: 287699K->8777K(314560K), 0,0115480 secs] 504936K->226964K(1013632K), 0,0116690 secs] [Times: user=0,07 sys=0,00, real=0,01 secs] 
2015-08-31T14:23:04.617+0200: 341772,793: [GC2015-08-31T14:23:04.617+0200: 341772,793: [ParNew: 288393K->9610K(314560K), 0,0102690 secs] 506580K->228741K(1013632K), 0,0103900 secs] [Times: user=0,07 sys=0,00, real=0,01 secs] 
2015-08-31T14:24:03.105+0200: 341831,281: [GC2015-08-31T14:24:03.105+0200: 341831,281: [ParNew: 289226K->9752K(314560K), 0,0116150 secs] 508357K->229824K(1013632K), 0,0117260 secs] [Times: user=0,07 sys=0,00, real=0,01 secs] 
2015-08-31T14:25:01.899+0200: 341890,075: [GC2015-08-31T14:25:01.899+0200: 341890,075: [ParNew: 289368K->9893K(314560K), 0,0129010 secs] 509440K->230914K(1013632K), 0,0130250 secs] [Times: user=0,09 sys=0,00, real=0,01 secs] 
2015-08-31T14:26:00.552+0200: 341948,728: [GC2015-08-31T14:26:00.552+0200: 341948,729: [ParNew: 289509K->8939K(314560K), 0,0120530 secs] 510530K->230977K(1013632K), 0,0122000 secs] [Times: user=0,10 sys=0,00, real=0,01 secs] 
2015-08-31T14:26:59.117+0200: 342007,293: [GC2015-08-31T14:26:59.117+0200: 342007,293: [ParNew: 288555K->9764K(314560K), 0,0119470 secs] 510593K->232841K(1013632K), 0,0120570 secs] [Times: user=0,08 sys=0,00, real=0,01 secs] 
2015-08-31T14:27:57.481+0200: 342065,657: [GC2015-08-31T14:27:57.481+0200: 342065,657: [ParNew: 289380K->6178K(314560K), 0,0112500 secs] 512457K->230212K(1013632K), 0,0113770 secs] [Times: user=0,07 sys=0,01, real=0,01 secs] 
2015-08-31T14:28:55.741+0200: 342123,918: [GC2015-08-31T14:28:55.742+0200: 342123,918: [ParNew: 285794K->6559K(314560K), 0,0101220 secs] 509828K->231550K(1013632K), 0,0102360 secs] [Times: user=0,07 sys=0,00, real=0,01 secs] 
2015-08-31T14:29:54.304+0200: 342182,480: [GC2015-08-31T14:29:54.304+0200: 342182,480: [ParNew: 286175K->7087K(314560K), 0,0100140 secs] 511166K->233019K(1013632K), 0,0101280 secs] [Times: user=0,09 sys=0,00, real=0,01 secs] 
2015-08-31T14:30:52.933+0200: 342241,109: [GC2015-08-31T14:30:52.933+0200: 342241,109: [ParNew: 286703K->5282K(314560K), 0,0101070 secs] 512635K->232242K(1013632K), 0,0102140 secs] [Times: user=0,06 sys=0,00, real=0,01 secs] 
2015-08-31T14:31:51.620+0200: 342299,796: [GC2015-08-31T14:31:51.620+0200: 342299,796: [ParNew: 284898K->3995K(314560K), 0,0074830 secs] 511858K->231758K(1013632K), 0,0076080 secs] [Times: user=0,07 sys=0,00, real=0,01 secs] 
2015-08-31T14:32:49.973+0200: 342358,149: [GC2015-08-31T14:32:49.973+0200: 342358,150: [ParNew: 283611K->4143K(314560K), 0,0063720 secs] 511374K->232416K(1013632K), 0,0065130 secs] [Times: user=0,04 sys=0,00, real=0,01 secs] 
2015-08-31T14:33:48.742+0200: 342416,919: [GC2015-08-31T14:33:48.742+0200: 342416,919: [ParNew: 283759K->4422K(314560K), 0,0064460 secs] 512032K->233211K(1013632K), 0,0065610 secs] [Times: user=0,05 sys=0,00, real=0,01 secs] 
2015-08-31T14:34:47.591+0200: 342475,767: [GC2015-08-31T14:34:47.591+0200: 342475,767: [ParNew: 284038K->5182K(314560K), 0,0049560 secs] 512827K->234221K(1013632K), 0,0050620 secs] [Times: user=0,03 sys=0,00, real=0,00 secs] 
2015-08-31T14:35:46.648+0200: 342534,825: [GC2015-08-31T14:35:46.648+0200: 342534,825: [ParNew: 284798K->6217K(314560K), 0,0077140 secs] 513837K->235469K(1013632K), 0,0078370 secs] [Times: user=0,04 sys=0,00, real=0,00 secs] 
2015-08-31T14:36:45.174+0200: 342593,351: [GC2015-08-31T14:36:45.174+0200: 342593,351: [ParNew: 285833K->7076K(314560K), 0,0060560 secs] 515085K->236560K(1013632K), 0,0061920 secs] [Times: user=0,05 sys=0,00, real=0,01 secs] 
2015-08-31T14:37:43.962+0200: 342652,138: [GC2015-08-31T14:37:43.962+0200: 342652,138: [ParNew: 286692K->7705K(314560K), 0,0088970 secs] 516176K->237660K(1013632K), 0,0090220 secs] [Times: user=0,05 sys=0,00, real=0,01 secs] 
2015-08-31T14:38:42.818+0200: 342710,994: [GC2015-08-31T14:38:42.818+0200: 342710,994: [ParNew: 287321K->9821K(314560K), 0,0094400 secs] 517276K->240324K(1013632K), 0,0095450 secs] [Times: user=0,08 sys=0,00, real=0,01 secs] 
2015-08-31T14:39:41.303+0200: 342769,480: [GC2015-08-31T14:39:41.303+0200: 342769,480: [ParNew: 289437K->7033K(314560K), 0,0094000 secs] 519940K->238189K(1013632K), 0,0095150 secs] [Times: user=0,08 sys=0,00, real=0,01 secs] 
2015-08-31T14:40:39.932+0200: 342828,108: [GC2015-08-31T14:40:39.932+0200: 342828,108: [ParNew: 286649K->9890K(314560K), 0,0119620 secs] 517805K->241964K(1013632K), 0,0120770 secs] [Times: user=0,09 sys=0,00, real=0,01 secs] 
2015-08-31T14:41:38.500+0200: 342886,676: [GC2015-08-31T14:41:38.500+0200: 342886,676: [ParNew: 289506K->9491K(314560K), 0,0110560 secs] 521580K->242483K(1013632K), 0,0111770 secs] [Times: user=0,09 sys=0,00, real=0,01 secs] 
2015-08-31T14:42:37.441+0200: 342945,618: [GC2015-08-31T14:42:37.441+0200: 342945,618: [ParNew: 289107K->9100K(314560K), 0,0118160 secs] 522099K->243083K(1013632K), 0,0119460 secs] [Times: user=0,06 sys=0,00, real=0,01 secs] 
2015-08-31T14:43:36.112+0200: 343004,288: [GC2015-08-31T14:43:36.112+0200: 343004,288: [ParNew: 288716K->8456K(314560K), 0,0100700 secs] 522699K->243472K(1013632K), 0,0101760 secs] [Times: user=0,07 sys=0,00, real=0,01 secs] 
2015-08-31T14:44:34.676+0200: 343062,852: [GC2015-08-31T14:44:34.676+0200: 343062,852: [ParNew: 288072K->8476K(314560K), 0,0110990 secs] 523088K->244431K(1013632K), 0,0112160 secs] [Times: user=0,08 sys=0,00, real=0,02 secs] 
2015-08-31T14:45:33.105+0200: 343121,281: [GC2015-08-31T14:45:33.105+0200: 343121,281: [ParNew: 288092K->8726K(314560K), 0,0104770 secs] 524047K->245630K(1013632K), 0,0105910 secs] [Times: user=0,08 sys=0,00, real=0,00 secs] 
2015-08-31T14:46:31.601+0200: 343179,778: [GC2015-08-31T14:46:31.601+0200: 343179,778: [ParNew: 288342K->9414K(314560K), 0,0119830 secs] 525246K->247254K(1013632K), 0,0121350 secs] [Times: user=0,09 sys=0,00, real=0,01 secs] 
2015-08-31T14:47:30.338+0200: 343238,515: [GC2015-08-31T14:47:30.339+0200: 343238,515: [ParNew: 289030K->8779K(314560K), 0,0112090 secs] 526870K->247566K(1013632K), 0,0113310 secs] [Times: user=0,09 sys=0,00, real=0,01 secs] 
2015-08-31T14:48:29.402+0200: 343297,578: [GC2015-08-31T14:48:29.402+0200: 343297,578: [ParNew: 288395K->8899K(314560K), 0,0114340 secs] 527182K->248625K(1013632K), 0,0115700 secs] [Times: user=0,10 sys=0,00, real=0,01 secs] 
2015-08-31T14:49:28.105+0200: 343356,281: [GC2015-08-31T14:49:28.105+0200: 343356,281: [ParNew: 288515K->9794K(314560K), 0,0117650 secs] 528241K->250458K(1013632K), 0,0118950 secs] [Times: user=0,07 sys=0,00, real=0,01 secs] 
2015-08-31T14:50:27.015+0200: 343415,191: [GC2015-08-31T14:50:27.015+0200: 343415,191: [ParNew: 289410K->10711K(314560K), 0,0119680 secs] 530074K->252356K(1013632K), 0,0121000 secs] [Times: user=0,08 sys=0,00, real=0,02 secs] 
2015-08-31T14:51:25.811+0200: 343473,987: [GC2015-08-31T14:51:25.811+0200: 343473,987: [ParNew: 290327K->8211K(314560K), 0,0118250 secs] 531972K->250886K(1013632K), 0,0119450 secs] [Times: user=0,10 sys=0,00, real=0,01 secs] 
2015-08-31T14:52:24.625+0200: 343532,801: [GC2015-08-31T14:52:24.625+0200: 343532,801: [ParNew: 287827K->9160K(314560K), 0,0122020 secs] 530502K->252871K(1013632K), 0,0123250 secs] [Times: user=0,07 sys=0,00, real=0,01 secs] 
2015-08-31T14:53:23.105+0200: 343591,281: [GC2015-08-31T14:53:23.105+0200: 343591,281: [ParNew: 288775K->7603K(314560K), 0,0094980 secs] 532486K->252262K(1013632K), 0,0096040 secs] [Times: user=0,08 sys=0,00, real=0,00 secs] 
2015-08-31T14:54:22.315+0200: 343650,492: [GC2015-08-31T14:54:22.315+0200: 343650,492: [ParNew: 287219K->7303K(314560K), 0,0100200 secs] 531878K->252915K(1013632K), 0,0101420 secs] [Times: user=0,09 sys=0,00, real=0,02 secs] 
2015-08-31T14:55:20.794+0200: 343708,971: [GC2015-08-31T14:55:20.794+0200: 343708,971: [ParNew: 286919K->8043K(314560K), 0,0112400 secs] 532531K->254600K(1013632K), 0,0113810 secs] [Times: user=0,09 sys=0,00, real=0,02 secs] 
2015-08-31T14:56:18.105+0200: 343766,281: [GC2015-08-31T14:56:18.105+0200: 343766,281: [ParNew: 287648K->9629K(314560K), 0,0078220 secs] 534205K->257154K(1013632K), 0,0079080 secs] [Times: user=0,05 sys=0,00, real=0,00 secs] 
2015-08-31T14:57:16.005+0200: 343824,182: [GC2015-08-31T14:57:16.005+0200: 343824,182: [ParNew: 289245K->9747K(314560K), 0,0164090 secs] 536770K->258217K(1013632K), 0,0165120 secs] [Times: user=0,08 sys=0,00, real=0,01 secs] 
2015-08-31T14:58:14.044+0200: 343882,220: [GC2015-08-31T14:58:14.044+0200: 343882,221: [ParNew: 289363K->9084K(314560K), 0,0109790 secs] 537833K->258504K(1013632K), 0,0110880 secs] [Times: user=0,07 sys=0,00, real=0,01 secs] 
2015-08-31T14:59:12.468+0200: 343940,645: [GC2015-08-31T14:59:12.468+0200: 343940,645: [ParNew: 288700K->7645K(314560K), 0,0086540 secs] 538120K->258053K(1013632K), 0,0087210 secs] [Times: user=0,05 sys=0,00, real=0,01 secs] 
2015-08-31T15:00:10.048+0200: 343998,225: [GC2015-08-31T15:00:10.048+0200: 343998,225: [ParNew: 287261K->10788K(314560K), 0,0122380 secs] 537669K->262250K(1013632K), 0,0123430 secs] [Times: user=0,07 sys=0,00, real=0,01 secs] 
2015-08-31T15:01:08.198+0200: 344056,375: [GC2015-08-31T15:01:08.199+0200: 344056,375: [ParNew: 290404K->7698K(314560K), 0,0143250 secs] 541866K->260121K(1013632K), 0,0144460 secs] [Times: user=0,11 sys=0,00, real=0,01 secs] 
2015-08-31T15:02:06.146+0200: 344114,322: [GC2015-08-31T15:02:06.146+0200: 344114,322: [ParNew: 287314K->7792K(314560K), 0,0099690 secs] 539737K->261161K(1013632K), 0,0100870 secs] [Times: user=0,06 sys=0,01, real=0,00 secs] 
2015-08-31T15:03:04.115+0200: 344172,292: [GC2015-08-31T15:03:04.115+0200: 344172,292: [ParNew: 287408K->9094K(314560K), 0,0113340 secs] 540777K->263385K(1013632K), 0,0114450 secs] [Times: user=0,07 sys=0,00, real=0,02 secs] 
2015-08-31T15:04:02.267+0200: 344230,443: [GC2015-08-31T15:04:02.267+0200: 344230,443: [ParNew: 288710K->8665K(314560K), 0,0158340 secs] 543001K->263883K(1013632K), 0,0159420 secs] [Times: user=0,12 sys=0,00, real=0,01 secs] 
2015-08-31T15:05:00.836+0200: 344289,012: [GC2015-08-31T15:05:00.836+0200: 344289,012: [ParNew: 288281K->9586K(314560K), 0,0107780 secs] 543499K->265751K(1013632K), 0,0109000 secs] [Times: user=0,09 sys=0,00, real=0,02 secs] 
2015-08-31T15:05:59.396+0200: 344347,573: [GC2015-08-31T15:05:59.396+0200: 344347,573: [ParNew: 289202K->8242K(314560K), 0,0109370 secs] 545367K->265346K(1013632K), 0,0110690 secs] [Times: user=0,08 sys=0,00, real=0,02 secs] 
2015-08-31T15:06:57.810+0200: 344405,987: [GC2015-08-31T15:06:57.810+0200: 344405,987: [ParNew: 287858K->9879K(314560K), 0,0112580 secs] 544962K->267938K(1013632K), 0,0113750 secs] [Times: user=0,08 sys=0,00, real=0,01 secs] 
2015-08-31T15:07:56.507+0200: 344464,684: [GC2015-08-31T15:07:56.507+0200: 344464,684: [ParNew: 289495K->9259K(314560K), 0,0113280 secs] 547554K->268355K(1013632K), 0,0114520 secs] [Times: user=0,09 sys=0,00, real=0,01 secs] 
2015-08-31T15:08:55.070+0200: 344523,247: [GC2015-08-31T15:08:55.070+0200: 344523,247: [ParNew: 288875K->10837K(314560K), 0,0125900 secs] 547971K->270964K(1013632K), 0,0127040 secs] [Times: user=0,09 sys=0,00, real=0,01 secs] 
2015-08-31T15:09:53.434+0200: 344581,611: [GC2015-08-31T15:09:53.434+0200: 344581,611: [ParNew: 290453K->7743K(314560K), 0,0111780 secs] 550580K->268816K(1013632K), 0,0112990 secs] [Times: user=0,09 sys=0,00, real=0,02 secs] 
2015-08-31T15:10:52.614+0200: 344640,790: [GC2015-08-31T15:10:52.614+0200: 344640,791: [ParNew: 287359K->9856K(314560K), 0,0171360 secs] 548432K->271877K(1013632K), 0,0172620 secs] [Times: user=0,12 sys=0,00, real=0,02 secs] 
2015-08-31T15:11:51.240+0200: 344699,417: [GC2015-08-31T15:11:51.241+0200: 344699,417: [ParNew: 289472K->7862K(314560K), 0,0129140 secs] 551493K->270820K(1013632K), 0,0130250 secs] [Times: user=0,08 sys=0,00, real=0,01 secs] 
2015-08-31T15:12:49.807+0200: 344757,984: [GC2015-08-31T15:12:49.808+0200: 344757,984: [ParNew: 287478K->9297K(314560K), 0,0110140 secs] 550436K->273221K(1013632K), 0,0111370 secs] [Times: user=0,08 sys=0,00, real=0,01 secs] 
2015-08-31T15:13:47.564+0200: 344815,741: [GC2015-08-31T15:13:47.564+0200: 344815,741: [ParNew: 288913K->10165K(314560K), 0,0149590 secs] 552837K->275032K(1013632K), 0,0150670 secs] [Times: user=0,09 sys=0,00, real=0,01 secs] 
2015-08-31T15:14:45.914+0200: 344874,091: [GC2015-08-31T15:14:45.914+0200: 344874,091: [ParNew: 289781K->7446K(314560K), 0,0124770 secs] 554648K->273252K(1013632K), 0,0125970 secs] [Times: user=0,08 sys=0,00, real=0,02 secs] 
2015-08-31T15:15:44.479+0200: 344932,655: [GC2015-08-31T15:15:44.479+0200: 344932,655: [ParNew: 287062K->9695K(314560K), 0,0111550 secs] 552868K->276480K(1013632K), 0,0112840 secs] [Times: user=0,10 sys=0,00, real=0,01 secs] 
2015-08-31T15:16:42.847+0200: 344991,023: [GC2015-08-31T15:16:42.847+0200: 344991,023: [ParNew: 289311K->9813K(314560K), 0,0108920 secs] 556096K->277644K(1013632K), 0,0110130 secs] [Times: user=0,09 sys=0,00, real=0,01 secs] 
2015-08-31T15:17:41.587+0200: 345049,764: [GC2015-08-31T15:17:41.587+0200: 345049,764: [ParNew: 289429K->9224K(314560K), 0,0150100 secs] 557260K->278100K(1013632K), 0,0151170 secs] [Times: user=0,11 sys=0,00, real=0,01 secs] 
2015-08-31T15:18:39.559+0200: 345107,735: [GC2015-08-31T15:18:39.559+0200: 345107,735: [ParNew: 288840K->8478K(314560K), 0,0110840 secs] 557716K->278291K(1013632K), 0,0111930 secs] [Times: user=0,09 sys=0,00, real=0,01 secs] 
2015-08-31T15:19:35.190+0200: 345163,367: [GC2015-08-31T15:19:35.190+0200: 345163,367: [ParNew: 288094K->8777K(314560K), 0,0113930 secs] 557907K->279532K(1013632K), 0,0115030 secs] [Times: user=0,08 sys=0,00, real=0,01 secs] 
2015-08-31T15:20:33.753+0200: 345221,930: [GC2015-08-31T15:20:33.753+0200: 345221,930: [ParNew: 288393K->9465K(314560K), 0,0098250 secs] 559148K->281164K(1013632K), 0,0099630 secs] [Times: user=0,06 sys=0,00, real=0,01 secs] 
2015-08-31T15:21:31.647+0200: 345279,824: [GC2015-08-31T15:21:31.647+0200: 345279,824: [ParNew: 289081K->8787K(314560K), 0,0131870 secs] 560780K->281438K(1013632K), 0,0132930 secs] [Times: user=0,08 sys=0,00, real=0,01 secs] 
2015-08-31T15:22:29.683+0200: 345337,860: [GC2015-08-31T15:22:29.683+0200: 345337,860: [ParNew: 288403K->8876K(314560K), 0,0110480 secs] 561054K->282465K(1013632K), 0,0111720 secs] [Times: user=0,08 sys=0,00, real=0,01 secs] 
2015-08-31T15:23:27.719+0200: 345395,895: [GC2015-08-31T15:23:27.719+0200: 345395,895: [ParNew: 288492K->9738K(314560K), 0,0114000 secs] 562081K->284270K(1013632K), 0,0115210 secs] [Times: user=0,10 sys=0,00, real=0,01 secs] 
2015-08-31T15:24:24.964+0200: 345453,141: [GC2015-08-31T15:24:24.964+0200: 345453,141: [ParNew: 289354K->8344K(314560K), 0,0115240 secs] 563886K->283898K(1013632K), 0,0116420 secs] [Times: user=0,07 sys=0,00, real=0,01 secs] 
2015-08-31T15:25:21.017+0200: 345509,194: [GC2015-08-31T15:25:21.017+0200: 345509,194: [ParNew: 287960K->9874K(314560K), 0,0122250 secs] 563514K->286443K(1013632K), 0,0123690 secs] [Times: user=0,09 sys=0,00, real=0,01 secs] 
2015-08-31T15:26:19.284+0200: 345567,461: [GC2015-08-31T15:26:19.284+0200: 345567,461: [ParNew: 289490K->9451K(314560K), 0,0134010 secs] 566059K->286933K(1013632K), 0,0135220 secs] [Times: user=0,10 sys=0,00, real=0,02 secs] 
2015-08-31T15:27:17.492+0200: 345625,669: [GC2015-08-31T15:27:17.493+0200: 345625,669: [ParNew: 289067K->9659K(314560K), 0,0121100 secs] 566549K->288079K(1013632K), 0,0122350 secs] [Times: user=0,07 sys=0,01, real=0,02 secs] 
2015-08-31T15:28:16.192+0200: 345684,368: [GC2015-08-31T15:28:16.192+0200: 345684,368: [ParNew: 289275K->9417K(314560K), 0,0122140 secs] 567695K->288770K(1013632K), 0,0123280 secs] [Times: user=0,08 sys=0,00, real=0,01 secs] 
2015-08-31T15:29:14.064+0200: 345742,241: [GC2015-08-31T15:29:14.065+0200: 345742,241: [ParNew: 289033K->7303K(314560K), 0,0065870 secs] 568386K->287590K(1013632K), 0,0066800 secs] [Times: user=0,04 sys=0,01, real=0,00 secs] 
2015-08-31T15:30:12.535+0200: 345800,711: [GC2015-08-31T15:30:12.535+0200: 345800,711: [ParNew: 286919K->5627K(314560K), 0,0089330 secs] 567206K->286835K(1013632K), 0,0090560 secs] [Times: user=0,05 sys=0,00, real=0,01 secs] 
2015-08-31T15:31:10.517+0200: 345858,693: [GC2015-08-31T15:31:10.517+0200: 345858,693: [ParNew: 285243K->5627K(314560K), 0,0084140 secs] 566451K->287703K(1013632K), 0,0085360 secs] [Times: user=0,05 sys=0,00, real=0,01 secs] 
2015-08-31T15:32:08.902+0200: 345917,078: [GC2015-08-31T15:32:08.902+0200: 345917,078: [ParNew: 285243K->3882K(314560K), 0,0073670 secs] 567319K->286828K(1013632K), 0,0074830 secs] [Times: user=0,05 sys=0,00, real=0,01 secs] 
2015-08-31T15:33:07.581+0200: 345975,758: [GC2015-08-31T15:33:07.581+0200: 345975,758: [ParNew: 283498K->2889K(314560K), 0,0067190 secs] 566444K->286745K(1013632K), 0,0068460 secs] [Times: user=0,04 sys=0,00, real=0,01 secs] 
2015-08-31T15:34:06.416+0200: 346034,592: [GC2015-08-31T15:34:06.416+0200: 346034,592: [ParNew: 282505K->3827K(314560K), 0,0065060 secs] 566361K->287832K(1013632K), 0,0066150 secs] [Times: user=0,03 sys=0,00, real=0,01 secs] 
2015-08-31T15:35:04.417+0200: 346092,594: [GC2015-08-31T15:35:04.417+0200: 346092,594: [ParNew: 283443K->5781K(314560K), 0,0058060 secs] 567448K->289945K(1013632K), 0,0059370 secs] [Times: user=0,04 sys=0,00, real=0,00 secs] 
2015-08-31T15:36:02.759+0200: 346150,936: [GC2015-08-31T15:36:02.760+0200: 346150,936: [ParNew: 285397K->5703K(314560K), 0,0063700 secs] 569561K->289983K(1013632K), 0,0064890 secs] [Times: user=0,06 sys=0,00, real=0,01 secs] 
2015-08-31T15:37:01.165+0200: 346209,342: [GC2015-08-31T15:37:01.165+0200: 346209,342: [ParNew: 285319K->7369K(314560K), 0,0083290 secs] 569599K->291875K(1013632K), 0,0084710 secs] [Times: user=0,07 sys=0,00, real=0,00 secs] 
2015-08-31T15:37:59.093+0200: 346267,269: [GC2015-08-31T15:37:59.093+0200: 346267,269: [ParNew: 286985K->8226K(314560K), 0,0097880 secs] 571491K->293202K(1013632K), 0,0099360 secs] [Times: user=0,06 sys=0,00, real=0,01 secs] 
2015-08-31T15:38:57.807+0200: 346325,984: [GC2015-08-31T15:38:57.807+0200: 346325,984: [ParNew: 287842K->9384K(314560K), 0,0090690 secs] 572818K->295003K(1013632K), 0,0092110 secs] [Times: user=0,06 sys=0,01, real=0,01 secs] 
2015-08-31T15:39:56.330+0200: 346384,507: [GC2015-08-31T15:39:56.330+0200: 346384,507: [ParNew: 289000K->10151K(314560K), 0,0118870 secs] 574619K->296671K(1013632K), 0,0120150 secs] [Times: user=0,09 sys=0,00, real=0,01 secs] 
2015-08-31T15:40:55.094+0200: 346443,271: [GC2015-08-31T15:40:55.095+0200: 346443,271: [ParNew: 289767K->7909K(314560K), 0,0104640 secs] 576287K->295407K(1013632K), 0,0105800 secs] [Times: user=0,08 sys=0,00, real=0,02 secs] 
2015-08-31T15:41:53.648+0200: 346501,824: [GC2015-08-31T15:41:53.648+0200: 346501,824: [ParNew: 287525K->8948K(314560K), 0,0120360 secs] 575023K->297463K(1013632K), 0,0121520 secs] [Times: user=0,08 sys=0,00, real=0,01 secs] 
2015-08-31T15:42:51.970+0200: 346560,147: [GC2015-08-31T15:42:51.970+0200: 346560,147: [ParNew: 288564K->8201K(314560K), 0,0108000 secs] 577079K->297650K(1013632K), 0,0109130 secs] [Times: user=0,09 sys=0,00, real=0,01 secs] 
2015-08-31T15:43:50.551+0200: 346618,728: [GC2015-08-31T15:43:50.552+0200: 346618,728: [ParNew: 287817K->9293K(314560K), 0,0133840 secs] 577266K->299670K(1013632K), 0,0135180 secs] [Times: user=0,11 sys=0,00, real=0,02 secs] 
2015-08-31T15:44:49.117+0200: 346677,294: [GC2015-08-31T15:44:49.117+0200: 346677,294: [ParNew: 288909K->7873K(314560K), 0,0113800 secs] 579286K->299173K(1013632K), 0,0115060 secs] [Times: user=0,08 sys=0,00, real=0,01 secs] 
2015-08-31T15:45:47.680+0200: 346735,857: [GC2015-08-31T15:45:47.680+0200: 346735,857: [ParNew: 287489K->9427K(314560K), 0,0109000 secs] 578789K->301656K(1013632K), 0,0110610 secs] [Times: user=0,08 sys=0,00, real=0,01 secs] 
2015-08-31T15:46:46.141+0200: 346794,318: [GC2015-08-31T15:46:46.141+0200: 346794,318: [ParNew: 289043K->7375K(314560K), 0,0108840 secs] 581272K->300539K(1013632K), 0,0110030 secs] [Times: user=0,07 sys=0,00, real=0,01 secs] 
2015-08-31T15:47:44.298+0200: 346852,475: [GC2015-08-31T15:47:44.298+0200: 346852,475: [ParNew: 286991K->8987K(314560K), 0,0195020 secs] 580155K->303093K(1013632K), 0,0196180 secs] [Times: user=0,14 sys=0,00, real=0,02 secs] 
2015-08-31T15:48:41.818+0200: 346909,995: [GC2015-08-31T15:48:41.818+0200: 346909,995: [ParNew: 288603K->9861K(314560K), 0,0124690 secs] 582709K->304933K(1013632K), 0,0125490 secs] [Times: user=0,06 sys=0,00, real=0,01 secs] 
2015-08-31T15:49:36.179+0200: 346964,356: [GC2015-08-31T15:49:36.179+0200: 346964,356: [ParNew: 289477K->9978K(314560K), 0,0108790 secs] 584549K->306073K(1013632K), 0,0109760 secs] [Times: user=0,08 sys=0,00, real=0,01 secs] 
2015-08-31T15:50:33.934+0200: 347022,111: [GC2015-08-31T15:50:33.934+0200: 347022,111: [ParNew: 289594K->8418K(314560K), 0,0125290 secs] 585689K->305538K(1013632K), 0,0126620 secs] [Times: user=0,08 sys=0,00, real=0,02 secs] 
2015-08-31T15:51:32.709+0200: 347080,886: [GC2015-08-31T15:51:32.709+0200: 347080,886: [ParNew: 288034K->9907K(314560K), 0,0130910 secs] 585154K->307975K(1013632K), 0,0132060 secs] [Times: user=0,08 sys=0,00, real=0,01 secs] 
2015-08-31T15:52:28.105+0200: 347136,281: [GC2015-08-31T15:52:28.105+0200: 347136,281: [ParNew: 289523K->7714K(314560K), 0,0115970 secs] 587591K->306722K(1013632K), 0,0116840 secs] [Times: user=0,04 sys=0,00, real=0,01 secs] 
2015-08-31T15:53:26.072+0200: 347194,249: [GC2015-08-31T15:53:26.072+0200: 347194,249: [ParNew: 287330K->9040K(314560K), 0,0118940 secs] 586338K->308979K(1013632K), 0,0120020 secs] [Times: user=0,07 sys=0,00, real=0,01 secs] 
2015-08-31T15:54:24.460+0200: 347252,636: [GC2015-08-31T15:54:24.460+0200: 347252,636: [ParNew: 288656K->9822K(314560K), 0,0107550 secs] 588595K->310713K(1013632K), 0,0108720 secs] [Times: user=0,10 sys=0,00, real=0,01 secs] 
2015-08-31T15:55:22.330+0200: 347310,506: [GC2015-08-31T15:55:22.330+0200: 347310,506: [ParNew: 289438K->8062K(314560K), 0,0116390 secs] 590329K->309848K(1013632K), 0,0117560 secs] [Times: user=0,08 sys=0,00, real=0,01 secs] 
2015-08-31T15:56:20.744+0200: 347368,921: [GC2015-08-31T15:56:20.745+0200: 347368,921: [ParNew: 287678K->9353K(314560K), 0,0112850 secs] 589464K->312049K(1013632K), 0,0114030 secs] [Times: user=0,07 sys=0,00, real=0,00 secs] 
2015-08-31T15:57:18.139+0200: 347426,315: [GC2015-08-31T15:57:18.139+0200: 347426,316: [ParNew: 288969K->8805K(314560K), 0,0098170 secs] 591665K->312480K(1013632K), 0,0099320 secs] [Times: user=0,08 sys=0,00, real=0,01 secs] 
2015-08-31T15:58:16.009+0200: 347484,185: [GC2015-08-31T15:58:16.009+0200: 347484,185: [ParNew: 288421K->11296K(314560K), 0,0112580 secs] 592096K->315974K(1013632K), 0,0113530 secs] [Times: user=0,08 sys=0,00, real=0,01 secs] 
2015-08-31T15:59:13.908+0200: 347542,085: [GC2015-08-31T15:59:13.908+0200: 347542,085: [ParNew: 290912K->8053K(314560K), 0,0075250 secs] 595590K->313751K(1013632K), 0,0076740 secs] [Times: user=0,04 sys=0,01, real=0,00 secs] 
2015-08-31T16:00:12.718+0200: 347600,895: [GC2015-08-31T16:00:12.718+0200: 347600,895: [ParNew: 287669K->8952K(314560K), 0,0102530 secs] 593367K->315567K(1013632K), 0,0103590 secs] [Times: user=0,08 sys=0,00, real=0,01 secs] 
2015-08-31T16:01:11.854+0200: 347660,031: [GC2015-08-31T16:01:11.854+0200: 347660,031: [ParNew: 288568K->9158K(314560K), 0,0150440 secs] 595183K->316704K(1013632K), 0,0151820 secs] [Times: user=0,12 sys=0,00, real=0,02 secs] 
2015-08-31T16:02:10.585+0200: 347718,761: [GC2015-08-31T16:02:10.585+0200: 347718,761: [ParNew: 288774K->8601K(314560K), 0,0100650 secs] 596320K->317088K(1013632K), 0,0102020 secs] [Times: user=0,08 sys=0,00, real=0,00 secs] 
2015-08-31T16:03:08.861+0200: 347777,037: [GC2015-08-31T16:03:08.861+0200: 347777,037: [ParNew: 288217K->8758K(314560K), 0,0126060 secs] 596704K->318169K(1013632K), 0,0127330 secs] [Times: user=0,08 sys=0,00, real=0,01 secs] 
2015-08-31T16:04:06.698+0200: 347834,875: [GC2015-08-31T16:04:06.699+0200: 347834,875: [ParNew: 288374K->8923K(314560K), 0,0110020 secs] 597785K->319261K(1013632K), 0,0111390 secs] [Times: user=0,09 sys=0,00, real=0,01 secs] 
2015-08-31T16:05:04.257+0200: 347892,434: [GC2015-08-31T16:05:04.257+0200: 347892,434: [ParNew: 288539K->9821K(314560K), 0,0098890 secs] 598877K->321086K(1013632K), 0,0100130 secs] [Times: user=0,07 sys=0,00, real=0,01 secs] 
2015-08-31T16:06:02.819+0200: 347950,996: [GC2015-08-31T16:06:02.820+0200: 347950,996: [ParNew: 289437K->9967K(314560K), 0,0110630 secs] 600702K->322254K(1013632K), 0,0111830 secs] [Times: user=0,08 sys=0,00, real=0,01 secs] 
2015-08-31T16:07:00.823+0200: 348009,000: [GC2015-08-31T16:07:00.823+0200: 348009,000: [ParNew: 289583K->9261K(314560K), 0,0106430 secs] 601870K->322571K(1013632K), 0,0107460 secs] [Times: user=0,07 sys=0,00, real=0,01 secs] 
2015-08-31T16:07:59.430+0200: 348067,606: [GC2015-08-31T16:07:59.430+0200: 348067,606: [ParNew: 288877K->8496K(314560K), 0,0135030 secs] 602187K->322767K(1013632K), 0,0136350 secs] [Times: user=0,09 sys=0,00, real=0,01 secs] 
2015-08-31T16:08:57.847+0200: 348126,023: [GC2015-08-31T16:08:57.847+0200: 348126,023: [ParNew: 288112K->8718K(314560K), 0,0114020 secs] 602383K->323942K(1013632K), 0,0115270 secs] [Times: user=0,10 sys=0,00, real=0,01 secs] 
2015-08-31T16:09:54.501+0200: 348182,678: [GC2015-08-31T16:09:54.501+0200: 348182,678: [ParNew: 288334K->8678K(314560K), 0,0105380 secs] 603558K->324837K(1013632K), 0,0106570 secs] [Times: user=0,08 sys=0,00, real=0,01 secs] 
2015-08-31T16:10:52.091+0200: 348240,267: [GC2015-08-31T16:10:52.091+0200: 348240,267: [ParNew: 288294K->8760K(314560K), 0,0106840 secs] 604453K->325849K(1013632K), 0,0108000 secs] [Times: user=0,09 sys=0,00, real=0,01 secs] 
2015-08-31T16:11:49.955+0200: 348298,132: [GC2015-08-31T16:11:49.956+0200: 348298,132: [ParNew: 288376K->8875K(314560K), 0,0119190 secs] 605465K->326920K(1013632K), 0,0120470 secs] [Times: user=0,08 sys=0,00, real=0,02 secs] 
2015-08-31T16:12:47.193+0200: 348355,369: [GC2015-08-31T16:12:47.193+0200: 348355,369: [ParNew: 288491K->8977K(314560K), 0,0110910 secs] 606536K->327951K(1013632K), 0,0111980 secs] [Times: user=0,07 sys=0,01, real=0,01 secs] 
2015-08-31T16:13:44.250+0200: 348412,426: [GC2015-08-31T16:13:44.250+0200: 348412,426: [ParNew: 288593K->9098K(314560K), 0,0114950 secs] 607567K->329050K(1013632K), 0,0116290 secs] [Times: user=0,09 sys=0,00, real=0,01 secs] 
2015-08-31T16:14:42.234+0200: 348470,410: [GC2015-08-31T16:14:42.234+0200: 348470,410: [ParNew: 288714K->9158K(314560K), 0,0106470 secs] 608666K->330153K(1013632K), 0,0107850 secs] [Times: user=0,07 sys=0,00, real=0,02 secs] 
2015-08-31T16:15:40.267+0200: 348528,443: [GC2015-08-31T16:15:40.267+0200: 348528,443: [ParNew: 288774K->9129K(314560K), 0,0115910 secs] 609769K->331145K(1013632K), 0,0117150 secs] [Times: user=0,08 sys=0,00, real=0,01 secs] 
2015-08-31T16:16:38.105+0200: 348586,281: [GC2015-08-31T16:16:38.105+0200: 348586,281: [ParNew: 288745K->9127K(314560K), 0,0073930 secs] 610761K->332073K(1013632K), 0,0074940 secs] [Times: user=0,05 sys=0,01, real=0,00 secs] 
2015-08-31T16:17:35.955+0200: 348644,132: [GC2015-08-31T16:17:35.955+0200: 348644,132: [ParNew: 288743K->8621K(314560K), 0,0148410 secs] 611689K->332505K(1013632K), 0,0149650 secs] [Times: user=0,09 sys=0,00, real=0,02 secs] 
2015-08-31T16:18:33.017+0200: 348701,194: [GC2015-08-31T16:18:33.017+0200: 348701,194: [ParNew: 288237K->9304K(314560K), 0,0104480 secs] 612121K->334118K(1013632K), 0,0105720 secs] [Times: user=0,07 sys=0,00, real=0,01 secs] 
2015-08-31T16:19:30.967+0200: 348759,144: [GC2015-08-31T16:19:30.967+0200: 348759,144: [ParNew: 288920K->9396K(314560K), 0,0066530 secs] 613734K->335129K(1013632K), 0,0067280 secs] [Times: user=0,05 sys=0,00, real=0,00 secs] 
2015-08-31T16:20:28.626+0200: 348816,803: [GC2015-08-31T16:20:28.626+0200: 348816,803: [ParNew: 289012K->8802K(314560K), 0,0112010 secs] 614745K->335453K(1013632K), 0,0113170 secs] [Times: user=0,11 sys=0,00, real=0,01 secs] 
2015-08-31T16:21:26.618+0200: 348874,795: [GC2015-08-31T16:21:26.618+0200: 348874,795: [ParNew: 288418K->9670K(314560K), 0,0183580 secs] 615069K->337258K(1013632K), 0,0184680 secs] [Times: user=0,13 sys=0,00, real=0,02 secs] 
2015-08-31T16:22:24.660+0200: 348932,836: [GC2015-08-31T16:22:24.660+0200: 348932,836: [ParNew: 289286K->10554K(314560K), 0,0130530 secs] 616874K->339127K(1013632K), 0,0131870 secs] [Times: user=0,09 sys=0,00, real=0,01 secs] 
2015-08-31T16:23:22.791+0200: 348990,968: [GC2015-08-31T16:23:22.792+0200: 348990,968: [ParNew: 290170K->7594K(314560K), 0,0111940 secs] 618743K->337193K(1013632K), 0,0113090 secs] [Times: user=0,10 sys=0,00, real=0,01 secs] 
2015-08-31T16:24:20.718+0200: 349048,894: [GC2015-08-31T16:24:20.718+0200: 349048,894: [ParNew: 287210K->10361K(314560K), 0,0108450 secs] 616809K->340975K(1013632K), 0,0109700 secs] [Times: user=0,08 sys=0,00, real=0,01 secs] 
2015-08-31T16:25:18.751+0200: 349106,928: [GC2015-08-31T16:25:18.751+0200: 349106,928: [ParNew: 289977K->7808K(314560K), 0,0109080 secs] 620591K->339354K(1013632K), 0,0110250 secs] [Times: user=0,08 sys=0,00, real=0,01 secs] 
2015-08-31T16:26:16.653+0200: 349164,829: [GC2015-08-31T16:26:16.653+0200: 349164,829: [ParNew: 287424K->10183K(314560K), 0,0114760 secs] 618970K->342645K(1013632K), 0,0115990 secs] [Times: user=0,07 sys=0,00, real=0,02 secs] 
2015-08-31T16:27:14.608+0200: 349222,785: [GC2015-08-31T16:27:14.608+0200: 349222,785: [ParNew: 289799K->7741K(314560K), 0,0176540 secs] 622261K->341136K(1013632K), 0,0177910 secs] [Times: user=0,06 sys=0,00, real=0,02 secs] 
2015-08-31T16:28:12.559+0200: 349280,736: [GC2015-08-31T16:28:12.559+0200: 349280,736: [ParNew: 287357K->8998K(314560K), 0,0126350 secs] 620752K->343339K(1013632K), 0,0127500 secs] [Times: user=0,07 sys=0,00, real=0,01 secs] 
2015-08-31T16:29:11.124+0200: 349339,301: [GC2015-08-31T16:29:11.124+0200: 349339,301: [ParNew: 288614K->7903K(314560K), 0,0119590 secs] 622955K->343179K(1013632K), 0,0120760 secs] [Times: user=0,07 sys=0,00, real=0,01 secs] 
2015-08-31T16:30:09.185+0200: 349397,362: [GC2015-08-31T16:30:09.186+0200: 349397,362: [ParNew: 287519K->6540K(314560K), 0,0098840 secs] 622795K->342755K(1013632K), 0,0099850 secs] [Times: user=0,07 sys=0,00, real=0,00 secs] 
2015-08-31T16:31:07.642+0200: 349455,818: [GC2015-08-31T16:31:07.642+0200: 349455,818: [ParNew: 286156K->5027K(314560K), 0,0097120 secs] 622371K->342224K(1013632K), 0,0098380 secs] [Times: user=0,06 sys=0,00, real=0,01 secs] 
2015-08-31T16:32:05.793+0200: 349513,970: [GC2015-08-31T16:32:05.793+0200: 349513,970: [ParNew: 284643K->4960K(314560K), 0,0106020 secs] 621840K->343157K(1013632K), 0,0107250 secs] [Times: user=0,05 sys=0,00, real=0,01 secs] 
2015-08-31T16:33:04.101+0200: 349572,278: [GC2015-08-31T16:33:04.101+0200: 349572,278: [ParNew: 284576K->2901K(314560K), 0,0062080 secs] 622773K->341670K(1013632K), 0,0063460 secs] [Times: user=0,04 sys=0,00, real=0,01 secs] 
2015-08-31T16:34:02.152+0200: 349630,328: [GC2015-08-31T16:34:02.152+0200: 349630,328: [ParNew: 282517K->4119K(314560K), 0,0060200 secs] 621286K->343170K(1013632K), 0,0061440 secs] [Times: user=0,05 sys=0,00, real=0,01 secs] 
2015-08-31T16:35:00.198+0200: 349688,375: [GC2015-08-31T16:35:00.198+0200: 349688,375: [ParNew: 283735K->4883K(314560K), 0,0061360 secs] 622786K->344096K(1013632K), 0,0062550 secs] [Times: user=0,05 sys=0,00, real=0,01 secs] 
2015-08-31T16:35:58.201+0200: 349746,377: [GC2015-08-31T16:35:58.201+0200: 349746,377: [ParNew: 284499K->5508K(314560K), 0,0066390 secs] 623712K->344847K(1013632K), 0,0067390 secs] [Times: user=0,04 sys=0,00, real=0,01 secs] 
2015-08-31T16:36:56.055+0200: 349804,231: [GC2015-08-31T16:36:56.055+0200: 349804,231: [ParNew: 285124K->6951K(314560K), 0,0078360 secs] 624463K->346521K(1013632K), 0,0079410 secs] [Times: user=0,06 sys=0,00, real=0,01 secs] 
2015-08-31T16:37:54.116+0200: 349862,292: [GC2015-08-31T16:37:54.116+0200: 349862,293: [ParNew: 286567K->8880K(314560K), 0,0084900 secs] 626137K->348932K(1013632K), 0,0085830 secs] [Times: user=0,07 sys=0,00, real=0,02 secs] 
2015-08-31T16:38:52.108+0200: 349920,285: [GC2015-08-31T16:38:52.108+0200: 349920,285: [ParNew: 288496K->8632K(314560K), 0,0085260 secs] 628548K->349304K(1013632K), 0,0086820 secs] [Times: user=0,06 sys=0,00, real=0,01 secs] 
2015-08-31T16:39:50.139+0200: 349978,316: [GC2015-08-31T16:39:50.139+0200: 349978,316: [ParNew: 288248K->8628K(314560K), 0,0114540 secs] 628920K->350186K(1013632K), 0,0116170 secs] [Times: user=0,10 sys=0,00, real=0,01 secs] 
2015-08-31T16:40:47.774+0200: 350035,950: [GC2015-08-31T16:40:47.774+0200: 350035,950: [ParNew: 288244K->8939K(314560K), 0,0111760 secs] 629802K->351492K(1013632K), 0,0112850 secs] [Times: user=0,07 sys=0,00, real=0,02 secs] 
2015-08-31T16:41:45.795+0200: 350093,972: [GC2015-08-31T16:41:45.796+0200: 350093,972: [ParNew: 288555K->8263K(314560K), 0,0102420 secs] 631108K->351725K(1013632K), 0,0103600 secs] [Times: user=0,09 sys=0,00, real=0,02 secs] 
2015-08-31T16:42:43.829+0200: 350152,005: [GC2015-08-31T16:42:43.829+0200: 350152,005: [ParNew: 287879K->8553K(314560K), 0,0123480 secs] 631341K->352916K(1013632K), 0,0124740 secs] [Times: user=0,10 sys=0,00, real=0,01 secs] 
2015-08-31T16:43:41.864+0200: 350210,041: [GC2015-08-31T16:43:41.864+0200: 350210,041: [ParNew: 288169K->9294K(314560K), 0,0123560 secs] 632532K->354575K(1013632K), 0,0124840 secs] [Times: user=0,08 sys=0,00, real=0,02 secs] 
2015-08-31T16:44:39.899+0200: 350268,076: [GC2015-08-31T16:44:39.899+0200: 350268,076: [ParNew: 288910K->8688K(314560K), 0,0113850 secs] 634191K->354899K(1013632K), 0,0115220 secs] [Times: user=0,09 sys=0,00, real=0,01 secs] 
2015-08-31T16:45:37.844+0200: 350326,021: [GC2015-08-31T16:45:37.844+0200: 350326,021: [ParNew: 288304K->9517K(314560K), 0,0112300 secs] 634515K->356659K(1013632K), 0,0113320 secs] [Times: user=0,07 sys=0,00, real=0,00 secs] 
2015-08-31T16:46:35.755+0200: 350383,932: [GC2015-08-31T16:46:35.755+0200: 350383,932: [ParNew: 289133K->9629K(314560K), 0,0115530 secs] 636275K->357679K(1013632K), 0,0116900 secs] [Times: user=0,08 sys=0,00, real=0,02 secs] 
2015-08-31T16:47:34.138+0200: 350442,314: [GC2015-08-31T16:47:34.138+0200: 350442,314: [ParNew: 289245K->9788K(314560K), 0,0121680 secs] 637295K->358829K(1013632K), 0,0122840 secs] [Times: user=0,09 sys=0,00, real=0,01 secs] 
2015-08-31T16:48:32.012+0200: 350500,188: [GC2015-08-31T16:48:32.012+0200: 350500,188: [ParNew: 289404K->9858K(314560K), 0,0134650 secs] 638445K->359930K(1013632K), 0,0136150 secs] [Times: user=0,11 sys=0,00, real=0,02 secs] 
2015-08-31T16:49:30.048+0200: 350558,224: [GC2015-08-31T16:49:30.048+0200: 350558,224: [ParNew: 289474K->6827K(314560K), 0,0113280 secs] 639546K->357826K(1013632K), 0,0114900 secs] [Times: user=0,08 sys=0,00, real=0,01 secs] 
2015-08-31T16:50:27.199+0200: 350615,376: [GC2015-08-31T16:50:27.199+0200: 350615,376: [ParNew: 286443K->8572K(314560K), 0,0074260 secs] 637442K->360480K(1013632K), 0,0075390 secs] [Times: user=0,05 sys=0,00, real=0,01 secs] 
2015-08-31T16:51:24.344+0200: 350672,521: [GC2015-08-31T16:51:24.344+0200: 350672,521: [ParNew: 288188K->9264K(314560K), 0,0106040 secs] 640096K->362088K(1013632K), 0,0107190 secs] [Times: user=0,07 sys=0,00, real=0,00 secs] 
2015-08-31T16:52:22.326+0200: 350730,502: [GC2015-08-31T16:52:22.326+0200: 350730,502: [ParNew: 288880K->8649K(314560K), 0,0114330 secs] 641704K->362404K(1013632K), 0,0115700 secs] [Times: user=0,10 sys=0,00, real=0,01 secs] 
2015-08-31T16:53:20.360+0200: 350788,536: [GC2015-08-31T16:53:20.360+0200: 350788,536: [ParNew: 288265K->10235K(314560K), 0,0101810 secs] 642020K->364921K(1013632K), 0,0102950 secs] [Times: user=0,09 sys=0,00, real=0,01 secs] 
2015-08-31T16:54:18.105+0200: 350846,281: [GC2015-08-31T16:54:18.105+0200: 350846,281: [ParNew: 289851K->8317K(314560K), 0,0109770 secs] 644537K->363934K(1013632K), 0,0110910 secs] [Times: user=0,08 sys=0,00, real=0,00 secs] 
2015-08-31T16:55:16.015+0200: 350904,191: [GC2015-08-31T16:55:16.015+0200: 350904,191: [ParNew: 287933K->9552K(314560K), 0,0109370 secs] 643550K->366132K(1013632K), 0,0110650 secs] [Times: user=0,10 sys=0,00, real=0,02 secs] 
2015-08-31T16:56:14.048+0200: 350962,225: [GC2015-08-31T16:56:14.048+0200: 350962,225: [ParNew: 289168K->9664K(314560K), 0,0141410 secs] 645748K->367259K(1013632K), 0,0142630 secs] [Times: user=0,11 sys=0,00, real=0,01 secs] 
2015-08-31T16:57:11.977+0200: 351020,153: [GC2015-08-31T16:57:11.977+0200: 351020,153: [ParNew: 289280K->9114K(314560K), 0,0116260 secs] 646875K->367722K(1013632K), 0,0117530 secs] [Times: user=0,08 sys=0,00, real=0,01 secs] 
2015-08-31T16:58:09.136+0200: 351077,313: [GC2015-08-31T16:58:09.136+0200: 351077,313: [ParNew: 288730K->7647K(314560K), 0,0099710 secs] 647338K->367189K(1013632K), 0,0101410 secs] [Times: user=0,08 sys=0,00, real=0,02 secs] 
2015-08-31T16:59:06.754+0200: 351134,931: [GC2015-08-31T16:59:06.754+0200: 351134,931: [ParNew: 287263K->8648K(314560K), 0,0108500 secs] 646805K->369119K(1013632K), 0,0109660 secs] [Times: user=0,09 sys=0,00, real=0,02 secs] 
2015-08-31T17:00:04.750+0200: 351192,927: [GC2015-08-31T17:00:04.750+0200: 351192,927: [ParNew: 288264K->7902K(314560K), 0,0112650 secs] 648735K->369307K(1013632K), 0,0113830 secs] [Times: user=0,09 sys=0,00, real=0,01 secs] 
2015-08-31T17:01:02.784+0200: 351250,961: [GC2015-08-31T17:01:02.784+0200: 351250,961: [ParNew: 287518K->9421K(314560K), 0,0108560 secs] 648923K->371771K(1013632K), 0,0109740 secs] [Times: user=0,08 sys=0,00, real=0,01 secs] 
2015-08-31T17:02:00.818+0200: 351308,994: [GC2015-08-31T17:02:00.818+0200: 351308,994: [ParNew: 289037K->8803K(314560K), 0,0117410 secs] 651387K->372089K(1013632K), 0,0118800 secs] [Times: user=0,08 sys=0,00, real=0,01 secs] 
2015-08-31T17:02:58.852+0200: 351367,028: [GC2015-08-31T17:02:58.852+0200: 351367,029: [ParNew: 288419K->8926K(314560K), 0,0128690 secs] 651705K->373149K(1013632K), 0,0129890 secs] [Times: user=0,11 sys=0,00, real=0,02 secs] 
2015-08-31T17:03:56.016+0200: 351424,192: [GC2015-08-31T17:03:56.016+0200: 351424,192: [ParNew: 288542K->9823K(314560K), 0,0137910 secs] 652765K->375006K(1013632K), 0,0138850 secs] [Times: user=0,08 sys=0,00, real=0,02 secs] 
2015-08-31T17:04:52.070+0200: 351480,247: [GC2015-08-31T17:04:52.070+0200: 351480,247: [ParNew: 289439K->9956K(314560K), 0,0080650 secs] 654622K->376162K(1013632K), 0,0081640 secs] [Times: user=0,04 sys=0,00, real=0,01 secs] 
2015-08-31T17:05:46.326+0200: 351534,503: [GC2015-08-31T17:05:46.326+0200: 351534,503: [ParNew: 289572K->9973K(314560K), 0,0186360 secs] 655778K->377191K(1013632K), 0,0187270 secs] [Times: user=0,08 sys=0,00, real=0,02 secs] 
2015-08-31T17:06:42.847+0200: 351591,023: [GC2015-08-31T17:06:42.847+0200: 351591,023: [ParNew: 289589K->8413K(314560K), 0,0109410 secs] 656807K->376570K(1013632K), 0,0110540 secs] [Times: user=0,10 sys=0,00, real=0,01 secs] 
2015-08-31T17:07:40.713+0200: 351648,889: [GC2015-08-31T17:07:40.713+0200: 351648,890: [ParNew: 288029K->7904K(314560K), 0,0122250 secs] 656186K->376999K(1013632K), 0,0123450 secs] [Times: user=0,08 sys=0,00, real=0,02 secs] 
2015-08-31T17:08:39.591+0200: 351707,768: [GC2015-08-31T17:08:39.592+0200: 351707,768: [ParNew: 287520K->8563K(314560K), 0,0106590 secs] 656615K->378609K(1013632K), 0,0107850 secs] [Times: user=0,10 sys=0,00, real=0,01 secs] 
2015-08-31T17:09:37.830+0200: 351766,007: [GC2015-08-31T17:09:37.830+0200: 351766,007: [ParNew: 288179K->9338K(314560K), 0,0107000 secs] 658225K->380336K(1013632K), 0,0108050 secs] [Times: user=0,10 sys=0,00, real=0,01 secs] 
2015-08-31T17:10:36.778+0200: 351824,954: [GC2015-08-31T17:10:36.778+0200: 351824,954: [ParNew: 288954K->10163K(314560K), 0,0140640 secs] 659952K->382085K(1013632K), 0,0141950 secs] [Times: user=0,10 sys=0,00, real=0,01 secs] 
2015-08-31T17:11:34.943+0200: 351883,120: [GC2015-08-31T17:11:34.943+0200: 351883,120: [ParNew: 289779K->7358K(314560K), 0,0110890 secs] 661701K->380182K(1013632K), 0,0112170 secs] [Times: user=0,08 sys=0,00, real=0,01 secs] 
2015-08-31T17:12:32.405+0200: 351940,582: [GC2015-08-31T17:12:32.405+0200: 351940,582: [ParNew: 286974K->8892K(314560K), 0,0111870 secs] 659798K->382665K(1013632K), 0,0112920 secs] [Times: user=0,08 sys=0,01, real=0,01 secs] 
2015-08-31T17:13:30.560+0200: 351998,737: [GC2015-08-31T17:13:30.560+0200: 351998,737: [ParNew: 288508K->8958K(314560K), 0,0106180 secs] 662281K->383745K(1013632K), 0,0107550 secs] [Times: user=0,08 sys=0,00, real=0,01 secs] 
2015-08-31T17:14:27.616+0200: 352055,792: [GC2015-08-31T17:14:27.616+0200: 352055,792: [ParNew: 288574K->8404K(314560K), 0,0109460 secs] 663361K->384121K(1013632K), 0,0110670 secs] [Times: user=0,08 sys=0,00, real=0,02 secs] 
2015-08-31T17:15:23.669+0200: 352111,845: [GC2015-08-31T17:15:23.669+0200: 352111,845: [ParNew: 288020K->8679K(314560K), 0,0144750 secs] 663737K->385330K(1013632K), 0,0146000 secs] [Times: user=0,07 sys=0,00, real=0,01 secs] 
2015-08-31T17:16:21.035+0200: 352169,211: [GC2015-08-31T17:16:21.035+0200: 352169,211: [ParNew: 288295K->9374K(314560K), 0,0108030 secs] 664946K->386974K(1013632K), 0,0109230 secs] [Times: user=0,10 sys=0,00, real=0,02 secs] 
2015-08-31T17:17:19.018+0200: 352227,194: [GC2015-08-31T17:17:19.018+0200: 352227,194: [ParNew: 288990K->8694K(314560K), 0,0105020 secs] 666590K->387246K(1013632K), 0,0106220 secs] [Times: user=0,07 sys=0,00, real=0,01 secs] 
2015-08-31T17:18:17.837+0200: 352286,014: [GC2015-08-31T17:18:17.837+0200: 352286,014: [ParNew: 288310K->8034K(314560K), 0,0104850 secs] 666862K->387517K(1013632K), 0,0105960 secs] [Times: user=0,06 sys=0,00, real=0,01 secs] 
2015-08-31T17:19:15.894+0200: 352344,070: [GC2015-08-31T17:19:15.894+0200: 352344,070: [ParNew: 287650K->8887K(314560K), 0,0149340 secs] 667133K->389313K(1013632K), 0,0150320 secs] [Times: user=0,06 sys=0,00, real=0,02 secs] 
2015-08-31T17:20:13.897+0200: 352402,073: [GC2015-08-31T17:20:13.897+0200: 352402,073: [ParNew: 288503K->9010K(314560K), 0,0115410 secs] 668929K->390395K(1013632K), 0,0116800 secs] [Times: user=0,08 sys=0,00, real=0,01 secs] 
2015-08-31T17:21:11.931+0200: 352460,108: [GC2015-08-31T17:21:11.931+0200: 352460,108: [ParNew: 288626K->8332K(314560K), 0,0114820 secs] 670011K->390739K(1013632K), 0,0115960 secs] [Times: user=0,09 sys=0,00, real=0,01 secs] 
2015-08-31T17:22:09.965+0200: 352518,142: [GC2015-08-31T17:22:09.965+0200: 352518,142: [ParNew: 287948K->10646K(314560K), 0,0164620 secs] 670355K->394059K(1013632K), 0,0165900 secs] [Times: user=0,09 sys=0,00, real=0,01 secs] 
2015-08-31T17:23:07.605+0200: 352575,781: [GC2015-08-31T17:23:07.605+0200: 352575,781: [ParNew: 290262K->7153K(314560K), 0,0098940 secs] 673675K->391484K(1013632K), 0,0100160 secs] [Times: user=0,07 sys=0,00, real=0,00 secs] 
2015-08-31T17:24:05.665+0200: 352633,841: [GC2015-08-31T17:24:05.665+0200: 352633,841: [ParNew: 286769K->9762K(314560K), 0,0098920 secs] 671100K->395033K(1013632K), 0,0100030 secs] [Times: user=0,07 sys=0,00, real=0,00 secs] 
2015-08-31T17:25:03.659+0200: 352691,836: [GC2015-08-31T17:25:03.659+0200: 352691,836: [ParNew: 289378K->8217K(314560K), 0,0106900 secs] 674649K->394428K(1013632K), 0,0108340 secs] [Times: user=0,09 sys=0,00, real=0,01 secs] 
2015-08-31T17:26:01.693+0200: 352749,870: [GC2015-08-31T17:26:01.693+0200: 352749,870: [ParNew: 287833K->9747K(314560K), 0,0113240 secs] 674044K->396877K(1013632K), 0,0114370 secs] [Times: user=0,07 sys=0,00, real=0,02 secs] 
2015-08-31T17:26:59.823+0200: 352808,000: [GC2015-08-31T17:26:59.823+0200: 352808,000: [ParNew: 289363K->10071K(314560K), 0,0139260 secs] 676493K->398150K(1013632K), 0,0140520 secs] [Times: user=0,07 sys=0,00, real=0,02 secs] 
2015-08-31T17:27:57.747+0200: 352865,923: [GC2015-08-31T17:27:57.747+0200: 352865,923: [ParNew: 289687K->8100K(314560K), 0,0120560 secs] 677766K->397115K(1013632K), 0,0121610 secs] [Times: user=0,08 sys=0,00, real=0,01 secs] 
2015-08-31T17:28:55.448+0200: 352923,625: [GC2015-08-31T17:28:55.449+0200: 352923,625: [ParNew: 287716K->8464K(314560K), 0,0115080 secs] 676731K->398458K(1013632K), 0,0116430 secs] [Times: user=0,07 sys=0,01, real=0,01 secs] 
2015-08-31T17:29:54.011+0200: 352982,188: [GC2015-08-31T17:29:54.012+0200: 352982,188: [ParNew: 288080K->6871K(314560K), 0,0112620 secs] 678074K->397893K(1013632K), 0,0113640 secs] [Times: user=0,07 sys=0,00, real=0,01 secs] 
2015-08-31T17:30:52.576+0200: 353040,752: [GC2015-08-31T17:30:52.576+0200: 353040,752: [ParNew: 286487K->5352K(314560K), 0,0092870 secs] 677509K->397474K(1013632K), 0,0094080 secs] [Times: user=0,07 sys=0,00, real=0,02 secs] 
2015-08-31T17:31:50.450+0200: 353098,627: [GC2015-08-31T17:31:50.450+0200: 353098,627: [ParNew: 284968K->4297K(314560K), 0,0068360 secs] 677090K->397391K(1013632K), 0,0069350 secs] [Times: user=0,05 sys=0,00, real=0,01 secs] 
2015-08-31T17:33:05.124+0200: 353173,300: [GC2015-08-31T17:33:05.124+0200: 353173,300: [ParNew: 283913K->3538K(314560K), 0,0071810 secs] 677007K->397128K(1013632K), 0,0072900 secs] [Times: user=0,05 sys=0,00, real=0,01 secs] 
2015-08-31T17:34:02.445+0200: 353230,622: [GC2015-08-31T17:34:02.446+0200: 353230,622: [ParNew: 283154K->4194K(314560K), 0,0060120 secs] 676744K->398259K(1013632K), 0,0061320 secs] [Times: user=0,04 sys=0,01, real=0,00 secs] 
2015-08-31T17:35:00.041+0200: 353288,218: [GC2015-08-31T17:35:00.041+0200: 353288,218: [ParNew: 283810K->5164K(314560K), 0,0055660 secs] 677875K->399391K(1013632K), 0,0056760 secs] [Times: user=0,03 sys=0,00, real=0,01 secs] 
2015-08-31T17:35:58.762+0200: 353346,938: [GC2015-08-31T17:35:58.762+0200: 353346,939: [ParNew: 284780K->6003K(314560K), 0,0073250 secs] 679007K->400351K(1013632K), 0,0074220 secs] [Times: user=0,05 sys=0,00, real=0,01 secs] 
2015-08-31T17:36:56.446+0200: 353404,622: [GC2015-08-31T17:36:56.446+0200: 353404,622: [ParNew: 285619K->7538K(314560K), 0,0182800 secs] 679967K->402121K(1013632K), 0,0183660 secs] [Times: user=0,11 sys=0,00, real=0,01 secs] 
2015-08-31T17:37:54.208+0200: 353462,384: [GC2015-08-31T17:37:54.208+0200: 353462,384: [ParNew: 287154K->9604K(314560K), 0,0080910 secs] 681737K->404733K(1013632K), 0,0082010 secs] [Times: user=0,07 sys=0,00, real=0,00 secs] 
2015-08-31T17:38:52.844+0200: 353521,021: [GC2015-08-31T17:38:52.844+0200: 353521,021: [ParNew: 289220K->7774K(314560K), 0,0106290 secs] 684349K->403618K(1013632K), 0,0107470 secs] [Times: user=0,06 sys=0,00, real=0,00 secs] 
2015-08-31T17:39:50.733+0200: 353578,910: [GC2015-08-31T17:39:50.733+0200: 353578,910: [ParNew: 287390K->8460K(314560K), 0,0101260 secs] 683234K->404990K(1013632K), 0,0102490 secs] [Times: user=0,06 sys=0,00, real=0,01 secs] 
2015-08-31T17:40:48.072+0200: 353636,248: [GC2015-08-31T17:40:48.072+0200: 353636,248: [ParNew: 288076K->9687K(314560K), 0,0093670 secs] 684606K->407114K(1013632K), 0,0094870 secs] [Times: user=0,08 sys=0,00, real=0,01 secs] 
2015-08-31T17:41:45.874+0200: 353694,050: [GC2015-08-31T17:41:45.874+0200: 353694,051: [ParNew: 289303K->7530K(314560K), 0,0116770 secs] 686730K->405892K(1013632K), 0,0118180 secs] [Times: user=0,09 sys=0,00, real=0,02 secs] 
2015-08-31T17:42:43.713+0200: 353751,890: [GC2015-08-31T17:42:43.713+0200: 353751,890: [ParNew: 287146K->9203K(314560K), 0,0113580 secs] 685508K->408496K(1013632K), 0,0114390 secs] [Times: user=0,04 sys=0,00, real=0,02 secs] 
2015-08-31T17:43:41.747+0200: 353809,924: [GC2015-08-31T17:43:41.747+0200: 353809,924: [ParNew: 288819K->10046K(314560K), 0,0098400 secs] 688112K->410270K(1013632K), 0,0099390 secs] [Times: user=0,05 sys=0,00, real=0,01 secs] 
2015-08-31T17:44:40.106+0200: 353868,282: [GC2015-08-31T17:44:40.106+0200: 353868,282: [ParNew: 289662K->8284K(314560K), 0,0121860 secs] 689886K->409456K(1013632K), 0,0123030 secs] [Times: user=0,08 sys=0,00, real=0,01 secs] 
2015-08-31T17:45:38.593+0200: 353926,770: [GC2015-08-31T17:45:38.593+0200: 353926,770: [ParNew: 287900K->8885K(314560K), 0,0128770 secs] 689072K->411047K(1013632K), 0,0129990 secs] [Times: user=0,09 sys=0,00, real=0,02 secs] 
2015-08-31T17:46:36.938+0200: 353985,115: [GC2015-08-31T17:46:36.938+0200: 353985,115: [ParNew: 288501K->8185K(314560K), 0,0113390 secs] 690663K->411362K(1013632K), 0,0114560 secs] [Times: user=0,09 sys=0,00, real=0,01 secs] 
2015-08-31T17:47:34.424+0200: 354042,601: [GC2015-08-31T17:47:34.424+0200: 354042,601: [ParNew: 287801K->9126K(314560K), 0,0093380 secs] 690978K->413316K(1013632K), 0,0094350 secs] [Times: user=0,06 sys=0,00, real=0,01 secs] 
2015-08-31T17:48:32.273+0200: 354100,450: [GC2015-08-31T17:48:32.273+0200: 354100,450: [ParNew: 288742K->8428K(314560K), 0,0102030 secs] 692932K->413537K(1013632K), 0,0103070 secs] [Times: user=0,06 sys=0,00, real=0,01 secs] 
2015-08-31T17:49:30.306+0200: 354158,483: [GC2015-08-31T17:49:30.306+0200: 354158,483: [ParNew: 288044K->9446K(314560K), 0,0109190 secs] 693153K->415490K(1013632K), 0,0110290 secs] [Times: user=0,10 sys=0,00, real=0,01 secs] 
2015-08-31T17:50:28.075+0200: 354216,252: [GC2015-08-31T17:50:28.075+0200: 354216,252: [ParNew: 289062K->7969K(314560K), 0,0107330 secs] 695106K->414949K(1013632K), 0,0108510 secs] [Times: user=0,08 sys=0,00, real=0,02 secs] 
2015-08-31T17:51:25.963+0200: 354274,139: [GC2015-08-31T17:51:25.963+0200: 354274,139: [ParNew: 287585K->9522K(314560K), 0,0106120 secs] 694565K->417457K(1013632K), 0,0107430 secs] [Times: user=0,09 sys=0,00, real=0,01 secs] 
2015-08-31T17:52:23.683+0200: 354331,860: [GC2015-08-31T17:52:23.683+0200: 354331,860: [ParNew: 289138K->8900K(314560K), 0,0119200 secs] 697073K->417775K(1013632K), 0,0120380 secs] [Times: user=0,09 sys=0,00, real=0,01 secs] 
2015-08-31T17:53:21.505+0200: 354389,682: [GC2015-08-31T17:53:21.505+0200: 354389,682: [ParNew: 288516K->9028K(314560K), 0,0111620 secs] 697391K->418848K(1013632K), 0,0112720 secs] [Times: user=0,08 sys=0,00, real=0,01 secs] 
2015-08-31T17:54:19.293+0200: 354447,469: [GC2015-08-31T17:54:19.293+0200: 354447,469: [ParNew: 288644K->9152K(314560K), 0,0107530 secs] 698464K->419964K(1013632K), 0,0108630 secs] [Times: user=0,06 sys=0,01, real=0,01 secs] 
2015-08-31T17:55:17.253+0200: 354505,430: [GC2015-08-31T17:55:17.253+0200: 354505,430: [ParNew: 288768K->10000K(314560K), 0,0125330 secs] 699580K->421833K(1013632K), 0,0126610 secs] [Times: user=0,08 sys=0,00, real=0,02 secs] 
2015-08-31T17:56:15.088+0200: 354563,265: [GC2015-08-31T17:56:15.088+0200: 354563,265: [ParNew: 289616K->7708K(314560K), 0,0096240 secs] 701449K->420485K(1013632K), 0,0097360 secs] [Times: user=0,08 sys=0,00, real=0,01 secs] 
2015-08-31T17:57:12.847+0200: 354621,023: [GC2015-08-31T17:57:12.847+0200: 354621,023: [ParNew: 287324K->7983K(314560K), 0,0075230 secs] 700101K->421706K(1013632K), 0,0076290 secs] [Times: user=0,06 sys=0,00, real=0,00 secs] 
2015-08-31T17:58:10.743+0200: 354678,919: [GC2015-08-31T17:58:10.743+0200: 354678,919: [ParNew: 287599K->9383K(314560K), 0,0146380 secs] 701322K->424053K(1013632K), 0,0147770 secs] [Times: user=0,11 sys=0,00, real=0,02 secs] 
2015-08-31T17:59:08.542+0200: 354736,718: [GC2015-08-31T17:59:08.542+0200: 354736,718: [ParNew: 288999K->9450K(314560K), 0,0106920 secs] 703669K->425062K(1013632K), 0,0108160 secs] [Times: user=0,08 sys=0,00, real=0,01 secs] 
2015-08-31T18:00:06.099+0200: 354794,275: [GC2015-08-31T18:00:06.099+0200: 354794,275: [ParNew: 289066K->9556K(314560K), 0,0107490 secs] 704678K->426116K(1013632K), 0,0108370 secs] [Times: user=0,07 sys=0,00, real=0,01 secs] 
2015-08-31T18:01:04.025+0200: 354852,201: [GC2015-08-31T18:01:04.025+0200: 354852,201: [ParNew: 289172K->9669K(314560K), 0,0111540 secs] 705732K->427161K(1013632K), 0,0112760 secs] [Times: user=0,06 sys=0,00, real=0,00 secs] 
2015-08-31T18:02:01.891+0200: 354910,067: [GC2015-08-31T18:02:01.891+0200: 354910,067: [ParNew: 289285K->9817K(314560K), 0,0118690 secs] 706777K->428271K(1013632K), 0,0120050 secs] [Times: user=0,09 sys=0,00, real=0,01 secs] 
2015-08-31T18:02:59.881+0200: 354968,057: [GC2015-08-31T18:02:59.881+0200: 354968,058: [ParNew: 289433K->9149K(314560K), 0,0116640 secs] 707887K->428632K(1013632K), 0,0117990 secs] [Times: user=0,07 sys=0,00, real=0,01 secs] 
2015-08-31T18:03:57.844+0200: 355026,021: [GC2015-08-31T18:03:57.844+0200: 355026,021: [ParNew: 288765K->10702K(314560K), 0,0122040 secs] 708248K->431201K(1013632K), 0,0123150 secs] [Times: user=0,07 sys=0,01, real=0,01 secs] 
2015-08-31T18:04:55.737+0200: 355083,913: [GC2015-08-31T18:04:55.737+0200: 355083,913: [ParNew: 290318K->7665K(314560K), 0,0129500 secs] 710817K->429095K(1013632K), 0,0130880 secs] [Times: user=0,08 sys=0,00, real=0,01 secs] 
2015-08-31T18:05:53.773+0200: 355141,949: [GC2015-08-31T18:05:53.773+0200: 355141,949: [ParNew: 287281K->9156K(314560K), 0,0098290 secs] 708711K->431523K(1013632K), 0,0099450 secs] [Times: user=0,07 sys=0,00, real=0,01 secs] 
2015-08-31T18:06:51.806+0200: 355199,982: [GC2015-08-31T18:06:51.806+0200: 355199,982: [ParNew: 288772K->9174K(314560K), 0,0110740 secs] 711139K->432485K(1013632K), 0,0111750 secs] [Times: user=0,08 sys=0,00, real=0,01 secs] 
2015-08-31T18:07:49.839+0200: 355258,016: [GC2015-08-31T18:07:49.839+0200: 355258,016: [ParNew: 288790K->10139K(314560K), 0,0107510 secs] 712101K->434375K(1013632K), 0,0108620 secs] [Times: user=0,09 sys=0,00, real=0,01 secs] 
2015-08-31T18:08:48.057+0200: 355316,234: [GC2015-08-31T18:08:48.057+0200: 355316,234: [ParNew: 289755K->7814K(314560K), 0,0108870 secs] 713991K->432992K(1013632K), 0,0110070 secs] [Times: user=0,07 sys=0,00, real=0,01 secs] 
2015-08-31T18:09:46.117+0200: 355374,294: [GC2015-08-31T18:09:46.117+0200: 355374,294: [ParNew: 287430K->9511K(314560K), 0,0112840 secs] 712608K->435638K(1013632K), 0,0113900 secs] [Times: user=0,06 sys=0,00, real=0,01 secs] 
2015-08-31T18:10:44.118+0200: 355432,294: [GC2015-08-31T18:10:44.118+0200: 355432,294: [ParNew: 289127K->8911K(314560K), 0,0109640 secs] 715254K->436034K(1013632K), 0,0110790 secs] [Times: user=0,08 sys=0,00, real=0,01 secs] 
2015-08-31T18:11:40.950+0200: 355489,127: [GC2015-08-31T18:11:40.950+0200: 355489,127: [ParNew: 288527K->9891K(314560K), 0,0106440 secs] 715650K->438038K(1013632K), 0,0107630 secs] [Times: user=0,09 sys=0,00, real=0,01 secs] 
2015-08-31T18:12:38.984+0200: 355547,160: [GC2015-08-31T18:12:38.984+0200: 355547,160: [ParNew: 289507K->8411K(314560K), 0,0198480 secs] 717654K->437567K(1013632K), 0,0199720 secs] [Times: user=0,12 sys=0,00, real=0,02 secs] 
2015-08-31T18:13:36.388+0200: 355604,564: [GC2015-08-31T18:13:36.388+0200: 355604,564: [ParNew: 288027K->8437K(314560K), 0,0146400 secs] 717183K->438533K(1013632K), 0,0147510 secs] [Times: user=0,11 sys=0,00, real=0,01 secs] 
2015-08-31T18:14:35.160+0200: 355663,336: [GC2015-08-31T18:14:35.160+0200: 355663,336: [ParNew: 288053K->9438K(314560K), 0,0112580 secs] 718149K->440470K(1013632K), 0,0113690 secs] [Times: user=0,08 sys=0,00, real=0,01 secs] 
2015-08-31T18:15:33.071+0200: 355721,247: [GC2015-08-31T18:15:33.071+0200: 355721,247: [ParNew: 289054K->8702K(314560K), 0,0116490 secs] 720086K->440686K(1013632K), 0,0117950 secs] [Times: user=0,08 sys=0,00, real=0,01 secs] 
2015-08-31T18:16:30.523+0200: 355778,700: [GC2015-08-31T18:16:30.523+0200: 355778,700: [ParNew: 288318K->8781K(314560K), 0,0118120 secs] 720302K->441701K(1013632K), 0,0119270 secs] [Times: user=0,08 sys=0,00, real=0,01 secs] 
2015-08-31T18:17:28.527+0200: 355836,704: [GC2015-08-31T18:17:28.527+0200: 355836,704: [ParNew: 288397K->9661K(314560K), 0,0098790 secs] 721317K->443510K(1013632K), 0,0099880 secs] [Times: user=0,08 sys=0,00, real=0,01 secs] 
2015-08-31T18:18:26.560+0200: 355894,736: [GC2015-08-31T18:18:26.560+0200: 355894,737: [ParNew: 289277K->9047K(314560K), 0,0143840 secs] 723126K->443833K(1013632K), 0,0144800 secs] [Times: user=0,07 sys=0,00, real=0,01 secs] 
2015-08-31T18:19:24.597+0200: 355952,773: [GC2015-08-31T18:19:24.597+0200: 355952,773: [ParNew: 288663K->9182K(314560K), 0,0067390 secs] 723449K->444973K(1013632K), 0,0068280 secs] [Times: user=0,04 sys=0,01, real=0,00 secs] 
2015-08-31T18:20:22.552+0200: 356010,729: [GC2015-08-31T18:20:22.552+0200: 356010,729: [ParNew: 288798K->9232K(314560K), 0,0109140 secs] 724589K->446063K(1013632K), 0,0110360 secs] [Times: user=0,07 sys=0,00, real=0,01 secs] 
2015-08-31T18:21:20.721+0200: 356068,897: [GC2015-08-31T18:21:20.721+0200: 356068,897: [ParNew: 288848K->8472K(314560K), 0,0114350 secs] 725679K->446243K(1013632K), 0,0115600 secs] [Times: user=0,07 sys=0,00, real=0,01 secs] 
2015-08-31T18:22:18.671+0200: 356126,848: [GC2015-08-31T18:22:18.671+0200: 356126,848: [ParNew: 288088K->9440K(314560K), 0,0110540 secs] 725859K->448167K(1013632K), 0,0111800 secs] [Times: user=0,09 sys=0,00, real=0,01 secs] 
2015-08-31T18:23:16.310+0200: 356184,486: [GC2015-08-31T18:23:16.310+0200: 356184,486: [ParNew: 289056K->8639K(314560K), 0,0118860 secs] 727783K->448296K(1013632K), 0,0120050 secs] [Times: user=0,08 sys=0,00, real=0,01 secs] 
2015-08-31T18:24:14.327+0200: 356242,504: [GC2015-08-31T18:24:14.327+0200: 356242,504: [ParNew: 288255K->8715K(314560K), 0,0117260 secs] 727912K->449316K(1013632K), 0,0118290 secs] [Times: user=0,07 sys=0,00, real=0,01 secs] 
2015-08-31T18:25:11.797+0200: 356299,974: [GC2015-08-31T18:25:11.797+0200: 356299,974: [ParNew: 288331K->11038K(314560K), 0,0119860 secs] 728932K->452572K(1013632K), 0,0121000 secs] [Times: user=0,09 sys=0,00, real=0,01 secs] 
2015-08-31T18:26:09.783+0200: 356357,960: [GC2015-08-31T18:26:09.783+0200: 356357,960: [ParNew: 290654K->7712K(314560K), 0,0117600 secs] 732188K->450194K(1013632K), 0,0119140 secs] [Times: user=0,08 sys=0,00, real=0,01 secs] 
2015-08-31T18:27:07.819+0200: 356415,995: [GC2015-08-31T18:27:07.819+0200: 356415,995: [ParNew: 287328K->9557K(314560K), 0,0176480 secs] 729810K->453013K(1013632K), 0,0177830 secs] [Times: user=0,09 sys=0,00, real=0,02 secs] 
2015-08-31T18:28:05.859+0200: 356474,036: [GC2015-08-31T18:28:05.859+0200: 356474,036: [ParNew: 289173K->9481K(314560K), 0,0124220 secs] 732629K->453950K(1013632K), 0,0125480 secs] [Times: user=0,09 sys=0,00, real=0,01 secs] 
2015-08-31T18:29:03.504+0200: 356531,680: [GC2015-08-31T18:29:03.504+0200: 356531,681: [ParNew: 289097K->7787K(314560K), 0,0125850 secs] 733566K->453271K(1013632K), 0,0127300 secs] [Times: user=0,09 sys=0,00, real=0,02 secs] 
2015-08-31T18:30:01.686+0200: 356589,863: [GC2015-08-31T18:30:01.686+0200: 356589,863: [ParNew: 287403K->6278K(314560K), 0,0103010 secs] 732887K->452708K(1013632K), 0,0104180 secs] [Times: user=0,07 sys=0,00, real=0,01 secs] 
2015-08-31T18:30:59.543+0200: 356647,720: [GC2015-08-31T18:30:59.543+0200: 356647,720: [ParNew: 285894K->4927K(314560K), 0,0082880 secs] 732324K->452294K(1013632K), 0,0083990 secs] [Times: user=0,06 sys=0,00, real=0,01 secs] 
2015-08-31T18:31:57.497+0200: 356705,674: [GC2015-08-31T18:31:57.497+0200: 356705,674: [ParNew: 284543K->4308K(314560K), 0,0075980 secs] 731910K->452177K(1013632K), 0,0077150 secs] [Times: user=0,06 sys=0,00, real=0,01 secs] 
2015-08-31T18:32:55.397+0200: 356763,573: [GC2015-08-31T18:32:55.397+0200: 356763,573: [ParNew: 283924K->3894K(314560K), 0,0076560 secs] 731793K->452906K(1013632K), 0,0077670 secs] [Times: user=0,06 sys=0,00, real=0,01 secs] 
2015-08-31T18:33:53.893+0200: 356822,069: [GC2015-08-31T18:33:53.893+0200: 356822,069: [ParNew: 283510K->4143K(314560K), 0,0061980 secs] 732522K->453445K(1013632K), 0,0063160 secs] [Times: user=0,04 sys=0,01, real=0,01 secs] 
2015-08-31T18:34:51.850+0200: 356880,027: [GC2015-08-31T18:34:51.850+0200: 356880,027: [ParNew: 283759K->5209K(314560K), 0,0185050 secs] 733061K->454676K(1013632K), 0,0186220 secs] [Times: user=0,12 sys=0,00, real=0,02 secs] 
2015-08-31T18:35:49.891+0200: 356938,068: [GC2015-08-31T18:35:49.891+0200: 356938,068: [ParNew: 284825K->6897K(314560K), 0,0075020 secs] 734292K->456541K(1013632K), 0,0076260 secs] [Times: user=0,06 sys=0,00, real=0,01 secs] 
2015-08-31T18:36:47.921+0200: 356996,098: [GC2015-08-31T18:36:47.921+0200: 356996,098: [ParNew: 286513K->6878K(314560K), 0,0088680 secs] 736157K->456835K(1013632K), 0,0090030 secs] [Times: user=0,06 sys=0,00, real=0,01 secs] 
2015-08-31T18:37:45.953+0200: 357054,129: [GC2015-08-31T18:37:45.953+0200: 357054,129: [ParNew: 286494K->8655K(314560K), 0,0082280 secs] 736451K->459079K(1013632K), 0,0083600 secs] [Times: user=0,08 sys=0,00, real=0,01 secs] 
2015-08-31T18:38:44.344+0200: 357112,521: [GC2015-08-31T18:38:44.344+0200: 357112,521: [ParNew: 288271K->6315K(314560K), 0,0101110 secs] 738695K->457352K(1013632K), 0,0102310 secs] [Times: user=0,08 sys=0,00, real=0,01 secs] 
2015-08-31T18:39:43.035+0200: 357171,212: [GC2015-08-31T18:39:43.036+0200: 357171,212: [ParNew: 285931K->9860K(314560K), 0,0104250 secs] 736968K->461718K(1013632K), 0,0105510 secs] [Times: user=0,09 sys=0,00, real=0,02 secs] 
2015-08-31T18:40:41.245+0200: 357229,422: [GC2015-08-31T18:40:41.246+0200: 357229,422: [ParNew: 289476K->7613K(314560K), 0,0094170 secs] 741334K->460378K(1013632K), 0,0095470 secs] [Times: user=0,07 sys=0,00, real=0,00 secs] 
2015-08-31T18:41:39.252+0200: 357287,429: [GC2015-08-31T18:41:39.252+0200: 357287,429: [ParNew: 287229K->9118K(314560K), 0,0115710 secs] 739994K->462804K(1013632K), 0,0116960 secs] [Times: user=0,07 sys=0,00, real=0,01 secs] 
2015-08-31T18:42:37.289+0200: 357345,465: [GC2015-08-31T18:42:37.289+0200: 357345,465: [ParNew: 288734K->10032K(314560K), 0,0113240 secs] 742420K->464633K(1013632K), 0,0114320 secs] [Times: user=0,07 sys=0,00, real=0,01 secs] 
2015-08-31T18:43:35.323+0200: 357403,499: [GC2015-08-31T18:43:35.323+0200: 357403,499: [ParNew: 289648K->7370K(314560K), 0,0115920 secs] 744249K->462887K(1013632K), 0,0117680 secs] [Times: user=0,10 sys=0,00, real=0,01 secs] 
2015-08-31T18:44:33.105+0200: 357461,281: [GC2015-08-31T18:44:33.105+0200: 357461,281: [ParNew: 286986K->9624K(314560K), 0,0104970 secs] 742503K->466157K(1013632K), 0,0106060 secs] [Times: user=0,07 sys=0,00, real=0,00 secs] 
2015-08-31T18:45:30.979+0200: 357519,155: [GC2015-08-31T18:45:30.979+0200: 357519,155: [ParNew: 289240K->8950K(314560K), 0,0137450 secs] 745773K->466525K(1013632K), 0,0138660 secs] [Times: user=0,08 sys=0,00, real=0,01 secs] 
2015-08-31T18:46:29.017+0200: 357577,194: [GC2015-08-31T18:46:29.017+0200: 357577,194: [ParNew: 288566K->9114K(314560K), 0,0123470 secs] 746141K->467600K(1013632K), 0,0124650 secs] [Times: user=0,08 sys=0,00, real=0,01 secs] 
2015-08-31T18:47:27.846+0200: 357636,022: [GC2015-08-31T18:47:27.846+0200: 357636,022: [ParNew: 288730K->9384K(314560K), 0,0119600 secs] 747216K->468798K(1013632K), 0,0120720 secs] [Times: user=0,09 sys=0,00, real=0,01 secs] 
2015-08-31T18:48:25.898+0200: 357694,074: [GC2015-08-31T18:48:25.898+0200: 357694,074: [ParNew: 289000K->8675K(314560K), 0,0141500 secs] 748414K->469022K(1013632K), 0,0142620 secs] [Times: user=0,10 sys=0,00, real=0,01 secs] 
2015-08-31T18:49:23.902+0200: 357752,079: [GC2015-08-31T18:49:23.902+0200: 357752,079: [ParNew: 288291K->8789K(314560K), 0,0109850 secs] 748638K->470067K(1013632K), 0,0111200 secs] [Times: user=0,10 sys=0,00, real=0,01 secs] 
2015-08-31T18:50:21.936+0200: 357810,113: [GC2015-08-31T18:50:21.936+0200: 357810,113: [ParNew: 288405K->9638K(314560K), 0,0111760 secs] 749683K->471863K(1013632K), 0,0112980 secs] [Times: user=0,07 sys=0,00, real=0,02 secs] 
2015-08-31T18:51:20.419+0200: 357868,596: [GC2015-08-31T18:51:20.419+0200: 357868,596: [ParNew: 289254K->7495K(314560K), 0,0104190 secs] 751479K->470666K(1013632K), 0,0105420 secs] [Times: user=0,09 sys=0,00, real=0,01 secs] 
2015-08-31T18:52:18.981+0200: 357927,158: [GC2015-08-31T18:52:18.981+0200: 357927,158: [ParNew: 287111K->10616K(314560K), 0,0114110 secs] 750282K->474766K(1013632K), 0,0115300 secs] [Times: user=0,08 sys=0,00, real=0,01 secs] 
2015-08-31T18:53:16.816+0200: 357984,992: [GC2015-08-31T18:53:16.816+0200: 357984,993: [ParNew: 290232K->7638K(314560K), 0,0116140 secs] 754382K->472832K(1013632K), 0,0117310 secs] [Times: user=0,08 sys=0,00, real=0,02 secs] 
2015-08-31T18:54:14.851+0200: 358043,027: [GC2015-08-31T18:54:14.851+0200: 358043,027: [ParNew: 287254K->8995K(314560K), 0,0112840 secs] 752448K->475223K(1013632K), 0,0114080 secs] [Times: user=0,09 sys=0,00, real=0,01 secs] 
2015-08-31T18:55:13.105+0200: 358101,281: [GC2015-08-31T18:55:13.105+0200: 358101,281: [ParNew: 288611K->8182K(314560K), 0,0108050 secs] 754839K->475329K(1013632K), 0,0109120 secs] [Times: user=0,07 sys=0,00, real=0,00 secs] 
2015-08-31T18:56:12.193+0200: 358160,370: [GC2015-08-31T18:56:12.193+0200: 358160,370: [ParNew: 287798K->10067K(314560K), 0,0105890 secs] 754945K->478138K(1013632K), 0,0107090 secs] [Times: user=0,08 sys=0,00, real=0,01 secs] 
2015-08-31T18:57:10.758+0200: 358218,935: [GC2015-08-31T18:57:10.758+0200: 358218,935: [ParNew: 289683K->7227K(314560K), 0,0111260 secs] 757754K->476235K(1013632K), 0,0112370 secs] [Times: user=0,09 sys=0,00, real=0,01 secs] 
2015-08-31T18:58:09.663+0200: 358277,839: [GC2015-08-31T18:58:09.663+0200: 358277,839: [ParNew: 286843K->10664K(314560K), 0,0111410 secs] 755851K->480613K(1013632K), 0,0112570 secs] [Times: user=0,11 sys=0,00, real=0,01 secs] 
2015-08-31T18:59:08.105+0200: 358336,281: [GC2015-08-31T18:59:08.105+0200: 358336,281: [ParNew: 290280K->8081K(314560K), 0,0094880 secs] 760229K->478954K(1013632K), 0,0096120 secs] [Times: user=0,07 sys=0,00, real=0,00 secs] 
2015-08-31T19:00:06.917+0200: 358395,093: [GC2015-08-31T19:00:06.917+0200: 358395,093: [ParNew: 287697K->9615K(314560K), 0,0124990 secs] 758570K->481415K(1013632K), 0,0126230 secs] [Times: user=0,08 sys=0,00, real=0,01 secs] 
2015-08-31T19:01:05.480+0200: 358453,657: [GC2015-08-31T19:01:05.480+0200: 358453,657: [ParNew: 289231K->8322K(314560K), 0,0115010 secs] 761031K->481151K(1013632K), 0,0116380 secs] [Times: user=0,09 sys=0,00, real=0,01 secs] 
2015-08-31T19:02:04.043+0200: 358512,219: [GC2015-08-31T19:02:04.043+0200: 358512,219: [ParNew: 287938K->9282K(314560K), 0,0101690 secs] 760767K->483151K(1013632K), 0,0102700 secs] [Times: user=0,08 sys=0,00, real=0,01 secs] 
2015-08-31T19:03:02.500+0200: 358570,676: [GC2015-08-31T19:03:02.500+0200: 358570,676: [ParNew: 288898K->7784K(314560K), 0,0122700 secs] 762767K->482611K(1013632K), 0,0123990 secs] [Times: user=0,09 sys=0,00, real=0,01 secs] 
2015-08-31T19:04:01.485+0200: 358629,662: [GC2015-08-31T19:04:01.485+0200: 358629,662: [ParNew: 287400K->9523K(314560K), 0,0106110 secs] 762227K->485321K(1013632K), 0,0107410 secs] [Times: user=0,07 sys=0,00, real=0,00 secs] 
2015-08-31T19:05:00.209+0200: 358688,385: [GC2015-08-31T19:05:00.209+0200: 358688,385: [ParNew: 289139K->8721K(314560K), 0,0124970 secs] 764937K->485466K(1013632K), 0,0126160 secs] [Times: user=0,08 sys=0,00, real=0,01 secs] 
2015-08-31T19:05:58.638+0200: 358746,814: [GC2015-08-31T19:05:58.638+0200: 358746,814: [ParNew: 288337K->8790K(314560K), 0,0113960 secs] 765082K->486484K(1013632K), 0,0115130 secs] [Times: user=0,10 sys=0,00, real=0,01 secs] 
2015-08-31T19:06:57.322+0200: 358805,499: [GC2015-08-31T19:06:57.322+0200: 358805,499: [ParNew: 288406K->8149K(314560K), 0,0113450 secs] 766100K->486779K(1013632K), 0,0114790 secs] [Times: user=0,11 sys=0,00, real=0,01 secs] 
2015-08-31T19:07:55.884+0200: 358864,060: [GC2015-08-31T19:07:55.884+0200: 358864,060: [ParNew: 287765K->10503K(314560K), 0,0137940 secs] 766395K->490093K(1013632K), 0,0139100 secs] [Times: user=0,08 sys=0,00, real=0,02 secs] 
2015-08-31T19:08:54.446+0200: 358922,623: [GC2015-08-31T19:08:54.446+0200: 358922,623: [ParNew: 290119K->8051K(314560K), 0,0126700 secs] 769709K->488608K(1013632K), 0,0127990 secs] [Times: user=0,09 sys=0,00, real=0,01 secs] 
2015-08-31T19:09:53.105+0200: 358981,281: [GC2015-08-31T19:09:53.105+0200: 358981,281: [ParNew: 287667K->9764K(314560K), 0,0115820 secs] 768224K->491356K(1013632K), 0,0117110 secs] [Times: user=0,08 sys=0,00, real=0,01 secs] 
2015-08-31T19:10:52.067+0200: 359040,243: [GC2015-08-31T19:10:52.067+0200: 359040,243: [ParNew: 289380K->10541K(314560K), 0,0097090 secs] 770972K->493160K(1013632K), 0,0098330 secs] [Times: user=0,08 sys=0,00, real=0,01 secs] 
2015-08-31T19:11:50.624+0200: 359098,800: [GC2015-08-31T19:11:50.624+0200: 359098,800: [ParNew: 290157K->7661K(314560K), 0,0133700 secs] 772776K->491220K(1013632K), 0,0134730 secs] [Times: user=0,10 sys=0,00, real=0,02 secs] 
2015-08-31T19:12:48.930+0200: 359157,106: [GC2015-08-31T19:12:48.930+0200: 359157,106: [ParNew: 287277K->9237K(314560K), 0,0108530 secs] 770836K->493724K(1013632K), 0,0109660 secs] [Times: user=0,08 sys=0,00, real=0,01 secs] 
2015-08-31T19:13:48.097+0200: 359216,274: [GC2015-08-31T19:13:48.097+0200: 359216,274: [ParNew: 288853K->10006K(314560K), 0,0099020 secs] 773340K->495443K(1013632K), 0,0100210 secs] [Times: user=0,08 sys=0,00, real=0,01 secs] 
2015-08-31T19:14:46.788+0200: 359274,965: [GC2015-08-31T19:14:46.788+0200: 359274,965: [ParNew: 289622K->7329K(314560K), 0,0117160 secs] 775059K->493720K(1013632K), 0,0118190 secs] [Times: user=0,08 sys=0,00, real=0,01 secs] 
2015-08-31T19:15:45.352+0200: 359333,529: [GC2015-08-31T19:15:45.352+0200: 359333,529: [ParNew: 286945K->10219K(314560K), 0,0111460 secs] 773336K->497551K(1013632K), 0,0112560 secs] [Times: user=0,08 sys=0,00, real=0,01 secs] 
2015-08-31T19:16:43.913+0200: 359392,090: [GC2015-08-31T19:16:43.913+0200: 359392,090: [ParNew: 289835K->7769K(314560K), 0,0112190 secs] 777167K->496068K(1013632K), 0,0113730 secs] [Times: user=0,08 sys=0,00, real=0,02 secs] 
2015-08-31T19:17:42.476+0200: 359450,653: [GC2015-08-31T19:17:42.476+0200: 359450,653: [ParNew: 287385K->9717K(314560K), 0,0116880 secs] 775684K->499033K(1013632K), 0,0118100 secs] [Times: user=0,07 sys=0,01, real=0,01 secs] 
2015-08-31T19:18:41.181+0200: 359509,358: [GC2015-08-31T19:18:41.181+0200: 359509,358: [ParNew: 289333K->9811K(314560K), 0,0109450 secs] 778649K->500162K(1013632K), 0,0110530 secs] [Times: user=0,08 sys=0,00, real=0,01 secs] 
2015-08-31T19:19:40.091+0200: 359568,268: [GC2015-08-31T19:19:40.091+0200: 359568,268: [ParNew: 289427K->7711K(314560K), 0,0103800 secs] 779778K->499020K(1013632K), 0,0104900 secs] [Times: user=0,09 sys=0,00, real=0,01 secs] 
2015-08-31T19:20:38.653+0200: 359626,830: [GC2015-08-31T19:20:38.653+0200: 359626,830: [ParNew: 287327K->10213K(314560K), 0,0108090 secs] 778636K->502477K(1013632K), 0,0109460 secs] [Times: user=0,08 sys=0,00, real=0,02 secs] 
2015-08-31T19:21:37.217+0200: 359685,393: [GC2015-08-31T19:21:37.217+0200: 359685,393: [ParNew: 289829K->7722K(314560K), 0,0111730 secs] 782093K->500914K(1013632K), 0,0113000 secs] [Times: user=0,07 sys=0,00, real=0,01 secs] 
2015-08-31T19:22:36.131+0200: 359744,307: [GC2015-08-31T19:22:36.131+0200: 359744,307: [ParNew: 287338K->9986K(314560K), 0,0106750 secs] 780530K->504127K(1013632K), 0,0108120 secs] [Times: user=0,10 sys=0,00, real=0,01 secs] 
2015-08-31T19:23:35.394+0200: 359803,571: [GC2015-08-31T19:23:35.394+0200: 359803,571: [ParNew: 289602K->8044K(314560K), 0,0112640 secs] 783743K->503128K(1013632K), 0,0113890 secs] [Times: user=0,09 sys=0,00, real=0,02 secs] 
2015-08-31T19:24:34.376+0200: 359862,552: [GC2015-08-31T19:24:34.376+0200: 359862,552: [ParNew: 287660K->10223K(314560K), 0,0128970 secs] 782744K->506266K(1013632K), 0,0130020 secs] [Times: user=0,09 sys=0,00, real=0,02 secs] 
2015-08-31T19:25:33.105+0200: 359921,281: [GC2015-08-31T19:25:33.105+0200: 359921,281: [ParNew: 289839K->9716K(314560K), 0,0117000 secs] 785882K->506743K(1013632K), 0,0118220 secs] [Times: user=0,08 sys=0,00, real=0,01 secs] 
2015-08-31T19:26:31.526+0200: 359979,703: [GC2015-08-31T19:26:31.526+0200: 359979,703: [ParNew: 289332K->8664K(314560K), 0,0093650 secs] 786359K->506723K(1013632K), 0,0094700 secs] [Times: user=0,07 sys=0,00, real=0,00 secs] 
2015-08-31T19:27:29.436+0200: 360037,612: [GC2015-08-31T19:27:29.436+0200: 360037,612: [ParNew: 288280K->10589K(314560K), 0,0116790 secs] 786339K->509671K(1013632K), 0,0117880 secs] [Times: user=0,08 sys=0,00, real=0,02 secs] 
2015-08-31T19:28:28.105+0200: 360096,281: [GC2015-08-31T19:28:28.105+0200: 360096,281: [ParNew: 290205K->6660K(314560K), 0,0095390 secs] 789287K->506698K(1013632K), 0,0096630 secs] [Times: user=0,08 sys=0,00, real=0,00 secs] 
2015-08-31T19:29:27.033+0200: 360155,210: [GC2015-08-31T19:29:27.033+0200: 360155,210: [ParNew: 286276K->5770K(314560K), 0,0096110 secs] 786314K->506758K(1013632K), 0,0097090 secs] [Times: user=0,07 sys=0,00, real=0,01 secs] 
2015-08-31T19:30:25.695+0200: 360213,872: [GC2015-08-31T19:30:25.695+0200: 360213,872: [ParNew: 285386K->4966K(314560K), 0,0087210 secs] 786374K->506904K(1013632K), 0,0088470 secs] [Times: user=0,07 sys=0,00, real=0,01 secs] 
2015-08-31T19:31:24.252+0200: 360272,429: [GC2015-08-31T19:31:24.252+0200: 360272,429: [ParNew: 284582K->4122K(314560K), 0,0087900 secs] 786520K->506857K(1013632K), 0,0089070 secs] [Times: user=0,05 sys=0,00, real=0,01 secs] 
2015-08-31T19:32:22.625+0200: 360330,801: [GC2015-08-31T19:32:22.625+0200: 360330,801: [ParNew: 283738K->4646K(314560K), 0,0087630 secs] 786473K->507887K(1013632K), 0,0088890 secs] [Times: user=0,05 sys=0,00, real=0,00 secs] 
2015-08-31T19:33:21.362+0200: 360389,538: [GC2015-08-31T19:33:21.362+0200: 360389,538: [ParNew: 284262K->3521K(314560K), 0,0076430 secs] 787503K->507991K(1013632K), 0,0077650 secs] [Times: user=0,07 sys=0,00, real=0,01 secs] 
2015-08-31T19:34:19.856+0200: 360448,032: [GC2015-08-31T19:34:19.856+0200: 360448,032: [ParNew: 283137K->4739K(314560K), 0,0054700 secs] 787607K->509343K(1013632K), 0,0055820 secs] [Times: user=0,05 sys=0,00, real=0,01 secs] 
2015-08-31T19:35:18.472+0200: 360506,649: [GC2015-08-31T19:35:18.472+0200: 360506,649: [ParNew: 284355K->5478K(314560K), 0,0066770 secs] 788959K->510335K(1013632K), 0,0067960 secs] [Times: user=0,04 sys=0,00, real=0,01 secs] 
2015-08-31T19:36:17.232+0200: 360565,409: [GC2015-08-31T19:36:17.232+0200: 360565,409: [ParNew: 285094K->6271K(314560K), 0,0067910 secs] 789951K->511250K(1013632K), 0,0069120 secs] [Times: user=0,06 sys=0,00, real=0,01 secs] 
2015-08-31T19:37:15.583+0200: 360623,759: [GC2015-08-31T19:37:15.583+0200: 360623,759: [ParNew: 285887K->7955K(314560K), 0,0086240 secs] 790866K->513168K(1013632K), 0,0087480 secs] [Times: user=0,06 sys=0,00, real=0,01 secs] 
2015-08-31T19:38:14.033+0200: 360682,210: [GC2015-08-31T19:38:14.033+0200: 360682,210: [ParNew: 287571K->7568K(314560K), 0,0099080 secs] 792784K->513283K(1013632K), 0,0100290 secs] [Times: user=0,06 sys=0,00, real=0,01 secs] 
2015-08-31T19:39:12.964+0200: 360741,140: [GC2015-08-31T19:39:12.964+0200: 360741,140: [ParNew: 287184K->9772K(314560K), 0,0097160 secs] 792899K->516111K(1013632K), 0,0098280 secs] [Times: user=0,09 sys=0,00, real=0,01 secs] 
2015-08-31T19:40:11.642+0200: 360799,818: [GC2015-08-31T19:40:11.642+0200: 360799,818: [ParNew: 289388K->7399K(314560K), 0,0114050 secs] 795727K->514589K(1013632K), 0,0115400 secs] [Times: user=0,10 sys=0,00, real=0,01 secs] 
2015-08-31T19:41:10.179+0200: 360858,356: [GC2015-08-31T19:41:10.179+0200: 360858,356: [ParNew: 287015K->10702K(314560K), 0,0111820 secs] 794205K->518815K(1013632K), 0,0113090 secs] [Times: user=0,09 sys=0,00, real=0,01 secs] 
2015-08-31T19:42:08.737+0200: 360916,914: [GC2015-08-31T19:42:08.737+0200: 360916,914: [ParNew: 290318K->7221K(314560K), 0,0109530 secs] 798431K->516280K(1013632K), 0,0111060 secs] [Times: user=0,09 sys=0,00, real=0,01 secs] 
2015-08-31T19:43:07.285+0200: 360975,462: [GC2015-08-31T19:43:07.285+0200: 360975,462: [ParNew: 286837K->9641K(314560K), 0,0111060 secs] 795896K->519719K(1013632K), 0,0112050 secs] [Times: user=0,07 sys=0,00, real=0,01 secs] 
2015-08-31T19:44:05.935+0200: 361034,111: [GC2015-08-31T19:44:05.935+0200: 361034,111: [ParNew: 289257K->9724K(314560K), 0,0114820 secs] 799335K->520823K(1013632K), 0,0116000 secs] [Times: user=0,10 sys=0,00, real=0,02 secs] 
2015-08-31T19:45:05.253+0200: 361093,430: [GC2015-08-31T19:45:05.254+0200: 361093,430: [ParNew: 289340K->9178K(314560K), 0,0111580 secs] 800439K->521230K(1013632K), 0,0112630 secs] [Times: user=0,07 sys=0,00, real=0,02 secs] 
2015-08-31T19:46:04.044+0200: 361152,221: [GC2015-08-31T19:46:04.044+0200: 361152,221: [ParNew: 288794K->8717K(314560K), 0,0091660 secs] 800846K->521702K(1013632K), 0,0092700 secs] [Times: user=0,07 sys=0,00, real=0,00 secs] 
2015-08-31T19:47:02.419+0200: 361210,595: [GC2015-08-31T19:47:02.419+0200: 361210,595: [ParNew: 288333K->8715K(314560K), 0,0142170 secs] 801318K->522623K(1013632K), 0,0143440 secs] [Times: user=0,06 sys=0,00, real=0,01 secs] 
2015-08-31T19:48:01.054+0200: 361269,231: [GC2015-08-31T19:48:01.054+0200: 361269,231: [ParNew: 288331K->10299K(314560K), 0,0109350 secs] 802239K->525151K(1013632K), 0,0110500 secs] [Times: user=0,09 sys=0,00, real=0,02 secs] 
2015-08-31T19:48:59.601+0200: 361327,778: [GC2015-08-31T19:48:59.601+0200: 361327,778: [ParNew: 289915K->6982K(314560K), 0,0128010 secs] 804767K->522764K(1013632K), 0,0129110 secs] [Times: user=0,09 sys=0,00, real=0,01 secs] 
2015-08-31T19:49:58.105+0200: 361386,281: [GC2015-08-31T19:49:58.105+0200: 361386,281: [ParNew: 286598K->9644K(314560K), 0,0094250 secs] 802380K->526381K(1013632K), 0,0095580 secs] [Times: user=0,06 sys=0,00, real=0,00 secs] 
2015-08-31T19:50:56.573+0200: 361444,750: [GC2015-08-31T19:50:56.573+0200: 361444,750: [ParNew: 289260K->8287K(314560K), 0,0107420 secs] 805997K->526037K(1013632K), 0,0108570 secs] [Times: user=0,06 sys=0,01, real=0,01 secs] 
2015-08-31T19:51:55.259+0200: 361503,435: [GC2015-08-31T19:51:55.259+0200: 361503,435: [ParNew: 287903K->9240K(314560K), 0,0106310 secs] 805653K->528027K(1013632K), 0,0107490 secs] [Times: user=0,10 sys=0,00, real=0,01 secs] 
2015-08-31T19:52:53.910+0200: 361562,086: [GC2015-08-31T19:52:53.910+0200: 361562,086: [ParNew: 288856K->8510K(314560K), 0,0111170 secs] 807643K->528238K(1013632K), 0,0112360 secs] [Times: user=0,07 sys=0,00, real=0,01 secs] 
2015-08-31T19:53:52.474+0200: 361620,651: [GC2015-08-31T19:53:52.475+0200: 361620,651: [ParNew: 288126K->8004K(314560K), 0,0106350 secs] 807854K->528686K(1013632K), 0,0107470 secs] [Times: user=0,09 sys=0,00, real=0,02 secs] 
2015-08-31T19:54:50.754+0200: 361678,930: [GC2015-08-31T19:54:50.754+0200: 361678,930: [ParNew: 287620K->8681K(314560K), 0,0110500 secs] 808302K->530310K(1013632K), 0,0111610 secs] [Times: user=0,07 sys=0,00, real=0,02 secs] 
2015-08-31T19:55:49.085+0200: 361737,262: [GC2015-08-31T19:55:49.085+0200: 361737,262: [ParNew: 288297K->9475K(314560K), 0,0116640 secs] 809926K->532064K(1013632K), 0,0117990 secs] [Times: user=0,08 sys=0,00, real=0,01 secs] 
2015-08-31T19:56:47.637+0200: 361795,813: [GC2015-08-31T19:56:47.637+0200: 361795,813: [ParNew: 289091K->9574K(314560K), 0,0133190 secs] 811680K->533096K(1013632K), 0,0134450 secs] [Times: user=0,09 sys=0,00, real=0,01 secs] 
2015-08-31T19:57:46.203+0200: 361854,380: [GC2015-08-31T19:57:46.203+0200: 361854,380: [ParNew: 289190K->9707K(314560K), 0,0137200 secs] 812712K->534170K(1013632K), 0,0138240 secs] [Times: user=0,11 sys=0,00, real=0,02 secs] 
2015-08-31T19:58:44.767+0200: 361912,943: [GC2015-08-31T19:58:44.767+0200: 361912,943: [ParNew: 289323K->9099K(314560K), 0,0108110 secs] 813786K->534515K(1013632K), 0,0109360 secs] [Times: user=0,10 sys=0,00, real=0,01 secs] 
2015-08-31T19:59:43.105+0200: 361971,281: [GC2015-08-31T19:59:43.105+0200: 361971,281: [ParNew: 288715K->10000K(314560K), 0,0118340 secs] 814131K->536452K(1013632K), 0,0119510 secs] [Times: user=0,07 sys=0,00, real=0,01 secs] 
2015-08-31T20:00:42.099+0200: 362030,276: [GC2015-08-31T20:00:42.099+0200: 362030,276: [ParNew: 289616K->6937K(314560K), 0,0109130 secs] 816068K->534409K(1013632K), 0,0110400 secs] [Times: user=0,10 sys=0,00, real=0,01 secs] 
2015-08-31T20:01:40.624+0200: 362088,800: [GC2015-08-31T20:01:40.624+0200: 362088,800: [ParNew: 286553K->9280K(314560K), 0,0116950 secs] 814025K->537694K(1013632K), 0,0118100 secs] [Times: user=0,07 sys=0,00, real=0,01 secs] 
2015-08-31T20:02:39.097+0200: 362147,274: [GC2015-08-31T20:02:39.097+0200: 362147,274: [ParNew: 288896K->8784K(314560K), 0,0117230 secs] 817310K->538136K(1013632K), 0,0118940 secs] [Times: user=0,07 sys=0,00, real=0,01 secs] 
2015-08-31T20:03:37.530+0200: 362205,707: [GC2015-08-31T20:03:37.530+0200: 362205,707: [ParNew: 288400K->8793K(314560K), 0,0112550 secs] 817752K->539097K(1013632K), 0,0113720 secs] [Times: user=0,09 sys=0,00, real=0,01 secs] 
2015-08-31T20:04:36.091+0200: 362264,267: [GC2015-08-31T20:04:36.091+0200: 362264,267: [ParNew: 288409K->8884K(314560K), 0,0098630 secs] 818713K->540143K(1013632K), 0,0100080 secs] [Times: user=0,08 sys=0,00, real=0,01 secs] 
2015-08-31T20:05:34.653+0200: 362322,829: [GC2015-08-31T20:05:34.653+0200: 362322,829: [ParNew: 288500K->9737K(314560K), 0,0118720 secs] 819759K->541929K(1013632K), 0,0119980 secs] [Times: user=0,07 sys=0,00, real=0,02 secs] 
2015-08-31T20:06:33.105+0200: 362381,281: [GC2015-08-31T20:06:33.105+0200: 362381,281: [ParNew: 289353K->9138K(314560K), 0,0104440 secs] 821545K->542286K(1013632K), 0,0105640 secs] [Times: user=0,08 sys=0,00, real=0,00 secs] 
2015-08-31T20:07:31.314+0200: 362439,491: [GC2015-08-31T20:07:31.314+0200: 362439,491: [ParNew: 288754K->10803K(314560K), 0,0113830 secs] 821902K->544957K(1013632K), 0,0115030 secs] [Times: user=0,10 sys=0,00, real=0,02 secs] 
2015-08-31T20:08:30.312+0200: 362498,489: [GC2015-08-31T20:08:30.312+0200: 362498,489: [ParNew: 290419K->8247K(314560K), 0,0108010 secs] 824573K->543460K(1013632K), 0,0109340 secs] [Times: user=0,06 sys=0,01, real=0,01 secs] 
2015-08-31T20:09:29.303+0200: 362557,479: [GC2015-08-31T20:09:29.303+0200: 362557,479: [ParNew: 287863K->9856K(314560K), 0,0140240 secs] 823076K->546016K(1013632K), 0,0141440 secs] [Times: user=0,10 sys=0,00, real=0,02 secs] 
2015-08-31T20:10:27.922+0200: 362616,099: [GC2015-08-31T20:10:27.922+0200: 362616,099: [ParNew: 289472K->6676K(314560K), 0,0116020 secs] 825632K->543777K(1013632K), 0,0117150 secs] [Times: user=0,08 sys=0,00, real=0,01 secs] 
2015-08-31T20:11:26.487+0200: 362674,664: [GC2015-08-31T20:11:26.487+0200: 362674,664: [ParNew: 286292K->8567K(314560K), 0,0107880 secs] 823393K->546627K(1013632K), 0,0109070 secs] [Times: user=0,09 sys=0,00, real=0,01 secs] 
2015-08-31T20:12:25.047+0200: 362733,223: [GC2015-08-31T20:12:25.047+0200: 362733,223: [ParNew: 288183K->9352K(314560K), 0,0113820 secs] 826243K->548358K(1013632K), 0,0115090 secs] [Times: user=0,09 sys=0,00, real=0,01 secs] 
2015-08-31T20:13:23.563+0200: 362791,739: [GC2015-08-31T20:13:23.563+0200: 362791,739: [ParNew: 288968K->9661K(314560K), 0,0117590 secs] 827974K->549620K(1013632K), 0,0118710 secs] [Times: user=0,09 sys=0,00, real=0,01 secs] 
2015-08-31T20:14:22.157+0200: 362850,334: [GC2015-08-31T20:14:22.157+0200: 362850,334: [ParNew: 289277K->9834K(314560K), 0,0122190 secs] 829236K->550745K(1013632K), 0,0123430 secs] [Times: user=0,09 sys=0,00, real=0,01 secs] 
2015-08-31T20:15:21.119+0200: 362909,296: [GC2015-08-31T20:15:21.119+0200: 362909,296: [ParNew: 289450K->8459K(314560K), 0,0136100 secs] 830361K->550349K(1013632K), 0,0137400 secs] [Times: user=0,12 sys=0,00, real=0,01 secs] 
2015-08-31T20:16:19.709+0200: 362967,886: [GC2015-08-31T20:16:19.709+0200: 362967,886: [ParNew: 288075K->10099K(314560K), 0,0112370 secs] 829965K->553038K(1013632K), 0,0113510 secs] [Times: user=0,09 sys=0,00, real=0,01 secs] 
2015-08-31T20:17:18.105+0200: 363026,281: [GC2015-08-31T20:17:18.105+0200: 363026,281: [ParNew: 289715K->10100K(314560K), 0,0107930 secs] 832654K->554077K(1013632K), 0,0109110 secs] [Times: user=0,08 sys=0,00, real=0,00 secs] 
2015-08-31T20:18:17.098+0200: 363085,275: [GC2015-08-31T20:18:17.098+0200: 363085,275: [ParNew: 289716K->9332K(314560K), 0,0111160 secs] 833693K->554262K(1013632K), 0,0112410 secs] [Times: user=0,09 sys=0,00, real=0,01 secs] 
2015-08-31T20:19:15.417+0200: 363143,594: [GC2015-08-31T20:19:15.417+0200: 363143,594: [ParNew: 288948K->9549K(314560K), 0,0109500 secs] 833878K->555426K(1013632K), 0,0110980 secs] [Times: user=0,08 sys=0,00, real=0,01 secs] 
2015-08-31T20:20:13.878+0200: 363202,055: [GC2015-08-31T20:20:13.878+0200: 363202,055: [ParNew: 289165K->8779K(314560K), 0,0114500 secs] 835042K->555620K(1013632K), 0,0115750 secs] [Times: user=0,10 sys=0,00, real=0,01 secs] 
2015-08-31T20:21:12.847+0200: 363261,023: [GC2015-08-31T20:21:12.847+0200: 363261,023: [ParNew: 288395K->8820K(314560K), 0,0107390 secs] 835236K->556605K(1013632K), 0,0108530 secs] [Times: user=0,09 sys=0,00, real=0,01 secs] 
2015-08-31T20:22:11.583+0200: 363319,759: [GC2015-08-31T20:22:11.583+0200: 363319,759: [ParNew: 288436K->9672K(314560K), 0,0112060 secs] 836221K->558396K(1013632K), 0,0113320 secs] [Times: user=0,10 sys=0,00, real=0,01 secs] 
2015-08-31T20:23:10.146+0200: 363378,322: [GC2015-08-31T20:23:10.146+0200: 363378,322: [ParNew: 289288K->9830K(314560K), 0,0096560 secs] 838012K->559511K(1013632K), 0,0097680 secs] [Times: user=0,07 sys=0,00, real=0,00 secs] 
2015-08-31T20:24:09.195+0200: 363437,372: [GC2015-08-31T20:24:09.195+0200: 363437,372: [ParNew: 289446K->9200K(314560K), 0,0117670 secs] 839127K->559886K(1013632K), 0,0119010 secs] [Times: user=0,10 sys=0,00, real=0,02 secs] 
2015-08-31T20:25:07.587+0200: 363495,764: [GC2015-08-31T20:25:07.587+0200: 363495,764: [ParNew: 288816K->9271K(314560K), 0,0112260 secs] 839502K->560991K(1013632K), 0,0113380 secs] [Times: user=0,10 sys=0,00, real=0,01 secs] 
2015-08-31T20:26:06.145+0200: 363554,322: [GC2015-08-31T20:26:06.146+0200: 363554,322: [ParNew: 288887K->8913K(314560K), 0,0098800 secs] 840607K->561557K(1013632K), 0,0099790 secs] [Times: user=0,07 sys=0,00, real=0,00 secs] 
2015-08-31T20:27:04.368+0200: 363612,545: [GC2015-08-31T20:27:04.368+0200: 363612,545: [ParNew: 288529K->8822K(314560K), 0,0117140 secs] 841173K->562410K(1013632K), 0,0118440 secs] [Times: user=0,08 sys=0,00, real=0,01 secs] 
2015-08-31T20:28:02.847+0200: 363671,023: [GC2015-08-31T20:28:02.847+0200: 363671,023: [ParNew: 288438K->8773K(314560K), 0,0153940 secs] 842026K->563321K(1013632K), 0,0155100 secs] [Times: user=0,11 sys=0,00, real=0,01 secs] 
2015-08-31T20:29:01.685+0200: 363729,861: [GC2015-08-31T20:29:01.685+0200: 363729,862: [ParNew: 288389K->6705K(314560K), 0,0118300 secs] 842937K->562204K(1013632K), 0,0119450 secs] [Times: user=0,08 sys=0,00, real=0,01 secs] 
2015-08-31T20:30:00.321+0200: 363788,498: [GC2015-08-31T20:30:00.322+0200: 363788,498: [ParNew: 286321K->7435K(314560K), 0,0099540 secs] 841820K->563887K(1013632K), 0,0100740 secs] [Times: user=0,06 sys=0,00, real=0,01 secs] 
2015-08-31T20:30:59.058+0200: 363847,235: [GC2015-08-31T20:30:59.058+0200: 363847,235: [ParNew: 287051K->5225K(314560K), 0,0094620 secs] 843503K->562651K(1013632K), 0,0095790 secs] [Times: user=0,06 sys=0,00, real=0,01 secs] 
2015-08-31T20:31:57.617+0200: 363905,794: [GC2015-08-31T20:31:57.617+0200: 363905,794: [ParNew: 284841K->5443K(314560K), 0,0081290 secs] 842267K->563402K(1013632K), 0,0082510 secs] [Times: user=0,06 sys=0,00, real=0,01 secs] 
2015-08-31T20:32:56.175+0200: 363964,352: [GC2015-08-31T20:32:56.175+0200: 363964,352: [ParNew: 285059K->4583K(314560K), 0,0088320 secs] 843018K->563643K(1013632K), 0,0089610 secs] [Times: user=0,05 sys=0,00, real=0,02 secs] 
2015-08-31T20:33:54.493+0200: 364022,669: [GC2015-08-31T20:33:54.493+0200: 364022,669: [ParNew: 284199K->3727K(314560K), 0,0063160 secs] 843259K->563320K(1013632K), 0,0064380 secs] [Times: user=0,04 sys=0,00, real=0,01 secs] 
2015-08-31T20:34:52.784+0200: 364080,961: [GC2015-08-31T20:34:52.784+0200: 364080,961: [ParNew: 283343K->4406K(314560K), 0,0060630 secs] 842936K->564158K(1013632K), 0,0061780 secs] [Times: user=0,04 sys=0,00, real=0,01 secs] 
2015-08-31T20:35:51.839+0200: 364140,015: [GC2015-08-31T20:35:51.839+0200: 364140,015: [ParNew: 284022K->5567K(314560K), 0,0063340 secs] 843774K->565437K(1013632K), 0,0064530 secs] [Times: user=0,06 sys=0,00, real=0,01 secs] 
2015-08-31T20:36:50.623+0200: 364198,800: [GC2015-08-31T20:36:50.623+0200: 364198,800: [ParNew: 285183K->7038K(314560K), 0,0073030 secs] 845053K->567122K(1013632K), 0,0074220 secs] [Times: user=0,07 sys=0,00, real=0,01 secs] 
2015-08-31T20:37:49.443+0200: 364257,619: [GC2015-08-31T20:37:49.443+0200: 364257,619: [ParNew: 286654K->7521K(314560K), 0,0095590 secs] 846738K->568054K(1013632K), 0,0096730 secs] [Times: user=0,06 sys=0,00, real=0,01 secs] 
2015-08-31T20:38:48.008+0200: 364316,185: [GC2015-08-31T20:38:48.009+0200: 364316,185: [ParNew: 287137K->8618K(314560K), 0,0130610 secs] 847670K->569689K(1013632K), 0,0131890 secs] [Times: user=0,09 sys=0,00, real=0,01 secs] 
2015-08-31T20:39:46.571+0200: 364374,747: [GC2015-08-31T20:39:46.571+0200: 364374,747: [ParNew: 288234K->10209K(314560K), 0,0103980 secs] 849305K->571903K(1013632K), 0,0105190 secs] [Times: user=0,09 sys=0,00, real=0,01 secs] 
2015-08-31T20:40:45.128+0200: 364433,304: [GC2015-08-31T20:40:45.128+0200: 364433,304: [ParNew: 289825K->7241K(314560K), 0,0116090 secs] 851519K->569832K(1013632K), 0,0117180 secs] [Times: user=0,08 sys=0,00, real=0,01 secs] 
2015-08-31T20:41:43.892+0200: 364492,068: [GC2015-08-31T20:41:43.892+0200: 364492,068: [ParNew: 286857K->8289K(314560K), 0,0113300 secs] 849448K->571902K(1013632K), 0,0114500 secs] [Times: user=0,08 sys=0,00, real=0,01 secs] 
2015-08-31T20:42:42.739+0200: 364550,916: [GC2015-08-31T20:42:42.739+0200: 364550,916: [ParNew: 287905K->8248K(314560K), 0,0114370 secs] 851518K->572788K(1013632K), 0,0115470 secs] [Times: user=0,09 sys=0,00, real=0,01 secs] 
2015-08-31T20:43:41.301+0200: 364609,478: [GC2015-08-31T20:43:41.301+0200: 364609,478: [ParNew: 287864K->7920K(314560K), 0,0112320 secs] 852404K->573404K(1013632K), 0,0113500 secs] [Times: user=0,07 sys=0,00, real=0,01 secs] 
2015-08-31T20:44:39.860+0200: 364668,037: [GC2015-08-31T20:44:39.860+0200: 364668,037: [ParNew: 287536K->10105K(314560K), 0,0119770 secs] 853020K->576528K(1013632K), 0,0121080 secs] [Times: user=0,07 sys=0,00, real=0,01 secs] 
2015-08-31T20:45:38.105+0200: 364726,281: [GC2015-08-31T20:45:38.105+0200: 364726,281: [ParNew: 289721K->7744K(314560K), 0,0116500 secs] 856144K->575112K(1013632K), 0,0117640 secs] [Times: user=0,07 sys=0,00, real=0,01 secs] 
2015-08-31T20:46:36.799+0200: 364784,975: [GC2015-08-31T20:46:36.799+0200: 364784,975: [ParNew: 287360K->8752K(314560K), 0,0119650 secs] 854728K->577069K(1013632K), 0,0120860 secs] [Times: user=0,09 sys=0,00, real=0,01 secs] 
2015-08-31T20:47:35.093+0200: 364843,269: [GC2015-08-31T20:47:35.093+0200: 364843,269: [ParNew: 288368K->8825K(314560K), 0,0120730 secs] 856685K->578068K(1013632K), 0,0121880 secs] [Times: user=0,08 sys=0,01, real=0,02 secs] 
2015-08-31T20:48:33.953+0200: 364902,129: [GC2015-08-31T20:48:33.953+0200: 364902,129: [ParNew: 288441K->9117K(314560K), 0,0106560 secs] 857684K->579326K(1013632K), 0,0107780 secs] [Times: user=0,07 sys=0,00, real=0,01 secs] 
2015-08-31T20:49:32.609+0200: 364960,786: [GC2015-08-31T20:49:32.610+0200: 364960,786: [ParNew: 288733K->10031K(314560K), 0,0118700 secs] 858942K->581284K(1013632K), 0,0120150 secs] [Times: user=0,09 sys=0,00, real=0,01 secs] 
2015-08-31T20:50:30.590+0200: 365018,766: [GC2015-08-31T20:50:30.590+0200: 365018,766: [ParNew: 289647K->8509K(314560K), 0,0115120 secs] 860900K->580797K(1013632K), 0,0116320 secs] [Times: user=0,09 sys=0,00, real=0,01 secs] 
2015-08-31T20:51:29.261+0200: 365077,438: [GC2015-08-31T20:51:29.261+0200: 365077,438: [ParNew: 288125K->7744K(314560K), 0,0145400 secs] 860413K->580989K(1013632K), 0,0146470 secs] [Times: user=0,11 sys=0,00, real=0,01 secs] 
2015-08-31T20:52:27.768+0200: 365135,945: [GC2015-08-31T20:52:27.768+0200: 365135,945: [ParNew: 287360K->8772K(314560K), 0,0111030 secs] 860605K->582963K(1013632K), 0,0112140 secs] [Times: user=0,08 sys=0,00, real=0,01 secs] 
2015-08-31T20:53:26.743+0200: 365194,920: [GC2015-08-31T20:53:26.743+0200: 365194,920: [ParNew: 288388K->10196K(314560K), 0,0112230 secs] 862579K->585323K(1013632K), 0,0113480 secs] [Times: user=0,10 sys=0,00, real=0,01 secs] 
2015-08-31T20:54:25.382+0200: 365253,558: [GC2015-08-31T20:54:25.382+0200: 365253,558: [ParNew: 289812K->7349K(314560K), 0,0108740 secs] 864939K->583418K(1013632K), 0,0109930 secs] [Times: user=0,08 sys=0,00, real=0,01 secs] 
2015-08-31T20:55:23.945+0200: 365312,122: [GC2015-08-31T20:55:23.946+0200: 365312,122: [ParNew: 286965K->10166K(314560K), 0,0117710 secs] 863034K->587178K(1013632K), 0,0119070 secs] [Times: user=0,09 sys=0,00, real=0,01 secs] 
2015-08-31T20:56:22.508+0200: 365370,685: [GC2015-08-31T20:56:22.508+0200: 365370,685: [ParNew: 289782K->8903K(314560K), 0,0114840 secs] 866794K->586866K(1013632K), 0,0116390 secs] [Times: user=0,07 sys=0,01, real=0,01 secs] 
2015-08-31T20:57:21.070+0200: 365429,246: [GC2015-08-31T20:57:21.070+0200: 365429,246: [ParNew: 288519K->8433K(314560K), 0,0116000 secs] 866482K->587400K(1013632K), 0,0117280 secs] [Times: user=0,09 sys=0,00, real=0,01 secs] 
2015-08-31T20:58:19.569+0200: 365487,746: [GC2015-08-31T20:58:19.569+0200: 365487,746: [ParNew: 288049K->9296K(314560K), 0,0121070 secs] 867016K->589301K(1013632K), 0,0122340 secs] [Times: user=0,09 sys=0,00, real=0,01 secs] 
2015-08-31T20:59:17.844+0200: 365546,021: [GC2015-08-31T20:59:17.845+0200: 365546,021: [ParNew: 288912K->8541K(314560K), 0,0116960 secs] 868917K->589580K(1013632K), 0,0118080 secs] [Times: user=0,09 sys=0,00, real=0,00 secs] 
2015-08-31T21:00:16.421+0200: 365604,598: [GC2015-08-31T21:00:16.422+0200: 365604,598: [ParNew: 288157K->9318K(314560K), 0,0124420 secs] 869196K->591306K(1013632K), 0,0125590 secs] [Times: user=0,08 sys=0,00, real=0,01 secs] 
2015-08-31T21:01:14.769+0200: 365662,946: [GC2015-08-31T21:01:14.770+0200: 365662,946: [ParNew: 288934K->9577K(314560K), 0,0137460 secs] 870922K->592527K(1013632K), 0,0138560 secs] [Times: user=0,08 sys=0,00, real=0,01 secs] 
2015-08-31T21:02:13.105+0200: 365721,281: [GC2015-08-31T21:02:13.105+0200: 365721,281: [ParNew: 289193K->8779K(314560K), 0,0108760 secs] 872143K->592684K(1013632K), 0,0110130 secs] [Times: user=0,06 sys=0,01, real=0,00 secs] 
2015-08-31T21:03:11.375+0200: 365779,552: [GC2015-08-31T21:03:11.375+0200: 365779,552: [ParNew: 288395K->10335K(314560K), 0,0141170 secs] 872300K->595179K(1013632K), 0,0142310 secs] [Times: user=0,11 sys=0,00, real=0,02 secs] 
2015-08-31T21:04:09.808+0200: 365837,985: [GC2015-08-31T21:04:09.808+0200: 365837,985: [ParNew: 289951K->7467K(314560K), 0,0114250 secs] 874795K->593258K(1013632K), 0,0115780 secs] [Times: user=0,08 sys=0,00, real=0,01 secs] 
2015-08-31T21:05:07.974+0200: 365896,151: [GC2015-08-31T21:05:07.974+0200: 365896,151: [ParNew: 287083K->8260K(314560K), 0,0110610 secs] 872874K->594992K(1013632K), 0,0111870 secs] [Times: user=0,08 sys=0,00, real=0,02 secs] 
2015-08-31T21:06:06.525+0200: 365954,702: [GC2015-08-31T21:06:06.526+0200: 365954,702: [ParNew: 287876K->9784K(314560K), 0,0118290 secs] 874608K->597553K(1013632K), 0,0119530 secs] [Times: user=0,09 sys=0,00, real=0,01 secs] 
2015-08-31T21:07:05.084+0200: 366013,261: [GC2015-08-31T21:07:05.084+0200: 366013,261: [ParNew: 289400K->10006K(314560K), 0,0112960 secs] 877169K->598793K(1013632K), 0,0114520 secs] [Times: user=0,08 sys=0,00, real=0,01 secs] 
2015-08-31T21:08:03.144+0200: 366071,320: [GC2015-08-31T21:08:03.144+0200: 366071,320: [ParNew: 289622K->7743K(314560K), 0,0110640 secs] 878409K->597485K(1013632K), 0,0111760 secs] [Times: user=0,10 sys=0,00, real=0,01 secs] 
2015-08-31T21:09:01.849+0200: 366130,025: [GC2015-08-31T21:09:01.849+0200: 366130,025: [ParNew: 287359K->8736K(314560K), 0,0114340 secs] 877101K->599426K(1013632K), 0,0115550 secs] [Times: user=0,07 sys=0,00, real=0,01 secs] 
2015-08-31T21:10:00.064+0200: 366188,241: [GC2015-08-31T21:10:00.064+0200: 366188,241: [ParNew: 288352K->9419K(314560K), 0,0087230 secs] 879042K->601050K(1013632K), 0,0088190 secs] [Times: user=0,07 sys=0,00, real=0,01 secs] 
2015-08-31T21:10:58.302+0200: 366246,478: [GC2015-08-31T21:10:58.302+0200: 366246,478: [ParNew: 289035K->8784K(314560K), 0,0106270 secs] 880666K->601367K(1013632K), 0,0107540 secs] [Times: user=0,08 sys=0,00, real=0,01 secs] 
2015-08-31T21:11:56.865+0200: 366305,041: [GC2015-08-31T21:11:56.865+0200: 366305,041: [ParNew: 288400K->8129K(314560K), 0,0134980 secs] 880983K->601670K(1013632K), 0,0136300 secs] [Times: user=0,08 sys=0,00, real=0,01 secs] 
2015-08-31T21:12:55.420+0200: 366363,597: [GC2015-08-31T21:12:55.420+0200: 366363,597: [ParNew: 287745K->9724K(314560K), 0,0098700 secs] 881286K->604197K(1013632K), 0,0100180 secs] [Times: user=0,07 sys=0,00, real=0,01 secs] 
2015-08-31T21:13:53.974+0200: 366422,150: [GC2015-08-31T21:13:53.974+0200: 366422,150: [ParNew: 289340K->9890K(314560K), 0,0111030 secs] 883813K->605325K(1013632K), 0,0112420 secs] [Times: user=0,07 sys=0,01, real=0,02 secs] 
2015-08-31T21:14:52.275+0200: 366480,451: [GC2015-08-31T21:14:52.275+0200: 366480,452: [ParNew: 289506K->7717K(314560K), 0,0143560 secs] 884941K->604188K(1013632K), 0,0144690 secs] [Times: user=0,12 sys=0,00, real=0,02 secs] 
2015-08-31T21:15:50.335+0200: 366538,512: [GC2015-08-31T21:15:50.335+0200: 366538,512: [ParNew: 287333K->8527K(314560K), 0,0112630 secs] 883804K->606033K(1013632K), 0,0113760 secs] [Times: user=0,10 sys=0,00, real=0,02 secs] 
2015-08-31T21:16:49.033+0200: 366597,210: [GC2015-08-31T21:16:49.033+0200: 366597,210: [ParNew: 288143K->8520K(314560K), 0,0111250 secs] 885649K->606947K(1013632K), 0,0112520 secs] [Times: user=0,08 sys=0,00, real=0,02 secs] 
2015-08-31T21:17:47.682+0200: 366655,858: [GC2015-08-31T21:17:47.682+0200: 366655,858: [ParNew: 288136K->8103K(314560K), 0,0110510 secs] 886563K->607481K(1013632K), 0,0111750 secs] [Times: user=0,07 sys=0,01, real=0,01 secs] 
2015-08-31T21:18:46.248+0200: 366714,424: [GC2015-08-31T21:18:46.248+0200: 366714,424: [ParNew: 287719K->8083K(314560K), 0,0119430 secs] 887097K->608421K(1013632K), 0,0120570 secs] [Times: user=0,09 sys=0,00, real=0,01 secs] 
2015-08-31T21:19:44.512+0200: 366772,689: [GC2015-08-31T21:19:44.513+0200: 366772,689: [ParNew: 287699K->9650K(314560K), 0,0130060 secs] 888037K->610946K(1013632K), 0,0131280 secs] [Times: user=0,09 sys=0,00, real=0,02 secs] 
2015-08-31T21:20:42.847+0200: 366831,023: [GC2015-08-31T21:20:42.847+0200: 366831,023: [ParNew: 289266K->10494K(314560K), 0,0121660 secs] 890562K->612746K(1013632K), 0,0122830 secs] [Times: user=0,08 sys=0,00, real=0,01 secs] 
2015-08-31T21:21:41.411+0200: 366889,588: [GC2015-08-31T21:21:41.411+0200: 366889,588: [ParNew: 290110K->8043K(314560K), 0,0119400 secs] 892362K->611224K(1013632K), 0,0120820 secs] [Times: user=0,08 sys=0,00, real=0,01 secs] 
2015-08-31T21:22:40.217+0200: 366948,393: [GC2015-08-31T21:22:40.217+0200: 366948,393: [ParNew: 287659K->10518K(314560K), 0,0115260 secs] 890840K->614730K(1013632K), 0,0116630 secs] [Times: user=0,07 sys=0,00, real=0,01 secs] 
2015-08-31T21:23:38.690+0200: 367006,867: [GC2015-08-31T21:23:38.690+0200: 367006,867: [ParNew: 290134K->7474K(314560K), 0,0120330 secs] 894346K->612722K(1013632K), 0,0121620 secs] [Times: user=0,09 sys=0,00, real=0,01 secs] 
2015-08-31T21:24:37.494+0200: 367065,670: [GC2015-08-31T21:24:37.494+0200: 367065,670: [ParNew: 287090K->9108K(314560K), 0,0109590 secs] 892338K->615315K(1013632K), 0,0110780 secs] [Times: user=0,07 sys=0,00, real=0,02 secs] 
2015-08-31T21:25:35.879+0200: 367124,056: [GC2015-08-31T21:25:35.879+0200: 367124,056: [ParNew: 288724K->9973K(314560K), 0,0139420 secs] 894931K->617113K(1013632K), 0,0140740 secs] [Times: user=0,12 sys=0,00, real=0,01 secs] 
2015-08-31T21:26:34.175+0200: 367182,352: [GC2015-08-31T21:26:34.175+0200: 367182,352: [ParNew: 289589K->9645K(314560K), 0,0119550 secs] 896729K->617735K(1013632K), 0,0120770 secs] [Times: user=0,09 sys=0,00, real=0,02 secs] 
2015-08-31T21:27:32.449+0200: 367240,625: [GC2015-08-31T21:27:32.449+0200: 367240,625: [ParNew: 289261K->9906K(314560K), 0,0122940 secs] 897351K->618964K(1013632K), 0,0124110 secs] [Times: user=0,10 sys=0,00, real=0,01 secs] 
2015-08-31T21:28:30.291+0200: 367298,467: [GC2015-08-31T21:28:30.291+0200: 367298,467: [ParNew: 289522K->8867K(314560K), 0,0112090 secs] 898580K->618874K(1013632K), 0,0113250 secs] [Times: user=0,08 sys=0,00, real=0,01 secs] 
2015-08-31T21:29:28.943+0200: 367357,119: [GC2015-08-31T21:29:28.943+0200: 367357,119: [ParNew: 288483K->8102K(314560K), 0,0110990 secs] 898490K->619060K(1013632K), 0,0112150 secs] [Times: user=0,08 sys=0,00, real=0,01 secs] 
2015-08-31T21:30:27.674+0200: 367415,851: [GC2015-08-31T21:30:27.674+0200: 367415,851: [ParNew: 287718K->6467K(314560K), 0,0096090 secs] 898676K->618395K(1013632K), 0,0097360 secs] [Times: user=0,07 sys=0,00, real=0,01 secs] 
2015-08-31T21:31:26.449+0200: 367474,626: [GC2015-08-31T21:31:26.449+0200: 367474,626: [ParNew: 286083K->5417K(314560K), 0,0083600 secs] 898011K->618209K(1013632K), 0,0084740 secs] [Times: user=0,07 sys=0,00, real=0,01 secs] 
2015-08-31T21:32:25.009+0200: 367533,186: [GC2015-08-31T21:32:25.009+0200: 367533,186: [ParNew: 285033K->3985K(314560K), 0,0102760 secs] 897825K->617867K(1013632K), 0,0103950 secs] [Times: user=0,07 sys=0,00, real=0,01 secs] 
2015-08-31T21:33:23.105+0200: 367591,281: [GC2015-08-31T21:33:23.105+0200: 367591,281: [ParNew: 283601K->3559K(314560K), 0,0070910 secs] 897483K->618140K(1013632K), 0,0072020 secs] [Times: user=0,04 sys=0,00, real=0,00 secs] 
2015-08-31T21:34:21.878+0200: 367650,054: [GC2015-08-31T21:34:21.878+0200: 367650,054: [ParNew: 283175K->3372K(314560K), 0,0057430 secs] 897756K->618012K(1013632K), 0,0058530 secs] [Times: user=0,03 sys=0,00, real=0,00 secs] 
2015-08-31T21:35:20.169+0200: 367708,345: [GC2015-08-31T21:35:20.169+0200: 367708,346: [ParNew: 282988K->4483K(314560K), 0,0057170 secs] 897628K->619289K(1013632K), 0,0058180 secs] [Times: user=0,04 sys=0,00, real=0,00 secs] 
2015-08-31T21:36:18.199+0200: 367766,376: [GC2015-08-31T21:36:18.199+0200: 367766,376: [ParNew: 284099K->6491K(314560K), 0,0061230 secs] 898905K->621423K(1013632K), 0,0062320 secs] [Times: user=0,06 sys=0,00, real=0,01 secs] 
2015-08-31T21:37:16.933+0200: 367825,109: [GC2015-08-31T21:37:16.933+0200: 367825,109: [ParNew: 286107K->8245K(314560K), 0,0079270 secs] 901039K->623415K(1013632K), 0,0080440 secs] [Times: user=0,07 sys=0,00, real=0,01 secs] 
2015-08-31T21:38:15.307+0200: 367883,484: [GC2015-08-31T21:38:15.307+0200: 367883,484: [ParNew: 287861K->9236K(314560K), 0,0096060 secs] 903031K->624898K(1013632K), 0,0097350 secs] [Times: user=0,09 sys=0,00, real=0,01 secs] 
2015-08-31T21:39:13.875+0200: 367942,052: [GC2015-08-31T21:39:13.875+0200: 367942,052: [ParNew: 288852K->9651K(314560K), 0,0108910 secs] 904514K->625999K(1013632K), 0,0110060 secs] [Times: user=0,09 sys=0,00, real=0,02 secs] 
2015-08-31T21:40:12.443+0200: 368000,619: [GC2015-08-31T21:40:12.443+0200: 368000,619: [ParNew: 289267K->10357K(314560K), 0,0132940 secs] 905615K->627663K(1013632K), 0,0134100 secs] [Times: user=0,08 sys=0,00, real=0,01 secs] 
2015-08-31T21:41:11.177+0200: 368059,354: [GC2015-08-31T21:41:11.177+0200: 368059,354: [ParNew: 289973K->7539K(314560K), 0,0112090 secs] 907279K->625762K(1013632K), 0,0113290 secs] [Times: user=0,07 sys=0,00, real=0,01 secs] 
2015-08-31T21:42:09.488+0200: 368117,665: [GC2015-08-31T21:42:09.488+0200: 368117,665: [ParNew: 287155K->9034K(314560K), 0,0109060 secs] 905378K->628185K(1013632K), 0,0110250 secs] [Times: user=0,07 sys=0,00, real=0,01 secs] 
2015-08-31T21:43:07.847+0200: 368176,023: [GC2015-08-31T21:43:07.847+0200: 368176,023: [ParNew: 288650K->9042K(314560K), 0,0143190 secs] 907801K->629126K(1013632K), 0,0144210 secs] [Times: user=0,11 sys=0,00, real=0,01 secs] 
2015-08-31T21:44:06.666+0200: 368234,843: [GC2015-08-31T21:44:06.666+0200: 368234,843: [ParNew: 288658K->9307K(314560K), 0,0105520 secs] 908742K->630315K(1013632K), 0,0106720 secs] [Times: user=0,07 sys=0,00, real=0,01 secs] 
2015-08-31T21:45:05.228+0200: 368293,404: [GC2015-08-31T21:45:05.228+0200: 368293,404: [ParNew: 288923K->8757K(314560K), 0,0183480 secs] 909931K->630706K(1013632K), 0,0184570 secs] [Times: user=0,14 sys=0,00, real=0,02 secs] 
2015-08-31T21:46:03.669+0200: 368351,846: [GC2015-08-31T21:46:03.669+0200: 368351,846: [ParNew: 288373K->9639K(314560K), 0,0112650 secs] 910322K->632510K(1013632K), 0,0113880 secs] [Times: user=0,07 sys=0,00, real=0,01 secs] 
2015-08-31T21:47:02.349+0200: 368410,526: [GC2015-08-31T21:47:02.349+0200: 368410,526: [ParNew: 289255K->8273K(314560K), 0,0109780 secs] 912126K->632094K(1013632K), 0,0111040 secs] [Times: user=0,08 sys=0,01, real=0,01 secs] 
2015-08-31T21:48:00.912+0200: 368469,088: [GC2015-08-31T21:48:00.912+0200: 368469,088: [ParNew: 287889K->10657K(314560K), 0,0169070 secs] 911710K->635485K(1013632K), 0,0170620 secs] [Times: user=0,12 sys=0,00, real=0,02 secs] 
2015-08-31T21:48:59.479+0200: 368527,655: [GC2015-08-31T21:48:59.479+0200: 368527,655: [ParNew: 290273K->8131K(314560K), 0,0114320 secs] 915101K->633983K(1013632K), 0,0115550 secs] [Times: user=0,09 sys=0,00, real=0,01 secs] 
2015-08-31T21:49:57.844+0200: 368586,020: [GC2015-08-31T21:49:57.844+0200: 368586,020: [ParNew: 287747K->7648K(314560K), 0,0113110 secs] 913599K->634433K(1013632K), 0,0114200 secs] [Times: user=0,10 sys=0,00, real=0,01 secs] 
2015-08-31T21:50:56.594+0200: 368644,770: [GC2015-08-31T21:50:56.594+0200: 368644,770: [ParNew: 287264K->9185K(314560K), 0,0128470 secs] 914049K->636913K(1013632K), 0,0129640 secs] [Times: user=0,08 sys=0,00, real=0,02 secs] 
2015-08-31T21:51:55.356+0200: 368703,533: [GC2015-08-31T21:51:55.356+0200: 368703,533: [ParNew: 288801K->10054K(314560K), 0,0111020 secs] 916529K->638701K(1013632K), 0,0112270 secs] [Times: user=0,08 sys=0,00, real=0,02 secs] 
2015-08-31T21:52:53.976+0200: 368762,153: [GC2015-08-31T21:52:53.976+0200: 368762,153: [ParNew: 289670K->7292K(314560K), 0,0120790 secs] 918317K->636874K(1013632K), 0,0121900 secs] [Times: user=0,10 sys=0,00, real=0,02 secs] 
2015-08-31T21:53:52.755+0200: 368820,931: [GC2015-08-31T21:53:52.755+0200: 368820,931: [ParNew: 286908K->10112K(314560K), 0,0107180 secs] 916490K->640644K(1013632K), 0,0108420 secs] [Times: user=0,09 sys=0,00, real=0,02 secs] 
2015-08-31T21:54:51.320+0200: 368879,496: [GC2015-08-31T21:54:51.320+0200: 368879,496: [ParNew: 289728K->7693K(314560K), 0,0118050 secs] 920260K->639160K(1013632K), 0,0119270 secs] [Times: user=0,10 sys=0,00, real=0,01 secs] 
2015-08-31T21:55:49.876+0200: 368938,053: [GC2015-08-31T21:55:49.876+0200: 368938,053: [ParNew: 287309K->8952K(314560K), 0,0127370 secs] 918776K->641408K(1013632K), 0,0128420 secs] [Times: user=0,10 sys=0,00, real=0,02 secs] 
2015-08-31T21:56:48.436+0200: 368996,613: [GC2015-08-31T21:56:48.436+0200: 368996,613: [ParNew: 288568K->9764K(314560K), 0,0118760 secs] 921024K->643261K(1013632K), 0,0119880 secs] [Times: user=0,09 sys=0,00, real=0,02 secs] 
2015-08-31T21:57:47.083+0200: 369055,259: [GC2015-08-31T21:57:47.083+0200: 369055,259: [ParNew: 289380K->9190K(314560K), 0,0163880 secs] 922877K->643638K(1013632K), 0,0165070 secs] [Times: user=0,11 sys=0,00, real=0,02 secs] 
2015-08-31T21:58:45.995+0200: 369114,172: [GC2015-08-31T21:58:45.995+0200: 369114,172: [ParNew: 288806K->7955K(314560K), 0,0169610 secs] 923254K->643338K(1013632K), 0,0170750 secs] [Times: user=0,08 sys=0,00, real=0,02 secs] 
2015-08-31T21:59:44.258+0200: 369172,434: [GC2015-08-31T21:59:44.258+0200: 369172,434: [ParNew: 287571K->10111K(314560K), 0,0088130 secs] 922954K->646440K(1013632K), 0,0089410 secs] [Times: user=0,06 sys=0,00, real=0,01 secs] 
2015-08-31T22:00:42.848+0200: 369231,025: [GC2015-08-31T22:00:42.848+0200: 369231,025: [ParNew: 289727K->7737K(314560K), 0,0119610 secs] 926056K->644996K(1013632K), 0,0120880 secs] [Times: user=0,08 sys=0,01, real=0,01 secs] 
2015-08-31T22:01:41.397+0200: 369289,573: [GC2015-08-31T22:01:41.397+0200: 369289,573: [ParNew: 287353K->10087K(314560K), 0,0114160 secs] 924612K->648286K(1013632K), 0,0115620 secs] [Times: user=0,06 sys=0,00, real=0,01 secs] 
2015-08-31T22:02:40.113+0200: 369348,290: [GC2015-08-31T22:02:40.113+0200: 369348,290: [ParNew: 289703K->10302K(314560K), 0,0105390 secs] 927902K->649446K(1013632K), 0,0106640 secs] [Times: user=0,07 sys=0,00, real=0,01 secs] 
2015-08-31T22:03:38.428+0200: 369406,605: [GC2015-08-31T22:03:38.428+0200: 369406,605: [ParNew: 289918K->7544K(314560K), 0,0111700 secs] 929062K->647656K(1013632K), 0,0113180 secs] [Times: user=0,08 sys=0,00, real=0,01 secs] 
2015-08-31T22:04:37.044+0200: 369465,221: [GC2015-08-31T22:04:37.044+0200: 369465,221: [ParNew: 287160K->9081K(314560K), 0,0101600 secs] 927272K->650235K(1013632K), 0,0102780 secs] [Times: user=0,08 sys=0,00, real=0,01 secs] 
2015-08-31T22:05:35.592+0200: 369523,769: [GC2015-08-31T22:05:35.592+0200: 369523,769: [ParNew: 288697K->9812K(314560K), 0,0117270 secs] 929851K->651997K(1013632K), 0,0118540 secs] [Times: user=0,09 sys=0,00, real=0,01 secs] 
2015-08-31T22:06:33.844+0200: 369582,020: [GC2015-08-31T22:06:33.844+0200: 369582,020: [ParNew: 289428K->8463K(314560K), 0,0108550 secs] 931613K->651596K(1013632K), 0,0109730 secs] [Times: user=0,10 sys=0,00, real=0,01 secs] 
2015-08-31T22:07:32.497+0200: 369640,673: [GC2015-08-31T22:07:32.497+0200: 369640,673: [ParNew: 288079K->8748K(314560K), 0,0110470 secs] 931212K->652830K(1013632K), 0,0111640 secs] [Times: user=0,08 sys=0,00, real=0,01 secs] 
2015-08-31T22:07:32.508+0200: 369640,684: [GC [1 CMS-initial-mark: 644082K(699072K)] 655184K(1013632K), 0,0291720 secs] [Times: user=0,00 sys=0,00, real=0,03 secs] 
2015-08-31T22:07:32.537+0200: 369640,714: [CMS-concurrent-mark-start]
2015-08-31T22:07:32.557+0200: 369640,734: [CMS-concurrent-mark: 0,019/0,020 secs] [Times: user=0,05 sys=0,00, real=0,02 secs] 
2015-08-31T22:07:32.557+0200: 369640,734: [CMS-concurrent-preclean-start]
2015-08-31T22:07:32.560+0200: 369640,736: [CMS-concurrent-preclean: 0,003/0,003 secs] [Times: user=0,00 sys=0,00, real=0,00 secs] 
2015-08-31T22:07:32.560+0200: 369640,736: [CMS-concurrent-abortable-preclean-start]
 CMS: abort preclean due to time 2015-08-31T22:07:37.752+0200: 369645,929: [CMS-concurrent-abortable-preclean: 2,891/5,192 secs] [Times: user=3,56 sys=0,03, real=5,19 secs] 
2015-08-31T22:07:37.889+0200: 369646,065: [GC[YG occupancy: 36740 K (314560 K)]2015-08-31T22:07:37.889+0200: 369646,065: [GC2015-08-31T22:07:37.889+0200: 369646,065: [ParNew: 36740K->6551K(314560K), 0,0064090 secs] 680823K->651573K(1013632K), 0,0064990 secs] [Times: user=0,04 sys=0,00, real=0,00 secs] 
2015-08-31T22:07:37.895+0200: 369646,072: [Rescan (parallel) , 0,0034640 secs]2015-08-31T22:07:37.899+0200: 369646,075: [weak refs processing, 0,0000470 secs]2015-08-31T22:07:37.899+0200: 369646,075: [class unloading, 0,0014050 secs]2015-08-31T22:07:37.900+0200: 369646,077: [scrub symbol table, 0,0010300 secs]2015-08-31T22:07:37.901+0200: 369646,078: [scrub string table, 0,0001600 secs] [1 CMS-remark: 645022K(699072K)] 651573K(1013632K), 0,0133210 secs] [Times: user=0,08 sys=0,00, real=0,01 secs] 
2015-08-31T22:07:37.902+0200: 369646,079: [CMS-concurrent-sweep-start]
2015-08-31T22:07:38.525+0200: 369646,701: [CMS-concurrent-sweep: 0,623/0,623 secs] [Times: user=0,73 sys=0,00, real=0,63 secs] 
2015-08-31T22:07:38.525+0200: 369646,701: [CMS-concurrent-reset-start]
2015-08-31T22:07:38.526+0200: 369646,702: [CMS-concurrent-reset: 0,001/0,001 secs] [Times: user=0,00 sys=0,00, real=0,00 secs] 
2015-08-31T22:08:36.095+0200: 369704,272: [GC2015-08-31T22:08:36.095+0200: 369704,272: [ParNew: 286167K->7788K(314560K), 0,0091000 secs] 292460K->15024K(1013632K), 0,0092480 secs] [Times: user=0,07 sys=0,00, real=0,02 secs] 
2015-08-31T22:09:34.693+0200: 369762,869: [GC2015-08-31T22:09:34.693+0200: 369762,869: [ParNew: 287404K->7637K(314560K), 0,0120090 secs] 294640K->15820K(1013632K), 0,0121200 secs] [Times: user=0,08 sys=0,00, real=0,02 secs] 
2015-08-31T22:10:32.847+0200: 369821,023: [GC2015-08-31T22:10:32.847+0200: 369821,023: [ParNew: 287253K->8341K(314560K), 0,0110560 secs] 295436K->17471K(1013632K), 0,0111750 secs] [Times: user=0,09 sys=0,00, real=0,01 secs] 
2015-08-31T22:11:30.784+0200: 369878,961: [GC2015-08-31T22:11:30.785+0200: 369878,961: [ParNew: 287957K->7801K(314560K), 0,0097260 secs] 297087K->17921K(1013632K), 0,0098410 secs] [Times: user=0,07 sys=0,00, real=0,00 secs] 
2015-08-31T22:12:29.312+0200: 369937,489: [GC2015-08-31T22:12:29.312+0200: 369937,489: [ParNew: 287417K->7867K(314560K), 0,0123670 secs] 297537K->19039K(1013632K), 0,0124790 secs] [Times: user=0,09 sys=0,00, real=0,02 secs] 
2015-08-31T22:13:27.847+0200: 369996,023: [GC2015-08-31T22:13:27.847+0200: 369996,023: [ParNew: 287483K->9167K(314560K), 0,0097880 secs] 298655K->20439K(1013632K), 0,0098930 secs] [Times: user=0,06 sys=0,00, real=0,01 secs] 
2015-08-31T22:14:26.432+0200: 370054,609: [GC2015-08-31T22:14:26.432+0200: 370054,609: [ParNew: 288783K->8908K(314560K), 0,0131420 secs] 300055K->21114K(1013632K), 0,0132620 secs] [Times: user=0,11 sys=0,00, real=0,02 secs] 
2015-08-31T22:15:24.958+0200: 370113,135: [GC2015-08-31T22:15:24.958+0200: 370113,135: [ParNew: 288524K->9373K(314560K), 0,0110480 secs] 300730K->22529K(1013632K), 0,0111540 secs] [Times: user=0,08 sys=0,00, real=0,01 secs] 
2015-08-31T22:16:23.041+0200: 370171,217: [GC2015-08-31T22:16:23.041+0200: 370171,218: [ParNew: 288989K->9419K(314560K), 0,0108880 secs] 302145K->23517K(1013632K), 0,0109960 secs] [Times: user=0,08 sys=0,00, real=0,01 secs] 
2015-08-31T22:17:21.700+0200: 370229,876: [GC2015-08-31T22:17:21.700+0200: 370229,876: [ParNew: 289035K->9535K(314560K), 0,0115890 secs] 303133K->24573K(1013632K), 0,0117090 secs] [Times: user=0,09 sys=0,00, real=0,01 secs] 
2015-08-31T22:18:20.148+0200: 370288,324: [GC2015-08-31T22:18:20.148+0200: 370288,324: [ParNew: 289151K->8939K(314560K), 0,0145130 secs] 304189K->24917K(1013632K), 0,0146330 secs] [Times: user=0,11 sys=0,00, real=0,01 secs] 
2015-08-31T22:19:18.713+0200: 370346,890: [GC2015-08-31T22:19:18.713+0200: 370346,890: [ParNew: 288555K->9842K(314560K), 0,0111760 secs] 304533K->26770K(1013632K), 0,0112960 secs] [Times: user=0,07 sys=0,00, real=0,02 secs] 
2015-08-31T22:20:17.171+0200: 370405,348: [GC2015-08-31T22:20:17.171+0200: 370405,348: [ParNew: 289458K->9979K(314560K), 0,0090710 secs] 306386K->27887K(1013632K), 0,0091980 secs] [Times: user=0,07 sys=0,00, real=0,01 secs] 
2015-08-31T22:21:15.225+0200: 370463,401: [GC2015-08-31T22:21:15.225+0200: 370463,401: [ParNew: 289595K->8516K(314560K), 0,0109930 secs] 307503K->27475K(1013632K), 0,0111100 secs] [Times: user=0,08 sys=0,00, real=0,00 secs] 
2015-08-31T22:22:13.372+0200: 370521,548: [GC2015-08-31T22:22:13.372+0200: 370521,548: [ParNew: 288132K->8516K(314560K), 0,0115260 secs] 307091K->28507K(1013632K), 0,0116320 secs] [Times: user=0,08 sys=0,00, real=0,01 secs] 
2015-08-31T22:23:12.241+0200: 370580,417: [GC2015-08-31T22:23:12.241+0200: 370580,417: [ParNew: 288132K->6961K(314560K), 0,0102240 secs] 308123K->27903K(1013632K), 0,0103410 secs] [Times: user=0,08 sys=0,00, real=0,01 secs] 
2015-08-31T22:24:11.183+0200: 370639,360: [GC2015-08-31T22:24:11.183+0200: 370639,360: [ParNew: 286577K->8737K(314560K), 0,0111570 secs] 307519K->30633K(1013632K), 0,0112760 secs] [Times: user=0,10 sys=0,00, real=0,01 secs] 
2015-08-31T22:25:09.380+0200: 370697,557: [GC2015-08-31T22:25:09.380+0200: 370697,557: [ParNew: 288353K->10145K(314560K), 0,0119270 secs] 310249K->32988K(1013632K), 0,0120690 secs] [Times: user=0,10 sys=0,00, real=0,01 secs] 
2015-08-31T22:26:07.584+0200: 370755,760: [GC2015-08-31T22:26:07.584+0200: 370755,760: [ParNew: 289761K->7670K(314560K), 0,0109920 secs] 312604K->31447K(1013632K), 0,0111420 secs] [Times: user=0,10 sys=0,00, real=0,01 secs] 
2015-08-31T22:27:05.984+0200: 370814,161: [GC2015-08-31T22:27:05.984+0200: 370814,161: [ParNew: 287286K->10437K(314560K), 0,0217080 secs] 311063K->35161K(1013632K), 0,0218300 secs] [Times: user=0,12 sys=0,00, real=0,03 secs] 
2015-08-31T22:28:04.209+0200: 370872,385: [GC2015-08-31T22:28:04.209+0200: 370872,385: [ParNew: 290053K->10411K(314560K), 0,0109000 secs] 314777K->36070K(1013632K), 0,0110290 secs] [Times: user=0,06 sys=0,00, real=0,01 secs] 
2015-08-31T22:29:02.709+0200: 370930,886: [GC2015-08-31T22:29:02.709+0200: 370930,886: [ParNew: 290027K->7880K(314560K), 0,0111200 secs] 315686K->34519K(1013632K), 0,0112510 secs] [Times: user=0,08 sys=0,00, real=0,01 secs] 
2015-08-31T22:30:01.536+0200: 370989,712: [GC2015-08-31T22:30:01.536+0200: 370989,712: [ParNew: 287496K->6323K(314560K), 0,0103830 secs] 314135K->34004K(1013632K), 0,0105050 secs] [Times: user=0,09 sys=0,00, real=0,02 secs] 
2015-08-31T22:31:00.366+0200: 371048,543: [GC2015-08-31T22:31:00.366+0200: 371048,543: [ParNew: 285939K->4624K(314560K), 0,0085500 secs] 313620K->33363K(1013632K), 0,0086720 secs] [Times: user=0,06 sys=0,00, real=0,00 secs] 
2015-08-31T22:31:59.170+0200: 371107,347: [GC2015-08-31T22:31:59.170+0200: 371107,347: [ParNew: 284240K->4268K(314560K), 0,0077150 secs] 312979K->33515K(1013632K), 0,0078870 secs] [Times: user=0,05 sys=0,00, real=0,01 secs] 
2015-08-31T22:32:57.480+0200: 371165,656: [GC2015-08-31T22:32:57.480+0200: 371165,656: [ParNew: 283884K->3857K(314560K), 0,0087870 secs] 313131K->34256K(1013632K), 0,0089030 secs] [Times: user=0,06 sys=0,00, real=0,01 secs] 
2015-08-31T22:33:55.755+0200: 371223,932: [GC2015-08-31T22:33:55.756+0200: 371223,932: [ParNew: 283473K->3377K(314560K), 0,0064370 secs] 313872K->34066K(1013632K), 0,0065640 secs] [Times: user=0,05 sys=0,00, real=0,01 secs] 
2015-08-31T22:34:54.094+0200: 371282,270: [GC2015-08-31T22:34:54.094+0200: 371282,270: [ParNew: 282993K->4821K(314560K), 0,0065970 secs] 313682K->35672K(1013632K), 0,0067130 secs] [Times: user=0,03 sys=0,00, real=0,01 secs] 
2015-08-31T22:35:52.650+0200: 371340,826: [GC2015-08-31T22:35:52.650+0200: 371340,826: [ParNew: 284437K->6033K(314560K), 0,0067170 secs] 315288K->36999K(1013632K), 0,0068420 secs] [Times: user=0,04 sys=0,01, real=0,01 secs] 
2015-08-31T22:36:51.108+0200: 371399,285: [GC2015-08-31T22:36:51.108+0200: 371399,285: [ParNew: 285649K->8159K(314560K), 0,0081480 secs] 316615K->39336K(1013632K), 0,0082680 secs] [Times: user=0,07 sys=0,00, real=0,00 secs] 
2015-08-31T22:37:49.857+0200: 371458,034: [GC2015-08-31T22:37:49.857+0200: 371458,034: [ParNew: 287775K->7955K(314560K), 0,0109370 secs] 318952K->39672K(1013632K), 0,0110550 secs] [Times: user=0,06 sys=0,00, real=0,01 secs] 
2015-08-31T22:38:47.963+0200: 371516,140: [GC2015-08-31T22:38:47.963+0200: 371516,140: [ParNew: 287571K->9562K(314560K), 0,0098850 secs] 319288K->41968K(1013632K), 0,0100010 secs] [Times: user=0,10 sys=0,00, real=0,01 secs] 
2015-08-31T22:39:46.357+0200: 371574,534: [GC2015-08-31T22:39:46.357+0200: 371574,534: [ParNew: 289178K->7320K(314560K), 0,0111430 secs] 321584K->40551K(1013632K), 0,0112830 secs] [Times: user=0,07 sys=0,00, real=0,01 secs] 
2015-08-31T22:40:45.305+0200: 371633,482: [GC2015-08-31T22:40:45.305+0200: 371633,482: [ParNew: 286936K->8523K(314560K), 0,0132810 secs] 320167K->42657K(1013632K), 0,0134080 secs] [Times: user=0,08 sys=0,00, real=0,01 secs] 
2015-08-31T22:41:43.467+0200: 371691,644: [GC2015-08-31T22:41:43.467+0200: 371691,644: [ParNew: 288139K->10042K(314560K), 0,0112070 secs] 322273K->45099K(1013632K), 0,0113380 secs] [Times: user=0,08 sys=0,00, real=0,01 secs] 
2015-08-31T22:42:42.031+0200: 371750,208: [GC2015-08-31T22:42:42.031+0200: 371750,208: [ParNew: 289658K->7717K(314560K), 0,0125610 secs] 324715K->43706K(1013632K), 0,0126650 secs] [Times: user=0,06 sys=0,00, real=0,01 secs] 
2015-08-31T22:43:40.495+0200: 371808,671: [GC2015-08-31T22:43:40.495+0200: 371808,671: [ParNew: 287333K->8063K(314560K), 0,0100360 secs] 323322K->44992K(1013632K), 0,0101460 secs] [Times: user=0,08 sys=0,00, real=0,02 secs] 
2015-08-31T22:44:38.646+0200: 371866,822: [GC2015-08-31T22:44:38.646+0200: 371866,822: [ParNew: 287679K->9568K(314560K), 0,0118870 secs] 324608K->47430K(1013632K), 0,0120090 secs] [Times: user=0,09 sys=0,00, real=0,01 secs] 
2015-08-31T22:45:37.214+0200: 371925,391: [GC2015-08-31T22:45:37.214+0200: 371925,391: [ParNew: 289184K->9889K(314560K), 0,0110870 secs] 327046K->48728K(1013632K), 0,0112360 secs] [Times: user=0,09 sys=0,00, real=0,02 secs] 
2015-08-31T22:46:35.673+0200: 371983,850: [GC2015-08-31T22:46:35.673+0200: 371983,850: [ParNew: 289505K->7723K(314560K), 0,0113110 secs] 328344K->47603K(1013632K), 0,0114320 secs] [Times: user=0,08 sys=0,00, real=0,02 secs] 
2015-08-31T22:47:34.336+0200: 372042,512: [GC2015-08-31T22:47:34.336+0200: 372042,512: [ParNew: 287339K->10034K(314560K), 0,0112100 secs] 327219K->50944K(1013632K), 0,0113470 secs] [Times: user=0,07 sys=0,00, real=0,02 secs] 
2015-08-31T22:48:32.847+0200: 372101,023: [GC2015-08-31T22:48:32.847+0200: 372101,023: [ParNew: 289650K->10042K(314560K), 0,0136570 secs] 330560K->51897K(1013632K), 0,0137900 secs] [Times: user=0,07 sys=0,00, real=0,01 secs] 
2015-08-31T22:49:30.809+0200: 372158,985: [GC2015-08-31T22:49:30.809+0200: 372158,985: [ParNew: 289658K->7393K(314560K), 0,0113810 secs] 331513K->50205K(1013632K), 0,0115150 secs] [Times: user=0,08 sys=0,01, real=0,01 secs] 
2015-08-31T22:50:29.614+0200: 372217,791: [GC2015-08-31T22:50:29.615+0200: 372217,791: [ParNew: 287009K->9247K(314560K), 0,0130710 secs] 329821K->53000K(1013632K), 0,0131870 secs] [Times: user=0,09 sys=0,00, real=0,02 secs] 
2015-08-31T22:51:28.105+0200: 372276,281: [GC2015-08-31T22:51:28.105+0200: 372276,281: [ParNew: 288863K->9348K(314560K), 0,0080310 secs] 332616K->54050K(1013632K), 0,0081260 secs] [Times: user=0,07 sys=0,00, real=0,00 secs] 
2015-08-31T22:52:26.546+0200: 372334,723: [GC2015-08-31T22:52:26.546+0200: 372334,723: [ParNew: 288964K->9644K(314560K), 0,0096860 secs] 333666K->55265K(1013632K), 0,0098060 secs] [Times: user=0,07 sys=0,00, real=0,00 secs] 
2015-08-31T22:53:25.124+0200: 372393,301: [GC2015-08-31T22:53:25.125+0200: 372393,301: [ParNew: 289260K->9101K(314560K), 0,0112650 secs] 334881K->55671K(1013632K), 0,0113970 secs] [Times: user=0,08 sys=0,01, real=0,00 secs] 
2015-08-31T22:54:23.687+0200: 372451,863: [GC2015-08-31T22:54:23.687+0200: 372451,863: [ParNew: 288717K->9248K(314560K), 0,0110900 secs] 335287K->56832K(1013632K), 0,0112180 secs] [Times: user=0,10 sys=0,00, real=0,01 secs] 
2015-08-31T22:55:22.425+0200: 372510,602: [GC2015-08-31T22:55:22.426+0200: 372510,602: [ParNew: 288864K->10084K(314560K), 0,0109590 secs] 336448K->58705K(1013632K), 0,0110950 secs] [Times: user=0,08 sys=0,00, real=0,01 secs] 
2015-08-31T22:56:20.718+0200: 372568,895: [GC2015-08-31T22:56:20.718+0200: 372568,895: [ParNew: 289700K->9326K(314560K), 0,0166340 secs] 338321K->58898K(1013632K), 0,0167480 secs] [Times: user=0,10 sys=0,00, real=0,01 secs] 
2015-08-31T22:57:19.250+0200: 372627,426: [GC2015-08-31T22:57:19.250+0200: 372627,426: [ParNew: 288942K->9503K(314560K), 0,0125610 secs] 338514K->60026K(1013632K), 0,0126840 secs] [Times: user=0,09 sys=0,00, real=0,01 secs] 
2015-08-31T22:58:17.844+0200: 372686,021: [GC2015-08-31T22:58:17.844+0200: 372686,021: [ParNew: 289119K->8715K(314560K), 0,0113090 secs] 339642K->60188K(1013632K), 0,0114300 secs] [Times: user=0,08 sys=0,00, real=0,00 secs] 
2015-08-31T22:59:16.453+0200: 372744,629: [GC2015-08-31T22:59:16.453+0200: 372744,630: [ParNew: 288331K->9524K(314560K), 0,0107210 secs] 339804K->61948K(1013632K), 0,0108490 secs] [Times: user=0,08 sys=0,00, real=0,01 secs] 
2015-08-31T23:00:14.897+0200: 372803,073: [GC2015-08-31T23:00:14.897+0200: 372803,073: [ParNew: 289140K->8163K(314560K), 0,0113040 secs] 341564K->61533K(1013632K), 0,0114290 secs] [Times: user=0,07 sys=0,00, real=0,01 secs] 
2015-08-31T23:01:13.565+0200: 372861,742: [GC2015-08-31T23:01:13.565+0200: 372861,742: [ParNew: 287779K->9035K(314560K), 0,0104480 secs] 341149K->63354K(1013632K), 0,0105850 secs] [Times: user=0,08 sys=0,00, real=0,00 secs] 
2015-08-31T23:02:12.132+0200: 372920,309: [GC2015-08-31T23:02:12.132+0200: 372920,309: [ParNew: 288651K->9159K(314560K), 0,0112630 secs] 342970K->64446K(1013632K), 0,0113830 secs] [Times: user=0,09 sys=0,00, real=0,01 secs] 
2015-08-31T23:03:10.695+0200: 372978,871: [GC2015-08-31T23:03:10.695+0200: 372978,871: [ParNew: 288775K->9266K(314560K), 0,0118220 secs] 344062K->65581K(1013632K), 0,0119820 secs] [Times: user=0,09 sys=0,00, real=0,02 secs] 
2015-08-31T23:04:09.690+0200: 373037,867: [GC2015-08-31T23:04:09.690+0200: 373037,867: [ParNew: 288882K->10084K(314560K), 0,0096310 secs] 345197K->67433K(1013632K), 0,0097390 secs] [Times: user=0,07 sys=0,00, real=0,01 secs] 
2015-08-31T23:05:07.844+0200: 373096,021: [GC2015-08-31T23:05:07.844+0200: 373096,021: [ParNew: 289700K->9326K(314560K), 0,0124110 secs] 347049K->67623K(1013632K), 0,0125240 secs] [Times: user=0,08 sys=0,00, real=0,01 secs] 
2015-08-31T23:06:06.561+0200: 373154,738: [GC2015-08-31T23:06:06.561+0200: 373154,738: [ParNew: 288942K->8073K(314560K), 0,0109460 secs] 347239K->67324K(1013632K), 0,0110810 secs] [Times: user=0,08 sys=0,00, real=0,01 secs] 
2015-08-31T23:07:04.894+0200: 373213,071: [GC2015-08-31T23:07:04.895+0200: 373213,071: [ParNew: 287689K->8755K(314560K), 0,0107180 secs] 346940K->68951K(1013632K), 0,0108320 secs] [Times: user=0,10 sys=0,00, real=0,02 secs] 
2015-08-31T23:08:03.105+0200: 373271,281: [GC2015-08-31T23:08:03.105+0200: 373271,281: [ParNew: 288371K->9558K(314560K), 0,0103440 secs] 348567K->70702K(1013632K), 0,0104680 secs] [Times: user=0,08 sys=0,00, real=0,00 secs] 
2015-08-31T23:09:01.503+0200: 373329,680: [GC2015-08-31T23:09:01.503+0200: 373329,680: [ParNew: 289174K->9667K(314560K), 0,0083970 secs] 350318K->71766K(1013632K), 0,0084780 secs] [Times: user=0,04 sys=0,00, real=0,01 secs] 
2015-08-31T23:10:00.065+0200: 373388,241: [GC2015-08-31T23:10:00.065+0200: 373388,241: [ParNew: 289283K->9779K(314560K), 0,0100970 secs] 351382K->72828K(1013632K), 0,0102140 secs] [Times: user=0,06 sys=0,00, real=0,00 secs] 
2015-08-31T23:10:58.850+0200: 373447,026: [GC2015-08-31T23:10:58.850+0200: 373447,027: [ParNew: 289395K->9132K(314560K), 0,0117770 secs] 352444K->73178K(1013632K), 0,0118990 secs] [Times: user=0,10 sys=0,00, real=0,01 secs] 
2015-08-31T23:11:57.377+0200: 373505,553: [GC2015-08-31T23:11:57.377+0200: 373505,553: [ParNew: 288748K->9201K(314560K), 0,0116020 secs] 352794K->74272K(1013632K), 0,0117220 secs] [Times: user=0,07 sys=0,00, real=0,01 secs] 
2015-08-31T23:12:56.074+0200: 373564,251: [GC2015-08-31T23:12:56.074+0200: 373564,251: [ParNew: 288817K->7696K(314560K), 0,0101380 secs] 353888K->73701K(1013632K), 0,0102480 secs] [Times: user=0,08 sys=0,00, real=0,02 secs] 
2015-08-31T23:13:54.680+0200: 373622,857: [GC2015-08-31T23:13:54.680+0200: 373622,857: [ParNew: 287312K->8718K(314560K), 0,0117440 secs] 353317K->75662K(1013632K), 0,0118880 secs] [Times: user=0,08 sys=0,00, real=0,01 secs] 
2015-08-31T23:14:52.847+0200: 373681,023: [GC2015-08-31T23:14:52.847+0200: 373681,023: [ParNew: 288334K->9443K(314560K), 0,0119180 secs] 355278K->77325K(1013632K), 0,0120280 secs] [Times: user=0,08 sys=0,00, real=0,01 secs] 
2015-08-31T23:15:51.561+0200: 373739,738: [GC2015-08-31T23:15:51.561+0200: 373739,738: [ParNew: 289059K->10312K(314560K), 0,0111040 secs] 356941K->79130K(1013632K), 0,0112490 secs] [Times: user=0,08 sys=0,00, real=0,01 secs] 
2015-08-31T23:16:50.297+0200: 373798,474: [GC2015-08-31T23:16:50.297+0200: 373798,474: [ParNew: 289928K->7459K(314560K), 0,0118210 secs] 358746K->77223K(1013632K), 0,0119540 secs] [Times: user=0,09 sys=0,00, real=0,01 secs] 
2015-08-31T23:17:48.991+0200: 373857,168: [GC2015-08-31T23:17:48.991+0200: 373857,168: [ParNew: 287075K->10344K(314560K), 0,0222660 secs] 356839K->81060K(1013632K), 0,0223860 secs] [Times: user=0,18 sys=0,00, real=0,02 secs] 
2015-08-31T23:18:47.567+0200: 373915,743: [GC2015-08-31T23:18:47.567+0200: 373915,743: [ParNew: 289960K->10560K(314560K), 0,0116130 secs] 360676K->82253K(1013632K), 0,0117340 secs] [Times: user=0,10 sys=0,00, real=0,01 secs] 
2015-08-31T23:19:45.736+0200: 373973,913: [GC2015-08-31T23:19:45.736+0200: 373973,913: [ParNew: 290176K->7729K(314560K), 0,0111000 secs] 361869K->80479K(1013632K), 0,0112220 secs] [Times: user=0,08 sys=0,00, real=0,01 secs] 
2015-08-31T23:20:44.517+0200: 374032,694: [GC2015-08-31T23:20:44.517+0200: 374032,694: [ParNew: 287345K->9205K(314560K), 0,0116920 secs] 360095K->83005K(1013632K), 0,0118160 secs] [Times: user=0,07 sys=0,00, real=0,01 secs] 
2015-08-31T23:21:42.730+0200: 374090,907: [GC2015-08-31T23:21:42.730+0200: 374090,907: [ParNew: 288821K->9144K(314560K), 0,0120100 secs] 362621K->83893K(1013632K), 0,0121240 secs] [Times: user=0,09 sys=0,00, real=0,01 secs] 
2015-08-31T23:22:41.444+0200: 374149,620: [GC2015-08-31T23:22:41.444+0200: 374149,620: [ParNew: 288760K->8805K(314560K), 0,0111070 secs] 363509K->84509K(1013632K), 0,0112250 secs] [Times: user=0,08 sys=0,00, real=0,01 secs] 
2015-08-31T23:23:39.845+0200: 374208,022: [GC2015-08-31T23:23:39.845+0200: 374208,022: [ParNew: 288421K->9555K(314560K), 0,0113790 secs] 364125K->86223K(1013632K), 0,0114920 secs] [Times: user=0,08 sys=0,00, real=0,01 secs] 
2015-08-31T23:24:38.105+0200: 374266,281: [GC2015-08-31T23:24:38.105+0200: 374266,281: [ParNew: 289171K->9635K(314560K), 0,0121340 secs] 365839K->87265K(1013632K), 0,0122360 secs] [Times: user=0,08 sys=0,00, real=0,01 secs] 
2015-08-31T23:25:36.052+0200: 374324,229: [GC2015-08-31T23:25:36.052+0200: 374324,229: [ParNew: 289251K->9733K(314560K), 0,0100270 secs] 366881K->88316K(1013632K), 0,0101480 secs] [Times: user=0,08 sys=0,00, real=0,01 secs] 
2015-08-31T23:26:34.085+0200: 374382,262: [GC2015-08-31T23:26:34.085+0200: 374382,262: [ParNew: 289349K->9289K(314560K), 0,0112180 secs] 367932K->88809K(1013632K), 0,0113410 secs] [Times: user=0,08 sys=0,00, real=0,01 secs] 
2015-08-31T23:27:32.119+0200: 374440,296: [GC2015-08-31T23:27:32.119+0200: 374440,296: [ParNew: 288905K->9543K(314560K), 0,0108550 secs] 368425K->90079K(1013632K), 0,0109530 secs] [Times: user=0,07 sys=0,00, real=0,01 secs] 
2015-08-31T23:28:30.093+0200: 374498,270: [GC2015-08-31T23:28:30.093+0200: 374498,270: [ParNew: 289159K->8352K(314560K), 0,0085210 secs] 369695K->89936K(1013632K), 0,0086120 secs] [Times: user=0,08 sys=0,00, real=0,01 secs] 
2015-08-31T23:29:28.669+0200: 374556,845: [GC2015-08-31T23:29:28.669+0200: 374556,846: [ParNew: 287968K->6047K(314560K), 0,0098000 secs] 369552K->88571K(1013632K), 0,0099330 secs] [Times: user=0,07 sys=0,00, real=0,01 secs] 
2015-08-31T23:30:27.232+0200: 374615,409: [GC2015-08-31T23:30:27.232+0200: 374615,409: [ParNew: 285663K->4880K(314560K), 0,0092790 secs] 368187K->88347K(1013632K), 0,0094220 secs] [Times: user=0,07 sys=0,00, real=0,01 secs] 
2015-08-31T23:31:26.080+0200: 374674,256: [GC2015-08-31T23:31:26.080+0200: 374674,256: [ParNew: 284496K->3951K(314560K), 0,0067170 secs] 367963K->88181K(1013632K), 0,0068210 secs] [Times: user=0,06 sys=0,00, real=0,01 secs] 
2015-08-31T23:32:24.267+0200: 374732,444: [GC2015-08-31T23:32:24.268+0200: 374732,444: [ParNew: 283567K->3619K(314560K), 0,0067830 secs] 367797K->88862K(1013632K), 0,0068920 secs] [Times: user=0,07 sys=0,00, real=0,00 secs] 
2015-08-31T23:33:22.625+0200: 374790,801: [GC2015-08-31T23:33:22.625+0200: 374790,802: [ParNew: 283235K->3137K(314560K), 0,0054650 secs] 368478K->89079K(1013632K), 0,0055760 secs] [Times: user=0,04 sys=0,00, real=0,00 secs] 
2015-08-31T23:34:21.345+0200: 374849,522: [GC2015-08-31T23:34:21.345+0200: 374849,522: [ParNew: 282753K->4088K(314560K), 0,0051630 secs] 368695K->90088K(1013632K), 0,0052720 secs] [Times: user=0,03 sys=0,00, real=0,00 secs] 
2015-08-31T23:35:19.308+0200: 374907,485: [GC2015-08-31T23:35:19.308+0200: 374907,485: [ParNew: 283704K->5190K(314560K), 0,0068050 secs] 369704K->91363K(1013632K), 0,0070160 secs] [Times: user=0,04 sys=0,01, real=0,00 secs] 
2015-08-31T23:36:17.945+0200: 374966,121: [GC2015-08-31T23:36:17.945+0200: 374966,121: [ParNew: 284806K->5707K(314560K), 0,0078990 secs] 370979K->92086K(1013632K), 0,0080150 secs] [Times: user=0,04 sys=0,00, real=0,00 secs] 
2015-08-31T23:37:16.484+0200: 375024,660: [GC2015-08-31T23:37:16.484+0200: 375024,660: [ParNew: 285323K->8604K(314560K), 0,0087720 secs] 371702K->95286K(1013632K), 0,0088990 secs] [Times: user=0,07 sys=0,00, real=0,01 secs] 
2015-08-31T23:38:15.222+0200: 375083,398: [GC2015-08-31T23:38:15.222+0200: 375083,398: [ParNew: 288220K->8820K(314560K), 0,0096510 secs] 374902K->95940K(1013632K), 0,0097740 secs] [Times: user=0,06 sys=0,00, real=0,01 secs] 
2015-08-31T23:39:13.830+0200: 375142,007: [GC2015-08-31T23:39:13.830+0200: 375142,007: [ParNew: 288436K->8541K(314560K), 0,0108730 secs] 375556K->96300K(1013632K), 0,0109840 secs] [Times: user=0,08 sys=0,00, real=0,01 secs] 
2015-08-31T23:40:12.445+0200: 375200,622: [GC2015-08-31T23:40:12.445+0200: 375200,622: [ParNew: 288157K->9105K(314560K), 0,0105800 secs] 375916K->97770K(1013632K), 0,0106910 secs] [Times: user=0,07 sys=0,00, real=0,00 secs] 
2015-08-31T23:41:10.657+0200: 375258,833: [GC2015-08-31T23:41:10.657+0200: 375258,833: [ParNew: 288721K->10104K(314560K), 0,0109350 secs] 377386K->99674K(1013632K), 0,0110510 secs] [Times: user=0,07 sys=0,00, real=0,01 secs] 
2015-08-31T23:42:09.250+0200: 375317,427: [GC2015-08-31T23:42:09.250+0200: 375317,427: [ParNew: 289720K->7807K(314560K), 0,0111540 secs] 379290K->98305K(1013632K), 0,0112780 secs] [Times: user=0,07 sys=0,00, real=0,01 secs] 
2015-08-31T23:43:07.801+0200: 375375,978: [GC2015-08-31T23:43:07.801+0200: 375375,978: [ParNew: 287423K->8846K(314560K), 0,0114280 secs] 377921K->100278K(1013632K), 0,0115770 secs] [Times: user=0,08 sys=0,00, real=0,01 secs] 
2015-08-31T23:44:06.464+0200: 375434,641: [GC2015-08-31T23:44:06.464+0200: 375434,641: [ParNew: 288462K->9674K(314560K), 0,0115510 secs] 379894K->102097K(1013632K), 0,0116660 secs] [Times: user=0,07 sys=0,00, real=0,01 secs] 
2015-08-31T23:45:04.831+0200: 375493,008: [GC2015-08-31T23:45:04.831+0200: 375493,008: [ParNew: 289290K->8404K(314560K), 0,0112300 secs] 381713K->101864K(1013632K), 0,0113640 secs] [Times: user=0,09 sys=0,00, real=0,01 secs] 
2015-08-31T23:46:03.105+0200: 375551,281: [GC2015-08-31T23:46:03.105+0200: 375551,281: [ParNew: 288020K->7668K(314560K), 0,0109410 secs] 381480K->102063K(1013632K), 0,0110780 secs] [Times: user=0,08 sys=0,00, real=0,00 secs] 
2015-08-31T23:47:01.843+0200: 375610,019: [GC2015-08-31T23:47:01.843+0200: 375610,019: [ParNew: 287284K->7912K(314560K), 0,0115950 secs] 381679K->103244K(1013632K), 0,0117170 secs] [Times: user=0,08 sys=0,00, real=0,01 secs] 
2015-08-31T23:48:00.179+0200: 375668,355: [GC2015-08-31T23:48:00.179+0200: 375668,355: [ParNew: 287528K->9302K(314560K), 0,0104030 secs] 382860K->105567K(1013632K), 0,0105180 secs] [Times: user=0,10 sys=0,00, real=0,01 secs] 
2015-08-31T23:48:58.952+0200: 375727,128: [GC2015-08-31T23:48:58.952+0200: 375727,128: [ParNew: 288918K->7953K(314560K), 0,0137550 secs] 385183K->105158K(1013632K), 0,0138880 secs] [Times: user=0,10 sys=0,00, real=0,02 secs] 
2015-08-31T23:49:57.314+0200: 375785,491: [GC2015-08-31T23:49:57.314+0200: 375785,491: [ParNew: 287569K->9548K(314560K), 0,0115240 secs] 384774K->107697K(1013632K), 0,0116860 secs] [Times: user=0,10 sys=0,00, real=0,02 secs] 
2015-08-31T23:50:55.877+0200: 375844,054: [GC2015-08-31T23:50:55.877+0200: 375844,054: [ParNew: 289164K->7462K(314560K), 0,0115860 secs] 387313K->106538K(1013632K), 0,0117030 secs] [Times: user=0,07 sys=0,00, real=0,01 secs] 
2015-08-31T23:51:54.442+0200: 375902,618: [GC2015-08-31T23:51:54.442+0200: 375902,618: [ParNew: 287078K->9118K(314560K), 0,0111300 secs] 386154K->109124K(1013632K), 0,0112520 secs] [Times: user=0,08 sys=0,00, real=0,01 secs] 
2015-08-31T23:52:53.003+0200: 375961,180: [GC2015-08-31T23:52:53.003+0200: 375961,180: [ParNew: 288734K->10810K(314560K), 0,0147490 secs] 388740K->111845K(1013632K), 0,0148810 secs] [Times: user=0,11 sys=0,00, real=0,02 secs] 
2015-08-31T23:53:51.204+0200: 376019,381: [GC2015-08-31T23:53:51.204+0200: 376019,381: [ParNew: 290426K->8239K(314560K), 0,0124400 secs] 391461K->110301K(1013632K), 0,0125780 secs] [Times: user=0,08 sys=0,00, real=0,02 secs] 
2015-08-31T23:54:49.893+0200: 376078,070: [GC2015-08-31T23:54:49.893+0200: 376078,070: [ParNew: 287855K->9161K(314560K), 0,0126140 secs] 389917K->112182K(1013632K), 0,0127310 secs] [Times: user=0,10 sys=0,00, real=0,02 secs] 
2015-08-31T23:55:48.105+0200: 376136,281: [GC2015-08-31T23:55:48.105+0200: 376136,281: [ParNew: 288777K->9283K(314560K), 0,0118110 secs] 391798K->113256K(1013632K), 0,0119350 secs] [Times: user=0,07 sys=0,00, real=0,01 secs] 
2015-08-31T23:56:46.413+0200: 376194,590: [GC2015-08-31T23:56:46.414+0200: 376194,590: [ParNew: 288899K->8678K(314560K), 0,0111710 secs] 392872K->113609K(1013632K), 0,0112980 secs] [Times: user=0,08 sys=0,00, real=0,02 secs] 
2015-08-31T23:57:44.764+0200: 376252,940: [GC2015-08-31T23:57:44.764+0200: 376252,941: [ParNew: 288294K->9517K(314560K), 0,0120030 secs] 393225K->115389K(1013632K), 0,0121410 secs] [Times: user=0,09 sys=0,00, real=0,01 secs] 
2015-08-31T23:58:43.105+0200: 376311,281: [GC2015-08-31T23:58:43.105+0200: 376311,281: [ParNew: 289133K->8917K(314560K), 0,0116170 secs] 395005K->115742K(1013632K), 0,0117330 secs] [Times: user=0,07 sys=0,00, real=0,01 secs] 
2015-08-31T23:59:41.384+0200: 376369,561: [GC2015-08-31T23:59:41.384+0200: 376369,561: [ParNew: 288533K->9785K(314560K), 0,0109130 secs] 395358K->117552K(1013632K), 0,0110280 secs] [Times: user=0,07 sys=0,00, real=0,00 secs] 
2015-09-01T00:00:39.936+0200: 376428,112: [GC2015-09-01T00:00:39.936+0200: 376428,112: [ParNew: 289401K->9917K(314560K), 0,0125450 secs] 397168K->118667K(1013632K), 0,0126640 secs] [Times: user=0,09 sys=0,00, real=0,02 secs] 
2015-09-01T00:01:38.105+0200: 376486,281: [GC2015-09-01T00:01:38.105+0200: 376486,281: [ParNew: 289533K->10007K(314560K), 0,0099970 secs] 398283K->119787K(1013632K), 0,0100970 secs] [Times: user=0,06 sys=0,00, real=0,00 secs] 
2015-09-01T00:02:36.549+0200: 376544,725: [GC2015-09-01T00:02:36.549+0200: 376544,725: [ParNew: 289623K->9247K(314560K), 0,0122020 secs] 399403K->120059K(1013632K), 0,0123110 secs] [Times: user=0,09 sys=0,00, real=0,01 secs] 
2015-09-01T00:03:35.111+0200: 376603,288: [GC2015-09-01T00:03:35.111+0200: 376603,288: [ParNew: 288863K->6943K(314560K), 0,0117150 secs] 399675K->118705K(1013632K), 0,0118310 secs] [Times: user=0,08 sys=0,00, real=0,01 secs] 
2015-09-01T00:04:33.662+0200: 376661,838: [GC2015-09-01T00:04:33.662+0200: 376661,838: [ParNew: 286559K->8793K(314560K), 0,0117880 secs] 398321K->121496K(1013632K), 0,0119030 secs] [Times: user=0,09 sys=0,00, real=0,01 secs] 
2015-09-01T00:05:32.673+0200: 376720,849: [GC2015-09-01T00:05:32.673+0200: 376720,849: [ParNew: 288409K->8051K(314560K), 0,0106950 secs] 401112K->121693K(1013632K), 0,0108260 secs] [Times: user=0,08 sys=0,00, real=0,01 secs] 
2015-09-01T00:06:30.633+0200: 376778,809: [GC2015-09-01T00:06:30.633+0200: 376778,809: [ParNew: 287667K->10373K(314560K), 0,0119020 secs] 401309K->124959K(1013632K), 0,0120220 secs] [Times: user=0,08 sys=0,00, real=0,02 secs] 
2015-09-01T00:07:29.440+0200: 376837,617: [GC2015-09-01T00:07:29.440+0200: 376837,617: [ParNew: 289989K->7486K(314560K), 0,0113540 secs] 404575K->123004K(1013632K), 0,0114700 secs] [Times: user=0,10 sys=0,00, real=0,01 secs] 
2015-09-01T00:08:27.837+0200: 376896,013: [GC2015-09-01T00:08:27.837+0200: 376896,013: [ParNew: 287102K->8310K(314560K), 0,0123230 secs] 402620K->124778K(1013632K), 0,0124440 secs] [Times: user=0,08 sys=0,00, real=0,01 secs] 
2015-09-01T00:09:26.429+0200: 376954,605: [GC2015-09-01T00:09:26.429+0200: 376954,605: [ParNew: 287926K->9069K(314560K), 0,0116670 secs] 404394K->126583K(1013632K), 0,0118160 secs] [Times: user=0,08 sys=0,00, real=0,01 secs] 
2015-09-01T00:10:25.258+0200: 377013,434: [GC2015-09-01T00:10:25.258+0200: 377013,434: [ParNew: 288685K->10015K(314560K), 0,0122560 secs] 406199K->128569K(1013632K), 0,0123810 secs] [Times: user=0,09 sys=0,00, real=0,01 secs] 
2015-09-01T00:11:23.964+0200: 377072,140: [GC2015-09-01T00:11:23.964+0200: 377072,140: [ParNew: 289631K->7754K(314560K), 0,0112960 secs] 408185K->127261K(1013632K), 0,0114330 secs] [Times: user=0,10 sys=0,00, real=0,01 secs] 
2015-09-01T00:12:22.595+0200: 377130,771: [GC2015-09-01T00:12:22.595+0200: 377130,771: [ParNew: 287370K->8062K(314560K), 0,0117900 secs] 406877K->128506K(1013632K), 0,0119430 secs] [Times: user=0,09 sys=0,00, real=0,02 secs] 
2015-09-01T00:13:21.385+0200: 377189,562: [GC2015-09-01T00:13:21.385+0200: 377189,562: [ParNew: 287678K->8786K(314560K), 0,0115520 secs] 408122K->130183K(1013632K), 0,0116730 secs] [Times: user=0,07 sys=0,00, real=0,01 secs] 
2015-09-01T00:14:20.098+0200: 377248,275: [GC2015-09-01T00:14:20.098+0200: 377248,275: [ParNew: 288402K->9603K(314560K), 0,0096520 secs] 409799K->131944K(1013632K), 0,0097920 secs] [Times: user=0,07 sys=0,00, real=0,01 secs] 
2015-09-01T00:15:18.764+0200: 377306,941: [GC2015-09-01T00:15:18.764+0200: 377306,941: [ParNew: 289219K->8980K(314560K), 0,0125500 secs] 411560K->132264K(1013632K), 0,0126650 secs] [Times: user=0,09 sys=0,00, real=0,01 secs] 
2015-09-01T00:16:17.715+0200: 377365,892: [GC2015-09-01T00:16:17.715+0200: 377365,892: [ParNew: 288596K->9854K(314560K), 0,0111310 secs] 411880K->134104K(1013632K), 0,0112560 secs] [Times: user=0,10 sys=0,00, real=0,02 secs] 
2015-09-01T00:17:16.225+0200: 377424,402: [GC2015-09-01T00:17:16.225+0200: 377424,402: [ParNew: 289470K->8453K(314560K), 0,0144520 secs] 413720K->133703K(1013632K), 0,0145700 secs] [Times: user=0,09 sys=0,00, real=0,01 secs] 
2015-09-01T00:18:14.933+0200: 377483,109: [GC2015-09-01T00:18:14.933+0200: 377483,109: [ParNew: 288069K->8525K(314560K), 0,0110840 secs] 413319K->134821K(1013632K), 0,0112240 secs] [Times: user=0,08 sys=0,00, real=0,01 secs] 
2015-09-01T00:19:13.872+0200: 377542,048: [GC2015-09-01T00:19:13.872+0200: 377542,048: [ParNew: 288141K->9306K(314560K), 0,0114140 secs] 414437K->136631K(1013632K), 0,0115570 secs] [Times: user=0,10 sys=0,00, real=0,01 secs] 
2015-09-01T00:20:12.364+0200: 377600,541: [GC2015-09-01T00:20:12.364+0200: 377600,541: [ParNew: 288922K->7784K(314560K), 0,0114950 secs] 416247K->136053K(1013632K), 0,0116200 secs] [Times: user=0,06 sys=0,00, real=0,01 secs] 
2015-09-01T00:21:11.093+0200: 377659,270: [GC2015-09-01T00:21:11.093+0200: 377659,270: [ParNew: 287400K->9601K(314560K), 0,0111670 secs] 415669K->138806K(1013632K), 0,0112960 secs] [Times: user=0,07 sys=0,00, real=0,02 secs] 
2015-09-01T00:22:09.821+0200: 377717,998: [GC2015-09-01T00:22:09.821+0200: 377717,998: [ParNew: 289217K->9607K(314560K), 0,0107940 secs] 418422K->139775K(1013632K), 0,0109130 secs] [Times: user=0,08 sys=0,00, real=0,01 secs] 
2015-09-01T00:23:08.105+0200: 377776,281: [GC2015-09-01T00:23:08.105+0200: 377776,281: [ParNew: 289223K->8952K(314560K), 0,0083220 secs] 419391K->140077K(1013632K), 0,0084350 secs] [Times: user=0,06 sys=0,00, real=0,00 secs] 
2015-09-01T00:24:06.533+0200: 377834,709: [GC2015-09-01T00:24:06.533+0200: 377834,709: [ParNew: 288568K->9803K(314560K), 0,0094540 secs] 419693K->141876K(1013632K), 0,0095580 secs] [Times: user=0,08 sys=0,00, real=0,01 secs] 
2015-09-01T00:25:04.470+0200: 377892,647: [GC2015-09-01T00:25:04.470+0200: 377892,647: [ParNew: 289419K->11443K(314560K), 0,0117870 secs] 421492K->144482K(1013632K), 0,0118950 secs] [Times: user=0,09 sys=0,00, real=0,01 secs] 
2015-09-01T00:26:02.619+0200: 377950,795: [GC2015-09-01T00:26:02.619+0200: 377950,795: [ParNew: 291059K->8003K(314560K), 0,0107550 secs] 424098K->142069K(1013632K), 0,0108690 secs] [Times: user=0,09 sys=0,00, real=0,01 secs] 
2015-09-01T00:27:00.667+0200: 378008,843: [GC2015-09-01T00:27:00.667+0200: 378008,843: [ParNew: 287619K->9138K(314560K), 0,0117970 secs] 421685K->144255K(1013632K), 0,0119160 secs] [Times: user=0,10 sys=0,00, real=0,01 secs] 
2015-09-01T00:27:59.189+0200: 378067,366: [GC2015-09-01T00:27:59.189+0200: 378067,366: [ParNew: 288754K->9088K(314560K), 0,0096230 secs] 423871K->145156K(1013632K), 0,0097370 secs] [Times: user=0,06 sys=0,00, real=0,01 secs] 
2015-09-01T00:28:57.844+0200: 378126,021: [GC2015-09-01T00:28:57.844+0200: 378126,021: [ParNew: 288704K->7372K(314560K), 0,0114500 secs] 424772K->144381K(1013632K), 0,0115620 secs] [Times: user=0,07 sys=0,01, real=0,00 secs] 
2015-09-01T00:29:56.074+0200: 378184,251: [GC2015-09-01T00:29:56.074+0200: 378184,251: [ParNew: 286988K->5285K(314560K), 0,0087710 secs] 423997K->143231K(1013632K), 0,0088940 secs] [Times: user=0,07 sys=0,00, real=0,01 secs] 
2015-09-01T00:30:54.637+0200: 378242,814: [GC2015-09-01T00:30:54.637+0200: 378242,814: [ParNew: 284901K->4495K(314560K), 0,0077890 secs] 422847K->143436K(1013632K), 0,0079120 secs] [Times: user=0,07 sys=0,00, real=0,01 secs] 
2015-09-01T00:31:52.847+0200: 378301,023: [GC2015-09-01T00:31:52.847+0200: 378301,023: [ParNew: 284111K->4072K(314560K), 0,0073250 secs] 423052K->143517K(1013632K), 0,0074330 secs] [Times: user=0,07 sys=0,00, real=0,00 secs] 
2015-09-01T00:32:51.249+0200: 378359,425: [GC2015-09-01T00:32:51.249+0200: 378359,425: [ParNew: 283688K->4050K(314560K), 0,0074850 secs] 423133K->144494K(1013632K), 0,0076000 secs] [Times: user=0,05 sys=0,00, real=0,00 secs] 
2015-09-01T00:33:49.803+0200: 378417,980: [GC2015-09-01T00:33:49.803+0200: 378417,980: [ParNew: 283666K->4022K(314560K), 0,0069390 secs] 424110K->144975K(1013632K), 0,0070510 secs] [Times: user=0,05 sys=0,00, real=0,01 secs] 
2015-09-01T00:34:48.758+0200: 378476,935: [GC2015-09-01T00:34:48.758+0200: 378476,935: [ParNew: 283638K->5058K(314560K), 0,0056300 secs] 424591K->146254K(1013632K), 0,0057440 secs] [Times: user=0,03 sys=0,00, real=0,00 secs] 
2015-09-01T00:35:47.057+0200: 378535,234: [GC2015-09-01T00:35:47.057+0200: 378535,234: [ParNew: 284674K->4859K(314560K), 0,0066370 secs] 425870K->146240K(1013632K), 0,0067750 secs] [Times: user=0,03 sys=0,01, real=0,00 secs] 
2015-09-01T00:36:45.463+0200: 378593,639: [GC2015-09-01T00:36:45.463+0200: 378593,639: [ParNew: 284475K->6210K(314560K), 0,0069800 secs] 425856K->147760K(1013632K), 0,0071100 secs] [Times: user=0,06 sys=0,00, real=0,01 secs] 
2015-09-01T00:37:44.229+0200: 378652,405: [GC2015-09-01T00:37:44.229+0200: 378652,405: [ParNew: 285826K->6869K(314560K), 0,0082560 secs] 427376K->148760K(1013632K), 0,0083950 secs] [Times: user=0,06 sys=0,00, real=0,01 secs] 
2015-09-01T00:38:42.570+0200: 378710,747: [GC2015-09-01T00:38:42.570+0200: 378710,747: [ParNew: 286485K->9158K(314560K), 0,0091570 secs] 428376K->151496K(1013632K), 0,0092770 secs] [Times: user=0,07 sys=0,00, real=0,01 secs] 
2015-09-01T00:39:41.133+0200: 378769,310: [GC2015-09-01T00:39:41.133+0200: 378769,310: [ParNew: 288774K->7507K(314560K), 0,0111370 secs] 431112K->150436K(1013632K), 0,0112610 secs] [Times: user=0,06 sys=0,01, real=0,02 secs] 
2015-09-01T00:40:40.034+0200: 378828,210: [GC2015-09-01T00:40:40.034+0200: 378828,210: [ParNew: 287123K->9016K(314560K), 0,0099550 secs] 430052K->152750K(1013632K), 0,0100770 secs] [Times: user=0,05 sys=0,00, real=0,01 secs] 
2015-09-01T00:41:38.198+0200: 378886,375: [GC2015-09-01T00:41:38.198+0200: 378886,375: [ParNew: 288632K->9468K(314560K), 0,0103880 secs] 432366K->154127K(1013632K), 0,0104960 secs] [Times: user=0,08 sys=0,00, real=0,01 secs] 
2015-09-01T00:42:36.794+0200: 378944,971: [GC2015-09-01T00:42:36.794+0200: 378944,971: [ParNew: 289084K->8322K(314560K), 0,0109510 secs] 433743K->153971K(1013632K), 0,0110650 secs] [Times: user=0,09 sys=0,00, real=0,02 secs] 
2015-09-01T00:43:35.354+0200: 379003,531: [GC2015-09-01T00:43:35.354+0200: 379003,531: [ParNew: 287938K->9207K(314560K), 0,0117770 secs] 433587K->155878K(1013632K), 0,0118860 secs] [Times: user=0,09 sys=0,00, real=0,02 secs] 
2015-09-01T00:44:34.184+0200: 379062,360: [GC2015-09-01T00:44:34.184+0200: 379062,360: [ParNew: 288823K->8475K(314560K), 0,0112260 secs] 435494K->156091K(1013632K), 0,0113700 secs] [Times: user=0,09 sys=0,00, real=0,01 secs] 
2015-09-01T00:45:32.844+0200: 379121,021: [GC2015-09-01T00:45:32.844+0200: 379121,021: [ParNew: 288091K->7977K(314560K), 0,0114050 secs] 435707K->156542K(1013632K), 0,0115410 secs] [Times: user=0,07 sys=0,00, real=0,00 secs] 
2015-09-01T00:46:30.779+0200: 379178,955: [GC2015-09-01T00:46:30.779+0200: 379178,955: [ParNew: 287593K->8660K(314560K), 0,0111280 secs] 436158K->158180K(1013632K), 0,0112460 secs] [Times: user=0,09 sys=0,00, real=0,01 secs] 
2015-09-01T00:47:29.561+0200: 379237,738: [GC2015-09-01T00:47:29.561+0200: 379237,738: [ParNew: 288276K->10172K(314560K), 0,0110960 secs] 437796K->160609K(1013632K), 0,0112160 secs] [Times: user=0,06 sys=0,01, real=0,01 secs] 
2015-09-01T00:48:28.105+0200: 379296,281: [GC2015-09-01T00:48:28.105+0200: 379296,281: [ParNew: 289788K->7354K(314560K), 0,0094680 secs] 440225K->158735K(1013632K), 0,0095880 secs] [Times: user=0,06 sys=0,00, real=0,00 secs] 
2015-09-01T00:49:26.672+0200: 379354,848: [GC2015-09-01T00:49:26.672+0200: 379354,848: [ParNew: 286970K->8830K(314560K), 0,0118420 secs] 438351K->161147K(1013632K), 0,0119540 secs] [Times: user=0,08 sys=0,00, real=0,01 secs] 
2015-09-01T00:50:25.230+0200: 379413,407: [GC2015-09-01T00:50:25.230+0200: 379413,407: [ParNew: 288446K->10397K(314560K), 0,0115780 secs] 440763K->163679K(1013632K), 0,0117100 secs] [Times: user=0,09 sys=0,00, real=0,01 secs] 
2015-09-01T00:51:23.745+0200: 379471,921: [GC2015-09-01T00:51:23.745+0200: 379471,921: [ParNew: 290013K->8559K(314560K), 0,0112760 secs] 443295K->162878K(1013632K), 0,0114030 secs] [Times: user=0,08 sys=0,00, real=0,00 secs] 
2015-09-01T00:52:22.343+0200: 379530,519: [GC2015-09-01T00:52:22.343+0200: 379530,519: [ParNew: 288175K->9785K(314560K), 0,0125500 secs] 442494K->165126K(1013632K), 0,0126740 secs] [Times: user=0,08 sys=0,00, real=0,01 secs] 
2015-09-01T00:53:21.179+0200: 379589,356: [GC2015-09-01T00:53:21.180+0200: 379589,356: [ParNew: 289401K->9071K(314560K), 0,0116130 secs] 444742K->165351K(1013632K), 0,0117580 secs] [Times: user=0,08 sys=0,00, real=0,01 secs] 
2015-09-01T00:54:19.864+0200: 379648,041: [GC2015-09-01T00:54:19.864+0200: 379648,041: [ParNew: 288687K->8751K(314560K), 0,0109610 secs] 444967K->165979K(1013632K), 0,0111140 secs] [Times: user=0,08 sys=0,00, real=0,01 secs] 
2015-09-01T00:55:18.105+0200: 379706,281: [GC2015-09-01T00:55:18.105+0200: 379706,281: [ParNew: 288367K->8768K(314560K), 0,0091780 secs] 445595K->166938K(1013632K), 0,0092720 secs] [Times: user=0,07 sys=0,00, real=0,00 secs] 
2015-09-01T00:56:16.791+0200: 379764,968: [GC2015-09-01T00:56:16.791+0200: 379764,968: [ParNew: 288384K->8883K(314560K), 0,0114120 secs] 446554K->168004K(1013632K), 0,0115280 secs] [Times: user=0,09 sys=0,00, real=0,01 secs] 
2015-09-01T00:57:15.610+0200: 379823,787: [GC2015-09-01T00:57:15.610+0200: 379823,787: [ParNew: 288499K->9009K(314560K), 0,0116880 secs] 447620K->169084K(1013632K), 0,0118080 secs] [Times: user=0,10 sys=0,00, real=0,01 secs] 
2015-09-01T00:58:14.046+0200: 379882,223: [GC2015-09-01T00:58:14.046+0200: 379882,223: [ParNew: 288625K->10679K(314560K), 0,0105010 secs] 448700K->171697K(1013632K), 0,0106170 secs] [Times: user=0,08 sys=0,00, real=0,01 secs] 
2015-09-01T00:59:12.719+0200: 379940,895: [GC2015-09-01T00:59:12.719+0200: 379940,895: [ParNew: 290295K->8201K(314560K), 0,0112640 secs] 451313K->170235K(1013632K), 0,0113720 secs] [Times: user=0,09 sys=0,00, real=0,01 secs] 
2015-09-01T01:00:11.284+0200: 379999,461: [GC2015-09-01T01:00:11.284+0200: 379999,461: [ParNew: 287817K->10590K(314560K), 0,0117020 secs] 449851K->173663K(1013632K), 0,0118210 secs] [Times: user=0,09 sys=0,00, real=0,01 secs] 
2015-09-01T01:01:09.846+0200: 380058,023: [GC2015-09-01T01:01:09.846+0200: 380058,023: [ParNew: 290206K->7510K(314560K), 0,0111140 secs] 453279K->171539K(1013632K), 0,0112380 secs] [Times: user=0,09 sys=0,00, real=0,01 secs] 
2015-09-01T01:02:08.105+0200: 380116,281: [GC2015-09-01T01:02:08.105+0200: 380116,281: [ParNew: 287126K->9183K(314560K), 0,0105110 secs] 451155K->174164K(1013632K), 0,0106170 secs] [Times: user=0,07 sys=0,00, real=0,00 secs] 
2015-09-01T01:03:06.461+0200: 380174,637: [GC2015-09-01T01:03:06.461+0200: 380174,637: [ParNew: 288799K->9957K(314560K), 0,0109090 secs] 453780K->175909K(1013632K), 0,0110210 secs] [Times: user=0,07 sys=0,00, real=0,01 secs] 
2015-09-01T01:04:05.244+0200: 380233,421: [GC2015-09-01T01:04:05.244+0200: 380233,421: [ParNew: 289573K->7274K(314560K), 0,0118520 secs] 455525K->174174K(1013632K), 0,0119760 secs] [Times: user=0,08 sys=0,00, real=0,01 secs] 
2015-09-01T01:05:04.028+0200: 380292,205: [GC2015-09-01T01:05:04.028+0200: 380292,205: [ParNew: 286890K->8774K(314560K), 0,0125690 secs] 453790K->176623K(1013632K), 0,0126840 secs] [Times: user=0,09 sys=0,00, real=0,01 secs] 
2015-09-01T01:06:02.374+0200: 380350,550: [GC2015-09-01T01:06:02.374+0200: 380350,550: [ParNew: 288390K->9598K(314560K), 0,0123160 secs] 456239K->178399K(1013632K), 0,0124420 secs] [Times: user=0,09 sys=0,00, real=0,02 secs] 
2015-09-01T01:07:01.177+0200: 380409,354: [GC2015-09-01T01:07:01.178+0200: 380409,354: [ParNew: 289214K->9137K(314560K), 0,0121950 secs] 458015K->178901K(1013632K), 0,0123180 secs] [Times: user=0,10 sys=0,00, real=0,01 secs] 
2015-09-01T01:07:59.738+0200: 380467,915: [GC2015-09-01T01:07:59.739+0200: 380467,915: [ParNew: 288753K->9294K(314560K), 0,0114700 secs] 458517K->180108K(1013632K), 0,0115930 secs] [Times: user=0,09 sys=0,00, real=0,01 secs] 
2015-09-01T01:08:58.105+0200: 380526,281: [GC2015-09-01T01:08:58.105+0200: 380526,281: [ParNew: 288910K->9322K(314560K), 0,0101010 secs] 459724K->181178K(1013632K), 0,0102080 secs] [Times: user=0,07 sys=0,00, real=0,00 secs] 
2015-09-01T01:09:56.351+0200: 380584,528: [GC2015-09-01T01:09:56.351+0200: 380584,528: [ParNew: 288938K->10093K(314560K), 0,0095620 secs] 460794K->182893K(1013632K), 0,0096770 secs] [Times: user=0,07 sys=0,00, real=0,01 secs] 
2015-09-01T01:10:54.912+0200: 380643,089: [GC2015-09-01T01:10:54.912+0200: 380643,089: [ParNew: 289709K->6960K(314560K), 0,0107680 secs] 462509K->180714K(1013632K), 0,0108850 secs] [Times: user=0,08 sys=0,00, real=0,01 secs] 
2015-09-01T01:11:53.375+0200: 380701,552: [GC2015-09-01T01:11:53.375+0200: 380701,552: [ParNew: 286576K->9285K(314560K), 0,0113110 secs] 460330K->183984K(1013632K), 0,0114340 secs] [Times: user=0,10 sys=0,00, real=0,02 secs] 
2015-09-01T01:12:52.311+0200: 380760,487: [GC2015-09-01T01:12:52.311+0200: 380760,488: [ParNew: 288901K->10103K(314560K), 0,0112170 secs] 463600K->185756K(1013632K), 0,0113330 secs] [Times: user=0,10 sys=0,00, real=0,01 secs] 
2015-09-01T01:13:50.701+0200: 380818,878: [GC2015-09-01T01:13:50.701+0200: 380818,878: [ParNew: 289719K->7860K(314560K), 0,0110940 secs] 465372K->184465K(1013632K), 0,0112440 secs] [Times: user=0,08 sys=0,00, real=0,01 secs] 
2015-09-01T01:14:49.320+0200: 380877,497: [GC2015-09-01T01:14:49.321+0200: 380877,497: [ParNew: 287476K->8923K(314560K), 0,0134870 secs] 464081K->186469K(1013632K), 0,0136060 secs] [Times: user=0,08 sys=0,00, real=0,01 secs] 
2015-09-01T01:15:47.847+0200: 380936,023: [GC2015-09-01T01:15:47.847+0200: 380936,023: [ParNew: 288539K->9002K(314560K), 0,0113150 secs] 466085K->187556K(1013632K), 0,0114210 secs] [Times: user=0,10 sys=0,00, real=0,01 secs] 
2015-09-01T01:16:46.417+0200: 380994,594: [GC2015-09-01T01:16:46.418+0200: 380994,594: [ParNew: 288618K->8467K(314560K), 0,0117350 secs] 467172K->188056K(1013632K), 0,0118690 secs] [Times: user=0,07 sys=0,00, real=0,01 secs] 
2015-09-01T01:17:44.882+0200: 381053,058: [GC2015-09-01T01:17:44.882+0200: 381053,059: [ParNew: 288083K->8526K(314560K), 0,0115630 secs] 467672K->189068K(1013632K), 0,0116820 secs] [Times: user=0,09 sys=0,00, real=0,01 secs] 
2015-09-01T01:18:43.752+0200: 381111,928: [GC2015-09-01T01:18:43.752+0200: 381111,928: [ParNew: 288142K->8005K(314560K), 0,0114390 secs] 468684K->189502K(1013632K), 0,0115690 secs] [Times: user=0,09 sys=0,00, real=0,01 secs] 
2015-09-01T01:19:42.563+0200: 381170,739: [GC2015-09-01T01:19:42.563+0200: 381170,739: [ParNew: 287621K->8686K(314560K), 0,0100570 secs] 469118K->191123K(1013632K), 0,0101840 secs] [Times: user=0,08 sys=0,00, real=0,01 secs] 
2015-09-01T01:20:40.917+0200: 381229,094: [GC2015-09-01T01:20:40.917+0200: 381229,094: [ParNew: 288302K->8794K(314560K), 0,0114700 secs] 470739K->192170K(1013632K), 0,0115820 secs] [Times: user=0,07 sys=0,00, real=0,01 secs] 
2015-09-01T01:21:39.478+0200: 381287,654: [GC2015-09-01T01:21:39.478+0200: 381287,654: [ParNew: 288410K->8915K(314560K), 0,0109820 secs] 471786K->193250K(1013632K), 0,0111090 secs] [Times: user=0,08 sys=0,00, real=0,01 secs] 
2015-09-01T01:22:38.044+0200: 381346,220: [GC2015-09-01T01:22:38.044+0200: 381346,220: [ParNew: 288531K->9785K(314560K), 0,0098740 secs] 472866K->195071K(1013632K), 0,0099840 secs] [Times: user=0,09 sys=0,00, real=0,01 secs] 
2015-09-01T01:23:36.603+0200: 381404,780: [GC2015-09-01T01:23:36.603+0200: 381404,780: [ParNew: 289401K->8391K(314560K), 0,0106380 secs] 474687K->194621K(1013632K), 0,0107520 secs] [Times: user=0,10 sys=0,00, real=0,01 secs] 
2015-09-01T01:24:35.166+0200: 381463,342: [GC2015-09-01T01:24:35.166+0200: 381463,343: [ParNew: 288007K->9284K(314560K), 0,0122630 secs] 474237K->196557K(1013632K), 0,0123740 secs] [Times: user=0,09 sys=0,00, real=0,01 secs] 
2015-09-01T01:25:33.616+0200: 381521,792: [GC2015-09-01T01:25:33.616+0200: 381521,792: [ParNew: 288900K->8519K(314560K), 0,0118570 secs] 476173K->196841K(1013632K), 0,0119970 secs] [Times: user=0,10 sys=0,00, real=0,02 secs] 
2015-09-01T01:26:32.600+0200: 381580,777: [GC2015-09-01T01:26:32.600+0200: 381580,777: [ParNew: 288135K->10290K(314560K), 0,0109960 secs] 476457K->199552K(1013632K), 0,0111420 secs] [Times: user=0,07 sys=0,00, real=0,01 secs] 
2015-09-01T01:27:30.532+0200: 381638,708: [GC2015-09-01T01:27:30.532+0200: 381638,708: [ParNew: 289906K->7663K(314560K), 0,0122840 secs] 479168K->197876K(1013632K), 0,0124280 secs] [Times: user=0,10 sys=0,00, real=0,01 secs] 
2015-09-01T01:28:29.337+0200: 381697,513: [GC2015-09-01T01:28:29.337+0200: 381697,513: [ParNew: 287279K->7958K(314560K), 0,0107840 secs] 477492K->199118K(1013632K), 0,0108900 secs] [Times: user=0,07 sys=0,00, real=0,01 secs] 
2015-09-01T01:29:28.069+0200: 381756,245: [GC2015-09-01T01:29:28.069+0200: 381756,245: [ParNew: 287574K->6345K(314560K), 0,0088270 secs] 478734K->198453K(1013632K), 0,0089370 secs] [Times: user=0,07 sys=0,00, real=0,01 secs] 
2015-09-01T01:30:26.774+0200: 381814,951: [GC2015-09-01T01:30:26.774+0200: 381814,951: [ParNew: 285961K->5021K(314560K), 0,0101980 secs] 478069K->198063K(1013632K), 0,0103230 secs] [Times: user=0,07 sys=0,00, real=0,02 secs] 
2015-09-01T01:31:25.461+0200: 381873,637: [GC2015-09-01T01:31:25.461+0200: 381873,637: [ParNew: 284637K->4765K(314560K), 0,0081920 secs] 477679K->198591K(1013632K), 0,0083020 secs] [Times: user=0,05 sys=0,01, real=0,01 secs] 
2015-09-01T01:32:24.080+0200: 381932,256: [GC2015-09-01T01:32:24.080+0200: 381932,256: [ParNew: 284381K->4838K(314560K), 0,0098790 secs] 478207K->199728K(1013632K), 0,0100190 secs] [Times: user=0,07 sys=0,00, real=0,01 secs] 
2015-09-01T01:33:22.625+0200: 381990,801: [GC2015-09-01T01:33:22.625+0200: 381990,802: [ParNew: 284454K->3485K(314560K), 0,0070680 secs] 479344K->199178K(1013632K), 0,0071890 secs] [Times: user=0,04 sys=0,00, real=0,00 secs] 
2015-09-01T01:34:21.189+0200: 382049,365: [GC2015-09-01T01:34:21.189+0200: 382049,365: [ParNew: 283101K->4428K(314560K), 0,0050190 secs] 478794K->200184K(1013632K), 0,0051360 secs] [Times: user=0,03 sys=0,00, real=0,00 secs] 
2015-09-01T01:35:19.633+0200: 382107,809: [GC2015-09-01T01:35:19.633+0200: 382107,809: [ParNew: 284044K->4363K(314560K), 0,0046710 secs] 479800K->200284K(1013632K), 0,0047910 secs] [Times: user=0,03 sys=0,00, real=0,01 secs] 
2015-09-01T01:36:17.993+0200: 382166,170: [GC2015-09-01T01:36:17.993+0200: 382166,170: [ParNew: 283979K->5872K(314560K), 0,0100000 secs] 479900K->201916K(1013632K), 0,0101110 secs] [Times: user=0,05 sys=0,01, real=0,01 secs] 
2015-09-01T01:37:16.345+0200: 382224,522: [GC2015-09-01T01:37:16.345+0200: 382224,522: [ParNew: 285488K->7417K(314560K), 0,0087190 secs] 481532K->203691K(1013632K), 0,0088540 secs] [Times: user=0,06 sys=0,00, real=0,00 secs] 
2015-09-01T01:38:14.905+0200: 382283,082: [GC2015-09-01T01:38:14.905+0200: 382283,082: [ParNew: 287033K->9004K(314560K), 0,0103360 secs] 483307K->205772K(1013632K), 0,0104600 secs] [Times: user=0,07 sys=0,00, real=0,00 secs] 
2015-09-01T01:39:13.105+0200: 382341,281: [GC2015-09-01T01:39:13.105+0200: 382341,281: [ParNew: 288620K->8096K(314560K), 0,0093630 secs] 485388K->205507K(1013632K), 0,0094750 secs] [Times: user=0,07 sys=0,00, real=0,00 secs] 
2015-09-01T01:40:11.512+0200: 382399,688: [GC2015-09-01T01:40:11.512+0200: 382399,689: [ParNew: 287712K->9476K(314560K), 0,0114060 secs] 485123K->207758K(1013632K), 0,0115280 secs] [Times: user=0,07 sys=0,00, real=0,01 secs] 
2015-09-01T01:41:09.867+0200: 382458,044: [GC2015-09-01T01:41:09.867+0200: 382458,044: [ParNew: 289092K->9827K(314560K), 0,0115830 secs] 487374K->209123K(1013632K), 0,0117100 secs] [Times: user=0,10 sys=0,00, real=0,01 secs] 
2015-09-01T01:42:08.105+0200: 382516,281: [GC2015-09-01T01:42:08.105+0200: 382516,281: [ParNew: 289443K->8405K(314560K), 0,0101730 secs] 488739K->208722K(1013632K), 0,0103090 secs] [Times: user=0,08 sys=0,00, real=0,00 secs] 
2015-09-01T01:43:06.711+0200: 382574,887: [GC2015-09-01T01:43:06.711+0200: 382574,887: [ParNew: 288021K->7670K(314560K), 0,0109320 secs] 488338K->208922K(1013632K), 0,0110510 secs] [Times: user=0,09 sys=0,00, real=0,01 secs] 
2015-09-01T01:44:05.136+0200: 382633,313: [GC2015-09-01T01:44:05.136+0200: 382633,313: [ParNew: 287286K->7967K(314560K), 0,0128450 secs] 488538K->210147K(1013632K), 0,0129700 secs] [Times: user=0,08 sys=0,00, real=0,02 secs] 
2015-09-01T01:45:03.823+0200: 382692,000: [GC2015-09-01T01:45:03.823+0200: 382692,000: [ParNew: 287583K->9399K(314560K), 0,0109690 secs] 489763K->212516K(1013632K), 0,0111170 secs] [Times: user=0,09 sys=0,00, real=0,01 secs] 
2015-09-01T01:46:02.343+0200: 382750,519: [GC2015-09-01T01:46:02.343+0200: 382750,519: [ParNew: 289015K->9499K(314560K), 0,0112700 secs] 492132K->213547K(1013632K), 0,0113880 secs] [Times: user=0,08 sys=0,00, real=0,01 secs] 
2015-09-01T01:47:00.899+0200: 382809,075: [GC2015-09-01T01:47:00.899+0200: 382809,075: [ParNew: 289115K->9653K(314560K), 0,0107510 secs] 493163K->214645K(1013632K), 0,0109030 secs] [Times: user=0,10 sys=0,00, real=0,01 secs] 
2015-09-01T01:47:59.817+0200: 382867,993: [GC2015-09-01T01:47:59.817+0200: 382867,993: [ParNew: 289269K->9025K(314560K), 0,0112300 secs] 494261K->214959K(1013632K), 0,0113620 secs] [Times: user=0,07 sys=0,01, real=0,01 secs] 
2015-09-01T01:48:58.198+0200: 382926,375: [GC2015-09-01T01:48:58.198+0200: 382926,375: [ParNew: 288641K->9162K(314560K), 0,0101860 secs] 494575K->216081K(1013632K), 0,0103000 secs] [Times: user=0,08 sys=0,00, real=0,01 secs] 
2015-09-01T01:49:57.051+0200: 382985,228: [GC2015-09-01T01:49:57.051+0200: 382985,228: [ParNew: 288778K->8498K(314560K), 0,0109760 secs] 495697K->216450K(1013632K), 0,0110960 secs] [Times: user=0,08 sys=0,00, real=0,01 secs] 
2015-09-01T01:50:55.876+0200: 383044,052: [GC2015-09-01T01:50:55.876+0200: 383044,052: [ParNew: 288114K->9273K(314560K), 0,0114800 secs] 496066K->218251K(1013632K), 0,0116170 secs] [Times: user=0,10 sys=0,00, real=0,02 secs] 
2015-09-01T01:51:54.332+0200: 383102,509: [GC2015-09-01T01:51:54.332+0200: 383102,509: [ParNew: 288889K->7747K(314560K), 0,0093880 secs] 497867K->217677K(1013632K), 0,0095260 secs] [Times: user=0,08 sys=0,00, real=0,01 secs] 
2015-09-01T01:52:52.907+0200: 383161,083: [GC2015-09-01T01:52:52.907+0200: 383161,083: [ParNew: 287363K->8088K(314560K), 0,0105210 secs] 497293K->218950K(1013632K), 0,0106460 secs] [Times: user=0,08 sys=0,00, real=0,01 secs] 
2015-09-01T01:53:51.256+0200: 383219,433: [GC2015-09-01T01:53:51.256+0200: 383219,433: [ParNew: 287704K->9545K(314560K), 0,0110400 secs] 498566K->221359K(1013632K), 0,0111510 secs] [Times: user=0,08 sys=0,00, real=0,01 secs] 
2015-09-01T01:54:49.814+0200: 383277,990: [GC2015-09-01T01:54:49.814+0200: 383277,990: [ParNew: 289161K->8153K(314560K), 0,0109320 secs] 500975K->220907K(1013632K), 0,0110640 secs] [Times: user=0,08 sys=0,00, real=0,02 secs] 
2015-09-01T01:55:48.076+0200: 383336,253: [GC2015-09-01T01:55:48.076+0200: 383336,253: [ParNew: 287769K->9031K(314560K), 0,0113410 secs] 500523K->222731K(1013632K), 0,0114620 secs] [Times: user=0,06 sys=0,00, real=0,02 secs] 
2015-09-01T01:56:46.420+0200: 383394,597: [GC2015-09-01T01:56:46.420+0200: 383394,597: [ParNew: 288647K->9165K(314560K), 0,0116530 secs] 502347K->223822K(1013632K), 0,0117670 secs] [Times: user=0,08 sys=0,00, real=0,01 secs] 
2015-09-01T01:57:44.600+0200: 383452,776: [GC2015-09-01T01:57:44.600+0200: 383452,776: [ParNew: 288781K->9270K(314560K), 0,0109000 secs] 503438K->224968K(1013632K), 0,0110290 secs] [Times: user=0,10 sys=0,00, real=0,01 secs] 
2015-09-01T01:58:43.024+0200: 383511,200: [GC2015-09-01T01:58:43.024+0200: 383511,200: [ParNew: 288886K->9281K(314560K), 0,0114550 secs] 504584K->226008K(1013632K), 0,0115850 secs] [Times: user=0,10 sys=0,00, real=0,01 secs] 
2015-09-01T01:59:41.813+0200: 383569,989: [GC2015-09-01T01:59:41.813+0200: 383569,989: [ParNew: 288897K->6956K(314560K), 0,0111380 secs] 505624K->224628K(1013632K), 0,0112580 secs] [Times: user=0,08 sys=0,00, real=0,01 secs] 
2015-09-01T02:00:40.130+0200: 383628,306: [GC2015-09-01T02:00:40.130+0200: 383628,307: [ParNew: 286572K->8747K(314560K), 0,0103910 secs] 504244K->227378K(1013632K), 0,0105060 secs] [Times: user=0,08 sys=0,00, real=0,01 secs] 
2015-09-01T02:01:38.778+0200: 383686,954: [GC2015-09-01T02:01:38.778+0200: 383686,954: [ParNew: 288363K->8682K(314560K), 0,0108390 secs] 506994K->228262K(1013632K), 0,0109530 secs] [Times: user=0,08 sys=0,00, real=0,01 secs] 
2015-09-01T02:02:37.240+0200: 383745,417: [GC2015-09-01T02:02:37.240+0200: 383745,417: [ParNew: 288298K->9489K(314560K), 0,0110090 secs] 507878K->230007K(1013632K), 0,0111580 secs] [Times: user=0,08 sys=0,00, real=0,01 secs] 
2015-09-01T02:03:35.799+0200: 383803,975: [GC2015-09-01T02:03:35.799+0200: 383803,975: [ParNew: 289105K->9637K(314560K), 0,0114860 secs] 509623K->231093K(1013632K), 0,0115980 secs] [Times: user=0,09 sys=0,00, real=0,01 secs] 
2015-09-01T02:04:34.594+0200: 383862,771: [GC2015-09-01T02:04:34.595+0200: 383862,771: [ParNew: 289253K->10552K(314560K), 0,0117370 secs] 510709K->232940K(1013632K), 0,0118720 secs] [Times: user=0,09 sys=0,00, real=0,02 secs] 
2015-09-01T02:05:32.847+0200: 383921,023: [GC2015-09-01T02:05:32.847+0200: 383921,023: [ParNew: 290168K->9064K(314560K), 0,0117290 secs] 512556K->232442K(1013632K), 0,0118460 secs] [Times: user=0,09 sys=0,00, real=0,01 secs] 
2015-09-01T02:06:30.681+0200: 383978,857: [GC2015-09-01T02:06:30.681+0200: 383978,857: [ParNew: 288680K->9803K(314560K), 0,0127710 secs] 512058K->234201K(1013632K), 0,0128990 secs] [Times: user=0,11 sys=0,00, real=0,01 secs] 
2015-09-01T02:07:29.032+0200: 384037,208: [GC2015-09-01T02:07:29.032+0200: 384037,208: [ParNew: 289419K->9085K(314560K), 0,0119290 secs] 513817K->234518K(1013632K), 0,0120620 secs] [Times: user=0,08 sys=0,00, real=0,01 secs] 
2015-09-01T02:08:27.754+0200: 384095,931: [GC2015-09-01T02:08:27.754+0200: 384095,931: [ParNew: 288701K->8480K(314560K), 0,0111310 secs] 514134K->234873K(1013632K), 0,0112510 secs] [Times: user=0,09 sys=0,00, real=0,02 secs] 
2015-09-01T02:09:26.455+0200: 384154,631: [GC2015-09-01T02:09:26.455+0200: 384154,631: [ParNew: 288096K->9509K(314560K), 0,0109190 secs] 514489K->236859K(1013632K), 0,0110390 secs] [Times: user=0,09 sys=0,00, real=0,02 secs] 
2015-09-01T02:10:25.171+0200: 384213,348: [GC2015-09-01T02:10:25.171+0200: 384213,348: [ParNew: 289125K->8040K(314560K), 0,0111200 secs] 516475K->236329K(1013632K), 0,0112370 secs] [Times: user=0,09 sys=0,00, real=0,01 secs] 
2015-09-01T02:11:23.998+0200: 384272,175: [GC2015-09-01T02:11:23.998+0200: 384272,175: [ParNew: 287656K->9595K(314560K), 0,0123950 secs] 515945K->238828K(1013632K), 0,0125190 secs] [Times: user=0,08 sys=0,00, real=0,01 secs] 
2015-09-01T02:12:22.623+0200: 384330,799: [GC2015-09-01T02:12:22.623+0200: 384330,799: [ParNew: 289211K->8989K(314560K), 0,0111590 secs] 518444K->239167K(1013632K), 0,0112730 secs] [Times: user=0,10 sys=0,00, real=0,01 secs] 
2015-09-01T02:13:21.295+0200: 384389,471: [GC2015-09-01T02:13:21.295+0200: 384389,471: [ParNew: 288605K->9118K(314560K), 0,0113810 secs] 518783K->240237K(1013632K), 0,0115010 secs] [Times: user=0,09 sys=0,00, real=0,02 secs] 
2015-09-01T02:14:19.854+0200: 384448,031: [GC2015-09-01T02:14:19.855+0200: 384448,031: [ParNew: 288734K->8483K(314560K), 0,0113230 secs] 519853K->240618K(1013632K), 0,0114540 secs] [Times: user=0,09 sys=0,00, real=0,02 secs] 
2015-09-01T02:15:18.416+0200: 384506,593: [GC2015-09-01T02:15:18.416+0200: 384506,593: [ParNew: 288099K->9305K(314560K), 0,0111210 secs] 520234K->242499K(1013632K), 0,0112590 secs] [Times: user=0,09 sys=0,00, real=0,02 secs] 
2015-09-01T02:16:16.462+0200: 384564,639: [GC2015-09-01T02:16:16.463+0200: 384564,639: [ParNew: 288921K->6194K(314560K), 0,0106650 secs] 522115K->240318K(1013632K), 0,0108120 secs] [Times: user=0,10 sys=0,00, real=0,01 secs] 
2015-09-01T02:17:15.276+0200: 384623,453: [GC2015-09-01T02:17:15.276+0200: 384623,453: [ParNew: 285810K->7294K(314560K), 0,0110830 secs] 519934K->242377K(1013632K), 0,0112210 secs] [Times: user=0,08 sys=0,00, real=0,01 secs] 
2015-09-01T02:18:13.508+0200: 384681,684: [GC2015-09-01T02:18:13.508+0200: 384681,684: [ParNew: 286910K->8712K(314560K), 0,0102550 secs] 521993K->244740K(1013632K), 0,0103760 secs] [Times: user=0,10 sys=0,00, real=0,01 secs] 
2015-09-01T02:19:12.411+0200: 384740,587: [GC2015-09-01T02:19:12.411+0200: 384740,587: [ParNew: 288328K->9522K(314560K), 0,0111560 secs] 524356K->246496K(1013632K), 0,0112800 secs] [Times: user=0,10 sys=0,00, real=0,01 secs] 
2015-09-01T02:20:11.169+0200: 384799,346: [GC2015-09-01T02:20:11.169+0200: 384799,346: [ParNew: 289138K->8916K(314560K), 0,0121440 secs] 526112K->246835K(1013632K), 0,0122630 secs] [Times: user=0,09 sys=0,00, real=0,01 secs] 
2015-09-01T02:21:09.631+0200: 384857,808: [GC2015-09-01T02:21:09.631+0200: 384857,808: [ParNew: 288532K->9046K(314560K), 0,0107830 secs] 526451K->247909K(1013632K), 0,0109020 secs] [Times: user=0,09 sys=0,00, real=0,01 secs] 
2015-09-01T02:22:07.844+0200: 384916,021: [GC2015-09-01T02:22:07.844+0200: 384916,021: [ParNew: 288662K->9166K(314560K), 0,0108700 secs] 527525K->248996K(1013632K), 0,0109880 secs] [Times: user=0,08 sys=0,00, real=0,00 secs] 
2015-09-01T02:23:06.654+0200: 384974,830: [GC2015-09-01T02:23:06.654+0200: 384974,830: [ParNew: 288782K->8514K(314560K), 0,0115070 secs] 528612K->249391K(1013632K), 0,0116270 secs] [Times: user=0,10 sys=0,00, real=0,02 secs] 
2015-09-01T02:24:05.382+0200: 385033,559: [GC2015-09-01T02:24:05.382+0200: 385033,559: [ParNew: 288130K->10095K(314560K), 0,0124930 secs] 529007K->251999K(1013632K), 0,0126150 secs] [Times: user=0,08 sys=0,00, real=0,01 secs] 
2015-09-01T02:25:03.642+0200: 385091,818: [GC2015-09-01T02:25:03.642+0200: 385091,818: [ParNew: 289711K->8568K(314560K), 0,0114710 secs] 531615K->251428K(1013632K), 0,0116010 secs] [Times: user=0,10 sys=0,00, real=0,01 secs] 
2015-09-01T02:26:01.837+0200: 385150,013: [GC2015-09-01T02:26:01.837+0200: 385150,013: [ParNew: 288184K->10087K(314560K), 0,0127130 secs] 531044K->253894K(1013632K), 0,0128360 secs] [Times: user=0,08 sys=0,00, real=0,01 secs] 
2015-09-01T02:26:59.889+0200: 385208,065: [GC2015-09-01T02:26:59.889+0200: 385208,065: [ParNew: 289703K->8419K(314560K), 0,0115310 secs] 533510K->253165K(1013632K), 0,0116570 secs] [Times: user=0,07 sys=0,01, real=0,01 secs] 
2015-09-01T02:27:57.934+0200: 385266,110: [GC2015-09-01T02:27:57.934+0200: 385266,110: [ParNew: 288035K->10187K(314560K), 0,0116110 secs] 532781K->255895K(1013632K), 0,0117270 secs] [Times: user=0,09 sys=0,00, real=0,02 secs] 
2015-09-01T02:28:56.933+0200: 385325,110: [GC2015-09-01T02:28:56.933+0200: 385325,110: [ParNew: 289803K->6765K(314560K), 0,0107580 secs] 535511K->253427K(1013632K), 0,0108650 secs] [Times: user=0,08 sys=0,00, real=0,01 secs] 
2015-09-01T02:29:55.702+0200: 385383,879: [GC2015-09-01T02:29:55.703+0200: 385383,879: [ParNew: 286381K->6267K(314560K), 0,0095900 secs] 533043K->253890K(1013632K), 0,0097100 secs] [Times: user=0,08 sys=0,00, real=0,01 secs] 
2015-09-01T02:30:54.062+0200: 385442,239: [GC2015-09-01T02:30:54.062+0200: 385442,239: [ParNew: 285883K->6008K(314560K), 0,0093460 secs] 533506K->254706K(1013632K), 0,0094680 secs] [Times: user=0,07 sys=0,00, real=0,01 secs] 
2015-09-01T02:31:52.815+0200: 385500,991: [GC2015-09-01T02:31:52.815+0200: 385500,991: [ParNew: 285624K->4763K(314560K), 0,0078040 secs] 534322K->254053K(1013632K), 0,0079190 secs] [Times: user=0,05 sys=0,00, real=0,01 secs] 
2015-09-01T02:32:51.370+0200: 385559,547: [GC2015-09-01T02:32:51.370+0200: 385559,547: [ParNew: 284379K->4010K(314560K), 0,0088130 secs] 533669K->254312K(1013632K), 0,0089330 secs] [Times: user=0,07 sys=0,00, real=0,01 secs] 
2015-09-01T02:33:49.928+0200: 385618,105: [GC2015-09-01T02:33:49.928+0200: 385618,105: [ParNew: 283626K->3352K(314560K), 0,0075240 secs] 533928K->254144K(1013632K), 0,0076690 secs] [Times: user=0,04 sys=0,01, real=0,00 secs] 
2015-09-01T02:34:48.105+0200: 385676,281: [GC2015-09-01T02:34:48.105+0200: 385676,281: [ParNew: 282968K->3808K(314560K), 0,0058000 secs] 533760K->254762K(1013632K), 0,0059200 secs] [Times: user=0,03 sys=0,00, real=0,00 secs] 
2015-09-01T02:35:46.274+0200: 385734,450: [GC2015-09-01T02:35:46.274+0200: 385734,450: [ParNew: 283424K->4887K(314560K), 0,0062950 secs] 534378K->255962K(1013632K), 0,0064120 secs] [Times: user=0,03 sys=0,00, real=0,01 secs] 
2015-09-01T02:36:44.586+0200: 385792,762: [GC2015-09-01T02:36:44.586+0200: 385792,762: [ParNew: 284503K->7146K(314560K), 0,0074380 secs] 535578K->258445K(1013632K), 0,0075700 secs] [Times: user=0,06 sys=0,00, real=0,00 secs] 
2015-09-01T02:37:43.105+0200: 385851,281: [GC2015-09-01T02:37:43.105+0200: 385851,281: [ParNew: 286762K->8663K(314560K), 0,0112760 secs] 538061K->260418K(1013632K), 0,0113930 secs] [Times: user=0,07 sys=0,01, real=0,00 secs] 
2015-09-01T02:38:41.690+0200: 385909,867: [GC2015-09-01T02:38:41.690+0200: 385909,867: [ParNew: 288279K->6769K(314560K), 0,0091840 secs] 540034K->259056K(1013632K), 0,0093030 secs] [Times: user=0,07 sys=0,00, real=0,01 secs] 
2015-09-01T02:39:40.248+0200: 385968,425: [GC2015-09-01T02:39:40.248+0200: 385968,425: [ParNew: 286385K->8053K(314560K), 0,0098770 secs] 538672K->261035K(1013632K), 0,0099890 secs] [Times: user=0,06 sys=0,00, real=0,01 secs] 
2015-09-01T02:40:38.811+0200: 386026,987: [GC2015-09-01T02:40:38.811+0200: 386026,987: [ParNew: 287669K->9217K(314560K), 0,0113850 secs] 540651K->263099K(1013632K), 0,0115090 secs] [Times: user=0,08 sys=0,00, real=0,01 secs] 
2015-09-01T02:41:37.566+0200: 386085,742: [GC2015-09-01T02:41:37.566+0200: 386085,742: [ParNew: 288833K->8172K(314560K), 0,0108360 secs] 542715K->262951K(1013632K), 0,0109690 secs] [Times: user=0,07 sys=0,00, real=0,01 secs] 
2015-09-01T02:42:36.376+0200: 386144,552: [GC2015-09-01T02:42:36.376+0200: 386144,552: [ParNew: 287788K->9272K(314560K), 0,0105770 secs] 542567K->264951K(1013632K), 0,0106990 secs] [Times: user=0,10 sys=0,00, real=0,02 secs] 
2015-09-01T02:43:34.970+0200: 386203,147: [GC2015-09-01T02:43:34.970+0200: 386203,147: [ParNew: 288888K->10069K(314560K), 0,0139580 secs] 544567K->266675K(1013632K), 0,0140650 secs] [Times: user=0,10 sys=0,00, real=0,02 secs] 
2015-09-01T02:44:33.539+0200: 386261,716: [GC2015-09-01T02:44:33.539+0200: 386261,716: [ParNew: 289685K->7733K(314560K), 0,0111370 secs] 546291K->265261K(1013632K), 0,0112680 secs] [Times: user=0,09 sys=0,00, real=0,01 secs] 
2015-09-01T02:45:32.104+0200: 386320,280: [GC2015-09-01T02:45:32.104+0200: 386320,280: [ParNew: 287349K->8761K(314560K), 0,0138440 secs] 544877K->267209K(1013632K), 0,0139470 secs] [Times: user=0,10 sys=0,00, real=0,02 secs] 
2015-09-01T02:46:30.030+0200: 386378,207: [GC2015-09-01T02:46:30.030+0200: 386378,207: [ParNew: 288377K->10342K(314560K), 0,0124830 secs] 546825K->269725K(1013632K), 0,0125800 secs] [Times: user=0,07 sys=0,00, real=0,01 secs] 
2015-09-01T02:47:28.621+0200: 386436,797: [GC2015-09-01T02:47:28.621+0200: 386436,798: [ParNew: 289958K->8545K(314560K), 0,0119240 secs] 549341K->268933K(1013632K), 0,0120370 secs] [Times: user=0,08 sys=0,00, real=0,01 secs] 
2015-09-01T02:48:27.171+0200: 386495,348: [GC2015-09-01T02:48:27.171+0200: 386495,348: [ParNew: 288161K->9818K(314560K), 0,0119760 secs] 548549K->271253K(1013632K), 0,0121040 secs] [Times: user=0,09 sys=0,00, real=0,01 secs] 
2015-09-01T02:49:25.840+0200: 386554,016: [GC2015-09-01T02:49:25.840+0200: 386554,016: [ParNew: 289434K->6799K(314560K), 0,0117990 secs] 550869K->269173K(1013632K), 0,0119200 secs] [Times: user=0,09 sys=0,00, real=0,01 secs] 
2015-09-01T02:50:24.402+0200: 386612,578: [GC2015-09-01T02:50:24.402+0200: 386612,578: [ParNew: 286415K->8666K(314560K), 0,0119580 secs] 548789K->271988K(1013632K), 0,0120810 secs] [Times: user=0,09 sys=0,00, real=0,01 secs] 
2015-09-01T02:51:22.905+0200: 386671,082: [GC2015-09-01T02:51:22.905+0200: 386671,082: [ParNew: 288282K->8648K(314560K), 0,0117280 secs] 551604K->272914K(1013632K), 0,0118400 secs] [Times: user=0,07 sys=0,00, real=0,01 secs] 
2015-09-01T02:52:21.220+0200: 386729,396: [GC2015-09-01T02:52:21.220+0200: 386729,396: [ParNew: 288264K->9471K(314560K), 0,0121870 secs] 552530K->274692K(1013632K), 0,0123020 secs] [Times: user=0,08 sys=0,00, real=0,01 secs] 
2015-09-01T02:53:20.163+0200: 386788,339: [GC2015-09-01T02:53:20.163+0200: 386788,339: [ParNew: 289087K->8845K(314560K), 0,0114810 secs] 554308K->275010K(1013632K), 0,0116200 secs] [Times: user=0,08 sys=0,00, real=0,01 secs] 
2015-09-01T02:54:18.844+0200: 386847,021: [GC2015-09-01T02:54:18.845+0200: 386847,021: [ParNew: 288461K->9715K(314560K), 0,0124730 secs] 554626K->276814K(1013632K), 0,0125900 secs] [Times: user=0,08 sys=0,00, real=0,01 secs] 
2015-09-01T02:55:17.078+0200: 386905,254: [GC2015-09-01T02:55:17.078+0200: 386905,254: [ParNew: 289331K->8362K(314560K), 0,0107160 secs] 556430K->276412K(1013632K), 0,0108210 secs] [Times: user=0,07 sys=0,00, real=0,01 secs] 
2015-09-01T02:56:15.724+0200: 386963,901: [GC2015-09-01T02:56:15.724+0200: 386963,901: [ParNew: 287978K->9252K(314560K), 0,0114880 secs] 556028K->278326K(1013632K), 0,0116450 secs] [Times: user=0,08 sys=0,00, real=0,01 secs] 
2015-09-01T02:57:14.401+0200: 387022,578: [GC2015-09-01T02:57:14.401+0200: 387022,578: [ParNew: 288868K->9293K(314560K), 0,0113190 secs] 557942K->279405K(1013632K), 0,0114430 secs] [Times: user=0,07 sys=0,00, real=0,01 secs] 
2015-09-01T02:58:12.840+0200: 387081,016: [GC2015-09-01T02:58:12.840+0200: 387081,016: [ParNew: 288909K->10069K(314560K), 0,0136400 secs] 559021K->281121K(1013632K), 0,0137550 secs] [Times: user=0,10 sys=0,00, real=0,01 secs] 
2015-09-01T02:59:11.262+0200: 387139,439: [GC2015-09-01T02:59:11.262+0200: 387139,439: [ParNew: 289685K->6933K(314560K), 0,0112960 secs] 560737K->278929K(1013632K), 0,0114220 secs] [Times: user=0,10 sys=0,00, real=0,01 secs] 
2015-09-01T03:00:10.079+0200: 387198,255: [GC2015-09-01T03:00:10.079+0200: 387198,255: [ParNew: 286549K->9269K(314560K), 0,0095230 secs] 558545K->282225K(1013632K), 0,0096320 secs] [Times: user=0,05 sys=0,01, real=0,01 secs] 
2015-09-01T03:01:08.781+0200: 387256,957: [GC2015-09-01T03:01:08.781+0200: 387256,957: [ParNew: 288885K->9333K(314560K), 0,0109400 secs] 561841K->283236K(1013632K), 0,0110580 secs] [Times: user=0,08 sys=0,00, real=0,01 secs] 
2015-09-01T03:02:07.405+0200: 387315,582: [GC2015-09-01T03:02:07.405+0200: 387315,582: [ParNew: 288949K->9616K(314560K), 0,0114380 secs] 562852K->284462K(1013632K), 0,0115560 secs] [Times: user=0,06 sys=0,00, real=0,01 secs] 
2015-09-01T03:03:06.098+0200: 387374,274: [GC2015-09-01T03:03:06.098+0200: 387374,274: [ParNew: 289232K->9079K(314560K), 0,0093590 secs] 564078K->284867K(1013632K), 0,0094590 secs] [Times: user=0,08 sys=0,00, real=0,01 secs] 
2015-09-01T03:04:04.914+0200: 387433,090: [GC2015-09-01T03:04:04.914+0200: 387433,090: [ParNew: 288695K->9231K(314560K), 0,0128910 secs] 564483K->286001K(1013632K), 0,0130100 secs] [Times: user=0,09 sys=0,00, real=0,02 secs] 
2015-09-01T03:05:03.542+0200: 387491,719: [GC2015-09-01T03:05:03.543+0200: 387491,719: [ParNew: 288847K->10118K(314560K), 0,0115480 secs] 565617K->287938K(1013632K), 0,0116650 secs] [Times: user=0,07 sys=0,00, real=0,01 secs] 
2015-09-01T03:06:02.257+0200: 387550,434: [GC2015-09-01T03:06:02.257+0200: 387550,434: [ParNew: 289734K->7781K(314560K), 0,0113100 secs] 567554K->286539K(1013632K), 0,0114650 secs] [Times: user=0,07 sys=0,00, real=0,01 secs] 
2015-09-01T03:07:00.977+0200: 387609,154: [GC2015-09-01T03:07:00.977+0200: 387609,154: [ParNew: 287397K->8048K(314560K), 0,0112310 secs] 566155K->287751K(1013632K), 0,0113400 secs] [Times: user=0,09 sys=0,00, real=0,01 secs] 
2015-09-01T03:07:59.367+0200: 387667,544: [GC2015-09-01T03:07:59.367+0200: 387667,544: [ParNew: 287664K->9484K(314560K), 0,0096120 secs] 567367K->290167K(1013632K), 0,0097460 secs] [Times: user=0,08 sys=0,00, real=0,01 secs] 
2015-09-01T03:08:57.707+0200: 387725,884: [GC2015-09-01T03:08:57.707+0200: 387725,884: [ParNew: 289100K->10276K(314560K), 0,0107940 secs] 569783K->291905K(1013632K), 0,0109090 secs] [Times: user=0,10 sys=0,00, real=0,01 secs] 
2015-09-01T03:09:56.596+0200: 387784,773: [GC2015-09-01T03:09:56.596+0200: 387784,773: [ParNew: 289892K->7410K(314560K), 0,0117200 secs] 571521K->289996K(1013632K), 0,0118460 secs] [Times: user=0,07 sys=0,00, real=0,02 secs] 
2015-09-01T03:10:55.300+0200: 387843,476: [GC2015-09-01T03:10:55.300+0200: 387843,476: [ParNew: 287026K->10219K(314560K), 0,0153260 secs] 569612K->293742K(1013632K), 0,0154350 secs] [Times: user=0,11 sys=0,00, real=0,01 secs] 
2015-09-01T03:11:53.849+0200: 387902,026: [GC2015-09-01T03:11:53.850+0200: 387902,026: [ParNew: 289835K->8235K(314560K), 0,0115020 secs] 573358K->292712K(1013632K), 0,0116290 secs] [Times: user=0,08 sys=0,00, real=0,01 secs] 
2015-09-01T03:12:52.623+0200: 387960,799: [GC2015-09-01T03:12:52.623+0200: 387960,799: [ParNew: 287851K->9047K(314560K), 0,0118040 secs] 572328K->294575K(1013632K), 0,0119380 secs] [Times: user=0,08 sys=0,00, real=0,01 secs] 
2015-09-01T03:13:51.184+0200: 388019,360: [GC2015-09-01T03:13:51.184+0200: 388019,360: [ParNew: 288663K->9806K(314560K), 0,0120870 secs] 574191K->296371K(1013632K), 0,0122120 secs] [Times: user=0,07 sys=0,00, real=0,01 secs] 
2015-09-01T03:14:49.748+0200: 388077,924: [GC2015-09-01T03:14:49.748+0200: 388077,924: [ParNew: 289422K->9225K(314560K), 0,0135490 secs] 575987K->296732K(1013632K), 0,0136540 secs] [Times: user=0,09 sys=0,00, real=0,01 secs] 
2015-09-01T03:15:48.105+0200: 388136,281: [GC2015-09-01T03:15:48.105+0200: 388136,281: [ParNew: 288841K->8007K(314560K), 0,0103500 secs] 576348K->296452K(1013632K), 0,0104710 secs] [Times: user=0,08 sys=0,00, real=0,00 secs] 
2015-09-01T03:16:46.365+0200: 388194,542: [GC2015-09-01T03:16:46.365+0200: 388194,542: [ParNew: 287623K->8733K(314560K), 0,0089710 secs] 576068K->298125K(1013632K), 0,0090730 secs] [Times: user=0,05 sys=0,00, real=0,00 secs] 
2015-09-01T03:17:44.929+0200: 388253,105: [GC2015-09-01T03:17:44.929+0200: 388253,105: [ParNew: 288349K->9577K(314560K), 0,0111550 secs] 577741K->299914K(1013632K), 0,0112690 secs] [Times: user=0,06 sys=0,00, real=0,01 secs] 
2015-09-01T03:18:43.393+0200: 388311,569: [GC2015-09-01T03:18:43.393+0200: 388311,570: [ParNew: 289193K->9695K(314560K), 0,0126220 secs] 579530K->300982K(1013632K), 0,0127490 secs] [Times: user=0,10 sys=0,00, real=0,02 secs] 
2015-09-01T03:19:42.163+0200: 388370,339: [GC2015-09-01T03:19:42.163+0200: 388370,339: [ParNew: 289311K->8321K(314560K), 0,0111330 secs] 580598K->300555K(1013632K), 0,0112620 secs] [Times: user=0,10 sys=0,00, real=0,01 secs] 
2015-09-01T03:20:40.946+0200: 388429,123: [GC2015-09-01T03:20:40.946+0200: 388429,123: [ParNew: 287937K->9224K(314560K), 0,0114980 secs] 580171K->302439K(1013632K), 0,0116260 secs] [Times: user=0,09 sys=0,00, real=0,01 secs] 
2015-09-01T03:21:39.621+0200: 388487,798: [GC2015-09-01T03:21:39.621+0200: 388487,798: [ParNew: 288840K->8545K(314560K), 0,0114830 secs] 582055K->302809K(1013632K), 0,0116000 secs] [Times: user=0,08 sys=0,00, real=0,01 secs] 
2015-09-01T03:22:38.105+0200: 388546,281: [GC2015-09-01T03:22:38.105+0200: 388546,281: [ParNew: 288161K->9311K(314560K), 0,0099440 secs] 582425K->304621K(1013632K), 0,0100440 secs] [Times: user=0,08 sys=0,00, real=0,00 secs] 
2015-09-01T03:23:36.747+0200: 388604,924: [GC2015-09-01T03:23:36.747+0200: 388604,924: [ParNew: 288927K->8524K(314560K), 0,0114930 secs] 584237K->304767K(1013632K), 0,0116090 secs] [Times: user=0,08 sys=0,00, real=0,01 secs] 
2015-09-01T03:24:35.309+0200: 388663,486: [GC2015-09-01T03:24:35.310+0200: 388663,486: [ParNew: 288140K->8097K(314560K), 0,0110250 secs] 584383K->305293K(1013632K), 0,0111630 secs] [Times: user=0,08 sys=0,00, real=0,01 secs] 
2015-09-01T03:25:33.576+0200: 388721,753: [GC2015-09-01T03:25:33.576+0200: 388721,753: [ParNew: 287713K->10265K(314560K), 0,0125530 secs] 584909K->308424K(1013632K), 0,0126720 secs] [Times: user=0,07 sys=0,00, real=0,02 secs] 
2015-09-01T03:26:31.411+0200: 388779,588: [GC2015-09-01T03:26:31.411+0200: 388779,588: [ParNew: 289881K->7529K(314560K), 0,0104420 secs] 588040K->306635K(1013632K), 0,0105750 secs] [Times: user=0,08 sys=0,00, real=0,01 secs] 
2015-09-01T03:27:29.481+0200: 388837,657: [GC2015-09-01T03:27:29.481+0200: 388837,657: [ParNew: 287145K->10506K(314560K), 0,0110830 secs] 586251K->310546K(1013632K), 0,0112030 secs] [Times: user=0,08 sys=0,00, real=0,01 secs] 
2015-09-01T03:28:28.046+0200: 388896,223: [GC2015-09-01T03:28:28.046+0200: 388896,223: [ParNew: 290122K->8746K(314560K), 0,0102940 secs] 590162K->309734K(1013632K), 0,0104170 secs] [Times: user=0,08 sys=0,00, real=0,01 secs] 
2015-09-01T03:29:26.505+0200: 388954,682: [GC2015-09-01T03:29:26.505+0200: 388954,682: [ParNew: 288362K->6744K(314560K), 0,0104440 secs] 589350K->308768K(1013632K), 0,0105620 secs] [Times: user=0,08 sys=0,00, real=0,00 secs] 
2015-09-01T03:30:25.365+0200: 389013,542: [GC2015-09-01T03:30:25.365+0200: 389013,542: [ParNew: 286360K->5922K(314560K), 0,0096810 secs] 588384K->308975K(1013632K), 0,0098120 secs] [Times: user=0,07 sys=0,00, real=0,00 secs] 
2015-09-01T03:31:23.606+0200: 389071,783: [GC2015-09-01T03:31:23.606+0200: 389071,783: [ParNew: 285538K->6026K(314560K), 0,0108140 secs] 588591K->309869K(1013632K), 0,0109280 secs] [Times: user=0,07 sys=0,00, real=0,01 secs] 
2015-09-01T03:32:22.625+0200: 389130,801: [GC2015-09-01T03:32:22.625+0200: 389130,801: [ParNew: 285642K->4313K(314560K), 0,0068160 secs] 589485K->308645K(1013632K), 0,0069320 secs] [Times: user=0,04 sys=0,01, real=0,00 secs] 
2015-09-01T03:33:21.507+0200: 389189,684: [GC2015-09-01T03:33:21.507+0200: 389189,684: [ParNew: 283929K->3207K(314560K), 0,0080170 secs] 588261K->308763K(1013632K), 0,0081500 secs] [Times: user=0,07 sys=0,00, real=0,00 secs] 
2015-09-01T03:34:20.366+0200: 389248,542: [GC2015-09-01T03:34:20.366+0200: 389248,542: [ParNew: 282823K->3990K(314560K), 0,0051200 secs] 588379K->309604K(1013632K), 0,0052340 secs] [Times: user=0,03 sys=0,00, real=0,00 secs] 
2015-09-01T03:35:18.818+0200: 389306,995: [GC2015-09-01T03:35:18.818+0200: 389306,995: [ParNew: 283606K->4860K(314560K), 0,0058980 secs] 589220K->310637K(1013632K), 0,0060240 secs] [Times: user=0,03 sys=0,00, real=0,00 secs] 
2015-09-01T03:36:17.477+0200: 389365,653: [GC2015-09-01T03:36:17.477+0200: 389365,653: [ParNew: 284476K->5770K(314560K), 0,0075200 secs] 590253K->311663K(1013632K), 0,0076300 secs] [Times: user=0,04 sys=0,00, real=0,01 secs] 
2015-09-01T03:37:16.036+0200: 389424,213: [GC2015-09-01T03:37:16.036+0200: 389424,213: [ParNew: 285386K->7221K(314560K), 0,0088410 secs] 591279K->313366K(1013632K), 0,0089600 secs] [Times: user=0,05 sys=0,00, real=0,02 secs] 
2015-09-01T03:38:14.949+0200: 389483,125: [GC2015-09-01T03:38:14.949+0200: 389483,125: [ParNew: 286837K->8581K(314560K), 0,0099770 secs] 592982K->315264K(1013632K), 0,0100890 secs] [Times: user=0,07 sys=0,00, real=0,01 secs] 
2015-09-01T03:39:13.198+0200: 389541,375: [GC2015-09-01T03:39:13.199+0200: 389541,375: [ParNew: 288197K->9554K(314560K), 0,0104800 secs] 594880K->316935K(1013632K), 0,0106120 secs] [Times: user=0,10 sys=0,00, real=0,01 secs] 
2015-09-01T03:40:12.069+0200: 389600,245: [GC2015-09-01T03:40:12.069+0200: 389600,245: [ParNew: 289170K->7288K(314560K), 0,0088700 secs] 596551K->315486K(1013632K), 0,0089900 secs] [Times: user=0,07 sys=0,00, real=0,01 secs] 
2015-09-01T03:41:10.752+0200: 389658,928: [GC2015-09-01T03:41:10.752+0200: 389658,928: [ParNew: 286904K->8523K(314560K), 0,0102120 secs] 595102K->317612K(1013632K), 0,0103590 secs] [Times: user=0,10 sys=0,00, real=0,01 secs] 
2015-09-01T03:42:09.767+0200: 389717,943: [GC2015-09-01T03:42:09.767+0200: 389717,944: [ParNew: 288139K->10037K(314560K), 0,0107280 secs] 597228K->320041K(1013632K), 0,0108570 secs] [Times: user=0,08 sys=0,00, real=0,01 secs] 
2015-09-01T03:43:08.105+0200: 389776,281: [GC2015-09-01T03:43:08.105+0200: 389776,281: [ParNew: 289653K->8157K(314560K), 0,0101940 secs] 599657K->319093K(1013632K), 0,0103200 secs] [Times: user=0,06 sys=0,00, real=0,00 secs] 
2015-09-01T03:44:06.858+0200: 389835,035: [GC2015-09-01T03:44:06.858+0200: 389835,035: [ParNew: 287773K->10721K(314560K), 0,0112260 secs] 598709K->322591K(1013632K), 0,0113530 secs] [Times: user=0,10 sys=0,00, real=0,01 secs] 
2015-09-01T03:45:05.469+0200: 389893,645: [GC2015-09-01T03:45:05.469+0200: 389893,645: [ParNew: 290337K->7213K(314560K), 0,0109540 secs] 602207K->320004K(1013632K), 0,0110690 secs] [Times: user=0,08 sys=0,00, real=0,01 secs] 
2015-09-01T03:46:04.032+0200: 389952,208: [GC2015-09-01T03:46:04.032+0200: 389952,208: [ParNew: 286829K->8944K(314560K), 0,0117070 secs] 599620K->322748K(1013632K), 0,0118140 secs] [Times: user=0,08 sys=0,00, real=0,01 secs] 
2015-09-01T03:47:02.721+0200: 390010,897: [GC2015-09-01T03:47:02.721+0200: 390010,897: [ParNew: 288560K->8213K(314560K), 0,0114120 secs] 602364K->323033K(1013632K), 0,0115810 secs] [Times: user=0,08 sys=0,00, real=0,01 secs] 
2015-09-01T03:48:01.345+0200: 390069,521: [GC2015-09-01T03:48:01.345+0200: 390069,521: [ParNew: 287829K->7615K(314560K), 0,0110160 secs] 602649K->323364K(1013632K), 0,0111300 secs] [Times: user=0,08 sys=0,00, real=0,00 secs] 
2015-09-01T03:48:59.696+0200: 390127,872: [GC2015-09-01T03:48:59.696+0200: 390127,872: [ParNew: 287231K->8644K(314560K), 0,0122480 secs] 602980K->325333K(1013632K), 0,0123740 secs] [Times: user=0,08 sys=0,00, real=0,02 secs] 
2015-09-01T03:49:58.105+0200: 390186,281: [GC2015-09-01T03:49:58.105+0200: 390186,281: [ParNew: 288260K->9328K(314560K), 0,0120380 secs] 604949K->326968K(1013632K), 0,0121490 secs] [Times: user=0,09 sys=0,00, real=0,01 secs] 
2015-09-01T03:50:56.305+0200: 390244,481: [GC2015-09-01T03:50:56.305+0200: 390244,481: [ParNew: 288944K->9428K(314560K), 0,0107850 secs] 606584K->327997K(1013632K), 0,0109030 secs] [Times: user=0,08 sys=0,00, real=0,00 secs] 
2015-09-01T03:51:54.864+0200: 390303,041: [GC2015-09-01T03:51:54.865+0200: 390303,041: [ParNew: 289044K->8835K(314560K), 0,0112000 secs] 607613K->328325K(1013632K), 0,0113390 secs] [Times: user=0,07 sys=0,00, real=0,00 secs] 
2015-09-01T03:52:53.558+0200: 390361,735: [GC2015-09-01T03:52:53.558+0200: 390361,735: [ParNew: 288451K->8985K(314560K), 0,0109420 secs] 607941K->329403K(1013632K), 0,0110690 secs] [Times: user=0,10 sys=0,00, real=0,01 secs] 
2015-09-01T03:53:52.480+0200: 390420,656: [GC2015-09-01T03:53:52.480+0200: 390420,656: [ParNew: 288601K->9888K(314560K), 0,0107580 secs] 609019K->331270K(1013632K), 0,0108720 secs] [Times: user=0,10 sys=0,00, real=0,01 secs] 
2015-09-01T03:54:51.046+0200: 390479,223: [GC2015-09-01T03:54:51.047+0200: 390479,223: [ParNew: 289504K->9251K(314560K), 0,0107990 secs] 610886K->331659K(1013632K), 0,0109320 secs] [Times: user=0,10 sys=0,00, real=0,01 secs] 
2015-09-01T03:55:49.608+0200: 390537,784: [GC2015-09-01T03:55:49.608+0200: 390537,784: [ParNew: 288867K->10050K(314560K), 0,0125790 secs] 611275K->333503K(1013632K), 0,0127290 secs] [Times: user=0,09 sys=0,00, real=0,01 secs] 
2015-09-01T03:56:47.728+0200: 390595,905: [GC2015-09-01T03:56:47.728+0200: 390595,905: [ParNew: 289666K->7727K(314560K), 0,0111520 secs] 613119K->332121K(1013632K), 0,0112630 secs] [Times: user=0,08 sys=0,00, real=0,01 secs] 
2015-09-01T03:57:46.424+0200: 390654,600: [GC2015-09-01T03:57:46.424+0200: 390654,600: [ParNew: 287343K->7314K(314560K), 0,0111250 secs] 611737K->332651K(1013632K), 0,0112470 secs] [Times: user=0,10 sys=0,00, real=0,01 secs] 
2015-09-01T03:58:44.777+0200: 390712,953: [GC2015-09-01T03:58:44.777+0200: 390712,953: [ParNew: 286930K->9475K(314560K), 0,0109390 secs] 612267K->335748K(1013632K), 0,0110630 secs] [Times: user=0,07 sys=0,01, real=0,01 secs] 
2015-09-01T03:59:43.105+0200: 390771,281: [GC2015-09-01T03:59:43.105+0200: 390771,281: [ParNew: 289091K->8834K(314560K), 0,0121910 secs] 615364K->336065K(1013632K), 0,0123130 secs] [Times: user=0,09 sys=0,00, real=0,01 secs] 
2015-09-01T04:00:41.870+0200: 390830,046: [GC2015-09-01T04:00:41.870+0200: 390830,046: [ParNew: 288450K->9684K(314560K), 0,0114010 secs] 615681K->337849K(1013632K), 0,0115150 secs] [Times: user=0,10 sys=0,00, real=0,01 secs] 
2015-09-01T04:01:40.438+0200: 390888,615: [GC2015-09-01T04:01:40.438+0200: 390888,615: [ParNew: 289300K->9823K(314560K), 0,0118760 secs] 617465K->338935K(1013632K), 0,0120040 secs] [Times: user=0,09 sys=0,00, real=0,01 secs] 
2015-09-01T04:02:38.999+0200: 390947,176: [GC2015-09-01T04:02:38.999+0200: 390947,176: [ParNew: 289439K->9970K(314560K), 0,0162750 secs] 618551K->340096K(1013632K), 0,0163990 secs] [Times: user=0,08 sys=0,00, real=0,01 secs] 
2015-09-01T04:03:37.565+0200: 391005,741: [GC2015-09-01T04:03:37.565+0200: 391005,741: [ParNew: 289586K->8489K(314560K), 0,0118840 secs] 619712K->339646K(1013632K), 0,0120000 secs] [Times: user=0,07 sys=0,00, real=0,01 secs] 
2015-09-01T04:04:36.056+0200: 391064,232: [GC2015-09-01T04:04:36.056+0200: 391064,232: [ParNew: 288105K->8502K(314560K), 0,0097060 secs] 619262K->340594K(1013632K), 0,0098230 secs] [Times: user=0,09 sys=0,00, real=0,02 secs] 
2015-09-01T04:05:34.996+0200: 391123,173: [GC2015-09-01T04:05:34.996+0200: 391123,173: [ParNew: 288118K->8744K(314560K), 0,0137930 secs] 620210K->341785K(1013632K), 0,0139280 secs] [Times: user=0,10 sys=0,00, real=0,02 secs] 
2015-09-01T04:06:33.732+0200: 391181,908: [GC2015-09-01T04:06:33.732+0200: 391181,908: [ParNew: 288360K->8695K(314560K), 0,0116530 secs] 621401K->342677K(1013632K), 0,0117620 secs] [Times: user=0,08 sys=0,00, real=0,01 secs] 
2015-09-01T04:07:32.188+0200: 391240,364: [GC2015-09-01T04:07:32.188+0200: 391240,364: [ParNew: 288311K->8791K(314560K), 0,0117930 secs] 622293K->343726K(1013632K), 0,0119180 secs] [Times: user=0,08 sys=0,00, real=0,01 secs] 
2015-09-01T04:08:30.194+0200: 391298,371: [GC2015-09-01T04:08:30.194+0200: 391298,371: [ParNew: 288407K->10378K(314560K), 0,0096650 secs] 623342K->346262K(1013632K), 0,0097920 secs] [Times: user=0,07 sys=0,00, real=0,01 secs] 
2015-09-01T04:09:28.901+0200: 391357,077: [GC2015-09-01T04:09:28.901+0200: 391357,078: [ParNew: 289994K->8415K(314560K), 0,0105920 secs] 625878K->345240K(1013632K), 0,0106990 secs] [Times: user=0,07 sys=0,00, real=0,01 secs] 
2015-09-01T04:10:27.463+0200: 391415,640: [GC2015-09-01T04:10:27.463+0200: 391415,640: [ParNew: 288031K->11040K(314560K), 0,0113970 secs] 624856K->348835K(1013632K), 0,0115320 secs] [Times: user=0,10 sys=0,00, real=0,01 secs] 
2015-09-01T04:11:26.030+0200: 391474,207: [GC2015-09-01T04:11:26.030+0200: 391474,207: [ParNew: 290656K->8779K(314560K), 0,0188220 secs] 628451K->347600K(1013632K), 0,0189490 secs] [Times: user=0,12 sys=0,00, real=0,02 secs] 
2015-09-01T04:12:24.397+0200: 391532,574: [GC2015-09-01T04:12:24.397+0200: 391532,574: [ParNew: 288395K->10438K(314560K), 0,0112430 secs] 627216K->350301K(1013632K), 0,0113670 secs] [Times: user=0,08 sys=0,00, real=0,01 secs] 
2015-09-01T04:13:22.847+0200: 391591,023: [GC2015-09-01T04:13:22.847+0200: 391591,023: [ParNew: 290054K->6956K(314560K), 0,0113090 secs] 629917K->347760K(1013632K), 0,0114530 secs] [Times: user=0,09 sys=0,00, real=0,01 secs] 
2015-09-01T04:14:21.750+0200: 391649,927: [GC2015-09-01T04:14:21.750+0200: 391649,927: [ParNew: 286572K->9799K(314560K), 0,0106350 secs] 627376K->351533K(1013632K), 0,0107600 secs] [Times: user=0,08 sys=0,00, real=0,01 secs] 
2015-09-01T04:15:20.523+0200: 391708,700: [GC2015-09-01T04:15:20.523+0200: 391708,700: [ParNew: 289415K->7420K(314560K), 0,0109550 secs] 631149K->350104K(1013632K), 0,0110770 secs] [Times: user=0,10 sys=0,00, real=0,01 secs] 
2015-09-01T04:16:19.302+0200: 391767,478: [GC2015-09-01T04:16:19.302+0200: 391767,478: [ParNew: 287036K->9962K(314560K), 0,0111340 secs] 629720K->353593K(1013632K), 0,0112590 secs] [Times: user=0,10 sys=0,00, real=0,01 secs] 
2015-09-01T04:17:17.847+0200: 391826,023: [GC2015-09-01T04:17:17.847+0200: 391826,023: [ParNew: 289578K->9484K(314560K), 0,0113300 secs] 633209K->354067K(1013632K), 0,0114330 secs] [Times: user=0,07 sys=0,00, real=0,01 secs] 
2015-09-01T04:18:16.412+0200: 391884,589: [GC2015-09-01T04:18:16.412+0200: 391884,589: [ParNew: 289100K->9051K(314560K), 0,0117660 secs] 633683K->354578K(1013632K), 0,0118970 secs] [Times: user=0,08 sys=0,00, real=0,01 secs] 
2015-09-01T04:19:14.974+0200: 391943,151: [GC2015-09-01T04:19:14.975+0200: 391943,151: [ParNew: 288667K->9230K(314560K), 0,0112470 secs] 634194K->355761K(1013632K), 0,0113660 secs] [Times: user=0,10 sys=0,00, real=0,02 secs] 
2015-09-01T04:20:13.545+0200: 392001,721: [GC2015-09-01T04:20:13.545+0200: 392001,721: [ParNew: 288846K->8531K(314560K), 0,0114720 secs] 635377K->356091K(1013632K), 0,0116060 secs] [Times: user=0,08 sys=0,00, real=0,01 secs] 
2015-09-01T04:21:12.518+0200: 392060,695: [GC2015-09-01T04:21:12.518+0200: 392060,695: [ParNew: 288147K->8566K(314560K), 0,0112860 secs] 635707K->357085K(1013632K), 0,0114130 secs] [Times: user=0,09 sys=0,00, real=0,01 secs] 
2015-09-01T04:22:11.058+0200: 392119,235: [GC2015-09-01T04:22:11.058+0200: 392119,235: [ParNew: 288182K->8798K(314560K), 0,0115320 secs] 636701K->358270K(1013632K), 0,0116520 secs] [Times: user=0,09 sys=0,00, real=0,01 secs] 
2015-09-01T04:23:09.952+0200: 392178,129: [GC2015-09-01T04:23:09.952+0200: 392178,129: [ParNew: 288414K->8746K(314560K), 0,0106570 secs] 637886K->359171K(1013632K), 0,0107750 secs] [Times: user=0,07 sys=0,00, real=0,01 secs] 
2015-09-01T04:24:08.105+0200: 392236,281: [GC2015-09-01T04:24:08.105+0200: 392236,281: [ParNew: 288362K->8836K(314560K), 0,0107140 secs] 638787K->360215K(1013632K), 0,0108210 secs] [Times: user=0,08 sys=0,00, real=0,00 secs] 
2015-09-01T04:25:06.714+0200: 392294,890: [GC2015-09-01T04:25:06.714+0200: 392294,890: [ParNew: 288452K->9715K(314560K), 0,0115020 secs] 639831K->362039K(1013632K), 0,0116330 secs] [Times: user=0,09 sys=0,00, real=0,02 secs] 
2015-09-01T04:26:04.969+0200: 392353,145: [GC2015-09-01T04:26:04.969+0200: 392353,146: [ParNew: 289331K->9556K(314560K), 0,0114850 secs] 641655K->362838K(1013632K), 0,0116250 secs] [Times: user=0,07 sys=0,01, real=0,01 secs] 
2015-09-01T04:27:03.022+0200: 392411,199: [GC2015-09-01T04:27:03.022+0200: 392411,199: [ParNew: 289172K->8520K(314560K), 0,0110890 secs] 642454K->362777K(1013632K), 0,0112070 secs] [Times: user=0,10 sys=0,00, real=0,01 secs] 
2015-09-01T04:28:01.077+0200: 392469,254: [GC2015-09-01T04:28:01.077+0200: 392469,254: [ParNew: 288136K->9355K(314560K), 0,0118840 secs] 642393K->364644K(1013632K), 0,0120120 secs] [Times: user=0,10 sys=0,00, real=0,01 secs] 
2015-09-01T04:28:59.726+0200: 392527,903: [GC2015-09-01T04:28:59.726+0200: 392527,903: [ParNew: 288971K->7914K(314560K), 0,0110620 secs] 644260K->364252K(1013632K), 0,0111970 secs] [Times: user=0,09 sys=0,00, real=0,01 secs] 
2015-09-01T04:29:57.700+0200: 392585,877: [GC2015-09-01T04:29:57.701+0200: 392585,877: [ParNew: 287530K->5698K(314560K), 0,0107690 secs] 643868K->363001K(1013632K), 0,0108760 secs] [Times: user=0,07 sys=0,00, real=0,01 secs] 
2015-09-01T04:30:56.626+0200: 392644,802: [GC2015-09-01T04:30:56.626+0200: 392644,802: [ParNew: 285314K->5045K(314560K), 0,0095960 secs] 642617K->363347K(1013632K), 0,0097140 secs] [Times: user=0,07 sys=0,00, real=0,00 secs] 
2015-09-01T04:31:55.231+0200: 392703,407: [GC2015-09-01T04:31:55.231+0200: 392703,407: [ParNew: 284661K->4375K(314560K), 0,0076910 secs] 642963K->363186K(1013632K), 0,0078000 secs] [Times: user=0,06 sys=0,00, real=0,01 secs] 
2015-09-01T04:32:53.737+0200: 392761,913: [GC2015-09-01T04:32:53.737+0200: 392761,913: [ParNew: 283991K->3966K(314560K), 0,0080210 secs] 642802K->363781K(1013632K), 0,0081360 secs] [Times: user=0,04 sys=0,00, real=0,01 secs] 
2015-09-01T04:33:52.299+0200: 392820,476: [GC2015-09-01T04:33:52.299+0200: 392820,476: [ParNew: 283582K->3386K(314560K), 0,0066700 secs] 643397K->363665K(1013632K), 0,0067790 secs] [Times: user=0,06 sys=0,00, real=0,01 secs] 
2015-09-01T04:34:50.857+0200: 392879,033: [GC2015-09-01T04:34:50.857+0200: 392879,033: [ParNew: 283002K->4931K(314560K), 0,0066130 secs] 643281K->365370K(1013632K), 0,0067280 secs] [Times: user=0,04 sys=0,00, real=0,00 secs] 
2015-09-01T04:35:49.401+0200: 392937,577: [GC2015-09-01T04:35:49.401+0200: 392937,577: [ParNew: 284547K->6215K(314560K), 0,0062430 secs] 644986K->366830K(1013632K), 0,0063690 secs] [Times: user=0,04 sys=0,00, real=0,01 secs] 
2015-09-01T04:36:48.105+0200: 392996,281: [GC2015-09-01T04:36:48.105+0200: 392996,281: [ParNew: 285831K->6246K(314560K), 0,0059310 secs] 646446K->367159K(1013632K), 0,0060310 secs] [Times: user=0,03 sys=0,01, real=0,00 secs] 
2015-09-01T04:37:47.003+0200: 393055,180: [GC2015-09-01T04:37:47.003+0200: 393055,180: [ParNew: 285862K->8007K(314560K), 0,0091480 secs] 646775K->369360K(1013632K), 0,0092950 secs] [Times: user=0,06 sys=0,00, real=0,01 secs] 
2015-09-01T04:38:45.524+0200: 393113,701: [GC2015-09-01T04:38:45.524+0200: 393113,701: [ParNew: 287623K->7723K(314560K), 0,0097770 secs] 648976K->369594K(1013632K), 0,0099030 secs] [Times: user=0,07 sys=0,00, real=0,01 secs] 
2015-09-01T04:39:44.462+0200: 393172,639: [GC2015-09-01T04:39:44.462+0200: 393172,639: [ParNew: 287339K->8424K(314560K), 0,0102410 secs] 649210K->370917K(1013632K), 0,0103630 secs] [Times: user=0,06 sys=0,00, real=0,01 secs] 
2015-09-01T04:40:43.105+0200: 393231,281: [GC2015-09-01T04:40:43.105+0200: 393231,281: [ParNew: 288040K->9107K(314560K), 0,0108130 secs] 650533K->372436K(1013632K), 0,0109340 secs] [Times: user=0,07 sys=0,00, real=0,00 secs] 
2015-09-01T04:41:41.656+0200: 393289,832: [GC2015-09-01T04:41:41.656+0200: 393289,832: [ParNew: 288723K->8047K(314560K), 0,0114270 secs] 652052K->372308K(1013632K), 0,0115410 secs] [Times: user=0,09 sys=0,00, real=0,02 secs] 
2015-09-01T04:42:40.281+0200: 393348,458: [GC2015-09-01T04:42:40.282+0200: 393348,458: [ParNew: 287663K->8222K(314560K), 0,0112690 secs] 651924K->373424K(1013632K), 0,0114010 secs] [Times: user=0,07 sys=0,01, real=0,01 secs] 
2015-09-01T04:43:39.096+0200: 393407,273: [GC2015-09-01T04:43:39.096+0200: 393407,273: [ParNew: 287838K->8357K(314560K), 0,0114530 secs] 653040K->374505K(1013632K), 0,0115880 secs] [Times: user=0,07 sys=0,00, real=0,01 secs] 
2015-09-01T04:44:37.762+0200: 393465,939: [GC2015-09-01T04:44:37.762+0200: 393465,939: [ParNew: 287973K->8486K(314560K), 0,0116240 secs] 654121K->375672K(1013632K), 0,0117380 secs] [Times: user=0,09 sys=0,00, real=0,01 secs] 
2015-09-01T04:45:36.448+0200: 393524,625: [GC2015-09-01T04:45:36.448+0200: 393524,625: [ParNew: 288102K->9279K(314560K), 0,0118310 secs] 655288K->377510K(1013632K), 0,0119530 secs] [Times: user=0,08 sys=0,01, real=0,01 secs] 
2015-09-01T04:46:35.009+0200: 393583,185: [GC2015-09-01T04:46:35.009+0200: 393583,185: [ParNew: 288895K->10058K(314560K), 0,0131800 secs] 657126K->379234K(1013632K), 0,0132870 secs] [Times: user=0,09 sys=0,00, real=0,01 secs] 
2015-09-01T04:47:33.915+0200: 393642,092: [GC2015-09-01T04:47:33.915+0200: 393642,092: [ParNew: 289674K->7392K(314560K), 0,0110980 secs] 658850K->377503K(1013632K), 0,0112160 secs] [Times: user=0,10 sys=0,00, real=0,02 secs] 
2015-09-01T04:48:32.847+0200: 393701,023: [GC2015-09-01T04:48:32.847+0200: 393701,023: [ParNew: 287008K->9260K(314560K), 0,0108430 secs] 657119K->380315K(1013632K), 0,0109680 secs] [Times: user=0,09 sys=0,00, real=0,01 secs] 
2015-09-01T04:49:30.760+0200: 393758,936: [GC2015-09-01T04:49:30.760+0200: 393758,936: [ParNew: 288876K->9370K(314560K), 0,0115870 secs] 659931K->381380K(1013632K), 0,0117010 secs] [Times: user=0,07 sys=0,01, real=0,01 secs] 
2015-09-01T04:50:29.548+0200: 393817,724: [GC2015-09-01T04:50:29.548+0200: 393817,724: [ParNew: 288986K->8179K(314560K), 0,0122410 secs] 660996K->381126K(1013632K), 0,0123680 secs] [Times: user=0,10 sys=0,00, real=0,01 secs] 
2015-09-01T04:51:28.094+0200: 393876,270: [GC2015-09-01T04:51:28.094+0200: 393876,270: [ParNew: 287795K->9106K(314560K), 0,0110780 secs] 660742K->383009K(1013632K), 0,0111930 secs] [Times: user=0,06 sys=0,01, real=0,02 secs] 
2015-09-01T04:52:26.824+0200: 393935,001: [GC2015-09-01T04:52:26.824+0200: 393935,001: [ParNew: 288722K->9249K(314560K), 0,0121890 secs] 662625K->384147K(1013632K), 0,0123080 secs] [Times: user=0,07 sys=0,00, real=0,02 secs] 
2015-09-01T04:53:25.684+0200: 393993,860: [GC2015-09-01T04:53:25.684+0200: 393993,860: [ParNew: 288865K->8555K(314560K), 0,0115740 secs] 663763K->384487K(1013632K), 0,0117050 secs] [Times: user=0,11 sys=0,00, real=0,01 secs] 
2015-09-01T04:54:24.240+0200: 394052,416: [GC2015-09-01T04:54:24.240+0200: 394052,416: [ParNew: 288171K->8592K(314560K), 0,0107950 secs] 664103K->385485K(1013632K), 0,0109180 secs] [Times: user=0,09 sys=0,00, real=0,01 secs] 
2015-09-01T04:55:22.625+0200: 394110,801: [GC2015-09-01T04:55:22.625+0200: 394110,802: [ParNew: 288208K->8071K(314560K), 0,0115220 secs] 665101K->385915K(1013632K), 0,0116400 secs] [Times: user=0,08 sys=0,00, real=0,01 secs] 
2015-09-01T04:56:21.033+0200: 394169,209: [GC2015-09-01T04:56:21.033+0200: 394169,209: [ParNew: 287687K->8747K(314560K), 0,0108180 secs] 665531K->387548K(1013632K), 0,0109370 secs] [Times: user=0,05 sys=0,00, real=0,01 secs] 
2015-09-01T04:57:19.595+0200: 394227,771: [GC2015-09-01T04:57:19.595+0200: 394227,771: [ParNew: 288363K->8806K(314560K), 0,0109900 secs] 667164K->388566K(1013632K), 0,0111060 secs] [Times: user=0,09 sys=0,00, real=0,02 secs] 
2015-09-01T04:58:18.105+0200: 394286,281: [GC2015-09-01T04:58:18.105+0200: 394286,281: [ParNew: 288422K->9640K(314560K), 0,0109930 secs] 668182K->390348K(1013632K), 0,0111110 secs] [Times: user=0,07 sys=0,01, real=0,00 secs] 
2015-09-01T04:59:16.458+0200: 394344,634: [GC2015-09-01T04:59:16.458+0200: 394344,634: [ParNew: 289256K->10502K(314560K), 0,0119180 secs] 669964K->392171K(1013632K), 0,0120390 secs] [Times: user=0,08 sys=0,00, real=0,01 secs] 
2015-09-01T05:00:15.260+0200: 394403,436: [GC2015-09-01T05:00:15.260+0200: 394403,436: [ParNew: 290118K->8053K(314560K), 0,0114200 secs] 671787K->390683K(1013632K), 0,0115380 secs] [Times: user=0,09 sys=0,00, real=0,01 secs] 
2015-09-01T05:01:13.855+0200: 394462,032: [GC2015-09-01T05:01:13.855+0200: 394462,032: [ParNew: 287669K->8392K(314560K), 0,0181720 secs] 670299K->392049K(1013632K), 0,0182970 secs] [Times: user=0,08 sys=0,00, real=0,02 secs] 
2015-09-01T05:02:12.600+0200: 394520,777: [GC2015-09-01T05:02:12.600+0200: 394520,777: [ParNew: 288008K->9081K(314560K), 0,0125730 secs] 671665K->393765K(1013632K), 0,0126870 secs] [Times: user=0,06 sys=0,00, real=0,01 secs] 
2015-09-01T05:03:10.919+0200: 394579,096: [GC2015-09-01T05:03:10.919+0200: 394579,096: [ParNew: 288697K->8487K(314560K), 0,0111350 secs] 673381K->394115K(1013632K), 0,0112800 secs] [Times: user=0,08 sys=0,00, real=0,01 secs] 
2015-09-01T05:04:09.662+0200: 394637,839: [GC2015-09-01T05:04:09.662+0200: 394637,839: [ParNew: 288103K->8797K(314560K), 0,0115320 secs] 673731K->395360K(1013632K), 0,0116730 secs] [Times: user=0,08 sys=0,00, real=0,01 secs] 
2015-09-01T05:05:08.030+0200: 394696,206: [GC2015-09-01T05:05:08.030+0200: 394696,206: [ParNew: 288413K->9524K(314560K), 0,0118940 secs] 674976K->397043K(1013632K), 0,0120100 secs] [Times: user=0,08 sys=0,00, real=0,01 secs] 
2015-09-01T05:06:06.597+0200: 394754,773: [GC2015-09-01T05:06:06.597+0200: 394754,774: [ParNew: 289140K->9617K(314560K), 0,0115300 secs] 676659K->398102K(1013632K), 0,0116650 secs] [Times: user=0,09 sys=0,00, real=0,01 secs] 
2015-09-01T05:07:05.471+0200: 394813,647: [GC2015-09-01T05:07:05.471+0200: 394813,647: [ParNew: 289233K->9724K(314560K), 0,0103780 secs] 677718K->399159K(1013632K), 0,0104950 secs] [Times: user=0,08 sys=0,00, real=0,01 secs] 
2015-09-01T05:08:04.207+0200: 394872,383: [GC2015-09-01T05:08:04.207+0200: 394872,383: [ParNew: 289340K->11370K(314560K), 0,0146790 secs] 678775K->401748K(1013632K), 0,0147810 secs] [Times: user=0,12 sys=0,00, real=0,01 secs] 
2015-09-01T05:09:02.776+0200: 394930,952: [GC2015-09-01T05:09:02.776+0200: 394930,952: [ParNew: 290986K->8141K(314560K), 0,0128170 secs] 681364K->399526K(1013632K), 0,0129390 secs] [Times: user=0,08 sys=0,00, real=0,02 secs] 
2015-09-01T05:10:01.657+0200: 394989,834: [GC2015-09-01T05:10:01.657+0200: 394989,834: [ParNew: 287757K->9827K(314560K), 0,0149790 secs] 679142K->402247K(1013632K), 0,0150660 secs] [Times: user=0,09 sys=0,00, real=0,01 secs] 
2015-09-01T05:11:00.390+0200: 395048,566: [GC2015-09-01T05:11:00.390+0200: 395048,566: [ParNew: 289443K->7577K(314560K), 0,0112650 secs] 681863K->400946K(1013632K), 0,0113940 secs] [Times: user=0,09 sys=0,00, real=0,01 secs] 
2015-09-01T05:11:59.008+0200: 395107,185: [GC2015-09-01T05:11:59.008+0200: 395107,185: [ParNew: 287193K->7968K(314560K), 0,0163160 secs] 680562K->402288K(1013632K), 0,0164260 secs] [Times: user=0,08 sys=0,00, real=0,02 secs] 
2015-09-01T05:12:57.501+0200: 395165,677: [GC2015-09-01T05:12:57.501+0200: 395165,677: [ParNew: 287584K->8676K(314560K), 0,0112140 secs] 681904K->403945K(1013632K), 0,0113230 secs] [Times: user=0,06 sys=0,00, real=0,01 secs] 
2015-09-01T05:13:56.061+0200: 395224,237: [GC2015-09-01T05:13:56.061+0200: 395224,237: [ParNew: 288292K->9510K(314560K), 0,0129350 secs] 683561K->405719K(1013632K), 0,0130990 secs] [Times: user=0,08 sys=0,00, real=0,01 secs] 
2015-09-01T05:14:54.525+0200: 395282,701: [GC2015-09-01T05:14:54.525+0200: 395282,701: [ParNew: 289126K->8914K(314560K), 0,0111640 secs] 685335K->406080K(1013632K), 0,0112830 secs] [Times: user=0,07 sys=0,01, real=0,00 secs] 
2015-09-01T05:15:53.105+0200: 395341,281: [GC2015-09-01T05:15:53.105+0200: 395341,281: [ParNew: 288530K->9789K(314560K), 0,0098950 secs] 685696K->407902K(1013632K), 0,0100100 secs] [Times: user=0,08 sys=0,00, real=0,00 secs] 
2015-09-01T05:16:51.726+0200: 395399,902: [GC2015-09-01T05:16:51.726+0200: 395399,902: [ParNew: 289405K->9933K(314560K), 0,0113730 secs] 687518K->409002K(1013632K), 0,0114780 secs] [Times: user=0,09 sys=0,00, real=0,01 secs] 
2015-09-01T05:17:50.288+0200: 395458,464: [GC2015-09-01T05:17:50.288+0200: 395458,464: [ParNew: 289549K->9297K(314560K), 0,0115580 secs] 688618K->409394K(1013632K), 0,0116910 secs] [Times: user=0,08 sys=0,00, real=0,01 secs] 
2015-09-01T05:18:49.043+0200: 395517,219: [GC2015-09-01T05:18:49.043+0200: 395517,219: [ParNew: 288913K->9349K(314560K), 0,0094090 secs] 689010K->410494K(1013632K), 0,0095390 secs] [Times: user=0,06 sys=0,00, real=0,01 secs] 
2015-09-01T05:19:47.297+0200: 395575,473: [GC2015-09-01T05:19:47.297+0200: 395575,474: [ParNew: 288965K->9333K(314560K), 0,0125950 secs] 690110K->411428K(1013632K), 0,0127000 secs] [Times: user=0,08 sys=0,00, real=0,01 secs] 
2015-09-01T05:20:46.183+0200: 395634,359: [GC2015-09-01T05:20:46.183+0200: 395634,359: [ParNew: 288949K->8058K(314560K), 0,0104070 secs] 691044K->411107K(1013632K), 0,0105500 secs] [Times: user=0,10 sys=0,00, real=0,01 secs] 
2015-09-01T05:21:45.134+0200: 395693,310: [GC2015-09-01T05:21:45.134+0200: 395693,310: [ParNew: 287674K->9488K(314560K), 0,0102580 secs] 690723K->413488K(1013632K), 0,0103670 secs] [Times: user=0,07 sys=0,00, real=0,01 secs] 
2015-09-01T05:22:43.481+0200: 395751,657: [GC2015-09-01T05:22:43.481+0200: 395751,657: [ParNew: 289104K->8843K(314560K), 0,0100250 secs] 693104K->413799K(1013632K), 0,0101460 secs] [Times: user=0,07 sys=0,00, real=0,01 secs] 
2015-09-01T05:23:42.106+0200: 395810,282: [GC2015-09-01T05:23:42.106+0200: 395810,282: [ParNew: 288459K->9689K(314560K), 0,0117970 secs] 693415K->415601K(1013632K), 0,0119090 secs] [Times: user=0,09 sys=0,00, real=0,01 secs] 
2015-09-01T05:24:40.668+0200: 395868,845: [GC2015-09-01T05:24:40.668+0200: 395868,845: [ParNew: 289305K->9049K(314560K), 0,0113720 secs] 695217K->415894K(1013632K), 0,0114950 secs] [Times: user=0,08 sys=0,00, real=0,01 secs] 
2015-09-01T05:25:38.993+0200: 395927,169: [GC2015-09-01T05:25:38.993+0200: 395927,169: [ParNew: 288665K->9944K(314560K), 0,0248670 secs] 695510K->417775K(1013632K), 0,0249820 secs] [Times: user=0,11 sys=0,00, real=0,03 secs] 
2015-09-01T05:26:37.505+0200: 395985,682: [GC2015-09-01T05:26:37.505+0200: 395985,682: [ParNew: 289560K->10220K(314560K), 0,0120050 secs] 697391K->419099K(1013632K), 0,0121350 secs] [Times: user=0,10 sys=0,00, real=0,01 secs] 
2015-09-01T05:27:36.156+0200: 396044,333: [GC2015-09-01T05:27:36.156+0200: 396044,333: [ParNew: 289836K->10344K(314560K), 0,0126840 secs] 698715K->420259K(1013632K), 0,0128350 secs] [Times: user=0,10 sys=0,00, real=0,01 secs] 
2015-09-01T05:28:34.889+0200: 396103,066: [GC2015-09-01T05:28:34.889+0200: 396103,066: [ParNew: 289960K->6634K(314560K), 0,0104560 secs] 699875K->417493K(1013632K), 0,0105740 secs] [Times: user=0,08 sys=0,00, real=0,01 secs] 
2015-09-01T05:29:33.354+0200: 396161,531: [GC2015-09-01T05:29:33.354+0200: 396161,531: [ParNew: 286250K->6380K(314560K), 0,0103260 secs] 697109K->418182K(1013632K), 0,0104290 secs] [Times: user=0,07 sys=0,00, real=0,02 secs] 
2015-09-01T05:30:31.330+0200: 396219,506: [GC2015-09-01T05:30:31.330+0200: 396219,507: [ParNew: 285996K->4857K(314560K), 0,0076090 secs] 697798K->417599K(1013632K), 0,0077210 secs] [Times: user=0,07 sys=0,00, real=0,01 secs] 
2015-09-01T05:31:29.842+0200: 396278,018: [GC2015-09-01T05:31:29.842+0200: 396278,018: [ParNew: 284473K->5015K(314560K), 0,0079990 secs] 697215K->418495K(1013632K), 0,0081170 secs] [Times: user=0,06 sys=0,00, real=0,01 secs] 
2015-09-01T05:32:28.605+0200: 396336,781: [GC2015-09-01T05:32:28.605+0200: 396336,781: [ParNew: 284631K->4145K(314560K), 0,0081340 secs] 698111K->418628K(1013632K), 0,0082580 secs] [Times: user=0,05 sys=0,01, real=0,00 secs] 
2015-09-01T05:33:27.164+0200: 396395,341: [GC2015-09-01T05:33:27.164+0200: 396395,341: [ParNew: 283761K->4390K(314560K), 0,0074570 secs] 698244K->419547K(1013632K), 0,0075880 secs] [Times: user=0,05 sys=0,00, real=0,01 secs] 
2015-09-01T05:34:25.721+0200: 396453,898: [GC2015-09-01T05:34:25.721+0200: 396453,898: [ParNew: 284006K->4087K(314560K), 0,0059750 secs] 699163K->419391K(1013632K), 0,0061000 secs] [Times: user=0,03 sys=0,01, real=0,01 secs] 
2015-09-01T05:35:24.022+0200: 396512,199: [GC2015-09-01T05:35:24.022+0200: 396512,199: [ParNew: 283703K->5434K(314560K), 0,0068650 secs] 699007K->420989K(1013632K), 0,0069720 secs] [Times: user=0,06 sys=0,00, real=0,01 secs] 
2015-09-01T05:36:22.625+0200: 396570,801: [GC2015-09-01T05:36:22.625+0200: 396570,802: [ParNew: 285050K->5800K(314560K), 0,0068830 secs] 700605K->421486K(1013632K), 0,0070070 secs] [Times: user=0,04 sys=0,00, real=0,00 secs] 
2015-09-01T05:37:21.747+0200: 396629,924: [GC2015-09-01T05:37:21.747+0200: 396629,924: [ParNew: 285416K->8047K(314560K), 0,0080230 secs] 701102K->423970K(1013632K), 0,0081380 secs] [Times: user=0,07 sys=0,00, real=0,00 secs] 
2015-09-01T05:38:20.144+0200: 396688,320: [GC2015-09-01T05:38:20.144+0200: 396688,320: [ParNew: 287663K->9461K(314560K), 0,0093810 secs] 703586K->425877K(1013632K), 0,0095220 secs] [Times: user=0,08 sys=0,00, real=0,01 secs] 
2015-09-01T05:39:18.895+0200: 396747,072: [GC2015-09-01T05:39:18.895+0200: 396747,072: [ParNew: 289077K->7297K(314560K), 0,0144090 secs] 705493K->424368K(1013632K), 0,0145230 secs] [Times: user=0,11 sys=0,00, real=0,02 secs] 
2015-09-01T05:40:17.523+0200: 396805,700: [GC2015-09-01T05:40:17.524+0200: 396805,700: [ParNew: 286913K->9114K(314560K), 0,0105650 secs] 703984K->427066K(1013632K), 0,0106850 secs] [Times: user=0,09 sys=0,00, real=0,01 secs] 
2015-09-01T05:41:16.087+0200: 396864,263: [GC2015-09-01T05:41:16.087+0200: 396864,263: [ParNew: 288730K->8725K(314560K), 0,0109230 secs] 706682K->427599K(1013632K), 0,0110580 secs] [Times: user=0,11 sys=0,00, real=0,01 secs] 
2015-09-01T05:42:14.323+0200: 396922,499: [GC2015-09-01T05:42:14.323+0200: 396922,499: [ParNew: 288341K->9075K(314560K), 0,0114090 secs] 707215K->428915K(1013632K), 0,0115290 secs] [Times: user=0,09 sys=0,00, real=0,01 secs] 
2015-09-01T05:43:12.709+0200: 396980,886: [GC2015-09-01T05:43:12.709+0200: 396980,886: [ParNew: 288691K->8458K(314560K), 0,0120830 secs] 708531K->429335K(1013632K), 0,0122110 secs] [Times: user=0,09 sys=0,00, real=0,01 secs] 
2015-09-01T05:44:11.568+0200: 397039,744: [GC2015-09-01T05:44:11.568+0200: 397039,745: [ParNew: 288074K->10040K(314560K), 0,0116010 secs] 708951K->431943K(1013632K), 0,0117190 secs] [Times: user=0,10 sys=0,00, real=0,01 secs] 
2015-09-01T05:45:09.998+0200: 397098,174: [GC2015-09-01T05:45:09.998+0200: 397098,174: [ParNew: 289656K->9300K(314560K), 0,0125930 secs] 711559K->432142K(1013632K), 0,0126990 secs] [Times: user=0,08 sys=0,00, real=0,01 secs] 
2015-09-01T05:46:08.198+0200: 397156,375: [GC2015-09-01T05:46:08.198+0200: 397156,375: [ParNew: 288916K->9537K(314560K), 0,0115350 secs] 711758K->433332K(1013632K), 0,0116700 secs] [Times: user=0,09 sys=0,00, real=0,01 secs] 
2015-09-01T05:47:07.169+0200: 397215,346: [GC2015-09-01T05:47:07.169+0200: 397215,346: [ParNew: 289153K->8747K(314560K), 0,0101830 secs] 712948K->433490K(1013632K), 0,0102930 secs] [Times: user=0,07 sys=0,00, real=0,01 secs] 
2015-09-01T05:48:05.838+0200: 397274,015: [GC2015-09-01T05:48:05.838+0200: 397274,015: [ParNew: 288363K->9584K(314560K), 0,0107920 secs] 713106K->435262K(1013632K), 0,0109020 secs] [Times: user=0,09 sys=0,00, real=0,01 secs] 
2015-09-01T05:49:04.387+0200: 397332,564: [GC2015-09-01T05:49:04.387+0200: 397332,564: [ParNew: 289200K->9710K(314560K), 0,0110700 secs] 714878K->436340K(1013632K), 0,0111960 secs] [Times: user=0,10 sys=0,00, real=0,01 secs] 
2015-09-01T05:50:02.647+0200: 397390,823: [GC2015-09-01T05:50:02.647+0200: 397390,823: [ParNew: 289326K->9844K(314560K), 0,0125380 secs] 715956K->437430K(1013632K), 0,0126590 secs] [Times: user=0,10 sys=0,00, real=0,01 secs] 
2015-09-01T05:51:01.299+0200: 397449,475: [GC2015-09-01T05:51:01.299+0200: 397449,475: [ParNew: 289460K->8437K(314560K), 0,0115460 secs] 717046K->437026K(1013632K), 0,0116620 secs] [Times: user=0,08 sys=0,00, real=0,01 secs] 
2015-09-01T05:51:59.846+0200: 397508,023: [GC2015-09-01T05:51:59.846+0200: 397508,023: [ParNew: 288053K->10056K(314560K), 0,0113250 secs] 716642K->439662K(1013632K), 0,0114430 secs] [Times: user=0,10 sys=0,00, real=0,01 secs] 
2015-09-01T05:52:58.105+0200: 397566,281: [GC2015-09-01T05:52:58.105+0200: 397566,281: [ParNew: 289672K->7758K(314560K), 0,0108920 secs] 719278K->438327K(1013632K), 0,0110010 secs] [Times: user=0,07 sys=0,00, real=0,00 secs] 
2015-09-01T05:53:56.812+0200: 397624,989: [GC2015-09-01T05:53:56.812+0200: 397624,989: [ParNew: 287374K->8029K(314560K), 0,0109200 secs] 717943K->439531K(1013632K), 0,0110390 secs] [Times: user=0,08 sys=0,01, real=0,01 secs] 
2015-09-01T05:54:55.492+0200: 397683,668: [GC2015-09-01T05:54:55.492+0200: 397683,668: [ParNew: 287645K->7995K(314560K), 0,0145620 secs] 719147K->440450K(1013632K), 0,0146870 secs] [Times: user=0,12 sys=0,00, real=0,02 secs] 
2015-09-01T05:55:54.042+0200: 397742,219: [GC2015-09-01T05:55:54.042+0200: 397742,219: [ParNew: 287611K->8792K(314560K), 0,0117640 secs] 720066K->442191K(1013632K), 0,0118740 secs] [Times: user=0,08 sys=0,00, real=0,01 secs] 
2015-09-01T05:56:52.790+0200: 397800,967: [GC2015-09-01T05:56:52.790+0200: 397800,967: [ParNew: 288408K->10372K(314560K), 0,0108260 secs] 721807K->444732K(1013632K), 0,0109370 secs] [Times: user=0,09 sys=0,00, real=0,01 secs] 
2015-09-01T05:57:51.337+0200: 397859,514: [GC2015-09-01T05:57:51.337+0200: 397859,514: [ParNew: 289988K->7487K(314560K), 0,0111220 secs] 724348K->442782K(1013632K), 0,0112450 secs] [Times: user=0,08 sys=0,00, real=0,01 secs] 
2015-09-01T05:58:49.994+0200: 397918,171: [GC2015-09-01T05:58:49.994+0200: 397918,171: [ParNew: 287103K->8992K(314560K), 0,0183910 secs] 722398K->445266K(1013632K), 0,0185290 secs] [Times: user=0,09 sys=0,00, real=0,02 secs] 
2015-09-01T05:59:48.559+0200: 397976,736: [GC2015-09-01T05:59:48.559+0200: 397976,736: [ParNew: 288608K->9039K(314560K), 0,0116250 secs] 724882K->446339K(1013632K), 0,0117460 secs] [Times: user=0,10 sys=0,00, real=0,01 secs] 
2015-09-01T06:00:47.082+0200: 398035,258: [GC2015-09-01T06:00:47.082+0200: 398035,258: [ParNew: 288655K->9228K(314560K), 0,0100100 secs] 725955K->447556K(1013632K), 0,0100980 secs] [Times: user=0,07 sys=0,00, real=0,01 secs] 
2015-09-01T06:01:45.165+0200: 398093,341: [GC2015-09-01T06:01:45.165+0200: 398093,341: [ParNew: 288844K->8504K(314560K), 0,0109050 secs] 727172K->447764K(1013632K), 0,0110260 secs] [Times: user=0,07 sys=0,00, real=0,00 secs] 
2015-09-01T06:02:43.725+0200: 398151,902: [GC2015-09-01T06:02:43.725+0200: 398151,902: [ParNew: 288120K->8792K(314560K), 0,0122950 secs] 727380K->449010K(1013632K), 0,0124090 secs] [Times: user=0,09 sys=0,00, real=0,01 secs] 
2015-09-01T06:03:42.584+0200: 398210,761: [GC2015-09-01T06:03:42.584+0200: 398210,761: [ParNew: 288408K->9488K(314560K), 0,0111710 secs] 728626K->450657K(1013632K), 0,0112910 secs] [Times: user=0,08 sys=0,00, real=0,01 secs] 
2015-09-01T06:04:41.258+0200: 398269,434: [GC2015-09-01T06:04:41.258+0200: 398269,434: [ParNew: 289104K->8857K(314560K), 0,0097070 secs] 730273K->450977K(1013632K), 0,0098270 secs] [Times: user=0,06 sys=0,00, real=0,01 secs] 
2015-09-01T06:05:39.882+0200: 398328,059: [GC2015-09-01T06:05:39.882+0200: 398328,059: [ParNew: 288473K->8996K(314560K), 0,0121690 secs] 730593K->452058K(1013632K), 0,0123250 secs] [Times: user=0,09 sys=0,00, real=0,01 secs] 
2015-09-01T06:06:38.105+0200: 398386,281: [GC2015-09-01T06:06:38.105+0200: 398386,281: [ParNew: 288612K->10657K(314560K), 0,0138540 secs] 731674K->454661K(1013632K), 0,0139740 secs] [Times: user=0,07 sys=0,00, real=0,01 secs] 
2015-09-01T06:07:36.920+0200: 398445,097: [GC2015-09-01T06:07:36.920+0200: 398445,097: [ParNew: 290273K->8676K(314560K), 0,0109640 secs] 734277K->453682K(1013632K), 0,0111200 secs] [Times: user=0,08 sys=0,00, real=0,01 secs] 
2015-09-01T06:08:35.541+0200: 398503,717: [GC2015-09-01T06:08:35.541+0200: 398503,717: [ParNew: 288292K->9903K(314560K), 0,0201330 secs] 733298K->455949K(1013632K), 0,0202620 secs] [Times: user=0,12 sys=0,00, real=0,02 secs] 
2015-09-01T06:09:34.498+0200: 398562,674: [GC2015-09-01T06:09:34.498+0200: 398562,675: [ParNew: 289519K->7630K(314560K), 0,0111840 secs] 735565K->454636K(1013632K), 0,0113080 secs] [Times: user=0,11 sys=0,00, real=0,01 secs] 
2015-09-01T06:10:33.105+0200: 398621,281: [GC2015-09-01T06:10:33.105+0200: 398621,281: [ParNew: 287246K->8040K(314560K), 0,0104440 secs] 734252K->456013K(1013632K), 0,0105920 secs] [Times: user=0,07 sys=0,01, real=0,00 secs] 
2015-09-01T06:11:31.104+0200: 398679,281: [GC2015-09-01T06:11:31.104+0200: 398679,281: [ParNew: 287656K->8737K(314560K), 0,0085640 secs] 735629K->457661K(1013632K), 0,0086540 secs] [Times: user=0,07 sys=0,00, real=0,00 secs] 
2015-09-01T06:12:29.264+0200: 398737,441: [GC2015-09-01T06:12:29.265+0200: 398737,441: [ParNew: 288353K->8809K(314560K), 0,0080020 secs] 737277K->458691K(1013632K), 0,0080940 secs] [Times: user=0,04 sys=0,00, real=0,00 secs] 
2015-09-01T06:13:27.621+0200: 398795,798: [GC2015-09-01T06:13:27.621+0200: 398795,798: [ParNew: 288425K->9658K(314560K), 0,0110510 secs] 738307K->460492K(1013632K), 0,0112000 secs] [Times: user=0,09 sys=0,00, real=0,01 secs] 
2015-09-01T06:14:25.861+0200: 398854,037: [GC2015-09-01T06:14:25.861+0200: 398854,037: [ParNew: 289274K->9024K(314560K), 0,0120930 secs] 740108K->460801K(1013632K), 0,0122160 secs] [Times: user=0,07 sys=0,01, real=0,01 secs] 
2015-09-01T06:15:24.412+0200: 398912,589: [GC2015-09-01T06:15:24.412+0200: 398912,589: [ParNew: 288640K->9158K(314560K), 0,0114020 secs] 740417K->461917K(1013632K), 0,0115350 secs] [Times: user=0,09 sys=0,01, real=0,01 secs] 
2015-09-01T06:16:22.847+0200: 398971,023: [GC2015-09-01T06:16:22.847+0200: 398971,023: [ParNew: 288774K->9251K(314560K), 0,0112300 secs] 741533K->463037K(1013632K), 0,0113450 secs] [Times: user=0,09 sys=0,00, real=0,01 secs] 
2015-09-01T06:17:21.638+0200: 399029,815: [GC2015-09-01T06:17:21.638+0200: 399029,815: [ParNew: 288867K->10039K(314560K), 0,0111710 secs] 742653K->464851K(1013632K), 0,0112830 secs] [Times: user=0,11 sys=0,00, real=0,01 secs] 
2015-09-01T06:18:20.280+0200: 399088,457: [GC2015-09-01T06:18:20.280+0200: 399088,457: [ParNew: 289655K->8529K(314560K), 0,0110160 secs] 744467K->464293K(1013632K), 0,0111390 secs] [Times: user=0,08 sys=0,00, real=0,01 secs] 
2015-09-01T06:19:19.099+0200: 399147,275: [GC2015-09-01T06:19:19.099+0200: 399147,275: [ParNew: 288145K->9537K(314560K), 0,0096770 secs] 743909K->466241K(1013632K), 0,0098050 secs] [Times: user=0,07 sys=0,00, real=0,01 secs] 
2015-09-01T06:20:17.833+0200: 399206,009: [GC2015-09-01T06:20:17.833+0200: 399206,009: [ParNew: 289153K->9528K(314560K), 0,0112460 secs] 745857K->467185K(1013632K), 0,0113590 secs] [Times: user=0,08 sys=0,00, real=0,01 secs] 
2015-09-01T06:21:16.645+0200: 399264,822: [GC2015-09-01T06:21:16.646+0200: 399264,822: [ParNew: 289144K->8893K(314560K), 0,0110950 secs] 746801K->467499K(1013632K), 0,0112130 secs] [Times: user=0,06 sys=0,01, real=0,01 secs] 
2015-09-01T06:22:15.280+0200: 399323,457: [GC2015-09-01T06:22:15.280+0200: 399323,457: [ParNew: 288509K->9015K(314560K), 0,0115190 secs] 747115K->468554K(1013632K), 0,0116390 secs] [Times: user=0,08 sys=0,00, real=0,01 secs] 
2015-09-01T06:23:14.053+0200: 399382,229: [GC2015-09-01T06:23:14.053+0200: 399382,229: [ParNew: 288631K->9168K(314560K), 0,0116320 secs] 748170K->469674K(1013632K), 0,0117370 secs] [Times: user=0,08 sys=0,00, real=0,02 secs] 
2015-09-01T06:24:12.844+0200: 399441,021: [GC2015-09-01T06:24:12.844+0200: 399441,021: [ParNew: 288784K->9299K(314560K), 0,0122800 secs] 749290K->470814K(1013632K), 0,0124050 secs] [Times: user=0,07 sys=0,00, real=0,01 secs] 
2015-09-01T06:25:11.329+0200: 399499,506: [GC2015-09-01T06:25:11.330+0200: 399499,506: [ParNew: 288915K->10131K(314560K), 0,0123030 secs] 750430K->472694K(1013632K), 0,0124170 secs] [Times: user=0,06 sys=0,00, real=0,01 secs] 
2015-09-01T06:26:10.193+0200: 399558,370: [GC2015-09-01T06:26:10.193+0200: 399558,370: [ParNew: 289747K->8936K(314560K), 0,0096840 secs] 752310K->472456K(1013632K), 0,0097900 secs] [Times: user=0,07 sys=0,00, real=0,01 secs] 
2015-09-01T06:27:08.149+0200: 399616,325: [GC2015-09-01T06:27:08.149+0200: 399616,325: [ParNew: 288552K->10972K(314560K), 0,0103670 secs] 752072K->475442K(1013632K), 0,0104700 secs] [Times: user=0,07 sys=0,00, real=0,01 secs] 
2015-09-01T06:28:06.612+0200: 399674,788: [GC2015-09-01T06:28:06.612+0200: 399674,788: [ParNew: 290588K->7624K(314560K), 0,0116350 secs] 755058K->473052K(1013632K), 0,0117500 secs] [Times: user=0,10 sys=0,00, real=0,01 secs] 
2015-09-01T06:29:05.173+0200: 399733,350: [GC2015-09-01T06:29:05.173+0200: 399733,350: [ParNew: 287240K->7411K(314560K), 0,0100430 secs] 752668K->473802K(1013632K), 0,0101640 secs] [Times: user=0,06 sys=0,00, real=0,01 secs] 
2015-09-01T06:30:03.739+0200: 399791,916: [GC2015-09-01T06:30:03.739+0200: 399791,916: [ParNew: 287027K->7140K(314560K), 0,0109160 secs] 753418K->474471K(1013632K), 0,0110300 secs] [Times: user=0,09 sys=0,00, real=0,01 secs] 
2015-09-01T06:31:02.004+0200: 399850,181: [GC2015-09-01T06:31:02.004+0200: 399850,181: [ParNew: 286756K->4716K(314560K), 0,0101640 secs] 754087K->472987K(1013632K), 0,0102880 secs] [Times: user=0,07 sys=0,00, real=0,01 secs] 
2015-09-01T06:32:00.358+0200: 399908,534: [GC2015-09-01T06:32:00.358+0200: 399908,535: [ParNew: 284332K->4947K(314560K), 0,0078040 secs] 752603K->473742K(1013632K), 0,0079220 secs] [Times: user=0,06 sys=0,00, real=0,01 secs] 
2015-09-01T06:32:58.917+0200: 399967,093: [GC2015-09-01T06:32:58.917+0200: 399967,094: [ParNew: 284563K->3747K(314560K), 0,0095260 secs] 753358K->473765K(1013632K), 0,0096460 secs] [Times: user=0,07 sys=0,00, real=0,01 secs] 
2015-09-01T06:33:57.480+0200: 400025,657: [GC2015-09-01T06:33:57.480+0200: 400025,657: [ParNew: 283363K->5225K(314560K), 0,0078700 secs] 753381K->475623K(1013632K), 0,0080130 secs] [Times: user=0,04 sys=0,01, real=0,01 secs] 
2015-09-01T06:34:56.221+0200: 400084,398: [GC2015-09-01T06:34:56.221+0200: 400084,398: [ParNew: 284841K->4157K(314560K), 0,0057820 secs] 755239K->474720K(1013632K), 0,0059030 secs] [Times: user=0,03 sys=0,00, real=0,01 secs] 
2015-09-01T06:35:54.632+0200: 400142,809: [GC2015-09-01T06:35:54.633+0200: 400142,809: [ParNew: 283773K->5570K(314560K), 0,0069610 secs] 754336K->476259K(1013632K), 0,0070740 secs] [Times: user=0,04 sys=0,00, real=0,01 secs] 
2015-09-01T06:36:53.198+0200: 400201,375: [GC2015-09-01T06:36:53.198+0200: 400201,375: [ParNew: 285186K->7845K(314560K), 0,0079780 secs] 755875K->478772K(1013632K), 0,0080910 secs] [Times: user=0,06 sys=0,00, real=0,01 secs] 
2015-09-01T06:37:52.081+0200: 400260,257: [GC2015-09-01T06:37:52.081+0200: 400260,257: [ParNew: 287461K->9472K(314560K), 0,0093040 secs] 758388K->480903K(1013632K), 0,0094280 secs] [Times: user=0,06 sys=0,00, real=0,01 secs] 
2015-09-01T06:38:50.742+0200: 400318,918: [GC2015-09-01T06:38:50.742+0200: 400318,918: [ParNew: 289088K->7329K(314560K), 0,0099820 secs] 760519K->479381K(1013632K), 0,0101070 secs] [Times: user=0,06 sys=0,00, real=0,01 secs] 
2015-09-01T06:39:49.618+0200: 400377,795: [GC2015-09-01T06:39:49.618+0200: 400377,795: [ParNew: 286945K->9870K(314560K), 0,0109710 secs] 758997K->482773K(1013632K), 0,0110970 secs] [Times: user=0,10 sys=0,00, real=0,01 secs] 
2015-09-01T06:40:48.105+0200: 400436,281: [GC2015-09-01T06:40:48.105+0200: 400436,281: [ParNew: 289486K->8849K(314560K), 0,0109540 secs] 762389K->482727K(1013632K), 0,0110740 secs] [Times: user=0,07 sys=0,00, real=0,00 secs] 
2015-09-01T06:41:46.878+0200: 400495,055: [GC2015-09-01T06:41:46.878+0200: 400495,055: [ParNew: 288465K->8366K(314560K), 0,0111340 secs] 762343K->483275K(1013632K), 0,0112590 secs] [Times: user=0,09 sys=0,00, real=0,01 secs] 
2015-09-01T06:42:45.453+0200: 400553,629: [GC2015-09-01T06:42:45.453+0200: 400553,629: [ParNew: 287982K->9203K(314560K), 0,0109310 secs] 762891K->485033K(1013632K), 0,0110470 secs] [Times: user=0,07 sys=0,00, real=0,01 secs] 
2015-09-01T06:43:44.402+0200: 400612,578: [GC2015-09-01T06:43:44.402+0200: 400612,578: [ParNew: 288819K->8681K(314560K), 0,0154150 secs] 764649K->485450K(1013632K), 0,0155330 secs] [Times: user=0,11 sys=0,00, real=0,02 secs] 
2015-09-01T06:44:43.016+0200: 400671,193: [GC2015-09-01T06:44:43.016+0200: 400671,193: [ParNew: 288297K->10123K(314560K), 0,0160710 secs] 765066K->487835K(1013632K), 0,0161860 secs] [Times: user=0,08 sys=0,00, real=0,02 secs] 
2015-09-01T06:45:41.612+0200: 400729,789: [GC2015-09-01T06:45:41.612+0200: 400729,789: [ParNew: 289739K->7290K(314560K), 0,0115830 secs] 767451K->485946K(1013632K), 0,0117170 secs] [Times: user=0,07 sys=0,00, real=0,01 secs] 
2015-09-01T06:46:40.576+0200: 400788,753: [GC2015-09-01T06:46:40.576+0200: 400788,753: [ParNew: 286906K->9392K(314560K), 0,0107960 secs] 765562K->488975K(1013632K), 0,0109180 secs] [Times: user=0,07 sys=0,00, real=0,01 secs] 
2015-09-01T06:47:39.140+0200: 400847,316: [GC2015-09-01T06:47:39.140+0200: 400847,316: [ParNew: 289008K->8815K(314560K), 0,0082590 secs] 768591K->489349K(1013632K), 0,0083890 secs] [Times: user=0,06 sys=0,00, real=0,01 secs] 
2015-09-01T06:48:37.773+0200: 400905,949: [GC2015-09-01T06:48:37.773+0200: 400905,949: [ParNew: 288431K->9863K(314560K), 0,0111050 secs] 768965K->491346K(1013632K), 0,0112180 secs] [Times: user=0,08 sys=0,00, real=0,01 secs] 
2015-09-01T06:49:36.575+0200: 400964,752: [GC2015-09-01T06:49:36.575+0200: 400964,752: [ParNew: 289479K->9257K(314560K), 0,0117290 secs] 770962K->491795K(1013632K), 0,0118510 secs] [Times: user=0,10 sys=0,00, real=0,02 secs] 
2015-09-01T06:50:35.280+0200: 401023,457: [GC2015-09-01T06:50:35.280+0200: 401023,457: [ParNew: 288873K->9277K(314560K), 0,0086780 secs] 771411K->492845K(1013632K), 0,0087780 secs] [Times: user=0,07 sys=0,00, real=0,01 secs] 
2015-09-01T06:51:34.140+0200: 401082,317: [GC2015-09-01T06:51:34.140+0200: 401082,317: [ParNew: 288893K->8515K(314560K), 0,0117250 secs] 772461K->493020K(1013632K), 0,0118430 secs] [Times: user=0,08 sys=0,00, real=0,01 secs] 
2015-09-01T06:52:32.483+0200: 401140,660: [GC2015-09-01T06:52:32.484+0200: 401140,660: [ParNew: 288131K->8798K(314560K), 0,0107530 secs] 772636K->494253K(1013632K), 0,0109140 secs] [Times: user=0,09 sys=0,00, real=0,01 secs] 
2015-09-01T06:53:30.496+0200: 401198,673: [GC2015-09-01T06:53:30.496+0200: 401198,673: [ParNew: 288414K->8764K(314560K), 0,0112650 secs] 773869K->495173K(1013632K), 0,0113970 secs] [Times: user=0,07 sys=0,01, real=0,02 secs] 
2015-09-01T06:54:29.392+0200: 401257,568: [GC2015-09-01T06:54:29.392+0200: 401257,568: [ParNew: 288380K->10310K(314560K), 0,0142010 secs] 774789K->497651K(1013632K), 0,0143260 secs] [Times: user=0,08 sys=0,00, real=0,02 secs] 
2015-09-01T06:55:28.105+0200: 401316,281: [GC2015-09-01T06:55:28.105+0200: 401316,281: [ParNew: 289926K->7444K(314560K), 0,0110470 secs] 777267K->495737K(1013632K), 0,0111750 secs] [Times: user=0,08 sys=0,00, real=0,00 secs] 
2015-09-01T06:56:26.697+0200: 401374,874: [GC2015-09-01T06:56:26.697+0200: 401374,874: [ParNew: 287060K->9613K(314560K), 0,0112820 secs] 775353K->498853K(1013632K), 0,0113850 secs] [Times: user=0,07 sys=0,00, real=0,01 secs] 
2015-09-01T06:57:25.259+0200: 401433,435: [GC2015-09-01T06:57:25.259+0200: 401433,435: [ParNew: 289229K->9736K(314560K), 0,0111030 secs] 778469K->499989K(1013632K), 0,0112190 secs] [Times: user=0,09 sys=0,00, real=0,01 secs] 
2015-09-01T06:58:23.594+0200: 401491,770: [GC2015-09-01T06:58:23.594+0200: 401491,771: [ParNew: 289352K->9194K(314560K), 0,0119160 secs] 779605K->500480K(1013632K), 0,0120450 secs] [Times: user=0,09 sys=0,00, real=0,02 secs] 
2015-09-01T06:59:22.371+0200: 401550,547: [GC2015-09-01T06:59:22.371+0200: 401550,547: [ParNew: 288810K->6932K(314560K), 0,0113550 secs] 780096K->499162K(1013632K), 0,0114750 secs] [Times: user=0,11 sys=0,00, real=0,01 secs] 
2015-09-01T07:00:21.223+0200: 401609,399: [GC2015-09-01T07:00:21.223+0200: 401609,399: [ParNew: 286548K->8688K(314560K), 0,0087420 secs] 778778K->501854K(1013632K), 0,0088600 secs] [Times: user=0,07 sys=0,00, real=0,01 secs] 
2015-09-01T07:01:19.728+0200: 401667,904: [GC2015-09-01T07:01:19.728+0200: 401667,904: [ParNew: 288304K->9383K(314560K), 0,0097800 secs] 781470K->503499K(1013632K), 0,0099010 secs] [Times: user=0,07 sys=0,00, real=0,01 secs] 
2015-09-01T07:02:18.105+0200: 401726,281: [GC2015-09-01T07:02:18.105+0200: 401726,281: [ParNew: 288999K->10186K(314560K), 0,0161970 secs] 783115K->505238K(1013632K), 0,0163060 secs] [Times: user=0,10 sys=0,00, real=0,01 secs] 
2015-09-01T07:03:17.087+0200: 401785,264: [GC2015-09-01T07:03:17.087+0200: 401785,264: [ParNew: 289802K->7812K(314560K), 0,0137640 secs] 784854K->503810K(1013632K), 0,0138800 secs] [Times: user=0,10 sys=0,00, real=0,01 secs] 
2015-09-01T07:04:15.652+0200: 401843,828: [GC2015-09-01T07:04:15.652+0200: 401843,828: [ParNew: 287428K->8802K(314560K), 0,0110460 secs] 783426K->505742K(1013632K), 0,0111610 secs] [Times: user=0,08 sys=0,00, real=0,01 secs] 
2015-09-01T07:05:13.890+0200: 401902,067: [GC2015-09-01T07:05:13.890+0200: 401902,067: [ParNew: 288418K->9626K(314560K), 0,0117620 secs] 785358K->507516K(1013632K), 0,0118890 secs] [Times: user=0,08 sys=0,00, real=0,01 secs] 
2015-09-01T07:06:12.758+0200: 401960,934: [GC2015-09-01T07:06:12.758+0200: 401960,935: [ParNew: 289242K->9906K(314560K), 0,0114710 secs] 787132K->508835K(1013632K), 0,0115840 secs] [Times: user=0,09 sys=0,00, real=0,01 secs] 
2015-09-01T07:07:11.321+0200: 402019,497: [GC2015-09-01T07:07:11.321+0200: 402019,497: [ParNew: 289522K->9216K(314560K), 0,0122450 secs] 788451K->509167K(1013632K), 0,0123540 secs] [Times: user=0,07 sys=0,01, real=0,01 secs] 
2015-09-01T07:08:10.022+0200: 402078,199: [GC2015-09-01T07:08:10.022+0200: 402078,199: [ParNew: 288832K->8475K(314560K), 0,0099450 secs] 788783K->509363K(1013632K), 0,0100800 secs] [Times: user=0,07 sys=0,00, real=0,01 secs] 
2015-09-01T07:09:08.434+0200: 402136,611: [GC2015-09-01T07:09:08.434+0200: 402136,611: [ParNew: 288091K->8747K(314560K), 0,0108410 secs] 788979K->510569K(1013632K), 0,0109610 secs] [Times: user=0,09 sys=0,00, real=0,02 secs] 
2015-09-01T07:10:07.242+0200: 402195,418: [GC2015-09-01T07:10:07.242+0200: 402195,418: [ParNew: 288363K->8739K(314560K), 0,0102080 secs] 790185K->511514K(1013632K), 0,0103220 secs] [Times: user=0,08 sys=0,00, real=0,01 secs] 
2015-09-01T07:11:05.941+0200: 402254,118: [GC2015-09-01T07:11:05.941+0200: 402254,118: [ParNew: 288355K->8098K(314560K), 0,0115010 secs] 791130K->511800K(1013632K), 0,0116300 secs] [Times: user=0,08 sys=0,00, real=0,01 secs] 
2015-09-01T07:12:04.598+0200: 402312,775: [GC2015-09-01T07:12:04.598+0200: 402312,775: [ParNew: 287714K->9730K(314560K), 0,0126370 secs] 791416K->514387K(1013632K), 0,0127650 secs] [Times: user=0,08 sys=0,00, real=0,01 secs] 
2015-09-01T07:13:03.105+0200: 402371,281: [GC2015-09-01T07:13:03.105+0200: 402371,281: [ParNew: 289346K->8339K(314560K), 0,0099310 secs] 794003K->513942K(1013632K), 0,0100460 secs] [Times: user=0,07 sys=0,00, real=0,00 secs] 
2015-09-01T07:14:01.716+0200: 402429,893: [GC2015-09-01T07:14:01.716+0200: 402429,893: [ParNew: 287955K->9221K(314560K), 0,0216600 secs] 793558K->515824K(1013632K), 0,0217590 secs] [Times: user=0,15 sys=0,00, real=0,03 secs] 
2015-09-01T07:15:00.285+0200: 402488,462: [GC2015-09-01T07:15:00.285+0200: 402488,462: [ParNew: 288837K->8521K(314560K), 0,0124260 secs] 795440K->516164K(1013632K), 0,0125460 secs] [Times: user=0,09 sys=0,00, real=0,01 secs] 
2015-09-01T07:15:58.851+0200: 402547,027: [GC2015-09-01T07:15:58.851+0200: 402547,027: [ParNew: 288137K->8540K(314560K), 0,0112820 secs] 795780K->517136K(1013632K), 0,0114120 secs] [Times: user=0,08 sys=0,00, real=0,01 secs] 
2015-09-01T07:16:57.660+0200: 402605,836: [GC2015-09-01T07:16:57.660+0200: 402605,836: [ParNew: 288156K->8744K(314560K), 0,0119330 secs] 796752K->518293K(1013632K), 0,0120590 secs] [Times: user=0,08 sys=0,00, real=0,01 secs] 
2015-09-01T07:17:55.964+0200: 402664,140: [GC2015-09-01T07:17:55.964+0200: 402664,140: [ParNew: 288360K->10151K(314560K), 0,0117450 secs] 797909K->520640K(1013632K), 0,0118690 secs] [Times: user=0,09 sys=0,00, real=0,01 secs] 
2015-09-01T07:18:54.229+0200: 402722,406: [GC2015-09-01T07:18:54.229+0200: 402722,406: [ParNew: 289767K->7772K(314560K), 0,0118330 secs] 800256K->519205K(1013632K), 0,0119580 secs] [Times: user=0,10 sys=0,00, real=0,01 secs] 
2015-09-01T07:19:52.578+0200: 402780,754: [GC2015-09-01T07:19:52.578+0200: 402780,754: [ParNew: 287388K->10117K(314560K), 0,0111390 secs] 798821K->522501K(1013632K), 0,0112570 secs] [Times: user=0,08 sys=0,00, real=0,01 secs] 
2015-09-01T07:20:51.513+0200: 402839,689: [GC2015-09-01T07:20:51.513+0200: 402839,689: [ParNew: 289733K->8146K(314560K), 0,0113150 secs] 802117K->521485K(1013632K), 0,0114440 secs] [Times: user=0,06 sys=0,00, real=0,01 secs] 
2015-09-01T07:21:50.188+0200: 402898,365: [GC2015-09-01T07:21:50.188+0200: 402898,365: [ParNew: 287762K->8959K(314560K), 0,0133760 secs] 801101K->523248K(1013632K), 0,0135070 secs] [Times: user=0,08 sys=0,00, real=0,01 secs] 
2015-09-01T07:22:48.650+0200: 402956,827: [GC2015-09-01T07:22:48.650+0200: 402956,827: [ParNew: 288575K->8317K(314560K), 0,0130040 secs] 802864K->523652K(1013632K), 0,0131020 secs] [Times: user=0,09 sys=0,00, real=0,01 secs] 
2015-09-01T07:23:47.301+0200: 403015,477: [GC2015-09-01T07:23:47.301+0200: 403015,477: [ParNew: 287933K->10043K(314560K), 0,0079690 secs] 803268K->526415K(1013632K), 0,0081160 secs] [Times: user=0,05 sys=0,01, real=0,01 secs] 
2015-09-01T07:24:46.238+0200: 403074,414: [GC2015-09-01T07:24:46.238+0200: 403074,414: [ParNew: 289659K->7776K(314560K), 0,0117470 secs] 806031K->525097K(1013632K), 0,0118630 secs] [Times: user=0,09 sys=0,00, real=0,01 secs] 
2015-09-01T07:25:44.410+0200: 403132,587: [GC2015-09-01T07:25:44.410+0200: 403132,587: [ParNew: 287392K->9583K(314560K), 0,0108900 secs] 804713K->527852K(1013632K), 0,0110280 secs] [Times: user=0,10 sys=0,00, real=0,01 secs] 
2015-09-01T07:26:42.473+0200: 403190,650: [GC2015-09-01T07:26:42.473+0200: 403190,650: [ParNew: 289199K->9692K(314560K), 0,0120740 secs] 807468K->528918K(1013632K), 0,0121940 secs] [Times: user=0,09 sys=0,00, real=0,02 secs] 
2015-09-01T07:27:40.860+0200: 403249,037: [GC2015-09-01T07:27:40.860+0200: 403249,037: [ParNew: 289308K->10643K(314560K), 0,0121780 secs] 808534K->530816K(1013632K), 0,0123350 secs] [Times: user=0,08 sys=0,00, real=0,01 secs] 
2015-09-01T07:28:39.493+0200: 403307,670: [GC2015-09-01T07:28:39.493+0200: 403307,670: [ParNew: 290259K->7983K(314560K), 0,0108990 secs] 810432K->529113K(1013632K), 0,0110380 secs] [Times: user=0,08 sys=0,00, real=0,02 secs] 
2015-09-01T07:29:37.844+0200: 403366,021: [GC2015-09-01T07:29:37.844+0200: 403366,021: [ParNew: 287599K->6531K(314560K), 0,0107960 secs] 808729K->528617K(1013632K), 0,0109200 secs] [Times: user=0,07 sys=0,00, real=0,00 secs] 
2015-09-01T07:30:36.593+0200: 403424,769: [GC2015-09-01T07:30:36.593+0200: 403424,769: [ParNew: 286147K->5712K(314560K), 0,0097770 secs] 808233K->528814K(1013632K), 0,0098860 secs] [Times: user=0,07 sys=0,00, real=0,01 secs] 
2015-09-01T07:31:35.046+0200: 403483,222: [GC2015-09-01T07:31:35.046+0200: 403483,222: [ParNew: 285328K->4730K(314560K), 0,0080730 secs] 808430K->528621K(1013632K), 0,0082180 secs] [Times: user=0,05 sys=0,00, real=0,00 secs] 
2015-09-01T07:32:33.689+0200: 403541,865: [GC2015-09-01T07:32:33.689+0200: 403541,865: [ParNew: 284346K->3893K(314560K), 0,0077980 secs] 808237K->528875K(1013632K), 0,0079230 secs] [Times: user=0,05 sys=0,00, real=0,01 secs] 
2015-09-01T07:33:31.652+0200: 403599,829: [GC2015-09-01T07:33:31.652+0200: 403599,829: [ParNew: 283509K->4158K(314560K), 0,0074550 secs] 808491K->529770K(1013632K), 0,0075550 secs] [Times: user=0,02 sys=0,01, real=0,01 secs] 
2015-09-01T07:34:29.892+0200: 403658,068: [GC2015-09-01T07:34:29.892+0200: 403658,068: [ParNew: 283774K->2993K(314560K), 0,0051800 secs] 809386K->528665K(1013632K), 0,0053040 secs] [Times: user=0,04 sys=0,00, real=0,01 secs] 
2015-09-01T07:35:28.916+0200: 403717,093: [GC2015-09-01T07:35:28.916+0200: 403717,093: [ParNew: 282609K->4429K(314560K), 0,0062000 secs] 808281K->530265K(1013632K), 0,0063150 secs] [Times: user=0,04 sys=0,00, real=0,01 secs] 
2015-09-01T07:36:28.007+0200: 403776,184: [GC2015-09-01T07:36:28.007+0200: 403776,184: [ParNew: 284045K->6043K(314560K), 0,0090020 secs] 809881K->532001K(1013632K), 0,0091530 secs] [Times: user=0,06 sys=0,00, real=0,01 secs] 
2015-09-01T07:37:26.968+0200: 403835,145: [GC2015-09-01T07:37:26.969+0200: 403835,145: [ParNew: 285659K->7708K(314560K), 0,0081950 secs] 811617K->533897K(1013632K), 0,0083060 secs] [Times: user=0,05 sys=0,00, real=0,01 secs] 
2015-09-01T07:38:25.604+0200: 403893,781: [GC2015-09-01T07:38:25.604+0200: 403893,781: [ParNew: 287324K->8611K(314560K), 0,0097670 secs] 813513K->535301K(1013632K), 0,0098910 secs] [Times: user=0,08 sys=0,00, real=0,01 secs] 
2015-09-01T07:39:24.538+0200: 403952,714: [GC2015-09-01T07:39:24.538+0200: 403952,714: [ParNew: 288227K->10336K(314560K), 0,0098510 secs] 814917K->537725K(1013632K), 0,0099690 secs] [Times: user=0,08 sys=0,00, real=0,01 secs] 
2015-09-01T07:40:22.625+0200: 404010,801: [GC2015-09-01T07:40:22.625+0200: 404010,801: [ParNew: 289952K->7739K(314560K), 0,0110130 secs] 817341K->536050K(1013632K), 0,0111350 secs] [Times: user=0,07 sys=0,01, real=0,00 secs] 
2015-09-01T07:41:21.476+0200: 404069,653: [GC2015-09-01T07:41:21.476+0200: 404069,653: [ParNew: 287355K->8272K(314560K), 0,0111830 secs] 815666K->537501K(1013632K), 0,0112950 secs] [Times: user=0,07 sys=0,01, real=0,02 secs] 
2015-09-01T07:42:20.311+0200: 404128,487: [GC2015-09-01T07:42:20.311+0200: 404128,487: [ParNew: 287888K->9169K(314560K), 0,0106480 secs] 817117K->539333K(1013632K), 0,0107710 secs] [Times: user=0,08 sys=0,00, real=0,01 secs] 
2015-09-01T07:43:18.872+0200: 404187,049: [GC2015-09-01T07:43:18.872+0200: 404187,049: [ParNew: 288785K->8603K(314560K), 0,0116910 secs] 818949K->539703K(1013632K), 0,0118060 secs] [Times: user=0,07 sys=0,00, real=0,01 secs] 
2015-09-01T07:44:17.336+0200: 404245,512: [GC2015-09-01T07:44:17.336+0200: 404245,512: [ParNew: 288219K->9456K(314560K), 0,0105790 secs] 819319K->541495K(1013632K), 0,0106970 secs] [Times: user=0,08 sys=0,00, real=0,02 secs] 
2015-09-01T07:45:15.692+0200: 404303,869: [GC2015-09-01T07:45:15.692+0200: 404303,869: [ParNew: 289072K->9602K(314560K), 0,0108080 secs] 821111K->542587K(1013632K), 0,0109350 secs] [Times: user=0,08 sys=0,01, real=0,01 secs] 
2015-09-01T07:46:14.040+0200: 404362,217: [GC2015-09-01T07:46:14.040+0200: 404362,217: [ParNew: 289218K->8978K(314560K), 0,0115780 secs] 822203K->542899K(1013632K), 0,0117000 secs] [Times: user=0,08 sys=0,00, real=0,01 secs] 
2015-09-01T07:47:12.601+0200: 404420,778: [GC2015-09-01T07:47:12.601+0200: 404420,778: [ParNew: 288594K->9866K(314560K), 0,0123680 secs] 822515K->544764K(1013632K), 0,0124910 secs] [Times: user=0,08 sys=0,00, real=0,01 secs] 
2015-09-01T07:48:11.166+0200: 404479,343: [GC2015-09-01T07:48:11.167+0200: 404479,343: [ParNew: 289482K->9217K(314560K), 0,0095810 secs] 824380K->545136K(1013632K), 0,0097000 secs] [Times: user=0,06 sys=0,00, real=0,00 secs] 
2015-09-01T07:49:08.725+0200: 404536,901: [GC2015-09-01T07:49:08.725+0200: 404536,901: [ParNew: 288833K->10782K(314560K), 0,0065770 secs] 824752K->547723K(1013632K), 0,0066640 secs] [Times: user=0,04 sys=0,01, real=0,00 secs] 
2015-09-01T07:50:06.645+0200: 404594,821: [GC2015-09-01T07:50:06.645+0200: 404594,821: [ParNew: 290398K->7244K(314560K), 0,0108670 secs] 827339K->545133K(1013632K), 0,0109910 secs] [Times: user=0,07 sys=0,00, real=0,00 secs] 
2015-09-01T07:51:04.678+0200: 404652,855: [GC2015-09-01T07:51:04.678+0200: 404652,855: [ParNew: 286860K->9224K(314560K), 0,0126980 secs] 824749K->548047K(1013632K), 0,0128120 secs] [Times: user=0,08 sys=0,00, real=0,01 secs] 
2015-09-01T07:52:03.105+0200: 404711,281: [GC2015-09-01T07:52:03.105+0200: 404711,281: [ParNew: 288840K->9236K(314560K), 0,0107720 secs] 827663K->548998K(1013632K), 0,0108870 secs] [Times: user=0,06 sys=0,00, real=0,00 secs] 
2015-09-01T07:53:01.964+0200: 404770,140: [GC2015-09-01T07:53:01.964+0200: 404770,140: [ParNew: 288852K->9489K(314560K), 0,0101870 secs] 828614K->550211K(1013632K), 0,0103100 secs] [Times: user=0,09 sys=0,00, real=0,01 secs] 
2015-09-01T07:54:00.842+0200: 404829,019: [GC2015-09-01T07:54:00.842+0200: 404829,019: [ParNew: 289105K->8905K(314560K), 0,0112560 secs] 829827K->550557K(1013632K), 0,0113750 secs] [Times: user=0,08 sys=0,00, real=0,01 secs] 
2015-09-01T07:54:59.539+0200: 404887,715: [GC2015-09-01T07:54:59.539+0200: 404887,715: [ParNew: 288521K->9817K(314560K), 0,0116510 secs] 830173K->552431K(1013632K), 0,0117850 secs] [Times: user=0,09 sys=0,00, real=0,01 secs] 
2015-09-01T07:55:57.847+0200: 404946,023: [GC2015-09-01T07:55:57.847+0200: 404946,023: [ParNew: 289433K->9967K(314560K), 0,0118740 secs] 832047K->553587K(1013632K), 0,0119930 secs] [Times: user=0,10 sys=0,00, real=0,01 secs] 
2015-09-01T07:56:56.655+0200: 405004,831: [GC2015-09-01T07:56:56.655+0200: 405004,832: [ParNew: 289583K->10029K(314560K), 0,0118420 secs] 833203K->554666K(1013632K), 0,0119740 secs] [Times: user=0,09 sys=0,00, real=0,02 secs] 
2015-09-01T07:57:55.821+0200: 405063,998: [GC2015-09-01T07:57:55.821+0200: 405063,998: [ParNew: 289645K->9302K(314560K), 0,0114250 secs] 834282K->554864K(1013632K), 0,0115620 secs] [Times: user=0,07 sys=0,01, real=0,01 secs] 
2015-09-01T07:58:54.237+0200: 405122,414: [GC2015-09-01T07:58:54.238+0200: 405122,414: [ParNew: 288918K->9537K(314560K), 0,0106810 secs] 834480K->556051K(1013632K), 0,0107870 secs] [Times: user=0,06 sys=0,00, real=0,01 secs] 
2015-09-01T07:59:53.105+0200: 405181,281: [GC2015-09-01T07:59:53.105+0200: 405181,281: [ParNew: 289153K->9499K(314560K), 0,0113230 secs] 835667K->556966K(1013632K), 0,0114420 secs] [Times: user=0,07 sys=0,01, real=0,00 secs] 
2015-09-01T08:00:51.870+0200: 405240,046: [GC2015-09-01T08:00:51.870+0200: 405240,047: [ParNew: 289115K->8843K(314560K), 0,0132550 secs] 836582K->557275K(1013632K), 0,0133710 secs] [Times: user=0,08 sys=0,00, real=0,01 secs] 
2015-09-01T08:01:50.359+0200: 405298,536: [GC2015-09-01T08:01:50.359+0200: 405298,536: [ParNew: 288459K->8937K(314560K), 0,0103210 secs] 836891K->558310K(1013632K), 0,0104650 secs] [Times: user=0,09 sys=0,00, real=0,01 secs] 
2015-09-01T08:02:48.987+0200: 405357,164: [GC2015-09-01T08:02:48.987+0200: 405357,164: [ParNew: 288553K->9056K(314560K), 0,0331660 secs] 837926K->559385K(1013632K), 0,0332680 secs] [Times: user=0,23 sys=0,00, real=0,03 secs] 
2015-09-01T08:03:47.844+0200: 405416,021: [GC2015-09-01T08:03:47.844+0200: 405416,021: [ParNew: 288672K->9183K(314560K), 0,0112930 secs] 839001K->560495K(1013632K), 0,0114070 secs] [Times: user=0,07 sys=0,01, real=0,00 secs] 
2015-09-01T08:04:46.495+0200: 405474,672: [GC2015-09-01T08:04:46.495+0200: 405474,672: [ParNew: 288799K->9275K(314560K), 0,0123160 secs] 840111K->561623K(1013632K), 0,0124530 secs] [Times: user=0,08 sys=0,00, real=0,02 secs] 
2015-09-01T08:05:45.173+0200: 405533,350: [GC2015-09-01T08:05:45.173+0200: 405533,350: [ParNew: 288891K->10084K(314560K), 0,0097890 secs] 841239K->563461K(1013632K), 0,0099140 secs] [Times: user=0,06 sys=0,00, real=0,01 secs] 
2015-09-01T08:06:43.738+0200: 405591,915: [GC2015-09-01T08:06:43.738+0200: 405591,915: [ParNew: 289700K->7765K(314560K), 0,0102120 secs] 843077K->562091K(1013632K), 0,0103500 secs] [Times: user=0,07 sys=0,00, real=0,01 secs] 
2015-09-01T08:07:42.502+0200: 405650,678: [GC2015-09-01T08:07:42.502+0200: 405650,678: [ParNew: 287381K->7344K(314560K), 0,0107200 secs] 841707K->562611K(1013632K), 0,0108500 secs] [Times: user=0,08 sys=0,00, real=0,01 secs] 
2015-09-01T08:08:41.529+0200: 405709,706: [GC2015-09-01T08:08:41.530+0200: 405709,706: [ParNew: 286960K->8799K(314560K), 0,0103940 secs] 842227K->565022K(1013632K), 0,0105050 secs] [Times: user=0,07 sys=0,00, real=0,01 secs] 
2015-09-01T08:09:40.404+0200: 405768,581: [GC2015-09-01T08:09:40.404+0200: 405768,581: [ParNew: 288415K->10364K(314560K), 0,0115680 secs] 844638K->567538K(1013632K), 0,0116980 secs] [Times: user=0,07 sys=0,00, real=0,01 secs] 
2015-09-01T08:10:38.728+0200: 405826,905: [GC2015-09-01T08:10:38.728+0200: 405826,905: [ParNew: 289980K->7486K(314560K), 0,0129150 secs] 847154K->565617K(1013632K), 0,0130570 secs] [Times: user=0,10 sys=0,00, real=0,01 secs] 
2015-09-01T08:11:37.517+0200: 405885,694: [GC2015-09-01T08:11:37.518+0200: 405885,694: [ParNew: 287102K->9654K(314560K), 0,0109990 secs] 845233K->568725K(1013632K), 0,0111030 secs] [Times: user=0,07 sys=0,01, real=0,01 secs] 
2015-09-01T08:12:36.276+0200: 405944,452: [GC2015-09-01T08:12:36.276+0200: 405944,452: [ParNew: 289270K->9047K(314560K), 0,0119770 secs] 848341K->569129K(1013632K), 0,0120940 secs] [Times: user=0,10 sys=0,00, real=0,02 secs] 
2015-09-01T08:13:34.871+0200: 406003,048: [GC2015-09-01T08:13:34.871+0200: 406003,048: [ParNew: 288663K->9283K(314560K), 0,0121780 secs] 848745K->570410K(1013632K), 0,0122910 secs] [Times: user=0,07 sys=0,00, real=0,01 secs] 
2015-09-01T08:14:33.105+0200: 406061,281: [GC2015-09-01T08:14:33.105+0200: 406061,281: [ParNew: 288899K->10889K(314560K), 0,0111630 secs] 850026K->572966K(1013632K), 0,0112740 secs] [Times: user=0,07 sys=0,01, real=0,00 secs] 
2015-09-01T08:15:31.734+0200: 406119,910: [GC2015-09-01T08:15:31.734+0200: 406119,910: [ParNew: 290505K->6946K(314560K), 0,0128860 secs] 852582K->569981K(1013632K), 0,0130290 secs] [Times: user=0,09 sys=0,00, real=0,02 secs] 
2015-09-01T08:16:30.200+0200: 406178,376: [GC2015-09-01T08:16:30.200+0200: 406178,376: [ParNew: 286562K->9252K(314560K), 0,0144620 secs] 849597K->573233K(1013632K), 0,0146050 secs] [Times: user=0,12 sys=0,00, real=0,01 secs] 
2015-09-01T08:17:28.348+0200: 406236,525: [GC2015-09-01T08:17:28.348+0200: 406236,525: [ParNew: 288868K->9345K(314560K), 0,0110700 secs] 852849K->574276K(1013632K), 0,0111850 secs] [Times: user=0,08 sys=0,00, real=0,01 secs] 
2015-09-01T08:18:26.915+0200: 406295,091: [GC2015-09-01T08:18:26.915+0200: 406295,091: [ParNew: 288961K->9624K(314560K), 0,0115090 secs] 853892K->575517K(1013632K), 0,0116390 secs] [Times: user=0,10 sys=0,00, real=0,02 secs] 
2015-09-01T08:19:25.134+0200: 406353,311: [GC2015-09-01T08:19:25.134+0200: 406353,311: [ParNew: 289240K->9773K(314560K), 0,0093170 secs] 855133K->576614K(1013632K), 0,0094490 secs] [Times: user=0,07 sys=0,00, real=0,01 secs] 
2015-09-01T08:20:23.528+0200: 406411,705: [GC2015-09-01T08:20:23.528+0200: 406411,705: [ParNew: 289389K->9925K(314560K), 0,0117000 secs] 856230K->577724K(1013632K), 0,0118210 secs] [Times: user=0,06 sys=0,00, real=0,01 secs] 
2015-09-01T08:21:22.091+0200: 406470,268: [GC2015-09-01T08:21:22.091+0200: 406470,268: [ParNew: 289541K->9265K(314560K), 0,0121880 secs] 857340K->578113K(1013632K), 0,0123100 secs] [Times: user=0,08 sys=0,00, real=0,01 secs] 
2015-09-01T08:22:20.900+0200: 406529,077: [GC2015-09-01T08:22:20.900+0200: 406529,077: [ParNew: 288881K->9273K(314560K), 0,0127770 secs] 857729K->579160K(1013632K), 0,0128980 secs] [Times: user=0,08 sys=0,00, real=0,01 secs] 
2015-09-01T08:23:19.210+0200: 406587,386: [GC2015-09-01T08:23:19.210+0200: 406587,386: [ParNew: 288889K->10837K(314560K), 0,0137030 secs] 858776K->581664K(1013632K), 0,0138460 secs] [Times: user=0,07 sys=0,00, real=0,01 secs] 
2015-09-01T08:24:17.931+0200: 406646,107: [GC2015-09-01T08:24:17.931+0200: 406646,107: [ParNew: 290453K->7412K(314560K), 0,0107900 secs] 861280K->579180K(1013632K), 0,0109130 secs] [Times: user=0,09 sys=0,00, real=0,01 secs] 
2015-09-01T08:25:16.325+0200: 406704,501: [GC2015-09-01T08:25:16.325+0200: 406704,501: [ParNew: 287028K->9311K(314560K), 0,0112650 secs] 858796K->582038K(1013632K), 0,0113890 secs] [Times: user=0,07 sys=0,00, real=0,00 secs] 
2015-09-01T08:26:14.889+0200: 406763,065: [GC2015-09-01T08:26:14.889+0200: 406763,066: [ParNew: 288927K->9049K(314560K), 0,0107340 secs] 861654K->582710K(1013632K), 0,0108630 secs] [Times: user=0,07 sys=0,00, real=0,01 secs] 
2015-09-01T08:27:12.953+0200: 406821,130: [GC2015-09-01T08:27:12.954+0200: 406821,130: [ParNew: 288665K->10398K(314560K), 0,0119860 secs] 862326K->585001K(1013632K), 0,0121270 secs] [Times: user=0,10 sys=0,00, real=0,02 secs] 
2015-09-01T08:28:11.499+0200: 406879,676: [GC2015-09-01T08:28:11.499+0200: 406879,676: [ParNew: 290014K->8759K(314560K), 0,0109720 secs] 864617K->584324K(1013632K), 0,0110820 secs] [Times: user=0,09 sys=0,00, real=0,01 secs] 
2015-09-01T08:29:09.556+0200: 406937,732: [GC2015-09-01T08:29:09.556+0200: 406937,732: [ParNew: 288375K->6983K(314560K), 0,0109730 secs] 863940K->583560K(1013632K), 0,0110830 secs] [Times: user=0,08 sys=0,00, real=0,02 secs] 
2015-09-01T08:30:07.600+0200: 406995,776: [GC2015-09-01T08:30:07.600+0200: 406995,776: [ParNew: 286599K->7619K(314560K), 0,0144280 secs] 863176K->585245K(1013632K), 0,0145460 secs] [Times: user=0,09 sys=0,00, real=0,01 secs] 
2015-09-01T08:31:05.885+0200: 407054,061: [GC2015-09-01T08:31:05.885+0200: 407054,061: [ParNew: 287235K->4153K(314560K), 0,0083830 secs] 864861K->582703K(1013632K), 0,0085080 secs] [Times: user=0,06 sys=0,00, real=0,00 secs] 
2015-09-01T08:32:04.234+0200: 407112,411: [GC2015-09-01T08:32:04.234+0200: 407112,411: [ParNew: 283769K->4445K(314560K), 0,0067850 secs] 862319K->583492K(1013632K), 0,0069110 secs] [Times: user=0,05 sys=0,00, real=0,01 secs] 
2015-09-01T08:33:02.709+0200: 407170,886: [GC2015-09-01T08:33:02.709+0200: 407170,886: [ParNew: 284061K->3533K(314560K), 0,0075840 secs] 863108K->583677K(1013632K), 0,0077020 secs] [Times: user=0,05 sys=0,00, real=0,01 secs] 
2015-09-01T08:34:01.742+0200: 407229,919: [GC2015-09-01T08:34:01.742+0200: 407229,919: [ParNew: 283149K->4099K(314560K), 0,0051810 secs] 863293K->584527K(1013632K), 0,0052950 secs] [Times: user=0,04 sys=0,00, real=0,01 secs] 
2015-09-01T08:35:00.391+0200: 407288,567: [GC2015-09-01T08:35:00.391+0200: 407288,567: [ParNew: 283715K->5315K(314560K), 0,0063350 secs] 864143K->585906K(1013632K), 0,0064490 secs] [Times: user=0,05 sys=0,00, real=0,01 secs] 
2015-09-01T08:35:58.946+0200: 407347,123: [GC2015-09-01T08:35:58.946+0200: 407347,123: [ParNew: 284931K->6266K(314560K), 0,0071030 secs] 865522K->586972K(1013632K), 0,0072100 secs] [Times: user=0,05 sys=0,00, real=0,00 secs] 
2015-09-01T08:36:57.705+0200: 407405,882: [GC2015-09-01T08:36:57.705+0200: 407405,882: [ParNew: 285882K->7841K(314560K), 0,0082210 secs] 866588K->588773K(1013632K), 0,0083390 secs] [Times: user=0,06 sys=0,00, real=0,00 secs] 
2015-09-01T08:37:55.923+0200: 407464,100: [GC2015-09-01T08:37:55.923+0200: 407464,100: [ParNew: 287457K->9345K(314560K), 0,0100420 secs] 868389K->590810K(1013632K), 0,0101570 secs] [Times: user=0,09 sys=0,00, real=0,01 secs] 
2015-09-01T08:38:54.606+0200: 407522,783: [GC2015-09-01T08:38:54.606+0200: 407522,783: [ParNew: 288961K->9700K(314560K), 0,0105280 secs] 870426K->591876K(1013632K), 0,0106440 secs] [Times: user=0,08 sys=0,00, real=0,01 secs] 
2015-09-01T08:39:53.105+0200: 407581,281: [GC2015-09-01T08:39:53.105+0200: 407581,281: [ParNew: 289316K->8878K(314560K), 0,0093650 secs] 871492K->591923K(1013632K), 0,0094760 secs] [Times: user=0,06 sys=0,00, real=0,00 secs] 
2015-09-01T08:40:51.952+0200: 407640,128: [GC2015-09-01T08:40:51.952+0200: 407640,128: [ParNew: 288494K->7865K(314560K), 0,0110410 secs] 871539K->591817K(1013632K), 0,0111630 secs] [Times: user=0,09 sys=0,00, real=0,01 secs] 
2015-09-01T08:41:50.769+0200: 407698,946: [GC2015-09-01T08:41:50.769+0200: 407698,946: [ParNew: 287481K->9373K(314560K), 0,0103400 secs] 871433K->594260K(1013632K), 0,0104640 secs] [Times: user=0,08 sys=0,00, real=0,01 secs] 
2015-09-01T08:42:49.330+0200: 407757,506: [GC2015-09-01T08:42:49.330+0200: 407757,507: [ParNew: 288989K->10249K(314560K), 0,0150940 secs] 873876K->596070K(1013632K), 0,0152100 secs] [Times: user=0,12 sys=0,00, real=0,02 secs] 
2015-09-01T08:43:47.898+0200: 407816,074: [GC2015-09-01T08:43:47.898+0200: 407816,074: [ParNew: 289865K->8332K(314560K), 0,0127600 secs] 875686K->595077K(1013632K), 0,0128800 secs] [Times: user=0,07 sys=0,00, real=0,01 secs] 
2015-09-01T08:44:46.901+0200: 407875,077: [GC2015-09-01T08:44:46.901+0200: 407875,077: [ParNew: 287948K->10296K(314560K), 0,0117880 secs] 874693K->597980K(1013632K), 0,0119010 secs] [Times: user=0,08 sys=0,00, real=0,01 secs] 
2015-09-01T08:45:45.515+0200: 407933,691: [GC2015-09-01T08:45:45.515+0200: 407933,691: [ParNew: 289912K->7839K(314560K), 0,0127030 secs] 877596K->596517K(1013632K), 0,0128230 secs] [Times: user=0,09 sys=0,00, real=0,02 secs] 
2015-09-01T08:46:44.084+0200: 407992,260: [GC2015-09-01T08:46:44.084+0200: 407992,260: [ParNew: 287455K->9078K(314560K), 0,0106270 secs] 876133K->598798K(1013632K), 0,0107390 secs] [Times: user=0,08 sys=0,00, real=0,01 secs] 
2015-09-01T08:47:41.567+0200: 408049,743: [GC2015-09-01T08:47:41.567+0200: 408049,743: [ParNew: 288694K->8318K(314560K), 0,0116220 secs] 878414K->598994K(1013632K), 0,0117380 secs] [Times: user=0,09 sys=0,00, real=0,01 secs] 
2015-09-01T08:48:39.690+0200: 408107,867: [GC2015-09-01T08:48:39.690+0200: 408107,867: [ParNew: 287934K->10089K(314560K), 0,0100860 secs] 878610K->601699K(1013632K), 0,0101880 secs] [Times: user=0,07 sys=0,00, real=0,01 secs] 
2015-09-01T08:49:37.547+0200: 408165,723: [GC2015-09-01T08:49:37.547+0200: 408165,723: [ParNew: 289705K->7203K(314560K), 0,0109250 secs] 881315K->599768K(1013632K), 0,0110560 secs] [Times: user=0,09 sys=0,00, real=0,01 secs] 
2015-09-01T08:50:36.126+0200: 408224,303: [GC2015-09-01T08:50:36.126+0200: 408224,303: [ParNew: 286819K->9873K(314560K), 0,0083690 secs] 879384K->603381K(1013632K), 0,0084590 secs] [Times: user=0,07 sys=0,00, real=0,00 secs] 
2015-09-01T08:51:33.243+0200: 408281,419: [GC2015-09-01T08:51:33.243+0200: 408281,419: [ParNew: 289489K->7074K(314560K), 0,0131210 secs] 882997K->601533K(1013632K), 0,0132430 secs] [Times: user=0,08 sys=0,00, real=0,01 secs] 
2015-09-01T08:52:30.559+0200: 408338,736: [GC2015-09-01T08:52:30.559+0200: 408338,736: [ParNew: 286690K->9393K(314560K), 0,0141300 secs] 881149K->604792K(1013632K), 0,0142580 secs] [Times: user=0,10 sys=0,00, real=0,01 secs] 
2015-09-01T08:53:28.441+0200: 408396,618: [GC2015-09-01T08:53:28.441+0200: 408396,618: [ParNew: 289009K->9563K(314560K), 0,0127420 secs] 884408K->605896K(1013632K), 0,0128650 secs] [Times: user=0,08 sys=0,00, real=0,01 secs] 
2015-09-01T08:54:26.205+0200: 408454,382: [GC2015-09-01T08:54:26.205+0200: 408454,382: [ParNew: 289179K->9111K(314560K), 0,0104790 secs] 885512K->606473K(1013632K), 0,0105930 secs] [Times: user=0,08 sys=0,00, real=0,00 secs] 
2015-09-01T08:55:24.057+0200: 408512,233: [GC2015-09-01T08:55:24.057+0200: 408512,233: [ParNew: 288727K->9951K(314560K), 0,0170260 secs] 886089K->608334K(1013632K), 0,0171210 secs] [Times: user=0,07 sys=0,00, real=0,01 secs] 
2015-09-01T08:56:21.116+0200: 408569,293: [GC2015-09-01T08:56:21.116+0200: 408569,293: [ParNew: 289567K->9961K(314560K), 0,0125080 secs] 887950K->609302K(1013632K), 0,0126340 secs] [Times: user=0,07 sys=0,00, real=0,02 secs] 
2015-09-01T08:57:19.028+0200: 408627,204: [GC2015-09-01T08:57:19.028+0200: 408627,204: [ParNew: 289577K->7294K(314560K), 0,0137560 secs] 888918K->607560K(1013632K), 0,0138610 secs] [Times: user=0,08 sys=0,00, real=0,01 secs] 
2015-09-01T08:58:17.064+0200: 408685,241: [GC2015-09-01T08:58:17.064+0200: 408685,241: [ParNew: 286910K->9113K(314560K), 0,0119450 secs] 887176K->610314K(1013632K), 0,0120490 secs] [Times: user=0,07 sys=0,00, real=0,01 secs] 
2015-09-01T08:59:14.776+0200: 408742,953: [GC2015-09-01T08:59:14.776+0200: 408742,953: [ParNew: 288729K->9202K(314560K), 0,0111150 secs] 889930K->611335K(1013632K), 0,0112440 secs] [Times: user=0,08 sys=0,00, real=0,02 secs] 
2015-09-01T09:00:12.537+0200: 408800,713: [GC2015-09-01T09:00:12.537+0200: 408800,713: [ParNew: 288818K->8762K(314560K), 0,0115220 secs] 890951K->611839K(1013632K), 0,0116370 secs] [Times: user=0,06 sys=0,00, real=0,01 secs] 
2015-09-01T09:01:10.383+0200: 408858,559: [GC2015-09-01T09:01:10.383+0200: 408858,559: [ParNew: 288378K->10387K(314560K), 0,0115870 secs] 891455K->614390K(1013632K), 0,0116950 secs] [Times: user=0,09 sys=0,00, real=0,01 secs] 
2015-09-01T09:02:07.847+0200: 408916,023: [GC2015-09-01T09:02:07.847+0200: 408916,023: [ParNew: 290003K->7520K(314560K), 0,0114640 secs] 894006K->612489K(1013632K), 0,0115810 secs] [Times: user=0,10 sys=0,00, real=0,01 secs] 
2015-09-01T09:03:05.802+0200: 408973,978: [GC2015-09-01T09:03:05.802+0200: 408973,978: [ParNew: 287136K->9676K(314560K), 0,0100380 secs] 892105K->615665K(1013632K), 0,0101500 secs] [Times: user=0,06 sys=0,00, real=0,01 secs] 
2015-09-01T09:04:03.834+0200: 409032,011: [GC2015-09-01T09:04:03.834+0200: 409032,011: [ParNew: 289292K->9710K(314560K), 0,0136410 secs] 895281K->616726K(1013632K), 0,0137500 secs] [Times: user=0,08 sys=0,00, real=0,02 secs] 
2015-09-01T09:05:02.556+0200: 409090,732: [GC2015-09-01T09:05:02.556+0200: 409090,732: [ParNew: 289326K->9129K(314560K), 0,0128770 secs] 896342K->617078K(1013632K), 0,0129830 secs] [Times: user=0,07 sys=0,00, real=0,02 secs] 
2015-09-01T09:06:00.493+0200: 409148,670: [GC2015-09-01T09:06:00.494+0200: 409148,670: [ParNew: 288745K->8707K(314560K), 0,0112350 secs] 896694K->617583K(1013632K), 0,0113490 secs] [Times: user=0,08 sys=0,00, real=0,02 secs] 
2015-09-01T09:06:58.691+0200: 409206,868: [GC2015-09-01T09:06:58.691+0200: 409206,868: [ParNew: 288323K->9443K(314560K), 0,0105620 secs] 897199K->619263K(1013632K), 0,0106860 secs] [Times: user=0,10 sys=0,00, real=0,01 secs] 
2015-09-01T09:07:56.550+0200: 409264,726: [GC2015-09-01T09:07:56.550+0200: 409264,726: [ParNew: 289059K->8082K(314560K), 0,0110590 secs] 898879K->618835K(1013632K), 0,0111790 secs] [Times: user=0,10 sys=0,00, real=0,01 secs] 
2015-09-01T09:08:54.801+0200: 409322,978: [GC2015-09-01T09:08:54.802+0200: 409322,978: [ParNew: 287698K->8948K(314560K), 0,0114030 secs] 898451K->620638K(1013632K), 0,0115800 secs] [Times: user=0,08 sys=0,00, real=0,01 secs] 
2015-09-01T09:09:52.810+0200: 409380,986: [GC2015-09-01T09:09:52.810+0200: 409380,987: [ParNew: 288564K->9063K(314560K), 0,0074730 secs] 900254K->621690K(1013632K), 0,0075680 secs] [Times: user=0,06 sys=0,00, real=0,01 secs] 
2015-09-01T09:10:49.355+0200: 409437,532: [GC2015-09-01T09:10:49.355+0200: 409437,532: [ParNew: 288679K->9184K(314560K), 0,0141690 secs] 901306K->622837K(1013632K), 0,0142370 secs] [Times: user=0,06 sys=0,00, real=0,02 secs] 
2015-09-01T09:11:46.947+0200: 409495,124: [GC2015-09-01T09:11:46.947+0200: 409495,124: [ParNew: 288800K->8446K(314560K), 0,0153780 secs] 902453K->623133K(1013632K), 0,0154790 secs] [Times: user=0,13 sys=0,00, real=0,01 secs] 
2015-09-01T09:12:45.454+0200: 409553,630: [GC2015-09-01T09:12:45.454+0200: 409553,630: [ParNew: 288062K->9214K(314560K), 0,0134310 secs] 902749K->624847K(1013632K), 0,0135540 secs] [Times: user=0,09 sys=0,00, real=0,02 secs] 
2015-09-01T09:13:42.844+0200: 409611,021: [GC2015-09-01T09:13:42.844+0200: 409611,021: [ParNew: 288830K->8646K(314560K), 0,0106710 secs] 904463K->625220K(1013632K), 0,0107770 secs] [Times: user=0,08 sys=0,00, real=0,00 secs] 
2015-09-01T09:14:40.603+0200: 409668,780: [GC2015-09-01T09:14:40.603+0200: 409668,780: [ParNew: 288262K->8584K(314560K), 0,0108970 secs] 904836K->626087K(1013632K), 0,0110190 secs] [Times: user=0,08 sys=0,00, real=0,01 secs] 
2015-09-01T09:15:39.167+0200: 409727,343: [GC2015-09-01T09:15:39.167+0200: 409727,343: [ParNew: 288200K->9384K(314560K), 0,0095950 secs] 905703K->627821K(1013632K), 0,0097140 secs] [Times: user=0,06 sys=0,00, real=0,00 secs] 
2015-09-01T09:16:37.173+0200: 409785,349: [GC2015-09-01T09:16:37.173+0200: 409785,350: [ParNew: 289000K->8797K(314560K), 0,0084380 secs] 907437K->628175K(1013632K), 0,0085340 secs] [Times: user=0,07 sys=0,00, real=0,01 secs] 
2015-09-01T09:17:34.904+0200: 409843,081: [GC2015-09-01T09:17:34.904+0200: 409843,081: [ParNew: 288413K->9670K(314560K), 0,0115980 secs] 907791K->629987K(1013632K), 0,0117160 secs] [Times: user=0,07 sys=0,01, real=0,00 secs] 
2015-09-01T09:18:33.105+0200: 409901,281: [GC2015-09-01T09:18:33.105+0200: 409901,281: [ParNew: 289286K->9827K(314560K), 0,0114470 secs] 909603K->631091K(1013632K), 0,0115640 secs] [Times: user=0,07 sys=0,00, real=0,01 secs] 
2015-09-01T09:19:31.048+0200: 409959,225: [GC2015-09-01T09:19:31.048+0200: 409959,225: [ParNew: 289443K->9180K(314560K), 0,0063420 secs] 910707K->631460K(1013632K), 0,0064340 secs] [Times: user=0,04 sys=0,00, real=0,00 secs] 
2015-09-01T09:20:29.016+0200: 410017,193: [GC2015-09-01T09:20:29.016+0200: 410017,193: [ParNew: 288796K->9217K(314560K), 0,0103550 secs] 911076K->632510K(1013632K), 0,0104600 secs] [Times: user=0,07 sys=0,00, real=0,02 secs] 
2015-09-01T09:21:26.965+0200: 410075,142: [GC2015-09-01T09:21:26.965+0200: 410075,142: [ParNew: 288833K->8488K(314560K), 0,0115570 secs] 912126K->632732K(1013632K), 0,0116640 secs] [Times: user=0,09 sys=0,00, real=0,01 secs] 
2015-09-01T09:22:25.733+0200: 410133,909: [GC2015-09-01T09:22:25.733+0200: 410133,909: [ParNew: 288104K->9463K(314560K), 0,0116110 secs] 912348K->634650K(1013632K), 0,0117330 secs] [Times: user=0,06 sys=0,00, real=0,01 secs] 
2015-09-01T09:23:24.546+0200: 410192,722: [GC2015-09-01T09:23:24.546+0200: 410192,722: [ParNew: 289079K->7977K(314560K), 0,0112850 secs] 914266K->634119K(1013632K), 0,0114010 secs] [Times: user=0,08 sys=0,00, real=0,01 secs] 
2015-09-01T09:24:23.105+0200: 410251,281: [GC2015-09-01T09:24:23.105+0200: 410251,281: [ParNew: 287593K->8064K(314560K), 0,0111490 secs] 913735K->635133K(1013632K), 0,0112710 secs] [Times: user=0,08 sys=0,00, real=0,00 secs] 
2015-09-01T09:25:21.558+0200: 410309,735: [GC2015-09-01T09:25:21.558+0200: 410309,735: [ParNew: 287680K->10427K(314560K), 0,0148320 secs] 914749K->638433K(1013632K), 0,0149470 secs] [Times: user=0,09 sys=0,00, real=0,01 secs] 
2015-09-01T09:26:20.032+0200: 410368,209: [GC2015-09-01T09:26:20.032+0200: 410368,209: [ParNew: 290043K->9395K(314560K), 0,0124740 secs] 918049K->638356K(1013632K), 0,0126130 secs] [Times: user=0,05 sys=0,01, real=0,02 secs] 
2015-09-01T09:27:18.037+0200: 410426,213: [GC2015-09-01T09:27:18.037+0200: 410426,213: [ParNew: 289011K->9087K(314560K), 0,0149620 secs] 917972K->639032K(1013632K), 0,0150780 secs] [Times: user=0,08 sys=0,00, real=0,01 secs] 
2015-09-01T09:28:16.074+0200: 410484,251: [GC2015-09-01T09:28:16.074+0200: 410484,251: [ParNew: 288703K->9603K(314560K), 0,0126740 secs] 918648K->640581K(1013632K), 0,0127940 secs] [Times: user=0,08 sys=0,00, real=0,02 secs] 
2015-09-01T09:29:14.110+0200: 410542,286: [GC2015-09-01T09:29:14.110+0200: 410542,286: [ParNew: 289219K->7701K(314560K), 0,0092190 secs] 920197K->639729K(1013632K), 0,0093380 secs] [Times: user=0,06 sys=0,00, real=0,01 secs] 
2015-09-01T09:30:12.142+0200: 410600,318: [GC2015-09-01T09:30:12.142+0200: 410600,318: [ParNew: 287317K->6809K(314560K), 0,0112680 secs] 919345K->639784K(1013632K), 0,0113720 secs] [Times: user=0,06 sys=0,00, real=0,01 secs] 
2015-09-01T09:31:10.176+0200: 410658,352: [GC2015-09-01T09:31:10.176+0200: 410658,353: [ParNew: 286425K->4901K(314560K), 0,0048620 secs] 919400K->638745K(1013632K), 0,0049590 secs] [Times: user=0,05 sys=0,00, real=0,01 secs] 
2015-09-01T09:32:08.105+0200: 410716,281: [GC2015-09-01T09:32:08.105+0200: 410716,281: [ParNew: 284517K->4861K(314560K), 0,0069530 secs] 918361K->639201K(1013632K), 0,0070560 secs] [Times: user=0,03 sys=0,01, real=0,00 secs] 
2015-09-01T09:33:06.026+0200: 410774,202: [GC2015-09-01T09:33:06.026+0200: 410774,202: [ParNew: 284477K->4149K(314560K), 0,0084470 secs] 918817K->639553K(1013632K), 0,0085500 secs] [Times: user=0,05 sys=0,00, real=0,00 secs] 
2015-09-01T09:34:04.372+0200: 410832,549: [GC2015-09-01T09:34:04.372+0200: 410832,549: [ParNew: 283765K->3364K(314560K), 0,0055260 secs] 919169K->639052K(1013632K), 0,0056370 secs] [Times: user=0,04 sys=0,00, real=0,01 secs] 
2015-09-01T09:35:02.280+0200: 410890,456: [GC2015-09-01T09:35:02.280+0200: 410890,456: [ParNew: 282980K->5037K(314560K), 0,0078750 secs] 918668K->640893K(1013632K), 0,0079910 secs] [Times: user=0,05 sys=0,00, real=0,01 secs] 
2015-09-01T09:36:00.450+0200: 410948,627: [GC2015-09-01T09:36:00.450+0200: 410948,627: [ParNew: 284653K->6649K(314560K), 0,0084150 secs] 920509K->642721K(1013632K), 0,0085280 secs] [Times: user=0,06 sys=0,00, real=0,01 secs] 
2015-09-01T09:36:57.810+0200: 411005,987: [GC2015-09-01T09:36:57.810+0200: 411005,987: [ParNew: 286265K->7616K(314560K), 0,0089390 secs] 922337K->644032K(1013632K), 0,0090540 secs] [Times: user=0,06 sys=0,00, real=0,01 secs] 
2015-09-01T09:37:55.755+0200: 411063,932: [GC2015-09-01T09:37:55.755+0200: 411063,932: [ParNew: 287232K->8205K(314560K), 0,0094650 secs] 923648K->645145K(1013632K), 0,0095860 secs] [Times: user=0,08 sys=0,00, real=0,02 secs] 
2015-09-01T09:38:53.789+0200: 411121,965: [GC2015-09-01T09:38:53.789+0200: 411121,965: [ParNew: 287821K->8376K(314560K), 0,0113450 secs] 924761K->645940K(1013632K), 0,0114580 secs] [Times: user=0,07 sys=0,00, real=0,01 secs] 
2015-09-01T09:39:51.822+0200: 411179,999: [GC2015-09-01T09:39:51.823+0200: 411179,999: [ParNew: 287992K->8892K(314560K), 0,0105970 secs] 925556K->647302K(1013632K), 0,0107150 secs] [Times: user=0,08 sys=0,00, real=0,01 secs] 
2015-09-01T09:40:49.856+0200: 411238,032: [GC2015-09-01T09:40:49.856+0200: 411238,032: [ParNew: 288508K->9235K(314560K), 0,0134370 secs] 926918K->648553K(1013632K), 0,0135320 secs] [Times: user=0,10 sys=0,00, real=0,02 secs] 
2015-09-01T09:41:47.847+0200: 411296,023: [GC2015-09-01T09:41:47.847+0200: 411296,023: [ParNew: 288851K->7998K(314560K), 0,0100030 secs] 928169K->648239K(1013632K), 0,0101230 secs] [Times: user=0,08 sys=0,00, real=0,01 secs] 
2015-09-01T09:42:46.064+0200: 411354,240: [GC2015-09-01T09:42:46.064+0200: 411354,240: [ParNew: 287614K->8859K(314560K), 0,0101070 secs] 927855K->650024K(1013632K), 0,0102310 secs] [Times: user=0,06 sys=0,00, real=0,01 secs] 
2015-09-01T09:43:43.937+0200: 411412,113: [GC2015-09-01T09:43:43.937+0200: 411412,114: [ParNew: 288475K->9736K(314560K), 0,0185330 secs] 929640K->651848K(1013632K), 0,0186640 secs] [Times: user=0,10 sys=0,00, real=0,01 secs] 
2015-09-01T09:44:42.176+0200: 411470,353: [GC2015-09-01T09:44:42.176+0200: 411470,353: [ParNew: 289352K->9094K(314560K), 0,0167400 secs] 931464K->652224K(1013632K), 0,0168580 secs] [Times: user=0,11 sys=0,00, real=0,02 secs] 
2015-09-01T09:45:40.016+0200: 411528,193: [GC2015-09-01T09:45:40.016+0200: 411528,193: [ParNew: 288710K->9126K(314560K), 0,0124910 secs] 931840K->653281K(1013632K), 0,0125930 secs] [Times: user=0,09 sys=0,00, real=0,02 secs] 
2015-09-01T09:45:40.029+0200: 411528,205: [GC [1 CMS-initial-mark: 644155K(699072K)] 655626K(1013632K), 0,0097190 secs] [Times: user=0,01 sys=0,00, real=0,01 secs] 
2015-09-01T09:45:40.039+0200: 411528,215: [CMS-concurrent-mark-start]
2015-09-01T09:45:40.057+0200: 411528,234: [CMS-concurrent-mark: 0,018/0,019 secs] [Times: user=0,04 sys=0,00, real=0,02 secs] 
2015-09-01T09:45:40.057+0200: 411528,234: [CMS-concurrent-preclean-start]
2015-09-01T09:45:40.060+0200: 411528,236: [CMS-concurrent-preclean: 0,002/0,002 secs] [Times: user=0,00 sys=0,00, real=0,00 secs] 
2015-09-01T09:45:40.060+0200: 411528,236: [CMS-concurrent-abortable-preclean-start]
 CMS: abort preclean due to time 2015-09-01T09:45:45.174+0200: 411533,351: [CMS-concurrent-abortable-preclean: 2,713/5,114 secs] [Times: user=3,39 sys=0,00, real=5,11 secs] 
2015-09-01T09:45:45.174+0200: 411533,351: [GC[YG occupancy: 37116 K (314560 K)]2015-09-01T09:45:45.174+0200: 411533,351: [GC2015-09-01T09:45:45.174+0200: 411533,351: [ParNew: 37116K->9134K(314560K), 0,0064690 secs] 681272K->654310K(1013632K), 0,0065330 secs] [Times: user=0,00 sys=0,00, real=0,01 secs] 
2015-09-01T09:45:45.181+0200: 411533,358: [Rescan (parallel) , 0,0027380 secs]2015-09-01T09:45:45.184+0200: 411533,360: [weak refs processing, 0,0000330 secs]2015-09-01T09:45:45.184+0200: 411533,360: [class unloading, 0,0011260 secs]2015-09-01T09:45:45.185+0200: 411533,361: [scrub symbol table, 0,0008530 secs]2015-09-01T09:45:45.186+0200: 411533,362: [scrub string table, 0,0001480 secs] [1 CMS-remark: 645176K(699072K)] 654310K(1013632K), 0,0119890 secs] [Times: user=0,00 sys=0,00, real=0,02 secs] 
2015-09-01T09:45:45.186+0200: 411533,363: [CMS-concurrent-sweep-start]
2015-09-01T09:45:45.804+0200: 411533,981: [CMS-concurrent-sweep: 0,618/0,618 secs] [Times: user=0,79 sys=0,00, real=0,62 secs] 
2015-09-01T09:45:45.804+0200: 411533,981: [CMS-concurrent-reset-start]
2015-09-01T09:45:45.805+0200: 411533,982: [CMS-concurrent-reset: 0,001/0,001 secs] [Times: user=0,00 sys=0,00, real=0,00 secs] 
2015-09-01T09:46:42.847+0200: 411591,023: [GC2015-09-01T09:46:42.847+0200: 411591,023: [ParNew: 288750K->6489K(314560K), 0,0106410 secs] 295307K->13959K(1013632K), 0,0107600 secs] [Times: user=0,08 sys=0,00, real=0,01 secs] 
2015-09-01T09:47:41.347+0200: 411649,523: [GC2015-09-01T09:47:41.347+0200: 411649,524: [ParNew: 286105K->7288K(314560K), 0,0103030 secs] 293575K->15682K(1013632K), 0,0104200 secs] [Times: user=0,07 sys=0,00, real=0,01 secs] 
2015-09-01T09:48:39.981+0200: 411708,157: [GC2015-09-01T09:48:39.981+0200: 411708,158: [ParNew: 286904K->7822K(314560K), 0,0112360 secs] 295298K->17141K(1013632K), 0,0113490 secs] [Times: user=0,06 sys=0,00, real=0,01 secs] 
2015-09-01T09:49:37.926+0200: 411766,103: [GC2015-09-01T09:49:37.926+0200: 411766,103: [ParNew: 287438K->7481K(314560K), 0,0106210 secs] 296757K->17736K(1013632K), 0,0107670 secs] [Times: user=0,06 sys=0,00, real=0,01 secs] 
2015-09-01T09:50:35.960+0200: 411824,136: [GC2015-09-01T09:50:35.960+0200: 411824,136: [ParNew: 287097K->8262K(314560K), 0,0106880 secs] 297352K->19461K(1013632K), 0,0108330 secs] [Times: user=0,09 sys=0,00, real=0,01 secs] 
2015-09-01T09:51:33.993+0200: 411882,170: [GC2015-09-01T09:51:33.993+0200: 411882,170: [ParNew: 287878K->8408K(314560K), 0,0160300 secs] 299077K->19691K(1013632K), 0,0161530 secs] [Times: user=0,06 sys=0,00, real=0,02 secs] 
2015-09-01T09:52:32.032+0200: 411940,209: [GC2015-09-01T09:52:32.032+0200: 411940,209: [ParNew: 288024K->10333K(314560K), 0,0082990 secs] 299307K->22621K(1013632K), 0,0083870 secs] [Times: user=0,05 sys=0,00, real=0,01 secs] 
2015-09-01T09:53:29.845+0200: 411998,021: [GC2015-09-01T09:53:29.845+0200: 411998,021: [ParNew: 289949K->8056K(314560K), 0,0118430 secs] 302237K->21370K(1013632K), 0,0119710 secs] [Times: user=0,08 sys=0,00, real=0,01 secs] 
2015-09-01T09:54:27.687+0200: 412055,863: [GC2015-09-01T09:54:27.687+0200: 412055,863: [ParNew: 287672K->8368K(314560K), 0,0120900 secs] 300986K->22644K(1013632K), 0,0122270 secs] [Times: user=0,09 sys=0,00, real=0,01 secs] 
2015-09-01T09:55:25.722+0200: 412113,898: [GC2015-09-01T09:55:25.722+0200: 412113,898: [ParNew: 287984K->9143K(314560K), 0,0105000 secs] 302260K->24346K(1013632K), 0,0106180 secs] [Times: user=0,08 sys=0,00, real=0,01 secs] 
2015-09-01T09:56:23.755+0200: 412171,932: [GC2015-09-01T09:56:23.755+0200: 412171,932: [ParNew: 288759K->10001K(314560K), 0,0130400 secs] 303962K->26148K(1013632K), 0,0131560 secs] [Times: user=0,08 sys=0,00, real=0,02 secs] 
2015-09-01T09:57:21.791+0200: 412229,968: [GC2015-09-01T09:57:21.791+0200: 412229,968: [ParNew: 289617K->6767K(314560K), 0,0112060 secs] 305764K->23857K(1013632K), 0,0113300 secs] [Times: user=0,08 sys=0,00, real=0,01 secs] 
2015-09-01T09:58:19.380+0200: 412287,557: [GC2015-09-01T09:58:19.380+0200: 412287,557: [ParNew: 286383K->9982K(314560K), 0,0086350 secs] 303473K->28017K(1013632K), 0,0087360 secs] [Times: user=0,05 sys=0,00, real=0,01 secs] 
2015-09-01T09:59:17.247+0200: 412345,423: [GC2015-09-01T09:59:17.247+0200: 412345,423: [ParNew: 289598K->7151K(314560K), 0,0140290 secs] 307633K->26124K(1013632K), 0,0141460 secs] [Times: user=0,09 sys=0,00, real=0,01 secs] 
2015-09-01T10:00:15.493+0200: 412403,670: [GC2015-09-01T10:00:15.493+0200: 412403,670: [ParNew: 286767K->10211K(314560K), 0,0114470 secs] 305740K->30123K(1013632K), 0,0115620 secs] [Times: user=0,07 sys=0,01, real=0,02 secs] 
2015-09-01T10:01:14.537+0200: 412462,714: [GC2015-09-01T10:01:14.537+0200: 412462,714: [ParNew: 289827K->9722K(314560K), 0,0124310 secs] 309739K->30665K(1013632K), 0,0125540 secs] [Times: user=0,08 sys=0,00, real=0,01 secs] 
2015-09-01T10:02:12.847+0200: 412521,023: [GC2015-09-01T10:02:12.847+0200: 412521,023: [ParNew: 289338K->9173K(314560K), 0,0130810 secs] 310281K->31135K(1013632K), 0,0131840 secs] [Times: user=0,09 sys=0,00, real=0,01 secs] 
2015-09-01T10:03:09.551+0200: 412577,728: [GC2015-09-01T10:03:09.551+0200: 412577,728: [ParNew: 288789K->8475K(314560K), 0,0135820 secs] 310751K->31377K(1013632K), 0,0136860 secs] [Times: user=0,10 sys=0,00, real=0,02 secs] 
2015-09-01T10:04:07.588+0200: 412635,764: [GC2015-09-01T10:04:07.588+0200: 412635,764: [ParNew: 288091K->8005K(314560K), 0,0111090 secs] 310993K->31856K(1013632K), 0,0112280 secs] [Times: user=0,08 sys=0,00, real=0,01 secs] 
2015-09-01T10:05:05.088+0200: 412693,265: [GC2015-09-01T10:05:05.088+0200: 412693,265: [ParNew: 287621K->8695K(314560K), 0,0134130 secs] 311472K->33485K(1013632K), 0,0135620 secs] [Times: user=0,10 sys=0,00, real=0,01 secs] 
2015-09-01T10:06:03.050+0200: 412751,226: [GC2015-09-01T10:06:03.050+0200: 412751,226: [ParNew: 288311K->9502K(314560K), 0,0092240 secs] 313101K->35237K(1013632K), 0,0093310 secs] [Times: user=0,07 sys=0,00, real=0,01 secs] 
2015-09-01T10:07:01.339+0200: 412809,515: [GC2015-09-01T10:07:01.339+0200: 412809,515: [ParNew: 289118K->8131K(314560K), 0,0104380 secs] 314853K->34808K(1013632K), 0,0105450 secs] [Times: user=0,08 sys=0,00, real=0,01 secs] 
2015-09-01T10:07:59.817+0200: 412867,993: [GC2015-09-01T10:07:59.817+0200: 412867,993: [ParNew: 287747K->9746K(314560K), 0,0105560 secs] 314424K->37373K(1013632K), 0,0106620 secs] [Times: user=0,07 sys=0,00, real=0,01 secs] 
2015-09-01T10:08:58.105+0200: 412926,281: [GC2015-09-01T10:08:58.105+0200: 412926,281: [ParNew: 289362K->8351K(314560K), 0,0170840 secs] 316989K->36955K(1013632K), 0,0172060 secs] [Times: user=0,11 sys=0,00, real=0,01 secs] 
2015-09-01T10:09:56.493+0200: 412984,669: [GC2015-09-01T10:09:56.493+0200: 412984,669: [ParNew: 287967K->9186K(314560K), 0,0111190 secs] 316571K->38823K(1013632K), 0,0112650 secs] [Times: user=0,07 sys=0,00, real=0,01 secs] 
2015-09-01T10:10:54.374+0200: 413042,550: [GC2015-09-01T10:10:54.374+0200: 413042,550: [ParNew: 288802K->8441K(314560K), 0,0152990 secs] 318439K->39096K(1013632K), 0,0154290 secs] [Times: user=0,13 sys=0,00, real=0,02 secs] 
2015-09-01T10:11:51.998+0200: 413100,174: [GC2015-09-01T10:11:51.998+0200: 413100,174: [ParNew: 288057K->9234K(314560K), 0,0088990 secs] 318712K->40822K(1013632K), 0,0089880 secs] [Times: user=0,06 sys=0,00, real=0,01 secs] 
2015-09-01T10:12:49.833+0200: 413158,010: [GC2015-09-01T10:12:49.833+0200: 413158,010: [ParNew: 288850K->9487K(314560K), 0,0122260 secs] 320438K->42022K(1013632K), 0,0123520 secs] [Times: user=0,09 sys=0,00, real=0,02 secs] 
2015-09-01T10:13:47.847+0200: 413216,023: [GC2015-09-01T10:13:47.847+0200: 413216,023: [ParNew: 289103K->8718K(314560K), 0,0114870 secs] 321638K->42191K(1013632K), 0,0116030 secs] [Times: user=0,10 sys=0,00, real=0,01 secs] 
2015-09-01T10:14:45.944+0200: 413274,120: [GC2015-09-01T10:14:45.944+0200: 413274,120: [ParNew: 288334K->9536K(314560K), 0,0128700 secs] 321807K->43941K(1013632K), 0,0129920 secs] [Times: user=0,07 sys=0,00, real=0,02 secs] 
2015-09-01T10:15:43.914+0200: 413332,090: [GC2015-09-01T10:15:43.914+0200: 413332,090: [ParNew: 289152K->8171K(314560K), 0,0113170 secs] 323557K->43524K(1013632K), 0,0114400 secs] [Times: user=0,07 sys=0,01, real=0,02 secs] 
2015-09-01T10:16:41.948+0200: 413390,125: [GC2015-09-01T10:16:41.948+0200: 413390,125: [ParNew: 287787K->9768K(314560K), 0,0118780 secs] 323140K->46069K(1013632K), 0,0120050 secs] [Times: user=0,08 sys=0,00, real=0,01 secs] 
2015-09-01T10:17:39.983+0200: 413448,159: [GC2015-09-01T10:17:39.983+0200: 413448,160: [ParNew: 289384K->8366K(314560K), 0,0167490 secs] 325685K->45681K(1013632K), 0,0168710 secs] [Times: user=0,11 sys=0,00, real=0,02 secs] 
2015-09-01T10:18:38.022+0200: 413506,199: [GC2015-09-01T10:18:38.023+0200: 413506,199: [ParNew: 287982K->9911K(314560K), 0,0127610 secs] 325297K->48249K(1013632K), 0,0128780 secs] [Times: user=0,07 sys=0,00, real=0,01 secs] 
2015-09-01T10:19:36.058+0200: 413564,235: [GC2015-09-01T10:19:36.059+0200: 413564,235: [ParNew: 289527K->8401K(314560K), 0,0108550 secs] 327865K->47676K(1013632K), 0,0110050 secs] [Times: user=0,09 sys=0,00, real=0,01 secs] 
2015-09-01T10:20:34.024+0200: 413622,201: [GC2015-09-01T10:20:34.025+0200: 413622,201: [ParNew: 288017K->9343K(314560K), 0,0151980 secs] 327292K->49545K(1013632K), 0,0153110 secs] [Times: user=0,09 sys=0,00, real=0,01 secs] 
2015-09-01T10:21:31.664+0200: 413679,840: [GC2015-09-01T10:21:31.664+0200: 413679,840: [ParNew: 288959K->9312K(314560K), 0,0106450 secs] 329161K->50444K(1013632K), 0,0107600 secs] [Times: user=0,10 sys=0,00, real=0,01 secs] 
2015-09-01T10:22:29.536+0200: 413737,713: [GC2015-09-01T10:22:29.537+0200: 413737,713: [ParNew: 288928K->10864K(314560K), 0,0319520 secs] 330060K->52936K(1013632K), 0,0326430 secs] [Times: user=0,20 sys=0,00, real=0,04 secs] 
2015-09-01T10:23:27.591+0200: 413795,768: [GC2015-09-01T10:23:27.592+0200: 413795,768: [ParNew: 290480K->8239K(314560K), 0,0112720 secs] 332552K->51234K(1013632K), 0,0114130 secs] [Times: user=0,09 sys=0,00, real=0,01 secs] 
2015-09-01T10:24:25.625+0200: 413853,802: [GC2015-09-01T10:24:25.626+0200: 413853,802: [ParNew: 287855K->9479K(314560K), 0,0110210 secs] 330850K->53415K(1013632K), 0,0111600 secs] [Times: user=0,06 sys=0,00, real=0,01 secs] 
2015-09-01T10:25:23.105+0200: 413911,281: [GC2015-09-01T10:25:23.105+0200: 413911,281: [ParNew: 289095K->10332K(314560K), 0,0100350 secs] 333031K->55230K(1013632K), 0,0101160 secs] [Times: user=0,05 sys=0,00, real=0,00 secs] 
2015-09-01T10:26:20.589+0200: 413968,765: [GC2015-09-01T10:26:20.589+0200: 413968,765: [ParNew: 289948K->8619K(314560K), 0,0120700 secs] 334846K->54543K(1013632K), 0,0121940 secs] [Times: user=0,07 sys=0,00, real=0,01 secs] 
2015-09-01T10:27:18.503+0200: 414026,679: [GC2015-09-01T10:27:18.503+0200: 414026,679: [ParNew: 288235K->9807K(314560K), 0,0081920 secs] 334159K->56756K(1013632K), 0,0082970 secs] [Times: user=0,06 sys=0,00, real=0,01 secs] 
2015-09-01T10:28:14.685+0200: 414082,862: [GC2015-09-01T10:28:14.685+0200: 414082,862: [ParNew: 289423K->7926K(314560K), 0,0129190 secs] 336372K->55818K(1013632K), 0,0130570 secs] [Times: user=0,08 sys=0,00, real=0,01 secs] 
2015-09-01T10:29:12.738+0200: 414140,915: [GC2015-09-01T10:29:12.738+0200: 414140,915: [ParNew: 287542K->7203K(314560K), 0,0112600 secs] 335434K->56031K(1013632K), 0,0113620 secs] [Times: user=0,08 sys=0,00, real=0,01 secs] 
2015-09-01T10:30:10.513+0200: 414198,689: [GC2015-09-01T10:30:10.513+0200: 414198,689: [ParNew: 286819K->6307K(314560K), 0,0093380 secs] 335647K->56059K(1013632K), 0,0094500 secs] [Times: user=0,06 sys=0,00, real=0,01 secs] 
2015-09-01T10:31:07.844+0200: 414256,021: [GC2015-09-01T10:31:07.844+0200: 414256,021: [ParNew: 285923K->6351K(314560K), 0,0100810 secs] 335675K->56940K(1013632K), 0,0101900 secs] [Times: user=0,05 sys=0,00, real=0,00 secs] 
2015-09-01T10:32:05.614+0200: 414313,790: [GC2015-09-01T10:32:05.614+0200: 414313,790: [ParNew: 285967K->4248K(314560K), 0,0071100 secs] 336556K->55348K(1013632K), 0,0072410 secs] [Times: user=0,06 sys=0,00, real=0,01 secs] 
2015-09-01T10:33:03.105+0200: 414371,281: [GC2015-09-01T10:33:03.105+0200: 414371,281: [ParNew: 283864K->3498K(314560K), 0,0046810 secs] 334964K->55657K(1013632K), 0,0047620 secs] [Times: user=0,03 sys=0,00, real=0,00 secs] 
2015-09-01T10:34:00.950+0200: 414429,126: [GC2015-09-01T10:34:00.950+0200: 414429,127: [ParNew: 283114K->4218K(314560K), 0,0063780 secs] 335273K->56718K(1013632K), 0,0064970 secs] [Times: user=0,04 sys=0,00, real=0,01 secs] 
2015-09-01T10:34:58.887+0200: 414487,064: [GC2015-09-01T10:34:58.887+0200: 414487,064: [ParNew: 283834K->4903K(314560K), 0,0078990 secs] 336334K->57645K(1013632K), 0,0080110 secs] [Times: user=0,04 sys=0,00, real=0,00 secs] 
2015-09-01T10:35:56.918+0200: 414545,094: [GC2015-09-01T10:35:56.918+0200: 414545,094: [ParNew: 284519K->6001K(314560K), 0,0067450 secs] 337261K->58933K(1013632K), 0,0068590 secs] [Times: user=0,05 sys=0,00, real=0,01 secs] 
2015-09-01T10:36:54.366+0200: 414602,543: [GC2015-09-01T10:36:54.367+0200: 414602,543: [ParNew: 285617K->6905K(314560K), 0,0061430 secs] 338549K->60013K(1013632K), 0,0062490 secs] [Times: user=0,06 sys=0,00, real=0,00 secs] 
2015-09-01T10:37:52.369+0200: 414660,546: [GC2015-09-01T10:37:52.369+0200: 414660,546: [ParNew: 286521K->7630K(314560K), 0,0071980 secs] 339629K->61106K(1013632K), 0,0073070 secs] [Times: user=0,04 sys=0,00, real=0,01 secs] 
2015-09-01T10:38:49.969+0200: 414718,145: [GC2015-09-01T10:38:49.969+0200: 414718,146: [ParNew: 287246K->8664K(314560K), 0,0112850 secs] 340722K->62661K(1013632K), 0,0114080 secs] [Times: user=0,05 sys=0,01, real=0,01 secs] 
2015-09-01T10:39:47.821+0200: 414775,998: [GC2015-09-01T10:39:47.821+0200: 414775,998: [ParNew: 288280K->8201K(314560K), 0,0100120 secs] 342277K->62993K(1013632K), 0,0101290 secs] [Times: user=0,06 sys=0,00, real=0,01 secs] 
2015-09-01T10:40:45.573+0200: 414833,750: [GC2015-09-01T10:40:45.573+0200: 414833,750: [ParNew: 287817K->7894K(314560K), 0,0112850 secs] 342609K->63573K(1013632K), 0,0113970 secs] [Times: user=0,07 sys=0,00, real=0,02 secs] 
2015-09-01T10:41:43.477+0200: 414891,653: [GC2015-09-01T10:41:43.477+0200: 414891,653: [ParNew: 287510K->10334K(314560K), 0,0129210 secs] 343189K->66920K(1013632K), 0,0130440 secs] [Times: user=0,08 sys=0,00, real=0,01 secs] 
2015-09-01T10:42:41.512+0200: 414949,689: [GC2015-09-01T10:42:41.512+0200: 414949,689: [ParNew: 289950K->7040K(314560K), 0,0110160 secs] 346536K->64618K(1013632K), 0,0111170 secs] [Times: user=0,06 sys=0,00, real=0,01 secs] 
2015-09-01T10:43:39.546+0200: 415007,723: [GC2015-09-01T10:43:39.546+0200: 415007,723: [ParNew: 286656K->8278K(314560K), 0,0121720 secs] 344234K->66883K(1013632K), 0,0123010 secs] [Times: user=0,08 sys=0,00, real=0,01 secs] 
2015-09-01T10:44:37.581+0200: 415065,758: [GC2015-09-01T10:44:37.581+0200: 415065,758: [ParNew: 287894K->6699K(314560K), 0,0116380 secs] 346499K->66237K(1013632K), 0,0117510 secs] [Times: user=0,09 sys=0,00, real=0,01 secs] 
2015-09-01T10:45:35.437+0200: 415123,613: [GC2015-09-01T10:45:35.437+0200: 415123,614: [ParNew: 286315K->8562K(314560K), 0,0104440 secs] 345853K->69007K(1013632K), 0,0105590 secs] [Times: user=0,07 sys=0,00, real=0,01 secs] 
2015-09-01T10:46:33.363+0200: 415181,540: [GC2015-09-01T10:46:33.364+0200: 415181,540: [ParNew: 288178K->7893K(314560K), 0,0116710 secs] 348623K->69271K(1013632K), 0,0117800 secs] [Times: user=0,10 sys=0,00, real=0,01 secs] 
2015-09-01T10:47:31.262+0200: 415239,438: [GC2015-09-01T10:47:31.262+0200: 415239,438: [ParNew: 287509K->9446K(314560K), 0,0107820 secs] 348887K->71764K(1013632K), 0,0108920 secs] [Times: user=0,07 sys=0,00, real=0,01 secs] 
2015-09-01T10:48:28.972+0200: 415297,149: [GC2015-09-01T10:48:28.972+0200: 415297,149: [ParNew: 289062K->8847K(314560K), 0,0112980 secs] 351380K->72105K(1013632K), 0,0114170 secs] [Times: user=0,08 sys=0,00, real=0,01 secs] 
2015-09-01T10:49:27.605+0200: 415355,782: [GC2015-09-01T10:49:27.605+0200: 415355,782: [ParNew: 288463K->9716K(314560K), 0,0114390 secs] 351721K->73904K(1013632K), 0,0115690 secs] [Times: user=0,10 sys=0,00, real=0,01 secs] 
2015-09-01T10:50:26.085+0200: 415414,261: [GC2015-09-01T10:50:26.085+0200: 415414,261: [ParNew: 289332K->9866K(314560K), 0,0109440 secs] 353520K->75019K(1013632K), 0,0110560 secs] [Times: user=0,07 sys=0,01, real=0,00 secs] 
2015-09-01T10:51:24.650+0200: 415472,827: [GC2015-09-01T10:51:24.650+0200: 415472,827: [ParNew: 289482K->8445K(314560K), 0,0116700 secs] 354635K->74635K(1013632K), 0,0117870 secs] [Times: user=0,09 sys=0,00, real=0,01 secs] 
2015-09-01T10:52:22.844+0200: 415531,021: [GC2015-09-01T10:52:22.845+0200: 415531,021: [ParNew: 288061K->10019K(314560K), 0,0106540 secs] 354251K->77232K(1013632K), 0,0107530 secs] [Times: user=0,06 sys=0,00, real=0,00 secs] 
2015-09-01T10:53:21.256+0200: 415589,433: [GC2015-09-01T10:53:21.256+0200: 415589,433: [ParNew: 289635K->8497K(314560K), 0,0123220 secs] 356848K->76655K(1013632K), 0,0124390 secs] [Times: user=0,08 sys=0,00, real=0,02 secs] 
2015-09-01T10:54:19.829+0200: 415648,005: [GC2015-09-01T10:54:19.829+0200: 415648,005: [ParNew: 288113K->8766K(314560K), 0,0108890 secs] 356271K->77859K(1013632K), 0,0110100 secs] [Times: user=0,08 sys=0,00, real=0,01 secs] 
2015-09-01T10:55:18.105+0200: 415706,281: [GC2015-09-01T10:55:18.105+0200: 415706,281: [ParNew: 288382K->8748K(314560K), 0,0078300 secs] 357475K->78783K(1013632K), 0,0079400 secs] [Times: user=0,07 sys=0,00, real=0,00 secs] 
2015-09-01T10:56:16.424+0200: 415764,600: [GC2015-09-01T10:56:16.424+0200: 415764,600: [ParNew: 288364K->8839K(314560K), 0,0110250 secs] 358399K->79816K(1013632K), 0,0111360 secs] [Times: user=0,08 sys=0,00, real=0,01 secs] 
2015-09-01T10:57:14.486+0200: 415822,662: [GC2015-09-01T10:57:14.486+0200: 415822,662: [ParNew: 288455K->10432K(314560K), 0,0090120 secs] 359432K->82367K(1013632K), 0,0091030 secs] [Times: user=0,07 sys=0,00, real=0,00 secs] 
2015-09-01T10:58:12.333+0200: 415880,510: [GC2015-09-01T10:58:12.333+0200: 415880,510: [ParNew: 290048K->7522K(314560K), 0,0109380 secs] 361983K->80403K(1013632K), 0,0110580 secs] [Times: user=0,08 sys=0,00, real=0,01 secs] 
2015-09-01T10:59:10.594+0200: 415938,770: [GC2015-09-01T10:59:10.594+0200: 415938,770: [ParNew: 287138K->8315K(314560K), 0,0122350 secs] 360019K->82199K(1013632K), 0,0123460 secs] [Times: user=0,10 sys=0,00, real=0,02 secs] 
2015-09-01T11:00:08.656+0200: 415996,833: [GC2015-09-01T11:00:08.657+0200: 415996,833: [ParNew: 287931K->9770K(314560K), 0,0106450 secs] 361815K->84688K(1013632K), 0,0107710 secs] [Times: user=0,08 sys=0,00, real=0,01 secs] 
2015-09-01T11:01:07.217+0200: 416055,393: [GC2015-09-01T11:01:07.217+0200: 416055,394: [ParNew: 289386K->9186K(314560K), 0,0107720 secs] 364304K->85047K(1013632K), 0,0108740 secs] [Times: user=0,07 sys=0,00, real=0,01 secs] 
2015-09-01T11:02:05.236+0200: 416113,413: [GC2015-09-01T11:02:05.236+0200: 416113,413: [ParNew: 288802K->7966K(314560K), 0,0106160 secs] 364663K->84757K(1013632K), 0,0107300 secs] [Times: user=0,07 sys=0,00, real=0,02 secs] 
2015-09-01T11:03:03.827+0200: 416172,003: [GC2015-09-01T11:03:03.827+0200: 416172,004: [ParNew: 287582K->8691K(314560K), 0,0135290 secs] 364373K->86425K(1013632K), 0,0136550 secs] [Times: user=0,08 sys=0,00, real=0,01 secs] 
2015-09-01T11:04:02.230+0200: 416230,407: [GC2015-09-01T11:04:02.230+0200: 416230,407: [ParNew: 288307K->9518K(314560K), 0,0106030 secs] 366041K->88198K(1013632K), 0,0107150 secs] [Times: user=0,08 sys=0,00, real=0,01 secs] 
2015-09-01T11:05:00.428+0200: 416288,605: [GC2015-09-01T11:05:00.428+0200: 416288,605: [ParNew: 289134K->9649K(314560K), 0,0136380 secs] 367814K->89273K(1013632K), 0,0137590 secs] [Times: user=0,07 sys=0,00, real=0,01 secs] 
2015-09-01T11:05:59.093+0200: 416347,270: [GC2015-09-01T11:05:59.093+0200: 416347,270: [ParNew: 289265K->9759K(314560K), 0,0105730 secs] 368889K->90322K(1013632K), 0,0106980 secs] [Times: user=0,08 sys=0,00, real=0,01 secs] 
2015-09-01T11:06:56.961+0200: 416405,137: [GC2015-09-01T11:06:56.961+0200: 416405,137: [ParNew: 289375K->9152K(314560K), 0,0112120 secs] 369938K->90687K(1013632K), 0,0113200 secs] [Times: user=0,07 sys=0,00, real=0,01 secs] 
2015-09-01T11:07:54.409+0200: 416462,586: [GC2015-09-01T11:07:54.409+0200: 416462,586: [ParNew: 288768K->7701K(314560K), 0,0113760 secs] 370303K->90281K(1013632K), 0,0114950 secs] [Times: user=0,10 sys=0,00, real=0,01 secs] 
2015-09-01T11:08:52.844+0200: 416521,021: [GC2015-09-01T11:08:52.844+0200: 416521,021: [ParNew: 287317K->9234K(314560K), 0,0108080 secs] 369897K->92846K(1013632K), 0,0109290 secs] [Times: user=0,07 sys=0,00, real=0,00 secs] 
2015-09-01T11:09:50.840+0200: 416579,016: [GC2015-09-01T11:09:50.840+0200: 416579,016: [ParNew: 288850K->9218K(314560K), 0,0109370 secs] 372462K->93778K(1013632K), 0,0110440 secs] [Times: user=0,08 sys=0,00, real=0,01 secs] 
2015-09-01T11:10:48.633+0200: 416636,809: [GC2015-09-01T11:10:48.633+0200: 416636,810: [ParNew: 288834K->10148K(314560K), 0,0106550 secs] 373394K->95632K(1013632K), 0,0107690 secs] [Times: user=0,07 sys=0,00, real=0,01 secs] 
2015-09-01T11:11:46.579+0200: 416694,755: [GC2015-09-01T11:11:46.579+0200: 416694,755: [ParNew: 289764K->7227K(314560K), 0,0103130 secs] 375248K->93669K(1013632K), 0,0104270 secs] [Times: user=0,08 sys=0,00, real=0,01 secs] 
2015-09-01T11:12:44.527+0200: 416752,704: [GC2015-09-01T11:12:44.527+0200: 416752,704: [ParNew: 286843K->9904K(314560K), 0,0108470 secs] 373285K->97280K(1013632K), 0,0109590 secs] [Times: user=0,10 sys=0,00, real=0,01 secs] 
2015-09-01T11:13:42.669+0200: 416810,846: [GC2015-09-01T11:13:42.670+0200: 416810,846: [ParNew: 289520K->7976K(314560K), 0,0116170 secs] 376896K->96285K(1013632K), 0,0117590 secs] [Times: user=0,11 sys=0,00, real=0,01 secs] 
2015-09-01T11:14:40.727+0200: 416868,904: [GC2015-09-01T11:14:40.727+0200: 416868,904: [ParNew: 287592K->8792K(314560K), 0,0108280 secs] 375901K->98033K(1013632K), 0,0109480 secs] [Times: user=0,08 sys=0,00, real=0,01 secs] 
2015-09-01T11:15:38.773+0200: 416926,949: [GC2015-09-01T11:15:38.773+0200: 416926,949: [ParNew: 288408K->9679K(314560K), 0,0130910 secs] 377649K->99917K(1013632K), 0,0132030 secs] [Times: user=0,07 sys=0,00, real=0,02 secs] 
2015-09-01T11:16:36.826+0200: 416985,003: [GC2015-09-01T11:16:36.826+0200: 416985,003: [ParNew: 289295K->9934K(314560K), 0,0155010 secs] 379533K->101186K(1013632K), 0,0156230 secs] [Times: user=0,11 sys=0,00, real=0,01 secs] 
2015-09-01T11:17:34.882+0200: 417043,058: [GC2015-09-01T11:17:34.882+0200: 417043,058: [ParNew: 289550K->9247K(314560K), 0,0108450 secs] 380802K->101529K(1013632K), 0,0109410 secs] [Times: user=0,07 sys=0,00, real=0,01 secs] 
2015-09-01T11:18:33.105+0200: 417101,281: [GC2015-09-01T11:18:33.105+0200: 417101,281: [ParNew: 288863K->7735K(314560K), 0,0110030 secs] 381145K->100962K(1013632K), 0,0111480 secs] [Times: user=0,08 sys=0,00, real=0,00 secs] 
2015-09-01T11:19:30.665+0200: 417158,841: [GC2015-09-01T11:19:30.665+0200: 417158,841: [ParNew: 287351K->8790K(314560K), 0,0114600 secs] 380578K->102965K(1013632K), 0,0115910 secs] [Times: user=0,07 sys=0,00, real=0,00 secs] 
2015-09-01T11:20:29.010+0200: 417217,187: [GC2015-09-01T11:20:29.010+0200: 417217,187: [ParNew: 288406K->8024K(314560K), 0,0115540 secs] 382581K->103152K(1013632K), 0,0116730 secs] [Times: user=0,07 sys=0,00, real=0,01 secs] 
2015-09-01T11:21:27.275+0200: 417275,451: [GC2015-09-01T11:21:27.275+0200: 417275,451: [ParNew: 287640K->9574K(314560K), 0,0108480 secs] 382768K->105641K(1013632K), 0,0109630 secs] [Times: user=0,09 sys=0,00, real=0,02 secs] 
2015-09-01T11:22:26.124+0200: 417334,300: [GC2015-09-01T11:22:26.124+0200: 417334,300: [ParNew: 289190K->9693K(314560K), 0,0094510 secs] 385257K->106702K(1013632K), 0,0095670 secs] [Times: user=0,09 sys=0,00, real=0,01 secs] 
2015-09-01T11:23:24.004+0200: 417392,181: [GC2015-09-01T11:23:24.004+0200: 417392,181: [ParNew: 289309K->9077K(314560K), 0,0119490 secs] 386318K->107042K(1013632K), 0,0120470 secs] [Times: user=0,07 sys=0,00, real=0,01 secs] 
2015-09-01T11:24:22.436+0200: 417450,613: [GC2015-09-01T11:24:22.436+0200: 417450,613: [ParNew: 288693K->8428K(314560K), 0,0126200 secs] 386658K->107402K(1013632K), 0,0127950 secs] [Times: user=0,08 sys=0,00, real=0,02 secs] 
2015-09-01T11:25:20.272+0200: 417508,448: [GC2015-09-01T11:25:20.272+0200: 417508,448: [ParNew: 288044K->10034K(314560K), 0,0121140 secs] 387018K->110035K(1013632K), 0,0122350 secs] [Times: user=0,11 sys=0,00, real=0,01 secs] 
2015-09-01T11:26:19.034+0200: 417567,210: [GC2015-09-01T11:26:19.034+0200: 417567,210: [ParNew: 289650K->7221K(314560K), 0,0116220 secs] 389651K->108174K(1013632K), 0,0117520 secs] [Times: user=0,09 sys=0,00, real=0,02 secs] 
2015-09-01T11:27:16.930+0200: 417625,106: [GC2015-09-01T11:27:16.930+0200: 417625,106: [ParNew: 286837K->9413K(314560K), 0,0116390 secs] 387790K->111301K(1013632K), 0,0117610 secs] [Times: user=0,08 sys=0,00, real=0,01 secs] 
2015-09-01T11:28:14.965+0200: 417683,141: [GC2015-09-01T11:28:14.965+0200: 417683,141: [ParNew: 289029K->7576K(314560K), 0,0119540 secs] 390917K->110410K(1013632K), 0,0120730 secs] [Times: user=0,08 sys=0,00, real=0,01 secs] 
2015-09-01T11:29:13.105+0200: 417741,281: [GC2015-09-01T11:29:13.105+0200: 417741,281: [ParNew: 287192K->7866K(314560K), 0,0109020 secs] 390026K->111648K(1013632K), 0,0110270 secs] [Times: user=0,06 sys=0,00, real=0,00 secs] 
2015-09-01T11:30:11.256+0200: 417799,433: [GC2015-09-01T11:30:11.256+0200: 417799,433: [ParNew: 287482K->6994K(314560K), 0,0115440 secs] 391264K->111730K(1013632K), 0,0116510 secs] [Times: user=0,07 sys=0,00, real=0,02 secs] 
2015-09-01T11:31:09.490+0200: 417857,667: [GC2015-09-01T11:31:09.490+0200: 417857,667: [ParNew: 286610K->4608K(314560K), 0,0107040 secs] 391346K->110231K(1013632K), 0,0108220 secs] [Times: user=0,08 sys=0,00, real=0,01 secs] 
2015-09-01T11:32:07.467+0200: 417915,643: [GC2015-09-01T11:32:07.467+0200: 417915,644: [ParNew: 284224K->5256K(314560K), 0,0090310 secs] 389847K->111430K(1013632K), 0,0091460 secs] [Times: user=0,06 sys=0,00, real=0,00 secs] 
2015-09-01T11:33:05.499+0200: 417973,675: [GC2015-09-01T11:33:05.499+0200: 417973,675: [ParNew: 284872K->4449K(314560K), 0,0076010 secs] 391046K->111271K(1013632K), 0,0077260 secs] [Times: user=0,05 sys=0,00, real=0,01 secs] 
2015-09-01T11:34:03.530+0200: 418031,706: [GC2015-09-01T11:34:03.530+0200: 418031,706: [ParNew: 284065K->4283K(314560K), 0,0076900 secs] 390887K->111976K(1013632K), 0,0078060 secs] [Times: user=0,07 sys=0,00, real=0,01 secs] 
2015-09-01T11:35:01.560+0200: 418089,737: [GC2015-09-01T11:35:01.560+0200: 418089,737: [ParNew: 283899K->5333K(314560K), 0,0064490 secs] 391592K->113187K(1013632K), 0,0065710 secs] [Times: user=0,04 sys=0,00, real=0,01 secs] 
2015-09-01T11:35:59.590+0200: 418147,767: [GC2015-09-01T11:35:59.590+0200: 418147,767: [ParNew: 284949K->6460K(314560K), 0,0059010 secs] 392803K->114435K(1013632K), 0,0060080 secs] [Times: user=0,04 sys=0,00, real=0,00 secs] 
2015-09-01T11:36:57.619+0200: 418205,795: [GC2015-09-01T11:36:57.619+0200: 418205,795: [ParNew: 286076K->7362K(314560K), 0,0084290 secs] 394051K->115567K(1013632K), 0,0085510 secs] [Times: user=0,06 sys=0,00, real=0,01 secs] 
2015-09-01T11:37:55.650+0200: 418263,827: [GC2015-09-01T11:37:55.650+0200: 418263,827: [ParNew: 286978K->8163K(314560K), 0,0094520 secs] 395183K->116866K(1013632K), 0,0096260 secs] [Times: user=0,07 sys=0,00, real=0,01 secs] 
2015-09-01T11:38:53.105+0200: 418321,281: [GC2015-09-01T11:38:53.105+0200: 418321,281: [ParNew: 287779K->9134K(314560K), 0,0080010 secs] 396482K->118437K(1013632K), 0,0080880 secs] [Times: user=0,06 sys=0,00, real=0,00 secs] 
2015-09-01T11:39:50.745+0200: 418378,922: [GC2015-09-01T11:39:50.745+0200: 418378,922: [ParNew: 288750K->8495K(314560K), 0,0103060 secs] 398053K->118636K(1013632K), 0,0104340 secs] [Times: user=0,07 sys=0,00, real=0,00 secs] 
2015-09-01T11:40:49.377+0200: 418437,554: [GC2015-09-01T11:40:49.377+0200: 418437,554: [ParNew: 288111K->8822K(314560K), 0,0114970 secs] 398252K->119918K(1013632K), 0,0116290 secs] [Times: user=0,08 sys=0,00, real=0,01 secs] 
2015-09-01T11:41:46.797+0200: 418494,974: [GC2015-09-01T11:41:46.798+0200: 418494,974: [ParNew: 288438K->10468K(314560K), 0,0109930 secs] 399534K->122563K(1013632K), 0,0110880 secs] [Times: user=0,07 sys=0,00, real=0,01 secs] 
2015-09-01T11:42:44.771+0200: 418552,948: [GC2015-09-01T11:42:44.771+0200: 418552,948: [ParNew: 290084K->7509K(314560K), 0,0114690 secs] 402179K->120509K(1013632K), 0,0116300 secs] [Times: user=0,08 sys=0,00, real=0,01 secs] 
2015-09-01T11:43:42.806+0200: 418610,982: [GC2015-09-01T11:43:42.806+0200: 418610,982: [ParNew: 287125K->8289K(314560K), 0,0117330 secs] 400125K->122201K(1013632K), 0,0118730 secs] [Times: user=0,09 sys=0,00, real=0,01 secs] 
2015-09-01T11:44:41.453+0200: 418669,629: [GC2015-09-01T11:44:41.453+0200: 418669,629: [ParNew: 287905K->8971K(314560K), 0,0114120 secs] 401817K->123807K(1013632K), 0,0115390 secs] [Times: user=0,08 sys=0,00, real=0,01 secs] 
2015-09-01T11:45:40.106+0200: 418728,283: [GC2015-09-01T11:45:40.106+0200: 418728,283: [ParNew: 288587K->9252K(314560K), 0,0106350 secs] 403423K->124990K(1013632K), 0,0107590 secs] [Times: user=0,09 sys=0,00, real=0,01 secs] 
2015-09-01T11:46:37.847+0200: 418786,023: [GC2015-09-01T11:46:37.847+0200: 418786,023: [ParNew: 288868K->9454K(314560K), 0,0105490 secs] 404606K->126126K(1013632K), 0,0106690 secs] [Times: user=0,09 sys=0,00, real=0,01 secs] 
2015-09-01T11:47:35.708+0200: 418843,884: [GC2015-09-01T11:47:35.708+0200: 418843,885: [ParNew: 289070K->11095K(314560K), 0,0130090 secs] 405742K->128692K(1013632K), 0,0131310 secs] [Times: user=0,11 sys=0,00, real=0,01 secs] 
2015-09-01T11:48:34.192+0200: 418902,369: [GC2015-09-01T11:48:34.192+0200: 418902,369: [ParNew: 290711K->7961K(314560K), 0,0114140 secs] 408308K->126496K(1013632K), 0,0115280 secs] [Times: user=0,09 sys=0,00, real=0,01 secs] 
2015-09-01T11:49:32.166+0200: 418960,343: [GC2015-09-01T11:49:32.166+0200: 418960,343: [ParNew: 287577K->8984K(314560K), 0,0080450 secs] 406112K->128545K(1013632K), 0,0081350 secs] [Times: user=0,06 sys=0,00, real=0,00 secs] 
2015-09-01T11:50:30.034+0200: 419018,211: [GC2015-09-01T11:50:30.034+0200: 419018,211: [ParNew: 288600K->9713K(314560K), 0,0140440 secs] 408161K->130294K(1013632K), 0,0141600 secs] [Times: user=0,07 sys=0,00, real=0,02 secs] 
2015-09-01T11:51:27.715+0200: 419075,891: [GC2015-09-01T11:51:27.715+0200: 419075,891: [ParNew: 289329K->7620K(314560K), 0,0129010 secs] 409910K->129127K(1013632K), 0,0130060 secs] [Times: user=0,06 sys=0,00, real=0,02 secs] 
2015-09-01T11:52:25.090+0200: 419133,266: [GC2015-09-01T11:52:25.090+0200: 419133,266: [ParNew: 287236K->8687K(314560K), 0,0104240 secs] 408743K->131134K(1013632K), 0,0105580 secs] [Times: user=0,07 sys=0,00, real=0,01 secs] 
2015-09-01T11:53:22.448+0200: 419190,624: [GC2015-09-01T11:53:22.448+0200: 419190,625: [ParNew: 288303K->9365K(314560K), 0,0103440 secs] 410750K->132747K(1013632K), 0,0104700 secs] [Times: user=0,09 sys=0,00, real=0,01 secs] 
2015-09-01T11:54:20.290+0200: 419248,467: [GC2015-09-01T11:54:20.290+0200: 419248,467: [ParNew: 288981K->8718K(314560K), 0,0103010 secs] 412363K->133033K(1013632K), 0,0104320 secs] [Times: user=0,08 sys=0,00, real=0,01 secs] 
2015-09-01T11:55:18.200+0200: 419306,376: [GC2015-09-01T11:55:18.200+0200: 419306,376: [ParNew: 288334K->10316K(314560K), 0,0099650 secs] 412649K->135576K(1013632K), 0,0100760 secs] [Times: user=0,08 sys=0,00, real=0,01 secs] 
2015-09-01T11:56:15.576+0200: 419363,752: [GC2015-09-01T11:56:15.576+0200: 419363,752: [ParNew: 289932K->7915K(314560K), 0,0126780 secs] 415192K->134114K(1013632K), 0,0127990 secs] [Times: user=0,09 sys=0,00, real=0,02 secs] 
2015-09-01T11:57:13.105+0200: 419421,281: [GC2015-09-01T11:57:13.105+0200: 419421,281: [ParNew: 287531K->9625K(314560K), 0,0099030 secs] 413730K->136812K(1013632K), 0,0099990 secs] [Times: user=0,07 sys=0,00, real=0,00 secs] 
2015-09-01T11:58:10.657+0200: 419478,834: [GC2015-09-01T11:58:10.657+0200: 419478,834: [ParNew: 289241K->9704K(314560K), 0,0103160 secs] 416428K->137901K(1013632K), 0,0104460 secs] [Times: user=0,07 sys=0,00, real=0,01 secs] 
2015-09-01T11:59:08.105+0200: 419536,281: [GC2015-09-01T11:59:08.105+0200: 419536,281: [ParNew: 289320K->9140K(314560K), 0,0064930 secs] 417517K->138349K(1013632K), 0,0065720 secs] [Times: user=0,03 sys=0,00, real=0,00 secs] 
2015-09-01T12:00:05.770+0200: 419593,947: [GC2015-09-01T12:00:05.771+0200: 419593,947: [ParNew: 288756K->9212K(314560K), 0,0143080 secs] 417965K->139366K(1013632K), 0,0144480 secs] [Times: user=0,09 sys=0,00, real=0,02 secs] 
2015-09-01T12:01:03.660+0200: 419651,836: [GC2015-09-01T12:01:03.660+0200: 419651,836: [ParNew: 288828K->7996K(314560K), 0,0110540 secs] 418982K->139090K(1013632K), 0,0111640 secs] [Times: user=0,10 sys=0,00, real=0,01 secs] 
2015-09-01T12:02:01.694+0200: 419709,870: [GC2015-09-01T12:02:01.694+0200: 419709,870: [ParNew: 287612K->9411K(314560K), 0,0116650 secs] 418706K->141451K(1013632K), 0,0117700 secs] [Times: user=0,06 sys=0,01, real=0,02 secs] 
2015-09-01T12:02:59.424+0200: 419767,601: [GC2015-09-01T12:02:59.424+0200: 419767,601: [ParNew: 289027K->8781K(314560K), 0,0118490 secs] 421067K->141758K(1013632K), 0,0119590 secs] [Times: user=0,07 sys=0,00, real=0,01 secs] 
2015-09-01T12:03:57.350+0200: 419825,527: [GC2015-09-01T12:03:57.350+0200: 419825,527: [ParNew: 288397K->10382K(314560K), 0,0103890 secs] 421374K->144290K(1013632K), 0,0104940 secs] [Times: user=0,07 sys=0,00, real=0,01 secs] 
2015-09-01T12:04:55.032+0200: 419883,209: [GC2015-09-01T12:04:55.032+0200: 419883,209: [ParNew: 289998K->8430K(314560K), 0,0107020 secs] 423906K->143285K(1013632K), 0,0108240 secs] [Times: user=0,08 sys=0,00, real=0,01 secs] 
2015-09-01T12:05:52.709+0200: 419940,886: [GC2015-09-01T12:05:52.709+0200: 419940,886: [ParNew: 288046K->9628K(314560K), 0,0107770 secs] 422901K->145480K(1013632K), 0,0109070 secs] [Times: user=0,08 sys=0,00, real=0,01 secs] 
2015-09-01T12:06:50.635+0200: 419998,812: [GC2015-09-01T12:06:50.635+0200: 419998,812: [ParNew: 289244K->8924K(314560K), 0,0102940 secs] 425096K->145797K(1013632K), 0,0104390 secs] [Times: user=0,09 sys=0,00, real=0,02 secs] 
2015-09-01T12:07:48.669+0200: 420056,845: [GC2015-09-01T12:07:48.669+0200: 420056,845: [ParNew: 288540K->9092K(314560K), 0,0121320 secs] 425413K->146919K(1013632K), 0,0122410 secs] [Times: user=0,08 sys=0,01, real=0,01 secs] 
2015-09-01T12:08:46.704+0200: 420114,880: [GC2015-09-01T12:08:46.704+0200: 420114,880: [ParNew: 288708K->7836K(314560K), 0,0104390 secs] 426535K->146602K(1013632K), 0,0105720 secs] [Times: user=0,10 sys=0,00, real=0,01 secs] 
2015-09-01T12:09:44.283+0200: 420172,460: [GC2015-09-01T12:09:44.283+0200: 420172,460: [ParNew: 287452K->9229K(314560K), 0,0072030 secs] 426218K->148917K(1013632K), 0,0073300 secs] [Times: user=0,06 sys=0,00, real=0,01 secs] 
2015-09-01T12:10:42.126+0200: 420230,302: [GC2015-09-01T12:10:42.126+0200: 420230,302: [ParNew: 288845K->8612K(314560K), 0,0083710 secs] 428533K->149215K(1013632K), 0,0084860 secs] [Times: user=0,07 sys=0,00, real=0,00 secs] 
2015-09-01T12:11:39.236+0200: 420287,412: [GC2015-09-01T12:11:39.236+0200: 420287,412: [ParNew: 288228K->8033K(314560K), 0,0110730 secs] 428831K->149558K(1013632K), 0,0111890 secs] [Times: user=0,09 sys=0,00, real=0,02 secs] 
2015-09-01T12:12:36.924+0200: 420345,100: [GC2015-09-01T12:12:36.924+0200: 420345,100: [ParNew: 287649K->9637K(314560K), 0,0145950 secs] 429174K->152097K(1013632K), 0,0147250 secs] [Times: user=0,11 sys=0,00, real=0,02 secs] 
2015-09-01T12:13:34.825+0200: 420403,002: [GC2015-09-01T12:13:34.826+0200: 420403,002: [ParNew: 289253K->10517K(314560K), 0,0116290 secs] 431713K->153915K(1013632K), 0,0117430 secs] [Times: user=0,10 sys=0,00, real=0,01 secs] 
2015-09-01T12:14:32.530+0200: 420460,706: [GC2015-09-01T12:14:32.530+0200: 420460,706: [ParNew: 290133K->8067K(314560K), 0,0062570 secs] 433531K->152501K(1013632K), 0,0063390 secs] [Times: user=0,03 sys=0,00, real=0,00 secs] 
2015-09-01T12:15:30.338+0200: 420518,514: [GC2015-09-01T12:15:30.338+0200: 420518,514: [ParNew: 287683K->8986K(314560K), 0,0138630 secs] 432117K->154436K(1013632K), 0,0139740 secs] [Times: user=0,07 sys=0,00, real=0,01 secs] 
2015-09-01T12:16:27.847+0200: 420576,023: [GC2015-09-01T12:16:27.847+0200: 420576,023: [ParNew: 288602K->7470K(314560K), 0,0083830 secs] 434052K->153863K(1013632K), 0,0084810 secs] [Times: user=0,06 sys=0,00, real=0,00 secs] 
2015-09-01T12:17:25.179+0200: 420633,356: [GC2015-09-01T12:17:25.179+0200: 420633,356: [ParNew: 287086K->8596K(314560K), 0,0108600 secs] 433479K->155914K(1013632K), 0,0109610 secs] [Times: user=0,08 sys=0,00, real=0,01 secs] 
2015-09-01T12:18:23.105+0200: 420691,281: [GC2015-09-01T12:18:23.105+0200: 420691,281: [ParNew: 288212K->10057K(314560K), 0,0098930 secs] 435530K->158302K(1013632K), 0,0100220 secs] [Times: user=0,06 sys=0,00, real=0,00 secs] 
2015-09-01T12:19:20.784+0200: 420748,961: [GC2015-09-01T12:19:20.784+0200: 420748,961: [ParNew: 289673K->7722K(314560K), 0,0114310 secs] 437918K->156901K(1013632K), 0,0115500 secs] [Times: user=0,07 sys=0,01, real=0,00 secs] 
2015-09-01T12:20:18.200+0200: 420806,377: [GC2015-09-01T12:20:18.200+0200: 420806,377: [ParNew: 287338K->10060K(314560K), 0,0158000 secs] 436517K->160177K(1013632K), 0,0159420 secs] [Times: user=0,08 sys=0,01, real=0,02 secs] 
2015-09-01T12:21:15.881+0200: 420864,057: [GC2015-09-01T12:21:15.881+0200: 420864,057: [ParNew: 289676K->7640K(314560K), 0,0123850 secs] 439793K->158704K(1013632K), 0,0125110 secs] [Times: user=0,09 sys=0,00, real=0,01 secs] 
2015-09-01T12:22:13.697+0200: 420921,873: [GC2015-09-01T12:22:13.697+0200: 420921,873: [ParNew: 287256K->9548K(314560K), 0,0113830 secs] 438320K->161584K(1013632K), 0,0115150 secs] [Times: user=0,07 sys=0,01, real=0,01 secs] 
2015-09-01T12:23:11.495+0200: 420979,671: [GC2015-09-01T12:23:11.495+0200: 420979,671: [ParNew: 289164K->8937K(314560K), 0,0180220 secs] 441200K->162004K(1013632K), 0,0181170 secs] [Times: user=0,07 sys=0,00, real=0,02 secs] 
2015-09-01T12:24:09.456+0200: 421037,633: [GC2015-09-01T12:24:09.457+0200: 421037,633: [ParNew: 288553K->9117K(314560K), 0,0130940 secs] 441620K->163223K(1013632K), 0,0131950 secs] [Times: user=0,08 sys=0,00, real=0,01 secs] 
2015-09-01T12:25:07.104+0200: 421095,281: [GC2015-09-01T12:25:07.104+0200: 421095,281: [ParNew: 288733K->10691K(314560K), 0,0132410 secs] 442839K->165730K(1013632K), 0,0133470 secs] [Times: user=0,09 sys=0,00, real=0,02 secs] 
2015-09-01T12:26:05.125+0200: 421153,302: [GC2015-09-01T12:26:05.125+0200: 421153,302: [ParNew: 290307K->8093K(314560K), 0,0137050 secs] 445346K->164056K(1013632K), 0,0138480 secs] [Times: user=0,08 sys=0,00, real=0,01 secs] 
2015-09-01T12:27:03.105+0200: 421211,281: [GC2015-09-01T12:27:03.105+0200: 421211,281: [ParNew: 287709K->7890K(314560K), 0,0087730 secs] 443672K->164781K(1013632K), 0,0088880 secs] [Times: user=0,07 sys=0,00, real=0,00 secs] 
2015-09-01T12:28:00.960+0200: 421269,136: [GC2015-09-01T12:28:00.960+0200: 421269,136: [ParNew: 287506K->10068K(314560K), 0,0108920 secs] 444397K->167895K(1013632K), 0,0110290 secs] [Times: user=0,10 sys=0,00, real=0,01 secs] 
2015-09-01T12:28:58.806+0200: 421326,983: [GC2015-09-01T12:28:58.806+0200: 421326,983: [ParNew: 289684K->8154K(314560K), 0,0112040 secs] 447511K->166914K(1013632K), 0,0113260 secs] [Times: user=0,08 sys=0,00, real=0,01 secs] 
2015-09-01T12:29:56.840+0200: 421385,017: [GC2015-09-01T12:29:56.840+0200: 421385,017: [ParNew: 287770K->6797K(314560K), 0,0099350 secs] 446530K->166512K(1013632K), 0,0100730 secs] [Times: user=0,06 sys=0,00, real=0,01 secs] 
2015-09-01T12:30:54.873+0200: 421443,049: [GC2015-09-01T12:30:54.873+0200: 421443,050: [ParNew: 286413K->5911K(314560K), 0,0092000 secs] 446128K->166672K(1013632K), 0,0093150 secs] [Times: user=0,07 sys=0,00, real=0,01 secs] 
2015-09-01T12:31:52.960+0200: 421501,137: [GC2015-09-01T12:31:52.960+0200: 421501,137: [ParNew: 285527K->4707K(314560K), 0,0070810 secs] 446288K->166060K(1013632K), 0,0072510 secs] [Times: user=0,05 sys=0,01, real=0,01 secs] 
2015-09-01T12:32:50.927+0200: 421559,104: [GC2015-09-01T12:32:50.927+0200: 421559,104: [ParNew: 284323K->4638K(314560K), 0,0079620 secs] 445676K->166503K(1013632K), 0,0080730 secs] [Times: user=0,05 sys=0,00, real=0,00 secs] 
2015-09-01T12:33:48.958+0200: 421617,134: [GC2015-09-01T12:33:48.958+0200: 421617,134: [ParNew: 284254K->2899K(314560K), 0,0075730 secs] 446119K->165729K(1013632K), 0,0076880 secs] [Times: user=0,06 sys=0,00, real=0,01 secs] 
2015-09-01T12:34:47.614+0200: 421675,790: [GC2015-09-01T12:34:47.614+0200: 421675,791: [ParNew: 282515K->4226K(314560K), 0,0058270 secs] 445345K->167127K(1013632K), 0,0059530 secs] [Times: user=0,04 sys=0,00, real=0,01 secs] 
2015-09-01T12:35:45.872+0200: 421734,048: [GC2015-09-01T12:35:45.872+0200: 421734,048: [ParNew: 283842K->5241K(314560K), 0,0071060 secs] 446743K->168332K(1013632K), 0,0072290 secs] [Times: user=0,04 sys=0,00, real=0,01 secs] 
2015-09-01T12:36:44.226+0200: 421792,403: [GC2015-09-01T12:36:44.226+0200: 421792,403: [ParNew: 284857K->7113K(314560K), 0,0074930 secs] 447948K->170398K(1013632K), 0,0076160 secs] [Times: user=0,06 sys=0,00, real=0,00 secs] 
2015-09-01T12:37:42.361+0200: 421850,538: [GC2015-09-01T12:37:42.361+0200: 421850,538: [ParNew: 286729K->8128K(314560K), 0,0091470 secs] 450014K->171822K(1013632K), 0,0092700 secs] [Times: user=0,07 sys=0,00, real=0,01 secs] 
2015-09-01T12:38:40.834+0200: 421909,010: [GC2015-09-01T12:38:40.834+0200: 421909,010: [ParNew: 287744K->9950K(314560K), 0,0114720 secs] 451438K->174189K(1013632K), 0,0115900 secs] [Times: user=0,09 sys=0,00, real=0,02 secs] 
2015-09-01T12:39:38.702+0200: 421966,878: [GC2015-09-01T12:39:38.702+0200: 421966,878: [ParNew: 289566K->7147K(314560K), 0,0101320 secs] 453805K->172081K(1013632K), 0,0102520 secs] [Times: user=0,06 sys=0,00, real=0,01 secs] 
2015-09-01T12:40:37.543+0200: 422025,720: [GC2015-09-01T12:40:37.543+0200: 422025,720: [ParNew: 286763K->9303K(314560K), 0,0125850 secs] 451697K->175173K(1013632K), 0,0127030 secs] [Times: user=0,08 sys=0,00, real=0,01 secs] 
2015-09-01T12:41:36.202+0200: 422084,378: [GC2015-09-01T12:41:36.202+0200: 422084,378: [ParNew: 288919K->9536K(314560K), 0,0098680 secs] 454789K->176305K(1013632K), 0,0099920 secs] [Times: user=0,06 sys=0,00, real=0,01 secs] 
2015-09-01T12:42:34.559+0200: 422142,735: [GC2015-09-01T12:42:34.559+0200: 422142,735: [ParNew: 289152K->7163K(314560K), 0,0092890 secs] 455921K->174839K(1013632K), 0,0094040 secs] [Times: user=0,08 sys=0,00, real=0,01 secs] 
2015-09-01T12:43:32.092+0200: 422200,269: [GC2015-09-01T12:43:32.092+0200: 422200,269: [ParNew: 286779K->9109K(314560K), 0,0123050 secs] 454455K->177709K(1013632K), 0,0123890 secs] [Times: user=0,05 sys=0,00, real=0,02 secs] 
2015-09-01T12:44:28.825+0200: 422257,001: [GC2015-09-01T12:44:28.825+0200: 422257,001: [ParNew: 288725K->9222K(314560K), 0,0115370 secs] 457325K->178749K(1013632K), 0,0116630 secs] [Times: user=0,06 sys=0,00, real=0,01 secs] 
2015-09-01T12:45:26.685+0200: 422314,862: [GC2015-09-01T12:45:26.685+0200: 422314,862: [ParNew: 288838K->9491K(314560K), 0,0107920 secs] 458365K->179946K(1013632K), 0,0109130 secs] [Times: user=0,07 sys=0,00, real=0,00 secs] 
2015-09-01T12:46:24.681+0200: 422372,858: [GC2015-09-01T12:46:24.681+0200: 422372,858: [ParNew: 289107K->8920K(314560K), 0,0106710 secs] 459562K->180311K(1013632K), 0,0107900 secs] [Times: user=0,06 sys=0,01, real=0,01 secs] 
2015-09-01T12:47:22.625+0200: 422430,801: [GC2015-09-01T12:47:22.625+0200: 422430,801: [ParNew: 288536K->9816K(314560K), 0,0120820 secs] 459927K->182205K(1013632K), 0,0121970 secs] [Times: user=0,07 sys=0,01, real=0,01 secs] 
2015-09-01T12:48:21.544+0200: 422489,721: [GC2015-09-01T12:48:21.545+0200: 422489,721: [ParNew: 289432K->9146K(314560K), 0,0117350 secs] 461821K->182556K(1013632K), 0,0118720 secs] [Times: user=0,07 sys=0,01, real=0,01 secs] 
2015-09-01T12:49:19.890+0200: 422548,067: [GC2015-09-01T12:49:19.890+0200: 422548,067: [ParNew: 288762K->6881K(314560K), 0,0120850 secs] 462172K->181219K(1013632K), 0,0121960 secs] [Times: user=0,10 sys=0,00, real=0,01 secs] 
2015-09-01T12:50:18.105+0200: 422606,281: [GC2015-09-01T12:50:18.105+0200: 422606,281: [ParNew: 286497K->9353K(314560K), 0,0090040 secs] 460835K->184601K(1013632K), 0,0091010 secs] [Times: user=0,06 sys=0,00, real=0,00 secs] 
2015-09-01T12:51:16.407+0200: 422664,583: [GC2015-09-01T12:51:16.407+0200: 422664,583: [ParNew: 288969K->9336K(314560K), 0,0110460 secs] 464217K->185518K(1013632K), 0,0111720 secs] [Times: user=0,09 sys=0,00, real=0,01 secs] 
2015-09-01T12:52:14.971+0200: 422723,147: [GC2015-09-01T12:52:14.971+0200: 422723,147: [ParNew: 288952K->9436K(314560K), 0,0134890 secs] 465134K->186559K(1013632K), 0,0136150 secs] [Times: user=0,08 sys=0,00, real=0,02 secs] 
2015-09-01T12:53:13.781+0200: 422781,957: [GC2015-09-01T12:53:13.781+0200: 422781,957: [ParNew: 289052K->8818K(314560K), 0,0113080 secs] 466175K->186896K(1013632K), 0,0114370 secs] [Times: user=0,08 sys=0,00, real=0,01 secs] 
2015-09-01T12:54:12.661+0200: 422840,838: [GC2015-09-01T12:54:12.661+0200: 422840,838: [ParNew: 288434K->10400K(314560K), 0,0118060 secs] 466512K->189415K(1013632K), 0,0119130 secs] [Times: user=0,09 sys=0,00, real=0,01 secs] 
2015-09-01T12:55:11.115+0200: 422899,292: [GC2015-09-01T12:55:11.116+0200: 422899,292: [ParNew: 290016K->7529K(314560K), 0,0133290 secs] 469031K->187490K(1013632K), 0,0134510 secs] [Times: user=0,07 sys=0,00, real=0,02 secs] 
2015-09-01T12:56:09.775+0200: 422957,951: [GC2015-09-01T12:56:09.775+0200: 422957,951: [ParNew: 287145K->9049K(314560K), 0,0109680 secs] 467106K->190030K(1013632K), 0,0110930 secs] [Times: user=0,10 sys=0,00, real=0,02 secs] 
2015-09-01T12:57:08.105+0200: 423016,281: [GC2015-09-01T12:57:08.105+0200: 423016,281: [ParNew: 288665K->9815K(314560K), 0,0095860 secs] 469646K->191820K(1013632K), 0,0096840 secs] [Times: user=0,08 sys=0,00, real=0,00 secs] 
2015-09-01T12:58:06.389+0200: 423074,566: [GC2015-09-01T12:58:06.389+0200: 423074,566: [ParNew: 289431K->8462K(314560K), 0,0118050 secs] 471436K->191399K(1013632K), 0,0119170 secs] [Times: user=0,09 sys=0,00, real=0,01 secs] 
2015-09-01T12:59:05.127+0200: 423133,303: [GC2015-09-01T12:59:05.127+0200: 423133,303: [ParNew: 288078K->9500K(314560K), 0,0110010 secs] 471015K->193368K(1013632K), 0,0111220 secs] [Times: user=0,09 sys=0,00, real=0,01 secs] 
2015-09-01T13:00:02.844+0200: 423191,021: [GC2015-09-01T13:00:02.844+0200: 423191,021: [ParNew: 289116K->9507K(314560K), 0,0112460 secs] 472984K->194338K(1013632K), 0,0113600 secs] [Times: user=0,08 sys=0,00, real=0,00 secs] 
2015-09-01T13:01:00.832+0200: 423249,008: [GC2015-09-01T13:01:00.832+0200: 423249,009: [ParNew: 289123K->9585K(314560K), 0,0122820 secs] 473954K->195371K(1013632K), 0,0124220 secs] [Times: user=0,09 sys=0,00, real=0,02 secs] 
2015-09-01T13:01:59.102+0200: 423307,278: [GC2015-09-01T13:01:59.102+0200: 423307,278: [ParNew: 289201K->9675K(314560K), 0,0101210 secs] 474987K->196421K(1013632K), 0,0102600 secs] [Times: user=0,07 sys=0,00, real=0,01 secs] 
2015-09-01T13:02:57.447+0200: 423365,623: [GC2015-09-01T13:02:57.447+0200: 423365,623: [ParNew: 289291K->9035K(314560K), 0,0106260 secs] 476037K->196711K(1013632K), 0,0107340 secs] [Times: user=0,10 sys=0,00, real=0,01 secs] 
2015-09-01T13:03:55.496+0200: 423423,673: [GC2015-09-01T13:03:55.496+0200: 423423,673: [ParNew: 288651K->8396K(314560K), 0,0112630 secs] 476327K->197068K(1013632K), 0,0114050 secs] [Times: user=0,08 sys=0,01, real=0,02 secs] 
2015-09-01T13:04:53.335+0200: 423481,511: [GC2015-09-01T13:04:53.335+0200: 423481,511: [ParNew: 288012K->9972K(314560K), 0,0125950 secs] 476684K->199688K(1013632K), 0,0127110 secs] [Times: user=0,09 sys=0,00, real=0,02 secs] 
2015-09-01T13:05:50.812+0200: 423538,988: [GC2015-09-01T13:05:50.812+0200: 423538,988: [ParNew: 289588K->9188K(314560K), 0,0107750 secs] 479304K->199933K(1013632K), 0,0109120 secs] [Times: user=0,08 sys=0,00, real=0,01 secs] 
2015-09-01T13:06:48.772+0200: 423596,949: [GC2015-09-01T13:06:48.772+0200: 423596,949: [ParNew: 288804K->9168K(314560K), 0,0128420 secs] 479549K->200842K(1013632K), 0,0129800 secs] [Times: user=0,07 sys=0,01, real=0,02 secs] 
2015-09-01T13:07:46.614+0200: 423654,790: [GC2015-09-01T13:07:46.614+0200: 423654,790: [ParNew: 288784K->8679K(314560K), 0,0103060 secs] 480458K->201302K(1013632K), 0,0104230 secs] [Times: user=0,07 sys=0,00, real=0,01 secs] 
2015-09-01T13:08:43.716+0200: 423711,892: [GC2015-09-01T13:08:43.716+0200: 423711,892: [ParNew: 288295K->8649K(314560K), 0,0118300 secs] 480918K->202206K(1013632K), 0,0119630 secs] [Times: user=0,08 sys=0,00, real=0,02 secs] 
2015-09-01T13:09:42.396+0200: 423770,572: [GC2015-09-01T13:09:42.396+0200: 423770,572: [ParNew: 288265K->8734K(314560K), 0,0110850 secs] 481822K->203215K(1013632K), 0,0112060 secs] [Times: user=0,07 sys=0,00, real=0,02 secs] 
2015-09-01T13:10:40.562+0200: 423828,739: [GC2015-09-01T13:10:40.562+0200: 423828,739: [ParNew: 288350K->10367K(314560K), 0,0142740 secs] 482831K->205777K(1013632K), 0,0144120 secs] [Times: user=0,07 sys=0,00, real=0,02 secs] 
2015-09-01T13:11:39.104+0200: 423887,280: [GC2015-09-01T13:11:39.104+0200: 423887,280: [ParNew: 289983K->7967K(314560K), 0,0129660 secs] 485393K->204306K(1013632K), 0,0130920 secs] [Times: user=0,08 sys=0,00, real=0,02 secs] 
2015-09-01T13:12:37.768+0200: 423945,944: [GC2015-09-01T13:12:37.768+0200: 423945,944: [ParNew: 287583K->9701K(314560K), 0,0113650 secs] 483922K->207048K(1013632K), 0,0114750 secs] [Times: user=0,09 sys=0,00, real=0,01 secs] 
2015-09-01T13:13:35.923+0200: 424004,100: [GC2015-09-01T13:13:35.923+0200: 424004,100: [ParNew: 289317K->9764K(314560K), 0,0104220 secs] 486664K->208145K(1013632K), 0,0105270 secs] [Times: user=0,09 sys=0,00, real=0,01 secs] 
2015-09-01T13:14:34.750+0200: 424062,926: [GC2015-09-01T13:14:34.750+0200: 424062,926: [ParNew: 289380K->9171K(314560K), 0,0114260 secs] 487761K->208485K(1013632K), 0,0115360 secs] [Times: user=0,08 sys=0,00, real=0,01 secs] 
2015-09-01T13:15:33.105+0200: 424121,281: [GC2015-09-01T13:15:33.105+0200: 424121,281: [ParNew: 288787K->9415K(314560K), 0,0110730 secs] 488101K->209684K(1013632K), 0,0111880 secs] [Times: user=0,07 sys=0,00, real=0,00 secs] 
2015-09-01T13:16:31.034+0200: 424179,210: [GC2015-09-01T13:16:31.034+0200: 424179,211: [ParNew: 289031K->8663K(314560K), 0,0083900 secs] 489300K->209867K(1013632K), 0,0084840 secs] [Times: user=0,07 sys=0,00, real=0,01 secs] 
2015-09-01T13:17:29.429+0200: 424237,605: [GC2015-09-01T13:17:29.429+0200: 424237,605: [ParNew: 288279K->9494K(314560K), 0,0095070 secs] 489483K->211636K(1013632K), 0,0096180 secs] [Times: user=0,07 sys=0,00, real=0,01 secs] 
2015-09-01T13:18:27.288+0200: 424295,464: [GC2015-09-01T13:18:27.288+0200: 424295,464: [ParNew: 289110K->10374K(314560K), 0,0111100 secs] 491252K->213458K(1013632K), 0,0112180 secs] [Times: user=0,10 sys=0,00, real=0,01 secs] 
2015-09-01T13:19:25.538+0200: 424353,715: [GC2015-09-01T13:19:25.539+0200: 424353,715: [ParNew: 289990K->8438K(314560K), 0,0149280 secs] 493074K->212453K(1013632K), 0,0150460 secs] [Times: user=0,10 sys=0,00, real=0,01 secs] 
2015-09-01T13:20:23.544+0200: 424411,721: [GC2015-09-01T13:20:23.544+0200: 424411,721: [ParNew: 288054K->10410K(314560K), 0,0113290 secs] 492069K->215404K(1013632K), 0,0114550 secs] [Times: user=0,07 sys=0,00, real=0,01 secs] 
2015-09-01T13:21:21.654+0200: 424469,831: [GC2015-09-01T13:21:21.654+0200: 424469,831: [ParNew: 290026K->7898K(314560K), 0,0121740 secs] 495020K->213932K(1013632K), 0,0122920 secs] [Times: user=0,10 sys=0,00, real=0,02 secs] 
2015-09-01T13:22:20.215+0200: 424528,392: [GC2015-09-01T13:22:20.215+0200: 424528,392: [ParNew: 287514K->9759K(314560K), 0,0113710 secs] 493548K->216829K(1013632K), 0,0114990 secs] [Times: user=0,09 sys=0,00, real=0,02 secs] 
2015-09-01T13:23:18.342+0200: 424586,519: [GC2015-09-01T13:23:18.342+0200: 424586,519: [ParNew: 289375K->7555K(314560K), 0,0097210 secs] 496445K->215571K(1013632K), 0,0098340 secs] [Times: user=0,07 sys=0,00, real=0,01 secs] 
2015-09-01T13:24:17.327+0200: 424645,504: [GC2015-09-01T13:24:17.327+0200: 424645,504: [ParNew: 287171K->8734K(314560K), 0,0112160 secs] 495187K->217696K(1013632K), 0,0113390 secs] [Times: user=0,10 sys=0,00, real=0,01 secs] 
2015-09-01T13:25:15.269+0200: 424703,446: [GC2015-09-01T13:25:15.269+0200: 424703,446: [ParNew: 288350K->10945K(314560K), 0,0112920 secs] 497312K->220859K(1013632K), 0,0114110 secs] [Times: user=0,09 sys=0,00, real=0,01 secs] 
2015-09-01T13:26:13.105+0200: 424761,281: [GC2015-09-01T13:26:13.105+0200: 424761,281: [ParNew: 290561K->7606K(314560K), 0,0126060 secs] 500475K->218471K(1013632K), 0,0127260 secs] [Times: user=0,07 sys=0,00, real=0,01 secs] 
2015-09-01T13:27:11.126+0200: 424819,303: [GC2015-09-01T13:27:11.126+0200: 424819,303: [ParNew: 287222K->8718K(314560K), 0,0113670 secs] 498087K->220523K(1013632K), 0,0114920 secs] [Times: user=0,09 sys=0,00, real=0,01 secs] 
2015-09-01T13:28:09.161+0200: 424877,337: [GC2015-09-01T13:28:09.161+0200: 424877,337: [ParNew: 288334K->8759K(314560K), 0,0098900 secs] 500139K->221514K(1013632K), 0,0100160 secs] [Times: user=0,05 sys=0,00, real=0,01 secs] 
2015-09-01T13:29:07.169+0200: 424935,346: [GC2015-09-01T13:29:07.169+0200: 424935,346: [ParNew: 288375K->6838K(314560K), 0,0106590 secs] 501130K->220599K(1013632K), 0,0107910 secs] [Times: user=0,07 sys=0,00, real=0,01 secs] 
2015-09-01T13:30:05.637+0200: 424993,814: [GC2015-09-01T13:30:05.638+0200: 424993,814: [ParNew: 286454K->6140K(314560K), 0,0106280 secs] 500215K->220944K(1013632K), 0,0107580 secs] [Times: user=0,07 sys=0,00, real=0,01 secs] 
2015-09-01T13:31:04.195+0200: 425052,372: [GC2015-09-01T13:31:04.195+0200: 425052,372: [ParNew: 285756K->4649K(314560K), 0,0071780 secs] 500560K->220372K(1013632K), 0,0073050 secs] [Times: user=0,07 sys=0,00, real=0,01 secs] 
2015-09-01T13:32:02.062+0200: 425110,238: [GC2015-09-01T13:32:02.062+0200: 425110,238: [ParNew: 284265K->4238K(314560K), 0,0055100 secs] 499988K->220465K(1013632K), 0,0056040 secs] [Times: user=0,02 sys=0,01, real=0,01 secs] 
2015-09-01T13:32:59.799+0200: 425167,976: [GC2015-09-01T13:32:59.799+0200: 425167,976: [ParNew: 283854K->4129K(314560K), 0,0069910 secs] 500081K->220962K(1013632K), 0,0071150 secs] [Times: user=0,06 sys=0,00, real=0,01 secs] 
2015-09-01T13:33:57.712+0200: 425225,888: [GC2015-09-01T13:33:57.712+0200: 425225,889: [ParNew: 283745K->3553K(314560K), 0,0075100 secs] 500578K->221182K(1013632K), 0,0076210 secs] [Times: user=0,05 sys=0,00, real=0,01 secs] 
2015-09-01T13:34:55.742+0200: 425283,919: [GC2015-09-01T13:34:55.742+0200: 425283,919: [ParNew: 283169K->5610K(314560K), 0,0055800 secs] 500798K->223320K(1013632K), 0,0056950 secs] [Times: user=0,04 sys=0,01, real=0,01 secs] 
2015-09-01T13:35:53.770+0200: 425341,947: [GC2015-09-01T13:35:53.770+0200: 425341,947: [ParNew: 285226K->6082K(314560K), 0,0057310 secs] 502936K->224001K(1013632K), 0,0058060 secs] [Times: user=0,02 sys=0,00, real=0,00 secs] 
2015-09-01T13:36:51.799+0200: 425399,976: [GC2015-09-01T13:36:51.799+0200: 425399,976: [ParNew: 285698K->6864K(314560K), 0,0078670 secs] 503617K->225035K(1013632K), 0,0079780 secs] [Times: user=0,05 sys=0,00, real=0,01 secs] 
2015-09-01T13:37:49.830+0200: 425458,007: [GC2015-09-01T13:37:49.831+0200: 425458,007: [ParNew: 286480K->8711K(314560K), 0,0080190 secs] 504651K->227467K(1013632K), 0,0081310 secs] [Times: user=0,06 sys=0,00, real=0,01 secs] 
2015-09-01T13:38:47.844+0200: 425516,021: [GC2015-09-01T13:38:47.844+0200: 425516,021: [ParNew: 288327K->8239K(314560K), 0,0112980 secs] 507083K->227711K(1013632K), 0,0114100 secs] [Times: user=0,07 sys=0,01, real=0,00 secs] 
2015-09-01T13:39:46.265+0200: 425574,442: [GC2015-09-01T13:39:46.265+0200: 425574,442: [ParNew: 287855K->10226K(314560K), 0,0125040 secs] 507327K->230525K(1013632K), 0,0126150 secs] [Times: user=0,09 sys=0,00, real=0,01 secs] 
2015-09-01T13:40:44.828+0200: 425633,005: [GC2015-09-01T13:40:44.828+0200: 425633,005: [ParNew: 289842K->6688K(314560K), 0,0108440 secs] 510141K->227898K(1013632K), 0,0109670 secs] [Times: user=0,09 sys=0,00, real=0,01 secs] 
2015-09-01T13:41:42.729+0200: 425690,906: [GC2015-09-01T13:41:42.730+0200: 425690,906: [ParNew: 286304K->9048K(314560K), 0,0136880 secs] 507514K->231172K(1013632K), 0,0138370 secs] [Times: user=0,07 sys=0,00, real=0,01 secs] 
2015-09-01T13:42:40.668+0200: 425748,844: [GC2015-09-01T13:42:40.668+0200: 425748,844: [ParNew: 288664K->9888K(314560K), 0,0102320 secs] 510788K->232941K(1013632K), 0,0103510 secs] [Times: user=0,09 sys=0,00, real=0,01 secs] 
2015-09-01T13:43:38.845+0200: 425807,021: [GC2015-09-01T13:43:38.845+0200: 425807,022: [ParNew: 289504K->7258K(314560K), 0,0110950 secs] 512557K->231243K(1013632K), 0,0112270 secs] [Times: user=0,07 sys=0,00, real=0,00 secs] 
2015-09-01T13:44:36.811+0200: 425864,988: [GC2015-09-01T13:44:36.811+0200: 425864,988: [ParNew: 286874K->9453K(314560K), 0,0083580 secs] 510859K->234363K(1013632K), 0,0084710 secs] [Times: user=0,07 sys=0,00, real=0,01 secs] 
2015-09-01T13:45:34.736+0200: 425922,913: [GC2015-09-01T13:45:34.737+0200: 425922,913: [ParNew: 289069K->9602K(314560K), 0,0124420 secs] 513979K->235504K(1013632K), 0,0125720 secs] [Times: user=0,08 sys=0,00, real=0,01 secs] 
2015-09-01T13:46:32.665+0200: 425980,841: [GC2015-09-01T13:46:32.665+0200: 425980,841: [ParNew: 289218K->9081K(314560K), 0,0089470 secs] 515120K->235990K(1013632K), 0,0090630 secs] [Times: user=0,07 sys=0,00, real=0,00 secs] 
2015-09-01T13:47:30.052+0200: 426038,228: [GC2015-09-01T13:47:30.052+0200: 426038,229: [ParNew: 288697K->9144K(314560K), 0,0096910 secs] 515606K->237075K(1013632K), 0,0098050 secs] [Times: user=0,09 sys=0,00, real=0,01 secs] 
2015-09-01T13:48:27.847+0200: 426096,023: [GC2015-09-01T13:48:27.847+0200: 426096,023: [ParNew: 288760K->9156K(314560K), 0,0114380 secs] 516691K->238033K(1013632K), 0,0115660 secs] [Times: user=0,08 sys=0,00, real=0,01 secs] 
2015-09-01T13:49:26.168+0200: 426154,344: [GC2015-09-01T13:49:26.168+0200: 426154,344: [ParNew: 288772K->9392K(314560K), 0,0117240 secs] 517649K->239199K(1013632K), 0,0118490 secs] [Times: user=0,08 sys=0,00, real=0,01 secs] 
2015-09-01T13:50:24.769+0200: 426212,945: [GC2015-09-01T13:50:24.769+0200: 426212,945: [ParNew: 289008K->8655K(314560K), 0,0120960 secs] 518815K->239391K(1013632K), 0,0122270 secs] [Times: user=0,06 sys=0,00, real=0,01 secs] 
2015-09-01T13:51:22.787+0200: 426270,964: [GC2015-09-01T13:51:22.787+0200: 426270,964: [ParNew: 288271K->8773K(314560K), 0,0125610 secs] 519007K->240437K(1013632K), 0,0126730 secs] [Times: user=0,08 sys=0,00, real=0,01 secs] 
2015-09-01T13:52:20.822+0200: 426328,999: [GC2015-09-01T13:52:20.822+0200: 426328,999: [ParNew: 288389K->8883K(314560K), 0,0113880 secs] 520053K->241474K(1013632K), 0,0115060 secs] [Times: user=0,09 sys=0,00, real=0,01 secs] 
2015-09-01T13:53:18.856+0200: 426387,033: [GC2015-09-01T13:53:18.856+0200: 426387,033: [ParNew: 288499K->9037K(314560K), 0,0119300 secs] 521090K->242560K(1013632K), 0,0120440 secs] [Times: user=0,06 sys=0,00, real=0,02 secs] 
2015-09-01T13:54:16.891+0200: 426445,068: [GC2015-09-01T13:54:16.891+0200: 426445,068: [ParNew: 288653K->9937K(314560K), 0,0120520 secs] 522176K->244478K(1013632K), 0,0121970 secs] [Times: user=0,09 sys=0,00, real=0,01 secs] 
2015-09-01T13:55:14.926+0200: 426503,102: [GC2015-09-01T13:55:14.926+0200: 426503,102: [ParNew: 289553K->10005K(314560K), 0,0120560 secs] 524094K->245577K(1013632K), 0,0121750 secs] [Times: user=0,08 sys=0,00, real=0,01 secs] 
2015-09-01T13:56:12.847+0200: 426561,023: [GC2015-09-01T13:56:12.847+0200: 426561,023: [ParNew: 289621K->7699K(314560K), 0,0107280 secs] 525193K->244219K(1013632K), 0,0108420 secs] [Times: user=0,10 sys=0,00, real=0,01 secs] 
2015-09-01T13:57:10.782+0200: 426618,959: [GC2015-09-01T13:57:10.782+0200: 426618,959: [ParNew: 287315K->7240K(314560K), 0,0146620 secs] 523835K->244677K(1013632K), 0,0147790 secs] [Times: user=0,08 sys=0,00, real=0,02 secs] 
2015-09-01T13:58:08.624+0200: 426676,801: [GC2015-09-01T13:58:08.624+0200: 426676,801: [ParNew: 286856K->9393K(314560K), 0,0114440 secs] 524293K->247788K(1013632K), 0,0115560 secs] [Times: user=0,08 sys=0,00, real=0,01 secs] 
2015-09-01T13:59:06.590+0200: 426734,766: [GC2015-09-01T13:59:06.590+0200: 426734,766: [ParNew: 289009K->9464K(314560K), 0,0115580 secs] 527404K->248793K(1013632K), 0,0116750 secs] [Times: user=0,08 sys=0,00, real=0,01 secs] 
2015-09-01T14:00:04.464+0200: 426792,640: [GC2015-09-01T14:00:04.464+0200: 426792,640: [ParNew: 289080K->9602K(314560K), 0,0099140 secs] 528409K->249887K(1013632K), 0,0100260 secs] [Times: user=0,08 sys=0,00, real=0,01 secs] 
2015-09-01T14:01:02.791+0200: 426850,967: [GC2015-09-01T14:01:02.791+0200: 426850,967: [ParNew: 289218K->8235K(314560K), 0,0116470 secs] 529503K->249452K(1013632K), 0,0117700 secs] [Times: user=0,09 sys=0,00, real=0,01 secs] 
2015-09-01T14:02:00.718+0200: 426908,895: [GC2015-09-01T14:02:00.718+0200: 426908,895: [ParNew: 287851K->9115K(314560K), 0,0112740 secs] 529068K->251298K(1013632K), 0,0113890 secs] [Times: user=0,09 sys=0,00, real=0,01 secs] 
2015-09-01T14:02:58.897+0200: 426967,074: [GC2015-09-01T14:02:58.897+0200: 426967,074: [ParNew: 288731K->9988K(314560K), 0,0114130 secs] 530914K->253199K(1013632K), 0,0115220 secs] [Times: user=0,07 sys=0,00, real=0,01 secs] 
2015-09-01T14:03:56.775+0200: 427024,951: [GC2015-09-01T14:03:56.775+0200: 427024,951: [ParNew: 289604K->8478K(314560K), 0,0117260 secs] 532815K->252710K(1013632K), 0,0118400 secs] [Times: user=0,08 sys=0,00, real=0,02 secs] 
2015-09-01T14:04:54.810+0200: 427082,986: [GC2015-09-01T14:04:54.810+0200: 427082,986: [ParNew: 288094K->7716K(314560K), 0,0112500 secs] 532326K->252899K(1013632K), 0,0113660 secs] [Times: user=0,10 sys=0,00, real=0,01 secs] 
2015-09-01T14:05:52.844+0200: 427141,020: [GC2015-09-01T14:05:52.844+0200: 427141,020: [ParNew: 287332K->9481K(314560K), 0,0101740 secs] 532515K->255614K(1013632K), 0,0103260 secs] [Times: user=0,10 sys=0,00, real=0,01 secs] 
2015-09-01T14:06:50.877+0200: 427199,053: [GC2015-09-01T14:06:50.877+0200: 427199,053: [ParNew: 289097K->8732K(314560K), 0,0120410 secs] 535230K->255802K(1013632K), 0,0121660 secs] [Times: user=0,06 sys=0,00, real=0,01 secs] 
2015-09-01T14:07:48.912+0200: 427257,088: [GC2015-09-01T14:07:48.912+0200: 427257,088: [ParNew: 288348K->9569K(314560K), 0,0121010 secs] 535418K->257583K(1013632K), 0,0122130 secs] [Times: user=0,09 sys=0,00, real=0,01 secs] 
2015-09-01T14:08:46.947+0200: 427315,123: [GC2015-09-01T14:08:46.947+0200: 427315,123: [ParNew: 289185K->8960K(314560K), 0,0113490 secs] 537199K->257917K(1013632K), 0,0114750 secs] [Times: user=0,09 sys=0,00, real=0,01 secs] 
2015-09-01T14:09:45.238+0200: 427373,415: [GC2015-09-01T14:09:45.238+0200: 427373,415: [ParNew: 288576K->9833K(314560K), 0,0110490 secs] 537533K->259727K(1013632K), 0,0111710 secs] [Times: user=0,09 sys=0,00, real=0,01 secs] 
2015-09-01T14:10:43.105+0200: 427431,281: [GC2015-09-01T14:10:43.105+0200: 427431,281: [ParNew: 289449K->10724K(314560K), 0,0115940 secs] 539343K->261625K(1013632K), 0,0117090 secs] [Times: user=0,07 sys=0,00, real=0,01 secs] 
2015-09-01T14:11:41.025+0200: 427489,202: [GC2015-09-01T14:11:41.025+0200: 427489,202: [ParNew: 290340K->8171K(314560K), 0,0134980 secs] 541241K->260119K(1013632K), 0,0136430 secs] [Times: user=0,09 sys=0,00, real=0,01 secs] 
2015-09-01T14:12:39.061+0200: 427547,238: [GC2015-09-01T14:12:39.062+0200: 427547,238: [ParNew: 287787K->9055K(314560K), 0,0101780 secs] 539735K->261951K(1013632K), 0,0102960 secs] [Times: user=0,06 sys=0,00, real=0,01 secs] 
2015-09-01T14:13:37.094+0200: 427605,271: [GC2015-09-01T14:13:37.095+0200: 427605,271: [ParNew: 288671K->9132K(314560K), 0,0168150 secs] 541567K->262978K(1013632K), 0,0169280 secs] [Times: user=0,10 sys=0,00, real=0,02 secs] 
2015-09-01T14:14:34.518+0200: 427662,695: [GC2015-09-01T14:14:34.518+0200: 427662,695: [ParNew: 288748K->9989K(314560K), 0,0099160 secs] 542594K->264768K(1013632K), 0,0100010 secs] [Times: user=0,04 sys=0,00, real=0,01 secs] 
2015-09-01T14:15:32.355+0200: 427720,532: [GC2015-09-01T14:15:32.355+0200: 427720,532: [ParNew: 289605K->8592K(314560K), 0,0074940 secs] 544384K->264302K(1013632K), 0,0075830 secs] [Times: user=0,04 sys=0,00, real=0,01 secs] 
2015-09-01T14:16:30.087+0200: 427778,264: [GC2015-09-01T14:16:30.087+0200: 427778,264: [ParNew: 288208K->10043K(314560K), 0,0110610 secs] 543918K->266686K(1013632K), 0,0111740 secs] [Times: user=0,08 sys=0,00, real=0,01 secs] 
2015-09-01T14:17:27.844+0200: 427836,021: [GC2015-09-01T14:17:27.844+0200: 427836,021: [ParNew: 289659K->9526K(314560K), 0,0115420 secs] 546302K->267110K(1013632K), 0,0116620 secs] [Times: user=0,07 sys=0,01, real=0,00 secs] 
2015-09-01T14:18:25.695+0200: 427893,871: [GC2015-09-01T14:18:25.695+0200: 427893,871: [ParNew: 289142K->9810K(314560K), 0,0128660 secs] 546726K->268336K(1013632K), 0,0129600 secs] [Times: user=0,07 sys=0,00, real=0,02 secs] 
2015-09-01T14:19:23.653+0200: 427951,830: [GC2015-09-01T14:19:23.653+0200: 427951,830: [ParNew: 289426K->10742K(314560K), 0,0142260 secs] 547952K->270322K(1013632K), 0,0143420 secs] [Times: user=0,08 sys=0,00, real=0,02 secs] 
2015-09-01T14:20:21.690+0200: 428009,867: [GC2015-09-01T14:20:21.690+0200: 428009,867: [ParNew: 290358K->7681K(314560K), 0,0115610 secs] 549938K->268301K(1013632K), 0,0117010 secs] [Times: user=0,09 sys=0,00, real=0,01 secs] 
2015-09-01T14:21:19.458+0200: 428067,634: [GC2015-09-01T14:21:19.458+0200: 428067,634: [ParNew: 287297K->9047K(314560K), 0,0075300 secs] 547917K->270610K(1013632K), 0,0076270 secs] [Times: user=0,06 sys=0,00, real=0,01 secs] 
2015-09-01T14:22:17.346+0200: 428125,522: [GC2015-09-01T14:22:17.346+0200: 428125,522: [ParNew: 288663K->8470K(314560K), 0,0103220 secs] 550226K->270977K(1013632K), 0,0104460 secs] [Times: user=0,07 sys=0,00, real=0,00 secs] 
2015-09-01T14:23:15.378+0200: 428183,555: [GC2015-09-01T14:23:15.379+0200: 428183,555: [ParNew: 288086K->9293K(314560K), 0,0062960 secs] 550593K->272721K(1013632K), 0,0063810 secs] [Times: user=0,06 sys=0,00, real=0,01 secs] 
2015-09-01T14:24:13.408+0200: 428241,584: [GC2015-09-01T14:24:13.408+0200: 428241,584: [ParNew: 288909K->9456K(314560K), 0,0112420 secs] 552337K->273819K(1013632K), 0,0113660 secs] [Times: user=0,08 sys=0,00, real=0,01 secs] 
2015-09-01T14:25:10.996+0200: 428299,173: [GC2015-09-01T14:25:10.996+0200: 428299,173: [ParNew: 289072K->9594K(314560K), 0,0206350 secs] 553435K->274899K(1013632K), 0,0207640 secs] [Times: user=0,12 sys=0,00, real=0,03 secs] 
2015-09-01T14:26:08.865+0200: 428357,042: [GC2015-09-01T14:26:08.865+0200: 428357,042: [ParNew: 289210K->9389K(314560K), 0,0092100 secs] 554515K->275641K(1013632K), 0,0093210 secs] [Times: user=0,07 sys=0,00, real=0,00 secs] 
2015-09-01T14:27:06.288+0200: 428414,465: [GC2015-09-01T14:27:06.288+0200: 428414,465: [ParNew: 289005K->9864K(314560K), 0,0170300 secs] 555257K->277093K(1013632K), 0,0171520 secs] [Times: user=0,10 sys=0,00, real=0,02 secs] 
2015-09-01T14:28:04.069+0200: 428472,246: [GC2015-09-01T14:28:04.069+0200: 428472,246: [ParNew: 289480K->9145K(314560K), 0,0116890 secs] 556709K->277393K(1013632K), 0,0118240 secs] [Times: user=0,08 sys=0,00, real=0,01 secs] 
2015-09-01T14:29:01.785+0200: 428529,962: [GC2015-09-01T14:29:01.785+0200: 428529,962: [ParNew: 288761K->7730K(314560K), 0,0105590 secs] 557009K->277012K(1013632K), 0,0106710 secs] [Times: user=0,07 sys=0,00, real=0,00 secs] 
2015-09-01T14:29:59.773+0200: 428587,949: [GC2015-09-01T14:29:59.773+0200: 428587,949: [ParNew: 287346K->6187K(314560K), 0,0085090 secs] 556628K->276400K(1013632K), 0,0086210 secs] [Times: user=0,06 sys=0,00, real=0,01 secs] 
2015-09-01T14:30:57.806+0200: 428645,982: [GC2015-09-01T14:30:57.806+0200: 428645,982: [ParNew: 285803K->5462K(314560K), 0,0101660 secs] 556016K->276618K(1013632K), 0,0102780 secs] [Times: user=0,06 sys=0,00, real=0,00 secs] 
2015-09-01T14:31:55.838+0200: 428704,015: [GC2015-09-01T14:31:55.839+0200: 428704,015: [ParNew: 285078K->4254K(314560K), 0,0074720 secs] 556234K->275909K(1013632K), 0,0075940 secs] [Times: user=0,06 sys=0,00, real=0,01 secs] 
2015-09-01T14:32:53.365+0200: 428761,542: [GC2015-09-01T14:32:53.365+0200: 428761,542: [ParNew: 283870K->3881K(314560K), 0,0067310 secs] 555525K->276174K(1013632K), 0,0068670 secs] [Times: user=0,04 sys=0,01, real=0,00 secs] 
2015-09-01T14:33:51.290+0200: 428819,467: [GC2015-09-01T14:33:51.290+0200: 428819,467: [ParNew: 283497K->4288K(314560K), 0,0078090 secs] 555790K->277380K(1013632K), 0,0079100 secs] [Times: user=0,04 sys=0,00, real=0,01 secs] 
2015-09-01T14:34:49.098+0200: 428877,274: [GC2015-09-01T14:34:49.098+0200: 428877,274: [ParNew: 283904K->5812K(314560K), 0,0038660 secs] 556996K->278982K(1013632K), 0,0039530 secs] [Times: user=0,03 sys=0,00, real=0,00 secs] 
2015-09-01T14:35:46.943+0200: 428935,119: [GC2015-09-01T14:35:46.943+0200: 428935,119: [ParNew: 285428K->6314K(314560K), 0,0078490 secs] 558598K->279761K(1013632K), 0,0080010 secs] [Times: user=0,05 sys=0,00, real=0,01 secs] 
2015-09-01T14:36:44.973+0200: 428993,150: [GC2015-09-01T14:36:44.973+0200: 428993,150: [ParNew: 285930K->8116K(314560K), 0,0084630 secs] 559377K->281878K(1013632K), 0,0085920 secs] [Times: user=0,06 sys=0,00, real=0,01 secs] 
2015-09-01T14:37:43.005+0200: 429051,182: [GC2015-09-01T14:37:43.005+0200: 429051,182: [ParNew: 287732K->8172K(314560K), 0,0100630 secs] 561494K->282398K(1013632K), 0,0101640 secs] [Times: user=0,05 sys=0,00, real=0,00 secs] 
2015-09-01T14:38:41.038+0200: 429109,214: [GC2015-09-01T14:38:41.038+0200: 429109,215: [ParNew: 287788K->8422K(314560K), 0,0150880 secs] 562014K->283287K(1013632K), 0,0151960 secs] [Times: user=0,07 sys=0,00, real=0,01 secs] 
2015-09-01T14:39:39.077+0200: 429167,253: [GC2015-09-01T14:39:39.077+0200: 429167,253: [ParNew: 288038K->8262K(314560K), 0,0097380 secs] 562903K->283998K(1013632K), 0,0098350 secs] [Times: user=0,05 sys=0,00, real=0,01 secs] 
2015-09-01T14:40:37.015+0200: 429225,192: [GC2015-09-01T14:40:37.015+0200: 429225,192: [ParNew: 287878K->8552K(314560K), 0,0225270 secs] 563614K->285209K(1013632K), 0,0226400 secs] [Times: user=0,07 sys=0,00, real=0,03 secs] 
2015-09-01T14:41:34.861+0200: 429283,037: [GC2015-09-01T14:41:34.861+0200: 429283,037: [ParNew: 288168K->8749K(314560K), 0,0121770 secs] 564825K->286329K(1013632K), 0,0123020 secs] [Times: user=0,09 sys=0,00, real=0,01 secs] 
2015-09-01T14:42:31.781+0200: 429339,957: [GC2015-09-01T14:42:31.781+0200: 429339,957: [ParNew: 288365K->10374K(314560K), 0,0115130 secs] 565945K->288876K(1013632K), 0,0116260 secs] [Times: user=0,07 sys=0,01, real=0,01 secs] 
2015-09-01T14:43:29.369+0200: 429397,545: [GC2015-09-01T14:43:29.369+0200: 429397,545: [ParNew: 289990K->6560K(314560K), 0,0146640 secs] 568492K->286005K(1013632K), 0,0147710 secs] [Times: user=0,05 sys=0,00, real=0,01 secs] 
2015-09-01T14:44:27.206+0200: 429455,383: [GC2015-09-01T14:44:27.206+0200: 429455,383: [ParNew: 286176K->8283K(314560K), 0,0089260 secs] 565621K->288753K(1013632K), 0,0090190 secs] [Times: user=0,06 sys=0,00, real=0,00 secs] 
2015-09-01T14:45:25.238+0200: 429513,415: [GC2015-09-01T14:45:25.238+0200: 429513,415: [ParNew: 287899K->8933K(314560K), 0,0119820 secs] 568369K->290429K(1013632K), 0,0121240 secs] [Times: user=0,10 sys=0,00, real=0,01 secs] 
2015-09-01T14:46:23.273+0200: 429571,449: [GC2015-09-01T14:46:23.273+0200: 429571,450: [ParNew: 288549K->9095K(314560K), 0,0115810 secs] 570045K->291539K(1013632K), 0,0116990 secs] [Times: user=0,07 sys=0,00, real=0,02 secs] 
2015-09-01T14:47:21.159+0200: 429629,335: [GC2015-09-01T14:47:21.159+0200: 429629,335: [ParNew: 288711K->10040K(314560K), 0,0107080 secs] 571155K->293406K(1013632K), 0,0108240 secs] [Times: user=0,09 sys=0,00, real=0,01 secs] 
2015-09-01T14:48:19.129+0200: 429687,306: [GC2015-09-01T14:48:19.129+0200: 429687,306: [ParNew: 289656K->7166K(314560K), 0,0105990 secs] 573022K->291454K(1013632K), 0,0107250 secs] [Times: user=0,08 sys=0,00, real=0,01 secs] 
2015-09-01T14:49:16.762+0200: 429744,938: [GC2015-09-01T14:49:16.762+0200: 429744,938: [ParNew: 286782K->9211K(314560K), 0,0126980 secs] 571070K->294429K(1013632K), 0,0128140 secs] [Times: user=0,08 sys=0,00, real=0,01 secs] 
2015-09-01T14:50:14.770+0200: 429802,947: [GC2015-09-01T14:50:14.770+0200: 429802,947: [ParNew: 288827K->9343K(314560K), 0,0112030 secs] 574045K->295485K(1013632K), 0,0113320 secs] [Times: user=0,10 sys=0,00, real=0,01 secs] 
2015-09-01T14:51:12.607+0200: 429860,783: [GC2015-09-01T14:51:12.607+0200: 429860,783: [ParNew: 288959K->9647K(314560K), 0,0108930 secs] 575101K->296729K(1013632K), 0,0110150 secs] [Times: user=0,09 sys=0,00, real=0,01 secs] 
2015-09-01T14:52:10.640+0200: 429918,817: [GC2015-09-01T14:52:10.640+0200: 429918,817: [ParNew: 289263K->9078K(314560K), 0,0116810 secs] 576345K->297143K(1013632K), 0,0118250 secs] [Times: user=0,08 sys=0,00, real=0,01 secs] 
2015-09-01T14:53:08.674+0200: 429976,851: [GC2015-09-01T14:53:08.674+0200: 429976,851: [ParNew: 288694K->9910K(314560K), 0,0110660 secs] 576759K->298997K(1013632K), 0,0111970 secs] [Times: user=0,10 sys=0,00, real=0,02 secs] 
2015-09-01T14:54:06.289+0200: 430034,466: [GC2015-09-01T14:54:06.289+0200: 430034,466: [ParNew: 289526K->9931K(314560K), 0,0113820 secs] 578613K->300041K(1013632K), 0,0115270 secs] [Times: user=0,07 sys=0,01, real=0,01 secs] 
2015-09-01T14:55:04.131+0200: 430092,307: [GC2015-09-01T14:55:04.131+0200: 430092,307: [ParNew: 289547K->6886K(314560K), 0,0102260 secs] 579657K->297929K(1013632K), 0,0103420 secs] [Times: user=0,09 sys=0,00, real=0,01 secs] 
2015-09-01T14:56:02.164+0200: 430150,340: [GC2015-09-01T14:56:02.164+0200: 430150,340: [ParNew: 286502K->9408K(314560K), 0,0108120 secs] 577545K->301380K(1013632K), 0,0109270 secs] [Times: user=0,09 sys=0,00, real=0,01 secs] 
2015-09-01T14:57:00.171+0200: 430208,347: [GC2015-09-01T14:57:00.171+0200: 430208,347: [ParNew: 289024K->9381K(314560K), 0,0103280 secs] 580996K->302298K(1013632K), 0,0104590 secs] [Times: user=0,09 sys=0,00, real=0,01 secs] 
2015-09-01T14:57:58.020+0200: 430266,196: [GC2015-09-01T14:57:58.020+0200: 430266,196: [ParNew: 288997K->8730K(314560K), 0,0134100 secs] 581914K->302569K(1013632K), 0,0135470 secs] [Times: user=0,09 sys=0,00, real=0,01 secs] 
2015-09-01T14:58:56.522+0200: 430324,699: [GC2015-09-01T14:58:56.522+0200: 430324,699: [ParNew: 288346K->10327K(314560K), 0,0106240 secs] 582185K->305102K(1013632K), 0,0107470 secs] [Times: user=0,06 sys=0,00, real=0,01 secs] 
2015-09-01T14:59:54.478+0200: 430382,655: [GC2015-09-01T14:59:54.478+0200: 430382,655: [ParNew: 289943K->7476K(314560K), 0,0117040 secs] 584718K->303194K(1013632K), 0,0118390 secs] [Times: user=0,09 sys=0,00, real=0,01 secs] 
2015-09-01T15:00:52.617+0200: 430440,793: [GC2015-09-01T15:00:52.617+0200: 430440,794: [ParNew: 287092K->8959K(314560K), 0,0115270 secs] 582810K->305675K(1013632K), 0,0116430 secs] [Times: user=0,08 sys=0,01, real=0,01 secs] 
2015-09-01T15:01:50.669+0200: 430498,845: [GC2015-09-01T15:01:50.669+0200: 430498,845: [ParNew: 288575K->8202K(314560K), 0,0125990 secs] 585291K->305938K(1013632K), 0,0127300 secs] [Times: user=0,08 sys=0,00, real=0,01 secs] 
2015-09-01T15:02:48.557+0200: 430556,733: [GC2015-09-01T15:02:48.557+0200: 430556,733: [ParNew: 287818K->9124K(314560K), 0,0110660 secs] 585554K->307791K(1013632K), 0,0111800 secs] [Times: user=0,07 sys=0,00, real=0,01 secs] 
2015-09-01T15:03:46.591+0200: 430614,767: [GC2015-09-01T15:03:46.591+0200: 430614,767: [ParNew: 288740K->8639K(314560K), 0,0127590 secs] 587407K->308237K(1013632K), 0,0128960 secs] [Times: user=0,08 sys=0,00, real=0,01 secs] 
2015-09-01T15:04:44.571+0200: 430672,748: [GC2015-09-01T15:04:44.571+0200: 430672,748: [ParNew: 288255K->8625K(314560K), 0,0108800 secs] 587853K->309177K(1013632K), 0,0109860 secs] [Times: user=0,10 sys=0,00, real=0,01 secs] 
2015-09-01T15:05:42.449+0200: 430730,625: [GC2015-09-01T15:05:42.449+0200: 430730,625: [ParNew: 288241K->8717K(314560K), 0,0132170 secs] 588793K->310201K(1013632K), 0,0133360 secs] [Times: user=0,09 sys=0,00, real=0,01 secs] 
2015-09-01T15:06:40.484+0200: 430788,661: [GC2015-09-01T15:06:40.484+0200: 430788,661: [ParNew: 288333K->8114K(314560K), 0,0118050 secs] 589817K->310519K(1013632K), 0,0119240 secs] [Times: user=0,07 sys=0,01, real=0,01 secs] 
2015-09-01T15:07:38.105+0200: 430846,281: [GC2015-09-01T15:07:38.105+0200: 430846,281: [ParNew: 287730K->8245K(314560K), 0,0141980 secs] 590135K->311589K(1013632K), 0,0143200 secs] [Times: user=0,08 sys=0,00, real=0,01 secs] 
2015-09-01T15:08:35.942+0200: 430904,118: [GC2015-09-01T15:08:35.942+0200: 430904,118: [ParNew: 287861K->9880K(314560K), 0,0092660 secs] 591205K->314192K(1013632K), 0,0093840 secs] [Times: user=0,07 sys=0,00, real=0,01 secs] 
2015-09-01T15:09:33.907+0200: 430962,084: [GC2015-09-01T15:09:33.907+0200: 430962,084: [ParNew: 289496K->7689K(314560K), 0,0103440 secs] 593808K->313028K(1013632K), 0,0104550 secs] [Times: user=0,09 sys=0,00, real=0,01 secs] 
2015-09-01T15:10:30.595+0200: 431018,772: [GC2015-09-01T15:10:30.595+0200: 431018,772: [ParNew: 287305K->10790K(314560K), 0,0147870 secs] 592644K->317172K(1013632K), 0,0149440 secs] [Times: user=0,12 sys=0,00, real=0,02 secs] 
2015-09-01T15:11:28.635+0200: 431076,811: [GC2015-09-01T15:11:28.635+0200: 431076,811: [ParNew: 290406K->7705K(314560K), 0,0155010 secs] 596788K->315034K(1013632K), 0,0156210 secs] [Times: user=0,09 sys=0,00, real=0,02 secs] 
2015-09-01T15:12:26.622+0200: 431134,798: [GC2015-09-01T15:12:26.622+0200: 431134,798: [ParNew: 287321K->9153K(314560K), 0,0119330 secs] 594650K->317416K(1013632K), 0,0120620 secs] [Times: user=0,08 sys=0,00, real=0,01 secs] 
2015-09-01T15:13:24.495+0200: 431192,671: [GC2015-09-01T15:13:24.495+0200: 431192,671: [ParNew: 288769K->8475K(314560K), 0,0111370 secs] 597032K->317673K(1013632K), 0,0112610 secs] [Times: user=0,09 sys=0,00, real=0,02 secs] 
2015-09-01T15:14:22.529+0200: 431250,705: [GC2015-09-01T15:14:22.529+0200: 431250,705: [ParNew: 288091K->9448K(314560K), 0,0118140 secs] 597289K->319596K(1013632K), 0,0119330 secs] [Times: user=0,08 sys=0,00, real=0,01 secs] 
2015-09-01T15:15:20.536+0200: 431308,713: [GC2015-09-01T15:15:20.536+0200: 431308,713: [ParNew: 289064K->9579K(314560K), 0,0110290 secs] 599212K->320663K(1013632K), 0,0111940 secs] [Times: user=0,08 sys=0,00, real=0,01 secs] 
2015-09-01T15:16:18.389+0200: 431366,565: [GC2015-09-01T15:16:18.389+0200: 431366,566: [ParNew: 289195K->10491K(314560K), 0,0113220 secs] 600279K->322523K(1013632K), 0,0114410 secs] [Times: user=0,08 sys=0,00, real=0,01 secs] 
2015-09-01T15:17:16.423+0200: 431424,600: [GC2015-09-01T15:17:16.423+0200: 431424,600: [ParNew: 290107K->8059K(314560K), 0,0225860 secs] 602139K->321071K(1013632K), 0,0227470 secs] [Times: user=0,18 sys=0,00, real=0,03 secs] 
2015-09-01T15:18:14.468+0200: 431482,645: [GC2015-09-01T15:18:14.468+0200: 431482,645: [ParNew: 287675K->10458K(314560K), 0,0130580 secs] 600687K->324507K(1013632K), 0,0131700 secs] [Times: user=0,10 sys=0,00, real=0,01 secs] 
2015-09-01T15:19:12.503+0200: 431540,680: [GC2015-09-01T15:19:12.503+0200: 431540,680: [ParNew: 290074K->7872K(314560K), 0,0122160 secs] 604123K->322941K(1013632K), 0,0123550 secs] [Times: user=0,10 sys=0,00, real=0,01 secs] 
2015-09-01T15:20:10.538+0200: 431598,715: [GC2015-09-01T15:20:10.538+0200: 431598,715: [ParNew: 287488K->9715K(314560K), 0,0107850 secs] 602557K->325702K(1013632K), 0,0108960 secs] [Times: user=0,08 sys=0,00, real=0,01 secs] 
2015-09-01T15:21:09.311+0200: 431657,487: [GC2015-09-01T15:21:09.311+0200: 431657,487: [ParNew: 289331K->7113K(314560K), 0,0105310 secs] 605318K->324057K(1013632K), 0,0106550 secs] [Times: user=0,10 sys=0,00, real=0,01 secs] 
2015-09-01T15:22:07.454+0200: 431715,630: [GC2015-09-01T15:22:07.454+0200: 431715,630: [ParNew: 286729K->9256K(314560K), 0,0112240 secs] 603673K->327153K(1013632K), 0,0113420 secs] [Times: user=0,08 sys=0,00, real=0,02 secs] 
2015-09-01T15:23:05.598+0200: 431773,775: [GC2015-09-01T15:23:05.598+0200: 431773,775: [ParNew: 288872K->9375K(314560K), 0,0119470 secs] 606769K->328223K(1013632K), 0,0120690 secs] [Times: user=0,10 sys=0,00, real=0,01 secs] 
2015-09-01T15:24:04.269+0200: 431832,445: [GC2015-09-01T15:24:04.269+0200: 431832,445: [ParNew: 288991K->8903K(314560K), 0,0113570 secs] 607839K->328688K(1013632K), 0,0115070 secs] [Times: user=0,07 sys=0,01, real=0,01 secs] 
2015-09-01T15:25:02.264+0200: 431890,441: [GC2015-09-01T15:25:02.264+0200: 431890,441: [ParNew: 288519K->9827K(314560K), 0,0138710 secs] 608304K->330550K(1013632K), 0,0139900 secs] [Times: user=0,11 sys=0,00, real=0,02 secs] 
2015-09-01T15:25:59.661+0200: 431947,837: [GC2015-09-01T15:25:59.661+0200: 431947,837: [ParNew: 289443K->9713K(314560K), 0,0136360 secs] 610166K->331479K(1013632K), 0,0137890 secs] [Times: user=0,07 sys=0,00, real=0,01 secs] 
2015-09-01T15:26:57.415+0200: 432005,592: [GC2015-09-01T15:26:57.416+0200: 432005,592: [ParNew: 289329K->8584K(314560K), 0,0119990 secs] 611095K->331395K(1013632K), 0,0121420 secs] [Times: user=0,09 sys=0,00, real=0,02 secs] 
2015-09-01T15:27:54.785+0200: 432062,961: [GC2015-09-01T15:27:54.785+0200: 432062,961: [ParNew: 288200K->9483K(314560K), 0,0112750 secs] 611011K->333225K(1013632K), 0,0113890 secs] [Times: user=0,06 sys=0,01, real=0,00 secs] 
2015-09-01T15:28:52.766+0200: 432120,942: [GC2015-09-01T15:28:52.766+0200: 432120,943: [ParNew: 289099K->7356K(314560K), 0,0105330 secs] 612841K->332024K(1013632K), 0,0106400 secs] [Times: user=0,07 sys=0,00, real=0,01 secs] 
2015-09-01T15:29:50.800+0200: 432178,976: [GC2015-09-01T15:29:50.800+0200: 432178,976: [ParNew: 286972K->5932K(314560K), 0,0095210 secs] 611640K->331547K(1013632K), 0,0096480 secs] [Times: user=0,10 sys=0,00, real=0,01 secs] 
2015-09-01T15:30:48.833+0200: 432237,010: [GC2015-09-01T15:30:48.833+0200: 432237,010: [ParNew: 285548K->5106K(314560K), 0,0095750 secs] 611163K->331748K(1013632K), 0,0097160 secs] [Times: user=0,06 sys=0,00, real=0,01 secs] 
2015-09-01T15:31:46.865+0200: 432295,042: [GC2015-09-01T15:31:46.865+0200: 432295,042: [ParNew: 284722K->4567K(314560K), 0,0082830 secs] 611364K->331717K(1013632K), 0,0084290 secs] [Times: user=0,06 sys=0,00, real=0,00 secs] 
2015-09-01T15:32:44.896+0200: 432353,073: [GC2015-09-01T15:32:44.896+0200: 432353,073: [ParNew: 284183K->4647K(314560K), 0,0060530 secs] 611333K->332297K(1013632K), 0,0061640 secs] [Times: user=0,04 sys=0,01, real=0,01 secs] 
2015-09-01T15:33:42.709+0200: 432410,886: [GC2015-09-01T15:33:42.709+0200: 432410,886: [ParNew: 284263K->4134K(314560K), 0,0089520 secs] 611913K->332828K(1013632K), 0,0090650 secs] [Times: user=0,06 sys=0,00, real=0,01 secs] 
2015-09-01T15:34:40.840+0200: 432469,017: [GC2015-09-01T15:34:40.840+0200: 432469,017: [ParNew: 283750K->5023K(314560K), 0,0057210 secs] 612444K->333884K(1013632K), 0,0058410 secs] [Times: user=0,05 sys=0,00, real=0,01 secs] 
2015-09-01T15:35:38.769+0200: 432526,946: [GC2015-09-01T15:35:38.769+0200: 432526,946: [ParNew: 284639K->6105K(314560K), 0,0068860 secs] 613500K->335255K(1013632K), 0,0070090 secs] [Times: user=0,05 sys=0,01, real=0,00 secs] 
2015-09-01T15:36:36.734+0200: 432584,911: [GC2015-09-01T15:36:36.734+0200: 432584,911: [ParNew: 285721K->6766K(314560K), 0,0075160 secs] 614871K->336138K(1013632K), 0,0076400 secs] [Times: user=0,04 sys=0,00, real=0,01 secs] 
2015-09-01T15:37:34.625+0200: 432642,802: [GC2015-09-01T15:37:34.625+0200: 432642,802: [ParNew: 286382K->6840K(314560K), 0,0108000 secs] 615754K->336670K(1013632K), 0,0109520 secs] [Times: user=0,05 sys=0,01, real=0,00 secs] 
2015-09-01T15:38:33.105+0200: 432701,281: [GC2015-09-01T15:38:33.105+0200: 432701,281: [ParNew: 286456K->8244K(314560K), 0,0063530 secs] 616286K->338596K(1013632K), 0,0064580 secs] [Times: user=0,04 sys=0,00, real=0,00 secs] 
2015-09-01T15:39:31.045+0200: 432759,222: [GC2015-09-01T15:39:31.045+0200: 432759,222: [ParNew: 287860K->9112K(314560K), 0,0109100 secs] 618212K->340057K(1013632K), 0,0110120 secs] [Times: user=0,06 sys=0,00, real=0,00 secs] 
2015-09-01T15:40:29.810+0200: 432817,986: [GC2015-09-01T15:40:29.810+0200: 432817,987: [ParNew: 288728K->9200K(314560K), 0,0108320 secs] 619673K->340978K(1013632K), 0,0109800 secs] [Times: user=0,06 sys=0,01, real=0,01 secs] 
2015-09-01T15:41:27.726+0200: 432875,902: [GC2015-09-01T15:41:27.726+0200: 432875,902: [ParNew: 288816K->8882K(314560K), 0,0110000 secs] 620594K->341563K(1013632K), 0,0111150 secs] [Times: user=0,07 sys=0,01, real=0,01 secs] 
2015-09-01T15:42:25.759+0200: 432933,936: [GC2015-09-01T15:42:25.760+0200: 432933,936: [ParNew: 288498K->10632K(314560K), 0,0139850 secs] 621179K->344305K(1013632K), 0,0141340 secs] [Times: user=0,11 sys=0,00, real=0,01 secs] 
2015-09-01T15:43:23.796+0200: 432991,973: [GC2015-09-01T15:43:23.796+0200: 432991,973: [ParNew: 290248K->7663K(314560K), 0,0107920 secs] 623921K->342356K(1013632K), 0,0109020 secs] [Times: user=0,08 sys=0,00, real=0,02 secs] 
2015-09-01T15:44:21.707+0200: 433049,884: [GC2015-09-01T15:44:21.707+0200: 433049,884: [ParNew: 287279K->9074K(314560K), 0,0116060 secs] 621972K->344704K(1013632K), 0,0117110 secs] [Times: user=0,10 sys=0,00, real=0,01 secs] 
2015-09-01T15:45:19.652+0200: 433107,828: [GC2015-09-01T15:45:19.652+0200: 433107,828: [ParNew: 288690K->9198K(314560K), 0,0119270 secs] 624320K->345777K(1013632K), 0,0120820 secs] [Times: user=0,09 sys=0,00, real=0,01 secs] 
2015-09-01T15:46:17.620+0200: 433165,797: [GC2015-09-01T15:46:17.620+0200: 433165,797: [ParNew: 288814K->7886K(314560K), 0,0118510 secs] 625393K->345409K(1013632K), 0,0120160 secs] [Times: user=0,07 sys=0,01, real=0,01 secs] 
2015-09-01T15:47:15.508+0200: 433223,685: [GC2015-09-01T15:47:15.508+0200: 433223,685: [ParNew: 287502K->9447K(314560K), 0,0175550 secs] 625025K->347909K(1013632K), 0,0176750 secs] [Times: user=0,09 sys=0,00, real=0,02 secs] 
2015-09-01T15:48:13.549+0200: 433281,726: [GC2015-09-01T15:48:13.549+0200: 433281,726: [ParNew: 289063K->9579K(314560K), 0,0117420 secs] 627525K->348985K(1013632K), 0,0118640 secs] [Times: user=0,06 sys=0,00, real=0,01 secs] 
2015-09-01T15:49:11.583+0200: 433339,760: [GC2015-09-01T15:49:11.583+0200: 433339,760: [ParNew: 289195K->8952K(314560K), 0,0105830 secs] 628601K->349294K(1013632K), 0,0107300 secs] [Times: user=0,08 sys=0,00, real=0,01 secs] 
2015-09-01T15:50:09.616+0200: 433397,793: [GC2015-09-01T15:50:09.616+0200: 433397,793: [ParNew: 288568K->9065K(314560K), 0,0082860 secs] 628910K->350367K(1013632K), 0,0083690 secs] [Times: user=0,04 sys=0,00, real=0,01 secs] 
2015-09-01T15:51:07.647+0200: 433455,824: [GC2015-09-01T15:51:07.647+0200: 433455,824: [ParNew: 288681K->9915K(314560K), 0,0148570 secs] 629983K->352245K(1013632K), 0,0149870 secs] [Times: user=0,08 sys=0,00, real=0,01 secs] 
2015-09-01T15:52:05.685+0200: 433513,862: [GC2015-09-01T15:52:05.685+0200: 433513,862: [ParNew: 289531K->9174K(314560K), 0,0117470 secs] 631861K->352530K(1013632K), 0,0118650 secs] [Times: user=0,07 sys=0,00, real=0,01 secs] 
2015-09-01T15:53:03.719+0200: 433571,896: [GC2015-09-01T15:53:03.720+0200: 433571,896: [ParNew: 288790K->7643K(314560K), 0,0098550 secs] 632146K->351937K(1013632K), 0,0099700 secs] [Times: user=0,09 sys=0,00, real=0,01 secs] 
2015-09-01T15:54:01.599+0200: 433629,775: [GC2015-09-01T15:54:01.599+0200: 433629,775: [ParNew: 287259K->7938K(314560K), 0,0081040 secs] 631553K->353165K(1013632K), 0,0082390 secs] [Times: user=0,07 sys=0,00, real=0,01 secs] 
2015-09-01T15:54:59.574+0200: 433687,751: [GC2015-09-01T15:54:59.574+0200: 433687,751: [ParNew: 287554K->9335K(314560K), 0,0103000 secs] 632781K->355489K(1013632K), 0,0104260 secs] [Times: user=0,08 sys=0,00, real=0,02 secs] 
2015-09-01T15:55:57.598+0200: 433745,774: [GC2015-09-01T15:55:57.598+0200: 433745,774: [ParNew: 288951K->10145K(314560K), 0,0096510 secs] 635105K->357228K(1013632K), 0,0097540 secs] [Times: user=0,08 sys=0,00, real=0,01 secs] 
2015-09-01T15:56:55.431+0200: 433803,608: [GC2015-09-01T15:56:55.431+0200: 433803,608: [ParNew: 289761K->8240K(314560K), 0,0084580 secs] 636844K->356261K(1013632K), 0,0085630 secs] [Times: user=0,06 sys=0,00, real=0,01 secs] 
2015-09-01T15:57:53.462+0200: 433861,639: [GC2015-09-01T15:57:53.462+0200: 433861,639: [ParNew: 287856K->8774K(314560K), 0,0124740 secs] 635877K->357725K(1013632K), 0,0125920 secs] [Times: user=0,08 sys=0,00, real=0,01 secs] 
2015-09-01T15:58:51.498+0200: 433919,674: [GC2015-09-01T15:58:51.498+0200: 433919,674: [ParNew: 288390K->8846K(314560K), 0,0112150 secs] 637341K->358789K(1013632K), 0,0113320 secs] [Times: user=0,10 sys=0,00, real=0,01 secs] 
2015-09-01T15:59:49.895+0200: 433978,071: [GC2015-09-01T15:59:49.895+0200: 433978,071: [ParNew: 288462K->9051K(314560K), 0,0106610 secs] 638405K->360007K(1013632K), 0,0107870 secs] [Times: user=0,10 sys=0,00, real=0,02 secs] 
2015-09-01T16:00:48.105+0200: 434036,281: [GC2015-09-01T16:00:48.105+0200: 434036,281: [ParNew: 288667K->8374K(314560K), 0,0110130 secs] 639623K->360338K(1013632K), 0,0111950 secs] [Times: user=0,08 sys=0,00, real=0,00 secs] 
2015-09-01T16:01:46.506+0200: 434094,683: [GC2015-09-01T16:01:46.506+0200: 434094,683: [ParNew: 287990K->8423K(314560K), 0,0113510 secs] 639954K->361319K(1013632K), 0,0114930 secs] [Times: user=0,10 sys=0,00, real=0,01 secs] 
2015-09-01T16:02:44.399+0200: 434152,576: [GC2015-09-01T16:02:44.399+0200: 434152,576: [ParNew: 288039K->8732K(314560K), 0,0126330 secs] 640935K->362562K(1013632K), 0,0127590 secs] [Times: user=0,09 sys=0,00, real=0,01 secs] 
2015-09-01T16:03:42.435+0200: 434210,611: [GC2015-09-01T16:03:42.435+0200: 434210,611: [ParNew: 288348K->8719K(314560K), 0,0112660 secs] 642178K->363479K(1013632K), 0,0113820 secs] [Times: user=0,09 sys=0,00, real=0,02 secs] 
2015-09-01T16:04:40.469+0200: 434268,645: [GC2015-09-01T16:04:40.469+0200: 434268,645: [ParNew: 288335K->9559K(314560K), 0,0106290 secs] 643095K->365241K(1013632K), 0,0107420 secs] [Times: user=0,07 sys=0,00, real=0,01 secs] 
2015-09-01T16:05:38.501+0200: 434326,678: [GC2015-09-01T16:05:38.501+0200: 434326,678: [ParNew: 289175K->7475K(314560K), 0,0106180 secs] 644857K->364109K(1013632K), 0,0107390 secs] [Times: user=0,06 sys=0,01, real=0,01 secs] 
2015-09-01T16:06:36.759+0200: 434384,936: [GC2015-09-01T16:06:36.759+0200: 434384,936: [ParNew: 287091K->9073K(314560K), 0,0108060 secs] 643725K->366658K(1013632K), 0,0109230 secs] [Times: user=0,10 sys=0,00, real=0,01 secs] 
2015-09-01T16:07:35.321+0200: 434443,498: [GC2015-09-01T16:07:35.321+0200: 434443,498: [ParNew: 288689K->9925K(314560K), 0,0124460 secs] 646274K->368534K(1013632K), 0,0125720 secs] [Times: user=0,08 sys=0,00, real=0,01 secs] 
2015-09-01T16:08:33.105+0200: 434501,281: [GC2015-09-01T16:08:33.105+0200: 434501,281: [ParNew: 289541K->9196K(314560K), 0,0079250 secs] 648150K->368831K(1013632K), 0,0080170 secs] [Times: user=0,04 sys=0,01, real=0,00 secs] 
2015-09-01T16:09:31.003+0200: 434559,179: [GC2015-09-01T16:09:31.003+0200: 434559,179: [ParNew: 288812K->9968K(314560K), 0,0223030 secs] 648447K->370547K(1013632K), 0,0224180 secs] [Times: user=0,11 sys=0,00, real=0,03 secs] 
2015-09-01T16:10:29.048+0200: 434617,224: [GC2015-09-01T16:10:29.048+0200: 434617,225: [ParNew: 289584K->6850K(314560K), 0,0103970 secs] 650163K->368373K(1013632K), 0,0105000 secs] [Times: user=0,07 sys=0,00, real=0,01 secs] 
2015-09-01T16:11:27.569+0200: 434675,745: [GC2015-09-01T16:11:27.569+0200: 434675,745: [ParNew: 286466K->9785K(314560K), 0,0108990 secs] 647989K->372236K(1013632K), 0,0110170 secs] [Times: user=0,07 sys=0,01, real=0,01 secs] 
2015-09-01T16:12:25.503+0200: 434733,680: [GC2015-09-01T16:12:25.503+0200: 434733,680: [ParNew: 289401K->7000K(314560K), 0,0099270 secs] 651852K->370372K(1013632K), 0,0100700 secs] [Times: user=0,09 sys=0,00, real=0,01 secs] 
2015-09-01T16:13:23.536+0200: 434791,713: [GC2015-09-01T16:13:23.536+0200: 434791,713: [ParNew: 286616K->8690K(314560K), 0,0127650 secs] 649988K->373010K(1013632K), 0,0129030 secs] [Times: user=0,07 sys=0,00, real=0,02 secs] 
2015-09-01T16:14:21.572+0200: 434849,748: [GC2015-09-01T16:14:21.572+0200: 434849,748: [ParNew: 288306K->10269K(314560K), 0,0119930 secs] 652626K->375523K(1013632K), 0,0121210 secs] [Times: user=0,08 sys=0,00, real=0,01 secs] 
2015-09-01T16:15:19.345+0200: 434907,522: [GC2015-09-01T16:15:19.345+0200: 434907,522: [ParNew: 289885K->8002K(314560K), 0,0082810 secs] 655139K->374225K(1013632K), 0,0083970 secs] [Times: user=0,05 sys=0,00, real=0,00 secs] 
2015-09-01T16:16:16.767+0200: 434964,943: [GC2015-09-01T16:16:16.767+0200: 434964,943: [ParNew: 287618K->9045K(314560K), 0,0114720 secs] 653841K->376304K(1013632K), 0,0115920 secs] [Times: user=0,08 sys=0,00, real=0,01 secs] 
2015-09-01T16:17:14.652+0200: 435022,828: [GC2015-09-01T16:17:14.652+0200: 435022,828: [ParNew: 288661K->9738K(314560K), 0,0117870 secs] 655920K->378042K(1013632K), 0,0119150 secs] [Times: user=0,09 sys=0,00, real=0,01 secs] 
2015-09-01T16:18:12.687+0200: 435080,863: [GC2015-09-01T16:18:12.687+0200: 435080,863: [ParNew: 289354K->7580K(314560K), 0,0104460 secs] 657658K->376834K(1013632K), 0,0106630 secs] [Times: user=0,08 sys=0,00, real=0,01 secs] 
2015-09-01T16:19:10.724+0200: 435138,901: [GC2015-09-01T16:19:10.724+0200: 435138,901: [ParNew: 287196K->8606K(314560K), 0,0105580 secs] 656450K->378801K(1013632K), 0,0106810 secs] [Times: user=0,08 sys=0,00, real=0,01 secs] 
2015-09-01T16:20:08.758+0200: 435196,934: [GC2015-09-01T16:20:08.758+0200: 435196,934: [ParNew: 288222K->9299K(314560K), 0,0112740 secs] 658417K->380430K(1013632K), 0,0113970 secs] [Times: user=0,09 sys=0,00, real=0,01 secs] 
2015-09-01T16:21:06.792+0200: 435254,969: [GC2015-09-01T16:21:06.793+0200: 435254,969: [ParNew: 288915K->9411K(314560K), 0,0138920 secs] 660046K->381463K(1013632K), 0,0140080 secs] [Times: user=0,08 sys=0,00, real=0,02 secs] 
2015-09-01T16:22:04.829+0200: 435313,006: [GC2015-09-01T16:22:04.829+0200: 435313,006: [ParNew: 289027K->8825K(314560K), 0,0121960 secs] 661079K->381796K(1013632K), 0,0123880 secs] [Times: user=0,07 sys=0,00, real=0,01 secs] 
2015-09-01T16:23:02.847+0200: 435371,023: [GC2015-09-01T16:23:02.847+0200: 435371,023: [ParNew: 288441K->9726K(314560K), 0,0118470 secs] 661412K->383607K(1013632K), 0,0119690 secs] [Times: user=0,07 sys=0,00, real=0,01 secs] 
2015-09-01T16:24:01.165+0200: 435429,342: [GC2015-09-01T16:24:01.165+0200: 435429,342: [ParNew: 289342K->10679K(314560K), 0,0085870 secs] 663223K->385556K(1013632K), 0,0087340 secs] [Times: user=0,07 sys=0,00, real=0,00 secs] 
2015-09-01T16:24:58.961+0200: 435487,138: [GC2015-09-01T16:24:58.961+0200: 435487,138: [ParNew: 290295K->9128K(314560K), 0,0139300 secs] 665172K->385039K(1013632K), 0,0140620 secs] [Times: user=0,08 sys=0,00, real=0,01 secs] 
2015-09-01T16:25:56.931+0200: 435545,107: [GC2015-09-01T16:25:56.931+0200: 435545,107: [ParNew: 288744K->8149K(314560K), 0,0111590 secs] 664655K->385008K(1013632K), 0,0112910 secs] [Times: user=0,08 sys=0,00, real=0,01 secs] 
2015-09-01T16:26:55.323+0200: 435603,500: [GC2015-09-01T16:26:55.323+0200: 435603,500: [ParNew: 287765K->6450K(314560K), 0,0098160 secs] 664624K->384246K(1013632K), 0,0099240 secs] [Times: user=0,08 sys=0,00, real=0,01 secs] 
2015-09-01T16:27:52.240+0200: 435660,417: [GC2015-09-01T16:27:52.240+0200: 435660,417: [ParNew: 286066K->10169K(314560K), 0,0114110 secs] 663862K->388905K(1013632K), 0,0115260 secs] [Times: user=0,08 sys=0,00, real=0,01 secs] 
2015-09-01T16:28:50.213+0200: 435718,390: [GC2015-09-01T16:28:50.213+0200: 435718,390: [ParNew: 289785K->7279K(314560K), 0,0101220 secs] 668521K->386961K(1013632K), 0,0102330 secs] [Times: user=0,07 sys=0,00, real=0,01 secs] 
2015-09-01T16:29:48.105+0200: 435776,281: [GC2015-09-01T16:29:48.105+0200: 435776,281: [ParNew: 286895K->6045K(314560K), 0,0092510 secs] 666577K->386677K(1013632K), 0,0093770 secs] [Times: user=0,08 sys=0,00, real=0,00 secs] 
2015-09-01T16:30:46.068+0200: 435834,245: [GC2015-09-01T16:30:46.068+0200: 435834,245: [ParNew: 285661K->6262K(314560K), 0,0095780 secs] 666293K->387923K(1013632K), 0,0097100 secs] [Times: user=0,06 sys=0,00, real=0,01 secs] 
2015-09-01T16:31:44.101+0200: 435892,277: [GC2015-09-01T16:31:44.101+0200: 435892,277: [ParNew: 285878K->4916K(314560K), 0,0072120 secs] 667539K->387082K(1013632K), 0,0073480 secs] [Times: user=0,04 sys=0,00, real=0,01 secs] 
2015-09-01T16:32:42.130+0200: 435950,307: [GC2015-09-01T16:32:42.131+0200: 435950,307: [ParNew: 284532K->5100K(314560K), 0,0069520 secs] 666698K->387861K(1013632K), 0,0070570 secs] [Times: user=0,06 sys=0,00, real=0,01 secs] 
2015-09-01T16:33:40.160+0200: 436008,337: [GC2015-09-01T16:33:40.161+0200: 436008,337: [ParNew: 284716K->4460K(314560K), 0,0100980 secs] 667477K->388341K(1013632K), 0,0102180 secs] [Times: user=0,05 sys=0,01, real=0,01 secs] 
2015-09-01T16:34:38.527+0200: 436066,703: [GC2015-09-01T16:34:38.527+0200: 436066,703: [ParNew: 284076K->4302K(314560K), 0,0065870 secs] 667957K->388257K(1013632K), 0,0067050 secs] [Times: user=0,06 sys=0,00, real=0,00 secs] 
2015-09-01T16:35:36.295+0200: 436124,471: [GC2015-09-01T16:35:36.295+0200: 436124,471: [ParNew: 283918K->5304K(314560K), 0,0065260 secs] 667873K->389453K(1013632K), 0,0066630 secs] [Times: user=0,06 sys=0,00, real=0,01 secs] 
2015-09-01T16:36:34.239+0200: 436182,415: [GC2015-09-01T16:36:34.239+0200: 436182,415: [ParNew: 284920K->6891K(314560K), 0,0074670 secs] 669069K->391246K(1013632K), 0,0076040 secs] [Times: user=0,06 sys=0,00, real=0,01 secs] 
2015-09-01T16:37:31.898+0200: 436240,075: [GC2015-09-01T16:37:31.898+0200: 436240,075: [ParNew: 286507K->7401K(314560K), 0,0100690 secs] 670862K->392174K(1013632K), 0,0102150 secs] [Times: user=0,06 sys=0,00, real=0,01 secs] 
2015-09-01T16:38:29.661+0200: 436297,838: [GC2015-09-01T16:38:29.661+0200: 436297,838: [ParNew: 287017K->9715K(314560K), 0,0092910 secs] 671790K->395014K(1013632K), 0,0094230 secs] [Times: user=0,08 sys=0,00, real=0,01 secs] 
2015-09-01T16:39:27.512+0200: 436355,689: [GC2015-09-01T16:39:27.512+0200: 436355,689: [ParNew: 289331K->7423K(314560K), 0,0096630 secs] 674630K->393343K(1013632K), 0,0097790 secs] [Times: user=0,06 sys=0,00, real=0,01 secs] 
2015-09-01T16:40:25.345+0200: 436413,522: [GC2015-09-01T16:40:25.345+0200: 436413,522: [ParNew: 287039K->8577K(314560K), 0,0101600 secs] 672959K->395413K(1013632K), 0,0102890 secs] [Times: user=0,07 sys=0,00, real=0,00 secs] 
2015-09-01T16:41:23.105+0200: 436471,281: [GC2015-09-01T16:41:23.105+0200: 436471,281: [ParNew: 288193K->10215K(314560K), 0,0085870 secs] 675029K->398033K(1013632K), 0,0087200 secs] [Times: user=0,06 sys=0,00, real=0,00 secs] 
2015-09-01T16:42:21.167+0200: 436529,343: [GC2015-09-01T16:42:21.167+0200: 436529,343: [ParNew: 289831K->7447K(314560K), 0,0098930 secs] 677649K->396264K(1013632K), 0,0099970 secs] [Times: user=0,07 sys=0,00, real=0,01 secs] 
2015-09-01T16:43:19.810+0200: 436587,987: [GC2015-09-01T16:43:19.810+0200: 436587,987: [ParNew: 287063K->8905K(314560K), 0,0110780 secs] 675880K->398635K(1013632K), 0,0111830 secs] [Times: user=0,08 sys=0,00, real=0,01 secs] 
2015-09-01T16:44:17.649+0200: 436645,826: [GC2015-09-01T16:44:17.649+0200: 436645,826: [ParNew: 288521K->9129K(314560K), 0,0112620 secs] 678251K->399796K(1013632K), 0,0113860 secs] [Times: user=0,08 sys=0,00, real=0,01 secs] 
2015-09-01T16:45:15.683+0200: 436703,860: [GC2015-09-01T16:45:15.683+0200: 436703,860: [ParNew: 288745K->9999K(314560K), 0,0101520 secs] 679412K->401588K(1013632K), 0,0102740 secs] [Times: user=0,10 sys=0,00, real=0,01 secs] 
2015-09-01T16:46:13.716+0200: 436761,892: [GC2015-09-01T16:46:13.716+0200: 436761,892: [ParNew: 289615K->7705K(314560K), 0,0127710 secs] 681204K->400219K(1013632K), 0,0128870 secs] [Times: user=0,09 sys=0,00, real=0,02 secs] 
2015-09-01T16:47:11.753+0200: 436819,929: [GC2015-09-01T16:47:11.753+0200: 436819,929: [ParNew: 287321K->9406K(314560K), 0,0118070 secs] 679835K->402831K(1013632K), 0,0119060 secs] [Times: user=0,06 sys=0,00, real=0,02 secs] 
2015-09-01T16:48:09.787+0200: 436877,964: [GC2015-09-01T16:48:09.787+0200: 436877,964: [ParNew: 289022K->8835K(314560K), 0,0127720 secs] 682447K->403197K(1013632K), 0,0129090 secs] [Times: user=0,08 sys=0,00, real=0,01 secs] 
2015-09-01T16:49:07.823+0200: 436936,000: [GC2015-09-01T16:49:07.823+0200: 436936,000: [ParNew: 288451K->9877K(314560K), 0,0293620 secs] 682813K->405258K(1013632K), 0,0294870 secs] [Times: user=0,14 sys=0,00, real=0,03 secs] 
2015-09-01T16:50:05.875+0200: 436994,052: [GC2015-09-01T16:50:05.876+0200: 436994,052: [ParNew: 289493K->9195K(314560K), 0,0114430 secs] 684874K->405602K(1013632K), 0,0115680 secs] [Times: user=0,09 sys=0,00, real=0,02 secs] 
2015-09-01T16:51:03.909+0200: 437052,086: [GC2015-09-01T16:51:03.909+0200: 437052,086: [ParNew: 288811K->9216K(314560K), 0,0114460 secs] 685218K->406571K(1013632K), 0,0115610 secs] [Times: user=0,09 sys=0,00, real=0,01 secs] 
2015-09-01T16:52:02.176+0200: 437110,352: [GC2015-09-01T16:52:02.176+0200: 437110,353: [ParNew: 288832K->7940K(314560K), 0,0114680 secs] 686187K->406235K(1013632K), 0,0115640 secs] [Times: user=0,08 sys=0,00, real=0,02 secs] 
2015-09-01T16:53:00.738+0200: 437168,915: [GC2015-09-01T16:53:00.738+0200: 437168,915: [ParNew: 287556K->8616K(314560K), 0,0110110 secs] 685851K->407842K(1013632K), 0,0111310 secs] [Times: user=0,09 sys=0,00, real=0,01 secs] 
2015-09-01T16:53:58.589+0200: 437226,766: [GC2015-09-01T16:53:58.589+0200: 437226,766: [ParNew: 288232K->8714K(314560K), 0,0120670 secs] 687458K->408873K(1013632K), 0,0121970 secs] [Times: user=0,08 sys=0,00, real=0,01 secs] 
2015-09-01T16:54:56.624+0200: 437284,801: [GC2015-09-01T16:54:56.624+0200: 437284,801: [ParNew: 288330K->8860K(314560K), 0,0113310 secs] 688489K->409958K(1013632K), 0,0114790 secs] [Times: user=0,07 sys=0,00, real=0,01 secs] 
2015-09-01T16:55:54.659+0200: 437342,835: [GC2015-09-01T16:55:54.659+0200: 437342,835: [ParNew: 288476K->9717K(314560K), 0,0112260 secs] 689574K->411752K(1013632K), 0,0113410 secs] [Times: user=0,09 sys=0,00, real=0,01 secs] 
2015-09-01T16:56:52.693+0200: 437400,869: [GC2015-09-01T16:56:52.693+0200: 437400,869: [ParNew: 289333K->9101K(314560K), 0,0109300 secs] 691368K->412096K(1013632K), 0,0110230 secs] [Times: user=0,07 sys=0,00, real=0,01 secs] 
2015-09-01T16:57:50.726+0200: 437458,902: [GC2015-09-01T16:57:50.726+0200: 437458,902: [ParNew: 288717K->9968K(314560K), 0,0149250 secs] 691712K->413988K(1013632K), 0,0150400 secs] [Times: user=0,13 sys=0,00, real=0,01 secs] 
2015-09-01T16:58:48.764+0200: 437516,940: [GC2015-09-01T16:58:48.764+0200: 437516,940: [ParNew: 289584K->8464K(314560K), 0,0135390 secs] 693604K->413515K(1013632K), 0,0136750 secs] [Times: user=0,10 sys=0,00, real=0,02 secs] 
2015-09-01T16:59:46.500+0200: 437574,677: [GC2015-09-01T16:59:46.501+0200: 437574,677: [ParNew: 288080K->8444K(314560K), 0,0112650 secs] 693131K->414455K(1013632K), 0,0113840 secs] [Times: user=0,06 sys=0,00, real=0,01 secs] 
2015-09-01T17:00:44.423+0200: 437632,600: [GC2015-09-01T17:00:44.423+0200: 437632,600: [ParNew: 288060K->8672K(314560K), 0,0105460 secs] 694071K->415602K(1013632K), 0,0106730 secs] [Times: user=0,08 sys=0,00, real=0,01 secs] 
2015-09-01T17:01:42.184+0200: 437690,360: [GC2015-09-01T17:01:42.184+0200: 437690,361: [ParNew: 288288K->9357K(314560K), 0,0128840 secs] 695218K->417234K(1013632K), 0,0130280 secs] [Times: user=0,08 sys=0,00, real=0,02 secs] 
2015-09-01T17:02:40.719+0200: 437748,895: [GC2015-09-01T17:02:40.719+0200: 437748,895: [ParNew: 288973K->7990K(314560K), 0,0114260 secs] 696850K->416801K(1013632K), 0,0115520 secs] [Times: user=0,08 sys=0,00, real=0,01 secs] 
2015-09-01T17:03:38.699+0200: 437806,875: [GC2015-09-01T17:03:38.699+0200: 437806,876: [ParNew: 287606K->8115K(314560K), 0,0120350 secs] 696417K->417869K(1013632K), 0,0121630 secs] [Times: user=0,09 sys=0,00, real=0,01 secs] 
2015-09-01T17:04:36.765+0200: 437864,942: [GC2015-09-01T17:04:36.765+0200: 437864,942: [ParNew: 287731K->9720K(314560K), 0,0134200 secs] 697485K->420392K(1013632K), 0,0135490 secs] [Times: user=0,10 sys=0,00, real=0,01 secs] 
2015-09-01T17:05:34.756+0200: 437922,933: [GC2015-09-01T17:05:34.757+0200: 437922,933: [ParNew: 289336K->9887K(314560K), 0,0103070 secs] 700008K->421551K(1013632K), 0,0104180 secs] [Times: user=0,07 sys=0,00, real=0,01 secs] 
2015-09-01T17:06:32.790+0200: 437980,966: [GC2015-09-01T17:06:32.790+0200: 437980,966: [ParNew: 289503K->9953K(314560K), 0,0113840 secs] 701167K->422629K(1013632K), 0,0114930 secs] [Times: user=0,08 sys=0,00, real=0,01 secs] 
2015-09-01T17:07:30.741+0200: 438038,917: [GC2015-09-01T17:07:30.741+0200: 438038,917: [ParNew: 289569K->8447K(314560K), 0,0106770 secs] 702245K->422150K(1013632K), 0,0107970 secs] [Times: user=0,08 sys=0,00, real=0,01 secs] 
2015-09-01T17:08:28.646+0200: 438096,823: [GC2015-09-01T17:08:28.647+0200: 438096,823: [ParNew: 288063K->8450K(314560K), 0,0105340 secs] 701766K->423106K(1013632K), 0,0106600 secs] [Times: user=0,10 sys=0,00, real=0,01 secs] 
2015-09-01T17:09:26.614+0200: 438154,791: [GC2015-09-01T17:09:26.614+0200: 438154,791: [ParNew: 288066K->9444K(314560K), 0,0161310 secs] 702722K->425036K(1013632K), 0,0162490 secs] [Times: user=0,10 sys=0,00, real=0,02 secs] 
2015-09-01T17:10:24.502+0200: 438212,678: [GC2015-09-01T17:10:24.502+0200: 438212,678: [ParNew: 289060K->7962K(314560K), 0,0098610 secs] 704652K->424497K(1013632K), 0,0099740 secs] [Times: user=0,07 sys=0,00, real=0,01 secs] 
2015-09-01T17:11:22.423+0200: 438270,600: [GC2015-09-01T17:11:22.423+0200: 438270,600: [ParNew: 287578K->9484K(314560K), 0,0108100 secs] 704113K->426945K(1013632K), 0,0109280 secs] [Times: user=0,09 sys=0,00, real=0,01 secs] 
2015-09-01T17:12:21.057+0200: 438329,234: [GC2015-09-01T17:12:21.057+0200: 438329,234: [ParNew: 289100K->10333K(314560K), 0,0123670 secs] 706561K->428728K(1013632K), 0,0124710 secs] [Times: user=0,08 sys=0,00, real=0,01 secs] 
2015-09-01T17:13:18.979+0200: 438387,156: [GC2015-09-01T17:13:18.979+0200: 438387,156: [ParNew: 289949K->8399K(314560K), 0,0129220 secs] 708344K->427729K(1013632K), 0,0130210 secs] [Times: user=0,09 sys=0,00, real=0,01 secs] 
2015-09-01T17:14:17.017+0200: 438445,194: [GC2015-09-01T17:14:17.017+0200: 438445,194: [ParNew: 288015K->8282K(314560K), 0,0149120 secs] 707345K->428631K(1013632K), 0,0150090 secs] [Times: user=0,09 sys=0,00, real=0,01 secs] 
2015-09-01T17:15:14.242+0200: 438502,419: [GC2015-09-01T17:15:14.242+0200: 438502,419: [ParNew: 287898K->10445K(314560K), 0,0093090 secs] 708247K->431816K(1013632K), 0,0094280 secs] [Times: user=0,08 sys=0,00, real=0,01 secs] 
2015-09-01T17:16:12.297+0200: 438560,474: [GC2015-09-01T17:16:12.297+0200: 438560,474: [ParNew: 290061K->7097K(314560K), 0,0114200 secs] 711432K->429396K(1013632K), 0,0115450 secs] [Times: user=0,06 sys=0,01, real=0,01 secs] 
2015-09-01T17:17:10.299+0200: 438618,476: [GC2015-09-01T17:17:10.299+0200: 438618,476: [ParNew: 286713K->8405K(314560K), 0,0111040 secs] 709012K->431623K(1013632K), 0,0112120 secs] [Times: user=0,07 sys=0,00, real=0,01 secs] 
2015-09-01T17:18:08.266+0200: 438676,443: [GC2015-09-01T17:18:08.266+0200: 438676,443: [ParNew: 288021K->8394K(314560K), 0,0115670 secs] 711239K->432549K(1013632K), 0,0116940 secs] [Times: user=0,08 sys=0,00, real=0,01 secs] 
2015-09-01T17:19:06.417+0200: 438734,594: [GC2015-09-01T17:19:06.417+0200: 438734,594: [ParNew: 288010K->10085K(314560K), 0,0110320 secs] 712165K->435191K(1013632K), 0,0111480 secs] [Times: user=0,07 sys=0,01, real=0,01 secs] 
2015-09-01T17:20:04.381+0200: 438792,557: [GC2015-09-01T17:20:04.381+0200: 438792,557: [ParNew: 289701K->7302K(314560K), 0,0109350 secs] 714807K->433340K(1013632K), 0,0110450 secs] [Times: user=0,08 sys=0,00, real=0,01 secs] 
2015-09-01T17:21:02.416+0200: 438850,592: [GC2015-09-01T17:21:02.416+0200: 438850,592: [ParNew: 286918K->8766K(314560K), 0,0169960 secs] 712956K->435736K(1013632K), 0,0171170 secs] [Times: user=0,12 sys=0,00, real=0,02 secs] 
2015-09-01T17:22:00.561+0200: 438908,737: [GC2015-09-01T17:22:00.561+0200: 438908,737: [ParNew: 288382K->9583K(314560K), 0,0130330 secs] 715352K->437510K(1013632K), 0,0131680 secs] [Times: user=0,10 sys=0,00, real=0,01 secs] 
2015-09-01T17:22:58.478+0200: 438966,654: [GC2015-09-01T17:22:58.478+0200: 438966,655: [ParNew: 289199K->9858K(314560K), 0,0114740 secs] 717126K->438808K(1013632K), 0,0116180 secs] [Times: user=0,09 sys=0,00, real=0,01 secs] 
2015-09-01T17:23:56.512+0200: 439024,689: [GC2015-09-01T17:23:56.512+0200: 439024,689: [ParNew: 289474K->8401K(314560K), 0,0103720 secs] 718424K->438374K(1013632K), 0,0104850 secs] [Times: user=0,08 sys=0,00, real=0,01 secs] 
2015-09-01T17:24:54.546+0200: 439082,723: [GC2015-09-01T17:24:54.546+0200: 439082,723: [ParNew: 288017K->9194K(314560K), 0,0115750 secs] 717990K->440107K(1013632K), 0,0116900 secs] [Times: user=0,09 sys=0,00, real=0,01 secs] 
2015-09-01T17:25:52.580+0200: 439140,757: [GC2015-09-01T17:25:52.580+0200: 439140,757: [ParNew: 288810K->8480K(314560K), 0,0114390 secs] 719723K->440324K(1013632K), 0,0115600 secs] [Times: user=0,08 sys=0,01, real=0,01 secs] 
2015-09-01T17:26:50.512+0200: 439198,688: [GC2015-09-01T17:26:50.512+0200: 439198,688: [ParNew: 288096K->7392K(314560K), 0,0133600 secs] 719940K->440173K(1013632K), 0,0134720 secs] [Times: user=0,08 sys=0,00, real=0,02 secs] 
2015-09-01T17:27:48.201+0200: 439256,377: [GC2015-09-01T17:27:48.201+0200: 439256,377: [ParNew: 287008K->9769K(314560K), 0,0110940 secs] 719789K->443478K(1013632K), 0,0112030 secs] [Times: user=0,08 sys=0,01, real=0,01 secs] 
2015-09-01T17:28:46.131+0200: 439314,307: [GC2015-09-01T17:28:46.131+0200: 439314,307: [ParNew: 289385K->8414K(314560K), 0,0159360 secs] 723094K->443062K(1013632K), 0,0160820 secs] [Times: user=0,12 sys=0,00, real=0,02 secs] 
2015-09-01T17:29:44.198+0200: 439372,375: [GC2015-09-01T17:29:44.198+0200: 439372,375: [ParNew: 288030K->6320K(314560K), 0,0088480 secs] 722678K->441914K(1013632K), 0,0089690 secs] [Times: user=0,07 sys=0,00, real=0,01 secs] 
2015-09-01T17:30:42.258+0200: 439430,435: [GC2015-09-01T17:30:42.258+0200: 439430,435: [ParNew: 285936K->5529K(314560K), 0,0098740 secs] 721530K->442257K(1013632K), 0,0099910 secs] [Times: user=0,07 sys=0,00, real=0,01 secs] 
2015-09-01T17:31:40.127+0200: 439488,303: [GC2015-09-01T17:31:40.127+0200: 439488,303: [ParNew: 285145K->4946K(314560K), 0,0081890 secs] 721873K->442260K(1013632K), 0,0083400 secs] [Times: user=0,05 sys=0,00, real=0,00 secs] 
2015-09-01T17:52:17.486+0200: 440725,663: [GC2015-09-01T17:52:17.486+0200: 440725,663: [ParNew: 284562K->4938K(314560K), 0,0046510 secs] 721876K->442748K(1013632K), 0,0047360 secs] [Times: user=0,03 sys=0,00, real=0,00 secs] 
2015-09-01T20:18:07.827+0200: 449476,004: [GC2015-09-01T20:18:07.828+0200: 449476,004: [ParNew: 284554K->4027K(314560K), 0,0089710 secs] 722364K->442789K(1013632K), 0,0090820 secs] [Times: user=0,07 sys=0,00, real=0,01 secs] 
2015-09-01T22:43:00.013+0200: 458168,190: [GC2015-09-01T22:43:00.013+0200: 458168,190: [ParNew: 283643K->3149K(314560K), 0,0051390 secs] 722405K->441936K(1013632K), 0,0052580 secs] [Times: user=0,03 sys=0,00, real=0,01 secs] 
2015-09-02T01:07:38.105+0200: 466846,281: [GC2015-09-02T01:07:38.105+0200: 466846,282: [ParNew: 282764K->3797K(314560K), 0,0062660 secs] 721551K->442674K(1013632K), 0,0063820 secs] [Times: user=0,03 sys=0,00, real=0,00 secs] 
2015-09-02T03:32:32.709+0200: 475540,886: [GC2015-09-02T03:32:32.709+0200: 475540,886: [ParNew: 283413K->3824K(314560K), 0,0061080 secs] 722290K->442851K(1013632K), 0,0062110 secs] [Times: user=0,03 sys=0,00, real=0,00 secs] 
2015-09-02T05:59:08.105+0200: 484336,281: [GC2015-09-02T05:59:08.105+0200: 484336,282: [ParNew: 283440K->3085K(314560K), 0,0064780 secs] 722467K->442451K(1013632K), 0,0065970 secs] [Times: user=0,03 sys=0,00, real=0,00 secs] 
2015-09-02T08:25:08.105+0200: 493096,281: [GC2015-09-02T08:25:08.105+0200: 493096,282: [ParNew: 282701K->2346K(314560K), 0,0043860 secs] 722067K->442080K(1013632K), 0,0045010 secs] [Times: user=0,02 sys=0,01, real=0,00 secs] 
2015-09-02T09:42:06.671+0200: 497714,848: [GC2015-09-02T09:42:06.671+0200: 497714,848: [ParNew: 281962K->2518K(314560K), 0,0057890 secs] 721696K->442252K(1013632K), 0,0059160 secs] [Times: user=0,04 sys=0,00, real=0,01 secs] 
2015-09-02T09:43:04.494+0200: 497772,671: [GC2015-09-02T09:43:04.494+0200: 497772,671: [ParNew: 282134K->2538K(314560K), 0,0052890 secs] 721868K->442273K(1013632K), 0,0054040 secs] [Times: user=0,03 sys=0,00, real=0,01 secs] 
2015-09-02T09:44:02.230+0200: 497830,407: [GC2015-09-02T09:44:02.230+0200: 497830,407: [ParNew: 282154K->3090K(314560K), 0,0032810 secs] 721889K->442824K(1013632K), 0,0033890 secs] [Times: user=0,02 sys=0,00, real=0,00 secs] 
2015-09-02T09:44:59.664+0200: 497887,840: [GC2015-09-02T09:44:59.664+0200: 497887,840: [ParNew: 282706K->3296K(314560K), 0,0042040 secs] 722440K->443030K(1013632K), 0,0043540 secs] [Times: user=0,03 sys=0,00, real=0,01 secs] 
2015-09-02T09:45:56.902+0200: 497945,078: [GC2015-09-02T09:45:56.902+0200: 497945,078: [ParNew: 282912K->3214K(314560K), 0,0048870 secs] 722646K->442949K(1013632K), 0,0049980 secs] [Times: user=0,03 sys=0,00, real=0,01 secs] 
2015-09-02T09:46:54.778+0200: 498002,954: [GC2015-09-02T09:46:54.778+0200: 498002,954: [ParNew: 282830K->3349K(314560K), 0,0053280 secs] 722565K->443084K(1013632K), 0,0054300 secs] [Times: user=0,02 sys=0,00, real=0,00 secs] 
2015-09-02T09:47:52.416+0200: 498060,592: [GC2015-09-02T09:47:52.416+0200: 498060,592: [ParNew: 282965K->1881K(314560K), 0,0094820 secs] 722700K->442123K(1013632K), 0,0095830 secs] [Times: user=0,07 sys=0,00, real=0,02 secs] 
2015-09-02T09:48:49.935+0200: 498118,111: [GC2015-09-02T09:48:49.935+0200: 498118,111: [ParNew: 281497K->2077K(314560K), 0,0038070 secs] 721739K->442369K(1013632K), 0,0039240 secs] [Times: user=0,04 sys=0,00, real=0,01 secs] 
2015-09-02T09:49:47.666+0200: 498175,842: [GC2015-09-02T09:49:47.666+0200: 498175,842: [ParNew: 281693K->2527K(314560K), 0,0055070 secs] 721985K->442875K(1013632K), 0,0056470 secs] [Times: user=0,03 sys=0,01, real=0,00 secs] 
2015-09-02T09:50:45.630+0200: 498233,806: [GC2015-09-02T09:50:45.630+0200: 498233,806: [ParNew: 282143K->3951K(314560K), 0,0054560 secs] 722491K->444361K(1013632K), 0,0055690 secs] [Times: user=0,03 sys=0,00, real=0,00 secs] 
2015-09-02T09:51:43.284+0200: 498291,460: [GC2015-09-02T09:51:43.284+0200: 498291,460: [ParNew: 283567K->5579K(314560K), 0,0068090 secs] 723977K->446070K(1013632K), 0,0069140 secs] [Times: user=0,05 sys=0,00, real=0,01 secs] 
2015-09-02T09:52:41.038+0200: 498349,215: [GC2015-09-02T09:52:41.038+0200: 498349,215: [ParNew: 285195K->6855K(314560K), 0,0070180 secs] 725686K->447484K(1013632K), 0,0071410 secs] [Times: user=0,06 sys=0,00, real=0,01 secs] 
2015-09-02T09:53:38.976+0200: 498407,153: [GC2015-09-02T09:53:38.977+0200: 498407,153: [ParNew: 286471K->8451K(314560K), 0,0091550 secs] 727100K->449378K(1013632K), 0,0092930 secs] [Times: user=0,06 sys=0,00, real=0,01 secs] 
2015-09-02T09:54:36.794+0200: 498464,970: [GC2015-09-02T09:54:36.794+0200: 498464,970: [ParNew: 288067K->7872K(314560K), 0,0101580 secs] 728994K->449470K(1013632K), 0,0102870 secs] [Times: user=0,07 sys=0,00, real=0,01 secs] 
2015-09-02T09:55:34.875+0200: 498523,052: [GC2015-09-02T09:55:34.875+0200: 498523,052: [ParNew: 287488K->9229K(314560K), 0,0099010 secs] 729086K->451685K(1013632K), 0,0100100 secs] [Times: user=0,07 sys=0,00, real=0,02 secs] 
2015-09-02T09:56:33.137+0200: 498581,314: [GC2015-09-02T09:56:33.137+0200: 498581,314: [ParNew: 288845K->8122K(314560K), 0,0114710 secs] 731301K->451461K(1013632K), 0,0116090 secs] [Times: user=0,07 sys=0,00, real=0,01 secs] 
2015-09-02T09:57:30.590+0200: 498638,767: [GC2015-09-02T09:57:30.591+0200: 498638,767: [ParNew: 287738K->9189K(314560K), 0,0105510 secs] 731077K->453424K(1013632K), 0,0106700 secs] [Times: user=0,08 sys=0,00, real=0,01 secs] 
2015-09-02T09:58:27.844+0200: 498696,021: [GC2015-09-02T09:58:27.844+0200: 498696,021: [ParNew: 288805K->7798K(314560K), 0,0103640 secs] 733040K->452940K(1013632K), 0,0104790 secs] [Times: user=0,07 sys=0,00, real=0,00 secs] 
2015-09-02T09:59:25.844+0200: 498754,020: [GC2015-09-02T09:59:25.844+0200: 498754,021: [ParNew: 287414K->8623K(314560K), 0,0106180 secs] 732556K->454687K(1013632K), 0,0107280 secs] [Times: user=0,10 sys=0,00, real=0,01 secs] 
2015-09-02T10:00:23.680+0200: 498811,857: [GC2015-09-02T10:00:23.680+0200: 498811,857: [ParNew: 288239K->8752K(314560K), 0,0131000 secs] 734303K->455727K(1013632K), 0,0132260 secs] [Times: user=0,11 sys=0,00, real=0,01 secs] 
2015-09-02T10:01:21.459+0200: 498869,635: [GC2015-09-02T10:01:21.459+0200: 498869,635: [ParNew: 288368K->8887K(314560K), 0,0087870 secs] 735343K->456793K(1013632K), 0,0088640 secs] [Times: user=0,05 sys=0,00, real=0,01 secs] 
2015-09-02T10:02:19.218+0200: 498927,395: [GC2015-09-02T10:02:19.218+0200: 498927,395: [ParNew: 288503K->9018K(314560K), 0,0105480 secs] 736409K->457907K(1013632K), 0,0107050 secs] [Times: user=0,09 sys=0,00, real=0,01 secs] 
2015-09-02T10:03:17.063+0200: 498985,240: [GC2015-09-02T10:03:17.064+0200: 498985,240: [ParNew: 288634K->9093K(314560K), 0,0125780 secs] 737523K->458990K(1013632K), 0,0126900 secs] [Times: user=0,07 sys=0,00, real=0,01 secs] 
2015-09-02T10:04:14.984+0200: 499043,160: [GC2015-09-02T10:04:14.984+0200: 499043,160: [ParNew: 288709K->9860K(314560K), 0,0204280 secs] 738606K->460766K(1013632K), 0,0205390 secs] [Times: user=0,14 sys=0,00, real=0,03 secs] 
2015-09-02T10:05:12.168+0200: 499100,344: [GC2015-09-02T10:05:12.168+0200: 499100,344: [ParNew: 289476K->6835K(314560K), 0,0097800 secs] 740382K->458668K(1013632K), 0,0099060 secs] [Times: user=0,09 sys=0,00, real=0,01 secs] 
2015-09-02T10:06:09.727+0200: 499157,904: [GC2015-09-02T10:06:09.727+0200: 499157,904: [ParNew: 286451K->7921K(314560K), 0,0108310 secs] 738284K->460672K(1013632K), 0,0110040 secs] [Times: user=0,09 sys=0,00, real=0,01 secs] 
2015-09-02T10:07:07.285+0200: 499215,462: [GC2015-09-02T10:07:07.285+0200: 499215,462: [ParNew: 287537K->8615K(314560K), 0,0103180 secs] 740288K->462303K(1013632K), 0,0104320 secs] [Times: user=0,07 sys=0,00, real=0,00 secs] 
2015-09-02T10:08:04.439+0200: 499272,615: [GC2015-09-02T10:08:04.439+0200: 499272,615: [ParNew: 288231K->8686K(314560K), 0,0104310 secs] 741919K->463307K(1013632K), 0,0105530 secs] [Times: user=0,10 sys=0,00, real=0,01 secs] 
2015-09-02T10:09:01.894+0200: 499330,070: [GC2015-09-02T10:09:01.894+0200: 499330,070: [ParNew: 288302K->9517K(314560K), 0,0132490 secs] 742923K->465050K(1013632K), 0,0133870 secs] [Times: user=0,09 sys=0,00, real=0,02 secs] 
2015-09-02T10:09:59.441+0200: 499387,618: [GC2015-09-02T10:09:59.441+0200: 499387,618: [ParNew: 289133K->9679K(314560K), 0,0103400 secs] 744666K->466142K(1013632K), 0,0104430 secs] [Times: user=0,06 sys=0,00, real=0,01 secs] 
2015-09-02T10:10:56.568+0200: 499444,744: [GC2015-09-02T10:10:56.568+0200: 499444,745: [ParNew: 289295K->8318K(314560K), 0,0106300 secs] 745758K->465796K(1013632K), 0,0107460 secs] [Times: user=0,08 sys=0,00, real=0,01 secs] 
2015-09-02T10:11:54.035+0200: 499502,212: [GC2015-09-02T10:11:54.035+0200: 499502,212: [ParNew: 287934K->8358K(314560K), 0,0111480 secs] 745412K->466841K(1013632K), 0,0112490 secs] [Times: user=0,07 sys=0,00, real=0,02 secs] 
2015-09-02T10:12:52.005+0200: 499560,182: [GC2015-09-02T10:12:52.005+0200: 499560,182: [ParNew: 287974K->9141K(314560K), 0,0151740 secs] 746457K->468547K(1013632K), 0,0153080 secs] [Times: user=0,08 sys=0,00, real=0,01 secs] 
2015-09-02T10:13:49.529+0200: 499617,705: [GC2015-09-02T10:13:49.529+0200: 499617,705: [ParNew: 288757K->7902K(314560K), 0,0094860 secs] 748163K->468231K(1013632K), 0,0095870 secs] [Times: user=0,06 sys=0,00, real=0,01 secs] 
2015-09-02T10:14:47.465+0200: 499675,641: [GC2015-09-02T10:14:47.465+0200: 499675,642: [ParNew: 287518K->8577K(314560K), 0,0102430 secs] 747847K->469846K(1013632K), 0,0103930 secs] [Times: user=0,07 sys=0,00, real=0,00 secs] 
2015-09-02T10:15:45.498+0200: 499733,675: [GC2015-09-02T10:15:45.498+0200: 499733,675: [ParNew: 288193K->8641K(314560K), 0,0125580 secs] 749462K->470848K(1013632K), 0,0126730 secs] [Times: user=0,08 sys=0,00, real=0,01 secs] 
2015-09-02T10:16:43.105+0200: 499791,281: [GC2015-09-02T10:16:43.105+0200: 499791,281: [ParNew: 288257K->9495K(314560K), 0,0108210 secs] 750464K->472637K(1013632K), 0,0109270 secs] [Times: user=0,07 sys=0,01, real=0,00 secs] 
2015-09-02T10:17:40.830+0200: 499849,006: [GC2015-09-02T10:17:40.830+0200: 499849,006: [ParNew: 289111K->10375K(314560K), 0,0108400 secs] 752253K->474448K(1013632K), 0,0109510 secs] [Times: user=0,06 sys=0,00, real=0,01 secs] 
2015-09-02T10:18:38.198+0200: 499906,375: [GC2015-09-02T10:18:38.198+0200: 499906,375: [ParNew: 289991K->7968K(314560K), 0,0115340 secs] 754064K->472997K(1013632K), 0,0116700 secs] [Times: user=0,09 sys=0,00, real=0,01 secs] 
2015-09-02T10:19:35.933+0200: 499964,109: [GC2015-09-02T10:19:35.933+0200: 499964,110: [ParNew: 287584K->8962K(314560K), 0,0114930 secs] 752613K->474995K(1013632K), 0,0116160 secs] [Times: user=0,07 sys=0,01, real=0,02 secs] 
2015-09-02T10:20:33.823+0200: 500021,999: [GC2015-09-02T10:20:33.823+0200: 500022,000: [ParNew: 288578K->8201K(314560K), 0,0120010 secs] 754611K->475243K(1013632K), 0,0121150 secs] [Times: user=0,08 sys=0,00, real=0,01 secs] 
2015-09-02T10:21:31.858+0200: 500080,034: [GC2015-09-02T10:21:31.858+0200: 500080,034: [ParNew: 287817K->9127K(314560K), 0,0111610 secs] 754859K->477119K(1013632K), 0,0112860 secs] [Times: user=0,07 sys=0,00, real=0,01 secs] 
2015-09-02T10:22:29.084+0200: 500137,261: [GC2015-09-02T10:22:29.085+0200: 500137,261: [ParNew: 288743K->7932K(314560K), 0,0097870 secs] 756735K->476861K(1013632K), 0,0098900 secs] [Times: user=0,06 sys=0,00, real=0,00 secs] 
2015-09-02T10:23:26.642+0200: 500194,819: [GC2015-09-02T10:23:26.643+0200: 500194,819: [ParNew: 287548K->8610K(314560K), 0,0117620 secs] 756477K->478474K(1013632K), 0,0118960 secs] [Times: user=0,09 sys=0,00, real=0,01 secs] 
2015-09-02T10:24:24.201+0200: 500252,377: [GC2015-09-02T10:24:24.201+0200: 500252,377: [ParNew: 288226K->8686K(314560K), 0,0114080 secs] 758090K->479482K(1013632K), 0,0115310 secs] [Times: user=0,06 sys=0,00, real=0,01 secs] 
2015-09-02T10:25:22.163+0200: 500310,340: [GC2015-09-02T10:25:22.163+0200: 500310,340: [ParNew: 288302K->8794K(314560K), 0,0102270 secs] 759098K->480515K(1013632K), 0,0103080 secs] [Times: user=0,06 sys=0,00, real=0,01 secs] 
2015-09-02T10:26:19.805+0200: 500367,982: [GC2015-09-02T10:26:19.805+0200: 500367,982: [ParNew: 288410K->8924K(314560K), 0,0120220 secs] 760131K->481579K(1013632K), 0,0121650 secs] [Times: user=0,10 sys=0,00, real=0,01 secs] 
2015-09-02T10:27:17.389+0200: 500425,565: [GC2015-09-02T10:27:17.389+0200: 500425,565: [ParNew: 288540K->10561K(314560K), 0,0115510 secs] 761195K->484208K(1013632K), 0,0116660 secs] [Times: user=0,08 sys=0,00, real=0,01 secs] 
2015-09-02T10:28:14.158+0200: 500482,335: [GC2015-09-02T10:28:14.158+0200: 500482,335: [ParNew: 290177K->8834K(314560K), 0,0099230 secs] 763824K->483489K(1013632K), 0,0100280 secs] [Times: user=0,06 sys=0,00, real=0,01 secs] 
2015-09-02T10:29:11.377+0200: 500539,553: [GC2015-09-02T10:29:11.377+0200: 500539,553: [ParNew: 288450K->8195K(314560K), 0,0093690 secs] 763105K->483866K(1013632K), 0,0094930 secs] [Times: user=0,07 sys=0,00, real=0,01 secs] 
2015-09-02T10:30:08.083+0200: 500596,260: [GC2015-09-02T10:30:08.083+0200: 500596,260: [ParNew: 287811K->7783K(314560K), 0,0091200 secs] 763482K->484381K(1013632K), 0,0092330 secs] [Times: user=0,06 sys=0,00, real=0,01 secs] 
2015-09-02T10:31:05.465+0200: 500653,642: [GC2015-09-02T10:31:05.466+0200: 500653,642: [ParNew: 287399K->6894K(314560K), 0,0093920 secs] 763997K->484427K(1013632K), 0,0095020 secs] [Times: user=0,07 sys=0,00, real=0,00 secs] 
2015-09-02T10:32:03.105+0200: 500711,281: [GC2015-09-02T10:32:03.105+0200: 500711,281: [ParNew: 286510K->6920K(314560K), 0,0089790 secs] 764043K->485389K(1013632K), 0,0090960 secs] [Times: user=0,06 sys=0,00, real=0,00 secs] 
2015-09-02T10:33:00.650+0200: 500768,827: [GC2015-09-02T10:33:00.650+0200: 500768,827: [ParNew: 286536K->6326K(314560K), 0,0073100 secs] 765005K->485831K(1013632K), 0,0074020 secs] [Times: user=0,05 sys=0,00, real=0,01 secs] 
2015-09-02T10:33:58.105+0200: 500826,281: [GC2015-09-02T10:33:58.105+0200: 500826,281: [ParNew: 285942K->5139K(314560K), 0,0078180 secs] 765447K->485370K(1013632K), 0,0079490 secs] [Times: user=0,04 sys=0,01, real=0,00 secs] 
2015-09-02T10:34:55.248+0200: 500883,424: [GC2015-09-02T10:34:55.248+0200: 500883,424: [ParNew: 284755K->6608K(314560K), 0,0087260 secs] 764986K->487331K(1013632K), 0,0088460 secs] [Times: user=0,06 sys=0,00, real=0,01 secs] 
2015-09-02T10:35:53.105+0200: 500941,281: [GC2015-09-02T10:35:53.105+0200: 500941,281: [ParNew: 286224K->8284K(314560K), 0,0055640 secs] 766947K->489654K(1013632K), 0,0056450 secs] [Times: user=0,03 sys=0,00, real=0,00 secs] 
2015-09-02T10:36:50.858+0200: 500999,035: [GC2015-09-02T10:36:50.858+0200: 500999,035: [ParNew: 287900K->6251K(314560K), 0,0095000 secs] 769270K->488216K(1013632K), 0,0096200 secs] [Times: user=0,07 sys=0,00, real=0,01 secs] 
2015-09-02T10:37:48.132+0200: 501056,308: [GC2015-09-02T10:37:48.132+0200: 501056,308: [ParNew: 285867K->7102K(314560K), 0,0092720 secs] 767832K->489614K(1013632K), 0,0093760 secs] [Times: user=0,06 sys=0,00, real=0,01 secs] 
2015-09-02T10:38:45.180+0200: 501113,356: [GC2015-09-02T10:38:45.180+0200: 501113,356: [ParNew: 286718K->9574K(314560K), 0,0097210 secs] 769230K->492730K(1013632K), 0,0098490 secs] [Times: user=0,08 sys=0,00, real=0,01 secs] 
2015-09-02T10:39:42.847+0200: 501171,023: [GC2015-09-02T10:39:42.847+0200: 501171,023: [ParNew: 289190K->6821K(314560K), 0,0108450 secs] 772346K->490823K(1013632K), 0,0109610 secs] [Times: user=0,08 sys=0,00, real=0,01 secs] 
2015-09-02T10:40:40.559+0200: 501228,736: [GC2015-09-02T10:40:40.559+0200: 501228,736: [ParNew: 286437K->8060K(314560K), 0,0101870 secs] 770439K->492969K(1013632K), 0,0103020 secs] [Times: user=0,08 sys=0,00, real=0,01 secs] 
2015-09-02T10:41:38.105+0200: 501286,281: [GC2015-09-02T10:41:38.105+0200: 501286,281: [ParNew: 287676K->6379K(314560K), 0,0084130 secs] 772585K->492217K(1013632K), 0,0085550 secs] [Times: user=0,07 sys=0,00, real=0,00 secs] 
2015-09-02T10:42:35.669+0200: 501343,845: [GC2015-09-02T10:42:35.669+0200: 501343,845: [ParNew: 285995K->6089K(314560K), 0,0097740 secs] 771833K->492870K(1013632K), 0,0099200 secs] [Times: user=0,06 sys=0,00, real=0,01 secs] 
2015-09-02T10:43:33.198+0200: 501401,375: [GC2015-09-02T10:43:33.198+0200: 501401,375: [ParNew: 285705K->5665K(314560K), 0,0089600 secs] 772486K->493393K(1013632K), 0,0090620 secs] [Times: user=0,07 sys=0,00, real=0,01 secs] 
2015-09-02T10:44:30.810+0200: 501458,987: [GC2015-09-02T10:44:30.810+0200: 501458,987: [ParNew: 285281K->5217K(314560K), 0,0122370 secs] 773009K->493696K(1013632K), 0,0123680 secs] [Times: user=0,10 sys=0,00, real=0,01 secs] 
2015-09-02T10:45:28.368+0200: 501516,545: [GC2015-09-02T10:45:28.369+0200: 501516,545: [ParNew: 284833K->6435K(314560K), 0,0082340 secs] 773312K->495549K(1013632K), 0,0083550 secs] [Times: user=0,05 sys=0,01, real=0,01 secs] 
2015-09-02T10:46:26.114+0200: 501574,291: [GC2015-09-02T10:46:26.114+0200: 501574,291: [ParNew: 286051K->6064K(314560K), 0,0068580 secs] 775165K->495677K(1013632K), 0,0069930 secs] [Times: user=0,05 sys=0,00, real=0,01 secs] 
2015-09-02T10:47:24.096+0200: 501632,273: [GC2015-09-02T10:47:24.096+0200: 501632,273: [ParNew: 285680K->7049K(314560K), 0,0071180 secs] 775293K->497160K(1013632K), 0,0072220 secs] [Times: user=0,04 sys=0,01, real=0,01 secs] 
2015-09-02T10:48:22.024+0200: 501690,200: [GC2015-09-02T10:48:22.024+0200: 501690,200: [ParNew: 286665K->6044K(314560K), 0,0142480 secs] 776776K->496668K(1013632K), 0,0143540 secs] [Times: user=0,07 sys=0,00, real=0,02 secs] 
2015-09-02T10:49:19.948+0200: 501748,125: [GC2015-09-02T10:49:19.948+0200: 501748,125: [ParNew: 285660K->7872K(314560K), 0,0097820 secs] 776284K->499057K(1013632K), 0,0098860 secs] [Times: user=0,07 sys=0,00, real=0,01 secs] 
2015-09-02T10:50:17.844+0200: 501806,021: [GC2015-09-02T10:50:17.845+0200: 501806,021: [ParNew: 287488K->7931K(314560K), 0,0101290 secs] 778673K->499753K(1013632K), 0,0102770 secs] [Times: user=0,07 sys=0,00, real=0,00 secs] 
2015-09-02T10:51:15.804+0200: 501863,980: [GC2015-09-02T10:51:15.804+0200: 501863,980: [ParNew: 287547K->9238K(314560K), 0,0094800 secs] 779369K->501881K(1013632K), 0,0095800 secs] [Times: user=0,09 sys=0,00, real=0,01 secs] 
2015-09-02T10:52:13.836+0200: 501922,013: [GC2015-09-02T10:52:13.836+0200: 501922,013: [ParNew: 288854K->9641K(314560K), 0,0117420 secs] 781497K->503247K(1013632K), 0,0118590 secs] [Times: user=0,08 sys=0,00, real=0,02 secs] 
2015-09-02T10:53:11.871+0200: 501980,047: [GC2015-09-02T10:53:11.871+0200: 501980,047: [ParNew: 289257K->8285K(314560K), 0,0110520 secs] 782863K->502892K(1013632K), 0,0111860 secs] [Times: user=0,10 sys=0,00, real=0,01 secs] 
2015-09-02T10:54:09.905+0200: 502038,081: [GC2015-09-02T10:54:09.905+0200: 502038,081: [ParNew: 287901K->9834K(314560K), 0,0119960 secs] 782508K->505437K(1013632K), 0,0121090 secs] [Times: user=0,08 sys=0,00, real=0,01 secs] 
2015-09-02T10:55:07.847+0200: 502096,023: [GC2015-09-02T10:55:07.847+0200: 502096,023: [ParNew: 289450K->9864K(314560K), 0,0108620 secs] 785053K->506390K(1013632K), 0,0109620 secs] [Times: user=0,08 sys=0,00, real=0,01 secs] 
2015-09-02T10:56:05.762+0200: 502153,939: [GC2015-09-02T10:56:05.763+0200: 502153,939: [ParNew: 289480K->7724K(314560K), 0,0101390 secs] 786006K->505186K(1013632K), 0,0102460 secs] [Times: user=0,07 sys=0,00, real=0,01 secs] 
2015-09-02T10:57:03.795+0200: 502211,972: [GC2015-09-02T10:57:03.795+0200: 502211,972: [ParNew: 287340K->8473K(314560K), 0,0131410 secs] 784802K->506868K(1013632K), 0,0132670 secs] [Times: user=0,07 sys=0,00, real=0,02 secs] 
2015-09-02T10:58:01.831+0200: 502270,008: [GC2015-09-02T10:58:01.831+0200: 502270,008: [ParNew: 288089K->8511K(314560K), 0,0119350 secs] 786484K->507827K(1013632K), 0,0120530 secs] [Times: user=0,08 sys=0,00, real=0,01 secs] 
2015-09-02T10:58:59.865+0200: 502328,042: [GC2015-09-02T10:58:59.866+0200: 502328,042: [ParNew: 288127K->8076K(314560K), 0,0116330 secs] 787443K->508310K(1013632K), 0,0117450 secs] [Times: user=0,08 sys=0,00, real=0,01 secs] 
2015-09-02T10:59:57.844+0200: 502386,021: [GC2015-09-02T10:59:57.844+0200: 502386,021: [ParNew: 287692K->10508K(314560K), 0,0087660 secs] 787926K->511668K(1013632K), 0,0088530 secs] [Times: user=0,07 sys=0,00, real=0,00 secs] 
2015-09-02T11:00:54.660+0200: 502442,837: [GC2015-09-02T11:00:54.661+0200: 502442,837: [ParNew: 290124K->7136K(314560K), 0,0130070 secs] 791284K->509296K(1013632K), 0,0131340 secs] [Times: user=0,10 sys=0,00, real=0,01 secs] 
2015-09-02T11:01:51.994+0200: 502500,170: [GC2015-09-02T11:01:51.994+0200: 502500,170: [ParNew: 286752K->9738K(314560K), 0,0166880 secs] 788912K->512935K(1013632K), 0,0167980 secs] [Times: user=0,09 sys=0,00, real=0,02 secs] 
2015-09-02T11:02:49.480+0200: 502557,657: [GC2015-09-02T11:02:49.480+0200: 502557,657: [ParNew: 289354K->8222K(314560K), 0,0112670 secs] 792551K->512353K(1013632K), 0,0114000 secs] [Times: user=0,09 sys=0,00, real=0,01 secs] 
2015-09-02T11:03:47.320+0200: 502615,497: [GC2015-09-02T11:03:47.320+0200: 502615,497: [ParNew: 287838K->9288K(314560K), 0,0107600 secs] 791969K->514369K(1013632K), 0,0108700 secs] [Times: user=0,08 sys=0,00, real=0,01 secs] 
2015-09-02T11:04:45.212+0200: 502673,388: [GC2015-09-02T11:04:45.212+0200: 502673,389: [ParNew: 288904K->7826K(314560K), 0,0143020 secs] 793985K->513851K(1013632K), 0,0144180 secs] [Times: user=0,10 sys=0,00, real=0,02 secs] 
2015-09-02T11:05:42.826+0200: 502731,003: [GC2015-09-02T11:05:42.826+0200: 502731,003: [ParNew: 287442K->9327K(314560K), 0,0107900 secs] 793467K->516288K(1013632K), 0,0109370 secs] [Times: user=0,09 sys=0,00, real=0,01 secs] 
2015-09-02T11:06:40.671+0200: 502788,847: [GC2015-09-02T11:06:40.671+0200: 502788,847: [ParNew: 288943K->7984K(314560K), 0,0107560 secs] 795904K->515867K(1013632K), 0,0108570 secs] [Times: user=0,10 sys=0,00, real=0,01 secs] 
2015-09-02T11:07:38.523+0200: 502846,700: [GC2015-09-02T11:07:38.524+0200: 502846,700: [ParNew: 287600K->8101K(314560K), 0,0112540 secs] 795483K->516902K(1013632K), 0,0113700 secs] [Times: user=0,08 sys=0,00, real=0,01 secs] 
2015-09-02T11:08:36.527+0200: 502904,704: [GC2015-09-02T11:08:36.527+0200: 502904,704: [ParNew: 287717K->8960K(314560K), 0,0119160 secs] 796518K->518709K(1013632K), 0,0120520 secs] [Times: user=0,08 sys=0,00, real=0,01 secs] 
2015-09-02T11:09:34.527+0200: 502962,704: [GC2015-09-02T11:09:34.528+0200: 502962,704: [ParNew: 288576K->8320K(314560K), 0,0120370 secs] 798325K->519080K(1013632K), 0,0121700 secs] [Times: user=0,08 sys=0,00, real=0,01 secs] 
2015-09-02T11:10:32.040+0200: 503020,216: [GC2015-09-02T11:10:32.040+0200: 503020,217: [ParNew: 287936K->9896K(314560K), 0,0105550 secs] 798696K->521675K(1013632K), 0,0106570 secs] [Times: user=0,08 sys=0,00, real=0,01 secs] 
2015-09-02T11:11:30.006+0200: 503078,183: [GC2015-09-02T11:11:30.006+0200: 503078,183: [ParNew: 289512K->10688K(314560K), 0,0097060 secs] 801291K->523393K(1013632K), 0,0098200 secs] [Times: user=0,06 sys=0,00, real=0,00 secs] 
2015-09-02T11:12:27.847+0200: 503136,023: [GC2015-09-02T11:12:27.847+0200: 503136,023: [ParNew: 290304K->7304K(314560K), 0,0128010 secs] 803009K->520938K(1013632K), 0,0129130 secs] [Times: user=0,08 sys=0,00, real=0,01 secs] 
2015-09-02T11:13:25.241+0200: 503193,417: [GC2015-09-02T11:13:25.241+0200: 503193,417: [ParNew: 286920K->9148K(314560K), 0,0123930 secs] 800554K->523697K(1013632K), 0,0124940 secs] [Times: user=0,06 sys=0,00, real=0,01 secs] 
2015-09-02T11:14:22.844+0200: 503251,021: [GC2015-09-02T11:14:22.844+0200: 503251,021: [ParNew: 288764K->8555K(314560K), 0,0107010 secs] 803313K->524045K(1013632K), 0,0108320 secs] [Times: user=0,07 sys=0,00, real=0,00 secs] 
2015-09-02T11:15:20.706+0200: 503308,882: [GC2015-09-02T11:15:20.706+0200: 503308,882: [ParNew: 288171K->8826K(314560K), 0,0125330 secs] 803661K->525264K(1013632K), 0,0126710 secs] [Times: user=0,10 sys=0,00, real=0,01 secs] 
2015-09-02T11:16:18.655+0200: 503366,831: [GC2015-09-02T11:16:18.655+0200: 503366,831: [ParNew: 288442K->9738K(314560K), 0,0108150 secs] 804880K->527119K(1013632K), 0,0109330 secs] [Times: user=0,08 sys=0,00, real=0,02 secs] 
2015-09-02T11:17:16.502+0200: 503424,679: [GC2015-09-02T11:17:16.502+0200: 503424,679: [ParNew: 289354K->8354K(314560K), 0,0112560 secs] 806735K->526720K(1013632K), 0,0113820 secs] [Times: user=0,09 sys=0,00, real=0,01 secs] 
2015-09-02T11:18:14.386+0200: 503482,562: [GC2015-09-02T11:18:14.386+0200: 503482,563: [ParNew: 287970K->9210K(314560K), 0,0159550 secs] 806336K->528595K(1013632K), 0,0160790 secs] [Times: user=0,11 sys=0,00, real=0,01 secs] 
2015-09-02T11:19:12.307+0200: 503540,483: [GC2015-09-02T11:19:12.307+0200: 503540,483: [ParNew: 288826K->10017K(314560K), 0,0119670 secs] 808211K->530429K(1013632K), 0,0120760 secs] [Times: user=0,07 sys=0,00, real=0,01 secs] 
2015-09-02T11:20:10.152+0200: 503598,329: [GC2015-09-02T11:20:10.153+0200: 503598,329: [ParNew: 289633K->9239K(314560K), 0,0122250 secs] 810045K->530591K(1013632K), 0,0123380 secs] [Times: user=0,08 sys=0,01, real=0,02 secs] 
2015-09-02T11:21:08.105+0200: 503656,281: [GC2015-09-02T11:21:08.105+0200: 503656,281: [ParNew: 288855K->8757K(314560K), 0,0117130 secs] 810207K->531057K(1013632K), 0,0118420 secs] [Times: user=0,06 sys=0,00, real=0,01 secs] 
2015-09-02T11:22:06.092+0200: 503714,268: [GC2015-09-02T11:22:06.092+0200: 503714,269: [ParNew: 288373K->8705K(314560K), 0,0102700 secs] 810673K->531939K(1013632K), 0,0103790 secs] [Times: user=0,08 sys=0,00, real=0,01 secs] 
2015-09-02T11:23:04.125+0200: 503772,302: [GC2015-09-02T11:23:04.125+0200: 503772,302: [ParNew: 288321K->8804K(314560K), 0,0095440 secs] 811555K->532995K(1013632K), 0,0096500 secs] [Times: user=0,06 sys=0,00, real=0,00 secs] 
2015-09-02T11:24:02.157+0200: 503830,334: [GC2015-09-02T11:24:02.157+0200: 503830,334: [ParNew: 288420K->8900K(314560K), 0,0256170 secs] 812611K->534034K(1013632K), 0,0257690 secs] [Times: user=0,10 sys=0,00, real=0,02 secs] 
2015-09-02T11:24:59.394+0200: 503887,571: [GC2015-09-02T11:24:59.394+0200: 503887,571: [ParNew: 288516K->10521K(314560K), 0,0109730 secs] 813650K->536579K(1013632K), 0,0110890 secs] [Times: user=0,10 sys=0,00, real=0,02 secs] 
2015-09-02T11:25:57.447+0200: 503945,624: [GC2015-09-02T11:25:57.447+0200: 503945,624: [ParNew: 290137K->7602K(314560K), 0,0120270 secs] 816195K->534680K(1013632K), 0,0121600 secs] [Times: user=0,09 sys=0,00, real=0,01 secs] 
2015-09-02T11:26:55.453+0200: 504003,630: [GC2015-09-02T11:26:55.453+0200: 504003,630: [ParNew: 287218K->9699K(314560K), 0,0108060 secs] 814296K->537791K(1013632K), 0,0109080 secs] [Times: user=0,07 sys=0,00, real=0,01 secs] 
2015-09-02T11:27:53.393+0200: 504061,569: [GC2015-09-02T11:27:53.393+0200: 504061,569: [ParNew: 289315K->10477K(314560K), 0,0113990 secs] 817407K->539516K(1013632K), 0,0115420 secs] [Times: user=0,08 sys=0,00, real=0,01 secs] 
2015-09-02T11:28:51.612+0200: 504119,789: [GC2015-09-02T11:28:51.612+0200: 504119,789: [ParNew: 290093K->8578K(314560K), 0,0121900 secs] 819132K->538556K(1013632K), 0,0123380 secs] [Times: user=0,08 sys=0,00, real=0,02 secs] 
2015-09-02T11:29:49.674+0200: 504177,851: [GC2015-09-02T11:29:49.674+0200: 504177,851: [ParNew: 288194K->8244K(314560K), 0,0124730 secs] 818172K->539163K(1013632K), 0,0125990 secs] [Times: user=0,09 sys=0,00, real=0,02 secs] 
2015-09-02T11:30:47.554+0200: 504235,730: [GC2015-09-02T11:30:47.554+0200: 504235,730: [ParNew: 287860K->7819K(314560K), 0,0110150 secs] 818779K->539669K(1013632K), 0,0111350 secs] [Times: user=0,09 sys=0,00, real=0,02 secs] 
2015-09-02T11:31:45.587+0200: 504293,764: [GC2015-09-02T11:31:45.588+0200: 504293,764: [ParNew: 287435K->7961K(314560K), 0,0105120 secs] 819285K->540737K(1013632K), 0,0106250 secs] [Times: user=0,09 sys=0,00, real=0,01 secs] 
2015-09-02T11:32:43.105+0200: 504351,281: [GC2015-09-02T11:32:43.105+0200: 504351,281: [ParNew: 287577K->7374K(314560K), 0,0097130 secs] 820353K->541089K(1013632K), 0,0098790 secs] [Times: user=0,05 sys=0,00, real=0,00 secs] 
2015-09-02T11:33:40.366+0200: 504408,543: [GC2015-09-02T11:33:40.366+0200: 504408,543: [ParNew: 286990K->5374K(314560K), 0,0083520 secs] 820705K->540126K(1013632K), 0,0085040 secs] [Times: user=0,06 sys=0,00, real=0,00 secs] 
2015-09-02T11:34:38.841+0200: 504467,017: [GC2015-09-02T11:34:38.841+0200: 504467,017: [ParNew: 284990K->5853K(314560K), 0,0075490 secs] 819742K->541181K(1013632K), 0,0076660 secs] [Times: user=0,04 sys=0,01, real=0,01 secs] 
2015-09-02T11:35:36.688+0200: 504524,864: [GC2015-09-02T11:35:36.688+0200: 504524,864: [ParNew: 285469K->6500K(314560K), 0,0087230 secs] 820797K->542489K(1013632K), 0,0088300 secs] [Times: user=0,06 sys=0,00, real=0,01 secs] 
2015-09-02T11:36:34.209+0200: 504582,385: [GC2015-09-02T11:36:34.209+0200: 504582,385: [ParNew: 286116K->7062K(314560K), 0,0084440 secs] 822105K->543551K(1013632K), 0,0085710 secs] [Times: user=0,07 sys=0,00, real=0,01 secs] 
2015-09-02T11:37:31.569+0200: 504639,745: [GC2015-09-02T11:37:31.569+0200: 504639,745: [ParNew: 286678K->8270K(314560K), 0,0110430 secs] 823167K->545273K(1013632K), 0,0111690 secs] [Times: user=0,06 sys=0,01, real=0,01 secs] 
2015-09-02T11:38:29.385+0200: 504697,562: [GC2015-09-02T11:38:29.385+0200: 504697,562: [ParNew: 287886K->7379K(314560K), 0,0103530 secs] 824889K->544918K(1013632K), 0,0104780 secs] [Times: user=0,08 sys=0,00, real=0,00 secs] 
2015-09-02T11:39:27.181+0200: 504755,357: [GC2015-09-02T11:39:27.181+0200: 504755,357: [ParNew: 286995K->9308K(314560K), 0,0103280 secs] 824534K->547467K(1013632K), 0,0104540 secs] [Times: user=0,06 sys=0,00, real=0,01 secs] 
2015-09-02T11:40:25.016+0200: 504813,192: [GC2015-09-02T11:40:25.016+0200: 504813,192: [ParNew: 288924K->8294K(314560K), 0,0103280 secs] 827083K->547305K(1013632K), 0,0104580 secs] [Times: user=0,09 sys=0,00, real=0,02 secs] 
2015-09-02T11:41:22.847+0200: 504871,023: [GC2015-09-02T11:41:22.847+0200: 504871,023: [ParNew: 287910K->8188K(314560K), 0,0099620 secs] 826921K->548109K(1013632K), 0,0101000 secs] [Times: user=0,07 sys=0,00, real=0,01 secs] 
2015-09-02T11:42:21.293+0200: 504929,469: [GC2015-09-02T11:42:21.293+0200: 504929,469: [ParNew: 287804K->6488K(314560K), 0,0098010 secs] 827725K->547393K(1013632K), 0,0099210 secs] [Times: user=0,06 sys=0,00, real=0,01 secs] 
2015-09-02T11:43:19.302+0200: 504987,479: [GC2015-09-02T11:43:19.302+0200: 504987,479: [ParNew: 286104K->6047K(314560K), 0,0092070 secs] 827009K->547974K(1013632K), 0,0093250 secs] [Times: user=0,07 sys=0,00, real=0,01 secs] 
2015-09-02T11:44:17.334+0200: 505045,511: [GC2015-09-02T11:44:17.334+0200: 505045,511: [ParNew: 285663K->5522K(314560K), 0,0083090 secs] 827590K->548336K(1013632K), 0,0084320 secs] [Times: user=0,07 sys=0,00, real=0,01 secs] 
2015-09-02T11:45:15.365+0200: 505103,542: [GC2015-09-02T11:45:15.365+0200: 505103,542: [ParNew: 285138K->6139K(314560K), 0,0082970 secs] 827952K->549570K(1013632K), 0,0084250 secs] [Times: user=0,05 sys=0,00, real=0,00 secs] 
2015-09-02T11:46:13.397+0200: 505161,573: [GC2015-09-02T11:46:13.397+0200: 505161,573: [ParNew: 285755K->5109K(314560K), 0,0080780 secs] 829186K->549033K(1013632K), 0,0081850 secs] [Times: user=0,06 sys=0,00, real=0,01 secs] 
2015-09-02T11:47:11.428+0200: 505219,604: [GC2015-09-02T11:47:11.428+0200: 505219,604: [ParNew: 284725K->6072K(314560K), 0,0101860 secs] 828649K->550501K(1013632K), 0,0103100 secs] [Times: user=0,08 sys=0,00, real=0,01 secs] 
2015-09-02T11:48:09.461+0200: 505277,637: [GC2015-09-02T11:48:09.461+0200: 505277,637: [ParNew: 285688K->8320K(314560K), 0,0088770 secs] 830117K->553289K(1013632K), 0,0090010 secs] [Times: user=0,06 sys=0,00, real=0,01 secs] 
2015-09-02T11:49:07.493+0200: 505335,669: [GC2015-09-02T11:49:07.493+0200: 505335,669: [ParNew: 287936K->9925K(314560K), 0,0097390 secs] 832905K->555451K(1013632K), 0,0098630 secs] [Times: user=0,08 sys=0,00, real=0,01 secs] 
2015-09-02T11:50:05.525+0200: 505393,702: [GC2015-09-02T11:50:05.526+0200: 505393,702: [ParNew: 289541K->7915K(314560K), 0,0087190 secs] 835067K->554088K(1013632K), 0,0088130 secs] [Times: user=0,06 sys=0,00, real=0,00 secs] 
2015-09-02T11:51:03.557+0200: 505451,734: [GC2015-09-02T11:51:03.558+0200: 505451,734: [ParNew: 287531K->9935K(314560K), 0,0109690 secs] 833704K->557012K(1013632K), 0,0110850 secs] [Times: user=0,07 sys=0,00, real=0,01 secs] 
2015-09-02T11:52:01.591+0200: 505509,768: [GC2015-09-02T11:52:01.591+0200: 505509,768: [ParNew: 289551K->9545K(314560K), 0,0115010 secs] 836628K->557632K(1013632K), 0,0116350 secs] [Times: user=0,08 sys=0,00, real=0,01 secs] 
2015-09-02T11:52:59.626+0200: 505567,802: [GC2015-09-02T11:52:59.626+0200: 505567,802: [ParNew: 289161K->6785K(314560K), 0,0101750 secs] 837248K->555784K(1013632K), 0,0103020 secs] [Times: user=0,08 sys=0,00, real=0,00 secs] 
2015-09-02T11:53:57.659+0200: 505625,836: [GC2015-09-02T11:53:57.659+0200: 505625,836: [ParNew: 286401K->8602K(314560K), 0,0120310 secs] 835400K->558524K(1013632K), 0,0121870 secs] [Times: user=0,08 sys=0,00, real=0,01 secs] 
2015-09-02T11:54:55.695+0200: 505683,871: [GC2015-09-02T11:54:55.695+0200: 505683,871: [ParNew: 288218K->7883K(314560K), 0,0112840 secs] 838140K->558718K(1013632K), 0,0114220 secs] [Times: user=0,10 sys=0,00, real=0,02 secs] 
2015-09-02T11:55:53.729+0200: 505741,905: [GC2015-09-02T11:55:53.729+0200: 505741,905: [ParNew: 287499K->9454K(314560K), 0,0107610 secs] 838334K->561230K(1013632K), 0,0108910 secs] [Times: user=0,08 sys=0,00, real=0,01 secs] 
2015-09-02T11:56:51.763+0200: 505799,939: [GC2015-09-02T11:56:51.763+0200: 505799,939: [ParNew: 289070K->11068K(314560K), 0,0157010 secs] 840846K->563774K(1013632K), 0,0157980 secs] [Times: user=0,12 sys=0,00, real=0,02 secs] 
2015-09-02T11:57:49.802+0200: 505857,978: [GC2015-09-02T11:57:49.802+0200: 505857,978: [ParNew: 290684K->7468K(314560K), 0,0123940 secs] 843390K->561115K(1013632K), 0,0125190 secs] [Times: user=0,08 sys=0,00, real=0,01 secs] 
2015-09-02T11:58:47.837+0200: 505916,014: [GC2015-09-02T11:58:47.837+0200: 505916,014: [ParNew: 287084K->9633K(314560K), 0,0126300 secs] 840731K->564253K(1013632K), 0,0127450 secs] [Times: user=0,09 sys=0,00, real=0,01 secs] 
2015-09-02T11:59:45.873+0200: 505974,049: [GC2015-09-02T11:59:45.873+0200: 505974,049: [ParNew: 289249K->8980K(314560K), 0,0122400 secs] 843869K->564625K(1013632K), 0,0123850 secs] [Times: user=0,09 sys=0,00, real=0,02 secs] 
2015-09-02T12:00:43.908+0200: 506032,084: [GC2015-09-02T12:00:43.908+0200: 506032,084: [ParNew: 288596K->9911K(314560K), 0,0126160 secs] 844241K->566587K(1013632K), 0,0127550 secs] [Times: user=0,09 sys=0,00, real=0,01 secs] 
2015-09-02T12:01:41.822+0200: 506089,999: [GC2015-09-02T12:01:41.822+0200: 506089,999: [ParNew: 289527K->7653K(314560K), 0,0105730 secs] 846203K->565271K(1013632K), 0,0106970 secs] [Times: user=0,08 sys=0,00, real=0,01 secs] 
2015-09-02T12:02:39.765+0200: 506147,942: [GC2015-09-02T12:02:39.765+0200: 506147,942: [ParNew: 287269K->8690K(314560K), 0,0110790 secs] 844887K->567241K(1013632K), 0,0112160 secs] [Times: user=0,07 sys=0,00, real=0,01 secs] 
2015-09-02T12:03:37.800+0200: 506205,977: [GC2015-09-02T12:03:37.800+0200: 506205,977: [ParNew: 288306K->7956K(314560K), 0,0118900 secs] 846857K->567440K(1013632K), 0,0120270 secs] [Times: user=0,09 sys=0,00, real=0,01 secs] 
2015-09-02T12:04:35.835+0200: 506264,012: [GC2015-09-02T12:04:35.835+0200: 506264,012: [ParNew: 287572K->9498K(314560K), 0,0121100 secs] 847056K->569921K(1013632K), 0,0122220 secs] [Times: user=0,08 sys=0,00, real=0,02 secs] 
2015-09-02T12:05:33.871+0200: 506322,047: [GC2015-09-02T12:05:33.871+0200: 506322,047: [ParNew: 289114K->9607K(314560K), 0,0147770 secs] 849537K->570956K(1013632K), 0,0149250 secs] [Times: user=0,09 sys=0,00, real=0,02 secs] 
2015-09-02T12:06:31.908+0200: 506380,085: [GC2015-09-02T12:06:31.908+0200: 506380,085: [ParNew: 289223K->8995K(314560K), 0,0115820 secs] 850572K->571280K(1013632K), 0,0117300 secs] [Times: user=0,07 sys=0,00, real=0,01 secs] 
2015-09-02T12:07:29.943+0200: 506438,119: [GC2015-09-02T12:07:29.943+0200: 506438,119: [ParNew: 288611K->9913K(314560K), 0,0116600 secs] 850896K->573202K(1013632K), 0,0118060 secs] [Times: user=0,09 sys=0,00, real=0,01 secs] 
2015-09-02T12:08:27.844+0200: 506496,021: [GC2015-09-02T12:08:27.844+0200: 506496,021: [ParNew: 289529K->8453K(314560K), 0,0109320 secs] 852818K->572782K(1013632K), 0,0110530 secs] [Times: user=0,08 sys=0,00, real=0,00 secs] 
2015-09-02T12:09:25.800+0200: 506553,977: [GC2015-09-02T12:09:25.800+0200: 506553,977: [ParNew: 288069K->9241K(314560K), 0,0115810 secs] 852398K->574499K(1013632K), 0,0117060 secs] [Times: user=0,06 sys=0,01, real=0,01 secs] 
2015-09-02T12:10:23.603+0200: 506611,779: [GC2015-09-02T12:10:23.603+0200: 506611,779: [ParNew: 288857K->9417K(314560K), 0,0111660 secs] 854115K->575602K(1013632K), 0,0112990 secs] [Times: user=0,10 sys=0,00, real=0,01 secs] 
2015-09-02T12:11:21.182+0200: 506669,358: [GC2015-09-02T12:11:21.182+0200: 506669,358: [ParNew: 289033K->7201K(314560K), 0,0097360 secs] 855218K->574320K(1013632K), 0,0098830 secs] [Times: user=0,07 sys=0,00, real=0,01 secs] 
2015-09-02T12:12:18.860+0200: 506727,037: [GC2015-09-02T12:12:18.860+0200: 506727,037: [ParNew: 286817K->8734K(314560K), 0,0120460 secs] 853936K->576814K(1013632K), 0,0121640 secs] [Times: user=0,09 sys=0,00, real=0,01 secs] 
2015-09-02T12:13:16.344+0200: 506784,521: [GC2015-09-02T12:13:16.344+0200: 506784,521: [ParNew: 288350K->8821K(314560K), 0,0124810 secs] 856430K->577846K(1013632K), 0,0126180 secs] [Times: user=0,07 sys=0,01, real=0,02 secs] 
2015-09-02T12:14:14.324+0200: 506842,500: [GC2015-09-02T12:14:14.324+0200: 506842,500: [ParNew: 288437K->10404K(314560K), 0,0107080 secs] 857462K->580383K(1013632K), 0,0108520 secs] [Times: user=0,08 sys=0,00, real=0,01 secs] 
2015-09-02T12:15:12.357+0200: 506900,534: [GC2015-09-02T12:15:12.357+0200: 506900,534: [ParNew: 290020K->7493K(314560K), 0,0119650 secs] 859999K->578417K(1013632K), 0,0120920 secs] [Times: user=0,09 sys=0,00, real=0,01 secs] 
2015-09-02T12:16:10.392+0200: 506958,569: [GC2015-09-02T12:16:10.392+0200: 506958,569: [ParNew: 287109K->9656K(314560K), 0,0110070 secs] 858033K->581586K(1013632K), 0,0111220 secs] [Times: user=0,06 sys=0,00, real=0,01 secs] 
2015-09-02T12:17:07.847+0200: 507016,023: [GC2015-09-02T12:17:07.847+0200: 507016,023: [ParNew: 289272K->9722K(314560K), 0,0109540 secs] 861202K->582683K(1013632K), 0,0110650 secs] [Times: user=0,10 sys=0,00, real=0,01 secs] 
2015-09-02T12:18:05.848+0200: 507074,025: [GC2015-09-02T12:18:05.848+0200: 507074,025: [ParNew: 289338K->9892K(314560K), 0,0106110 secs] 862299K->583789K(1013632K), 0,0107280 secs] [Times: user=0,07 sys=0,00, real=0,01 secs] 
2015-09-02T12:19:03.882+0200: 507132,059: [GC2015-09-02T12:19:03.882+0200: 507132,059: [ParNew: 289508K->6829K(314560K), 0,0179780 secs] 863405K->581653K(1013632K), 0,0181010 secs] [Times: user=0,13 sys=0,00, real=0,02 secs] 
2015-09-02T12:20:01.923+0200: 507190,099: [GC2015-09-02T12:20:01.923+0200: 507190,100: [ParNew: 286445K->9155K(314560K), 0,0117560 secs] 861269K->584910K(1013632K), 0,0118690 secs] [Times: user=0,06 sys=0,00, real=0,01 secs] 
2015-09-02T12:20:59.958+0200: 507248,134: [GC2015-09-02T12:20:59.958+0200: 507248,134: [ParNew: 288771K->9252K(314560K), 0,0112700 secs] 864526K->585947K(1013632K), 0,0113870 secs] [Times: user=0,08 sys=0,00, real=0,01 secs] 
2015-09-02T12:21:57.810+0200: 507305,987: [GC2015-09-02T12:21:57.810+0200: 507305,987: [ParNew: 288868K->9536K(314560K), 0,0143400 secs] 865563K->587180K(1013632K), 0,0144610 secs] [Times: user=0,09 sys=0,00, real=0,02 secs] 
2015-09-02T12:22:55.814+0200: 507363,991: [GC2015-09-02T12:22:55.814+0200: 507363,991: [ParNew: 289152K->8954K(314560K), 0,0111890 secs] 866796K->587525K(1013632K), 0,0113120 secs] [Times: user=0,09 sys=0,00, real=0,02 secs] 
2015-09-02T12:23:53.848+0200: 507422,025: [GC2015-09-02T12:23:53.848+0200: 507422,025: [ParNew: 288570K->9867K(314560K), 0,0126240 secs] 867141K->589410K(1013632K), 0,0127430 secs] [Times: user=0,08 sys=0,00, real=0,01 secs] 
2015-09-02T12:24:51.884+0200: 507480,060: [GC2015-09-02T12:24:51.884+0200: 507480,060: [ParNew: 289483K->9211K(314560K), 0,0112110 secs] 869026K->589793K(1013632K), 0,0113160 secs] [Times: user=0,10 sys=0,00, real=0,01 secs] 
2015-09-02T12:25:49.918+0200: 507538,095: [GC2015-09-02T12:25:49.919+0200: 507538,095: [ParNew: 288827K->9241K(314560K), 0,0135360 secs] 869409K->590843K(1013632K), 0,0136460 secs] [Times: user=0,10 sys=0,00, real=0,01 secs] 
2015-09-02T12:26:47.955+0200: 507596,132: [GC2015-09-02T12:26:47.955+0200: 507596,132: [ParNew: 288857K->7726K(314560K), 0,0104890 secs] 870459K->590266K(1013632K), 0,0106220 secs] [Times: user=0,09 sys=0,00, real=0,02 secs] 
2015-09-02T12:27:45.571+0200: 507653,747: [GC2015-09-02T12:27:45.571+0200: 507653,747: [ParNew: 287342K->10270K(314560K), 0,0128720 secs] 869882K->593751K(1013632K), 0,0130030 secs] [Times: user=0,09 sys=0,00, real=0,01 secs] 
2015-09-02T12:28:43.411+0200: 507711,587: [GC2015-09-02T12:28:43.411+0200: 507711,587: [ParNew: 289886K->10397K(314560K), 0,0111400 secs] 873367K->594826K(1013632K), 0,0112530 secs] [Times: user=0,10 sys=0,00, real=0,01 secs] 
2015-09-02T12:29:41.444+0200: 507769,621: [GC2015-09-02T12:29:41.444+0200: 507769,621: [ParNew: 290013K->7824K(314560K), 0,0107560 secs] 874442K->593195K(1013632K), 0,0108820 secs] [Times: user=0,07 sys=0,00, real=0,00 secs] 
2015-09-02T12:30:39.479+0200: 507827,655: [GC2015-09-02T12:30:39.479+0200: 507827,655: [ParNew: 287440K->8039K(314560K), 0,0091810 secs] 872811K->594365K(1013632K), 0,0092780 secs] [Times: user=0,08 sys=0,00, real=0,01 secs] 
2015-09-02T12:31:37.515+0200: 507885,692: [GC2015-09-02T12:31:37.515+0200: 507885,692: [ParNew: 287655K->7413K(314560K), 0,0103100 secs] 873981K->594691K(1013632K), 0,0104270 secs] [Times: user=0,08 sys=0,00, real=0,02 secs] 
2015-09-02T12:32:34.901+0200: 507943,078: [GC2015-09-02T12:32:34.901+0200: 507943,078: [ParNew: 287029K->6987K(314560K), 0,0107430 secs] 874307K->595290K(1013632K), 0,0108590 secs] [Times: user=0,06 sys=0,00, real=0,01 secs] 
2015-09-02T12:33:32.574+0200: 508000,751: [GC2015-09-02T12:33:32.574+0200: 508000,751: [ParNew: 286603K->6947K(314560K), 0,0064010 secs] 874906K->596404K(1013632K), 0,0065070 secs] [Times: user=0,03 sys=0,00, real=0,01 secs] 
2015-09-02T12:34:30.514+0200: 508058,690: [GC2015-09-02T12:34:30.514+0200: 508058,691: [ParNew: 286563K->5208K(314560K), 0,0097490 secs] 876020K->595162K(1013632K), 0,0098650 secs] [Times: user=0,06 sys=0,00, real=0,01 secs] 
2015-09-02T12:35:28.105+0200: 508116,281: [GC2015-09-02T12:35:28.105+0200: 508116,281: [ParNew: 284824K->5634K(314560K), 0,0084260 secs] 874778K->596170K(1013632K), 0,0085460 secs] [Times: user=0,05 sys=0,00, real=0,00 secs] 
2015-09-02T12:36:26.040+0200: 508174,216: [GC2015-09-02T12:36:26.040+0200: 508174,216: [ParNew: 285250K->7996K(314560K), 0,0061810 secs] 875786K->599015K(1013632K), 0,0062660 secs] [Times: user=0,06 sys=0,00, real=0,01 secs] 
2015-09-02T12:37:23.643+0200: 508231,820: [GC2015-09-02T12:37:23.643+0200: 508231,820: [ParNew: 287612K->6566K(314560K), 0,0075630 secs] 878631K->598101K(1013632K), 0,0076660 secs] [Times: user=0,06 sys=0,00, real=0,01 secs] 
2015-09-02T12:38:20.777+0200: 508288,953: [GC2015-09-02T12:38:20.777+0200: 508288,953: [ParNew: 286182K->8591K(314560K), 0,0098730 secs] 877717K->600681K(1013632K), 0,0099930 secs] [Times: user=0,06 sys=0,00, real=0,01 secs] 
2015-09-02T12:39:18.713+0200: 508346,890: [GC2015-09-02T12:39:18.714+0200: 508346,890: [ParNew: 288207K->9101K(314560K), 0,0095970 secs] 880297K->601848K(1013632K), 0,0097440 secs] [Times: user=0,07 sys=0,00, real=0,01 secs] 
2015-09-02T12:40:16.746+0200: 508404,922: [GC2015-09-02T12:40:16.746+0200: 508404,922: [ParNew: 288717K->8892K(314560K), 0,0111890 secs] 881464K->602575K(1013632K), 0,0113210 secs] [Times: user=0,08 sys=0,00, real=0,01 secs] 
2015-09-02T12:41:14.780+0200: 508462,956: [GC2015-09-02T12:41:14.780+0200: 508462,957: [ParNew: 288508K->6463K(314560K), 0,0096900 secs] 882191K->601158K(1013632K), 0,0098130 secs] [Times: user=0,10 sys=0,00, real=0,01 secs] 
2015-09-02T12:42:11.611+0200: 508519,788: [GC2015-09-02T12:42:11.611+0200: 508519,788: [ParNew: 286079K->7399K(314560K), 0,0101440 secs] 880774K->603115K(1013632K), 0,0102620 secs] [Times: user=0,09 sys=0,00, real=0,01 secs] 
2015-09-02T12:43:09.632+0200: 508577,808: [GC2015-09-02T12:43:09.632+0200: 508577,808: [ParNew: 287015K->6818K(314560K), 0,0098130 secs] 882731K->603454K(1013632K), 0,0099440 secs] [Times: user=0,07 sys=0,00, real=0,01 secs] 
2015-09-02T12:44:06.986+0200: 508635,163: [GC2015-09-02T12:44:06.986+0200: 508635,163: [ParNew: 286434K->5434K(314560K), 0,0185130 secs] 883070K->602938K(1013632K), 0,0186290 secs] [Times: user=0,11 sys=0,00, real=0,02 secs] 
2015-09-02T12:45:04.888+0200: 508693,065: [GC2015-09-02T12:45:04.888+0200: 508693,065: [ParNew: 285050K->5559K(314560K), 0,0087020 secs] 882554K->603735K(1013632K), 0,0088320 secs] [Times: user=0,07 sys=0,00, real=0,01 secs] 
2015-09-02T12:46:02.598+0200: 508750,775: [GC2015-09-02T12:46:02.598+0200: 508750,775: [ParNew: 285175K->6569K(314560K), 0,0097060 secs] 883351K->605245K(1013632K), 0,0098210 secs] [Times: user=0,06 sys=0,00, real=0,01 secs] 
2015-09-02T12:47:00.542+0200: 508808,718: [GC2015-09-02T12:47:00.542+0200: 508808,718: [ParNew: 286185K->6860K(314560K), 0,0108710 secs] 884861K->606052K(1013632K), 0,0109980 secs] [Times: user=0,06 sys=0,00, real=0,01 secs] 
2015-09-02T12:47:58.576+0200: 508866,753: [GC2015-09-02T12:47:58.576+0200: 508866,753: [ParNew: 286476K->8241K(314560K), 0,0104150 secs] 885668K->607953K(1013632K), 0,0105310 secs] [Times: user=0,07 sys=0,00, real=0,02 secs] 
2015-09-02T12:48:56.578+0200: 508924,755: [GC2015-09-02T12:48:56.578+0200: 508924,755: [ParNew: 287857K->8463K(314560K), 0,0107610 secs] 887569K->608790K(1013632K), 0,0108860 secs] [Times: user=0,07 sys=0,00, real=0,01 secs] 
2015-09-02T12:49:54.432+0200: 508982,608: [GC2015-09-02T12:49:54.432+0200: 508982,609: [ParNew: 288079K->7755K(314560K), 0,0113760 secs] 888406K->608828K(1013632K), 0,0114990 secs] [Times: user=0,06 sys=0,01, real=0,01 secs] 
2015-09-02T12:50:52.466+0200: 509040,643: [GC2015-09-02T12:50:52.466+0200: 509040,643: [ParNew: 287371K->9690K(314560K), 0,0112490 secs] 888444K->611721K(1013632K), 0,0113640 secs] [Times: user=0,09 sys=0,00, real=0,01 secs] 
2015-09-02T12:51:50.500+0200: 509098,677: [GC2015-09-02T12:51:50.501+0200: 509098,677: [ParNew: 289306K->8359K(314560K), 0,0132150 secs] 891337K->611321K(1013632K), 0,0133300 secs] [Times: user=0,07 sys=0,00, real=0,01 secs] 
2015-09-02T12:52:48.434+0200: 509156,610: [GC2015-09-02T12:52:48.434+0200: 509156,611: [ParNew: 287975K->9419K(314560K), 0,0104750 secs] 890937K->613310K(1013632K), 0,0106050 secs] [Times: user=0,08 sys=0,00, real=0,02 secs] 
2015-09-02T12:53:46.498+0200: 509214,674: [GC2015-09-02T12:53:46.498+0200: 509214,674: [ParNew: 289035K->7976K(314560K), 0,0104830 secs] 892926K->612807K(1013632K), 0,0105990 secs] [Times: user=0,08 sys=0,00, real=0,01 secs] 
2015-09-02T12:54:44.951+0200: 509273,128: [GC2015-09-02T12:54:44.952+0200: 509273,128: [ParNew: 287592K->9528K(314560K), 0,0108270 secs] 892423K->615297K(1013632K), 0,0109530 secs] [Times: user=0,08 sys=0,00, real=0,01 secs] 
2015-09-02T12:55:42.804+0200: 509330,981: [GC2015-09-02T12:55:42.804+0200: 509330,981: [ParNew: 289144K->8934K(314560K), 0,0130210 secs] 894913K->615648K(1013632K), 0,0131450 secs] [Times: user=0,08 sys=0,00, real=0,02 secs] 
2015-09-02T12:56:40.840+0200: 509389,017: [GC2015-09-02T12:56:40.840+0200: 509389,017: [ParNew: 288550K->9051K(314560K), 0,0100900 secs] 895264K->616684K(1013632K), 0,0101980 secs] [Times: user=0,08 sys=0,00, real=0,01 secs] 
2015-09-02T12:57:38.873+0200: 509447,049: [GC2015-09-02T12:57:38.873+0200: 509447,049: [ParNew: 288667K->7668K(314560K), 0,0123640 secs] 896300K->616325K(1013632K), 0,0124850 secs] [Times: user=0,09 sys=0,00, real=0,02 secs] 
2015-09-02T12:58:36.908+0200: 509505,085: [GC2015-09-02T12:58:36.908+0200: 509505,085: [ParNew: 287284K->10782K(314560K), 0,0112220 secs] 895941K->620471K(1013632K), 0,0113430 secs] [Times: user=0,08 sys=0,00, real=0,01 secs] 
2015-09-02T12:59:34.942+0200: 509563,119: [GC2015-09-02T12:59:34.942+0200: 509563,119: [ParNew: 290398K->7227K(314560K), 0,0130430 secs] 900087K->617854K(1013632K), 0,0131690 secs] [Times: user=0,09 sys=0,00, real=0,01 secs] 
2015-09-02T13:00:32.847+0200: 509621,023: [GC2015-09-02T13:00:32.847+0200: 509621,023: [ParNew: 286843K->7858K(314560K), 0,0109860 secs] 897470K->619442K(1013632K), 0,0111130 secs] [Times: user=0,08 sys=0,00, real=0,01 secs] 
2015-09-02T13:01:30.800+0200: 509678,976: [GC2015-09-02T13:01:30.800+0200: 509678,977: [ParNew: 287474K->9166K(314560K), 0,0107270 secs] 899058K->621685K(1013632K), 0,0108530 secs] [Times: user=0,07 sys=0,00, real=0,01 secs] 
2015-09-02T13:02:28.834+0200: 509737,010: [GC2015-09-02T13:02:28.834+0200: 509737,011: [ParNew: 288782K->10168K(314560K), 0,0112750 secs] 901301K->623630K(1013632K), 0,0114030 secs] [Times: user=0,09 sys=0,00, real=0,02 secs] 
2015-09-02T13:03:26.868+0200: 509795,045: [GC2015-09-02T13:03:26.868+0200: 509795,045: [ParNew: 289784K->7821K(314560K), 0,0110770 secs] 903246K->622220K(1013632K), 0,0112160 secs] [Times: user=0,08 sys=0,00, real=0,01 secs] 
2015-09-02T13:04:24.903+0200: 509853,079: [GC2015-09-02T13:04:24.903+0200: 509853,079: [ParNew: 287437K->9525K(314560K), 0,0105320 secs] 901836K->624867K(1013632K), 0,0106380 secs] [Times: user=0,09 sys=0,00, real=0,01 secs] 
2015-09-02T13:05:22.847+0200: 509911,023: [GC2015-09-02T13:05:22.847+0200: 509911,023: [ParNew: 289141K->8903K(314560K), 0,0116430 secs] 904483K->625218K(1013632K), 0,0117480 secs] [Times: user=0,08 sys=0,00, real=0,01 secs] 
2015-09-02T13:06:20.758+0200: 509968,935: [GC2015-09-02T13:06:20.758+0200: 509968,935: [ParNew: 288519K->9131K(314560K), 0,0120520 secs] 904834K->626485K(1013632K), 0,0121660 secs] [Times: user=0,07 sys=0,00, real=0,01 secs] 
2015-09-02T13:07:18.795+0200: 510026,972: [GC2015-09-02T13:07:18.795+0200: 510026,972: [ParNew: 288747K->9171K(314560K), 0,0119450 secs] 906101K->627556K(1013632K), 0,0120650 secs] [Times: user=0,09 sys=0,00, real=0,02 secs] 
2015-09-02T13:08:16.758+0200: 510084,934: [GC2015-09-02T13:08:16.758+0200: 510084,934: [ParNew: 288787K->9189K(314560K), 0,0108690 secs] 907172K->628506K(1013632K), 0,0110060 secs] [Times: user=0,08 sys=0,00, real=0,01 secs] 
2015-09-02T13:09:14.653+0200: 510142,829: [GC2015-09-02T13:09:14.653+0200: 510142,829: [ParNew: 288805K->9430K(314560K), 0,0103800 secs] 908122K->629690K(1013632K), 0,0104980 secs] [Times: user=0,07 sys=0,00, real=0,01 secs] 
2015-09-02T13:10:12.686+0200: 510200,863: [GC2015-09-02T13:10:12.687+0200: 510200,863: [ParNew: 289046K->7940K(314560K), 0,0110820 secs] 909306K->629127K(1013632K), 0,0111910 secs] [Times: user=0,08 sys=0,00, real=0,01 secs] 
2015-09-02T13:11:10.721+0200: 510258,898: [GC2015-09-02T13:11:10.721+0200: 510258,898: [ParNew: 287556K->8029K(314560K), 0,0111340 secs] 908743K->630144K(1013632K), 0,0112540 secs] [Times: user=0,07 sys=0,01, real=0,01 secs] 
2015-09-02T13:12:08.237+0200: 510316,414: [GC2015-09-02T13:12:08.237+0200: 510316,414: [ParNew: 287645K->8875K(314560K), 0,0108490 secs] 909760K->631925K(1013632K), 0,0109690 secs] [Times: user=0,07 sys=0,00, real=0,01 secs] 
2015-09-02T13:13:05.588+0200: 510373,765: [GC2015-09-02T13:13:05.588+0200: 510373,765: [ParNew: 288491K->8986K(314560K), 0,0122730 secs] 911541K->632988K(1013632K), 0,0123880 secs] [Times: user=0,07 sys=0,00, real=0,01 secs] 
2015-09-02T13:14:03.600+0200: 510431,776: [GC2015-09-02T13:14:03.600+0200: 510431,776: [ParNew: 288602K->9100K(314560K), 0,0127080 secs] 912604K->634106K(1013632K), 0,0128600 secs] [Times: user=0,09 sys=0,00, real=0,01 secs] 
2015-09-02T13:15:01.635+0200: 510489,812: [GC2015-09-02T13:15:01.635+0200: 510489,812: [ParNew: 288716K->9162K(314560K), 0,0106570 secs] 913722K->635185K(1013632K), 0,0107650 secs] [Times: user=0,09 sys=0,00, real=0,02 secs] 
2015-09-02T13:15:59.597+0200: 510547,774: [GC2015-09-02T13:15:59.597+0200: 510547,774: [ParNew: 288778K->7652K(314560K), 0,0102140 secs] 914801K->634614K(1013632K), 0,0103670 secs] [Times: user=0,07 sys=0,00, real=0,01 secs] 
2015-09-02T13:16:57.491+0200: 510605,668: [GC2015-09-02T13:16:57.491+0200: 510605,668: [ParNew: 287268K->7910K(314560K), 0,0098140 secs] 914230K->635798K(1013632K), 0,0099470 secs] [Times: user=0,07 sys=0,00, real=0,01 secs] 
2015-09-02T13:17:55.253+0200: 510663,430: [GC2015-09-02T13:17:55.253+0200: 510663,430: [ParNew: 287526K->8573K(314560K), 0,0113400 secs] 915414K->637385K(1013632K), 0,0114810 secs] [Times: user=0,06 sys=0,01, real=0,02 secs] 
2015-09-02T13:18:53.105+0200: 510721,281: [GC2015-09-02T13:18:53.105+0200: 510721,281: [ParNew: 288189K->8662K(314560K), 0,0100220 secs] 917001K->638418K(1013632K), 0,0101540 secs] [Times: user=0,06 sys=0,00, real=0,00 secs] 
2015-09-02T13:19:50.968+0200: 510779,145: [GC2015-09-02T13:19:50.968+0200: 510779,145: [ParNew: 288278K->10221K(314560K), 0,0102130 secs] 918034K->640925K(1013632K), 0,0103390 secs] [Times: user=0,08 sys=0,00, real=0,01 secs] 
2015-09-02T13:20:48.911+0200: 510837,087: [GC2015-09-02T13:20:48.911+0200: 510837,087: [ParNew: 289837K->8293K(314560K), 0,0115650 secs] 920541K->639929K(1013632K), 0,0116930 secs] [Times: user=0,09 sys=0,00, real=0,01 secs] 
2015-09-02T13:21:46.975+0200: 510895,152: [GC2015-09-02T13:21:46.975+0200: 510895,152: [ParNew: 287909K->10858K(314560K), 0,0104430 secs] 919545K->643440K(1013632K), 0,0105710 secs] [Times: user=0,09 sys=0,00, real=0,02 secs] 
2015-09-02T13:22:44.688+0200: 510952,865: [GC2015-09-02T13:22:44.688+0200: 510952,865: [ParNew: 290474K->7731K(314560K), 0,0075050 secs] 923056K->641319K(1013632K), 0,0076000 secs] [Times: user=0,05 sys=0,00, real=0,00 secs] 
2015-09-02T13:23:42.551+0200: 511010,728: [GC2015-09-02T13:23:42.551+0200: 511010,728: [ParNew: 287347K->8234K(314560K), 0,0116150 secs] 920935K->642840K(1013632K), 0,0117310 secs] [Times: user=0,06 sys=0,00, real=0,01 secs] 
2015-09-02T13:24:40.492+0200: 511068,668: [GC2015-09-02T13:24:40.492+0200: 511068,668: [ParNew: 287850K->8194K(314560K), 0,0109260 secs] 922456K->643728K(1013632K), 0,0110490 secs] [Times: user=0,07 sys=0,00, real=0,01 secs] 
2015-09-02T13:25:37.847+0200: 511126,023: [GC2015-09-02T13:25:37.847+0200: 511126,023: [ParNew: 287810K->7894K(314560K), 0,0108400 secs] 923344K->644364K(1013632K), 0,0109570 secs] [Times: user=0,08 sys=0,00, real=0,01 secs] 
2015-09-02T13:26:35.426+0200: 511183,603: [GC2015-09-02T13:26:35.426+0200: 511183,603: [ParNew: 287510K->9351K(314560K), 0,0083830 secs] 923980K->646744K(1013632K), 0,0084900 secs] [Times: user=0,05 sys=0,00, real=0,00 secs] 
2015-09-02T13:27:32.648+0200: 511240,825: [GC2015-09-02T13:27:32.649+0200: 511240,825: [ParNew: 288967K->9473K(314560K), 0,0107680 secs] 926360K->647797K(1013632K), 0,0108910 secs] [Times: user=0,07 sys=0,00, real=0,01 secs] 
2015-09-02T13:28:30.228+0200: 511298,404: [GC2015-09-02T13:28:30.228+0200: 511298,404: [ParNew: 289089K->8984K(314560K), 0,0087910 secs] 927413K->648251K(1013632K), 0,0089000 secs] [Times: user=0,08 sys=0,00, real=0,01 secs] 
2015-09-02T13:29:27.844+0200: 511356,021: [GC2015-09-02T13:29:27.844+0200: 511356,021: [ParNew: 288600K->8803K(314560K), 0,0113580 secs] 927867K->649013K(1013632K), 0,0114660 secs] [Times: user=0,07 sys=0,00, real=0,00 secs] 
2015-09-02T13:30:25.027+0200: 511413,204: [GC2015-09-02T13:30:25.028+0200: 511413,204: [ParNew: 288419K->7576K(314560K), 0,0103770 secs] 928629K->648773K(1013632K), 0,0104930 secs] [Times: user=0,08 sys=0,00, real=0,01 secs] 
2015-09-02T13:31:22.860+0200: 511471,037: [GC2015-09-02T13:31:22.860+0200: 511471,037: [ParNew: 287192K->7106K(314560K), 0,0104940 secs] 928389K->649332K(1013632K), 0,0106100 secs] [Times: user=0,09 sys=0,00, real=0,01 secs] 
2015-09-02T13:32:20.521+0200: 511528,698: [GC2015-09-02T13:32:20.521+0200: 511528,698: [ParNew: 286722K->6522K(314560K), 0,0101700 secs] 928948K->649771K(1013632K), 0,0102870 secs] [Times: user=0,07 sys=0,00, real=0,01 secs] 
2015-09-02T13:32:20.531+0200: 511528,708: [GC [1 CMS-initial-mark: 643248K(699072K)] 652124K(1013632K), 0,0084010 secs] [Times: user=0,00 sys=0,00, real=0,01 secs] 
2015-09-02T13:32:20.540+0200: 511528,716: [CMS-concurrent-mark-start]
2015-09-02T13:32:20.560+0200: 511528,736: [CMS-concurrent-mark: 0,019/0,020 secs] [Times: user=0,05 sys=0,00, real=0,02 secs] 
2015-09-02T13:32:20.560+0200: 511528,737: [CMS-concurrent-preclean-start]
2015-09-02T13:32:20.562+0200: 511528,739: [CMS-concurrent-preclean: 0,002/0,002 secs] [Times: user=0,00 sys=0,00, real=0,00 secs] 
2015-09-02T13:32:20.562+0200: 511528,739: [CMS-concurrent-abortable-preclean-start]
 CMS: abort preclean due to time 2015-09-02T13:32:25.673+0200: 511533,850: [CMS-concurrent-abortable-preclean: 2,509/5,111 secs] [Times: user=3,16 sys=0,02, real=5,11 secs] 
2015-09-02T13:32:25.673+0200: 511533,850: [GC[YG occupancy: 34552 K (314560 K)]2015-09-02T13:32:25.673+0200: 511533,850: [GC2015-09-02T13:32:25.674+0200: 511533,850: [ParNew: 34552K->5898K(314560K), 0,0073240 secs] 677801K->650434K(1013632K), 0,0074020 secs] [Times: user=0,06 sys=0,00, real=0,01 secs] 
2015-09-02T13:32:25.681+0200: 511533,857: [Rescan (parallel) , 0,0035440 secs]2015-09-02T13:32:25.685+0200: 511533,861: [weak refs processing, 0,0000490 secs]2015-09-02T13:32:25.685+0200: 511533,861: [class unloading, 0,0018440 secs]2015-09-02T13:32:25.686+0200: 511533,863: [scrub symbol table, 0,0014510 secs]2015-09-02T13:32:25.688+0200: 511533,864: [scrub string table, 0,0002810 secs] [1 CMS-remark: 644536K(699072K)] 650434K(1013632K), 0,0154240 secs] [Times: user=0,07 sys=0,00, real=0,02 secs] 
2015-09-02T13:32:25.689+0200: 511533,866: [CMS-concurrent-sweep-start]
2015-09-02T13:32:26.331+0200: 511534,508: [CMS-concurrent-sweep: 0,642/0,642 secs] [Times: user=0,76 sys=0,00, real=0,64 secs] 
2015-09-02T13:32:26.331+0200: 511534,508: [CMS-concurrent-reset-start]
2015-09-02T13:32:26.332+0200: 511534,509: [CMS-concurrent-reset: 0,001/0,001 secs] [Times: user=0,00 sys=0,00, real=0,00 secs] 
2015-09-02T13:33:23.105+0200: 511591,281: [GC2015-09-02T13:33:23.105+0200: 511591,281: [ParNew: 285514K->4547K(314560K), 0,0069240 secs] 292123K->11648K(1013632K), 0,0070640 secs] [Times: user=0,05 sys=0,00, real=0,00 secs] 
2015-09-02T13:34:20.138+0200: 511648,314: [GC2015-09-02T13:34:20.138+0200: 511648,314: [ParNew: 284163K->5816K(314560K), 0,0078460 secs] 291264K->13421K(1013632K), 0,0079880 secs] [Times: user=0,05 sys=0,00, real=0,01 secs] 
2015-09-02T13:35:17.844+0200: 511706,021: [GC2015-09-02T13:35:17.844+0200: 511706,021: [ParNew: 285432K->6855K(314560K), 0,0075310 secs] 293037K->15047K(1013632K), 0,0076570 secs] [Times: user=0,04 sys=0,01, real=0,00 secs] 
2015-09-02T13:36:15.239+0200: 511763,416: [GC2015-09-02T13:36:15.239+0200: 511763,416: [ParNew: 286471K->7704K(314560K), 0,0089170 secs] 294663K->16452K(1013632K), 0,0090380 secs] [Times: user=0,07 sys=0,00, real=0,01 secs] 
2015-09-02T13:37:12.013+0200: 511820,190: [GC2015-09-02T13:37:12.014+0200: 511820,190: [ParNew: 287320K->7434K(314560K), 0,0065580 secs] 296068K->16813K(1013632K), 0,0066560 secs] [Times: user=0,03 sys=0,00, real=0,01 secs] 
2015-09-02T13:38:07.844+0200: 511876,021: [GC2015-09-02T13:38:07.844+0200: 511876,021: [ParNew: 287050K->9953K(314560K), 0,0108330 secs] 296429K->19402K(1013632K), 0,0109480 secs] [Times: user=0,06 sys=0,01, real=0,00 secs] 
2015-09-02T13:39:05.396+0200: 511933,573: [GC2015-09-02T13:39:05.396+0200: 511933,573: [ParNew: 289569K->9825K(314560K), 0,0072080 secs] 299018K->20241K(1013632K), 0,0073030 secs] [Times: user=0,04 sys=0,01, real=0,01 secs] 
2015-09-02T13:40:02.818+0200: 511990,994: [GC2015-09-02T13:40:02.818+0200: 511990,994: [ParNew: 289441K->9285K(314560K), 0,0140760 secs] 299857K->20721K(1013632K), 0,0141810 secs] [Times: user=0,07 sys=0,00, real=0,01 secs] 
2015-09-02T13:41:00.162+0200: 512048,338: [GC2015-09-02T13:41:00.162+0200: 512048,338: [ParNew: 288901K->6627K(314560K), 0,0097960 secs] 300337K->18989K(1013632K), 0,0099180 secs] [Times: user=0,07 sys=0,00, real=0,01 secs] 
2015-09-02T13:41:57.844+0200: 512106,021: [GC2015-09-02T13:41:57.844+0200: 512106,021: [ParNew: 286243K->7029K(314560K), 0,0167280 secs] 298605K->20335K(1013632K), 0,0168420 secs] [Times: user=0,11 sys=0,00, real=0,01 secs] 
2015-09-02T13:42:55.566+0200: 512163,742: [GC2015-09-02T13:42:55.566+0200: 512163,742: [ParNew: 286645K->5805K(314560K), 0,0097980 secs] 299951K->20040K(1013632K), 0,0099380 secs] [Times: user=0,07 sys=0,00, real=0,00 secs] 
2015-09-02T13:43:53.574+0200: 512221,750: [GC2015-09-02T13:43:53.574+0200: 512221,750: [ParNew: 285421K->5852K(314560K), 0,0100730 secs] 299656K->21008K(1013632K), 0,0101900 secs] [Times: user=0,06 sys=0,00, real=0,01 secs] 
2015-09-02T13:44:51.607+0200: 512279,784: [GC2015-09-02T13:44:51.607+0200: 512279,784: [ParNew: 285468K->5849K(314560K), 0,0097060 secs] 300624K->21723K(1013632K), 0,0098250 secs] [Times: user=0,07 sys=0,00, real=0,01 secs] 
2015-09-02T13:45:49.640+0200: 512337,816: [GC2015-09-02T13:45:49.640+0200: 512337,817: [ParNew: 285465K->6380K(314560K), 0,0117060 secs] 301339K->22744K(1013632K), 0,0118420 secs] [Times: user=0,07 sys=0,00, real=0,01 secs] 
2015-09-02T13:46:47.674+0200: 512395,851: [GC2015-09-02T13:46:47.674+0200: 512395,851: [ParNew: 285996K->8631K(314560K), 0,0097210 secs] 302360K->25496K(1013632K), 0,0098420 secs] [Times: user=0,06 sys=0,00, real=0,01 secs] 
2015-09-02T13:47:45.706+0200: 512453,883: [GC2015-09-02T13:47:45.706+0200: 512453,883: [ParNew: 288247K->5872K(314560K), 0,0092720 secs] 305112K->23340K(1013632K), 0,0093870 secs] [Times: user=0,07 sys=0,00, real=0,00 secs] 
2015-09-02T13:48:42.537+0200: 512510,714: [GC2015-09-02T13:48:42.538+0200: 512510,714: [ParNew: 285488K->7723K(314560K), 0,0103910 secs] 302956K->25830K(1013632K), 0,0105170 secs] [Times: user=0,06 sys=0,01, real=0,01 secs] 
2015-09-02T13:49:40.571+0200: 512568,747: [GC2015-09-02T13:49:40.571+0200: 512568,747: [ParNew: 287339K->9605K(314560K), 0,0097330 secs] 305446K->28355K(1013632K), 0,0098590 secs] [Times: user=0,07 sys=0,00, real=0,01 secs] 
2015-09-02T13:50:38.105+0200: 512626,281: [GC2015-09-02T13:50:38.105+0200: 512626,281: [ParNew: 289221K->6919K(314560K), 0,0097140 secs] 307971K->26535K(1013632K), 0,0098330 secs] [Times: user=0,04 sys=0,00, real=0,00 secs] 
2015-09-02T13:51:35.789+0200: 512683,965: [GC2015-09-02T13:51:35.789+0200: 512683,965: [ParNew: 286535K->8328K(314560K), 0,0109660 secs] 306151K->28872K(1013632K), 0,0110880 secs] [Times: user=0,07 sys=0,00, real=0,01 secs] 
2015-09-02T13:52:33.105+0200: 512741,281: [GC2015-09-02T13:52:33.105+0200: 512741,281: [ParNew: 287944K->9109K(314560K), 0,0101110 secs] 308488K->30578K(1013632K), 0,0102170 secs] [Times: user=0,06 sys=0,00, real=0,00 secs] 
2015-09-02T13:53:31.070+0200: 512799,246: [GC2015-09-02T13:53:31.070+0200: 512799,246: [ParNew: 288725K->8680K(314560K), 0,0097090 secs] 310194K->31073K(1013632K), 0,0098300 secs] [Times: user=0,07 sys=0,00, real=0,01 secs] 
2015-09-02T13:54:28.652+0200: 512856,829: [GC2015-09-02T13:54:28.652+0200: 512856,829: [ParNew: 288296K->8120K(314560K), 0,0124730 secs] 310689K->31441K(1013632K), 0,0126220 secs] [Times: user=0,08 sys=0,00, real=0,02 secs] 
2015-09-02T13:55:26.717+0200: 512914,893: [GC2015-09-02T13:55:26.717+0200: 512914,893: [ParNew: 287736K->9754K(314560K), 0,0108860 secs] 311057K->34057K(1013632K), 0,0109960 secs] [Times: user=0,07 sys=0,00, real=0,01 secs] 
2015-09-02T13:56:25.135+0200: 512973,311: [GC2015-09-02T13:56:25.135+0200: 512973,311: [ParNew: 289370K->9078K(314560K), 0,0103220 secs] 313673K->34364K(1013632K), 0,0104330 secs] [Times: user=0,08 sys=0,00, real=0,02 secs] 
2015-09-02T13:57:22.623+0200: 513030,799: [GC2015-09-02T13:57:22.623+0200: 513030,799: [ParNew: 288694K->9160K(314560K), 0,0119700 secs] 313980K->35463K(1013632K), 0,0120970 secs] [Times: user=0,09 sys=0,00, real=0,01 secs] 
2015-09-02T13:58:20.375+0200: 513088,552: [GC2015-09-02T13:58:20.375+0200: 513088,552: [ParNew: 288776K->9203K(314560K), 0,0085830 secs] 315079K->36432K(1013632K), 0,0086840 secs] [Times: user=0,04 sys=0,00, real=0,01 secs] 
2015-09-02T13:59:18.105+0200: 513146,281: [GC2015-09-02T13:59:18.105+0200: 513146,281: [ParNew: 288819K->8734K(314560K), 0,0104980 secs] 316048K->36901K(1013632K), 0,0105940 secs] [Times: user=0,06 sys=0,00, real=0,00 secs] 
2015-09-02T14:00:15.879+0200: 513204,055: [GC2015-09-02T14:00:15.879+0200: 513204,055: [ParNew: 288350K->8713K(314560K), 0,0108960 secs] 316517K->37815K(1013632K), 0,0110120 secs] [Times: user=0,09 sys=0,00, real=0,01 secs] 
2015-09-02T14:01:13.528+0200: 513261,705: [GC2015-09-02T14:01:13.529+0200: 513261,705: [ParNew: 288329K->9527K(314560K), 0,0111820 secs] 317431K->39560K(1013632K), 0,0113040 secs] [Times: user=0,07 sys=0,00, real=0,01 secs] 
2015-09-02T14:02:11.233+0200: 513319,410: [GC2015-09-02T14:02:11.233+0200: 513319,410: [ParNew: 289143K->8918K(314560K), 0,0125240 secs] 319176K->39900K(1013632K), 0,0126380 secs] [Times: user=0,09 sys=0,00, real=0,02 secs] 
2015-09-02T14:03:09.106+0200: 513377,283: [GC2015-09-02T14:03:09.106+0200: 513377,283: [ParNew: 288534K->9775K(314560K), 0,0117980 secs] 319516K->41710K(1013632K), 0,0119070 secs] [Times: user=0,09 sys=0,00, real=0,01 secs] 
2015-09-02T14:04:07.142+0200: 513435,318: [GC2015-09-02T14:04:07.142+0200: 513435,318: [ParNew: 289391K->9119K(314560K), 0,0105220 secs] 321326K->42059K(1013632K), 0,0106420 secs] [Times: user=0,07 sys=0,00, real=0,01 secs] 
2015-09-02T14:05:04.497+0200: 513492,673: [GC2015-09-02T14:05:04.497+0200: 513492,673: [ParNew: 288735K->9173K(314560K), 0,0115700 secs] 321675K->43141K(1013632K), 0,0116950 secs] [Times: user=0,06 sys=0,01, real=0,01 secs] 
2015-09-02T14:06:02.304+0200: 513550,480: [GC2015-09-02T14:06:02.304+0200: 513550,480: [ParNew: 288789K->9188K(314560K), 0,0114100 secs] 322757K->44084K(1013632K), 0,0115490 secs] [Times: user=0,07 sys=0,00, real=0,01 secs] 
2015-09-02T14:06:59.525+0200: 513607,702: [GC2015-09-02T14:06:59.525+0200: 513607,702: [ParNew: 288804K->7928K(314560K), 0,0096870 secs] 323700K->43762K(1013632K), 0,0097850 secs] [Times: user=0,07 sys=0,00, real=0,00 secs] 
2015-09-02T14:07:56.239+0200: 513664,416: [GC2015-09-02T14:07:56.239+0200: 513664,416: [ParNew: 287544K->9298K(314560K), 0,0103960 secs] 323378K->46064K(1013632K), 0,0105250 secs] [Times: user=0,08 sys=0,00, real=0,01 secs] 
2015-09-02T14:08:54.255+0200: 513722,431: [GC2015-09-02T14:08:54.255+0200: 513722,431: [ParNew: 288914K->9392K(314560K), 0,0111540 secs] 325680K->47090K(1013632K), 0,0112720 secs] [Times: user=0,09 sys=0,00, real=0,02 secs] 
2015-09-02T14:09:51.970+0200: 513780,146: [GC2015-09-02T14:09:51.970+0200: 513780,146: [ParNew: 289008K->10244K(314560K), 0,0114660 secs] 326706K->48887K(1013632K), 0,0115910 secs] [Times: user=0,09 sys=0,00, real=0,01 secs] 
2015-09-02T14:10:49.917+0200: 513838,093: [GC2015-09-02T14:10:49.917+0200: 513838,093: [ParNew: 289860K->7861K(314560K), 0,0099400 secs] 328503K->47444K(1013632K), 0,0100670 secs] [Times: user=0,07 sys=0,00, real=0,01 secs] 
2015-09-02T14:11:47.844+0200: 513896,021: [GC2015-09-02T14:11:47.845+0200: 513896,021: [ParNew: 287477K->9558K(314560K), 0,0113940 secs] 327060K->50090K(1013632K), 0,0114990 secs] [Times: user=0,08 sys=0,00, real=0,00 secs] 
2015-09-02T14:12:45.772+0200: 513953,949: [GC2015-09-02T14:12:45.772+0200: 513953,949: [ParNew: 289174K->9682K(314560K), 0,0138950 secs] 329706K->51218K(1013632K), 0,0140370 secs] [Times: user=0,08 sys=0,00, real=0,02 secs] 
2015-09-02T14:13:43.809+0200: 514011,986: [GC2015-09-02T14:13:43.809+0200: 514011,986: [ParNew: 289298K->8403K(314560K), 0,0102550 secs] 330834K->50967K(1013632K), 0,0103750 secs] [Times: user=0,08 sys=0,00, real=0,01 secs] 
2015-09-02T14:14:41.222+0200: 514069,398: [GC2015-09-02T14:14:41.222+0200: 514069,399: [ParNew: 288019K->6922K(314560K), 0,0101500 secs] 330583K->50411K(1013632K), 0,0102990 secs] [Times: user=0,07 sys=0,00, real=0,01 secs] 
2015-09-02T14:15:38.778+0200: 514126,955: [GC2015-09-02T14:15:38.778+0200: 514126,955: [ParNew: 286538K->8717K(314560K), 0,0086120 secs] 330027K->53152K(1013632K), 0,0086980 secs] [Times: user=0,04 sys=0,00, real=0,01 secs] 
2015-09-02T14:16:35.837+0200: 514184,013: [GC2015-09-02T14:16:35.837+0200: 514184,013: [ParNew: 288333K->8669K(314560K), 0,0106160 secs] 332768K->54047K(1013632K), 0,0107110 secs] [Times: user=0,05 sys=0,00, real=0,01 secs] 
2015-09-02T14:17:33.708+0200: 514241,885: [GC2015-09-02T14:17:33.708+0200: 514241,885: [ParNew: 288285K->9465K(314560K), 0,0158030 secs] 333663K->55781K(1013632K), 0,0159580 secs] [Times: user=0,09 sys=0,00, real=0,01 secs] 
2015-09-02T14:18:31.079+0200: 514299,256: [GC2015-09-02T14:18:31.079+0200: 514299,256: [ParNew: 289081K->9569K(314560K), 0,0143590 secs] 335397K->56843K(1013632K), 0,0145180 secs] [Times: user=0,09 sys=0,00, real=0,01 secs] 
2015-09-02T14:19:28.896+0200: 514357,072: [GC2015-09-02T14:19:28.896+0200: 514357,072: [ParNew: 289185K->8190K(314560K), 0,0114290 secs] 336459K->56407K(1013632K), 0,0115750 secs] [Times: user=0,08 sys=0,00, real=0,02 secs] 
2015-09-02T14:20:26.791+0200: 514414,968: [GC2015-09-02T14:20:26.791+0200: 514414,968: [ParNew: 287806K->9025K(314560K), 0,0130940 secs] 336023K->58206K(1013632K), 0,0132150 secs] [Times: user=0,08 sys=0,00, real=0,01 secs] 
2015-09-02T14:21:47.649+0200: 514495,826: [GC2015-09-02T14:21:47.649+0200: 514495,826: [ParNew: 288641K->9097K(314560K), 0,0075740 secs] 337822K->59297K(1013632K), 0,0076770 secs] [Times: user=0,04 sys=0,00, real=0,01 secs] 
2015-09-02T14:22:44.528+0200: 514552,705: [GC2015-09-02T14:22:44.528+0200: 514552,705: [ParNew: 288713K->10052K(314560K), 0,0112050 secs] 338913K->61184K(1013632K), 0,0113370 secs] [Times: user=0,08 sys=0,00, real=0,01 secs] 
2015-09-02T14:23:42.509+0200: 514610,685: [GC2015-09-02T14:23:42.509+0200: 514610,686: [ParNew: 289668K->7976K(314560K), 0,0120280 secs] 340800K->60033K(1013632K), 0,0121520 secs] [Times: user=0,08 sys=0,00, real=0,01 secs] 
2015-09-02T14:24:40.459+0200: 514668,635: [GC2015-09-02T14:24:40.459+0200: 514668,635: [ParNew: 287592K->10281K(314560K), 0,0098290 secs] 339649K->63281K(1013632K), 0,0099330 secs] [Times: user=0,07 sys=0,00, real=0,01 secs] 
2015-09-02T14:25:37.844+0200: 514726,021: [GC2015-09-02T14:25:37.844+0200: 514726,021: [ParNew: 289897K->8283K(314560K), 0,0119500 secs] 342897K->62201K(1013632K), 0,0120710 secs] [Times: user=0,08 sys=0,00, real=0,01 secs] 
2015-09-02T14:26:35.454+0200: 514783,631: [GC2015-09-02T14:26:35.454+0200: 514783,631: [ParNew: 287899K->9835K(314560K), 0,0103290 secs] 341817K->64673K(1013632K), 0,0104490 secs] [Times: user=0,07 sys=0,00, real=0,02 secs] 
2015-09-02T14:27:32.440+0200: 514840,617: [GC2015-09-02T14:27:32.440+0200: 514840,617: [ParNew: 289451K->10816K(314560K), 0,0131050 secs] 344289K->66696K(1013632K), 0,0132150 secs] [Times: user=0,09 sys=0,00, real=0,01 secs] 
2015-09-02T14:28:29.951+0200: 514898,127: [GC2015-09-02T14:28:29.951+0200: 514898,127: [ParNew: 290432K->9528K(314560K), 0,0143390 secs] 346312K->66538K(1013632K), 0,0144350 secs] [Times: user=0,09 sys=0,00, real=0,02 secs] 
2015-09-02T14:29:28.013+0200: 514956,190: [GC2015-09-02T14:29:28.014+0200: 514956,190: [ParNew: 289144K->8325K(314560K), 0,0138850 secs] 346154K->66438K(1013632K), 0,0140070 secs] [Times: user=0,09 sys=0,00, real=0,02 secs] 
2015-09-02T14:30:25.633+0200: 515013,809: [GC2015-09-02T14:30:25.633+0200: 515013,809: [ParNew: 287941K->9257K(314560K), 0,0144930 secs] 346054K->68418K(1013632K), 0,0146120 secs] [Times: user=0,07 sys=0,00, real=0,02 secs] 
2015-09-02T14:31:45.486+0200: 515093,663: [GC2015-09-02T14:31:45.486+0200: 515093,663: [ParNew: 288873K->7150K(314560K), 0,0087190 secs] 348034K->67251K(1013632K), 0,0088400 secs] [Times: user=0,06 sys=0,00, real=0,00 secs] 
2015-09-02T14:32:43.889+0200: 515152,065: [GC2015-09-02T14:32:43.889+0200: 515152,066: [ParNew: 286766K->7982K(314560K), 0,0126950 secs] 346867K->69021K(1013632K), 0,0128280 secs] [Times: user=0,08 sys=0,00, real=0,01 secs] 
2015-09-02T14:33:41.493+0200: 515209,669: [GC2015-09-02T14:33:41.493+0200: 515209,669: [ParNew: 287598K->5350K(314560K), 0,0124580 secs] 348637K->67540K(1013632K), 0,0125810 secs] [Times: user=0,08 sys=0,00, real=0,02 secs] 
2015-09-02T14:34:39.131+0200: 515267,307: [GC2015-09-02T14:34:39.131+0200: 515267,307: [ParNew: 284966K->6612K(314560K), 0,0090450 secs] 347156K->69282K(1013632K), 0,0091760 secs] [Times: user=0,06 sys=0,00, real=0,01 secs] 
2015-09-02T14:35:36.540+0200: 515324,716: [GC2015-09-02T14:35:36.540+0200: 515324,716: [ParNew: 286228K->7059K(314560K), 0,0084510 secs] 348898K->70226K(1013632K), 0,0085480 secs] [Times: user=0,06 sys=0,00, real=0,01 secs] 
2015-09-02T14:36:33.895+0200: 515382,072: [GC2015-09-02T14:36:33.895+0200: 515382,072: [ParNew: 286675K->8497K(314560K), 0,0093860 secs] 349842K->72234K(1013632K), 0,0095100 secs] [Times: user=0,06 sys=0,00, real=0,02 secs] 
2015-09-02T14:37:31.816+0200: 515439,993: [GC2015-09-02T14:37:31.816+0200: 515439,993: [ParNew: 288113K->9321K(314560K), 0,0096310 secs] 351850K->73655K(1013632K), 0,0097540 secs] [Times: user=0,07 sys=0,00, real=0,02 secs] 
2015-09-02T14:38:29.008+0200: 515497,185: [GC2015-09-02T14:38:29.008+0200: 515497,185: [ParNew: 288937K->7479K(314560K), 0,0122180 secs] 353271K->72561K(1013632K), 0,0123370 secs] [Times: user=0,05 sys=0,00, real=0,01 secs] 
2015-09-02T14:39:26.870+0200: 515555,046: [GC2015-09-02T14:39:26.870+0200: 515555,046: [ParNew: 287095K->8031K(314560K), 0,0106570 secs] 352177K->73805K(1013632K), 0,0107880 secs] [Times: user=0,05 sys=0,01, real=0,01 secs] 
2015-09-02T14:40:24.903+0200: 515613,080: [GC2015-09-02T14:40:24.903+0200: 515613,080: [ParNew: 287647K->8017K(314560K), 0,0106370 secs] 353421K->74682K(1013632K), 0,0107510 secs] [Times: user=0,09 sys=0,00, real=0,01 secs] 
2015-09-02T14:41:22.625+0200: 515670,801: [GC2015-09-02T14:41:22.625+0200: 515670,802: [ParNew: 287633K->7991K(314560K), 0,0088770 secs] 354298K->75590K(1013632K), 0,0089830 secs] [Times: user=0,07 sys=0,00, real=0,00 secs] 
2015-09-02T14:42:20.725+0200: 515728,902: [GC2015-09-02T14:42:20.725+0200: 515728,902: [ParNew: 287607K->7585K(314560K), 0,0092920 secs] 355206K->76093K(1013632K), 0,0094060 secs] [Times: user=0,06 sys=0,00, real=0,00 secs] 
2015-09-02T14:43:17.844+0200: 515786,021: [GC2015-09-02T14:43:17.844+0200: 515786,021: [ParNew: 287201K->6534K(314560K), 0,0100060 secs] 355709K->75986K(1013632K), 0,0101210 secs] [Times: user=0,07 sys=0,00, real=0,00 secs] 
2015-09-02T14:44:15.329+0200: 515843,506: [GC2015-09-02T14:44:15.329+0200: 515843,506: [ParNew: 286150K->7146K(314560K), 0,0104050 secs] 355602K->77385K(1013632K), 0,0105190 secs] [Times: user=0,06 sys=0,00, real=0,01 secs] 
2015-09-02T14:45:12.844+0200: 515901,021: [GC2015-09-02T14:45:12.844+0200: 515901,021: [ParNew: 286762K->5913K(314560K), 0,0088120 secs] 357001K->76662K(1013632K), 0,0089250 secs] [Times: user=0,07 sys=0,00, real=0,00 secs] 
2015-09-02T14:46:10.305+0200: 515958,481: [GC2015-09-02T14:46:10.305+0200: 515958,481: [ParNew: 285529K->6509K(314560K), 0,0100330 secs] 356278K->78138K(1013632K), 0,0101400 secs] [Times: user=0,05 sys=0,00, real=0,00 secs] 
2015-09-02T14:47:07.987+0200: 516016,163: [GC2015-09-02T14:47:07.987+0200: 516016,163: [ParNew: 286125K->6655K(314560K), 0,0179750 secs] 357754K->78879K(1013632K), 0,0181030 secs] [Times: user=0,11 sys=0,00, real=0,02 secs] 
2015-09-02T14:48:05.558+0200: 516073,734: [GC2015-09-02T14:48:05.558+0200: 516073,734: [ParNew: 286271K->7290K(314560K), 0,0093590 secs] 358495K->80053K(1013632K), 0,0094710 secs] [Times: user=0,06 sys=0,00, real=0,01 secs] 
2015-09-02T14:49:02.844+0200: 516131,021: [GC2015-09-02T14:49:02.844+0200: 516131,021: [ParNew: 286906K->7972K(314560K), 0,0111930 secs] 359669K->81298K(1013632K), 0,0113170 secs] [Times: user=0,06 sys=0,00, real=0,00 secs] 
2015-09-02T14:50:00.160+0200: 516188,337: [GC2015-09-02T14:50:00.160+0200: 516188,337: [ParNew: 287588K->7877K(314560K), 0,0087760 secs] 360914K->81870K(1013632K), 0,0088740 secs] [Times: user=0,07 sys=0,00, real=0,01 secs] 
2015-09-02T14:50:57.719+0200: 516245,895: [GC2015-09-02T14:50:57.719+0200: 516245,895: [ParNew: 287493K->7696K(314560K), 0,0110940 secs] 361486K->82559K(1013632K), 0,0112030 secs] [Times: user=0,08 sys=0,00, real=0,01 secs] 
2015-09-02T14:51:55.269+0200: 516303,445: [GC2015-09-02T14:51:55.269+0200: 516303,445: [ParNew: 287312K->9406K(314560K), 0,0096820 secs] 362175K->85183K(1013632K), 0,0097870 secs] [Times: user=0,07 sys=0,00, real=0,01 secs] 
2015-09-02T14:52:52.607+0200: 516360,784: [GC2015-09-02T14:52:52.607+0200: 516360,784: [ParNew: 289022K->9601K(314560K), 0,0144380 secs] 364799K->86307K(1013632K), 0,0145590 secs] [Times: user=0,10 sys=0,00, real=0,01 secs] 
2015-09-02T14:53:50.062+0200: 516418,239: [GC2015-09-02T14:53:50.062+0200: 516418,239: [ParNew: 289217K->10503K(314560K), 0,0111390 secs] 365923K->88176K(1013632K), 0,0112540 secs] [Times: user=0,09 sys=0,00, real=0,01 secs] 
2015-09-02T14:54:47.610+0200: 516475,786: [GC2015-09-02T14:54:47.610+0200: 516475,786: [ParNew: 290119K->7090K(314560K), 0,0115600 secs] 367792K->85775K(1013632K), 0,0117120 secs] [Times: user=0,10 sys=0,00, real=0,01 secs] 
2015-09-02T14:55:45.154+0200: 516533,331: [GC2015-09-02T14:55:45.154+0200: 516533,331: [ParNew: 286706K->9625K(314560K), 0,0095720 secs] 365391K->89325K(1013632K), 0,0096890 secs] [Times: user=0,05 sys=0,00, real=0,01 secs] 
2015-09-02T14:56:42.791+0200: 516590,968: [GC2015-09-02T14:56:42.791+0200: 516590,968: [ParNew: 289241K->9643K(314560K), 0,0096620 secs] 368941K->90269K(1013632K), 0,0097520 secs] [Times: user=0,06 sys=0,00, real=0,01 secs] 
2015-09-02T14:57:40.382+0200: 516648,558: [GC2015-09-02T14:57:40.382+0200: 516648,558: [ParNew: 289259K->7197K(314560K), 0,0089420 secs] 369885K->88752K(1013632K), 0,0090500 secs] [Times: user=0,07 sys=0,00, real=0,01 secs] 
2015-09-02T14:58:37.798+0200: 516705,974: [GC2015-09-02T14:58:37.798+0200: 516705,974: [ParNew: 286813K->9723K(314560K), 0,0111100 secs] 368368K->92209K(1013632K), 0,0112270 secs] [Times: user=0,08 sys=0,00, real=0,01 secs] 
2015-09-02T14:59:35.349+0200: 516763,525: [GC2015-09-02T14:59:35.349+0200: 516763,526: [ParNew: 289339K->6924K(314560K), 0,0104730 secs] 371825K->90337K(1013632K), 0,0105860 secs] [Times: user=0,07 sys=0,00, real=0,01 secs] 
2015-09-02T15:00:32.901+0200: 516821,077: [GC2015-09-02T15:00:32.901+0200: 516821,077: [ParNew: 286540K->9872K(314560K), 0,0108540 secs] 369953K->94203K(1013632K), 0,0109600 secs] [Times: user=0,08 sys=0,00, real=0,01 secs] 
2015-09-02T15:01:30.447+0200: 516878,624: [GC2015-09-02T15:01:30.447+0200: 516878,624: [ParNew: 289488K->9403K(314560K), 0,0099020 secs] 373819K->94672K(1013632K), 0,0100270 secs] [Times: user=0,07 sys=0,00, real=0,01 secs] 
2015-09-02T15:02:27.844+0200: 516936,021: [GC2015-09-02T15:02:27.844+0200: 516936,021: [ParNew: 289019K->8991K(314560K), 0,0115700 secs] 374288K->95249K(1013632K), 0,0116860 secs] [Times: user=0,08 sys=0,00, real=0,00 secs] 
2015-09-02T15:03:25.347+0200: 516993,524: [GC2015-09-02T15:03:25.348+0200: 516993,524: [ParNew: 288607K->8339K(314560K), 0,0122450 secs] 374865K->95606K(1013632K), 0,0123500 secs] [Times: user=0,08 sys=0,00, real=0,01 secs] 
2015-09-02T15:04:23.105+0200: 517051,281: [GC2015-09-02T15:04:23.105+0200: 517051,281: [ParNew: 287955K->7619K(314560K), 0,0119380 secs] 375222K->95793K(1013632K), 0,0120840 secs] [Times: user=0,08 sys=0,00, real=0,01 secs] 
2015-09-02T15:05:20.947+0200: 517109,124: [GC2015-09-02T15:05:20.948+0200: 517109,124: [ParNew: 287235K->8645K(314560K), 0,0109670 secs] 375409K->97755K(1013632K), 0,0111150 secs] [Times: user=0,09 sys=0,00, real=0,01 secs] 
2015-09-02T15:06:18.510+0200: 517166,686: [GC2015-09-02T15:06:18.510+0200: 517166,686: [ParNew: 288261K->9338K(314560K), 0,0087380 secs] 377371K->99377K(1013632K), 0,0088950 secs] [Times: user=0,05 sys=0,00, real=0,01 secs] 
2015-09-02T15:07:16.067+0200: 517224,243: [GC2015-09-02T15:07:16.067+0200: 517224,243: [ParNew: 288954K->7990K(314560K), 0,0098470 secs] 378993K->98984K(1013632K), 0,0099530 secs] [Times: user=0,07 sys=0,00, real=0,01 secs] 
2015-09-02T15:08:13.631+0200: 517281,807: [GC2015-09-02T15:08:13.631+0200: 517281,807: [ParNew: 287606K->8815K(314560K), 0,0120360 secs] 378600K->100740K(1013632K), 0,0121580 secs] [Times: user=0,08 sys=0,00, real=0,01 secs] 
2015-09-02T15:09:11.194+0200: 517339,370: [GC2015-09-02T15:09:11.194+0200: 517339,370: [ParNew: 288431K->8941K(314560K), 0,0108530 secs] 380356K->101804K(1013632K), 0,0109590 secs] [Times: user=0,08 sys=0,00, real=0,02 secs] 
2015-09-02T15:10:08.749+0200: 517396,926: [GC2015-09-02T15:10:08.749+0200: 517396,926: [ParNew: 288557K->9055K(314560K), 0,0121100 secs] 381420K->102873K(1013632K), 0,0122310 secs] [Times: user=0,09 sys=0,00, real=0,01 secs] 
2015-09-02T15:11:05.416+0200: 517453,593: [GC2015-09-02T15:11:05.416+0200: 517453,593: [ParNew: 288671K->9164K(314560K), 0,0114850 secs] 382489K->104012K(1013632K), 0,0116170 secs] [Times: user=0,07 sys=0,01, real=0,02 secs] 
2015-09-02T15:12:02.847+0200: 517511,023: [GC2015-09-02T15:12:02.847+0200: 517511,023: [ParNew: 288780K->8401K(314560K), 0,0111390 secs] 383628K->104272K(1013632K), 0,0112470 secs] [Times: user=0,08 sys=0,00, real=0,01 secs] 
2015-09-02T15:13:00.406+0200: 517568,583: [GC2015-09-02T15:13:00.406+0200: 517568,583: [ParNew: 288017K->6870K(314560K), 0,0108790 secs] 383888K->103679K(1013632K), 0,0109980 secs] [Times: user=0,10 sys=0,00, real=0,01 secs] 
2015-09-02T15:13:57.968+0200: 517626,145: [GC2015-09-02T15:13:57.968+0200: 517626,145: [ParNew: 286486K->9356K(314560K), 0,0120850 secs] 383295K->107102K(1013632K), 0,0122090 secs] [Times: user=0,08 sys=0,00, real=0,01 secs] 
2015-09-02T15:14:55.525+0200: 517683,702: [GC2015-09-02T15:14:55.525+0200: 517683,702: [ParNew: 288972K->10041K(314560K), 0,0112250 secs] 386718K->108716K(1013632K), 0,0113590 secs] [Times: user=0,07 sys=0,00, real=0,01 secs] 
2015-09-02T15:15:53.086+0200: 517741,263: [GC2015-09-02T15:15:53.086+0200: 517741,263: [ParNew: 289657K->8132K(314560K), 0,0160690 secs] 388332K->107750K(1013632K), 0,0161870 secs] [Times: user=0,10 sys=0,00, real=0,01 secs] 
2015-09-02T15:16:50.651+0200: 517798,827: [GC2015-09-02T15:16:50.651+0200: 517798,827: [ParNew: 287748K->9318K(314560K), 0,0111390 secs] 387366K->109856K(1013632K), 0,0112600 secs] [Times: user=0,09 sys=0,00, real=0,01 secs] 
2015-09-02T15:17:47.706+0200: 517855,882: [GC2015-09-02T15:17:47.706+0200: 517855,883: [ParNew: 288934K->10206K(314560K), 0,0109260 secs] 389472K->111676K(1013632K), 0,0110290 secs] [Times: user=0,11 sys=0,00, real=0,01 secs] 
2015-09-02T15:18:45.265+0200: 517913,442: [GC2015-09-02T15:18:45.265+0200: 517913,442: [ParNew: 289822K->8411K(314560K), 0,0140370 secs] 391292K->110855K(1013632K), 0,0141550 secs] [Times: user=0,08 sys=0,00, real=0,01 secs] 
2015-09-02T15:19:42.847+0200: 517971,023: [GC2015-09-02T15:19:42.847+0200: 517971,023: [ParNew: 288027K->8980K(314560K), 0,0121250 secs] 390471K->112455K(1013632K), 0,0122410 secs] [Times: user=0,09 sys=0,00, real=0,01 secs] 
2015-09-02T15:20:40.861+0200: 518029,038: [GC2015-09-02T15:20:40.862+0200: 518029,038: [ParNew: 288596K->8942K(314560K), 0,0120250 secs] 392071K->113429K(1013632K), 0,0121660 secs] [Times: user=0,07 sys=0,01, real=0,01 secs] 
2015-09-02T15:21:38.105+0200: 518086,281: [GC2015-09-02T15:21:38.105+0200: 518086,281: [ParNew: 288558K->9120K(314560K), 0,0117690 secs] 393045K->114550K(1013632K), 0,0118690 secs] [Times: user=0,07 sys=0,00, real=0,01 secs] 
2015-09-02T15:22:35.921+0200: 518144,097: [GC2015-09-02T15:22:35.921+0200: 518144,097: [ParNew: 288736K->7204K(314560K), 0,0109430 secs] 394166K->113578K(1013632K), 0,0110580 secs] [Times: user=0,07 sys=0,00, real=0,01 secs] 
2015-09-02T15:23:33.105+0200: 518201,281: [GC2015-09-02T15:23:33.105+0200: 518201,281: [ParNew: 286820K->7891K(314560K), 0,0099900 secs] 393194K->115193K(1013632K), 0,0100960 secs] [Times: user=0,08 sys=0,00, real=0,00 secs] 
2015-09-02T15:24:30.964+0200: 518259,140: [GC2015-09-02T15:24:30.964+0200: 518259,140: [ParNew: 287507K->7959K(314560K), 0,0111640 secs] 394809K->116191K(1013632K), 0,0112780 secs] [Times: user=0,09 sys=0,00, real=0,01 secs] 
2015-09-02T15:25:28.618+0200: 518316,795: [GC2015-09-02T15:25:28.618+0200: 518316,795: [ParNew: 287575K->8796K(314560K), 0,0117350 secs] 395807K->117954K(1013632K), 0,0118600 secs] [Times: user=0,10 sys=0,00, real=0,01 secs] 
2015-09-02T15:26:25.175+0200: 518373,351: [GC2015-09-02T15:26:25.175+0200: 518373,351: [ParNew: 288412K->9679K(314560K), 0,0108790 secs] 397570K->119777K(1013632K), 0,0109910 secs] [Times: user=0,09 sys=0,00, real=0,02 secs] 
2015-09-02T15:27:22.128+0200: 518430,305: [GC2015-09-02T15:27:22.128+0200: 518430,305: [ParNew: 289295K->10581K(314560K), 0,0111850 secs] 399393K->121664K(1013632K), 0,0113540 secs] [Times: user=0,08 sys=0,00, real=0,01 secs] 
2015-09-02T15:28:19.611+0200: 518487,787: [GC2015-09-02T15:28:19.611+0200: 518487,787: [ParNew: 290197K->10405K(314560K), 0,0104470 secs] 401280K->122509K(1013632K), 0,0105610 secs] [Times: user=0,10 sys=0,00, real=0,01 secs] 
2015-09-02T15:29:17.829+0200: 518546,006: [GC2015-09-02T15:29:17.829+0200: 518546,006: [ParNew: 290021K->8956K(314560K), 0,0108830 secs] 402125K->121978K(1013632K), 0,0109880 secs] [Times: user=0,06 sys=0,00, real=0,01 secs] 
2015-09-02T15:30:15.710+0200: 518603,887: [GC2015-09-02T15:30:15.710+0200: 518603,887: [ParNew: 288572K->8725K(314560K), 0,0113840 secs] 401594K->122679K(1013632K), 0,0115110 secs] [Times: user=0,08 sys=0,00, real=0,01 secs] 
2015-09-02T15:31:13.105+0200: 518661,281: [GC2015-09-02T15:31:13.105+0200: 518661,281: [ParNew: 288341K->6084K(314560K), 0,0097780 secs] 402295K->120978K(1013632K), 0,0098990 secs] [Times: user=0,08 sys=0,00, real=0,00 secs] 
2015-09-02T15:32:10.967+0200: 518719,144: [GC2015-09-02T15:32:10.967+0200: 518719,144: [ParNew: 285700K->6859K(314560K), 0,0102980 secs] 400594K->122700K(1013632K), 0,0104420 secs] [Times: user=0,07 sys=0,00, real=0,01 secs] 
2015-09-02T15:33:08.554+0200: 518776,731: [GC2015-09-02T15:33:08.555+0200: 518776,731: [ParNew: 286475K->5716K(314560K), 0,0102650 secs] 402316K->122548K(1013632K), 0,0103900 secs] [Times: user=0,07 sys=0,00, real=0,02 secs] 
2015-09-02T15:34:06.117+0200: 518834,294: [GC2015-09-02T15:34:06.117+0200: 518834,294: [ParNew: 285332K->5665K(314560K), 0,0084550 secs] 402164K->123214K(1013632K), 0,0085870 secs] [Times: user=0,06 sys=0,00, real=0,01 secs] 
2015-09-02T15:35:03.675+0200: 518891,851: [GC2015-09-02T15:35:03.675+0200: 518891,852: [ParNew: 285281K->7776K(314560K), 0,0097840 secs] 402830K->125823K(1013632K), 0,0099020 secs] [Times: user=0,06 sys=0,00, real=0,02 secs] 
2015-09-02T15:36:01.236+0200: 518949,413: [GC2015-09-02T15:36:01.237+0200: 518949,413: [ParNew: 287392K->7391K(314560K), 0,0065630 secs] 405439K->126112K(1013632K), 0,0066690 secs] [Times: user=0,03 sys=0,00, real=0,00 secs] 
2015-09-02T15:36:59.088+0200: 519007,265: [GC2015-09-02T15:36:59.088+0200: 519007,265: [ParNew: 287007K->8585K(314560K), 0,0086120 secs] 405728K->127900K(1013632K), 0,0087100 secs] [Times: user=0,06 sys=0,00, real=0,01 secs] 
2015-09-02T15:37:56.919+0200: 519065,096: [GC2015-09-02T15:37:56.919+0200: 519065,096: [ParNew: 288201K->7956K(314560K), 0,0124130 secs] 407516K->127831K(1013632K), 0,0125240 secs] [Times: user=0,08 sys=0,00, real=0,01 secs] 
2015-09-02T15:38:54.383+0200: 519122,560: [GC2015-09-02T15:38:54.383+0200: 519122,560: [ParNew: 287572K->7811K(314560K), 0,0108960 secs] 407447K->128351K(1013632K), 0,0110240 secs] [Times: user=0,08 sys=0,00, real=0,01 secs] 
2015-09-02T15:39:51.943+0200: 519180,120: [GC2015-09-02T15:39:51.943+0200: 519180,120: [ParNew: 287427K->8582K(314560K), 0,0117910 secs] 407967K->130028K(1013632K), 0,0119390 secs] [Times: user=0,09 sys=0,00, real=0,01 secs] 
2015-09-02T15:40:49.505+0200: 519237,681: [GC2015-09-02T15:40:49.505+0200: 519237,681: [ParNew: 288198K->7905K(314560K), 0,0108340 secs] 409644K->130291K(1013632K), 0,0109550 secs] [Times: user=0,08 sys=0,00, real=0,00 secs] 
2015-09-02T15:41:47.423+0200: 519295,599: [GC2015-09-02T15:41:47.423+0200: 519295,599: [ParNew: 287521K->8231K(314560K), 0,0108570 secs] 409907K->131546K(1013632K), 0,0109880 secs] [Times: user=0,08 sys=0,00, real=0,01 secs] 
2015-09-02T15:42:45.110+0200: 519353,286: [GC2015-09-02T15:42:45.110+0200: 519353,286: [ParNew: 287847K->6450K(314560K), 0,0097860 secs] 411162K->130686K(1013632K), 0,0099010 secs] [Times: user=0,07 sys=0,00, real=0,01 secs] 
2015-09-02T15:43:42.668+0200: 519410,845: [GC2015-09-02T15:43:42.668+0200: 519410,845: [ParNew: 286066K->6022K(314560K), 0,0102590 secs] 410302K->131333K(1013632K), 0,0103950 secs] [Times: user=0,07 sys=0,00, real=0,01 secs] 
2015-09-02T15:44:40.223+0200: 519468,400: [GC2015-09-02T15:44:40.223+0200: 519468,400: [ParNew: 285638K->6539K(314560K), 0,0085200 secs] 410949K->132447K(1013632K), 0,0086370 secs] [Times: user=0,07 sys=0,00, real=0,01 secs] 
2015-09-02T15:45:37.979+0200: 519526,156: [GC2015-09-02T15:45:37.979+0200: 519526,156: [ParNew: 286155K->6681K(314560K), 0,0094340 secs] 412063K->133529K(1013632K), 0,0095460 secs] [Times: user=0,06 sys=0,00, real=0,01 secs] 
2015-09-02T15:46:34.945+0200: 519583,121: [GC2015-09-02T15:46:34.945+0200: 519583,121: [ParNew: 286297K->6228K(314560K), 0,0081040 secs] 413145K->133589K(1013632K), 0,0082240 secs] [Times: user=0,07 sys=0,00, real=0,00 secs] 
2015-09-02T15:47:32.776+0200: 519640,952: [GC2015-09-02T15:47:32.776+0200: 519640,952: [ParNew: 285844K->7897K(314560K), 0,0100940 secs] 413205K->135783K(1013632K), 0,0102190 secs] [Times: user=0,07 sys=0,00, real=0,02 secs] 
2015-09-02T15:48:30.428+0200: 519698,604: [GC2015-09-02T15:48:30.428+0200: 519698,604: [ParNew: 287513K->8512K(314560K), 0,0093230 secs] 415399K->136949K(1013632K), 0,0094410 secs] [Times: user=0,09 sys=0,00, real=0,01 secs] 
2015-09-02T15:49:27.847+0200: 519756,023: [GC2015-09-02T15:49:27.847+0200: 519756,023: [ParNew: 288128K->8589K(314560K), 0,0106120 secs] 416565K->137673K(1013632K), 0,0107290 secs] [Times: user=0,08 sys=0,00, real=0,01 secs] 
2015-09-02T15:50:25.111+0200: 519813,287: [GC2015-09-02T15:50:25.111+0200: 519813,288: [ParNew: 288205K->8486K(314560K), 0,0104060 secs] 417289K->138433K(1013632K), 0,0105270 secs] [Times: user=0,09 sys=0,00, real=0,01 secs] 
2015-09-02T15:51:22.625+0200: 519870,802: [GC2015-09-02T15:51:22.625+0200: 519870,802: [ParNew: 288093K->10253K(314560K), 0,0121520 secs] 418039K->141127K(1013632K), 0,0122780 secs] [Times: user=0,08 sys=0,00, real=0,01 secs] 
2015-09-02T15:52:19.635+0200: 519927,812: [GC2015-09-02T15:52:19.635+0200: 519927,812: [ParNew: 289869K->7443K(314560K), 0,0102710 secs] 420743K->139290K(1013632K), 0,0103740 secs] [Times: user=0,09 sys=0,00, real=0,02 secs] 
2015-09-02T15:53:17.192+0200: 519985,369: [GC2015-09-02T15:53:17.192+0200: 519985,369: [ParNew: 287059K->8862K(314560K), 0,0132680 secs] 418906K->141711K(1013632K), 0,0133790 secs] [Times: user=0,08 sys=0,00, real=0,02 secs] 
2015-09-02T15:54:15.143+0200: 520043,319: [GC2015-09-02T15:54:15.143+0200: 520043,320: [ParNew: 288478K->8835K(314560K), 0,0107650 secs] 421327K->142688K(1013632K), 0,0108740 secs] [Times: user=0,09 sys=0,00, real=0,01 secs] 
2015-09-02T15:55:12.810+0200: 520100,986: [GC2015-09-02T15:55:12.810+0200: 520100,986: [ParNew: 288451K->9017K(314560K), 0,0120250 secs] 422304K->143795K(1013632K), 0,0121410 secs] [Times: user=0,09 sys=0,00, real=0,01 secs] 
2015-09-02T15:56:10.369+0200: 520158,545: [GC2015-09-02T15:56:10.369+0200: 520158,545: [ParNew: 288633K->9332K(314560K), 0,0109450 secs] 423411K->145034K(1013632K), 0,0110610 secs] [Times: user=0,06 sys=0,00, real=0,01 secs] 
2015-09-02T15:57:07.847+0200: 520216,023: [GC2015-09-02T15:57:07.847+0200: 520216,023: [ParNew: 288948K->9314K(314560K), 0,0112390 secs] 424650K->145943K(1013632K), 0,0113480 secs] [Times: user=0,08 sys=0,00, real=0,01 secs] 
2015-09-02T15:58:05.445+0200: 520273,622: [GC2015-09-02T15:58:05.445+0200: 520273,622: [ParNew: 288930K->9423K(314560K), 0,0104060 secs] 425559K->146963K(1013632K), 0,0105030 secs] [Times: user=0,07 sys=0,00, real=0,00 secs] 
2015-09-02T15:59:03.028+0200: 520331,205: [GC2015-09-02T15:59:03.028+0200: 520331,205: [ParNew: 289039K->9579K(314560K), 0,0116310 secs] 426579K->148039K(1013632K), 0,0117480 secs] [Times: user=0,09 sys=0,00, real=0,01 secs] 
2015-09-02T16:00:00.590+0200: 520388,766: [GC2015-09-02T16:00:00.590+0200: 520388,766: [ParNew: 289195K->8235K(314560K), 0,0110980 secs] 427655K->147629K(1013632K), 0,0112230 secs] [Times: user=0,06 sys=0,00, real=0,01 secs] 
2015-09-02T16:00:57.847+0200: 520446,023: [GC2015-09-02T16:00:57.847+0200: 520446,023: [ParNew: 287851K->9104K(314560K), 0,0107900 secs] 427245K->149526K(1013632K), 0,0108980 secs] [Times: user=0,08 sys=0,00, real=0,01 secs] 
2015-09-02T16:01:55.403+0200: 520503,579: [GC2015-09-02T16:01:55.403+0200: 520503,579: [ParNew: 288720K->9116K(314560K), 0,0105500 secs] 429142K->150544K(1013632K), 0,0106790 secs] [Times: user=0,10 sys=0,00, real=0,01 secs] 
2015-09-02T16:02:52.844+0200: 520561,021: [GC2015-09-02T16:02:52.844+0200: 520561,021: [ParNew: 288732K->7634K(314560K), 0,0110080 secs] 430160K->149994K(1013632K), 0,0111280 secs] [Times: user=0,08 sys=0,00, real=0,00 secs] 
2015-09-02T16:03:50.306+0200: 520618,482: [GC2015-09-02T16:03:50.306+0200: 520618,482: [ParNew: 287250K->8639K(314560K), 0,0116290 secs] 429610K->151932K(1013632K), 0,0117580 secs] [Times: user=0,09 sys=0,00, real=0,01 secs] 
2015-09-02T16:04:47.741+0200: 520675,918: [GC2015-09-02T16:04:47.741+0200: 520675,918: [ParNew: 288255K->9305K(314560K), 0,0111960 secs] 431548K->153530K(1013632K), 0,0112830 secs] [Times: user=0,08 sys=0,00, real=0,01 secs] 
2015-09-02T16:05:45.418+0200: 520733,594: [GC2015-09-02T16:05:45.418+0200: 520733,594: [ParNew: 288921K->8668K(314560K), 0,0116220 secs] 433146K->153822K(1013632K), 0,0117520 secs] [Times: user=0,08 sys=0,00, real=0,01 secs] 
2015-09-02T16:06:42.979+0200: 520791,156: [GC2015-09-02T16:06:42.980+0200: 520791,156: [ParNew: 288284K->8781K(314560K), 0,0129700 secs] 433438K->154860K(1013632K), 0,0130790 secs] [Times: user=0,10 sys=0,00, real=0,01 secs] 
2015-09-02T16:07:40.528+0200: 520848,704: [GC2015-09-02T16:07:40.528+0200: 520848,705: [ParNew: 288397K->10402K(314560K), 0,0133030 secs] 434476K->157437K(1013632K), 0,0134190 secs] [Times: user=0,09 sys=0,00, real=0,01 secs] 
2015-09-02T16:08:37.844+0200: 520906,021: [GC2015-09-02T16:08:37.845+0200: 520906,021: [ParNew: 290018K->7950K(314560K), 0,0109680 secs] 437053K->155944K(1013632K), 0,0111020 secs] [Times: user=0,07 sys=0,00, real=0,00 secs] 
2015-09-02T16:09:35.325+0200: 520963,502: [GC2015-09-02T16:09:35.325+0200: 520963,502: [ParNew: 287566K->10283K(314560K), 0,0108400 secs] 435560K->159288K(1013632K), 0,0109870 secs] [Times: user=0,08 sys=0,00, real=0,00 secs] 
2015-09-02T16:10:32.847+0200: 521021,023: [GC2015-09-02T16:10:32.847+0200: 521021,023: [ParNew: 289899K->7296K(314560K), 0,0107530 secs] 438904K->157315K(1013632K), 0,0108620 secs] [Times: user=0,09 sys=0,00, real=0,01 secs] 
2015-09-02T16:11:29.723+0200: 521077,900: [GC2015-09-02T16:11:29.723+0200: 521077,900: [ParNew: 286912K->8909K(314560K), 0,0103860 secs] 436931K->159856K(1013632K), 0,0105090 secs] [Times: user=0,09 sys=0,00, real=0,01 secs] 
2015-09-02T16:12:26.681+0200: 521134,858: [GC2015-09-02T16:12:26.681+0200: 521134,858: [ParNew: 288525K->9103K(314560K), 0,0093140 secs] 439472K->160987K(1013632K), 0,0094420 secs] [Times: user=0,06 sys=0,00, real=0,01 secs] 
2015-09-02T16:13:23.829+0200: 521192,006: [GC2015-09-02T16:13:23.829+0200: 521192,006: [ParNew: 288719K->9240K(314560K), 0,0108510 secs] 440603K->162033K(1013632K), 0,0109630 secs] [Times: user=0,06 sys=0,00, real=0,01 secs] 
2015-09-02T16:14:21.890+0200: 521250,067: [GC2015-09-02T16:14:21.890+0200: 521250,067: [ParNew: 288856K->9395K(314560K), 0,0112800 secs] 441649K->163119K(1013632K), 0,0113990 secs] [Times: user=0,09 sys=0,00, real=0,01 secs] 
2015-09-02T16:15:19.152+0200: 521307,329: [GC2015-09-02T16:15:19.152+0200: 521307,329: [ParNew: 289011K->9545K(314560K), 0,0122600 secs] 442735K->164198K(1013632K), 0,0123990 secs] [Times: user=0,06 sys=0,01, real=0,02 secs] 
2015-09-02T16:16:16.503+0200: 521364,680: [GC2015-09-02T16:16:16.503+0200: 521364,680: [ParNew: 289161K->8954K(314560K), 0,0091010 secs] 443814K->164557K(1013632K), 0,0092150 secs] [Times: user=0,06 sys=0,00, real=0,01 secs] 
2015-09-02T16:17:14.039+0200: 521422,216: [GC2015-09-02T16:17:14.039+0200: 521422,216: [ParNew: 288570K->9836K(314560K), 0,0131380 secs] 444173K->166418K(1013632K), 0,0132450 secs] [Times: user=0,09 sys=0,00, real=0,01 secs] 
2015-09-02T16:18:11.308+0200: 521479,485: [GC2015-09-02T16:18:11.308+0200: 521479,485: [ParNew: 289452K->9160K(314560K), 0,0113690 secs] 446034K->166755K(1013632K), 0,0114780 secs] [Times: user=0,07 sys=0,00, real=0,01 secs] 
2015-09-02T16:19:09.146+0200: 521537,322: [GC2015-09-02T16:19:09.146+0200: 521537,322: [ParNew: 288776K->9179K(314560K), 0,0115340 secs] 446371K->167787K(1013632K), 0,0116840 secs] [Times: user=0,08 sys=0,00, real=0,01 secs] 
2015-09-02T16:20:06.431+0200: 521594,607: [GC2015-09-02T16:20:06.431+0200: 521594,607: [ParNew: 288795K->8414K(314560K), 0,0109230 secs] 447403K->167959K(1013632K), 0,0110450 secs] [Times: user=0,09 sys=0,00, real=0,01 secs] 
2015-09-02T16:21:04.261+0200: 521652,438: [GC2015-09-02T16:21:04.261+0200: 521652,438: [ParNew: 288030K->8688K(314560K), 0,0113780 secs] 447575K->169176K(1013632K), 0,0115120 secs] [Times: user=0,08 sys=0,00, real=0,01 secs] 
2015-09-02T16:22:01.827+0200: 521710,003: [GC2015-09-02T16:22:01.827+0200: 521710,003: [ParNew: 288304K->7924K(314560K), 0,0078040 secs] 448792K->169356K(1013632K), 0,0079150 secs] [Times: user=0,05 sys=0,00, real=0,00 secs] 
2015-09-02T16:22:59.389+0200: 521767,566: [GC2015-09-02T16:22:59.389+0200: 521767,566: [ParNew: 287540K->9453K(314560K), 0,0107240 secs] 448972K->171822K(1013632K), 0,0108450 secs] [Times: user=0,06 sys=0,01, real=0,01 secs] 
2015-09-02T16:23:56.950+0200: 521825,127: [GC2015-09-02T16:23:56.950+0200: 521825,127: [ParNew: 289069K->8841K(314560K), 0,0120330 secs] 451438K->172137K(1013632K), 0,0121320 secs] [Times: user=0,09 sys=0,00, real=0,01 secs] 
2015-09-02T16:24:54.015+0200: 521882,191: [GC2015-09-02T16:24:54.015+0200: 521882,191: [ParNew: 288457K->8979K(314560K), 0,0117630 secs] 451753K->173196K(1013632K), 0,0118690 secs] [Times: user=0,07 sys=0,00, real=0,02 secs] 
2015-09-02T16:25:51.912+0200: 521940,089: [GC2015-09-02T16:25:51.913+0200: 521940,089: [ParNew: 288595K->9114K(314560K), 0,0120270 secs] 452812K->174337K(1013632K), 0,0121480 secs] [Times: user=0,07 sys=0,01, real=0,02 secs] 
2015-09-02T16:26:49.472+0200: 521997,649: [GC2015-09-02T16:26:49.472+0200: 521997,649: [ParNew: 288730K->9169K(314560K), 0,0119970 secs] 453953K->175407K(1013632K), 0,0121470 secs] [Times: user=0,07 sys=0,01, real=0,02 secs] 
2015-09-02T16:27:46.396+0200: 522054,572: [GC2015-09-02T16:27:46.396+0200: 522054,572: [ParNew: 288785K->9190K(314560K), 0,0108260 secs] 455023K->176372K(1013632K), 0,0109480 secs] [Times: user=0,08 sys=0,00, real=0,02 secs] 
2015-09-02T16:28:44.229+0200: 522112,406: [GC2015-09-02T16:28:44.229+0200: 522112,406: [ParNew: 288806K->7077K(314560K), 0,0104810 secs] 455988K->175197K(1013632K), 0,0105820 secs] [Times: user=0,07 sys=0,00, real=0,01 secs] 
2015-09-02T16:29:41.789+0200: 522169,965: [GC2015-09-02T16:29:41.789+0200: 522169,965: [ParNew: 286693K->6028K(314560K), 0,0072120 secs] 454813K->175088K(1013632K), 0,0072860 secs] [Times: user=0,03 sys=0,01, real=0,00 secs] 
2015-09-02T16:30:38.434+0200: 522226,611: [GC2015-09-02T16:30:38.435+0200: 522226,611: [ParNew: 285644K->8580K(314560K), 0,0078790 secs] 454704K->178569K(1013632K), 0,0079540 secs] [Times: user=0,04 sys=0,00, real=0,01 secs] 
2015-09-02T16:31:34.380+0200: 522282,557: [GC2015-09-02T16:31:34.381+0200: 522282,557: [ParNew: 288196K->6669K(314560K), 0,0098010 secs] 458185K->177595K(1013632K), 0,0099190 secs] [Times: user=0,07 sys=0,00, real=0,01 secs] 
2015-09-02T16:32:31.923+0200: 522340,099: [GC2015-09-02T16:32:31.923+0200: 522340,099: [ParNew: 286285K->6160K(314560K), 0,0094250 secs] 457211K->178020K(1013632K), 0,0095730 secs] [Times: user=0,08 sys=0,00, real=0,01 secs] 
2015-09-02T16:33:28.986+0200: 522397,162: [GC2015-09-02T16:33:28.986+0200: 522397,163: [ParNew: 285776K->5082K(314560K), 0,0116530 secs] 457636K->178005K(1013632K), 0,0117870 secs] [Times: user=0,09 sys=0,00, real=0,01 secs] 
2015-09-02T16:34:26.045+0200: 522454,221: [GC2015-09-02T16:34:26.045+0200: 522454,222: [ParNew: 284698K->6518K(314560K), 0,0082030 secs] 457621K->180018K(1013632K), 0,0083270 secs] [Times: user=0,05 sys=0,00, real=0,00 secs] 
2015-09-02T16:35:23.601+0200: 522511,778: [GC2015-09-02T16:35:23.601+0200: 522511,778: [ParNew: 286134K->6657K(314560K), 0,0093460 secs] 459634K->180822K(1013632K), 0,0094610 secs] [Times: user=0,05 sys=0,00, real=0,01 secs] 
2015-09-02T16:36:20.656+0200: 522568,832: [GC2015-09-02T16:36:20.656+0200: 522568,832: [ParNew: 286273K->6503K(314560K), 0,0083120 secs] 460438K->181160K(1013632K), 0,0084310 secs] [Times: user=0,06 sys=0,00, real=0,01 secs] 
2015-09-02T16:37:17.205+0200: 522625,382: [GC2015-09-02T16:37:17.205+0200: 522625,382: [ParNew: 286119K->7631K(314560K), 0,0054110 secs] 460776K->182792K(1013632K), 0,0054930 secs] [Times: user=0,03 sys=0,01, real=0,00 secs] 
2015-09-02T16:38:14.016+0200: 522682,192: [GC2015-09-02T16:38:14.016+0200: 522682,192: [ParNew: 287247K->9468K(314560K), 0,0076700 secs] 462408K->185169K(1013632K), 0,0077960 secs] [Times: user=0,06 sys=0,00, real=0,01 secs] 
2015-09-02T16:39:10.303+0200: 522738,480: [GC2015-09-02T16:39:10.303+0200: 522738,480: [ParNew: 289084K->7850K(314560K), 0,0086420 secs] 464785K->184176K(1013632K), 0,0087480 secs] [Times: user=0,05 sys=0,00, real=0,01 secs] 
2015-09-02T16:40:07.067+0200: 522795,244: [GC2015-09-02T16:40:07.067+0200: 522795,244: [ParNew: 287466K->8775K(314560K), 0,0122220 secs] 463792K->185943K(1013632K), 0,0123270 secs] [Times: user=0,08 sys=0,00, real=0,01 secs] 
2015-09-02T16:41:04.408+0200: 522852,585: [GC2015-09-02T16:41:04.408+0200: 522852,585: [ParNew: 288391K->8312K(314560K), 0,0081580 secs] 465559K->186371K(1013632K), 0,0082290 secs] [Times: user=0,04 sys=0,00, real=0,01 secs] 
2015-09-02T16:42:01.967+0200: 522910,143: [GC2015-09-02T16:42:01.967+0200: 522910,144: [ParNew: 287928K->7468K(314560K), 0,0122110 secs] 465987K->186474K(1013632K), 0,0123530 secs] [Times: user=0,09 sys=0,00, real=0,01 secs] 
2015-09-02T16:42:59.946+0200: 522968,122: [GC2015-09-02T16:42:59.946+0200: 522968,122: [ParNew: 287084K->7035K(314560K), 0,0100410 secs] 466090K->187039K(1013632K), 0,0101670 secs] [Times: user=0,07 sys=0,00, real=0,00 secs] 
2015-09-02T16:43:57.442+0200: 523025,618: [GC2015-09-02T16:43:57.442+0200: 523025,618: [ParNew: 286651K->6497K(314560K), 0,0141380 secs] 466655K->187485K(1013632K), 0,0142580 secs] [Times: user=0,07 sys=0,00, real=0,01 secs] 
2015-09-02T16:44:54.621+0200: 523082,798: [GC2015-09-02T16:44:54.621+0200: 523082,798: [ParNew: 286113K->6482K(314560K), 0,0092080 secs] 467101K->187945K(1013632K), 0,0093240 secs] [Times: user=0,06 sys=0,00, real=0,01 secs] 
2015-09-02T16:45:51.676+0200: 523139,853: [GC2015-09-02T16:45:51.676+0200: 523139,853: [ParNew: 286098K->5705K(314560K), 0,0085890 secs] 467561K->188065K(1013632K), 0,0087030 secs] [Times: user=0,07 sys=0,00, real=0,02 secs] 
2015-09-02T16:46:49.571+0200: 523197,747: [GC2015-09-02T16:46:49.571+0200: 523197,747: [ParNew: 285321K->6772K(314560K), 0,0087060 secs] 467681K->189632K(1013632K), 0,0088390 secs] [Times: user=0,07 sys=0,00, real=0,01 secs] 
2015-09-02T16:47:47.286+0200: 523255,463: [GC2015-09-02T16:47:47.286+0200: 523255,463: [ParNew: 286388K->7389K(314560K), 0,0089950 secs] 469248K->190761K(1013632K), 0,0091360 secs] [Times: user=0,06 sys=0,00, real=0,00 secs] 
2015-09-02T16:48:44.846+0200: 523313,022: [GC2015-09-02T16:48:44.846+0200: 523313,023: [ParNew: 287005K->8155K(314560K), 0,0103130 secs] 470377K->192090K(1013632K), 0,0104410 secs] [Times: user=0,06 sys=0,01, real=0,01 secs] 
2015-09-02T16:49:42.402+0200: 523370,579: [GC2015-09-02T16:49:42.402+0200: 523370,579: [ParNew: 287771K->9575K(314560K), 0,0099040 secs] 471706K->194167K(1013632K), 0,0100220 secs] [Times: user=0,07 sys=0,00, real=0,01 secs] 
2015-09-02T16:50:39.752+0200: 523427,928: [GC2015-09-02T16:50:39.752+0200: 523427,928: [ParNew: 289191K->8778K(314560K), 0,0109040 secs] 473783K->194301K(1013632K), 0,0110090 secs] [Times: user=0,08 sys=0,00, real=0,01 secs] 
2015-09-02T16:51:37.510+0200: 523485,687: [GC2015-09-02T16:51:37.510+0200: 523485,687: [ParNew: 288394K->9749K(314560K), 0,0093780 secs] 473917K->196266K(1013632K), 0,0094710 secs] [Times: user=0,06 sys=0,00, real=0,01 secs] 
2015-09-02T16:52:35.069+0200: 523543,245: [GC2015-09-02T16:52:35.069+0200: 523543,245: [ParNew: 289365K->9084K(314560K), 0,0100860 secs] 475882K->196606K(1013632K), 0,0102050 secs] [Times: user=0,07 sys=0,00, real=0,01 secs] 
2015-09-02T16:53:32.629+0200: 523600,806: [GC2015-09-02T16:53:32.629+0200: 523600,806: [ParNew: 288700K->8359K(314560K), 0,0111650 secs] 476222K->196814K(1013632K), 0,0112900 secs] [Times: user=0,08 sys=0,00, real=0,01 secs] 
2015-09-02T16:54:30.622+0200: 523658,799: [GC2015-09-02T16:54:30.622+0200: 523658,799: [ParNew: 287975K->8617K(314560K), 0,0114720 secs] 476430K->197999K(1013632K), 0,0115910 secs] [Times: user=0,09 sys=0,00, real=0,01 secs] 
2015-09-02T16:55:28.105+0200: 523716,281: [GC2015-09-02T16:55:28.105+0200: 523716,281: [ParNew: 288233K->9300K(314560K), 0,0102850 secs] 477615K->199612K(1013632K), 0,0104200 secs] [Times: user=0,07 sys=0,00, real=0,00 secs] 
2015-09-02T16:56:25.689+0200: 523773,866: [GC2015-09-02T16:56:25.690+0200: 523773,866: [ParNew: 288916K->8664K(314560K), 0,0110440 secs] 479228K->199891K(1013632K), 0,0111790 secs] [Times: user=0,08 sys=0,00, real=0,01 secs] 
2015-09-02T16:57:23.105+0200: 523831,281: [GC2015-09-02T16:57:23.105+0200: 523831,281: [ParNew: 288280K->8795K(314560K), 0,0111320 secs] 479507K->200956K(1013632K), 0,0112430 secs] [Times: user=0,07 sys=0,00, real=0,00 secs] 
2015-09-02T16:58:20.794+0200: 523888,970: [GC2015-09-02T16:58:20.794+0200: 523888,970: [ParNew: 288411K->9656K(314560K), 0,0115860 secs] 480572K->202749K(1013632K), 0,0117030 secs] [Times: user=0,09 sys=0,00, real=0,02 secs] 
2015-09-02T16:59:18.105+0200: 523946,281: [GC2015-09-02T16:59:18.105+0200: 523946,281: [ParNew: 289272K->9049K(314560K), 0,0116440 secs] 482365K->203128K(1013632K), 0,0117600 secs] [Times: user=0,07 sys=0,00, real=0,01 secs] 
2015-09-02T17:00:15.701+0200: 524003,878: [GC2015-09-02T17:00:15.701+0200: 524003,878: [ParNew: 288665K->9123K(314560K), 0,0112240 secs] 482744K->204215K(1013632K), 0,0113680 secs] [Times: user=0,07 sys=0,01, real=0,01 secs] 
2015-09-02T17:01:13.105+0200: 524061,281: [GC2015-09-02T17:01:13.105+0200: 524061,281: [ParNew: 288739K->8383K(314560K), 0,0101850 secs] 483831K->204400K(1013632K), 0,0103120 secs] [Times: user=0,07 sys=0,00, real=0,00 secs] 
2015-09-02T17:02:10.598+0200: 524118,775: [GC2015-09-02T17:02:10.598+0200: 524118,775: [ParNew: 287999K->9345K(314560K), 0,0119360 secs] 484016K->206293K(1013632K), 0,0120400 secs] [Times: user=0,09 sys=0,00, real=0,01 secs] 
2015-09-02T17:03:07.844+0200: 524176,021: [GC2015-09-02T17:03:07.844+0200: 524176,021: [ParNew: 288961K->9302K(314560K), 0,0117700 secs] 485909K->207177K(1013632K), 0,0118860 secs] [Times: user=0,06 sys=0,00, real=0,00 secs] 
2015-09-02T17:04:05.211+0200: 524233,388: [GC2015-09-02T17:04:05.211+0200: 524233,388: [ParNew: 288918K->10100K(314560K), 0,0143000 secs] 486793K->208917K(1013632K), 0,0144160 secs] [Times: user=0,10 sys=0,00, real=0,02 secs] 
2015-09-02T17:05:02.775+0200: 524290,951: [GC2015-09-02T17:05:02.775+0200: 524290,951: [ParNew: 289716K->7738K(314560K), 0,0111850 secs] 488533K->207490K(1013632K), 0,0112910 secs] [Times: user=0,08 sys=0,00, real=0,02 secs] 
2015-09-02T17:06:00.333+0200: 524348,509: [GC2015-09-02T17:06:00.333+0200: 524348,509: [ParNew: 287354K->10073K(314560K), 0,0110690 secs] 487106K->210757K(1013632K), 0,0111860 secs] [Times: user=0,07 sys=0,00, real=0,01 secs] 
2015-09-02T17:06:57.810+0200: 524405,987: [GC2015-09-02T17:06:57.810+0200: 524405,987: [ParNew: 289689K->7662K(314560K), 0,0104880 secs] 490373K->209305K(1013632K), 0,0106010 secs] [Times: user=0,06 sys=0,00, real=0,01 secs] 
2015-09-02T17:07:55.336+0200: 524463,512: [GC2015-09-02T17:07:55.336+0200: 524463,512: [ParNew: 287278K->10237K(314560K), 0,0106430 secs] 488921K->212895K(1013632K), 0,0107640 secs] [Times: user=0,09 sys=0,00, real=0,02 secs] 
2015-09-02T17:08:52.847+0200: 524521,023: [GC2015-09-02T17:08:52.847+0200: 524521,023: [ParNew: 289853K->8650K(314560K), 0,0126060 secs] 492511K->212313K(1013632K), 0,0127200 secs] [Times: user=0,08 sys=0,00, real=0,01 secs] 
2015-09-02T17:09:50.540+0200: 524578,717: [GC2015-09-02T17:09:50.540+0200: 524578,717: [ParNew: 288266K->8885K(314560K), 0,0133600 secs] 491929K->213481K(1013632K), 0,0134750 secs] [Times: user=0,09 sys=0,00, real=0,01 secs] 
2015-09-02T17:10:48.105+0200: 524636,281: [GC2015-09-02T17:10:48.105+0200: 524636,281: [ParNew: 288501K->9787K(314560K), 0,0085740 secs] 493097K->215321K(1013632K), 0,0086950 secs] [Times: user=0,06 sys=0,00, real=0,00 secs] 
2015-09-02T17:11:45.661+0200: 524693,838: [GC2015-09-02T17:11:45.661+0200: 524693,838: [ParNew: 289403K->7078K(314560K), 0,0090590 secs] 494937K->213544K(1013632K), 0,0091620 secs] [Times: user=0,07 sys=0,00, real=0,01 secs] 
2015-09-02T17:12:43.105+0200: 524751,281: [GC2015-09-02T17:12:43.105+0200: 524751,281: [ParNew: 286694K->8497K(314560K), 0,0104170 secs] 493160K->215882K(1013632K), 0,0105150 secs] [Times: user=0,06 sys=0,00, real=0,00 secs] 
2015-09-02T17:13:40.458+0200: 524808,634: [GC2015-09-02T17:13:40.458+0200: 524808,635: [ParNew: 288113K->9997K(314560K), 0,0112530 secs] 495498K->218305K(1013632K), 0,0114110 secs] [Times: user=0,10 sys=0,00, real=0,01 secs] 
2015-09-02T17:14:38.009+0200: 524866,186: [GC2015-09-02T17:14:38.009+0200: 524866,186: [ParNew: 289613K->7336K(314560K), 0,0113910 secs] 497921K->216566K(1013632K), 0,0115110 secs] [Times: user=0,07 sys=0,00, real=0,01 secs] 
2015-09-02T17:15:35.559+0200: 524923,736: [GC2015-09-02T17:15:35.560+0200: 524923,736: [ParNew: 286952K->8875K(314560K), 0,0113200 secs] 496182K->219097K(1013632K), 0,0114860 secs] [Times: user=0,08 sys=0,00, real=0,01 secs] 
2015-09-02T17:16:33.105+0200: 524981,281: [GC2015-09-02T17:16:33.105+0200: 524981,281: [ParNew: 288491K->9633K(314560K), 0,0124210 secs] 498713K->220872K(1013632K), 0,0125340 secs] [Times: user=0,09 sys=0,00, real=0,01 secs] 
2015-09-02T17:17:30.904+0200: 525039,080: [GC2015-09-02T17:17:30.904+0200: 525039,081: [ParNew: 289249K->9830K(314560K), 0,0114560 secs] 500488K->222089K(1013632K), 0,0115700 secs] [Times: user=0,07 sys=0,00, real=0,01 secs] 
2015-09-02T17:18:28.519+0200: 525096,696: [GC2015-09-02T17:18:28.520+0200: 525096,696: [ParNew: 289446K->8347K(314560K), 0,0103370 secs] 501705K->221524K(1013632K), 0,0104620 secs] [Times: user=0,09 sys=0,00, real=0,01 secs] 
2015-09-02T17:19:26.081+0200: 525154,257: [GC2015-09-02T17:19:26.081+0200: 525154,258: [ParNew: 287963K->7211K(314560K), 0,0109800 secs] 501140K->221324K(1013632K), 0,0111060 secs] [Times: user=0,08 sys=0,00, real=0,01 secs] 
2015-09-02T17:20:23.641+0200: 525211,817: [GC2015-09-02T17:20:23.641+0200: 525211,817: [ParNew: 286827K->8641K(314560K), 0,0123950 secs] 500940K->223681K(1013632K), 0,0125180 secs] [Times: user=0,09 sys=0,00, real=0,01 secs] 
2015-09-02T17:21:21.072+0200: 525269,249: [GC2015-09-02T17:21:21.072+0200: 525269,249: [ParNew: 288257K->9449K(314560K), 0,0097340 secs] 503297K->225419K(1013632K), 0,0098620 secs] [Times: user=0,08 sys=0,00, real=0,01 secs] 
2015-09-02T17:22:18.238+0200: 525326,415: [GC2015-09-02T17:22:18.238+0200: 525326,415: [ParNew: 289065K->8094K(314560K), 0,0110320 secs] 505035K->225000K(1013632K), 0,0111610 secs] [Times: user=0,06 sys=0,00, real=0,01 secs] 
2015-09-02T17:23:15.799+0200: 525383,975: [GC2015-09-02T17:23:15.799+0200: 525383,975: [ParNew: 287710K->8932K(314560K), 0,0109280 secs] 504616K->226759K(1013632K), 0,0110560 secs] [Times: user=0,09 sys=0,00, real=0,01 secs] 
2015-09-02T17:24:13.357+0200: 525441,534: [GC2015-09-02T17:24:13.358+0200: 525441,534: [ParNew: 288548K->9067K(314560K), 0,0125410 secs] 506375K->227907K(1013632K), 0,0126670 secs] [Times: user=0,09 sys=0,00, real=0,01 secs] 
2015-09-02T17:25:10.919+0200: 525499,095: [GC2015-09-02T17:25:10.919+0200: 525499,095: [ParNew: 288683K->9101K(314560K), 0,0117810 secs] 507523K->228970K(1013632K), 0,0118950 secs] [Times: user=0,08 sys=0,00, real=0,01 secs] 
2015-09-02T17:26:08.482+0200: 525556,658: [GC2015-09-02T17:26:08.482+0200: 525556,658: [ParNew: 288717K->9089K(314560K), 0,0109890 secs] 508586K->229878K(1013632K), 0,0111070 secs] [Times: user=0,07 sys=0,00, real=0,01 secs] 
2015-09-02T17:27:05.194+0200: 525613,371: [GC2015-09-02T17:27:05.194+0200: 525613,371: [ParNew: 288705K->9263K(314560K), 0,0110540 secs] 509494K->230975K(1013632K), 0,0111570 secs] [Times: user=0,07 sys=0,00, real=0,02 secs] 
2015-09-02T17:28:01.602+0200: 525669,778: [GC2015-09-02T17:28:01.602+0200: 525669,779: [ParNew: 288879K->9918K(314560K), 0,0088190 secs] 510591K->232549K(1013632K), 0,0089320 secs] [Times: user=0,06 sys=0,00, real=0,01 secs] 
2015-09-02T17:28:59.148+0200: 525727,325: [GC2015-09-02T17:28:59.148+0200: 525727,325: [ParNew: 289534K->8469K(314560K), 0,0082050 secs] 512165K->232034K(1013632K), 0,0083030 secs] [Times: user=0,04 sys=0,01, real=0,01 secs] 
2015-09-02T17:29:55.872+0200: 525784,048: [GC2015-09-02T17:29:55.872+0200: 525784,048: [ParNew: 288085K->8955K(314560K), 0,0073900 secs] 511650K->233448K(1013632K), 0,0074990 secs] [Times: user=0,05 sys=0,00, real=0,01 secs] 
2015-09-02T17:30:52.691+0200: 525840,868: [GC2015-09-02T17:30:52.691+0200: 525840,868: [ParNew: 288571K->7100K(314560K), 0,0063680 secs] 513064K->232515K(1013632K), 0,0065000 secs] [Times: user=0,06 sys=0,00, real=0,01 secs] 
2015-09-02T17:31:50.294+0200: 525898,471: [GC2015-09-02T17:31:50.294+0200: 525898,471: [ParNew: 286716K->7961K(314560K), 0,0107580 secs] 512131K->234322K(1013632K), 0,0108730 secs] [Times: user=0,06 sys=0,00, real=0,02 secs] 
2015-09-02T17:32:47.543+0200: 525955,719: [GC2015-09-02T17:32:47.543+0200: 525955,719: [ParNew: 287577K->5830K(314560K), 0,0096810 secs] 513938K->233195K(1013632K), 0,0097990 secs] [Times: user=0,06 sys=0,00, real=0,01 secs] 
2015-09-02T17:33:44.899+0200: 526013,076: [GC2015-09-02T17:33:44.899+0200: 526013,076: [ParNew: 285446K->5971K(314560K), 0,0089120 secs] 512811K->234329K(1013632K), 0,0090320 secs] [Times: user=0,06 sys=0,00, real=0,01 secs] 
2015-09-02T17:34:42.457+0200: 526070,633: [GC2015-09-02T17:34:42.457+0200: 526070,633: [ParNew: 285587K->5287K(314560K), 0,0082930 secs] 513945K->234121K(1013632K), 0,0084210 secs] [Times: user=0,04 sys=0,00, real=0,01 secs] 
2015-09-02T17:35:39.515+0200: 526127,691: [GC2015-09-02T17:35:39.515+0200: 526127,691: [ParNew: 284903K->6461K(314560K), 0,0074370 secs] 513737K->235859K(1013632K), 0,0075410 secs] [Times: user=0,05 sys=0,00, real=0,01 secs] 
2015-09-02T17:36:36.568+0200: 526184,745: [GC2015-09-02T17:36:36.568+0200: 526184,745: [ParNew: 286077K->6934K(314560K), 0,0087130 secs] 515475K->236826K(1013632K), 0,0088220 secs] [Times: user=0,05 sys=0,00, real=0,01 secs] 
2015-09-02T17:37:32.844+0200: 526241,021: [GC2015-09-02T17:37:32.844+0200: 526241,021: [ParNew: 286550K->7688K(314560K), 0,0088010 secs] 516442K->238076K(1013632K), 0,0089310 secs] [Times: user=0,06 sys=0,00, real=0,00 secs] 
2015-09-02T17:38:29.785+0200: 526297,962: [GC2015-09-02T17:38:29.785+0200: 526297,962: [ParNew: 287304K->8512K(314560K), 0,0099390 secs] 517692K->239436K(1013632K), 0,0100500 secs] [Times: user=0,07 sys=0,00, real=0,00 secs] 
2015-09-02T17:39:26.508+0200: 526354,685: [GC2015-09-02T17:39:26.508+0200: 526354,685: [ParNew: 288128K->7536K(314560K), 0,0091410 secs] 519052K->239081K(1013632K), 0,0092590 secs] [Times: user=0,08 sys=0,00, real=0,01 secs] 
2015-09-02T17:40:23.339+0200: 526411,516: [GC2015-09-02T17:40:23.339+0200: 526411,516: [ParNew: 287152K->10476K(314560K), 0,0126370 secs] 518697K->242903K(1013632K), 0,0127390 secs] [Times: user=0,07 sys=0,00, real=0,01 secs] 
2015-09-02T17:41:20.815+0200: 526468,992: [GC2015-09-02T17:41:20.815+0200: 526468,992: [ParNew: 290092K->7137K(314560K), 0,0152780 secs] 522519K->240559K(1013632K), 0,0153940 secs] [Times: user=0,12 sys=0,00, real=0,02 secs] 
2015-09-02T17:42:18.105+0200: 526526,281: [GC2015-09-02T17:42:18.105+0200: 526526,281: [ParNew: 286753K->7389K(314560K), 0,0099040 secs] 520175K->241802K(1013632K), 0,0100050 secs] [Times: user=0,06 sys=0,00, real=0,00 secs] 
2015-09-02T17:43:15.934+0200: 526584,110: [GC2015-09-02T17:43:15.934+0200: 526584,110: [ParNew: 287005K->5582K(314560K), 0,0131780 secs] 521418K->240900K(1013632K), 0,0133080 secs] [Times: user=0,10 sys=0,00, real=0,02 secs] 
2015-09-02T17:44:13.105+0200: 526641,281: [GC2015-09-02T17:44:13.105+0200: 526641,281: [ParNew: 285198K->4874K(314560K), 0,0079880 secs] 520516K->240956K(1013632K), 0,0080930 secs] [Times: user=0,05 sys=0,01, real=0,00 secs] 
2015-09-02T17:45:10.544+0200: 526698,720: [GC2015-09-02T17:45:10.544+0200: 526698,721: [ParNew: 284490K->6555K(314560K), 0,0085820 secs] 520572K->243121K(1013632K), 0,0087010 secs] [Times: user=0,05 sys=0,00, real=0,01 secs] 
2015-09-02T17:46:07.847+0200: 526756,023: [GC2015-09-02T17:46:07.847+0200: 526756,023: [ParNew: 286171K->6881K(314560K), 0,0123790 secs] 522737K->244414K(1013632K), 0,0124930 secs] [Times: user=0,06 sys=0,00, real=0,01 secs] 
2015-09-02T17:47:05.158+0200: 526813,334: [GC2015-09-02T17:47:05.158+0200: 526813,334: [ParNew: 286497K->6979K(314560K), 0,0057380 secs] 524030K->245021K(1013632K), 0,0058170 secs] [Times: user=0,04 sys=0,00, real=0,00 secs] 
2015-09-02T17:48:02.202+0200: 526870,378: [GC2015-09-02T17:48:02.202+0200: 526870,378: [ParNew: 286595K->7610K(314560K), 0,0096950 secs] 524637K->246179K(1013632K), 0,0098250 secs] [Times: user=0,06 sys=0,00, real=0,01 secs] 
2015-09-02T17:48:58.951+0200: 526927,128: [GC2015-09-02T17:48:58.951+0200: 526927,128: [ParNew: 287226K->8341K(314560K), 0,0089030 secs] 525795K->247528K(1013632K), 0,0090220 secs] [Times: user=0,05 sys=0,00, real=0,01 secs] 
2015-09-02T17:49:56.287+0200: 526984,463: [GC2015-09-02T17:49:56.287+0200: 526984,463: [ParNew: 287957K->9005K(314560K), 0,0090280 secs] 527144K->248920K(1013632K), 0,0091560 secs] [Times: user=0,07 sys=0,00, real=0,00 secs] 
2015-09-02T17:50:53.365+0200: 527041,542: [GC2015-09-02T17:50:53.366+0200: 527041,542: [ParNew: 288621K->8778K(314560K), 0,0120320 secs] 528536K->249620K(1013632K), 0,0121390 secs] [Times: user=0,08 sys=0,00, real=0,01 secs] 
2015-09-02T17:51:50.923+0200: 527099,099: [GC2015-09-02T17:51:50.923+0200: 527099,099: [ParNew: 288394K->7486K(314560K), 0,0128340 secs] 529236K->249239K(1013632K), 0,0129570 secs] [Times: user=0,09 sys=0,00, real=0,01 secs] 
2015-09-02T17:52:47.982+0200: 527156,158: [GC2015-09-02T17:52:47.982+0200: 527156,158: [ParNew: 287102K->9283K(314560K), 0,0104230 secs] 528855K->251963K(1013632K), 0,0105390 secs] [Times: user=0,08 sys=0,00, real=0,01 secs] 
2015-09-02T17:53:44.459+0200: 527212,635: [GC2015-09-02T17:53:44.459+0200: 527212,635: [ParNew: 288899K->8558K(314560K), 0,0084270 secs] 531579K->252155K(1013632K), 0,0085320 secs] [Times: user=0,06 sys=0,00, real=0,01 secs] 
2015-09-02T17:54:40.587+0200: 527268,764: [GC2015-09-02T17:54:40.587+0200: 527268,764: [ParNew: 288174K->9362K(314560K), 0,0106430 secs] 531771K->253888K(1013632K), 0,0107580 secs] [Times: user=0,09 sys=0,00, real=0,01 secs] 
2015-09-02T17:55:37.641+0200: 527325,817: [GC2015-09-02T17:55:37.641+0200: 527325,817: [ParNew: 288978K->8732K(314560K), 0,0125810 secs] 533504K->254179K(1013632K), 0,0127160 secs] [Times: user=0,09 sys=0,00, real=0,01 secs] 
2015-09-02T17:56:35.534+0200: 527383,711: [GC2015-09-02T17:56:35.534+0200: 527383,711: [ParNew: 288348K->8849K(314560K), 0,0089820 secs] 533795K->255214K(1013632K), 0,0091090 secs] [Times: user=0,07 sys=0,00, real=0,01 secs] 
2015-09-02T17:57:32.639+0200: 527440,816: [GC2015-09-02T17:57:32.639+0200: 527440,816: [ParNew: 288465K->8997K(314560K), 0,0083020 secs] 534830K->256363K(1013632K), 0,0084030 secs] [Times: user=0,06 sys=0,00, real=0,01 secs] 
2015-09-02T17:58:29.791+0200: 527497,967: [GC2015-09-02T17:58:29.791+0200: 527497,968: [ParNew: 288613K->9044K(314560K), 0,0114160 secs] 535979K->257421K(1013632K), 0,0115190 secs] [Times: user=0,08 sys=0,00, real=0,01 secs] 
2015-09-02T17:59:26.151+0200: 527554,327: [GC2015-09-02T17:59:26.151+0200: 527554,327: [ParNew: 288660K->10571K(314560K), 0,0080470 secs] 537037K->259863K(1013632K), 0,0081390 secs] [Times: user=0,05 sys=0,00, real=0,01 secs] 
2015-09-02T18:00:23.105+0200: 527611,281: [GC2015-09-02T18:00:23.105+0200: 527611,281: [ParNew: 290187K->7635K(314560K), 0,0094460 secs] 539479K->257836K(1013632K), 0,0095840 secs] [Times: user=0,07 sys=0,00, real=0,00 secs] 
2015-09-02T18:01:20.815+0200: 527668,991: [GC2015-09-02T18:01:20.815+0200: 527668,991: [ParNew: 287251K->8992K(314560K), 0,0073400 secs] 537452K->260114K(1013632K), 0,0074150 secs] [Times: user=0,05 sys=0,00, real=0,01 secs] 
2015-09-02T18:02:18.001+0200: 527726,177: [GC2015-09-02T18:02:18.001+0200: 527726,177: [ParNew: 288608K->8385K(314560K), 0,0106510 secs] 539730K->260448K(1013632K), 0,0107660 secs] [Times: user=0,06 sys=0,01, real=0,01 secs] 
2015-09-02T18:03:15.559+0200: 527783,735: [GC2015-09-02T18:03:15.559+0200: 527783,735: [ParNew: 288001K->8631K(314560K), 0,0113120 secs] 540064K->261616K(1013632K), 0,0114450 secs] [Times: user=0,09 sys=0,00, real=0,01 secs] 
2015-09-02T18:04:13.521+0200: 527841,697: [GC2015-09-02T18:04:13.521+0200: 527841,697: [ParNew: 288247K->10258K(314560K), 0,0140070 secs] 541232K->264173K(1013632K), 0,0141240 secs] [Times: user=0,10 sys=0,00, real=0,01 secs] 
2015-09-02T18:05:11.166+0200: 527899,342: [GC2015-09-02T18:05:11.166+0200: 527899,342: [ParNew: 289874K->7429K(314560K), 0,0110760 secs] 543789K->262265K(1013632K), 0,0112010 secs] [Times: user=0,10 sys=0,00, real=0,01 secs] 
2015-09-02T18:06:08.725+0200: 527956,902: [GC2015-09-02T18:06:08.725+0200: 527956,902: [ParNew: 287045K->9621K(314560K), 0,0113850 secs] 541881K->265469K(1013632K), 0,0114940 secs] [Times: user=0,08 sys=0,00, real=0,01 secs] 
2015-09-02T18:07:06.602+0200: 528014,779: [GC2015-09-02T18:07:06.602+0200: 528014,779: [ParNew: 289237K->8914K(314560K), 0,0116970 secs] 545085K->265776K(1013632K), 0,0118250 secs] [Times: user=0,08 sys=0,00, real=0,01 secs] 
2015-09-02T18:08:04.607+0200: 528072,783: [GC2015-09-02T18:08:04.607+0200: 528072,783: [ParNew: 288530K->8321K(314560K), 0,0109240 secs] 545392K->266107K(1013632K), 0,0110330 secs] [Times: user=0,09 sys=0,00, real=0,01 secs] 
2015-09-02T18:09:02.396+0200: 528130,573: [GC2015-09-02T18:09:02.396+0200: 528130,573: [ParNew: 287937K->7899K(314560K), 0,0098510 secs] 545723K->266613K(1013632K), 0,0099530 secs] [Times: user=0,07 sys=0,00, real=0,02 secs] 
2015-09-02T18:09:59.960+0200: 528188,136: [GC2015-09-02T18:09:59.960+0200: 528188,136: [ParNew: 287515K->7890K(314560K), 0,0104690 secs] 546229K->267549K(1013632K), 0,0105850 secs] [Times: user=0,08 sys=0,00, real=0,01 secs] 
2015-09-02T18:10:57.520+0200: 528245,697: [GC2015-09-02T18:10:57.520+0200: 528245,697: [ParNew: 287506K->8682K(314560K), 0,0103110 secs] 547165K->269272K(1013632K), 0,0104660 secs] [Times: user=0,07 sys=0,00, real=0,01 secs] 
2015-09-02T18:11:55.078+0200: 528303,254: [GC2015-09-02T18:11:55.078+0200: 528303,254: [ParNew: 288298K->9530K(314560K), 0,0095320 secs] 548888K->271044K(1013632K), 0,0096370 secs] [Times: user=0,07 sys=0,00, real=0,01 secs] 
2015-09-02T18:12:52.638+0200: 528360,815: [GC2015-09-02T18:12:52.638+0200: 528360,815: [ParNew: 289146K->9664K(314560K), 0,0131530 secs] 550660K->272103K(1013632K), 0,0132970 secs] [Times: user=0,08 sys=0,00, real=0,01 secs] 
2015-09-02T18:13:50.200+0200: 528418,377: [GC2015-09-02T18:13:50.200+0200: 528418,377: [ParNew: 289280K->9053K(314560K), 0,0120540 secs] 551719K->272475K(1013632K), 0,0121890 secs] [Times: user=0,08 sys=0,01, real=0,01 secs] 
2015-09-02T18:14:47.755+0200: 528475,932: [GC2015-09-02T18:14:47.755+0200: 528475,932: [ParNew: 288669K->8361K(314560K), 0,0120390 secs] 552091K->272807K(1013632K), 0,0121560 secs] [Times: user=0,09 sys=0,00, real=0,02 secs] 
2015-09-02T18:15:45.314+0200: 528533,490: [GC2015-09-02T18:15:45.314+0200: 528533,490: [ParNew: 287977K->8382K(314560K), 0,0105360 secs] 552423K->273845K(1013632K), 0,0106400 secs] [Times: user=0,06 sys=0,01, real=0,01 secs] 
2015-09-02T18:16:43.105+0200: 528591,281: [GC2015-09-02T18:16:43.105+0200: 528591,281: [ParNew: 287998K->9155K(314560K), 0,0109070 secs] 553461K->275553K(1013632K), 0,0110220 secs] [Times: user=0,07 sys=0,01, real=0,00 secs] 
2015-09-02T18:17:40.419+0200: 528648,596: [GC2015-09-02T18:17:40.419+0200: 528648,596: [ParNew: 288771K->9385K(314560K), 0,0113380 secs] 555169K->276708K(1013632K), 0,0114510 secs] [Times: user=0,08 sys=0,00, real=0,01 secs] 
2015-09-02T18:18:37.980+0200: 528706,157: [GC2015-09-02T18:18:37.981+0200: 528706,157: [ParNew: 289001K->9349K(314560K), 0,0114930 secs] 556324K->277604K(1013632K), 0,0116130 secs] [Times: user=0,07 sys=0,01, real=0,01 secs] 
2015-09-02T18:19:35.548+0200: 528763,724: [GC2015-09-02T18:19:35.548+0200: 528763,725: [ParNew: 288965K->9443K(314560K), 0,0109060 secs] 557220K->278625K(1013632K), 0,0110050 secs] [Times: user=0,09 sys=0,00, real=0,01 secs] 
2015-09-02T18:20:32.580+0200: 528820,757: [GC2015-09-02T18:20:32.580+0200: 528820,757: [ParNew: 289059K->9572K(314560K), 0,0118200 secs] 558241K->279695K(1013632K), 0,0119500 secs] [Times: user=0,07 sys=0,00, real=0,01 secs] 
2015-09-02T18:21:29.137+0200: 528877,313: [GC2015-09-02T18:21:29.137+0200: 528877,313: [ParNew: 289188K->10425K(314560K), 0,0091410 secs] 559311K->281483K(1013632K), 0,0092160 secs] [Times: user=0,04 sys=0,00, real=0,01 secs] 
2015-09-02T18:22:25.689+0200: 528933,865: [GC2015-09-02T18:22:25.689+0200: 528933,865: [ParNew: 290041K->7990K(314560K), 0,0117970 secs] 561099K->280050K(1013632K), 0,0119220 secs] [Times: user=0,07 sys=0,00, real=0,01 secs] 
2015-09-02T18:23:23.105+0200: 528991,281: [GC2015-09-02T18:23:23.105+0200: 528991,281: [ParNew: 287606K->9595K(314560K), 0,0101670 secs] 559666K->282663K(1013632K), 0,0102740 secs] [Times: user=0,05 sys=0,01, real=0,00 secs] 
2015-09-02T18:24:20.694+0200: 529048,870: [GC2015-09-02T18:24:20.694+0200: 529048,870: [ParNew: 289211K->8140K(314560K), 0,0113700 secs] 562279K->282140K(1013632K), 0,0115040 secs] [Times: user=0,08 sys=0,00, real=0,02 secs] 
2015-09-02T18:25:18.105+0200: 529106,281: [GC2015-09-02T18:25:18.105+0200: 529106,281: [ParNew: 287756K->9916K(314560K), 0,0120580 secs] 561756K->284847K(1013632K), 0,0121860 secs] [Times: user=0,09 sys=0,00, real=0,01 secs] 
2015-09-02T18:26:15.858+0200: 529164,034: [GC2015-09-02T18:26:15.858+0200: 529164,034: [ParNew: 289532K->7078K(314560K), 0,0107420 secs] 564463K->282929K(1013632K), 0,0108780 secs] [Times: user=0,08 sys=0,01, real=0,01 secs] 
2015-09-02T18:27:13.350+0200: 529221,527: [GC2015-09-02T18:27:13.350+0200: 529221,527: [ParNew: 286694K->9778K(314560K), 0,0121600 secs] 562545K->286557K(1013632K), 0,0122750 secs] [Times: user=0,09 sys=0,00, real=0,01 secs] 
2015-09-02T18:28:10.911+0200: 529279,087: [GC2015-09-02T18:28:10.911+0200: 529279,088: [ParNew: 289394K->9907K(314560K), 0,0123910 secs] 566173K->287606K(1013632K), 0,0125050 secs] [Times: user=0,08 sys=0,00, real=0,01 secs] 
2015-09-02T18:29:08.458+0200: 529336,635: [GC2015-09-02T18:29:08.458+0200: 529336,635: [ParNew: 289523K->9590K(314560K), 0,0129050 secs] 567222K->288218K(1013632K), 0,0130130 secs] [Times: user=0,08 sys=0,00, real=0,01 secs] 
2015-09-02T18:30:06.013+0200: 529394,190: [GC2015-09-02T18:30:06.013+0200: 529394,190: [ParNew: 289206K->9244K(314560K), 0,0134500 secs] 567834K->288818K(1013632K), 0,0135680 secs] [Times: user=0,08 sys=0,00, real=0,02 secs] 
2015-09-02T18:31:03.567+0200: 529451,743: [GC2015-09-02T18:31:03.567+0200: 529451,743: [ParNew: 288860K->8048K(314560K), 0,0103060 secs] 568434K->288635K(1013632K), 0,0104230 secs] [Times: user=0,08 sys=0,00, real=0,01 secs] 
2015-09-02T18:32:01.402+0200: 529509,579: [GC2015-09-02T18:32:01.402+0200: 529509,579: [ParNew: 287664K->6760K(314560K), 0,0095290 secs] 568251K->288384K(1013632K), 0,0096490 secs] [Times: user=0,06 sys=0,00, real=0,01 secs] 
2015-09-02T18:32:59.435+0200: 529567,611: [GC2015-09-02T18:32:59.435+0200: 529567,611: [ParNew: 286376K->6761K(314560K), 0,0095060 secs] 568000K->289462K(1013632K), 0,0096470 secs] [Times: user=0,04 sys=0,00, real=0,02 secs] 
2015-09-02T18:33:57.327+0200: 529625,504: [GC2015-09-02T18:33:57.328+0200: 529625,504: [ParNew: 286377K->5201K(314560K), 0,0098710 secs] 569078K->288619K(1013632K), 0,0099990 secs] [Times: user=0,07 sys=0,00, real=0,01 secs] 
2015-09-02T18:34:54.896+0200: 529683,073: [GC2015-09-02T18:34:54.896+0200: 529683,073: [ParNew: 284817K->5990K(314560K), 0,0093310 secs] 568235K->289896K(1013632K), 0,0094550 secs] [Times: user=0,07 sys=0,00, real=0,02 secs] 
2015-09-02T18:35:52.913+0200: 529741,089: [GC2015-09-02T18:35:52.913+0200: 529741,089: [ParNew: 285606K->7020K(314560K), 0,0087410 secs] 569512K->291504K(1013632K), 0,0088720 secs] [Times: user=0,07 sys=0,00, real=0,01 secs] 
2015-09-02T18:36:50.509+0200: 529798,685: [GC2015-09-02T18:36:50.509+0200: 529798,685: [ParNew: 286636K->7274K(314560K), 0,0091040 secs] 571120K->292260K(1013632K), 0,0092190 secs] [Times: user=0,06 sys=0,00, real=0,01 secs] 
2015-09-02T18:37:48.198+0200: 529856,375: [GC2015-09-02T18:37:48.198+0200: 529856,375: [ParNew: 286890K->8686K(314560K), 0,0120840 secs] 571876K->294210K(1013632K), 0,0122070 secs] [Times: user=0,08 sys=0,00, real=0,01 secs] 
2015-09-02T18:38:46.116+0200: 529914,293: [GC2015-09-02T18:38:46.116+0200: 529914,293: [ParNew: 288302K->9502K(314560K), 0,0129080 secs] 573826K->295678K(1013632K), 0,0130130 secs] [Times: user=0,08 sys=0,00, real=0,01 secs] 
2015-09-02T18:39:44.012+0200: 529972,188: [GC2015-09-02T18:39:44.012+0200: 529972,188: [ParNew: 289118K->9567K(314560K), 0,0113370 secs] 575294K->296645K(1013632K), 0,0114580 secs] [Times: user=0,06 sys=0,00, real=0,01 secs] 
2015-09-02T18:40:41.731+0200: 530029,907: [GC2015-09-02T18:40:41.731+0200: 530029,907: [ParNew: 289183K->7666K(314560K), 0,0106560 secs] 576261K->295754K(1013632K), 0,0107990 secs] [Times: user=0,09 sys=0,00, real=0,01 secs] 
2015-09-02T18:41:39.293+0200: 530087,470: [GC2015-09-02T18:41:39.293+0200: 530087,470: [ParNew: 287282K->8804K(314560K), 0,0089780 secs] 575370K->297815K(1013632K), 0,0090880 secs] [Times: user=0,06 sys=0,00, real=0,01 secs] 
2015-09-02T18:42:37.291+0200: 530145,467: [GC2015-09-02T18:42:37.291+0200: 530145,467: [ParNew: 288420K->6612K(314560K), 0,0103290 secs] 577431K->296542K(1013632K), 0,0104430 secs] [Times: user=0,08 sys=0,00, real=0,01 secs] 
2015-09-02T18:43:35.324+0200: 530203,500: [GC2015-09-02T18:43:35.324+0200: 530203,500: [ParNew: 286228K->6913K(314560K), 0,0090580 secs] 576158K->297762K(1013632K), 0,0091830 secs] [Times: user=0,08 sys=0,00, real=0,01 secs] 
2015-09-02T18:44:32.844+0200: 530261,021: [GC2015-09-02T18:44:32.844+0200: 530261,021: [ParNew: 286529K->5828K(314560K), 0,0088260 secs] 577378K->297339K(1013632K), 0,0089430 secs] [Times: user=0,06 sys=0,00, real=0,00 secs] 
2015-09-02T18:45:30.505+0200: 530318,682: [GC2015-09-02T18:45:30.505+0200: 530318,682: [ParNew: 285444K->6266K(314560K), 0,0097590 secs] 576955K->298771K(1013632K), 0,0098820 secs] [Times: user=0,05 sys=0,00, real=0,00 secs] 
2015-09-02T18:46:28.105+0200: 530376,281: [GC2015-09-02T18:46:28.105+0200: 530376,281: [ParNew: 285882K->7178K(314560K), 0,0083490 secs] 578387K->300177K(1013632K), 0,0084700 secs] [Times: user=0,07 sys=0,00, real=0,00 secs] 
2015-09-02T18:47:25.615+0200: 530433,791: [GC2015-09-02T18:47:25.615+0200: 530433,791: [ParNew: 286794K->8335K(314560K), 0,0097030 secs] 579793K->301900K(1013632K), 0,0098280 secs] [Times: user=0,07 sys=0,00, real=0,02 secs] 
2015-09-02T18:48:23.173+0200: 530491,349: [GC2015-09-02T18:48:23.173+0200: 530491,350: [ParNew: 287951K->7081K(314560K), 0,0094140 secs] 581516K->301264K(1013632K), 0,0095200 secs] [Times: user=0,07 sys=0,00, real=0,01 secs] 
2015-09-02T18:49:20.822+0200: 530548,998: [GC2015-09-02T18:49:20.822+0200: 530548,998: [ParNew: 286697K->8332K(314560K), 0,0099290 secs] 580880K->303085K(1013632K), 0,0100480 secs] [Times: user=0,06 sys=0,00, real=0,01 secs] 
2015-09-02T18:50:18.691+0200: 530606,868: [GC2015-09-02T18:50:18.691+0200: 530606,868: [ParNew: 287948K->8899K(314560K), 0,0105200 secs] 582701K->304315K(1013632K), 0,0106530 secs] [Times: user=0,09 sys=0,00, real=0,01 secs] 
2015-09-02T18:51:16.725+0200: 530664,901: [GC2015-09-02T18:51:16.725+0200: 530664,901: [ParNew: 288515K->8825K(314560K), 0,0112830 secs] 583931K->305114K(1013632K), 0,0114020 secs] [Times: user=0,08 sys=0,00, real=0,00 secs] 
2015-09-02T18:52:14.383+0200: 530722,560: [GC2015-09-02T18:52:14.383+0200: 530722,560: [ParNew: 288441K->9138K(314560K), 0,0112890 secs] 584730K->306327K(1013632K), 0,0114020 secs] [Times: user=0,07 sys=0,00, real=0,01 secs] 
2015-09-02T18:53:12.346+0200: 530780,523: [GC2015-09-02T18:53:12.346+0200: 530780,523: [ParNew: 288754K->9343K(314560K), 0,0110240 secs] 585943K->307442K(1013632K), 0,0111380 secs] [Times: user=0,09 sys=0,00, real=0,01 secs] 
2015-09-02T18:54:09.998+0200: 530838,175: [GC2015-09-02T18:54:09.998+0200: 530838,175: [ParNew: 288959K->9527K(314560K), 0,0116420 secs] 587058K->308526K(1013632K), 0,0117680 secs] [Times: user=0,08 sys=0,00, real=0,01 secs] 
2015-09-02T18:55:07.561+0200: 530895,737: [GC2015-09-02T18:55:07.561+0200: 530895,738: [ParNew: 289143K->8967K(314560K), 0,0112290 secs] 588142K->308887K(1013632K), 0,0113560 secs] [Times: user=0,07 sys=0,01, real=0,01 secs] 
2015-09-02T18:56:05.121+0200: 530953,297: [GC2015-09-02T18:56:05.121+0200: 530953,297: [ParNew: 288583K->9129K(314560K), 0,0111920 secs] 588503K->310074K(1013632K), 0,0113100 secs] [Times: user=0,08 sys=0,00, real=0,01 secs] 
2015-09-02T18:57:02.847+0200: 531011,023: [GC2015-09-02T18:57:02.847+0200: 531011,023: [ParNew: 288745K->7627K(314560K), 0,0116560 secs] 589690K->309590K(1013632K), 0,0117910 secs] [Times: user=0,09 sys=0,00, real=0,01 secs] 
2015-09-02T18:58:00.700+0200: 531068,877: [GC2015-09-02T18:58:00.701+0200: 531068,877: [ParNew: 287243K->9923K(314560K), 0,0118830 secs] 589206K->312809K(1013632K), 0,0120020 secs] [Times: user=0,05 sys=0,00, real=0,01 secs] 
2015-09-02T18:58:58.188+0200: 531126,364: [GC2015-09-02T18:58:58.188+0200: 531126,364: [ParNew: 289539K->7288K(314560K), 0,0104680 secs] 592425K->311108K(1013632K), 0,0105790 secs] [Times: user=0,07 sys=0,00, real=0,01 secs] 
2015-09-02T18:59:56.157+0200: 531184,334: [GC2015-09-02T18:59:56.157+0200: 531184,334: [ParNew: 286904K->7798K(314560K), 0,0119230 secs] 590724K->312551K(1013632K), 0,0120400 secs] [Times: user=0,07 sys=0,00, real=0,01 secs] 
2015-09-02T19:00:53.892+0200: 531242,068: [GC2015-09-02T19:00:53.892+0200: 531242,068: [ParNew: 287414K->8481K(314560K), 0,0106770 secs] 592167K->314179K(1013632K), 0,0108010 secs] [Times: user=0,09 sys=0,00, real=0,01 secs] 
2015-09-02T19:01:51.455+0200: 531299,631: [GC2015-09-02T19:01:51.455+0200: 531299,631: [ParNew: 288097K->9464K(314560K), 0,0115310 secs] 593795K->316084K(1013632K), 0,0116470 secs] [Times: user=0,08 sys=0,00, real=0,02 secs] 
2015-09-02T19:02:49.423+0200: 531357,600: [GC2015-09-02T19:02:49.423+0200: 531357,600: [ParNew: 289080K->8899K(314560K), 0,0114810 secs] 595700K->316450K(1013632K), 0,0116050 secs] [Times: user=0,09 sys=0,00, real=0,01 secs] 
2015-09-02T19:03:47.070+0200: 531415,246: [GC2015-09-02T19:03:47.070+0200: 531415,246: [ParNew: 288515K->9823K(314560K), 0,0108910 secs] 596066K->318342K(1013632K), 0,0109990 secs] [Times: user=0,07 sys=0,00, real=0,01 secs] 
2015-09-02T19:04:44.832+0200: 531473,008: [GC2015-09-02T19:04:44.832+0200: 531473,008: [ParNew: 289439K->9920K(314560K), 0,0116070 secs] 597958K->319449K(1013632K), 0,0117310 secs] [Times: user=0,10 sys=0,00, real=0,01 secs] 
2015-09-02T19:05:42.678+0200: 531530,854: [GC2015-09-02T19:05:42.678+0200: 531530,854: [ParNew: 289536K->9187K(314560K), 0,0120930 secs] 599065K->319740K(1013632K), 0,0122090 secs] [Times: user=0,08 sys=0,00, real=0,01 secs] 
2015-09-02T19:06:40.239+0200: 531588,416: [GC2015-09-02T19:06:40.239+0200: 531588,416: [ParNew: 288803K->9186K(314560K), 0,0103670 secs] 599356K->320678K(1013632K), 0,0104940 secs] [Times: user=0,09 sys=0,00, real=0,01 secs] 
2015-09-02T19:07:37.847+0200: 531646,023: [GC2015-09-02T19:07:37.847+0200: 531646,023: [ParNew: 288802K->7958K(314560K), 0,0111920 secs] 600294K->320376K(1013632K), 0,0113040 secs] [Times: user=0,08 sys=0,00, real=0,01 secs] 
2015-09-02T19:08:35.349+0200: 531703,526: [GC2015-09-02T19:08:35.349+0200: 531703,526: [ParNew: 287574K->10099K(314560K), 0,0115330 secs] 599992K->323478K(1013632K), 0,0116260 secs] [Times: user=0,07 sys=0,00, real=0,01 secs] 
2015-09-02T19:09:32.913+0200: 531761,089: [GC2015-09-02T19:09:32.913+0200: 531761,089: [ParNew: 289715K->6791K(314560K), 0,0129310 secs] 603094K->321097K(1013632K), 0,0130510 secs] [Times: user=0,09 sys=0,00, real=0,02 secs] 
2015-09-02T19:10:30.481+0200: 531818,657: [GC2015-09-02T19:10:30.481+0200: 531818,657: [ParNew: 286407K->8677K(314560K), 0,0111300 secs] 600713K->323913K(1013632K), 0,0112330 secs] [Times: user=0,06 sys=0,00, real=0,01 secs] 
2015-09-02T19:11:28.105+0200: 531876,281: [GC2015-09-02T19:11:28.105+0200: 531876,281: [ParNew: 288293K->8753K(314560K), 0,0113870 secs] 603529K->324918K(1013632K), 0,0115390 secs] [Times: user=0,07 sys=0,00, real=0,01 secs] 
2015-09-02T19:12:25.834+0200: 531934,010: [GC2015-09-02T19:12:25.834+0200: 531934,010: [ParNew: 288369K->9038K(314560K), 0,0110670 secs] 604534K->326200K(1013632K), 0,0112030 secs] [Times: user=0,08 sys=0,00, real=0,02 secs] 
2015-09-02T19:13:23.632+0200: 531991,809: [GC2015-09-02T19:13:23.633+0200: 531991,809: [ParNew: 288654K->9131K(314560K), 0,0114490 secs] 605816K->327313K(1013632K), 0,0115760 secs] [Times: user=0,08 sys=0,00, real=0,01 secs] 
2015-09-02T19:14:21.191+0200: 532049,368: [GC2015-09-02T19:14:21.191+0200: 532049,368: [ParNew: 288747K->6868K(314560K), 0,0059870 secs] 606929K->325972K(1013632K), 0,0060840 secs] [Times: user=0,06 sys=0,00, real=0,01 secs] 
2015-09-02T19:15:18.749+0200: 532106,926: [GC2015-09-02T19:15:18.749+0200: 532106,926: [ParNew: 286484K->8619K(314560K), 0,0115560 secs] 605588K->328669K(1013632K), 0,0116820 secs] [Times: user=0,07 sys=0,00, real=0,01 secs] 
2015-09-02T19:16:16.750+0200: 532164,926: [GC2015-09-02T19:16:16.750+0200: 532164,926: [ParNew: 288235K->8560K(314560K), 0,0118430 secs] 608285K->329543K(1013632K), 0,0119540 secs] [Times: user=0,09 sys=0,00, real=0,01 secs] 
2015-09-02T19:17:14.358+0200: 532222,535: [GC2015-09-02T19:17:14.358+0200: 532222,535: [ParNew: 288176K->10077K(314560K), 0,0130340 secs] 609159K->331994K(1013632K), 0,0131520 secs] [Times: user=0,09 sys=0,00, real=0,01 secs] 
2015-09-02T19:18:11.922+0200: 532280,099: [GC2015-09-02T19:18:11.923+0200: 532280,099: [ParNew: 289693K->7281K(314560K), 0,0118700 secs] 611610K->330128K(1013632K), 0,0119750 secs] [Times: user=0,08 sys=0,00, real=0,01 secs] 
2015-09-02T19:19:09.486+0200: 532337,662: [GC2015-09-02T19:19:09.486+0200: 532337,663: [ParNew: 286897K->8059K(314560K), 0,0126570 secs] 609744K->331842K(1013632K), 0,0127830 secs] [Times: user=0,09 sys=0,00, real=0,01 secs] 
2015-09-02T19:20:07.445+0200: 532395,622: [GC2015-09-02T19:20:07.445+0200: 532395,622: [ParNew: 287675K->10989K(314560K), 0,0099580 secs] 611458K->335710K(1013632K), 0,0100720 secs] [Times: user=0,08 sys=0,00, real=0,00 secs] 
2015-09-02T19:21:05.095+0200: 532453,272: [GC2015-09-02T19:21:05.095+0200: 532453,272: [ParNew: 290605K->7979K(314560K), 0,0116870 secs] 615326K->333717K(1013632K), 0,0117900 secs] [Times: user=0,07 sys=0,00, real=0,02 secs] 
2015-09-02T19:22:02.658+0200: 532510,834: [GC2015-09-02T19:22:02.658+0200: 532510,834: [ParNew: 287595K->8962K(314560K), 0,0132850 secs] 613333K->335719K(1013632K), 0,0134080 secs] [Times: user=0,08 sys=0,00, real=0,01 secs] 
2015-09-02T19:23:00.295+0200: 532568,472: [GC2015-09-02T19:23:00.295+0200: 532568,472: [ParNew: 288578K->8174K(314560K), 0,0109360 secs] 615335K->335875K(1013632K), 0,0110580 secs] [Times: user=0,08 sys=0,00, real=0,02 secs] 
2015-09-02T19:23:57.844+0200: 532626,021: [GC2015-09-02T19:23:57.844+0200: 532626,021: [ParNew: 287790K->8527K(314560K), 0,0108540 secs] 615491K->337156K(1013632K), 0,0109940 secs] [Times: user=0,08 sys=0,00, real=0,00 secs] 
2015-09-02T19:24:55.766+0200: 532683,943: [GC2015-09-02T19:24:55.766+0200: 532683,943: [ParNew: 288143K->8506K(314560K), 0,0175750 secs] 616772K->338060K(1013632K), 0,0176990 secs] [Times: user=0,12 sys=0,00, real=0,01 secs] 
2015-09-02T19:25:53.366+0200: 532741,543: [GC2015-09-02T19:25:53.367+0200: 532741,543: [ParNew: 288122K->9326K(314560K), 0,0112040 secs] 617676K->339815K(1013632K), 0,0113410 secs] [Times: user=0,10 sys=0,00, real=0,01 secs] 
2015-09-02T19:26:50.930+0200: 532799,106: [GC2015-09-02T19:26:50.930+0200: 532799,106: [ParNew: 288942K->8720K(314560K), 0,0107710 secs] 619431K->340136K(1013632K), 0,0109080 secs] [Times: user=0,08 sys=0,00, real=0,01 secs] 
2015-09-02T19:27:48.302+0200: 532856,478: [GC2015-09-02T19:27:48.302+0200: 532856,478: [ParNew: 288336K->11056K(314560K), 0,0114810 secs] 619752K->343390K(1013632K), 0,0116080 secs] [Times: user=0,10 sys=0,00, real=0,01 secs] 
2015-09-02T19:28:46.614+0200: 532914,791: [GC2015-09-02T19:28:46.614+0200: 532914,791: [ParNew: 290672K->8972K(314560K), 0,0115510 secs] 623006K->342263K(1013632K), 0,0116640 secs] [Times: user=0,09 sys=0,00, real=0,02 secs] 
2015-09-02T19:29:44.497+0200: 532972,673: [GC2015-09-02T19:29:44.497+0200: 532972,673: [ParNew: 288588K->8744K(314560K), 0,0120790 secs] 621879K->343034K(1013632K), 0,0122140 secs] [Times: user=0,07 sys=0,01, real=0,01 secs] 
2015-09-02T19:30:42.150+0200: 533030,326: [GC2015-09-02T19:30:42.150+0200: 533030,326: [ParNew: 288360K->9024K(314560K), 0,0115790 secs] 622650K->344340K(1013632K), 0,0116980 secs] [Times: user=0,07 sys=0,00, real=0,01 secs] 
2015-09-02T19:31:39.710+0200: 533087,887: [GC2015-09-02T19:31:39.711+0200: 533087,887: [ParNew: 288640K->7067K(314560K), 0,0100690 secs] 623956K->343312K(1013632K), 0,0101910 secs] [Times: user=0,07 sys=0,00, real=0,01 secs] 
2015-09-02T19:32:37.576+0200: 533145,753: [GC2015-09-02T19:32:37.576+0200: 533145,753: [ParNew: 286683K->6380K(314560K), 0,0095880 secs] 622928K->343553K(1013632K), 0,0097320 secs] [Times: user=0,06 sys=0,00, real=0,02 secs] 
2015-09-02T19:33:35.319+0200: 533203,496: [GC2015-09-02T19:33:35.319+0200: 533203,496: [ParNew: 285996K->4660K(314560K), 0,0078510 secs] 623169K->342877K(1013632K), 0,0079560 secs] [Times: user=0,07 sys=0,00, real=0,01 secs] 
2015-09-02T19:34:32.785+0200: 533260,962: [GC2015-09-02T19:34:32.785+0200: 533260,962: [ParNew: 284276K->6056K(314560K), 0,0078800 secs] 622493K->344752K(1013632K), 0,0079920 secs] [Times: user=0,06 sys=0,00, real=0,00 secs] 
2015-09-02T19:35:30.431+0200: 533318,608: [GC2015-09-02T19:35:30.431+0200: 533318,608: [ParNew: 285672K->6951K(314560K), 0,0084990 secs] 624368K->346208K(1013632K), 0,0086190 secs] [Times: user=0,06 sys=0,00, real=0,01 secs] 
2015-09-02T19:36:27.844+0200: 533376,021: [GC2015-09-02T19:36:27.844+0200: 533376,021: [ParNew: 286567K->7057K(314560K), 0,0089660 secs] 625824K->346814K(1013632K), 0,0090820 secs] [Times: user=0,05 sys=0,00, real=0,00 secs] 
2015-09-02T19:37:25.542+0200: 533433,719: [GC2015-09-02T19:37:25.542+0200: 533433,719: [ParNew: 286673K->8440K(314560K), 0,0116310 secs] 626430K->348786K(1013632K), 0,0117730 secs] [Times: user=0,07 sys=0,00, real=0,01 secs] 
2015-09-02T19:38:22.954+0200: 533491,131: [GC2015-09-02T19:38:22.954+0200: 533491,131: [ParNew: 288056K->9213K(314560K), 0,0099060 secs] 628402K->350212K(1013632K), 0,0100480 secs] [Times: user=0,07 sys=0,00, real=0,02 secs] 
2015-09-02T19:39:20.653+0200: 533548,830: [GC2015-09-02T19:39:20.653+0200: 533548,830: [ParNew: 288829K->8769K(314560K), 0,0104030 secs] 629828K->350431K(1013632K), 0,0105520 secs] [Times: user=0,06 sys=0,00, real=0,01 secs] 
2015-09-02T19:40:18.105+0200: 533606,281: [GC2015-09-02T19:40:18.105+0200: 533606,281: [ParNew: 288385K->8234K(314560K), 0,0105780 secs] 630047K->350791K(1013632K), 0,0107030 secs] [Times: user=0,07 sys=0,01, real=0,00 secs] 
2015-09-02T19:41:15.988+0200: 533664,165: [GC2015-09-02T19:41:15.988+0200: 533664,165: [ParNew: 287850K->8310K(314560K), 0,0118660 secs] 630407K->351772K(1013632K), 0,0120310 secs] [Times: user=0,07 sys=0,00, real=0,01 secs] 
2015-09-02T19:42:13.714+0200: 533721,890: [GC2015-09-02T19:42:13.714+0200: 533721,890: [ParNew: 287926K->5975K(314560K), 0,0104600 secs] 631388K->350376K(1013632K), 0,0106110 secs] [Times: user=0,05 sys=0,00, real=0,02 secs] 
2015-09-02T19:43:11.370+0200: 533779,547: [GC2015-09-02T19:43:11.370+0200: 533779,547: [ParNew: 285591K->6841K(314560K), 0,0095790 secs] 629992K->352174K(1013632K), 0,0096960 secs] [Times: user=0,06 sys=0,00, real=0,01 secs] 
2015-09-02T19:44:08.931+0200: 533837,107: [GC2015-09-02T19:44:08.931+0200: 533837,107: [ParNew: 286457K->6360K(314560K), 0,0086020 secs] 631790K->352525K(1013632K), 0,0087460 secs] [Times: user=0,07 sys=0,00, real=0,01 secs] 
2015-09-02T19:45:06.486+0200: 533894,662: [GC2015-09-02T19:45:06.486+0200: 533894,662: [ParNew: 285976K->6519K(314560K), 0,0090080 secs] 632141K->353181K(1013632K), 0,0091230 secs] [Times: user=0,07 sys=0,00, real=0,00 secs] 
2015-09-02T19:46:04.047+0200: 533952,224: [GC2015-09-02T19:46:04.047+0200: 533952,224: [ParNew: 286135K->6799K(314560K), 0,0096030 secs] 632797K->354547K(1013632K), 0,0097230 secs] [Times: user=0,09 sys=0,00, real=0,01 secs] 
2015-09-02T19:47:01.609+0200: 534009,785: [GC2015-09-02T19:47:01.609+0200: 534009,785: [ParNew: 286415K->8455K(314560K), 0,0080420 secs] 634163K->356803K(1013632K), 0,0081760 secs] [Times: user=0,06 sys=0,01, real=0,01 secs] 
2015-09-02T19:47:59.168+0200: 534067,345: [GC2015-09-02T19:47:59.168+0200: 534067,345: [ParNew: 288071K->6305K(314560K), 0,0071170 secs] 636419K->355167K(1013632K), 0,0072450 secs] [Times: user=0,04 sys=0,00, real=0,00 secs] 
2015-09-02T19:48:57.185+0200: 534125,361: [GC2015-09-02T19:48:57.185+0200: 534125,361: [ParNew: 285921K->8192K(314560K), 0,0095020 secs] 634783K->357607K(1013632K), 0,0096130 secs] [Times: user=0,08 sys=0,00, real=0,00 secs] 
2015-09-02T19:49:54.770+0200: 534182,946: [GC2015-09-02T19:49:54.770+0200: 534182,946: [ParNew: 287808K->8865K(314560K), 0,0107890 secs] 637223K->358922K(1013632K), 0,0109190 secs] [Times: user=0,06 sys=0,01, real=0,01 secs] 
2015-09-02T19:50:52.330+0200: 534240,506: [GC2015-09-02T19:50:52.330+0200: 534240,506: [ParNew: 288481K->9648K(314560K), 0,0106310 secs] 638538K->360547K(1013632K), 0,0107630 secs] [Times: user=0,08 sys=0,00, real=0,01 secs] 
2015-09-02T19:51:49.892+0200: 534298,069: [GC2015-09-02T19:51:49.892+0200: 534298,069: [ParNew: 289264K->9360K(314560K), 0,0110350 secs] 640163K->361170K(1013632K), 0,0111560 secs] [Times: user=0,08 sys=0,00, real=0,01 secs] 
2015-09-02T19:52:47.452+0200: 534355,628: [GC2015-09-02T19:52:47.452+0200: 534355,628: [ParNew: 288976K->10316K(314560K), 0,0114590 secs] 640786K->363047K(1013632K), 0,0115710 secs] [Times: user=0,08 sys=0,00, real=0,01 secs] 
2015-09-02T19:53:45.014+0200: 534413,191: [GC2015-09-02T19:53:45.014+0200: 534413,191: [ParNew: 289932K->8401K(314560K), 0,0124300 secs] 642663K->362087K(1013632K), 0,0125660 secs] [Times: user=0,09 sys=0,00, real=0,02 secs] 
2015-09-02T19:54:42.578+0200: 534470,755: [GC2015-09-02T19:54:42.578+0200: 534470,755: [ParNew: 288017K->8918K(314560K), 0,0110940 secs] 641703K->363624K(1013632K), 0,0112210 secs] [Times: user=0,09 sys=0,00, real=0,01 secs] 
2015-09-02T19:55:40.141+0200: 534528,317: [GC2015-09-02T19:55:40.141+0200: 534528,317: [ParNew: 288534K->8903K(314560K), 0,0110240 secs] 643240K->364619K(1013632K), 0,0111400 secs] [Times: user=0,08 sys=0,00, real=0,01 secs] 
2015-09-02T19:56:37.765+0200: 534585,941: [GC2015-09-02T19:56:37.765+0200: 534585,941: [ParNew: 288519K->9075K(314560K), 0,0109130 secs] 644235K->365729K(1013632K), 0,0110430 secs] [Times: user=0,07 sys=0,01, real=0,00 secs] 
2015-09-02T19:57:35.601+0200: 534643,778: [GC2015-09-02T19:57:35.601+0200: 534643,778: [ParNew: 288691K->8620K(314560K), 0,0102910 secs] 645345K->366197K(1013632K), 0,0104160 secs] [Times: user=0,07 sys=0,00, real=0,01 secs] 
2015-09-02T19:58:33.105+0200: 534701,281: [GC2015-09-02T19:58:33.105+0200: 534701,281: [ParNew: 288236K->9337K(314560K), 0,0099830 secs] 645813K->367836K(1013632K), 0,0101100 secs] [Times: user=0,07 sys=0,00, real=0,00 secs] 
2015-09-02T19:59:30.738+0200: 534758,914: [GC2015-09-02T19:59:30.738+0200: 534758,914: [ParNew: 288953K->8738K(314560K), 0,0105240 secs] 647452K->368157K(1013632K), 0,0106510 secs] [Times: user=0,08 sys=0,00, real=0,01 secs] 
2015-09-02T20:00:28.148+0200: 534816,324: [GC2015-09-02T20:00:28.148+0200: 534816,324: [ParNew: 288354K->9621K(314560K), 0,0111840 secs] 647773K->369986K(1013632K), 0,0113090 secs] [Times: user=0,09 sys=0,00, real=0,01 secs] 
2015-09-02T20:01:25.841+0200: 534874,017: [GC2015-09-02T20:01:25.841+0200: 534874,017: [ParNew: 289237K->8994K(314560K), 0,0135340 secs] 649602K->370288K(1013632K), 0,0136430 secs] [Times: user=0,08 sys=0,00, real=0,01 secs] 
2015-09-02T20:02:23.492+0200: 534931,669: [GC2015-09-02T20:02:23.492+0200: 534931,669: [ParNew: 288610K->9879K(314560K), 0,0120190 secs] 649904K->372169K(1013632K), 0,0121380 secs] [Times: user=0,08 sys=0,00, real=0,01 secs] 
2015-09-02T20:03:21.708+0200: 534989,884: [GC2015-09-02T20:03:21.708+0200: 534989,884: [ParNew: 289495K->9937K(314560K), 0,0116290 secs] 651785K->373256K(1013632K), 0,0117610 secs] [Times: user=0,09 sys=0,00, real=0,01 secs] 
2015-09-02T20:04:19.568+0200: 535047,745: [GC2015-09-02T20:04:19.568+0200: 535047,745: [ParNew: 289553K->9184K(314560K), 0,0118910 secs] 652872K->373448K(1013632K), 0,0120440 secs] [Times: user=0,07 sys=0,00, real=0,01 secs] 
2015-09-02T20:05:17.604+0200: 535105,781: [GC2015-09-02T20:05:17.604+0200: 535105,781: [ParNew: 288800K->7909K(314560K), 0,0119130 secs] 653064K->373110K(1013632K), 0,0120820 secs] [Times: user=0,07 sys=0,00, real=0,01 secs] 
2015-09-02T20:06:15.212+0200: 535163,388: [GC2015-09-02T20:06:15.212+0200: 535163,388: [ParNew: 287525K->8571K(314560K), 0,0108440 secs] 652726K->374702K(1013632K), 0,0109780 secs] [Times: user=0,10 sys=0,00, real=0,01 secs] 
2015-09-02T20:07:13.061+0200: 535221,238: [GC2015-09-02T20:07:13.061+0200: 535221,238: [ParNew: 288187K->8638K(314560K), 0,0088400 secs] 654318K->375701K(1013632K), 0,0089380 secs] [Times: user=0,06 sys=0,00, real=0,01 secs] 
2015-09-02T20:08:10.824+0200: 535279,001: [GC2015-09-02T20:08:10.824+0200: 535279,001: [ParNew: 288254K->9482K(314560K), 0,0118200 secs] 655317K->377474K(1013632K), 0,0119570 secs] [Times: user=0,06 sys=0,00, real=0,01 secs] 
2015-09-02T20:09:08.715+0200: 535336,892: [GC2015-09-02T20:09:08.715+0200: 535336,892: [ParNew: 289098K->8887K(314560K), 0,0116280 secs] 657090K->377818K(1013632K), 0,0117490 secs] [Times: user=0,08 sys=0,00, real=0,02 secs] 
2015-09-02T20:10:06.332+0200: 535394,509: [GC2015-09-02T20:10:06.332+0200: 535394,509: [ParNew: 288503K->9770K(314560K), 0,0105890 secs] 657434K->379650K(1013632K), 0,0107550 secs] [Times: user=0,08 sys=0,01, real=0,01 secs] 
2015-09-02T20:11:03.991+0200: 535452,167: [GC2015-09-02T20:11:03.991+0200: 535452,167: [ParNew: 289386K->9132K(314560K), 0,0167280 secs] 659266K->380028K(1013632K), 0,0168490 secs] [Times: user=0,12 sys=0,00, real=0,02 secs] 
2015-09-02T20:12:01.996+0200: 535510,173: [GC2015-09-02T20:12:01.996+0200: 535510,173: [ParNew: 288748K->9923K(314560K), 0,0139220 secs] 659644K->381825K(1013632K), 0,0140360 secs] [Times: user=0,07 sys=0,00, real=0,02 secs] 
2015-09-02T20:13:00.033+0200: 535568,210: [GC2015-09-02T20:13:00.033+0200: 535568,210: [ParNew: 289539K->9961K(314560K), 0,0192180 secs] 661441K->382796K(1013632K), 0,0193490 secs] [Times: user=0,10 sys=0,00, real=0,02 secs] 
2015-09-02T20:13:57.661+0200: 535625,837: [GC2015-09-02T20:13:57.661+0200: 535625,837: [ParNew: 289577K->7773K(314560K), 0,0126550 secs] 662412K->381549K(1013632K), 0,0127700 secs] [Times: user=0,08 sys=0,00, real=0,01 secs] 
2015-09-02T20:14:55.222+0200: 535683,399: [GC2015-09-02T20:14:55.222+0200: 535683,399: [ParNew: 287389K->8491K(314560K), 0,0104480 secs] 661165K->383209K(1013632K), 0,0105840 secs] [Times: user=0,07 sys=0,00, real=0,01 secs] 
2015-09-02T20:15:52.847+0200: 535741,023: [GC2015-09-02T20:15:52.847+0200: 535741,023: [ParNew: 288107K->10646K(314560K), 0,0113250 secs] 662825K->386300K(1013632K), 0,0114450 secs] [Times: user=0,09 sys=0,00, real=0,01 secs] 
2015-09-02T20:16:50.336+0200: 535798,513: [GC2015-09-02T20:16:50.336+0200: 535798,513: [ParNew: 290262K->8182K(314560K), 0,0125330 secs] 665916K->384765K(1013632K), 0,0126740 secs] [Times: user=0,08 sys=0,00, real=0,01 secs] 
2015-09-02T20:17:48.105+0200: 535856,281: [GC2015-09-02T20:17:48.105+0200: 535856,281: [ParNew: 287798K->9462K(314560K), 0,0114870 secs] 664381K->386990K(1013632K), 0,0116130 secs] [Times: user=0,06 sys=0,01, real=0,01 secs] 
2015-09-02T20:18:45.946+0200: 535914,123: [GC2015-09-02T20:18:45.946+0200: 535914,123: [ParNew: 289078K->8847K(314560K), 0,0107070 secs] 666606K->387343K(1013632K), 0,0108380 secs] [Times: user=0,07 sys=0,00, real=0,01 secs] 
2015-09-02T20:19:43.818+0200: 535971,994: [GC2015-09-02T20:19:43.818+0200: 535971,994: [ParNew: 288463K->9085K(314560K), 0,0115880 secs] 666959K->388606K(1013632K), 0,0117170 secs] [Times: user=0,09 sys=0,00, real=0,01 secs] 
2015-09-02T20:20:41.558+0200: 536029,735: [GC2015-09-02T20:20:41.558+0200: 536029,735: [ParNew: 288701K->10671K(314560K), 0,0129390 secs] 668222K->391219K(1013632K), 0,0130880 secs] [Times: user=0,08 sys=0,00, real=0,01 secs] 
2015-09-02T20:21:39.474+0200: 536087,651: [GC2015-09-02T20:21:39.474+0200: 536087,651: [ParNew: 290287K->7635K(314560K), 0,0100200 secs] 670835K->389118K(1013632K), 0,0101390 secs] [Times: user=0,08 sys=0,00, real=0,01 secs] 
2015-09-02T20:22:36.882+0200: 536145,058: [GC2015-09-02T20:22:36.882+0200: 536145,058: [ParNew: 287251K->9115K(314560K), 0,0104480 secs] 668734K->391528K(1013632K), 0,0105760 secs] [Times: user=0,08 sys=0,00, real=0,01 secs] 
2015-09-02T20:23:34.718+0200: 536202,894: [GC2015-09-02T20:23:34.718+0200: 536202,894: [ParNew: 288731K->9146K(314560K), 0,0115490 secs] 671144K->392483K(1013632K), 0,0116590 secs] [Times: user=0,09 sys=0,00, real=0,01 secs] 
2015-09-02T20:24:32.552+0200: 536260,729: [GC2015-09-02T20:24:32.552+0200: 536260,729: [ParNew: 288762K->8715K(314560K), 0,0110780 secs] 672099K->392983K(1013632K), 0,0112030 secs] [Times: user=0,08 sys=0,00, real=0,01 secs] 
2015-09-02T20:25:30.331+0200: 536318,508: [GC2015-09-02T20:25:30.331+0200: 536318,508: [ParNew: 288331K->8868K(314560K), 0,0109160 secs] 672599K->394075K(1013632K), 0,0110350 secs] [Times: user=0,09 sys=0,00, real=0,01 secs] 
2015-09-02T20:26:28.105+0200: 536376,281: [GC2015-09-02T20:26:28.105+0200: 536376,281: [ParNew: 288484K->8991K(314560K), 0,0102240 secs] 673691K->395142K(1013632K), 0,0103470 secs] [Times: user=0,07 sys=0,00, real=0,00 secs] 
2015-09-02T20:27:25.945+0200: 536434,122: [GC2015-09-02T20:27:25.945+0200: 536434,122: [ParNew: 288607K->10629K(314560K), 0,0130130 secs] 674758K->397779K(1013632K), 0,0131170 secs] [Times: user=0,10 sys=0,00, real=0,01 secs] 
2015-09-02T20:28:23.477+0200: 536491,654: [GC2015-09-02T20:28:23.477+0200: 536491,654: [ParNew: 290245K->9599K(314560K), 0,0116070 secs] 677395K->397779K(1013632K), 0,0117280 secs] [Times: user=0,09 sys=0,00, real=0,01 secs] 
2015-09-02T20:29:21.718+0200: 536549,895: [GC2015-09-02T20:29:21.718+0200: 536549,895: [ParNew: 289215K->7303K(314560K), 0,0104290 secs] 677395K->396424K(1013632K), 0,0105460 secs] [Times: user=0,06 sys=0,00, real=0,01 secs] 
2015-09-02T20:30:19.700+0200: 536607,877: [GC2015-09-02T20:30:19.700+0200: 536607,877: [ParNew: 286919K->7957K(314560K), 0,0105380 secs] 676040K->398002K(1013632K), 0,0106440 secs] [Times: user=0,07 sys=0,00, real=0,01 secs] 
2015-09-02T20:31:17.670+0200: 536665,847: [GC2015-09-02T20:31:17.670+0200: 536665,847: [ParNew: 287573K->8736K(314560K), 0,0138800 secs] 677618K->399712K(1013632K), 0,0140240 secs] [Times: user=0,07 sys=0,00, real=0,01 secs] 
2015-09-02T20:32:15.305+0200: 536723,481: [GC2015-09-02T20:32:15.305+0200: 536723,481: [ParNew: 288352K->5923K(314560K), 0,0097300 secs] 679328K->397837K(1013632K), 0,0098810 secs] [Times: user=0,07 sys=0,00, real=0,00 secs] 
2015-09-02T20:33:12.844+0200: 536781,021: [GC2015-09-02T20:33:12.844+0200: 536781,021: [ParNew: 285539K->7190K(314560K), 0,0086930 secs] 677453K->400069K(1013632K), 0,0087920 secs] [Times: user=0,06 sys=0,00, real=0,00 secs] 
2015-09-02T20:34:10.805+0200: 536838,982: [GC2015-09-02T20:34:10.805+0200: 536838,982: [ParNew: 286806K->5350K(314560K), 0,0080320 secs] 679685K->398941K(1013632K), 0,0081570 secs] [Times: user=0,06 sys=0,00, real=0,00 secs] 
2015-09-02T20:35:08.105+0200: 536896,281: [GC2015-09-02T20:35:08.105+0200: 536896,281: [ParNew: 284966K->6846K(314560K), 0,0123040 secs] 678557K->400951K(1013632K), 0,0124200 secs] [Times: user=0,08 sys=0,00, real=0,01 secs] 
2015-09-02T20:36:05.478+0200: 536953,655: [GC2015-09-02T20:36:05.478+0200: 536953,655: [ParNew: 286462K->6394K(314560K), 0,0089100 secs] 680567K->401167K(1013632K), 0,0090140 secs] [Times: user=0,06 sys=0,00, real=0,01 secs] 
2015-09-02T20:37:03.105+0200: 537011,281: [GC2015-09-02T20:37:03.105+0200: 537011,281: [ParNew: 286010K->8166K(314560K), 0,0073350 secs] 680783K->403537K(1013632K), 0,0074840 secs] [Times: user=0,04 sys=0,01, real=0,00 secs] 
2015-09-02T20:38:00.540+0200: 537068,717: [GC2015-09-02T20:38:00.540+0200: 537068,717: [ParNew: 287782K->8236K(314560K), 0,0082600 secs] 683153K->404147K(1013632K), 0,0083720 secs] [Times: user=0,06 sys=0,00, real=0,01 secs] 
2015-09-02T20:38:58.105+0200: 537126,281: [GC2015-09-02T20:38:58.105+0200: 537126,281: [ParNew: 287852K->8144K(314560K), 0,0102410 secs] 683763K->404665K(1013632K), 0,0103630 secs] [Times: user=0,08 sys=0,00, real=0,00 secs] 
2015-09-02T20:39:55.652+0200: 537183,829: [GC2015-09-02T20:39:55.652+0200: 537183,829: [ParNew: 287760K->10282K(314560K), 0,0111340 secs] 684281K->407614K(1013632K), 0,0112610 secs] [Times: user=0,10 sys=0,00, real=0,01 secs] 
2015-09-02T20:40:53.216+0200: 537241,393: [GC2015-09-02T20:40:53.216+0200: 537241,393: [ParNew: 289898K->7063K(314560K), 0,0097820 secs] 687230K->405273K(1013632K), 0,0099220 secs] [Times: user=0,06 sys=0,00, real=0,02 secs] 
2015-09-02T20:41:50.676+0200: 537298,852: [GC2015-09-02T20:41:50.676+0200: 537298,852: [ParNew: 286679K->8075K(314560K), 0,0107300 secs] 684889K->407199K(1013632K), 0,0108610 secs] [Times: user=0,08 sys=0,00, real=0,02 secs] 
2015-09-02T20:42:48.615+0200: 537356,791: [GC2015-09-02T20:42:48.615+0200: 537356,792: [ParNew: 287691K->7598K(314560K), 0,0123970 secs] 686815K->407636K(1013632K), 0,0125220 secs] [Times: user=0,08 sys=0,00, real=0,02 secs] 
2015-09-02T20:43:46.373+0200: 537414,550: [GC2015-09-02T20:43:46.373+0200: 537414,550: [ParNew: 287214K->6037K(314560K), 0,0100870 secs] 687252K->407111K(1013632K), 0,0102110 secs] [Times: user=0,07 sys=0,00, real=0,01 secs] 
2015-09-02T20:44:44.136+0200: 537472,312: [GC2015-09-02T20:44:44.136+0200: 537472,312: [ParNew: 285653K->6633K(314560K), 0,0092800 secs] 686727K->408278K(1013632K), 0,0094170 secs] [Times: user=0,08 sys=0,00, real=0,02 secs] 
2015-09-02T20:45:41.895+0200: 537530,072: [GC2015-09-02T20:45:41.895+0200: 537530,072: [ParNew: 286249K->6249K(314560K), 0,0099280 secs] 687894K->408974K(1013632K), 0,0100400 secs] [Times: user=0,09 sys=0,00, real=0,02 secs] 
2015-09-02T20:46:39.438+0200: 537587,615: [GC2015-09-02T20:46:39.438+0200: 537587,615: [ParNew: 285865K->6747K(314560K), 0,0095030 secs] 688590K->409968K(1013632K), 0,0096300 secs] [Times: user=0,06 sys=0,00, real=0,01 secs] 
2015-09-02T20:47:37.091+0200: 537645,267: [GC2015-09-02T20:47:37.091+0200: 537645,267: [ParNew: 286363K->7270K(314560K), 0,0079080 secs] 689584K->410999K(1013632K), 0,0080250 secs] [Times: user=0,06 sys=0,00, real=0,01 secs] 
2015-09-02T20:48:34.646+0200: 537702,822: [GC2015-09-02T20:48:34.646+0200: 537702,822: [ParNew: 286886K->9665K(314560K), 0,0095380 secs] 690615K->413942K(1013632K), 0,0096580 secs] [Times: user=0,07 sys=0,00, real=0,00 secs] 
2015-09-02T20:49:32.584+0200: 537760,760: [GC2015-09-02T20:49:32.584+0200: 537760,761: [ParNew: 289281K->7275K(314560K), 0,0097910 secs] 693558K->412197K(1013632K), 0,0099020 secs] [Times: user=0,08 sys=0,00, real=0,01 secs] 
2015-09-02T20:50:30.122+0200: 537818,299: [GC2015-09-02T20:50:30.122+0200: 537818,299: [ParNew: 286891K->7704K(314560K), 0,0096920 secs] 691813K->413480K(1013632K), 0,0098170 secs] [Times: user=0,06 sys=0,00, real=0,01 secs] 
2015-09-02T20:51:27.810+0200: 537875,987: [GC2015-09-02T20:51:27.810+0200: 537875,987: [ParNew: 287320K->8586K(314560K), 0,0124430 secs] 693096K->415264K(1013632K), 0,0125560 secs] [Times: user=0,08 sys=0,00, real=0,01 secs] 
2015-09-02T20:52:25.376+0200: 537933,553: [GC2015-09-02T20:52:25.376+0200: 537933,553: [ParNew: 288202K->8183K(314560K), 0,0112500 secs] 694880K->415849K(1013632K), 0,0113970 secs] [Times: user=0,08 sys=0,01, real=0,02 secs] 
2015-09-02T20:53:22.847+0200: 537991,023: [GC2015-09-02T20:53:22.847+0200: 537991,023: [ParNew: 287799K->10547K(314560K), 0,0136790 secs] 695465K->419213K(1013632K), 0,0137930 secs] [Times: user=0,11 sys=0,00, real=0,01 secs] 
2015-09-02T20:54:20.487+0200: 538048,664: [GC2015-09-02T20:54:20.487+0200: 538048,664: [ParNew: 290163K->7556K(314560K), 0,0108600 secs] 698829K->417138K(1013632K), 0,0109840 secs] [Times: user=0,10 sys=0,00, real=0,01 secs] 
2015-09-02T20:55:18.105+0200: 538106,281: [GC2015-09-02T20:55:18.105+0200: 538106,281: [ParNew: 287172K->8940K(314560K), 0,0090790 secs] 696754K->419451K(1013632K), 0,0091820 secs] [Times: user=0,07 sys=0,00, real=0,00 secs] 
2015-09-02T20:56:15.598+0200: 538163,775: [GC2015-09-02T20:56:15.598+0200: 538163,775: [ParNew: 288556K->8265K(314560K), 0,0117030 secs] 699067K->419697K(1013632K), 0,0118300 secs] [Times: user=0,09 sys=0,00, real=0,01 secs] 
2015-09-02T20:57:13.105+0200: 538221,281: [GC2015-09-02T20:57:13.105+0200: 538221,282: [ParNew: 287881K->9226K(314560K), 0,0088410 secs] 699313K->421585K(1013632K), 0,0089800 secs] [Times: user=0,06 sys=0,00, real=0,00 secs] 
2015-09-02T20:58:10.715+0200: 538278,891: [GC2015-09-02T20:58:10.715+0200: 538278,891: [ParNew: 288842K->9414K(314560K), 0,0116620 secs] 701201K->422702K(1013632K), 0,0117850 secs] [Times: user=0,09 sys=0,00, real=0,02 secs] 
2015-09-02T20:59:08.279+0200: 538336,456: [GC2015-09-02T20:59:08.280+0200: 538336,456: [ParNew: 289030K->9574K(314560K), 0,0122980 secs] 702318K->423780K(1013632K), 0,0124400 secs] [Times: user=0,07 sys=0,00, real=0,01 secs] 
2015-09-02T21:00:05.843+0200: 538394,019: [GC2015-09-02T21:00:05.843+0200: 538394,020: [ParNew: 289190K->10458K(314560K), 0,0113740 secs] 703396K->425579K(1013632K), 0,0114970 secs] [Times: user=0,10 sys=0,00, real=0,01 secs] 
2015-09-02T21:01:03.802+0200: 538451,978: [GC2015-09-02T21:01:03.802+0200: 538451,978: [ParNew: 290074K->7576K(314560K), 0,0119800 secs] 705195K->423721K(1013632K), 0,0121260 secs] [Times: user=0,10 sys=0,00, real=0,01 secs] 
2015-09-02T21:02:01.452+0200: 538509,629: [GC2015-09-02T21:02:01.452+0200: 538509,629: [ParNew: 287192K->8972K(314560K), 0,0108240 secs] 703337K->426135K(1013632K), 0,0109360 secs] [Times: user=0,09 sys=0,00, real=0,01 secs] 
2015-09-02T21:02:59.308+0200: 538567,484: [GC2015-09-02T21:02:59.308+0200: 538567,484: [ParNew: 288588K->8936K(314560K), 0,0099470 secs] 705751K->427038K(1013632K), 0,0100500 secs] [Times: user=0,08 sys=0,00, real=0,01 secs] 
2015-09-02T21:03:57.071+0200: 538625,248: [GC2015-09-02T21:03:57.071+0200: 538625,248: [ParNew: 288552K->8570K(314560K), 0,0109480 secs] 706654K->427612K(1013632K), 0,0110670 secs] [Times: user=0,07 sys=0,00, real=0,01 secs] 
2015-09-02T21:04:54.733+0200: 538682,910: [GC2015-09-02T21:04:54.733+0200: 538682,910: [ParNew: 288186K->8577K(314560K), 0,0117450 secs] 707228K->428532K(1013632K), 0,0118930 secs] [Times: user=0,09 sys=0,00, real=0,02 secs] 
2015-09-02T21:05:52.585+0200: 538740,761: [GC2015-09-02T21:05:52.585+0200: 538740,761: [ParNew: 288193K->7980K(314560K), 0,0112740 secs] 708148K->428878K(1013632K), 0,0113970 secs] [Times: user=0,08 sys=0,00, real=0,00 secs] 
2015-09-02T21:06:50.228+0200: 538798,405: [GC2015-09-02T21:06:50.228+0200: 538798,405: [ParNew: 287596K->8830K(314560K), 0,0099330 secs] 708494K->430648K(1013632K), 0,0100290 secs] [Times: user=0,06 sys=0,00, real=0,01 secs] 
2015-09-02T21:07:47.784+0200: 538855,961: [GC2015-09-02T21:07:47.784+0200: 538855,961: [ParNew: 288446K->8960K(314560K), 0,0133940 secs] 710264K->431713K(1013632K), 0,0134880 secs] [Times: user=0,10 sys=0,00, real=0,02 secs] 
2015-09-02T21:08:45.350+0200: 538913,526: [GC2015-09-02T21:08:45.350+0200: 538913,526: [ParNew: 288576K->9080K(314560K), 0,0115680 secs] 711329K->432806K(1013632K), 0,0116900 secs] [Times: user=0,08 sys=0,00, real=0,01 secs] 
2015-09-02T21:09:42.847+0200: 538971,023: [GC2015-09-02T21:09:42.847+0200: 538971,023: [ParNew: 288696K->9177K(314560K), 0,0122120 secs] 712422K->433934K(1013632K), 0,0123270 secs] [Times: user=0,08 sys=0,00, real=0,01 secs] 
2015-09-02T21:10:40.461+0200: 539028,637: [GC2015-09-02T21:10:40.461+0200: 539028,637: [ParNew: 288793K->9970K(314560K), 0,0123510 secs] 713550K->435757K(1013632K), 0,0124930 secs] [Times: user=0,10 sys=0,00, real=0,01 secs] 
2015-09-02T21:11:37.924+0200: 539086,100: [GC2015-09-02T21:11:37.924+0200: 539086,100: [ParNew: 289586K->6902K(314560K), 0,0103490 secs] 715373K->433630K(1013632K), 0,0104760 secs] [Times: user=0,09 sys=0,00, real=0,01 secs] 
2015-09-02T21:12:35.574+0200: 539143,750: [GC2015-09-02T21:12:35.574+0200: 539143,750: [ParNew: 286518K->7969K(314560K), 0,0105710 secs] 713246K->435622K(1013632K), 0,0106790 secs] [Times: user=0,07 sys=0,00, real=0,01 secs] 
2015-09-02T21:13:33.105+0200: 539201,281: [GC2015-09-02T21:13:33.105+0200: 539201,281: [ParNew: 287585K->8665K(314560K), 0,0118890 secs] 715238K->437247K(1013632K), 0,0120180 secs] [Times: user=0,07 sys=0,00, real=0,01 secs] 
2015-09-02T21:14:30.687+0200: 539258,864: [GC2015-09-02T21:14:30.687+0200: 539258,864: [ParNew: 288281K->8028K(314560K), 0,0117270 secs] 716863K->437557K(1013632K), 0,0118620 secs] [Times: user=0,09 sys=0,00, real=0,01 secs] 
2015-09-02T21:15:28.248+0200: 539316,424: [GC2015-09-02T21:15:28.248+0200: 539316,424: [ParNew: 287644K->9583K(314560K), 0,0116040 secs] 717173K->440059K(1013632K), 0,0117270 secs] [Times: user=0,08 sys=0,00, real=0,01 secs] 
2015-09-02T21:16:25.812+0200: 539373,988: [GC2015-09-02T21:16:25.812+0200: 539373,988: [ParNew: 289199K->9691K(314560K), 0,0111530 secs] 719675K->441103K(1013632K), 0,0112740 secs] [Times: user=0,07 sys=0,00, real=0,01 secs] 
2015-09-02T21:17:23.374+0200: 539431,551: [GC2015-09-02T21:17:23.374+0200: 539431,551: [ParNew: 289307K->9042K(314560K), 0,0109640 secs] 720719K->441449K(1013632K), 0,0110930 secs] [Times: user=0,08 sys=0,00, real=0,02 secs] 
2015-09-02T21:18:20.935+0200: 539489,112: [GC2015-09-02T21:18:20.935+0200: 539489,112: [ParNew: 288658K->8330K(314560K), 0,0108100 secs] 721065K->441753K(1013632K), 0,0109390 secs] [Times: user=0,09 sys=0,00, real=0,02 secs] 
2015-09-02T21:19:18.699+0200: 539546,876: [GC2015-09-02T21:19:18.699+0200: 539546,876: [ParNew: 287946K->8332K(314560K), 0,0109840 secs] 721369K->442687K(1013632K), 0,0111020 secs] [Times: user=0,09 sys=0,00, real=0,01 secs] 
2015-09-02T21:20:16.536+0200: 539604,713: [GC2015-09-02T21:20:16.536+0200: 539604,713: [ParNew: 287948K->8539K(314560K), 0,0086460 secs] 722303K->443816K(1013632K), 0,0087230 secs] [Times: user=0,06 sys=0,00, real=0,02 secs] 
2015-09-02T21:21:14.568+0200: 539662,744: [GC2015-09-02T21:21:14.568+0200: 539662,744: [ParNew: 288155K->9229K(314560K), 0,0112270 secs] 723432K->445439K(1013632K), 0,0113390 secs] [Times: user=0,09 sys=0,00, real=0,01 secs] 
2015-09-02T21:22:12.149+0200: 539720,326: [GC2015-09-02T21:22:12.149+0200: 539720,326: [ParNew: 288845K->9351K(314560K), 0,0116050 secs] 725055K->446478K(1013632K), 0,0117140 secs] [Times: user=0,07 sys=0,00, real=0,01 secs] 
2015-09-02T21:23:09.709+0200: 539777,886: [GC2015-09-02T21:23:09.709+0200: 539777,886: [ParNew: 288967K->9513K(314560K), 0,0112090 secs] 726094K->447565K(1013632K), 0,0113500 secs] [Times: user=0,07 sys=0,00, real=0,01 secs] 
2015-09-02T21:24:07.546+0200: 539835,722: [GC2015-09-02T21:24:07.546+0200: 539835,722: [ParNew: 289129K->9652K(314560K), 0,0109080 secs] 727181K->448624K(1013632K), 0,0110410 secs] [Times: user=0,07 sys=0,00, real=0,01 secs] 
2015-09-02T21:25:05.321+0200: 539893,498: [GC2015-09-02T21:25:05.321+0200: 539893,498: [ParNew: 289268K->10586K(314560K), 0,0114330 secs] 728240K->450503K(1013632K), 0,0115500 secs] [Times: user=0,07 sys=0,00, real=0,01 secs] 
2015-09-02T21:26:02.847+0200: 539951,023: [GC2015-09-02T21:26:02.847+0200: 539951,023: [ParNew: 290202K->7644K(314560K), 0,0138980 secs] 730119K->448592K(1013632K), 0,0140150 secs] [Times: user=0,08 sys=0,00, real=0,01 secs] 
2015-09-02T21:27:00.428+0200: 540008,604: [GC2015-09-02T21:27:00.428+0200: 540008,604: [ParNew: 287260K->10442K(314560K), 0,0118730 secs] 728208K->452431K(1013632K), 0,0120040 secs] [Times: user=0,09 sys=0,00, real=0,01 secs] 
2015-09-02T21:27:57.816+0200: 540065,992: [GC2015-09-02T21:27:57.816+0200: 540065,992: [ParNew: 290058K->7399K(314560K), 0,0109790 secs] 732047K->450329K(1013632K), 0,0111010 secs] [Times: user=0,09 sys=0,00, real=0,02 secs] 
2015-09-02T21:28:55.746+0200: 540123,923: [GC2015-09-02T21:28:55.746+0200: 540123,923: [ParNew: 287015K->8463K(314560K), 0,0113790 secs] 729945K->452315K(1013632K), 0,0115150 secs] [Times: user=0,09 sys=0,00, real=0,01 secs] 
2015-09-02T21:29:53.292+0200: 540181,468: [GC2015-09-02T21:29:53.292+0200: 540181,468: [ParNew: 288079K->8746K(314560K), 0,0098410 secs] 731931K->453552K(1013632K), 0,0099640 secs] [Times: user=0,08 sys=0,00, real=0,01 secs] 
2015-09-02T21:30:50.842+0200: 540239,019: [GC2015-09-02T21:30:50.843+0200: 540239,019: [ParNew: 288362K->7725K(314560K), 0,0109020 secs] 733168K->453464K(1013632K), 0,0110170 secs] [Times: user=0,08 sys=0,00, real=0,01 secs] 
2015-09-02T21:31:48.393+0200: 540296,569: [GC2015-09-02T21:31:48.393+0200: 540296,569: [ParNew: 287341K->7245K(314560K), 0,0107440 secs] 733080K->453922K(1013632K), 0,0108620 secs] [Times: user=0,08 sys=0,00, real=0,01 secs] 
2015-09-02T21:32:45.910+0200: 540354,086: [GC2015-09-02T21:32:45.910+0200: 540354,086: [ParNew: 286861K->6706K(314560K), 0,0095810 secs] 733538K->454336K(1013632K), 0,0097220 secs] [Times: user=0,06 sys=0,00, real=0,01 secs] 
2015-09-02T21:33:43.801+0200: 540411,978: [GC2015-09-02T21:33:43.802+0200: 540411,978: [ParNew: 286322K->6125K(314560K), 0,0091550 secs] 733952K->454736K(1013632K), 0,0092760 secs] [Times: user=0,06 sys=0,00, real=0,01 secs] 
2015-09-02T21:34:41.695+0200: 540469,871: [GC2015-09-02T21:34:41.695+0200: 540469,871: [ParNew: 285741K->6511K(314560K), 0,0086380 secs] 734352K->455693K(1013632K), 0,0087810 secs] [Times: user=0,07 sys=0,00, real=0,01 secs] 
2015-09-02T21:35:39.412+0200: 540527,589: [GC2015-09-02T21:35:39.412+0200: 540527,589: [ParNew: 286127K->6698K(314560K), 0,0085840 secs] 735309K->456538K(1013632K), 0,0087090 secs] [Times: user=0,07 sys=0,00, real=0,01 secs] 
2015-09-02T21:36:36.971+0200: 540585,148: [GC2015-09-02T21:36:36.971+0200: 540585,148: [ParNew: 286314K->7177K(314560K), 0,0083220 secs] 736154K->457523K(1013632K), 0,0084470 secs] [Times: user=0,05 sys=0,00, real=0,01 secs] 
2015-09-02T21:37:34.532+0200: 540642,709: [GC2015-09-02T21:37:34.532+0200: 540642,709: [ParNew: 286793K->7809K(314560K), 0,0121080 secs] 737139K->458670K(1013632K), 0,0122230 secs] [Times: user=0,08 sys=0,01, real=0,02 secs] 
2015-09-02T21:38:32.095+0200: 540700,271: [GC2015-09-02T21:38:32.095+0200: 540700,271: [ParNew: 287425K->7861K(314560K), 0,0080580 secs] 738286K->459266K(1013632K), 0,0081670 secs] [Times: user=0,06 sys=0,00, real=0,01 secs] 
2015-09-02T21:39:30.017+0200: 540758,193: [GC2015-09-02T21:39:30.017+0200: 540758,193: [ParNew: 287477K->8145K(314560K), 0,0089390 secs] 738882K->460184K(1013632K), 0,0090770 secs] [Times: user=0,07 sys=0,00, real=0,01 secs] 
2015-09-02T21:40:27.703+0200: 540815,879: [GC2015-09-02T21:40:27.703+0200: 540815,879: [ParNew: 287761K->8981K(314560K), 0,0101610 secs] 739800K->461881K(1013632K), 0,0102590 secs] [Times: user=0,07 sys=0,00, real=0,01 secs] 
2015-09-02T21:41:25.671+0200: 540873,847: [GC2015-09-02T21:41:25.671+0200: 540873,847: [ParNew: 288597K->7138K(314560K), 0,0093860 secs] 741497K->460971K(1013632K), 0,0095020 secs] [Times: user=0,07 sys=0,00, real=0,01 secs] 
2015-09-02T21:42:23.105+0200: 540931,281: [GC2015-09-02T21:42:23.105+0200: 540931,281: [ParNew: 286754K->6854K(314560K), 0,0088680 secs] 740587K->461661K(1013632K), 0,0089930 secs] [Times: user=0,07 sys=0,00, real=0,00 secs] 
2015-09-02T21:43:20.865+0200: 540989,042: [GC2015-09-02T21:43:20.866+0200: 540989,042: [ParNew: 286470K->6411K(314560K), 0,0101240 secs] 741277K->462221K(1013632K), 0,0102740 secs] [Times: user=0,07 sys=0,00, real=0,00 secs] 
2015-09-02T21:44:18.423+0200: 541046,600: [GC2015-09-02T21:44:18.423+0200: 541046,600: [ParNew: 286027K->5309K(314560K), 0,0094720 secs] 741837K->461886K(1013632K), 0,0095870 secs] [Times: user=0,06 sys=0,00, real=0,01 secs] 
2015-09-02T21:45:16.370+0200: 541104,546: [GC2015-09-02T21:45:16.370+0200: 541104,546: [ParNew: 284925K->6553K(314560K), 0,0086070 secs] 741502K->463613K(1013632K), 0,0087350 secs] [Times: user=0,06 sys=0,00, real=0,01 secs] 
2015-09-02T21:46:14.032+0200: 541162,209: [GC2015-09-02T21:46:14.032+0200: 541162,209: [ParNew: 286169K->6811K(314560K), 0,0089870 secs] 743229K->464863K(1013632K), 0,0091220 secs] [Times: user=0,07 sys=0,00, real=0,01 secs] 
2015-09-02T21:47:12.025+0200: 541220,201: [GC2015-09-02T21:47:12.025+0200: 541220,201: [ParNew: 286427K->6878K(314560K), 0,0089460 secs] 744479K->465430K(1013632K), 0,0090570 secs] [Times: user=0,06 sys=0,00, real=0,00 secs] 
2015-09-02T21:48:09.649+0200: 541277,825: [GC2015-09-02T21:48:09.649+0200: 541277,825: [ParNew: 286494K->8083K(314560K), 0,0097440 secs] 745046K->467155K(1013632K), 0,0098840 secs] [Times: user=0,07 sys=0,00, real=0,01 secs] 
2015-09-02T21:49:07.482+0200: 541335,658: [GC2015-09-02T21:49:07.482+0200: 541335,658: [ParNew: 287699K->10167K(314560K), 0,0093540 secs] 746771K->469796K(1013632K), 0,0094610 secs] [Times: user=0,07 sys=0,00, real=0,01 secs] 
2015-09-02T21:50:05.262+0200: 541393,438: [GC2015-09-02T21:50:05.262+0200: 541393,438: [ParNew: 289783K->7243K(314560K), 0,0111920 secs] 749412K->467533K(1013632K), 0,0113180 secs] [Times: user=0,09 sys=0,00, real=0,01 secs] 
2015-09-02T21:51:02.701+0200: 541450,878: [GC2015-09-02T21:51:02.701+0200: 541450,878: [ParNew: 286859K->8753K(314560K), 0,0142250 secs] 747149K->470036K(1013632K), 0,0143640 secs] [Times: user=0,08 sys=0,00, real=0,01 secs] 
2015-09-02T21:52:00.374+0200: 541508,550: [GC2015-09-02T21:52:00.374+0200: 541508,550: [ParNew: 288369K->9569K(314560K), 0,0104830 secs] 749652K->471859K(1013632K), 0,0105990 secs] [Times: user=0,07 sys=0,00, real=0,01 secs] 
2015-09-02T21:52:58.105+0200: 541566,281: [GC2015-09-02T21:52:58.105+0200: 541566,281: [ParNew: 289185K->6762K(314560K), 0,0094850 secs] 751475K->469968K(1013632K), 0,0095970 secs] [Times: user=0,07 sys=0,00, real=0,00 secs] 
2015-09-02T21:53:55.884+0200: 541624,061: [GC2015-09-02T21:53:55.884+0200: 541624,061: [ParNew: 286378K->8555K(314560K), 0,0107270 secs] 749584K->472690K(1013632K), 0,0108480 secs] [Times: user=0,08 sys=0,00, real=0,01 secs] 
2015-09-02T21:54:53.826+0200: 541682,003: [GC2015-09-02T21:54:53.826+0200: 541682,003: [ParNew: 288171K->8540K(314560K), 0,0110560 secs] 752306K->473609K(1013632K), 0,0111730 secs] [Times: user=0,09 sys=0,00, real=0,01 secs] 
2015-09-02T21:55:51.586+0200: 541739,763: [GC2015-09-02T21:55:51.586+0200: 541739,763: [ParNew: 288156K->8647K(314560K), 0,0118350 secs] 753225K->474639K(1013632K), 0,0119580 secs] [Times: user=0,09 sys=0,00, real=0,01 secs] 
2015-09-02T21:56:49.483+0200: 541797,660: [GC2015-09-02T21:56:49.483+0200: 541797,660: [ParNew: 288263K->9507K(314560K), 0,0117890 secs] 754255K->476418K(1013632K), 0,0119090 secs] [Times: user=0,08 sys=0,00, real=0,01 secs] 
2015-09-02T21:57:46.983+0200: 541855,160: [GC2015-09-02T21:57:46.984+0200: 541855,160: [ParNew: 289123K->9664K(314560K), 0,0177050 secs] 756034K->477489K(1013632K), 0,0178170 secs] [Times: user=0,11 sys=0,00, real=0,02 secs] 
2015-09-02T21:58:44.754+0200: 541912,931: [GC2015-09-02T21:58:44.754+0200: 541912,931: [ParNew: 289280K->9846K(314560K), 0,0121900 secs] 757105K->478641K(1013632K), 0,0123090 secs] [Times: user=0,08 sys=0,00, real=0,02 secs] 
2015-09-02T21:59:42.715+0200: 541970,892: [GC2015-09-02T21:59:42.715+0200: 541970,892: [ParNew: 289462K->9958K(314560K), 0,0101280 secs] 758257K->479775K(1013632K), 0,0102240 secs] [Times: user=0,08 sys=0,00, real=0,02 secs] 
2015-09-02T22:00:40.364+0200: 542028,541: [GC2015-09-02T22:00:40.364+0200: 542028,541: [ParNew: 289574K->9231K(314560K), 0,0120930 secs] 759391K->480085K(1013632K), 0,0122270 secs] [Times: user=0,08 sys=0,00, real=0,01 secs] 
2015-09-02T22:01:37.925+0200: 542086,102: [GC2015-09-02T22:01:37.926+0200: 542086,102: [ParNew: 288847K->7685K(314560K), 0,0115590 secs] 759701K->479471K(1013632K), 0,0116810 secs] [Times: user=0,06 sys=0,02, real=0,01 secs] 
2015-09-02T22:02:35.831+0200: 542144,007: [GC2015-09-02T22:02:35.831+0200: 542144,007: [ParNew: 287301K->8000K(314560K), 0,0105530 secs] 759087K->480721K(1013632K), 0,0106760 secs] [Times: user=0,10 sys=0,00, real=0,01 secs] 
2015-09-02T22:03:33.864+0200: 542202,041: [GC2015-09-02T22:03:33.864+0200: 542202,041: [ParNew: 287616K->8714K(314560K), 0,0107470 secs] 760337K->482382K(1013632K), 0,0108950 secs] [Times: user=0,07 sys=0,01, real=0,01 secs] 
2015-09-02T22:04:31.597+0200: 542259,773: [GC2015-09-02T22:04:31.597+0200: 542259,773: [ParNew: 288330K->9521K(314560K), 0,0117730 secs] 761998K->484129K(1013632K), 0,0118900 secs] [Times: user=0,08 sys=0,00, real=0,01 secs] 
2015-09-02T22:05:29.342+0200: 542317,518: [GC2015-09-02T22:05:29.342+0200: 542317,518: [ParNew: 289137K->9649K(314560K), 0,0111920 secs] 763745K->485203K(1013632K), 0,0113330 secs] [Times: user=0,07 sys=0,01, real=0,01 secs] 
2015-09-02T22:06:27.206+0200: 542375,383: [GC2015-09-02T22:06:27.206+0200: 542375,383: [ParNew: 289265K->9011K(314560K), 0,0105440 secs] 764819K->485497K(1013632K), 0,0106890 secs] [Times: user=0,08 sys=0,00, real=0,01 secs] 
2015-09-02T22:07:24.768+0200: 542432,945: [GC2015-09-02T22:07:24.768+0200: 542432,945: [ParNew: 288627K->9880K(314560K), 0,0123390 secs] 765113K->487365K(1013632K), 0,0124630 secs] [Times: user=0,07 sys=0,00, real=0,01 secs] 
2015-09-02T22:08:22.625+0200: 542490,802: [GC2015-09-02T22:08:22.625+0200: 542490,802: [ParNew: 289482K->9182K(314560K), 0,0107670 secs] 766967K->487705K(1013632K), 0,0109030 secs] [Times: user=0,07 sys=0,00, real=0,00 secs] 
2015-09-02T22:09:20.383+0200: 542548,559: [GC2015-09-02T22:09:20.383+0200: 542548,559: [ParNew: 288798K->8423K(314560K), 0,0106380 secs] 767321K->487880K(1013632K), 0,0107720 secs] [Times: user=0,09 sys=0,00, real=0,01 secs] 
2015-09-02T22:10:18.105+0200: 542606,281: [GC2015-09-02T22:10:18.105+0200: 542606,281: [ParNew: 288039K->8612K(314560K), 0,0098940 secs] 767496K->489010K(1013632K), 0,0100070 secs] [Times: user=0,07 sys=0,00, real=0,00 secs] 
2015-09-02T22:11:15.595+0200: 542663,771: [GC2015-09-02T22:11:15.595+0200: 542663,771: [ParNew: 288228K->8540K(314560K), 0,0104270 secs] 768626K->489868K(1013632K), 0,0105400 secs] [Times: user=0,09 sys=0,00, real=0,02 secs] 
2015-09-02T22:12:13.478+0200: 542721,654: [GC2015-09-02T22:12:13.478+0200: 542721,654: [ParNew: 288156K->9331K(314560K), 0,0122530 secs] 769484K->491581K(1013632K), 0,0124040 secs] [Times: user=0,09 sys=0,00, real=0,01 secs] 
2015-09-02T22:13:11.093+0200: 542779,270: [GC2015-09-02T22:13:11.093+0200: 542779,270: [ParNew: 288947K->10215K(314560K), 0,0110930 secs] 771197K->493410K(1013632K), 0,0112140 secs] [Times: user=0,07 sys=0,00, real=0,02 secs] 
2015-09-02T22:14:08.653+0200: 542836,830: [GC2015-09-02T22:14:08.653+0200: 542836,830: [ParNew: 289831K->7385K(314560K), 0,0111240 secs] 773026K->491513K(1013632K), 0,0112500 secs] [Times: user=0,08 sys=0,00, real=0,02 secs] 
2015-09-02T22:15:06.558+0200: 542894,734: [GC2015-09-02T22:15:06.558+0200: 542894,734: [ParNew: 287001K->8865K(314560K), 0,0123610 secs] 771129K->493926K(1013632K), 0,0124830 secs] [Times: user=0,08 sys=0,00, real=0,01 secs] 
2015-09-02T22:16:04.264+0200: 542952,440: [GC2015-09-02T22:16:04.264+0200: 542952,440: [ParNew: 288481K->8194K(314560K), 0,0121910 secs] 773542K->494265K(1013632K), 0,0123480 secs] [Times: user=0,10 sys=0,00, real=0,01 secs] 
2015-09-02T22:17:01.823+0200: 543009,999: [GC2015-09-02T22:17:01.823+0200: 543009,999: [ParNew: 287810K->10671K(314560K), 0,0134040 secs] 773881K->497757K(1013632K), 0,0135550 secs] [Times: user=0,07 sys=0,00, real=0,02 secs] 
2015-09-02T22:17:59.839+0200: 543068,016: [GC2015-09-02T22:17:59.839+0200: 543068,016: [ParNew: 290287K->7664K(314560K), 0,0106090 secs] 777373K->495700K(1013632K), 0,0107460 secs] [Times: user=0,10 sys=0,00, real=0,01 secs] 
2015-09-02T22:18:57.847+0200: 543126,023: [GC2015-09-02T22:18:57.847+0200: 543126,023: [ParNew: 287280K->8482K(314560K), 0,0120260 secs] 775316K->497463K(1013632K), 0,0121480 secs] [Times: user=0,08 sys=0,00, real=0,01 secs] 
2015-09-02T22:19:55.492+0200: 543183,668: [GC2015-09-02T22:19:55.492+0200: 543183,668: [ParNew: 288098K->8457K(314560K), 0,0115130 secs] 777079K->498376K(1013632K), 0,0116350 secs] [Times: user=0,09 sys=0,00, real=0,01 secs] 
2015-09-02T22:20:53.053+0200: 543241,230: [GC2015-09-02T22:20:53.053+0200: 543241,230: [ParNew: 288073K->9457K(314560K), 0,0093830 secs] 777992K->500309K(1013632K), 0,0094840 secs] [Times: user=0,07 sys=0,00, real=0,01 secs] 
2015-09-02T22:21:50.949+0200: 543299,126: [GC2015-09-02T22:21:50.949+0200: 543299,126: [ParNew: 289073K->8892K(314560K), 0,0108530 secs] 779925K->500683K(1013632K), 0,0109660 secs] [Times: user=0,08 sys=0,00, real=0,01 secs] 
2015-09-02T22:22:48.660+0200: 543356,836: [GC2015-09-02T22:22:48.660+0200: 543356,836: [ParNew: 288508K->9779K(314560K), 0,0105060 secs] 780299K->502508K(1013632K), 0,0106240 secs] [Times: user=0,10 sys=0,00, real=0,01 secs] 
2015-09-02T22:23:46.607+0200: 543414,783: [GC2015-09-02T22:23:46.607+0200: 543414,783: [ParNew: 289395K->8380K(314560K), 0,0122360 secs] 782124K->502091K(1013632K), 0,0123640 secs] [Times: user=0,09 sys=0,00, real=0,01 secs] 
2015-09-02T22:24:44.169+0200: 543472,345: [GC2015-09-02T22:24:44.169+0200: 543472,345: [ParNew: 287996K->9235K(314560K), 0,0099400 secs] 781707K->503990K(1013632K), 0,0100260 secs] [Times: user=0,07 sys=0,00, real=0,01 secs] 
2015-09-02T22:25:42.064+0200: 543530,241: [GC2015-09-02T22:25:42.064+0200: 543530,241: [ParNew: 288851K->10010K(314560K), 0,0112210 secs] 783606K->505810K(1013632K), 0,0113560 secs] [Times: user=0,06 sys=0,00, real=0,01 secs] 
2015-09-02T22:26:39.875+0200: 543588,051: [GC2015-09-02T22:26:39.875+0200: 543588,051: [ParNew: 289626K->8427K(314560K), 0,0107470 secs] 785426K->505159K(1013632K), 0,0108900 secs] [Times: user=0,09 sys=0,00, real=0,02 secs] 
2015-09-02T22:27:37.609+0200: 543645,785: [GC2015-09-02T22:27:37.609+0200: 543645,785: [ParNew: 288043K->10143K(314560K), 0,0124690 secs] 784775K->507814K(1013632K), 0,0125890 secs] [Times: user=0,10 sys=0,00, real=0,01 secs] 
2015-09-02T22:28:36.000+0200: 543704,177: [GC2015-09-02T22:28:36.000+0200: 543704,177: [ParNew: 289759K->7965K(314560K), 0,0121090 secs] 787430K->506562K(1013632K), 0,0122200 secs] [Times: user=0,10 sys=0,00, real=0,01 secs] 
2015-09-02T22:29:33.960+0200: 543762,137: [GC2015-09-02T22:29:33.961+0200: 543762,137: [ParNew: 287581K->7002K(314560K), 0,0105000 secs] 786178K->506555K(1013632K), 0,0106250 secs] [Times: user=0,08 sys=0,00, real=0,01 secs] 
2015-09-02T22:30:31.620+0200: 543819,797: [GC2015-09-02T22:30:31.621+0200: 543819,797: [ParNew: 286618K->6594K(314560K), 0,0107720 secs] 786171K->507086K(1013632K), 0,0108870 secs] [Times: user=0,08 sys=0,00, real=0,01 secs] 
2015-09-02T22:31:29.618+0200: 543877,795: [GC2015-09-02T22:31:29.618+0200: 543877,795: [ParNew: 286210K->7592K(314560K), 0,0099910 secs] 786702K->509000K(1013632K), 0,0101550 secs] [Times: user=0,06 sys=0,01, real=0,01 secs] 
2015-09-02T22:32:27.631+0200: 543935,808: [GC2015-09-02T22:32:27.631+0200: 543935,808: [ParNew: 287208K->7066K(314560K), 0,0099940 secs] 788616K->509476K(1013632K), 0,0101260 secs] [Times: user=0,08 sys=0,00, real=0,01 secs] 
2015-09-02T22:33:25.291+0200: 543993,467: [GC2015-09-02T22:33:25.291+0200: 543993,467: [ParNew: 286682K->5872K(314560K), 0,0098650 secs] 789092K->509501K(1013632K), 0,0100070 secs] [Times: user=0,07 sys=0,00, real=0,01 secs] 
2015-09-02T22:34:23.105+0200: 544051,281: [GC2015-09-02T22:34:23.105+0200: 544051,281: [ParNew: 285488K->6117K(314560K), 0,0059570 secs] 789117K->510243K(1013632K), 0,0060880 secs] [Times: user=0,04 sys=0,01, real=0,00 secs] 
2015-09-02T22:35:21.118+0200: 544109,294: [GC2015-09-02T22:35:21.118+0200: 544109,294: [ParNew: 285733K->6602K(314560K), 0,0075510 secs] 789859K->511212K(1013632K), 0,0077040 secs] [Times: user=0,07 sys=0,00, real=0,01 secs] 
2015-09-02T22:36:18.955+0200: 544167,132: [GC2015-09-02T22:36:18.956+0200: 544167,132: [ParNew: 286218K->7656K(314560K), 0,0082380 secs] 790828K->512841K(1013632K), 0,0083470 secs] [Times: user=0,07 sys=0,00, real=0,01 secs] 
2015-09-02T22:37:16.714+0200: 544224,891: [GC2015-09-02T22:37:16.714+0200: 544224,891: [ParNew: 287272K->8424K(314560K), 0,0086950 secs] 792457K->514110K(1013632K), 0,0088230 secs] [Times: user=0,07 sys=0,00, real=0,01 secs] 
2015-09-02T22:38:14.568+0200: 544282,744: [GC2015-09-02T22:38:14.568+0200: 544282,744: [ParNew: 288040K->8703K(314560K), 0,0095390 secs] 793726K->514949K(1013632K), 0,0096700 secs] [Times: user=0,08 sys=0,00, real=0,01 secs] 
2015-09-02T22:39:12.415+0200: 544340,591: [GC2015-09-02T22:39:12.415+0200: 544340,591: [ParNew: 288319K->9240K(314560K), 0,0108840 secs] 794565K->516140K(1013632K), 0,0109990 secs] [Times: user=0,08 sys=0,00, real=0,02 secs] 
2015-09-02T22:40:10.376+0200: 544398,552: [GC2015-09-02T22:40:10.376+0200: 544398,552: [ParNew: 288856K->9435K(314560K), 0,0131920 secs] 795756K->517206K(1013632K), 0,0132970 secs] [Times: user=0,12 sys=0,00, real=0,02 secs] 
2015-09-02T22:41:08.105+0200: 544456,281: [GC2015-09-02T22:41:08.105+0200: 544456,281: [ParNew: 289051K->6749K(314560K), 0,0115410 secs] 796822K->515534K(1013632K), 0,0116770 secs] [Times: user=0,07 sys=0,00, real=0,01 secs] 
2015-09-02T22:42:05.986+0200: 544514,162: [GC2015-09-02T22:42:05.986+0200: 544514,163: [ParNew: 286365K->7150K(314560K), 0,0140840 secs] 795150K->516958K(1013632K), 0,0141950 secs] [Times: user=0,08 sys=0,00, real=0,01 secs] 
2015-09-02T22:43:03.917+0200: 544572,094: [GC2015-09-02T22:43:03.917+0200: 544572,094: [ParNew: 286766K->7329K(314560K), 0,0098280 secs] 796574K->518059K(1013632K), 0,0099400 secs] [Times: user=0,06 sys=0,00, real=0,01 secs] 
2015-09-02T22:44:01.794+0200: 544629,970: [GC2015-09-02T22:44:01.794+0200: 544629,971: [ParNew: 286945K->5533K(314560K), 0,0102160 secs] 797675K->517172K(1013632K), 0,0103620 secs] [Times: user=0,07 sys=0,00, real=0,02 secs] 
2015-09-02T22:44:59.773+0200: 544687,949: [GC2015-09-02T22:44:59.773+0200: 544687,949: [ParNew: 285149K->6992K(314560K), 0,0088310 secs] 796788K->519132K(1013632K), 0,0089480 secs] [Times: user=0,07 sys=0,00, real=0,01 secs] 
2015-09-02T22:45:57.500+0200: 544745,677: [GC2015-09-02T22:45:57.500+0200: 544745,677: [ParNew: 286608K->6305K(314560K), 0,0110750 secs] 798748K->519443K(1013632K), 0,0111970 secs] [Times: user=0,06 sys=0,00, real=0,01 secs] 
2015-09-02T22:46:55.428+0200: 544803,605: [GC2015-09-02T22:46:55.428+0200: 544803,605: [ParNew: 285921K->7524K(314560K), 0,0088250 secs] 799059K->521168K(1013632K), 0,0089380 secs] [Times: user=0,08 sys=0,00, real=0,01 secs] 
2015-09-02T22:47:53.105+0200: 544861,281: [GC2015-09-02T22:47:53.105+0200: 544861,281: [ParNew: 287140K->8181K(314560K), 0,0089260 secs] 800784K->522355K(1013632K), 0,0090420 secs] [Times: user=0,06 sys=0,00, real=0,00 secs] 
2015-09-02T22:48:51.082+0200: 544919,259: [GC2015-09-02T22:48:51.083+0200: 544919,259: [ParNew: 287797K->7669K(314560K), 0,0086360 secs] 801971K->522453K(1013632K), 0,0087560 secs] [Times: user=0,06 sys=0,00, real=0,01 secs] 
2015-09-02T22:49:49.114+0200: 544977,290: [GC2015-09-02T22:49:49.114+0200: 544977,290: [ParNew: 287285K->10343K(314560K), 0,0091230 secs] 802069K->525862K(1013632K), 0,0092200 secs] [Times: user=0,04 sys=0,01, real=0,01 secs] 
2015-09-02T22:50:47.146+0200: 545035,322: [GC2015-09-02T22:50:47.146+0200: 545035,322: [ParNew: 289959K->7664K(314560K), 0,0105800 secs] 805478K->524125K(1013632K), 0,0107110 secs] [Times: user=0,07 sys=0,00, real=0,01 secs] 
2015-09-02T22:51:45.179+0200: 545093,356: [GC2015-09-02T22:51:45.179+0200: 545093,356: [ParNew: 287280K->9476K(314560K), 0,0112850 secs] 803741K->526832K(1013632K), 0,0113790 secs] [Times: user=0,08 sys=0,00, real=0,01 secs] 
2015-09-02T22:52:43.105+0200: 545151,281: [GC2015-09-02T22:52:43.105+0200: 545151,281: [ParNew: 289092K->6929K(314560K), 0,0069820 secs] 806448K->525185K(1013632K), 0,0070910 secs] [Times: user=0,05 sys=0,00, real=0,00 secs] 
2015-09-02T22:53:40.927+0200: 545209,104: [GC2015-09-02T22:53:40.927+0200: 545209,104: [ParNew: 286545K->9049K(314560K), 0,0112040 secs] 804801K->528214K(1013632K), 0,0113240 secs] [Times: user=0,08 sys=0,00, real=0,01 secs] 
2015-09-02T22:54:38.859+0200: 545267,035: [GC2015-09-02T22:54:38.859+0200: 545267,035: [ParNew: 288665K->8519K(314560K), 0,0105610 secs] 807830K->528611K(1013632K), 0,0106980 secs] [Times: user=0,09 sys=0,00, real=0,01 secs] 
2015-09-02T22:55:36.550+0200: 545324,727: [GC2015-09-02T22:55:36.550+0200: 545324,727: [ParNew: 288135K->8813K(314560K), 0,0113050 secs] 808227K->529844K(1013632K), 0,0114300 secs] [Times: user=0,09 sys=0,00, real=0,01 secs] 
2015-09-02T22:56:34.514+0200: 545382,691: [GC2015-09-02T22:56:34.514+0200: 545382,691: [ParNew: 288429K->10470K(314560K), 0,0113930 secs] 809460K->532430K(1013632K), 0,0115210 secs] [Times: user=0,11 sys=0,00, real=0,02 secs] 
2015-09-02T22:57:32.549+0200: 545440,725: [GC2015-09-02T22:57:32.549+0200: 545440,725: [ParNew: 290086K->7566K(314560K), 0,0119040 secs] 812046K->530540K(1013632K), 0,0120300 secs] [Times: user=0,08 sys=0,01, real=0,01 secs] 
2015-09-02T22:58:30.584+0200: 545498,760: [GC2015-09-02T22:58:30.584+0200: 545498,760: [ParNew: 287182K->9673K(314560K), 0,0121940 secs] 810156K->533662K(1013632K), 0,0123050 secs] [Times: user=0,09 sys=0,00, real=0,01 secs] 
2015-09-02T22:59:28.619+0200: 545556,795: [GC2015-09-02T22:59:28.619+0200: 545556,795: [ParNew: 289289K->8955K(314560K), 0,0115360 secs] 813278K->533879K(1013632K), 0,0116620 secs] [Times: user=0,07 sys=0,00, real=0,01 secs] 
2015-09-02T23:00:26.653+0200: 545614,830: [GC2015-09-02T23:00:26.653+0200: 545614,830: [ParNew: 288571K->8569K(314560K), 0,0126900 secs] 813495K->534427K(1013632K), 0,0128170 secs] [Times: user=0,08 sys=0,00, real=0,02 secs] 
2015-09-02T23:01:24.380+0200: 545672,557: [GC2015-09-02T23:01:24.380+0200: 545672,557: [ParNew: 288185K->9999K(314560K), 0,0135370 secs] 814043K->536790K(1013632K), 0,0136530 secs] [Times: user=0,10 sys=0,00, real=0,01 secs] 
2015-09-02T23:02:22.311+0200: 545730,488: [GC2015-09-02T23:02:22.311+0200: 545730,488: [ParNew: 289615K->8117K(314560K), 0,0118610 secs] 816406K->535835K(1013632K), 0,0119920 secs] [Times: user=0,08 sys=0,00, real=0,01 secs] 
2015-09-02T23:03:20.002+0200: 545788,179: [GC2015-09-02T23:03:20.002+0200: 545788,179: [ParNew: 287733K->8663K(314560K), 0,0113150 secs] 815451K->537318K(1013632K), 0,0114420 secs] [Times: user=0,09 sys=0,00, real=0,01 secs] 
2015-09-02T23:04:17.834+0200: 545846,010: [GC2015-09-02T23:04:17.834+0200: 545846,010: [ParNew: 288279K->8711K(314560K), 0,0112790 secs] 816934K->538303K(1013632K), 0,0114330 secs] [Times: user=0,07 sys=0,00, real=0,02 secs] 
2015-09-02T23:05:15.615+0200: 545903,791: [GC2015-09-02T23:05:15.615+0200: 545903,791: [ParNew: 288327K->8989K(314560K), 0,0106520 secs] 817919K->539532K(1013632K), 0,0107600 secs] [Times: user=0,09 sys=0,00, real=0,02 secs] 
2015-09-02T23:06:13.198+0200: 545961,375: [GC2015-09-02T23:06:13.198+0200: 545961,375: [ParNew: 288605K->9903K(314560K), 0,0105510 secs] 819148K->541471K(1013632K), 0,0106650 secs] [Times: user=0,08 sys=0,00, real=0,01 secs] 
2015-09-02T23:07:11.036+0200: 546019,212: [GC2015-09-02T23:07:11.036+0200: 546019,212: [ParNew: 289519K->9927K(314560K), 0,0133160 secs] 821087K->542527K(1013632K), 0,0134360 secs] [Times: user=0,09 sys=0,00, real=0,02 secs] 
2015-09-02T23:08:09.071+0200: 546077,248: [GC2015-09-02T23:08:09.071+0200: 546077,248: [ParNew: 289543K->8405K(314560K), 0,0111690 secs] 822143K->541944K(1013632K), 0,0112870 secs] [Times: user=0,09 sys=0,00, real=0,01 secs] 
2015-09-02T23:09:07.106+0200: 546135,283: [GC2015-09-02T23:09:07.106+0200: 546135,283: [ParNew: 288021K->9370K(314560K), 0,0094850 secs] 821560K->543823K(1013632K), 0,0096160 secs] [Times: user=0,06 sys=0,00, real=0,00 secs] 
2015-09-02T23:10:04.888+0200: 546193,065: [GC2015-09-02T23:10:04.888+0200: 546193,065: [ParNew: 288986K->7935K(314560K), 0,0110200 secs] 823439K->543330K(1013632K), 0,0111490 secs] [Times: user=0,07 sys=0,00, real=0,01 secs] 
2015-09-02T23:11:02.761+0200: 546250,937: [GC2015-09-02T23:11:02.761+0200: 546250,937: [ParNew: 287551K->9463K(314560K), 0,0111820 secs] 822946K->545798K(1013632K), 0,0112830 secs] [Times: user=0,07 sys=0,00, real=0,01 secs] 
2015-09-02T23:12:00.502+0200: 546308,679: [GC2015-09-02T23:12:00.502+0200: 546308,679: [ParNew: 289079K->9589K(314560K), 0,0119900 secs] 825414K->546848K(1013632K), 0,0121280 secs] [Times: user=0,09 sys=0,00, real=0,01 secs] 
2015-09-02T23:12:58.214+0200: 546366,390: [GC2015-09-02T23:12:58.214+0200: 546366,390: [ParNew: 289205K->9003K(314560K), 0,0106220 secs] 826464K->547205K(1013632K), 0,0107320 secs] [Times: user=0,08 sys=0,00, real=0,02 secs] 
2015-09-02T23:13:56.047+0200: 546424,223: [GC2015-09-02T23:13:56.047+0200: 546424,223: [ParNew: 288619K->9128K(314560K), 0,0105480 secs] 826821K->548312K(1013632K), 0,0106720 secs] [Times: user=0,09 sys=0,00, real=0,01 secs] 
2015-09-02T23:14:54.080+0200: 546482,257: [GC2015-09-02T23:14:54.080+0200: 546482,257: [ParNew: 288744K->9198K(314560K), 0,0090750 secs] 827928K->549422K(1013632K), 0,0091830 secs] [Times: user=0,06 sys=0,00, real=0,01 secs] 
2015-09-02T23:15:52.112+0200: 546540,289: [GC2015-09-02T23:15:52.112+0200: 546540,289: [ParNew: 288814K->8424K(314560K), 0,0119210 secs] 829038K->549661K(1013632K), 0,0120380 secs] [Times: user=0,10 sys=0,00, real=0,01 secs] 
2015-09-02T23:16:50.147+0200: 546598,324: [GC2015-09-02T23:16:50.147+0200: 546598,324: [ParNew: 288040K->9200K(314560K), 0,0135430 secs] 829277K->551378K(1013632K), 0,0136720 secs] [Times: user=0,08 sys=0,00, real=0,01 secs] 
2015-09-02T23:17:47.829+0200: 546656,006: [GC2015-09-02T23:17:47.829+0200: 546656,006: [ParNew: 288816K->9434K(314560K), 0,0120260 secs] 830994K->552560K(1013632K), 0,0121560 secs] [Times: user=0,08 sys=0,00, real=0,01 secs] 
2015-09-02T23:18:45.806+0200: 546713,983: [GC2015-09-02T23:18:45.806+0200: 546713,983: [ParNew: 289050K->8655K(314560K), 0,0115710 secs] 832176K->552721K(1013632K), 0,0116920 secs] [Times: user=0,09 sys=0,00, real=0,01 secs] 
2015-09-02T23:19:43.841+0200: 546772,017: [GC2015-09-02T23:19:43.841+0200: 546772,017: [ParNew: 288271K->8737K(314560K), 0,0104650 secs] 832337K->553733K(1013632K), 0,0105850 secs] [Times: user=0,07 sys=0,00, real=0,01 secs] 
2015-09-02T23:20:41.874+0200: 546830,051: [GC2015-09-02T23:20:41.874+0200: 546830,051: [ParNew: 288353K->9613K(314560K), 0,0097540 secs] 833349K->555537K(1013632K), 0,0098310 secs] [Times: user=0,06 sys=0,00, real=0,01 secs] 
2015-09-02T23:21:39.907+0200: 546888,083: [GC2015-09-02T23:21:39.907+0200: 546888,083: [ParNew: 289229K->11265K(314560K), 0,0119050 secs] 835153K->558126K(1013632K), 0,0120130 secs] [Times: user=0,08 sys=0,00, real=0,01 secs] 
2015-09-02T23:22:37.844+0200: 546946,021: [GC2015-09-02T23:22:37.844+0200: 546946,021: [ParNew: 290881K->7603K(314560K), 0,0118270 secs] 837742K->555475K(1013632K), 0,0119780 secs] [Times: user=0,07 sys=0,01, real=0,01 secs] 
2015-09-02T23:23:35.763+0200: 547003,940: [GC2015-09-02T23:23:35.763+0200: 547003,940: [ParNew: 287219K->9737K(314560K), 0,0103030 secs] 835091K->558622K(1013632K), 0,0104230 secs] [Times: user=0,09 sys=0,00, real=0,01 secs] 
2015-09-02T23:24:33.797+0200: 547061,973: [GC2015-09-02T23:24:33.797+0200: 547061,974: [ParNew: 289353K->9025K(314560K), 0,0112550 secs] 838238K->558851K(1013632K), 0,0113790 secs] [Times: user=0,07 sys=0,00, real=0,01 secs] 
2015-09-02T23:25:31.750+0200: 547119,926: [GC2015-09-02T23:25:31.750+0200: 547119,926: [ParNew: 288641K->8649K(314560K), 0,0108100 secs] 838467K->559425K(1013632K), 0,0109390 secs] [Times: user=0,08 sys=0,00, real=0,01 secs] 
2015-09-02T23:26:29.654+0200: 547177,830: [GC2015-09-02T23:26:29.654+0200: 547177,830: [ParNew: 288265K->8628K(314560K), 0,0109760 secs] 839041K->560340K(1013632K), 0,0111030 secs] [Times: user=0,08 sys=0,00, real=0,02 secs] 
2015-09-02T23:27:27.371+0200: 547235,548: [GC2015-09-02T23:27:27.371+0200: 547235,548: [ParNew: 288244K->10173K(314560K), 0,0118750 secs] 839956K->562829K(1013632K), 0,0120000 secs] [Times: user=0,09 sys=0,00, real=0,01 secs] 
2015-09-02T23:28:25.148+0200: 547293,325: [GC2015-09-02T23:28:25.148+0200: 547293,325: [ParNew: 289789K->10015K(314560K), 0,0125040 secs] 842445K->563615K(1013632K), 0,0126140 secs] [Times: user=0,09 sys=0,00, real=0,01 secs] 
2015-09-02T23:29:22.844+0200: 547351,021: [GC2015-09-02T23:29:22.844+0200: 547351,021: [ParNew: 289631K->7109K(314560K), 0,0102480 secs] 843231K->561649K(1013632K), 0,0103740 secs] [Times: user=0,08 sys=0,00, real=0,00 secs] 
2015-09-02T23:30:20.754+0200: 547408,931: [GC2015-09-02T23:30:20.754+0200: 547408,931: [ParNew: 286725K->9072K(314560K), 0,0110540 secs] 841265K->564576K(1013632K), 0,0111910 secs] [Times: user=0,09 sys=0,00, real=0,02 secs] 
2015-09-02T23:31:18.614+0200: 547466,790: [GC2015-09-02T23:31:18.614+0200: 547466,790: [ParNew: 288688K->6432K(314560K), 0,0108040 secs] 844192K->562951K(1013632K), 0,0109210 secs] [Times: user=0,08 sys=0,00, real=0,02 secs] 
2015-09-02T23:32:16.611+0200: 547524,787: [GC2015-09-02T23:32:16.611+0200: 547524,787: [ParNew: 286048K->6586K(314560K), 0,0100790 secs] 842567K->564133K(1013632K), 0,0102000 secs] [Times: user=0,08 sys=0,00, real=0,01 secs] 
2015-09-02T23:33:14.221+0200: 547582,397: [GC2015-09-02T23:33:14.221+0200: 547582,397: [ParNew: 286202K->6575K(314560K), 0,0091170 secs] 843749K->565071K(1013632K), 0,0092280 secs] [Times: user=0,06 sys=0,00, real=0,01 secs] 
2015-09-02T23:34:12.066+0200: 547640,242: [GC2015-09-02T23:34:12.066+0200: 547640,242: [ParNew: 286191K->4813K(314560K), 0,0097560 secs] 844687K->564015K(1013632K), 0,0098570 secs] [Times: user=0,07 sys=0,00, real=0,00 secs] 
2015-09-02T23:35:10.099+0200: 547698,275: [GC2015-09-02T23:35:10.099+0200: 547698,275: [ParNew: 284429K->6122K(314560K), 0,0080650 secs] 843631K->565811K(1013632K), 0,0082080 secs] [Times: user=0,06 sys=0,00, real=0,01 secs] 
2015-09-02T23:36:07.844+0200: 547756,021: [GC2015-09-02T23:36:07.844+0200: 547756,021: [ParNew: 285738K->7158K(314560K), 0,0085010 secs] 845427K->567428K(1013632K), 0,0086100 secs] [Times: user=0,06 sys=0,00, real=0,00 secs] 
2015-09-02T23:37:05.752+0200: 547813,929: [GC2015-09-02T23:37:05.752+0200: 547813,929: [ParNew: 286774K->9105K(314560K), 0,0088420 secs] 847044K->569887K(1013632K), 0,0089680 secs] [Times: user=0,08 sys=0,00, real=0,01 secs] 
2015-09-02T23:38:03.498+0200: 547871,674: [GC2015-09-02T23:38:03.498+0200: 547871,674: [ParNew: 288721K->7714K(314560K), 0,0094300 secs] 849503K->569046K(1013632K), 0,0095470 secs] [Times: user=0,07 sys=0,00, real=0,01 secs] 
2015-09-02T23:39:01.339+0200: 547929,515: [GC2015-09-02T23:39:01.339+0200: 547929,515: [ParNew: 287330K->8656K(314560K), 0,0059780 secs] 848662K->570672K(1013632K), 0,0060450 secs] [Times: user=0,03 sys=0,00, real=0,01 secs] 
2015-09-02T23:39:59.230+0200: 547987,407: [GC2015-09-02T23:39:59.230+0200: 547987,407: [ParNew: 288272K->8699K(314560K), 0,0108920 secs] 850288K->571660K(1013632K), 0,0110050 secs] [Times: user=0,08 sys=0,00, real=0,01 secs] 
2015-09-02T23:40:57.263+0200: 548045,440: [GC2015-09-02T23:40:57.263+0200: 548045,440: [ParNew: 288315K->7526K(314560K), 0,0091550 secs] 851276K->571387K(1013632K), 0,0092830 secs] [Times: user=0,06 sys=0,00, real=0,01 secs] 
2015-09-02T23:41:55.295+0200: 548103,472: [GC2015-09-02T23:41:55.296+0200: 548103,472: [ParNew: 287142K->7410K(314560K), 0,0099370 secs] 851003K->572196K(1013632K), 0,0101000 secs] [Times: user=0,07 sys=0,00, real=0,02 secs] 
2015-09-02T23:42:53.105+0200: 548161,281: [GC2015-09-02T23:42:53.105+0200: 548161,281: [ParNew: 287026K->5588K(314560K), 0,0087960 secs] 851812K->571288K(1013632K), 0,0089090 secs] [Times: user=0,07 sys=0,00, real=0,00 secs] 
2015-09-02T23:43:50.812+0200: 548218,989: [GC2015-09-02T23:43:50.812+0200: 548218,989: [ParNew: 285204K->4604K(314560K), 0,0089780 secs] 850904K->571294K(1013632K), 0,0091070 secs] [Times: user=0,07 sys=0,00, real=0,01 secs] 
2015-09-02T23:44:48.773+0200: 548276,950: [GC2015-09-02T23:44:48.773+0200: 548276,950: [ParNew: 284220K->7340K(314560K), 0,0112520 secs] 850910K->574516K(1013632K), 0,0113770 secs] [Times: user=0,07 sys=0,00, real=0,02 secs] 
2015-09-02T23:45:46.809+0200: 548334,985: [GC2015-09-02T23:45:46.809+0200: 548334,985: [ParNew: 286956K->6048K(314560K), 0,0095420 secs] 854132K->574221K(1013632K), 0,0096610 secs] [Times: user=0,05 sys=0,00, real=0,01 secs] 
2015-09-02T23:46:44.842+0200: 548393,018: [GC2015-09-02T23:46:44.842+0200: 548393,018: [ParNew: 285664K->7766K(314560K), 0,0079150 secs] 853837K->576444K(1013632K), 0,0080310 secs] [Times: user=0,07 sys=0,00, real=0,01 secs] 
2015-09-02T23:47:42.847+0200: 548451,023: [GC2015-09-02T23:47:42.847+0200: 548451,023: [ParNew: 287382K->8405K(314560K), 0,0095050 secs] 856060K->577689K(1013632K), 0,0096340 secs] [Times: user=0,06 sys=0,00, real=0,00 secs] 
2015-09-02T23:48:40.695+0200: 548508,871: [GC2015-09-02T23:48:40.695+0200: 548508,871: [ParNew: 288021K->7790K(314560K), 0,0099200 secs] 857305K->577716K(1013632K), 0,0100400 secs] [Times: user=0,06 sys=0,00, real=0,02 secs] 
2015-09-02T23:49:38.727+0200: 548566,904: [GC2015-09-02T23:49:38.727+0200: 548566,904: [ParNew: 287406K->9035K(314560K), 0,0092180 secs] 857332K->579595K(1013632K), 0,0093310 secs] [Times: user=0,06 sys=0,00, real=0,01 secs] 
2015-09-02T23:50:36.689+0200: 548624,866: [GC2015-09-02T23:50:36.689+0200: 548624,866: [ParNew: 288651K->9665K(314560K), 0,0109970 secs] 859211K->581081K(1013632K), 0,0111110 secs] [Times: user=0,07 sys=0,00, real=0,01 secs] 
2015-09-02T23:51:34.581+0200: 548682,758: [GC2015-09-02T23:51:34.581+0200: 548682,758: [ParNew: 289281K->7444K(314560K), 0,0120930 secs] 860697K->579772K(1013632K), 0,0122110 secs] [Times: user=0,07 sys=0,00, real=0,01 secs] 
2015-09-02T23:52:32.497+0200: 548740,674: [GC2015-09-02T23:52:32.497+0200: 548740,674: [ParNew: 287060K->8421K(314560K), 0,0113000 secs] 859388K->581657K(1013632K), 0,0114110 secs] [Times: user=0,08 sys=0,00, real=0,01 secs] 
2015-09-02T23:53:30.351+0200: 548798,527: [GC2015-09-02T23:53:30.351+0200: 548798,527: [ParNew: 288037K->9952K(314560K), 0,0160160 secs] 861273K->584112K(1013632K), 0,0161340 secs] [Times: user=0,12 sys=0,00, real=0,02 secs] 
2015-09-02T23:54:27.999+0200: 548856,175: [GC2015-09-02T23:54:27.999+0200: 548856,175: [ParNew: 289568K->7312K(314560K), 0,0117230 secs] 863728K->582390K(1013632K), 0,0118650 secs] [Times: user=0,08 sys=0,00, real=0,01 secs] 
2015-09-02T23:55:25.883+0200: 548914,060: [GC2015-09-02T23:55:25.883+0200: 548914,060: [ParNew: 286928K->9535K(314560K), 0,0117240 secs] 862006K->585584K(1013632K), 0,0118500 secs] [Times: user=0,09 sys=0,00, real=0,01 secs] 
2015-09-02T23:56:23.918+0200: 548972,095: [GC2015-09-02T23:56:23.918+0200: 548972,095: [ParNew: 289151K->9653K(314560K), 0,0106200 secs] 865200K->586714K(1013632K), 0,0107760 secs] [Times: user=0,06 sys=0,00, real=0,01 secs] 
2015-09-02T23:57:21.780+0200: 549029,957: [GC2015-09-02T23:57:21.780+0200: 549029,957: [ParNew: 289269K->9110K(314560K), 0,0115230 secs] 866330K->587174K(1013632K), 0,0116580 secs] [Times: user=0,08 sys=0,00, real=0,01 secs] 
2015-09-02T23:58:19.632+0200: 549087,809: [GC2015-09-02T23:58:19.632+0200: 549087,809: [ParNew: 288726K->9969K(314560K), 0,0082710 secs] 866790K->588969K(1013632K), 0,0083640 secs] [Times: user=0,05 sys=0,00, real=0,01 secs] 
2015-09-02T23:59:17.596+0200: 549145,773: [GC2015-09-02T23:59:17.596+0200: 549145,773: [ParNew: 289585K->7350K(314560K), 0,0111870 secs] 868585K->587293K(1013632K), 0,0113100 secs] [Times: user=0,07 sys=0,01, real=0,02 secs] 
2015-09-03T00:00:15.630+0200: 549203,806: [GC2015-09-03T00:00:15.630+0200: 549203,806: [ParNew: 286966K->9198K(314560K), 0,0116860 secs] 866909K->590064K(1013632K), 0,0118120 secs] [Times: user=0,08 sys=0,00, real=0,01 secs] 
2015-09-03T00:01:13.665+0200: 549261,841: [GC2015-09-03T00:01:13.665+0200: 549261,841: [ParNew: 288814K->9305K(314560K), 0,0107440 secs] 869680K->591116K(1013632K), 0,0108630 secs] [Times: user=0,08 sys=0,00, real=0,00 secs] 
2015-09-03T00:02:11.698+0200: 549319,875: [GC2015-09-03T00:02:11.698+0200: 549319,875: [ParNew: 288921K->10310K(314560K), 0,0110280 secs] 870732K->593058K(1013632K), 0,0111730 secs] [Times: user=0,09 sys=0,00, real=0,01 secs] 
2015-09-03T00:03:09.732+0200: 549377,909: [GC2015-09-03T00:03:09.733+0200: 549377,909: [ParNew: 289926K->7476K(314560K), 0,0107750 secs] 872674K->591177K(1013632K), 0,0109310 secs] [Times: user=0,08 sys=0,00, real=0,01 secs] 
2015-09-03T00:04:07.766+0200: 549435,943: [GC2015-09-03T00:04:07.766+0200: 549435,943: [ParNew: 287092K->8951K(314560K), 0,0124460 secs] 870793K->593649K(1013632K), 0,0125790 secs] [Times: user=0,09 sys=0,00, real=0,01 secs] 
2015-09-03T00:05:05.802+0200: 549493,978: [GC2015-09-03T00:05:05.802+0200: 549493,978: [ParNew: 288567K->11191K(314560K), 0,0115570 secs] 873265K->596910K(1013632K), 0,0116710 secs] [Times: user=0,08 sys=0,00, real=0,01 secs] 
2015-09-03T00:06:03.837+0200: 549552,013: [GC2015-09-03T00:06:03.837+0200: 549552,013: [ParNew: 290807K->7579K(314560K), 0,0118030 secs] 876526K->594235K(1013632K), 0,0119070 secs] [Times: user=0,07 sys=0,01, real=0,01 secs] 
2015-09-03T00:07:01.872+0200: 549610,048: [GC2015-09-03T00:07:01.872+0200: 549610,048: [ParNew: 287195K->7767K(314560K), 0,0123010 secs] 873851K->595350K(1013632K), 0,0124180 secs] [Times: user=0,08 sys=0,00, real=0,01 secs] 
2015-09-03T00:07:59.907+0200: 549668,083: [GC2015-09-03T00:07:59.907+0200: 549668,084: [ParNew: 287383K->9096K(314560K), 0,0141260 secs] 874966K->597625K(1013632K), 0,0142510 secs] [Times: user=0,12 sys=0,00, real=0,01 secs] 
2015-09-03T00:08:57.844+0200: 549726,021: [GC2015-09-03T00:08:57.844+0200: 549726,021: [ParNew: 288712K->8629K(314560K), 0,0115670 secs] 877241K->598088K(1013632K), 0,0116820 secs] [Times: user=0,07 sys=0,00, real=0,00 secs] 
2015-09-03T00:09:55.766+0200: 549783,942: [GC2015-09-03T00:09:55.766+0200: 549783,942: [ParNew: 288245K->8788K(314560K), 0,0117500 secs] 877704K->599181K(1013632K), 0,0119010 secs] [Times: user=0,09 sys=0,00, real=0,01 secs] 
2015-09-03T00:10:53.801+0200: 549841,977: [GC2015-09-03T00:10:53.801+0200: 549841,977: [ParNew: 288404K->9653K(314560K), 0,0111170 secs] 878797K->600981K(1013632K), 0,0112910 secs] [Times: user=0,07 sys=0,00, real=0,01 secs] 
2015-09-03T00:11:51.835+0200: 549900,011: [GC2015-09-03T00:11:51.835+0200: 549900,011: [ParNew: 289269K->9795K(314560K), 0,0111270 secs] 880597K->602082K(1013632K), 0,0112450 secs] [Times: user=0,10 sys=0,00, real=0,02 secs] 
2015-09-03T00:12:49.869+0200: 549958,046: [GC2015-09-03T00:12:49.869+0200: 549958,046: [ParNew: 289411K->9903K(314560K), 0,0122040 secs] 881698K->603218K(1013632K), 0,0123210 secs] [Times: user=0,10 sys=0,00, real=0,01 secs] 
2015-09-03T00:13:47.844+0200: 550016,021: [GC2015-09-03T00:13:47.844+0200: 550016,021: [ParNew: 289519K->9162K(314560K), 0,0116050 secs] 882834K->603494K(1013632K), 0,0117370 secs] [Times: user=0,07 sys=0,00, real=0,00 secs] 
2015-09-03T00:14:45.541+0200: 550073,718: [GC2015-09-03T00:14:45.541+0200: 550073,718: [ParNew: 288778K->8432K(314560K), 0,0105370 secs] 883110K->603698K(1013632K), 0,0106480 secs] [Times: user=0,07 sys=0,00, real=0,01 secs] 
2015-09-03T00:15:43.201+0200: 550131,377: [GC2015-09-03T00:15:43.201+0200: 550131,377: [ParNew: 288048K->8672K(314560K), 0,0095560 secs] 883314K->604862K(1013632K), 0,0096730 secs] [Times: user=0,06 sys=0,00, real=0,01 secs] 
2015-09-03T00:16:40.982+0200: 550189,159: [GC2015-09-03T00:16:40.983+0200: 550189,159: [ParNew: 288288K->10095K(314560K), 0,0186990 secs] 884478K->607226K(1013632K), 0,0188090 secs] [Times: user=0,14 sys=0,00, real=0,02 secs] 
2015-09-03T00:17:38.995+0200: 550247,172: [GC2015-09-03T00:17:38.995+0200: 550247,172: [ParNew: 289711K->9089K(314560K), 0,0168770 secs] 886842K->607155K(1013632K), 0,0169970 secs] [Times: user=0,10 sys=0,00, real=0,02 secs] 
2015-09-03T00:18:37.035+0200: 550305,211: [GC2015-09-03T00:18:37.035+0200: 550305,212: [ParNew: 288705K->8723K(314560K), 0,0104860 secs] 886771K->607724K(1013632K), 0,0105980 secs] [Times: user=0,09 sys=0,00, real=0,02 secs] 
2015-09-03T00:19:35.068+0200: 550363,245: [GC2015-09-03T00:19:35.068+0200: 550363,245: [ParNew: 288339K->9523K(314560K), 0,0105870 secs] 887340K->609480K(1013632K), 0,0107140 secs] [Times: user=0,06 sys=0,00, real=0,01 secs] 
2015-09-03T00:20:32.844+0200: 550421,021: [GC2015-09-03T00:20:32.844+0200: 550421,021: [ParNew: 289139K->9050K(314560K), 0,0118220 secs] 889096K->609972K(1013632K), 0,0119840 secs] [Times: user=0,06 sys=0,01, real=0,01 secs] 
2015-09-03T00:21:30.724+0200: 550478,900: [GC2015-09-03T00:21:30.724+0200: 550478,900: [ParNew: 288666K->9177K(314560K), 0,0110660 secs] 889588K->611128K(1013632K), 0,0111870 secs] [Times: user=0,10 sys=0,00, real=0,01 secs] 
2015-09-03T00:22:28.758+0200: 550536,934: [GC2015-09-03T00:22:28.758+0200: 550536,934: [ParNew: 288793K->9192K(314560K), 0,0116810 secs] 890744K->612172K(1013632K), 0,0118020 secs] [Times: user=0,09 sys=0,00, real=0,01 secs] 
2015-09-03T00:23:26.792+0200: 550594,969: [GC2015-09-03T00:23:26.792+0200: 550594,969: [ParNew: 288808K->9195K(314560K), 0,0116380 secs] 891788K->613121K(1013632K), 0,0117590 secs] [Times: user=0,07 sys=0,00, real=0,01 secs] 
2015-09-03T00:24:24.826+0200: 550653,003: [GC2015-09-03T00:24:24.826+0200: 550653,003: [ParNew: 288811K->8693K(314560K), 0,0107650 secs] 892737K->613551K(1013632K), 0,0108850 secs] [Times: user=0,10 sys=0,00, real=0,01 secs] 
2015-09-03T00:25:22.625+0200: 550710,802: [GC2015-09-03T00:25:22.625+0200: 550710,802: [ParNew: 288299K->9383K(314560K), 0,0107960 secs] 893158K->615177K(1013632K), 0,0109340 secs] [Times: user=0,08 sys=0,00, real=0,00 secs] 
2015-09-03T00:26:20.482+0200: 550768,658: [GC2015-09-03T00:26:20.482+0200: 550768,658: [ParNew: 288999K->8757K(314560K), 0,0108200 secs] 894793K->615488K(1013632K), 0,0109370 secs] [Times: user=0,06 sys=0,01, real=0,01 secs] 
2015-09-03T00:27:18.201+0200: 550826,377: [GC2015-09-03T00:27:18.201+0200: 550826,377: [ParNew: 288373K->11073K(314560K), 0,0112390 secs] 895104K->618729K(1013632K), 0,0113490 secs] [Times: user=0,08 sys=0,01, real=0,01 secs] 
2015-09-03T00:28:16.138+0200: 550884,315: [GC2015-09-03T00:28:16.138+0200: 550884,315: [ParNew: 290689K->8285K(314560K), 0,0118930 secs] 898345K->616883K(1013632K), 0,0120140 secs] [Times: user=0,09 sys=0,00, real=0,01 secs] 
2015-09-03T00:29:13.865+0200: 550942,042: [GC2015-09-03T00:29:13.865+0200: 550942,042: [ParNew: 287901K->9578K(314560K), 0,0108600 secs] 896499K->619182K(1013632K), 0,0109830 secs] [Times: user=0,08 sys=0,00, real=0,00 secs] 
2015-09-03T00:30:11.558+0200: 550999,735: [GC2015-09-03T00:30:11.558+0200: 550999,735: [ParNew: 289194K->7542K(314560K), 0,0113530 secs] 898798K->618167K(1013632K), 0,0114570 secs] [Times: user=0,08 sys=0,00, real=0,01 secs] 
2015-09-03T00:31:09.418+0200: 551057,595: [GC2015-09-03T00:31:09.418+0200: 551057,595: [ParNew: 287158K->7922K(314560K), 0,0105710 secs] 897783K->619481K(1013632K), 0,0106900 secs] [Times: user=0,07 sys=0,00, real=0,01 secs] 
2015-09-03T00:32:07.452+0200: 551115,628: [GC2015-09-03T00:32:07.452+0200: 551115,628: [ParNew: 287538K->5997K(314560K), 0,0099670 secs] 899097K->618487K(1013632K), 0,0100950 secs] [Times: user=0,08 sys=0,00, real=0,01 secs] 
2015-09-03T00:33:05.484+0200: 551173,661: [GC2015-09-03T00:33:05.484+0200: 551173,661: [ParNew: 285613K->5514K(314560K), 0,0090960 secs] 898103K->619017K(1013632K), 0,0092770 secs] [Times: user=0,07 sys=0,00, real=0,01 secs] 
2015-09-03T00:34:03.199+0200: 551231,376: [GC2015-09-03T00:34:03.200+0200: 551231,376: [ParNew: 285130K->6244K(314560K), 0,0080040 secs] 898633K->620467K(1013632K), 0,0081110 secs] [Times: user=0,07 sys=0,00, real=0,01 secs] 
2015-09-03T00:35:01.139+0200: 551289,315: [GC2015-09-03T00:35:01.139+0200: 551289,315: [ParNew: 285860K->6854K(314560K), 0,0085550 secs] 900083K->621564K(1013632K), 0,0086650 secs] [Times: user=0,06 sys=0,00, real=0,01 secs] 
2015-09-03T00:35:59.171+0200: 551347,348: [GC2015-09-03T00:35:59.171+0200: 551347,348: [ParNew: 286470K->8102K(314560K), 0,0086600 secs] 901180K->623386K(1013632K), 0,0087840 secs] [Times: user=0,07 sys=0,00, real=0,01 secs] 
2015-09-03T00:36:57.206+0200: 551405,382: [GC2015-09-03T00:36:57.206+0200: 551405,382: [ParNew: 287718K->8304K(314560K), 0,0100390 secs] 903002K->624116K(1013632K), 0,0101560 secs] [Times: user=0,06 sys=0,00, real=0,00 secs] 
2015-09-03T00:37:55.238+0200: 551463,415: [GC2015-09-03T00:37:55.238+0200: 551463,415: [ParNew: 287920K->10419K(314560K), 0,0095460 secs] 903732K->626865K(1013632K), 0,0096800 secs] [Times: user=0,08 sys=0,00, real=0,01 secs] 
2015-09-03T00:38:53.271+0200: 551521,447: [GC2015-09-03T00:38:53.271+0200: 551521,447: [ParNew: 290035K->7272K(314560K), 0,0103840 secs] 906481K->624453K(1013632K), 0,0104970 secs] [Times: user=0,09 sys=0,00, real=0,01 secs] 
2015-09-03T00:39:50.949+0200: 551579,126: [GC2015-09-03T00:39:50.949+0200: 551579,126: [ParNew: 286888K->8187K(314560K), 0,0107400 secs] 904069K->626240K(1013632K), 0,0108670 secs] [Times: user=0,08 sys=0,01, real=0,01 secs] 
2015-09-03T00:40:48.926+0200: 551637,103: [GC2015-09-03T00:40:48.926+0200: 551637,103: [ParNew: 287803K->7777K(314560K), 0,0148350 secs] 905856K->626755K(1013632K), 0,0149370 secs] [Times: user=0,11 sys=0,00, real=0,01 secs] 
2015-09-03T00:41:46.565+0200: 551694,742: [GC2015-09-03T00:41:46.566+0200: 551694,742: [ParNew: 287393K->6799K(314560K), 0,0089230 secs] 906371K->626701K(1013632K), 0,0090530 secs] [Times: user=0,06 sys=0,00, real=0,00 secs] 
2015-09-03T00:42:44.329+0200: 551752,506: [GC2015-09-03T00:42:44.329+0200: 551752,506: [ParNew: 286415K->6410K(314560K), 0,0101010 secs] 906317K->627236K(1013632K), 0,0102200 secs] [Times: user=0,07 sys=0,00, real=0,01 secs] 
2015-09-03T00:43:42.142+0200: 551810,318: [GC2015-09-03T00:43:42.142+0200: 551810,318: [ParNew: 286026K->6589K(314560K), 0,0102500 secs] 906852K->628462K(1013632K), 0,0103690 secs] [Times: user=0,06 sys=0,00, real=0,01 secs] 
2015-09-03T00:44:39.734+0200: 551867,910: [GC2015-09-03T00:44:39.734+0200: 551867,910: [ParNew: 286205K->7627K(314560K), 0,0085330 secs] 908078K->629993K(1013632K), 0,0086570 secs] [Times: user=0,07 sys=0,00, real=0,01 secs] 
2015-09-03T00:45:37.494+0200: 551925,670: [GC2015-09-03T00:45:37.494+0200: 551925,671: [ParNew: 287243K->5878K(314560K), 0,0109480 secs] 909609K->629284K(1013632K), 0,0110770 secs] [Times: user=0,08 sys=0,00, real=0,02 secs] 
2015-09-03T00:46:35.349+0200: 551983,525: [GC2015-09-03T00:46:35.349+0200: 551983,525: [ParNew: 285494K->7512K(314560K), 0,0090320 secs] 908900K->631506K(1013632K), 0,0091650 secs] [Times: user=0,06 sys=0,00, real=0,01 secs] 
2015-09-03T00:47:33.105+0200: 552041,281: [GC2015-09-03T00:47:33.105+0200: 552041,281: [ParNew: 287128K->7530K(314560K), 0,0086090 secs] 911122K->632129K(1013632K), 0,0087360 secs] [Times: user=0,07 sys=0,00, real=0,00 secs] 
2015-09-03T00:48:30.962+0200: 552099,139: [GC2015-09-03T00:48:30.962+0200: 552099,139: [ParNew: 287146K->7644K(314560K), 0,0093760 secs] 911745K->632785K(1013632K), 0,0094870 secs] [Times: user=0,05 sys=0,00, real=0,01 secs] 
2015-09-03T00:49:28.943+0200: 552157,119: [GC2015-09-03T00:49:28.943+0200: 552157,119: [ParNew: 287260K->9054K(314560K), 0,0104030 secs] 912401K->634815K(1013632K), 0,0105250 secs] [Times: user=0,08 sys=0,00, real=0,01 secs] 
2015-09-03T00:50:26.584+0200: 552214,760: [GC2015-09-03T00:50:26.584+0200: 552214,760: [ParNew: 288670K->8918K(314560K), 0,0113150 secs] 914431K->635470K(1013632K), 0,0114340 secs] [Times: user=0,09 sys=0,00, real=0,01 secs] 
2015-09-03T00:51:24.488+0200: 552272,665: [GC2015-09-03T00:51:24.489+0200: 552272,665: [ParNew: 288534K->8603K(314560K), 0,0114720 secs] 915086K->636075K(1013632K), 0,0115970 secs] [Times: user=0,06 sys=0,00, real=0,01 secs] 
2015-09-03T00:52:22.421+0200: 552330,597: [GC2015-09-03T00:52:22.421+0200: 552330,597: [ParNew: 288219K->10272K(314560K), 0,0108070 secs] 915691K->638670K(1013632K), 0,0109520 secs] [Times: user=0,07 sys=0,01, real=0,01 secs] 
2015-09-03T00:53:20.454+0200: 552388,631: [GC2015-09-03T00:53:20.454+0200: 552388,631: [ParNew: 289888K->8369K(314560K), 0,0110100 secs] 918286K->637690K(1013632K), 0,0111390 secs] [Times: user=0,08 sys=0,00, real=0,02 secs] 
2015-09-03T00:54:18.201+0200: 552446,377: [GC2015-09-03T00:54:18.201+0200: 552446,377: [ParNew: 287985K->8962K(314560K), 0,0107230 secs] 917306K->639285K(1013632K), 0,0108280 secs] [Times: user=0,06 sys=0,00, real=0,01 secs] 
2015-09-03T00:55:16.110+0200: 552504,287: [GC2015-09-03T00:55:16.111+0200: 552504,287: [ParNew: 288578K->8960K(314560K), 0,0131310 secs] 918901K->640302K(1013632K), 0,0132460 secs] [Times: user=0,09 sys=0,00, real=0,01 secs] 
2015-09-03T00:56:14.147+0200: 552562,323: [GC2015-09-03T00:56:14.147+0200: 552562,323: [ParNew: 288576K->8366K(314560K), 0,0108380 secs] 919918K->640642K(1013632K), 0,0109620 secs] [Times: user=0,09 sys=0,00, real=0,01 secs] 
2015-09-03T00:57:11.950+0200: 552620,127: [GC2015-09-03T00:57:11.950+0200: 552620,127: [ParNew: 287982K->7919K(314560K), 0,0103900 secs] 920258K->641128K(1013632K), 0,0105030 secs] [Times: user=0,08 sys=0,00, real=0,01 secs] 
2015-09-03T00:58:09.803+0200: 552677,979: [GC2015-09-03T00:58:09.803+0200: 552677,979: [ParNew: 287535K->10062K(314560K), 0,0121120 secs] 920744K->644206K(1013632K), 0,0122600 secs] [Times: user=0,08 sys=0,00, real=0,01 secs] 
2015-09-03T00:59:07.566+0200: 552735,742: [GC2015-09-03T00:59:07.566+0200: 552735,742: [ParNew: 289678K->7253K(314560K), 0,0108850 secs] 923822K->642346K(1013632K), 0,0110010 secs] [Times: user=0,08 sys=0,00, real=0,01 secs] 
2015-09-03T01:00:05.460+0200: 552793,637: [GC2015-09-03T01:00:05.460+0200: 552793,637: [ParNew: 286869K->10008K(314560K), 0,0109130 secs] 921962K->646027K(1013632K), 0,0110820 secs] [Times: user=0,08 sys=0,00, real=0,01 secs] 
2015-09-03T01:01:03.494+0200: 552851,670: [GC2015-09-03T01:01:03.494+0200: 552851,670: [ParNew: 289624K->9487K(314560K), 0,0133070 secs] 925643K->646433K(1013632K), 0,0134190 secs] [Times: user=0,09 sys=0,00, real=0,02 secs] 
2015-09-03T01:02:01.530+0200: 552909,707: [GC2015-09-03T01:02:01.530+0200: 552909,707: [ParNew: 289103K->9823K(314560K), 0,0120280 secs] 926049K->647738K(1013632K), 0,0121470 secs] [Times: user=0,07 sys=0,00, real=0,01 secs] 
2015-09-03T01:02:59.565+0200: 552967,742: [GC2015-09-03T01:02:59.565+0200: 552967,742: [ParNew: 289439K->8446K(314560K), 0,0121500 secs] 927354K->647394K(1013632K), 0,0122670 secs] [Times: user=0,09 sys=0,00, real=0,01 secs] 
2015-09-03T01:03:57.602+0200: 553025,778: [GC2015-09-03T01:03:57.602+0200: 553025,778: [ParNew: 288062K->10007K(314560K), 0,0153680 secs] 927010K->649985K(1013632K), 0,0154760 secs] [Times: user=0,12 sys=0,00, real=0,02 secs] 
2015-09-03T01:04:55.393+0200: 553083,570: [GC2015-09-03T01:04:55.393+0200: 553083,570: [ParNew: 289623K->9213K(314560K), 0,0118450 secs] 929601K->650128K(1013632K), 0,0119690 secs] [Times: user=0,08 sys=0,00, real=0,02 secs] 
2015-09-03T01:05:53.105+0200: 553141,281: [GC2015-09-03T01:05:53.105+0200: 553141,281: [ParNew: 288829K->7256K(314560K), 0,0099080 secs] 929744K->649107K(1013632K), 0,0100330 secs] [Times: user=0,08 sys=0,00, real=0,00 secs] 
2015-09-03T01:06:51.013+0200: 553199,190: [GC2015-09-03T01:06:51.013+0200: 553199,190: [ParNew: 286872K->8691K(314560K), 0,0177630 secs] 928723K->651496K(1013632K), 0,0178680 secs] [Times: user=0,08 sys=0,00, real=0,02 secs] 
2015-09-03T01:07:48.907+0200: 553257,084: [GC2015-09-03T01:07:48.907+0200: 553257,084: [ParNew: 288307K->9509K(314560K), 0,0116890 secs] 931112K->653258K(1013632K), 0,0118040 secs] [Times: user=0,09 sys=0,00, real=0,01 secs] 
2015-09-03T01:07:48.919+0200: 553257,096: [GC [1 CMS-initial-mark: 643749K(699072K)] 655583K(1013632K), 0,0107300 secs] [Times: user=0,02 sys=0,00, real=0,01 secs] 
2015-09-03T01:07:48.930+0200: 553257,106: [CMS-concurrent-mark-start]
2015-09-03T01:07:48.950+0200: 553257,127: [CMS-concurrent-mark: 0,019/0,020 secs] [Times: user=0,04 sys=0,00, real=0,02 secs] 
2015-09-03T01:07:48.950+0200: 553257,127: [CMS-concurrent-preclean-start]
2015-09-03T01:07:48.953+0200: 553257,129: [CMS-concurrent-preclean: 0,002/0,002 secs] [Times: user=0,00 sys=0,00, real=0,00 secs] 
2015-09-03T01:07:48.953+0200: 553257,129: [CMS-concurrent-abortable-preclean-start]
 CMS: abort preclean due to time 2015-09-03T01:07:54.102+0200: 553262,279: [CMS-concurrent-abortable-preclean: 2,848/5,150 secs] [Times: user=3,52 sys=0,00, real=5,15 secs] 
2015-09-03T01:07:54.103+0200: 553262,279: [GC[YG occupancy: 37475 K (314560 K)]2015-09-03T01:07:54.103+0200: 553262,279: [GC2015-09-03T01:07:54.103+0200: 553262,279: [ParNew: 37475K->7384K(314560K), 0,0071650 secs] 681225K->652067K(1013632K), 0,0072590 secs] [Times: user=0,05 sys=0,00, real=0,01 secs] 
2015-09-03T01:07:54.110+0200: 553262,286: [Rescan (parallel) , 0,0041140 secs]2015-09-03T01:07:54.114+0200: 553262,291: [weak refs processing, 0,0000420 secs]2015-09-03T01:07:54.114+0200: 553262,291: [class unloading, 0,0017810 secs]2015-09-03T01:07:54.116+0200: 553262,292: [scrub symbol table, 0,0010960 secs]2015-09-03T01:07:54.117+0200: 553262,294: [scrub string table, 0,0001710 secs] [1 CMS-remark: 644683K(699072K)] 652067K(1013632K), 0,0151670 secs] [Times: user=0,09 sys=0,00, real=0,02 secs] 
2015-09-03T01:07:54.118+0200: 553262,294: [CMS-concurrent-sweep-start]
2015-09-03T01:07:54.742+0200: 553262,919: [CMS-concurrent-sweep: 0,624/0,624 secs] [Times: user=0,73 sys=0,00, real=0,62 secs] 
2015-09-03T01:07:54.742+0200: 553262,919: [CMS-concurrent-reset-start]
2015-09-03T01:07:54.743+0200: 553262,920: [CMS-concurrent-reset: 0,001/0,001 secs] [Times: user=0,00 sys=0,00, real=0,00 secs] 
2015-09-03T01:08:51.943+0200: 553320,120: [GC2015-09-03T01:08:51.943+0200: 553320,120: [ParNew: 287000K->7278K(314560K), 0,0097100 secs] 293276K->14471K(1013632K), 0,0098320 secs] [Times: user=0,08 sys=0,00, real=0,01 secs] 
2015-09-03T01:09:49.976+0200: 553378,152: [GC2015-09-03T01:09:49.976+0200: 553378,152: [ParNew: 286894K->8469K(314560K), 0,0111640 secs] 294087K->16660K(1013632K), 0,0112960 secs] [Times: user=0,09 sys=0,00, real=0,02 secs] 
2015-09-03T01:10:48.011+0200: 553436,188: [GC2015-09-03T01:10:48.012+0200: 553436,188: [ParNew: 288085K->7812K(314560K), 0,0111970 secs] 296276K->17044K(1013632K), 0,0113200 secs] [Times: user=0,08 sys=0,00, real=0,01 secs] 
2015-09-03T01:11:45.792+0200: 553493,968: [GC2015-09-03T01:11:45.792+0200: 553493,968: [ParNew: 287428K->7140K(314560K), 0,0105930 secs] 296660K->17408K(1013632K), 0,0107370 secs] [Times: user=0,10 sys=0,00, real=0,01 secs] 
2015-09-03T01:12:43.668+0200: 553551,844: [GC2015-09-03T01:12:43.668+0200: 553551,844: [ParNew: 286756K->6457K(314560K), 0,0094990 secs] 297024K->17643K(1013632K), 0,0096190 secs] [Times: user=0,08 sys=0,00, real=0,01 secs] 
2015-09-03T01:13:41.430+0200: 553609,607: [GC2015-09-03T01:13:41.430+0200: 553609,607: [ParNew: 286073K->9725K(314560K), 0,0081110 secs] 297259K->20998K(1013632K), 0,0082510 secs] [Times: user=0,07 sys=0,00, real=0,01 secs] 
2015-09-03T01:14:39.322+0200: 553667,499: [GC2015-09-03T01:14:39.322+0200: 553667,499: [ParNew: 289341K->7125K(314560K), 0,0108980 secs] 300614K->19326K(1013632K), 0,0110310 secs] [Times: user=0,08 sys=0,00, real=0,01 secs] 
2015-09-03T01:15:37.310+0200: 553725,487: [GC2015-09-03T01:15:37.310+0200: 553725,487: [ParNew: 286741K->9690K(314560K), 0,0098650 secs] 298942K->22826K(1013632K), 0,0100020 secs] [Times: user=0,08 sys=0,00, real=0,01 secs] 
2015-09-03T01:16:35.178+0200: 553783,355: [GC2015-09-03T01:16:35.179+0200: 553783,355: [ParNew: 289306K->8535K(314560K), 0,0098760 secs] 302442K->22604K(1013632K), 0,0099790 secs] [Times: user=0,07 sys=0,00, real=0,01 secs] 
2015-09-03T01:17:32.844+0200: 553841,021: [GC2015-09-03T01:17:32.844+0200: 553841,021: [ParNew: 288151K->8085K(314560K), 0,0110380 secs] 302220K->23071K(1013632K), 0,0111620 secs] [Times: user=0,08 sys=0,01, real=0,00 secs] 
2015-09-03T01:18:30.663+0200: 553898,839: [GC2015-09-03T01:18:30.663+0200: 553898,840: [ParNew: 287701K->8256K(314560K), 0,0135920 secs] 302687K->24198K(1013632K), 0,0137180 secs] [Times: user=0,08 sys=0,00, real=0,02 secs] 
2015-09-03T01:19:28.656+0200: 553956,832: [GC2015-09-03T01:19:28.656+0200: 553956,832: [ParNew: 287872K->9136K(314560K), 0,0124000 secs] 303814K->26104K(1013632K), 0,0125290 secs] [Times: user=0,09 sys=0,00, real=0,02 secs] 
2015-09-03T01:20:26.682+0200: 554014,859: [GC2015-09-03T01:20:26.682+0200: 554014,859: [ParNew: 288752K->9162K(314560K), 0,0125730 secs] 305720K->27137K(1013632K), 0,0126820 secs] [Times: user=0,10 sys=0,00, real=0,01 secs] 
2015-09-03T01:21:24.517+0200: 554072,693: [GC2015-09-03T01:21:24.517+0200: 554072,694: [ParNew: 288778K->8423K(314560K), 0,0137350 secs] 306753K->27340K(1013632K), 0,0138660 secs] [Times: user=0,08 sys=0,00, real=0,01 secs] 
2015-09-03T01:22:22.282+0200: 554130,459: [GC2015-09-03T01:22:22.283+0200: 554130,459: [ParNew: 288039K->9401K(314560K), 0,0109170 secs] 306956K->29245K(1013632K), 0,0110710 secs] [Times: user=0,09 sys=0,00, real=0,01 secs] 
2015-09-03T01:23:20.176+0200: 554188,352: [GC2015-09-03T01:23:20.176+0200: 554188,353: [ParNew: 289017K->7945K(314560K), 0,0110270 secs] 308861K->28725K(1013632K), 0,0111470 secs] [Times: user=0,09 sys=0,00, real=0,02 secs] 
2015-09-03T01:24:17.992+0200: 554246,169: [GC2015-09-03T01:24:17.992+0200: 554246,169: [ParNew: 287561K->8760K(314560K), 0,0179000 secs] 308341K->30485K(1013632K), 0,0180160 secs] [Times: user=0,11 sys=0,00, real=0,02 secs] 
2015-09-03T01:25:15.834+0200: 554304,010: [GC2015-09-03T01:25:15.834+0200: 554304,010: [ParNew: 288376K->8140K(314560K), 0,0111840 secs] 310101K->30798K(1013632K), 0,0113110 secs] [Times: user=0,09 sys=0,00, real=0,02 secs] 
2015-09-03T01:26:13.868+0200: 554362,045: [GC2015-09-03T01:26:13.868+0200: 554362,045: [ParNew: 287756K->9023K(314560K), 0,0118840 secs] 310414K->32618K(1013632K), 0,0120130 secs] [Times: user=0,06 sys=0,01, real=0,01 secs] 
2015-09-03T01:27:11.903+0200: 554420,079: [GC2015-09-03T01:27:11.903+0200: 554420,079: [ParNew: 288639K->9152K(314560K), 0,0130750 secs] 312234K->33736K(1013632K), 0,0132060 secs] [Times: user=0,08 sys=0,00, real=0,01 secs] 
2015-09-03T01:28:09.727+0200: 554477,904: [GC2015-09-03T01:28:09.727+0200: 554477,904: [ParNew: 288768K->9782K(314560K), 0,0119180 secs] 313352K->35399K(1013632K), 0,0120210 secs] [Times: user=0,09 sys=0,00, real=0,01 secs] 
2015-09-03T01:29:07.562+0200: 554535,739: [GC2015-09-03T01:29:07.562+0200: 554535,739: [ParNew: 289398K->8308K(314560K), 0,0110960 secs] 315015K->34951K(1013632K), 0,0112180 secs] [Times: user=0,10 sys=0,00, real=0,01 secs] 
2015-09-03T01:30:05.600+0200: 554593,777: [GC2015-09-03T01:30:05.600+0200: 554593,777: [ParNew: 287924K->7096K(314560K), 0,0105910 secs] 314567K->34685K(1013632K), 0,0107410 secs] [Times: user=0,07 sys=0,00, real=0,01 secs] 
2015-09-03T01:31:03.634+0200: 554651,810: [GC2015-09-03T01:31:03.634+0200: 554651,810: [ParNew: 286712K->5592K(314560K), 0,0108550 secs] 314301K->34133K(1013632K), 0,0110140 secs] [Times: user=0,08 sys=0,00, real=0,02 secs] 
2015-09-03T01:32:01.455+0200: 554709,631: [GC2015-09-03T01:32:01.455+0200: 554709,631: [ParNew: 285208K->7652K(314560K), 0,0097730 secs] 313749K->37128K(1013632K), 0,0099060 secs] [Times: user=0,06 sys=0,00, real=0,02 secs] 
2015-09-03T01:32:59.290+0200: 554767,466: [GC2015-09-03T01:32:59.290+0200: 554767,466: [ParNew: 287268K->5575K(314560K), 0,0099180 secs] 316744K->36126K(1013632K), 0,0100470 secs] [Times: user=0,07 sys=0,00, real=0,01 secs] 
2015-09-03T01:33:57.075+0200: 554825,251: [GC2015-09-03T01:33:57.075+0200: 554825,251: [ParNew: 285191K->6058K(314560K), 0,0075710 secs] 315742K->37337K(1013632K), 0,0076830 secs] [Times: user=0,06 sys=0,00, real=0,01 secs] 
2015-09-03T01:34:54.944+0200: 554883,121: [GC2015-09-03T01:34:54.944+0200: 554883,121: [ParNew: 285674K->7555K(314560K), 0,0080670 secs] 316953K->39328K(1013632K), 0,0082150 secs] [Times: user=0,05 sys=0,01, real=0,01 secs] 
2015-09-03T01:35:52.844+0200: 554941,021: [GC2015-09-03T01:35:52.844+0200: 554941,021: [ParNew: 287171K->7844K(314560K), 0,0084830 secs] 318944K->40277K(1013632K), 0,0086030 secs] [Times: user=0,07 sys=0,00, real=0,00 secs] 
2015-09-03T01:36:50.797+0200: 554998,974: [GC2015-09-03T01:36:50.798+0200: 554998,974: [ParNew: 287460K->8504K(314560K), 0,0094800 secs] 319893K->41551K(1013632K), 0,0096000 secs] [Times: user=0,06 sys=0,00, real=0,01 secs] 
2015-09-03T01:37:48.830+0200: 555057,006: [GC2015-09-03T01:37:48.830+0200: 555057,007: [ParNew: 288120K->7881K(314560K), 0,0090090 secs] 321167K->41479K(1013632K), 0,0091320 secs] [Times: user=0,08 sys=0,00, real=0,01 secs] 
2015-09-03T01:38:46.848+0200: 555115,024: [GC2015-09-03T01:38:46.848+0200: 555115,024: [ParNew: 287497K->8567K(314560K), 0,0098400 secs] 321095K->42816K(1013632K), 0,0099800 secs] [Times: user=0,08 sys=0,00, real=0,01 secs] 
2015-09-03T01:39:44.684+0200: 555172,861: [GC2015-09-03T01:39:44.684+0200: 555172,861: [ParNew: 288183K->9125K(314560K), 0,0105620 secs] 322432K->44261K(1013632K), 0,0106810 secs] [Times: user=0,07 sys=0,00, real=0,01 secs] 
2015-09-03T01:40:42.461+0200: 555230,637: [GC2015-09-03T01:40:42.461+0200: 555230,637: [ParNew: 288741K->8033K(314560K), 0,0102520 secs] 323877K->44088K(1013632K), 0,0103670 secs] [Times: user=0,08 sys=0,00, real=0,01 secs] 
2015-09-03T01:41:40.340+0200: 555288,517: [GC2015-09-03T01:41:40.340+0200: 555288,517: [ParNew: 287649K->8463K(314560K), 0,0112690 secs] 323704K->45444K(1013632K), 0,0113870 secs] [Times: user=0,06 sys=0,00, real=0,01 secs] 
2015-09-03T01:42:38.105+0200: 555346,281: [GC2015-09-03T01:42:38.105+0200: 555346,281: [ParNew: 288079K->8004K(314560K), 0,0093430 secs] 325060K->45911K(1013632K), 0,0094490 secs] [Times: user=0,04 sys=0,00, real=0,00 secs] 
2015-09-03T01:43:35.997+0200: 555404,174: [GC2015-09-03T01:43:35.997+0200: 555404,174: [ParNew: 287620K->6880K(314560K), 0,0101790 secs] 325527K->45738K(1013632K), 0,0103100 secs] [Times: user=0,07 sys=0,00, real=0,01 secs] 
2015-09-03T01:44:34.030+0200: 555462,207: [GC2015-09-03T01:44:34.030+0200: 555462,207: [ParNew: 286496K->6961K(314560K), 0,0085000 secs] 325354K->46566K(1013632K), 0,0086200 secs] [Times: user=0,06 sys=0,00, real=0,01 secs] 
2015-09-03T01:45:32.062+0200: 555520,238: [GC2015-09-03T01:45:32.062+0200: 555520,238: [ParNew: 286577K->5549K(314560K), 0,0101300 secs] 326182K->46232K(1013632K), 0,0102620 secs] [Times: user=0,08 sys=0,00, real=0,01 secs] 
2015-09-03T01:46:29.781+0200: 555577,957: [GC2015-09-03T01:46:29.781+0200: 555577,957: [ParNew: 285165K->6443K(314560K), 0,0090490 secs] 325848K->47627K(1013632K), 0,0091510 secs] [Times: user=0,06 sys=0,00, real=0,01 secs] 
2015-09-03T01:47:27.717+0200: 555635,894: [GC2015-09-03T01:47:27.717+0200: 555635,894: [ParNew: 286059K->6852K(314560K), 0,0113830 secs] 327243K->48556K(1013632K), 0,0115020 secs] [Times: user=0,06 sys=0,00, real=0,01 secs] 
2015-09-03T01:48:25.393+0200: 555693,569: [GC2015-09-03T01:48:25.393+0200: 555693,569: [ParNew: 286468K->7969K(314560K), 0,0096850 secs] 328172K->50202K(1013632K), 0,0098110 secs] [Times: user=0,06 sys=0,00, real=0,01 secs] 
2015-09-03T01:49:23.199+0200: 555751,375: [GC2015-09-03T01:49:23.199+0200: 555751,376: [ParNew: 287585K->8723K(314560K), 0,0133670 secs] 329818K->51519K(1013632K), 0,0134850 secs] [Times: user=0,08 sys=0,00, real=0,01 secs] 
2015-09-03T01:50:21.575+0200: 555809,752: [GC2015-09-03T01:50:21.575+0200: 555809,752: [ParNew: 288339K->8120K(314560K), 0,0107780 secs] 331135K->51588K(1013632K), 0,0109020 secs] [Times: user=0,09 sys=0,00, real=0,02 secs] 
2015-09-03T01:51:20.065+0200: 555868,242: [GC2015-09-03T01:51:20.065+0200: 555868,242: [ParNew: 287736K->10814K(314560K), 0,0119290 secs] 331204K->55195K(1013632K), 0,0120620 secs] [Times: user=0,08 sys=0,00, real=0,01 secs] 
2015-09-03T01:52:17.847+0200: 555926,023: [GC2015-09-03T01:52:17.847+0200: 555926,023: [ParNew: 290430K->7828K(314560K), 0,0150790 secs] 334811K->53170K(1013632K), 0,0151950 secs] [Times: user=0,12 sys=0,00, real=0,01 secs] 
2015-09-03T01:53:15.684+0200: 555983,861: [GC2015-09-03T01:53:15.684+0200: 555983,861: [ParNew: 287444K->10196K(314560K), 0,0108430 secs] 332786K->56542K(1013632K), 0,0109570 secs] [Times: user=0,06 sys=0,00, real=0,00 secs] 
2015-09-03T01:54:13.718+0200: 556041,894: [GC2015-09-03T01:54:13.718+0200: 556041,895: [ParNew: 289812K->7704K(314560K), 0,0124520 secs] 336158K->55047K(1013632K), 0,0125730 secs] [Times: user=0,09 sys=0,00, real=0,01 secs] 
2015-09-03T01:55:11.753+0200: 556099,930: [GC2015-09-03T01:55:11.753+0200: 556099,930: [ParNew: 287320K->8176K(314560K), 0,0105250 secs] 334663K->56431K(1013632K), 0,0106460 secs] [Times: user=0,08 sys=0,00, real=0,01 secs] 
2015-09-03T01:56:09.787+0200: 556157,963: [GC2015-09-03T01:56:09.787+0200: 556157,963: [ParNew: 287792K->8396K(314560K), 0,0110270 secs] 336047K->57569K(1013632K), 0,0111670 secs] [Times: user=0,09 sys=0,00, real=0,01 secs] 
2015-09-03T01:57:07.821+0200: 556215,997: [GC2015-09-03T01:57:07.821+0200: 556215,997: [ParNew: 288012K->9279K(314560K), 0,0108490 secs] 337185K->59380K(1013632K), 0,0109600 secs] [Times: user=0,08 sys=0,00, real=0,01 secs] 
2015-09-03T01:58:05.854+0200: 556274,031: [GC2015-09-03T01:58:05.854+0200: 556274,031: [ParNew: 288895K->8713K(314560K), 0,0107730 secs] 338996K->59731K(1013632K), 0,0108960 secs] [Times: user=0,10 sys=0,00, real=0,02 secs] 
2015-09-03T01:59:03.888+0200: 556332,065: [GC2015-09-03T01:59:03.888+0200: 556332,065: [ParNew: 288329K->9590K(314560K), 0,0110200 secs] 339347K->61548K(1013632K), 0,0111260 secs] [Times: user=0,07 sys=0,00, real=0,01 secs] 
2015-09-03T02:00:01.922+0200: 556390,099: [GC2015-09-03T02:00:01.922+0200: 556390,099: [ParNew: 289206K->8236K(314560K), 0,0125590 secs] 341164K->61119K(1013632K), 0,0126860 secs] [Times: user=0,09 sys=0,00, real=0,01 secs] 
2015-09-03T02:00:59.958+0200: 556448,134: [GC2015-09-03T02:00:59.958+0200: 556448,134: [ParNew: 287852K->9130K(314560K), 0,0117510 secs] 340735K->63023K(1013632K), 0,0118690 secs] [Times: user=0,09 sys=0,00, real=0,01 secs] 
2015-09-03T02:01:57.810+0200: 556505,987: [GC2015-09-03T02:01:57.810+0200: 556505,987: [ParNew: 288746K->9953K(314560K), 0,0117550 secs] 342639K->64870K(1013632K), 0,0118760 secs] [Times: user=0,09 sys=0,00, real=0,01 secs] 
2015-09-03T02:02:55.816+0200: 556563,992: [GC2015-09-03T02:02:55.816+0200: 556563,992: [ParNew: 289569K->8418K(314560K), 0,0110720 secs] 344486K->64273K(1013632K), 0,0111880 secs] [Times: user=0,09 sys=0,00, real=0,02 secs] 
2015-09-03T02:03:53.774+0200: 556621,951: [GC2015-09-03T02:03:53.774+0200: 556621,951: [ParNew: 288034K->7942K(314560K), 0,0103140 secs] 343889K->64721K(1013632K), 0,0104520 secs] [Times: user=0,08 sys=0,00, real=0,02 secs] 
2015-09-03T02:04:51.672+0200: 556679,848: [GC2015-09-03T02:04:51.672+0200: 556679,848: [ParNew: 287558K->10065K(314560K), 0,0119780 secs] 344337K->67784K(1013632K), 0,0120990 secs] [Times: user=0,10 sys=0,00, real=0,01 secs] 
2015-09-03T02:05:49.527+0200: 556737,704: [GC2015-09-03T02:05:49.527+0200: 556737,704: [ParNew: 289681K->7691K(314560K), 0,0109920 secs] 347400K->66351K(1013632K), 0,0111600 secs] [Times: user=0,09 sys=0,00, real=0,01 secs] 
2015-09-03T02:06:47.528+0200: 556795,705: [GC2015-09-03T02:06:47.528+0200: 556795,705: [ParNew: 287307K->8657K(314560K), 0,0116110 secs] 345967K->68258K(1013632K), 0,0117280 secs] [Times: user=0,07 sys=0,00, real=0,01 secs] 
2015-09-03T02:07:45.563+0200: 556853,739: [GC2015-09-03T02:07:45.563+0200: 556853,739: [ParNew: 288273K->9449K(314560K), 0,0123740 secs] 347874K->69971K(1013632K), 0,0124970 secs] [Times: user=0,08 sys=0,00, real=0,01 secs] 
2015-09-03T02:08:43.599+0200: 556911,775: [GC2015-09-03T02:08:43.599+0200: 556911,775: [ParNew: 289065K->8254K(314560K), 0,0117620 secs] 349587K->69758K(1013632K), 0,0118750 secs] [Times: user=0,09 sys=0,00, real=0,01 secs] 
2015-09-03T02:09:41.633+0200: 556969,810: [GC2015-09-03T02:09:41.633+0200: 556969,810: [ParNew: 287870K->8362K(314560K), 0,0114940 secs] 349374K->70876K(1013632K), 0,0116110 secs] [Times: user=0,07 sys=0,01, real=0,02 secs] 
2015-09-03T02:10:39.667+0200: 557027,844: [GC2015-09-03T02:10:39.667+0200: 557027,844: [ParNew: 287978K->9935K(314560K), 0,0111290 secs] 350492K->73468K(1013632K), 0,0112360 secs] [Times: user=0,08 sys=0,00, real=0,01 secs] 
2015-09-03T02:11:37.702+0200: 557085,878: [GC2015-09-03T02:11:37.702+0200: 557085,878: [ParNew: 289551K->9185K(314560K), 0,0107790 secs] 353084K->73656K(1013632K), 0,0108830 secs] [Times: user=0,07 sys=0,00, real=0,01 secs] 
2015-09-03T02:12:35.736+0200: 557143,912: [GC2015-09-03T02:12:35.736+0200: 557143,912: [ParNew: 288801K->9417K(314560K), 0,0114450 secs] 353272K->74827K(1013632K), 0,0115720 secs] [Times: user=0,10 sys=0,00, real=0,02 secs] 
2015-09-03T02:13:33.770+0200: 557201,947: [GC2015-09-03T02:13:33.770+0200: 557201,947: [ParNew: 289033K->9367K(314560K), 0,0105840 secs] 354443K->75700K(1013632K), 0,0107140 secs] [Times: user=0,08 sys=0,00, real=0,01 secs] 
2015-09-03T02:14:31.806+0200: 557259,983: [GC2015-09-03T02:14:31.806+0200: 557259,983: [ParNew: 288983K->9459K(314560K), 0,0143680 secs] 355316K->76733K(1013632K), 0,0144870 secs] [Times: user=0,08 sys=0,00, real=0,01 secs] 
2015-09-03T02:15:29.843+0200: 557318,020: [GC2015-09-03T02:15:29.843+0200: 557318,020: [ParNew: 289075K->9586K(314560K), 0,0093430 secs] 356349K->77799K(1013632K), 0,0094140 secs] [Times: user=0,06 sys=0,00, real=0,01 secs] 
2015-09-03T02:16:27.847+0200: 557376,023: [GC2015-09-03T02:16:27.847+0200: 557376,023: [ParNew: 289202K->9728K(314560K), 0,0109820 secs] 357415K->78875K(1013632K), 0,0111020 secs] [Times: user=0,09 sys=0,00, real=0,01 secs] 
2015-09-03T02:17:25.698+0200: 557433,874: [GC2015-09-03T02:17:25.698+0200: 557433,875: [ParNew: 289344K->9102K(314560K), 0,0108960 secs] 358491K->79255K(1013632K), 0,0110300 secs] [Times: user=0,08 sys=0,00, real=0,01 secs] 
2015-09-03T02:18:23.731+0200: 557491,908: [GC2015-09-03T02:18:23.732+0200: 557491,908: [ParNew: 288718K->9162K(314560K), 0,0127690 secs] 358871K->80325K(1013632K), 0,0129070 secs] [Times: user=0,08 sys=0,00, real=0,02 secs] 
2015-09-03T02:19:21.767+0200: 557549,943: [GC2015-09-03T02:19:21.767+0200: 557549,944: [ParNew: 288778K->8435K(314560K), 0,0114050 secs] 359941K->80523K(1013632K), 0,0115400 secs] [Times: user=0,08 sys=0,00, real=0,01 secs] 
2015-09-03T02:20:19.801+0200: 557607,978: [GC2015-09-03T02:20:19.801+0200: 557607,978: [ParNew: 288051K->8670K(314560K), 0,0099650 secs] 360139K->81699K(1013632K), 0,0100880 secs] [Times: user=0,07 sys=0,00, real=0,01 secs] 
2015-09-03T02:21:17.751+0200: 557665,927: [GC2015-09-03T02:21:17.751+0200: 557665,927: [ParNew: 288286K->8635K(314560K), 0,0114820 secs] 361315K->82610K(1013632K), 0,0115940 secs] [Times: user=0,08 sys=0,00, real=0,01 secs] 
2015-09-03T02:22:15.657+0200: 557723,833: [GC2015-09-03T02:22:15.657+0200: 557723,834: [ParNew: 288251K->8705K(314560K), 0,0130870 secs] 362226K->83611K(1013632K), 0,0132050 secs] [Times: user=0,08 sys=0,00, real=0,01 secs] 
2015-09-03T02:23:13.693+0200: 557781,870: [GC2015-09-03T02:23:13.693+0200: 557781,870: [ParNew: 288321K->9563K(314560K), 0,0112580 secs] 363227K->85410K(1013632K), 0,0114320 secs] [Times: user=0,07 sys=0,00, real=0,02 secs] 
2015-09-03T02:24:11.727+0200: 557839,904: [GC2015-09-03T02:24:11.727+0200: 557839,904: [ParNew: 289179K->8205K(314560K), 0,0113260 secs] 365026K->84999K(1013632K), 0,0114380 secs] [Times: user=0,09 sys=0,00, real=0,01 secs] 
2015-09-03T02:25:09.761+0200: 557897,938: [GC2015-09-03T02:25:09.761+0200: 557897,938: [ParNew: 287821K->9808K(314560K), 0,0116590 secs] 364615K->87551K(1013632K), 0,0117760 secs] [Times: user=0,09 sys=0,00, real=0,01 secs] 
2015-09-03T02:26:07.796+0200: 557955,972: [GC2015-09-03T02:26:07.796+0200: 557955,973: [ParNew: 289424K->9159K(314560K), 0,0133170 secs] 367167K->87933K(1013632K), 0,0134250 secs] [Times: user=0,11 sys=0,00, real=0,02 secs] 
2015-09-03T02:27:05.832+0200: 558014,009: [GC2015-09-03T02:27:05.832+0200: 558014,009: [ParNew: 288775K->9181K(314560K), 0,0109420 secs] 367549K->88975K(1013632K), 0,0110810 secs] [Times: user=0,09 sys=0,00, real=0,01 secs] 
2015-09-03T02:28:03.573+0200: 558071,750: [GC2015-09-03T02:28:03.573+0200: 558071,750: [ParNew: 288797K->9951K(314560K), 0,0140920 secs] 368591K->90684K(1013632K), 0,0142190 secs] [Times: user=0,09 sys=0,00, real=0,02 secs] 
2015-09-03T02:29:01.488+0200: 558129,664: [GC2015-09-03T02:29:01.488+0200: 558129,664: [ParNew: 289567K->8547K(314560K), 0,0107410 secs] 370300K->90221K(1013632K), 0,0108610 secs] [Times: user=0,10 sys=0,00, real=0,01 secs] 
2015-09-03T02:29:59.521+0200: 558187,698: [GC2015-09-03T02:29:59.521+0200: 558187,698: [ParNew: 288163K->8887K(314560K), 0,0105740 secs] 369837K->91487K(1013632K), 0,0106960 secs] [Times: user=0,06 sys=0,00, real=0,01 secs] 
2015-09-03T02:30:57.555+0200: 558245,732: [GC2015-09-03T02:30:57.555+0200: 558245,732: [ParNew: 288503K->7696K(314560K), 0,0106450 secs] 371103K->91231K(1013632K), 0,0107800 secs] [Times: user=0,08 sys=0,00, real=0,02 secs] 
2015-09-03T02:31:55.588+0200: 558303,765: [GC2015-09-03T02:31:55.588+0200: 558303,765: [ParNew: 287312K->7166K(314560K), 0,0103240 secs] 370847K->91640K(1013632K), 0,0104470 secs] [Times: user=0,07 sys=0,00, real=0,01 secs] 
2015-09-03T02:32:53.622+0200: 558361,798: [GC2015-09-03T02:32:53.622+0200: 558361,798: [ParNew: 286782K->6618K(314560K), 0,0095000 secs] 371256K->92023K(1013632K), 0,0096240 secs] [Times: user=0,06 sys=0,00, real=0,01 secs] 
2015-09-03T02:33:51.460+0200: 558419,637: [GC2015-09-03T02:33:51.460+0200: 558419,637: [ParNew: 286234K->6613K(314560K), 0,0115220 secs] 371639K->92981K(1013632K), 0,0116560 secs] [Times: user=0,06 sys=0,01, real=0,01 secs] 
2015-09-03T02:34:49.476+0200: 558477,653: [GC2015-09-03T02:34:49.476+0200: 558477,653: [ParNew: 286229K->5096K(314560K), 0,0092100 secs] 372597K->92032K(1013632K), 0,0093280 secs] [Times: user=0,06 sys=0,00, real=0,01 secs] 
2015-09-03T02:35:47.474+0200: 558535,651: [GC2015-09-03T02:35:47.474+0200: 558535,651: [ParNew: 284712K->6064K(314560K), 0,0084730 secs] 371648K->93641K(1013632K), 0,0086010 secs] [Times: user=0,05 sys=0,00, real=0,01 secs] 
2015-09-03T02:36:45.331+0200: 558593,507: [GC2015-09-03T02:36:45.331+0200: 558593,507: [ParNew: 285680K->6902K(314560K), 0,0091940 secs] 373257K->94976K(1013632K), 0,0093270 secs] [Times: user=0,05 sys=0,00, real=0,01 secs] 
2015-09-03T02:37:43.105+0200: 558651,281: [GC2015-09-03T02:37:43.105+0200: 558651,281: [ParNew: 286518K->7628K(314560K), 0,0077690 secs] 374592K->96218K(1013632K), 0,0078710 secs] [Times: user=0,04 sys=0,01, real=0,00 secs] 
2015-09-03T02:38:40.910+0200: 558709,087: [GC2015-09-03T02:38:40.911+0200: 558709,087: [ParNew: 287244K->8897K(314560K), 0,0093630 secs] 375834K->98025K(1013632K), 0,0094880 secs] [Times: user=0,06 sys=0,00, real=0,01 secs] 
2015-09-03T02:39:38.790+0200: 558766,967: [GC2015-09-03T02:39:38.791+0200: 558766,967: [ParNew: 288513K->9275K(314560K), 0,0087140 secs] 377641K->99037K(1013632K), 0,0088350 secs] [Times: user=0,07 sys=0,00, real=0,01 secs] 
2015-09-03T02:40:36.631+0200: 558824,807: [GC2015-09-03T02:40:36.631+0200: 558824,807: [ParNew: 288891K->7143K(314560K), 0,0107250 secs] 378653K->97717K(1013632K), 0,0108520 secs] [Times: user=0,10 sys=0,00, real=0,01 secs] 
2015-09-03T02:41:34.601+0200: 558882,777: [GC2015-09-03T02:41:34.601+0200: 558882,777: [ParNew: 286759K->8321K(314560K), 0,0103170 secs] 377333K->99778K(1013632K), 0,0104720 secs] [Times: user=0,08 sys=0,00, real=0,01 secs] 
2015-09-03T02:42:32.452+0200: 558940,628: [GC2015-09-03T02:42:32.452+0200: 558940,628: [ParNew: 287937K->8012K(314560K), 0,0107070 secs] 379394K->100461K(1013632K), 0,0108320 secs] [Times: user=0,08 sys=0,00, real=0,01 secs] 
2015-09-03T02:43:30.310+0200: 558998,486: [GC2015-09-03T02:43:30.310+0200: 558998,486: [ParNew: 287628K->6361K(314560K), 0,0098240 secs] 380077K->99819K(1013632K), 0,0099470 secs] [Times: user=0,07 sys=0,00, real=0,01 secs] 
2015-09-03T02:44:28.105+0200: 559056,281: [GC2015-09-03T02:44:28.105+0200: 559056,281: [ParNew: 285977K->5887K(314560K), 0,0086280 secs] 379435K->100047K(1013632K), 0,0087470 secs] [Times: user=0,07 sys=0,00, real=0,00 secs] 
2015-09-03T02:45:26.122+0200: 559114,298: [GC2015-09-03T02:45:26.122+0200: 559114,298: [ParNew: 285503K->6138K(314560K), 0,0081610 secs] 379663K->100796K(1013632K), 0,0082780 secs] [Times: user=0,07 sys=0,00, real=0,01 secs] 
2015-09-03T02:46:23.988+0200: 559172,164: [GC2015-09-03T02:46:23.988+0200: 559172,164: [ParNew: 285754K->5853K(314560K), 0,0139030 secs] 380412K->101523K(1013632K), 0,0140370 secs] [Times: user=0,11 sys=0,00, real=0,01 secs] 
2015-09-03T02:47:21.742+0200: 559229,918: [GC2015-09-03T02:47:21.742+0200: 559229,918: [ParNew: 285469K->6442K(314560K), 0,0088440 secs] 381139K->102629K(1013632K), 0,0089770 secs] [Times: user=0,06 sys=0,00, real=0,01 secs] 
2015-09-03T02:48:19.646+0200: 559287,823: [GC2015-09-03T02:48:19.647+0200: 559287,823: [ParNew: 286058K->8141K(314560K), 0,0087350 secs] 382245K->104853K(1013632K), 0,0088460 secs] [Times: user=0,06 sys=0,00, real=0,00 secs] 
2015-09-03T02:49:17.678+0200: 559345,855: [GC2015-09-03T02:49:17.678+0200: 559345,855: [ParNew: 287757K->8942K(314560K), 0,0104940 secs] 384469K->106224K(1013632K), 0,0107660 secs] [Times: user=0,07 sys=0,00, real=0,01 secs] 
2015-09-03T02:50:15.712+0200: 559403,888: [GC2015-09-03T02:50:15.712+0200: 559403,888: [ParNew: 288558K->9737K(314560K), 0,0104530 secs] 385840K->107699K(1013632K), 0,0105760 secs] [Times: user=0,09 sys=0,00, real=0,01 secs] 
2015-09-03T02:51:13.745+0200: 559461,922: [GC2015-09-03T02:51:13.745+0200: 559461,922: [ParNew: 289353K->8157K(314560K), 0,0117040 secs] 387315K->107098K(1013632K), 0,0118330 secs] [Times: user=0,10 sys=0,00, real=0,01 secs] 
2015-09-03T02:52:11.494+0200: 559519,671: [GC2015-09-03T02:52:11.494+0200: 559519,671: [ParNew: 287773K->9851K(314560K), 0,0111330 secs] 386714K->109808K(1013632K), 0,0112500 secs] [Times: user=0,09 sys=0,00, real=0,02 secs] 
2015-09-03T02:53:09.402+0200: 559577,579: [GC2015-09-03T02:53:09.402+0200: 559577,579: [ParNew: 289467K->8368K(314560K), 0,0110600 secs] 389424K->109231K(1013632K), 0,0111780 secs] [Times: user=0,09 sys=0,00, real=0,01 secs] 
2015-09-03T02:54:07.135+0200: 559635,312: [GC2015-09-03T02:54:07.135+0200: 559635,312: [ParNew: 287984K->7941K(314560K), 0,0079320 secs] 388847K->109743K(1013632K), 0,0080340 secs] [Times: user=0,06 sys=0,00, real=0,01 secs] 
2015-09-03T02:55:05.058+0200: 559693,235: [GC2015-09-03T02:55:05.058+0200: 559693,235: [ParNew: 287557K->9348K(314560K), 0,0089360 secs] 389359K->112090K(1013632K), 0,0090460 secs] [Times: user=0,07 sys=0,00, real=0,01 secs] 
2015-09-03T02:56:03.090+0200: 559751,267: [GC2015-09-03T02:56:03.090+0200: 559751,267: [ParNew: 288964K->8706K(314560K), 0,0126220 secs] 391706K->112384K(1013632K), 0,0127600 secs] [Times: user=0,08 sys=0,00, real=0,01 secs] 
2015-09-03T02:57:01.126+0200: 559809,302: [GC2015-09-03T02:57:01.126+0200: 559809,302: [ParNew: 288322K->8820K(314560K), 0,0098950 secs] 392000K->113439K(1013632K), 0,0100280 secs] [Times: user=0,07 sys=0,00, real=0,00 secs] 
2015-09-03T02:57:59.158+0200: 559867,335: [GC2015-09-03T02:57:59.158+0200: 559867,335: [ParNew: 288436K->10446K(314560K), 0,0107100 secs] 393055K->115982K(1013632K), 0,0108230 secs] [Times: user=0,09 sys=0,00, real=0,01 secs] 
2015-09-03T02:58:57.192+0200: 559925,368: [GC2015-09-03T02:58:57.192+0200: 559925,368: [ParNew: 290062K->8033K(314560K), 0,0107450 secs] 395598K->114561K(1013632K), 0,0108580 secs] [Times: user=0,09 sys=0,00, real=0,01 secs] 
2015-09-03T02:59:55.228+0200: 559983,405: [GC2015-09-03T02:59:55.228+0200: 559983,405: [ParNew: 287649K->10427K(314560K), 0,0113100 secs] 394177K->117969K(1013632K), 0,0114180 secs] [Times: user=0,10 sys=0,00, real=0,01 secs] 
2015-09-03T03:00:53.105+0200: 560041,281: [GC2015-09-03T03:00:53.105+0200: 560041,281: [ParNew: 290043K->7400K(314560K), 0,0109250 secs] 397585K->115964K(1013632K), 0,0110420 secs] [Times: user=0,07 sys=0,00, real=0,00 secs] 
2015-09-03T03:01:51.084+0200: 560099,261: [GC2015-09-03T03:01:51.085+0200: 560099,261: [ParNew: 287016K->8324K(314560K), 0,0095140 secs] 395580K->117823K(1013632K), 0,0096490 secs] [Times: user=0,08 sys=0,00, real=0,00 secs] 
2015-09-03T03:02:49.114+0200: 560157,290: [GC2015-09-03T03:02:49.114+0200: 560157,290: [ParNew: 287940K->8537K(314560K), 0,0100010 secs] 397439K->118987K(1013632K), 0,0101270 secs] [Times: user=0,07 sys=0,00, real=0,01 secs] 
2015-09-03T03:03:46.947+0200: 560215,123: [GC2015-09-03T03:03:46.947+0200: 560215,123: [ParNew: 288153K->8674K(314560K), 0,0117130 secs] 398603K->120059K(1013632K), 0,0118350 secs] [Times: user=0,09 sys=0,00, real=0,01 secs] 
2015-09-03T03:04:44.731+0200: 560272,907: [GC2015-09-03T03:04:44.731+0200: 560272,908: [ParNew: 288290K->9554K(314560K), 0,0152140 secs] 399675K->121898K(1013632K), 0,0153350 secs] [Times: user=0,11 sys=0,00, real=0,02 secs] 
2015-09-03T03:05:42.605+0200: 560330,782: [GC2015-09-03T03:05:42.605+0200: 560330,782: [ParNew: 289170K->8923K(314560K), 0,0112030 secs] 401514K->122197K(1013632K), 0,0113180 secs] [Times: user=0,07 sys=0,00, real=0,01 secs] 
2015-09-03T03:06:40.354+0200: 560388,530: [GC2015-09-03T03:06:40.354+0200: 560388,530: [ParNew: 288539K->10559K(314560K), 0,0116140 secs] 401813K->124775K(1013632K), 0,0117470 secs] [Times: user=0,09 sys=0,00, real=0,02 secs] 
2015-09-03T03:07:38.105+0200: 560446,281: [GC2015-09-03T03:07:38.105+0200: 560446,281: [ParNew: 290175K->7624K(314560K), 0,0115120 secs] 404391K->122855K(1013632K), 0,0116320 secs] [Times: user=0,08 sys=0,00, real=0,01 secs] 
2015-09-03T03:08:35.974+0200: 560504,150: [GC2015-09-03T03:08:35.974+0200: 560504,150: [ParNew: 287240K->9730K(314560K), 0,0113520 secs] 402471K->125990K(1013632K), 0,0114750 secs] [Times: user=0,10 sys=0,00, real=0,02 secs] 
2015-09-03T03:09:33.906+0200: 560562,082: [GC2015-09-03T03:09:33.906+0200: 560562,083: [ParNew: 289346K->8997K(314560K), 0,0115970 secs] 405606K->126208K(1013632K), 0,0117130 secs] [Times: user=0,08 sys=0,00, real=0,01 secs] 
2015-09-03T03:10:31.596+0200: 560619,772: [GC2015-09-03T03:10:31.596+0200: 560619,772: [ParNew: 288613K->7890K(314560K), 0,0110950 secs] 405824K->126037K(1013632K), 0,0112210 secs] [Times: user=0,10 sys=0,00, real=0,02 secs] 
2015-09-03T03:11:29.560+0200: 560677,737: [GC2015-09-03T03:11:29.560+0200: 560677,737: [ParNew: 287506K->7898K(314560K), 0,0110390 secs] 405653K->126981K(1013632K), 0,0111580 secs] [Times: user=0,08 sys=0,01, real=0,01 secs] 
2015-09-03T03:12:27.394+0200: 560735,571: [GC2015-09-03T03:12:27.394+0200: 560735,571: [ParNew: 287514K->8715K(314560K), 0,0108210 secs] 406597K->128735K(1013632K), 0,0109320 secs] [Times: user=0,10 sys=0,00, real=0,02 secs] 
2015-09-03T03:13:25.428+0200: 560793,605: [GC2015-09-03T03:13:25.428+0200: 560793,605: [ParNew: 288331K->9568K(314560K), 0,0110790 secs] 408351K->130518K(1013632K), 0,0112070 secs] [Times: user=0,08 sys=0,00, real=0,01 secs] 
2015-09-03T03:14:23.201+0200: 560851,377: [GC2015-09-03T03:14:23.201+0200: 560851,378: [ParNew: 289184K->9694K(314560K), 0,0098250 secs] 410134K->131587K(1013632K), 0,0099410 secs] [Times: user=0,08 sys=0,00, real=0,01 secs] 
2015-09-03T03:15:21.739+0200: 560909,916: [GC2015-09-03T03:15:21.739+0200: 560909,916: [ParNew: 289310K->9827K(314560K), 0,0125180 secs] 411203K->132683K(1013632K), 0,0126340 secs] [Times: user=0,09 sys=0,00, real=0,01 secs] 
2015-09-03T03:16:19.707+0200: 560967,883: [GC2015-09-03T03:16:19.707+0200: 560967,883: [ParNew: 289443K->8421K(314560K), 0,0113980 secs] 412299K->132310K(1013632K), 0,0115310 secs] [Times: user=0,09 sys=0,00, real=0,01 secs] 
2015-09-03T03:17:17.741+0200: 561025,918: [GC2015-09-03T03:17:17.741+0200: 561025,918: [ParNew: 288037K->9194K(314560K), 0,0116950 secs] 411926K->134108K(1013632K), 0,0118070 secs] [Times: user=0,09 sys=0,00, real=0,01 secs] 
2015-09-03T03:18:15.526+0200: 561083,702: [GC2015-09-03T03:18:15.526+0200: 561083,702: [ParNew: 288810K->7667K(314560K), 0,0117370 secs] 413724K->133516K(1013632K), 0,0118490 secs] [Times: user=0,09 sys=0,00, real=0,01 secs] 
2015-09-03T03:19:13.399+0200: 561141,575: [GC2015-09-03T03:19:13.399+0200: 561141,575: [ParNew: 287283K->9426K(314560K), 0,0108960 secs] 413132K->136200K(1013632K), 0,0110220 secs] [Times: user=0,09 sys=0,00, real=0,01 secs] 
2015-09-03T03:20:11.432+0200: 561199,609: [GC2015-09-03T03:20:11.432+0200: 561199,609: [ParNew: 289042K->9419K(314560K), 0,0108180 secs] 415816K->137133K(1013632K), 0,0109420 secs] [Times: user=0,08 sys=0,00, real=0,01 secs] 
2015-09-03T03:21:09.466+0200: 561257,643: [GC2015-09-03T03:21:09.466+0200: 561257,643: [ParNew: 289035K->8783K(314560K), 0,0117070 secs] 416749K->137452K(1013632K), 0,0118320 secs] [Times: user=0,08 sys=0,00, real=0,01 secs] 
2015-09-03T03:22:07.501+0200: 561315,678: [GC2015-09-03T03:22:07.501+0200: 561315,678: [ParNew: 288399K->8908K(314560K), 0,0108860 secs] 417068K->138503K(1013632K), 0,0110090 secs] [Times: user=0,07 sys=0,00, real=0,01 secs] 
2015-09-03T03:23:05.535+0200: 561373,711: [GC2015-09-03T03:23:05.535+0200: 561373,711: [ParNew: 288524K->9045K(314560K), 0,0109440 secs] 418119K->139580K(1013632K), 0,0110650 secs] [Times: user=0,09 sys=0,00, real=0,02 secs] 
2015-09-03T03:24:03.569+0200: 561431,745: [GC2015-09-03T03:24:03.569+0200: 561431,745: [ParNew: 288661K->8427K(314560K), 0,0116440 secs] 419196K->139959K(1013632K), 0,0117690 secs] [Times: user=0,07 sys=0,00, real=0,01 secs] 
2015-09-03T03:25:01.604+0200: 561489,781: [GC2015-09-03T03:25:01.604+0200: 561489,781: [ParNew: 288043K->8484K(314560K), 0,0117920 secs] 419575K->141051K(1013632K), 0,0119230 secs] [Times: user=0,09 sys=0,00, real=0,01 secs] 
2015-09-03T03:25:59.639+0200: 561547,815: [GC2015-09-03T03:25:59.639+0200: 561547,815: [ParNew: 288100K->8516K(314560K), 0,0110870 secs] 420667K->142020K(1013632K), 0,0112140 secs] [Times: user=0,10 sys=0,00, real=0,01 secs] 
2015-09-03T03:26:57.673+0200: 561605,849: [GC2015-09-03T03:26:57.673+0200: 561605,849: [ParNew: 288132K->7279K(314560K), 0,0109930 secs] 421636K->141744K(1013632K), 0,0111220 secs] [Times: user=0,08 sys=0,00, real=0,01 secs] 
2015-09-03T03:27:55.362+0200: 561663,538: [GC2015-09-03T03:27:55.362+0200: 561663,538: [ParNew: 286895K->10112K(314560K), 0,0114330 secs] 421360K->145514K(1013632K), 0,0115650 secs] [Times: user=0,09 sys=0,00, real=0,01 secs] 
2015-09-03T03:28:53.865+0200: 561722,041: [GC2015-09-03T03:28:53.865+0200: 561722,041: [ParNew: 289728K->8697K(314560K), 0,0111470 secs] 425130K->145055K(1013632K), 0,0112750 secs] [Times: user=0,08 sys=0,00, real=0,00 secs] 
2015-09-03T03:29:51.751+0200: 561779,928: [GC2015-09-03T03:29:51.751+0200: 561779,928: [ParNew: 288313K->6913K(314560K), 0,0105170 secs] 424671K->144204K(1013632K), 0,0106470 secs] [Times: user=0,10 sys=0,00, real=0,01 secs] 
2015-09-03T03:30:49.785+0200: 561837,961: [GC2015-09-03T03:30:49.785+0200: 561837,961: [ParNew: 286529K->7313K(314560K), 0,0102110 secs] 423820K->145567K(1013632K), 0,0103220 secs] [Times: user=0,07 sys=0,00, real=0,00 secs] 
2015-09-03T03:31:47.818+0200: 561895,995: [GC2015-09-03T03:31:47.818+0200: 561895,995: [ParNew: 286929K->6804K(314560K), 0,0104350 secs] 425183K->146000K(1013632K), 0,0105580 secs] [Times: user=0,07 sys=0,00, real=0,01 secs] 
2015-09-03T03:32:45.851+0200: 561954,027: [GC2015-09-03T03:32:45.851+0200: 561954,027: [ParNew: 286420K->6294K(314560K), 0,0100650 secs] 425616K->146519K(1013632K), 0,0101940 secs] [Times: user=0,08 sys=0,00, real=0,01 secs] 
2015-09-03T03:33:43.884+0200: 562012,060: [GC2015-09-03T03:33:43.884+0200: 562012,060: [ParNew: 285910K->6268K(314560K), 0,0101480 secs] 426135K->147573K(1013632K), 0,0102630 secs] [Times: user=0,07 sys=0,00, real=0,01 secs] 
2015-09-03T03:34:41.917+0200: 562070,094: [GC2015-09-03T03:34:41.917+0200: 562070,094: [ParNew: 285884K->6046K(314560K), 0,0079550 secs] 427189K->147846K(1013632K), 0,0080770 secs] [Times: user=0,06 sys=0,00, real=0,01 secs] 
2015-09-03T03:35:39.948+0200: 562128,124: [GC2015-09-03T03:35:39.948+0200: 562128,125: [ParNew: 285662K->6564K(314560K), 0,0079200 secs] 427462K->148925K(1013632K), 0,0080550 secs] [Times: user=0,06 sys=0,00, real=0,00 secs] 
2015-09-03T03:36:37.979+0200: 562186,155: [GC2015-09-03T03:36:37.979+0200: 562186,155: [ParNew: 286180K->6995K(314560K), 0,0106170 secs] 428541K->149845K(1013632K), 0,0107590 secs] [Times: user=0,08 sys=0,00, real=0,01 secs] 
2015-09-03T03:37:36.014+0200: 562244,190: [GC2015-09-03T03:37:36.014+0200: 562244,191: [ParNew: 286611K->7736K(314560K), 0,0094390 secs] 429461K->151097K(1013632K), 0,0095540 secs] [Times: user=0,06 sys=0,00, real=0,01 secs] 
2015-09-03T03:38:33.658+0200: 562301,834: [GC2015-09-03T03:38:33.658+0200: 562301,834: [ParNew: 287352K->7955K(314560K), 0,0105580 secs] 430713K->151857K(1013632K), 0,0106950 secs] [Times: user=0,05 sys=0,01, real=0,01 secs] 
2015-09-03T03:39:31.482+0200: 562359,659: [GC2015-09-03T03:39:31.482+0200: 562359,659: [ParNew: 287571K->8251K(314560K), 0,0103020 secs] 431473K->152779K(1013632K), 0,0104370 secs] [Times: user=0,06 sys=0,00, real=0,01 secs] 
2015-09-03T03:40:29.491+0200: 562417,667: [GC2015-09-03T03:40:29.491+0200: 562417,667: [ParNew: 287867K->9135K(314560K), 0,0146170 secs] 432395K->154539K(1013632K), 0,0147330 secs] [Times: user=0,11 sys=0,00, real=0,02 secs] 
2015-09-03T03:41:27.528+0200: 562475,705: [GC2015-09-03T03:41:27.528+0200: 562475,705: [ParNew: 288751K->6531K(314560K), 0,0107920 secs] 434155K->152934K(1013632K), 0,0109040 secs] [Times: user=0,09 sys=0,00, real=0,01 secs] 
2015-09-03T03:42:25.562+0200: 562533,739: [GC2015-09-03T03:42:25.562+0200: 562533,739: [ParNew: 286147K->7614K(314560K), 0,0109840 secs] 432550K->155003K(1013632K), 0,0111130 secs] [Times: user=0,09 sys=0,00, real=0,01 secs] 
2015-09-03T03:43:23.199+0200: 562591,375: [GC2015-09-03T03:43:23.199+0200: 562591,376: [ParNew: 287230K->5814K(314560K), 0,0096160 secs] 434619K->154133K(1013632K), 0,0097260 secs] [Times: user=0,06 sys=0,00, real=0,01 secs] 
2015-09-03T03:44:21.697+0200: 562649,874: [GC2015-09-03T03:44:21.697+0200: 562649,874: [ParNew: 285430K->5527K(314560K), 0,0096800 secs] 433749K->154594K(1013632K), 0,0098100 secs] [Times: user=0,06 sys=0,00, real=0,01 secs] 
2015-09-03T03:45:19.641+0200: 562707,818: [GC2015-09-03T03:45:19.641+0200: 562707,818: [ParNew: 285143K->6679K(314560K), 0,0086840 secs] 434210K->156252K(1013632K), 0,0087990 secs] [Times: user=0,08 sys=0,00, real=0,01 secs] 
2015-09-03T03:46:17.673+0200: 562765,849: [GC2015-09-03T03:46:17.673+0200: 562765,849: [ParNew: 286295K->6944K(314560K), 0,0107540 secs] 435868K->157512K(1013632K), 0,0108710 secs] [Times: user=0,06 sys=0,00, real=0,01 secs] 
2015-09-03T03:47:15.707+0200: 562823,883: [GC2015-09-03T03:47:15.707+0200: 562823,883: [ParNew: 286560K->7005K(314560K), 0,0090660 secs] 437128K->158079K(1013632K), 0,0092070 secs] [Times: user=0,05 sys=0,00, real=0,00 secs] 
2015-09-03T03:48:13.738+0200: 562881,915: [GC2015-09-03T03:48:13.738+0200: 562881,915: [ParNew: 286621K->8794K(314560K), 0,0094450 secs] 437695K->160389K(1013632K), 0,0095590 secs] [Times: user=0,07 sys=0,00, real=0,01 secs] 
2015-09-03T03:49:11.771+0200: 562939,947: [GC2015-09-03T03:49:11.771+0200: 562939,947: [ParNew: 288410K->9667K(314560K), 0,0105500 secs] 440005K->161890K(1013632K), 0,0106600 secs] [Times: user=0,08 sys=0,00, real=0,01 secs] 
2015-09-03T03:50:09.806+0200: 562997,982: [GC2015-09-03T03:50:09.806+0200: 562997,982: [ParNew: 289283K->7693K(314560K), 0,0100530 secs] 441506K->160640K(1013632K), 0,0101980 secs] [Times: user=0,07 sys=0,00, real=0,00 secs] 
2015-09-03T03:51:07.839+0200: 563056,015: [GC2015-09-03T03:51:07.839+0200: 563056,015: [ParNew: 287309K->9282K(314560K), 0,0105050 secs] 440256K->163061K(1013632K), 0,0106280 secs] [Times: user=0,09 sys=0,00, real=0,01 secs] 
2015-09-03T03:52:05.872+0200: 563114,048: [GC2015-09-03T03:52:05.872+0200: 563114,048: [ParNew: 288898K->7235K(314560K), 0,0105780 secs] 442677K->161930K(1013632K), 0,0107080 secs] [Times: user=0,10 sys=0,00, real=0,01 secs] 
2015-09-03T03:53:03.905+0200: 563172,082: [GC2015-09-03T03:53:03.905+0200: 563172,082: [ParNew: 286851K->9534K(314560K), 0,0100910 secs] 441546K->165149K(1013632K), 0,0102130 secs] [Times: user=0,07 sys=0,00, real=0,00 secs] 
2015-09-03T03:54:01.896+0200: 563230,072: [GC2015-09-03T03:54:01.896+0200: 563230,072: [ParNew: 289150K->9755K(314560K), 0,0112070 secs] 444765K->166304K(1013632K), 0,0113330 secs] [Times: user=0,10 sys=0,00, real=0,02 secs] 
2015-09-03T03:54:59.761+0200: 563287,937: [GC2015-09-03T03:54:59.761+0200: 563287,937: [ParNew: 289371K->7155K(314560K), 0,0111690 secs] 445920K->164619K(1013632K), 0,0113260 secs] [Times: user=0,06 sys=0,00, real=0,01 secs] 
2015-09-03T03:55:57.795+0200: 563345,971: [GC2015-09-03T03:55:57.795+0200: 563345,971: [ParNew: 286771K->9355K(314560K), 0,0107560 secs] 444235K->167707K(1013632K), 0,0108700 secs] [Times: user=0,10 sys=0,00, real=0,02 secs] 
2015-09-03T03:56:55.828+0200: 563404,004: [GC2015-09-03T03:56:55.828+0200: 563404,004: [ParNew: 288971K->9566K(314560K), 0,0113750 secs] 447323K->168871K(1013632K), 0,0114870 secs] [Times: user=0,07 sys=0,00, real=0,01 secs] 
2015-09-03T03:57:53.862+0200: 563462,038: [GC2015-09-03T03:57:53.862+0200: 563462,038: [ParNew: 289182K->9110K(314560K), 0,0110010 secs] 448487K->169437K(1013632K), 0,0111170 secs] [Times: user=0,10 sys=0,00, real=0,01 secs] 
2015-09-03T03:58:51.896+0200: 563520,072: [GC2015-09-03T03:58:51.896+0200: 563520,073: [ParNew: 288726K->8410K(314560K), 0,0117900 secs] 449053K->169757K(1013632K), 0,0119100 secs] [Times: user=0,09 sys=0,00, real=0,02 secs] 
2015-09-03T03:59:49.808+0200: 563577,984: [GC2015-09-03T03:59:49.808+0200: 563577,984: [ParNew: 288026K->8440K(314560K), 0,0111590 secs] 449373K->170720K(1013632K), 0,0112800 secs] [Times: user=0,09 sys=0,00, real=0,01 secs] 
2015-09-03T04:00:47.753+0200: 563635,929: [GC2015-09-03T04:00:47.753+0200: 563635,929: [ParNew: 288056K->8694K(314560K), 0,0147050 secs] 450336K->171920K(1013632K), 0,0148270 secs] [Times: user=0,08 sys=0,00, real=0,02 secs] 
2015-09-03T04:01:45.790+0200: 563693,967: [GC2015-09-03T04:01:45.790+0200: 563693,967: [ParNew: 288310K->8639K(314560K), 0,0108730 secs] 451536K->172801K(1013632K), 0,0109770 secs] [Times: user=0,09 sys=0,00, real=0,01 secs] 
2015-09-03T04:02:43.672+0200: 563751,849: [GC2015-09-03T04:02:43.672+0200: 563751,849: [ParNew: 288255K->8720K(314560K), 0,0112660 secs] 452417K->173817K(1013632K), 0,0113870 secs] [Times: user=0,08 sys=0,00, real=0,01 secs] 
2015-09-03T04:03:41.522+0200: 563809,698: [GC2015-09-03T04:03:41.522+0200: 563809,699: [ParNew: 288336K->8837K(314560K), 0,0108500 secs] 453433K->174865K(1013632K), 0,0109670 secs] [Times: user=0,08 sys=0,00, real=0,01 secs] 
2015-09-03T04:04:39.469+0200: 563867,645: [GC2015-09-03T04:04:39.469+0200: 563867,645: [ParNew: 288453K->10443K(314560K), 0,0075750 secs] 454481K->177418K(1013632K), 0,0077400 secs] [Times: user=0,05 sys=0,00, real=0,01 secs] 
2015-09-03T04:05:37.333+0200: 563925,510: [GC2015-09-03T04:05:37.333+0200: 563925,510: [ParNew: 290059K->7546K(314560K), 0,0108990 secs] 457034K->175500K(1013632K), 0,0110410 secs] [Times: user=0,06 sys=0,01, real=0,02 secs] 
2015-09-03T04:06:35.182+0200: 563983,359: [GC2015-09-03T04:06:35.182+0200: 563983,359: [ParNew: 287162K->10378K(314560K), 0,0099510 secs] 455116K->179348K(1013632K), 0,0100580 secs] [Times: user=0,08 sys=0,00, real=0,01 secs] 
2015-09-03T04:07:33.105+0200: 564041,281: [GC2015-09-03T04:07:33.105+0200: 564041,281: [ParNew: 289994K->7828K(314560K), 0,0108580 secs] 458964K->177820K(1013632K), 0,0109690 secs] [Times: user=0,08 sys=0,00, real=0,00 secs] 
2015-09-03T04:08:30.726+0200: 564098,902: [GC2015-09-03T04:08:30.726+0200: 564098,902: [ParNew: 287444K->8276K(314560K), 0,0106040 secs] 457436K->179206K(1013632K), 0,0107210 secs] [Times: user=0,06 sys=0,00, real=0,01 secs] 
2015-09-03T04:09:28.589+0200: 564156,765: [GC2015-09-03T04:09:28.589+0200: 564156,766: [ParNew: 287892K->8487K(314560K), 0,0108840 secs] 458822K->180338K(1013632K), 0,0109940 secs] [Times: user=0,08 sys=0,00, real=0,01 secs] 
2015-09-03T04:10:26.401+0200: 564214,577: [GC2015-09-03T04:10:26.401+0200: 564214,578: [ParNew: 288103K->9381K(314560K), 0,0115960 secs] 459954K->182185K(1013632K), 0,0117200 secs] [Times: user=0,08 sys=0,00, real=0,01 secs] 
2015-09-03T04:11:24.245+0200: 564272,422: [GC2015-09-03T04:11:24.245+0200: 564272,422: [ParNew: 288997K->8779K(314560K), 0,0102310 secs] 461801K->182516K(1013632K), 0,0103740 secs] [Times: user=0,07 sys=0,00, real=0,00 secs] 
2015-09-03T04:12:22.018+0200: 564330,195: [GC2015-09-03T04:12:22.018+0200: 564330,195: [ParNew: 288395K->8897K(314560K), 0,0117990 secs] 462132K->183572K(1013632K), 0,0119280 secs] [Times: user=0,09 sys=0,00, real=0,01 secs] 
2015-09-03T04:13:19.901+0200: 564388,077: [GC2015-09-03T04:13:19.901+0200: 564388,077: [ParNew: 288513K->9000K(314560K), 0,0112590 secs] 463188K->184606K(1013632K), 0,0113750 secs] [Times: user=0,08 sys=0,00, real=0,01 secs] 
2015-09-03T04:14:17.632+0200: 564445,808: [GC2015-09-03T04:14:17.632+0200: 564445,808: [ParNew: 288616K->7603K(314560K), 0,0117460 secs] 464222K->184232K(1013632K), 0,0118850 secs] [Times: user=0,10 sys=0,00, real=0,01 secs] 
2015-09-03T04:15:15.556+0200: 564503,733: [GC2015-09-03T04:15:15.557+0200: 564503,733: [ParNew: 287219K->10680K(314560K), 0,0156640 secs] 463848K->188339K(1013632K), 0,0157930 secs] [Times: user=0,07 sys=0,00, real=0,01 secs] 
2015-09-03T04:16:13.595+0200: 564561,772: [GC2015-09-03T04:16:13.595+0200: 564561,772: [ParNew: 290296K->7634K(314560K), 0,0101200 secs] 467955K->186230K(1013632K), 0,0102490 secs] [Times: user=0,09 sys=0,00, real=0,02 secs] 
2015-09-03T04:17:11.302+0200: 564619,479: [GC2015-09-03T04:17:11.302+0200: 564619,479: [ParNew: 287250K->10367K(314560K), 0,0112180 secs] 465846K->189892K(1013632K), 0,0113290 secs] [Times: user=0,10 sys=0,00, real=0,01 secs] 
2015-09-03T04:18:09.144+0200: 564677,321: [GC2015-09-03T04:18:09.144+0200: 564677,321: [ParNew: 289983K->6900K(314560K), 0,0106860 secs] 469508K->187343K(1013632K), 0,0108160 secs] [Times: user=0,08 sys=0,00, real=0,00 secs] 
2015-09-03T04:19:06.917+0200: 564735,093: [GC2015-09-03T04:19:06.917+0200: 564735,093: [ParNew: 286516K->9194K(314560K), 0,0128050 secs] 466959K->190569K(1013632K), 0,0129220 secs] [Times: user=0,09 sys=0,00, real=0,01 secs] 
2015-09-03T04:20:04.895+0200: 564793,072: [GC2015-09-03T04:20:04.895+0200: 564793,072: [ParNew: 288810K->10107K(314560K), 0,0114820 secs] 470185K->192421K(1013632K), 0,0116050 secs] [Times: user=0,08 sys=0,00, real=0,02 secs] 
2015-09-03T04:21:02.847+0200: 564851,023: [GC2015-09-03T04:21:02.847+0200: 564851,023: [ParNew: 289723K->7412K(314560K), 0,0109950 secs] 472037K->190669K(1013632K), 0,0111100 secs] [Times: user=0,10 sys=0,00, real=0,01 secs] 
2015-09-03T04:22:00.752+0200: 564908,929: [GC2015-09-03T04:22:00.752+0200: 564908,929: [ParNew: 287028K->9642K(314560K), 0,0113550 secs] 470285K->193870K(1013632K), 0,0115060 secs] [Times: user=0,08 sys=0,00, real=0,01 secs] 
2015-09-03T04:22:58.787+0200: 564966,963: [GC2015-09-03T04:22:58.787+0200: 564966,963: [ParNew: 289258K->8240K(314560K), 0,0116490 secs] 473486K->193503K(1013632K), 0,0117860 secs] [Times: user=0,10 sys=0,00, real=0,01 secs] 
2015-09-03T04:23:56.821+0200: 565024,998: [GC2015-09-03T04:23:56.821+0200: 565024,998: [ParNew: 287856K->9181K(314560K), 0,0111450 secs] 473119K->195478K(1013632K), 0,0112830 secs] [Times: user=0,07 sys=0,01, real=0,01 secs] 
2015-09-03T04:24:54.855+0200: 565083,032: [GC2015-09-03T04:24:54.855+0200: 565083,032: [ParNew: 288797K->7693K(314560K), 0,0111510 secs] 475094K->194934K(1013632K), 0,0112700 secs] [Times: user=0,10 sys=0,00, real=0,02 secs] 
2015-09-03T04:25:52.802+0200: 565140,978: [GC2015-09-03T04:25:52.802+0200: 565140,978: [ParNew: 287309K->7986K(314560K), 0,0115820 secs] 474550K->196165K(1013632K), 0,0117130 secs] [Times: user=0,09 sys=0,00, real=0,01 secs] 
2015-09-03T04:26:50.712+0200: 565198,888: [GC2015-09-03T04:26:50.712+0200: 565198,888: [ParNew: 287602K->7223K(314560K), 0,0114810 secs] 475781K->196337K(1013632K), 0,0115990 secs] [Times: user=0,09 sys=0,00, real=0,01 secs] 
2015-09-03T04:27:48.441+0200: 565256,617: [GC2015-09-03T04:27:48.441+0200: 565256,617: [ParNew: 286839K->8748K(314560K), 0,0114850 secs] 475953K->198792K(1013632K), 0,0116460 secs] [Times: user=0,07 sys=0,01, real=0,01 secs] 
2015-09-03T04:28:46.980+0200: 565315,157: [GC2015-09-03T04:28:46.980+0200: 565315,157: [ParNew: 288364K->8048K(314560K), 0,0114790 secs] 478408K->199049K(1013632K), 0,0116040 secs] [Times: user=0,09 sys=0,00, real=0,01 secs] 
2015-09-03T04:29:44.991+0200: 565373,167: [GC2015-09-03T04:29:44.991+0200: 565373,167: [ParNew: 287664K->8623K(314560K), 0,0167740 secs] 478665K->200572K(1013632K), 0,0169050 secs] [Times: user=0,10 sys=0,00, real=0,02 secs] 
2015-09-03T04:30:43.030+0200: 565431,207: [GC2015-09-03T04:30:43.030+0200: 565431,207: [ParNew: 288239K->10353K(314560K), 0,0189980 secs] 480188K->203281K(1013632K), 0,0190980 secs] [Times: user=0,13 sys=0,00, real=0,02 secs] 
2015-09-03T04:31:41.072+0200: 565489,249: [GC2015-09-03T04:31:41.072+0200: 565489,249: [ParNew: 289969K->6595K(314560K), 0,0094030 secs] 482897K->200539K(1013632K), 0,0095180 secs] [Times: user=0,08 sys=0,00, real=0,01 secs] 
2015-09-03T04:32:39.104+0200: 565547,281: [GC2015-09-03T04:32:39.104+0200: 565547,281: [ParNew: 286211K->6293K(314560K), 0,0102470 secs] 480155K->201171K(1013632K), 0,0103610 secs] [Times: user=0,08 sys=0,00, real=0,01 secs] 
2015-09-03T04:33:37.259+0200: 565605,435: [GC2015-09-03T04:33:37.259+0200: 565605,435: [ParNew: 285909K->4611K(314560K), 0,0088500 secs] 480787K->200514K(1013632K), 0,0089910 secs] [Times: user=0,06 sys=0,00, real=0,01 secs] 
2015-09-03T04:34:35.160+0200: 565663,336: [GC2015-09-03T04:34:35.160+0200: 565663,336: [ParNew: 284227K->6778K(314560K), 0,0068460 secs] 480130K->203174K(1013632K), 0,0069530 secs] [Times: user=0,05 sys=0,00, real=0,01 secs] 
2015-09-03T04:35:33.105+0200: 565721,281: [GC2015-09-03T04:35:33.105+0200: 565721,281: [ParNew: 286394K->5526K(314560K), 0,0068950 secs] 482790K->202416K(1013632K), 0,0069760 secs] [Times: user=0,04 sys=0,01, real=0,00 secs] 
2015-09-03T04:36:31.012+0200: 565779,189: [GC2015-09-03T04:36:31.012+0200: 565779,189: [ParNew: 285142K->7040K(314560K), 0,0106040 secs] 482032K->204510K(1013632K), 0,0107130 secs] [Times: user=0,04 sys=0,00, real=0,01 secs] 
2015-09-03T04:37:28.978+0200: 565837,154: [GC2015-09-03T04:37:28.978+0200: 565837,154: [ParNew: 286656K->8317K(314560K), 0,0098990 secs] 484126K->206273K(1013632K), 0,0100220 secs] [Times: user=0,07 sys=0,00, real=0,01 secs] 
2015-09-03T04:38:26.868+0200: 565895,045: [GC2015-09-03T04:38:26.868+0200: 565895,045: [ParNew: 287933K->8746K(314560K), 0,0101340 secs] 485889K->207248K(1013632K), 0,0102580 secs] [Times: user=0,06 sys=0,00, real=0,01 secs] 
2015-09-03T04:39:24.901+0200: 565953,078: [GC2015-09-03T04:39:24.901+0200: 565953,078: [ParNew: 288362K->7794K(314560K), 0,0104050 secs] 486864K->207011K(1013632K), 0,0105200 secs] [Times: user=0,07 sys=0,00, real=0,01 secs] 
2015-09-03T04:40:22.625+0200: 566010,801: [GC2015-09-03T04:40:22.625+0200: 566010,802: [ParNew: 287400K->9325K(314560K), 0,0107310 secs] 486617K->209455K(1013632K), 0,0108610 secs] [Times: user=0,08 sys=0,00, real=0,00 secs] 
2015-09-03T04:41:20.557+0200: 566068,733: [GC2015-09-03T04:41:20.557+0200: 566068,733: [ParNew: 288941K->6627K(314560K), 0,0107940 secs] 489071K->207641K(1013632K), 0,0109140 secs] [Times: user=0,07 sys=0,00, real=0,01 secs] 
2015-09-03T04:42:18.252+0200: 566126,429: [GC2015-09-03T04:42:18.252+0200: 566126,429: [ParNew: 286243K->7274K(314560K), 0,0110770 secs] 487257K->209223K(1013632K), 0,0112030 secs] [Times: user=0,07 sys=0,00, real=0,01 secs] 
2015-09-03T04:43:16.166+0200: 566184,343: [GC2015-09-03T04:43:16.166+0200: 566184,343: [ParNew: 286890K->5476K(314560K), 0,0092810 secs] 488839K->208352K(1013632K), 0,0094060 secs] [Times: user=0,07 sys=0,00, real=0,00 secs] 
2015-09-03T04:44:14.037+0200: 566242,213: [GC2015-09-03T04:44:14.037+0200: 566242,213: [ParNew: 285092K->5615K(314560K), 0,0093280 secs] 487968K->209303K(1013632K), 0,0094430 secs] [Times: user=0,06 sys=0,00, real=0,01 secs] 
2015-09-03T04:45:12.069+0200: 566300,246: [GC2015-09-03T04:45:12.069+0200: 566300,246: [ParNew: 285231K->6868K(314560K), 0,0086970 secs] 488919K->211059K(1013632K), 0,0088240 secs] [Times: user=0,06 sys=0,00, real=0,01 secs] 
2015-09-03T04:46:10.101+0200: 566358,277: [GC2015-09-03T04:46:10.101+0200: 566358,277: [ParNew: 286484K->6600K(314560K), 0,0113370 secs] 490675K->211789K(1013632K), 0,0114570 secs] [Times: user=0,06 sys=0,00, real=0,01 secs] 
2015-09-03T04:47:08.105+0200: 566416,281: [GC2015-09-03T04:47:08.105+0200: 566416,281: [ParNew: 286216K->7192K(314560K), 0,0100220 secs] 491405K->212937K(1013632K), 0,0101490 secs] [Times: user=0,05 sys=0,00, real=0,00 secs] 
2015-09-03T04:48:05.957+0200: 566474,134: [GC2015-09-03T04:48:05.957+0200: 566474,134: [ParNew: 286808K->7736K(314560K), 0,0096940 secs] 492553K->214082K(1013632K), 0,0098400 secs] [Times: user=0,08 sys=0,00, real=0,01 secs] 
2015-09-03T04:49:03.990+0200: 566532,166: [GC2015-09-03T04:49:03.990+0200: 566532,166: [ParNew: 287352K->8355K(314560K), 0,0126340 secs] 493698K->215332K(1013632K), 0,0127420 secs] [Times: user=0,09 sys=0,00, real=0,01 secs] 
2015-09-03T04:50:02.026+0200: 566590,202: [GC2015-09-03T04:50:02.026+0200: 566590,202: [ParNew: 287971K->7604K(314560K), 0,0092870 secs] 494948K->215213K(1013632K), 0,0094090 secs] [Times: user=0,06 sys=0,00, real=0,00 secs] 
2015-09-03T04:51:00.058+0200: 566648,234: [GC2015-09-03T04:51:00.058+0200: 566648,234: [ParNew: 287220K->8987K(314560K), 0,0088790 secs] 494829K->217419K(1013632K), 0,0089880 secs] [Times: user=0,07 sys=0,00, real=0,01 secs] 
2015-09-03T04:51:58.090+0200: 566706,266: [GC2015-09-03T04:51:58.090+0200: 566706,266: [ParNew: 288603K->9206K(314560K), 0,0129230 secs] 497035K->218543K(1013632K), 0,0130380 secs] [Times: user=0,08 sys=0,00, real=0,01 secs] 
2015-09-03T04:52:56.126+0200: 566764,302: [GC2015-09-03T04:52:56.126+0200: 566764,302: [ParNew: 288822K->8683K(314560K), 0,0108200 secs] 498159K->218942K(1013632K), 0,0109470 secs] [Times: user=0,08 sys=0,00, real=0,01 secs] 
2015-09-03T04:53:54.160+0200: 566822,336: [GC2015-09-03T04:53:54.160+0200: 566822,336: [ParNew: 288299K->8102K(314560K), 0,0109530 secs] 498558K->219274K(1013632K), 0,0110700 secs] [Times: user=0,10 sys=0,00, real=0,01 secs] 
2015-09-03T04:54:52.194+0200: 566880,370: [GC2015-09-03T04:54:52.194+0200: 566880,371: [ParNew: 287718K->8254K(314560K), 0,0112500 secs] 498890K->220367K(1013632K), 0,0113800 secs] [Times: user=0,09 sys=0,00, real=0,02 secs] 
2015-09-03T04:55:50.228+0200: 566938,405: [GC2015-09-03T04:55:50.228+0200: 566938,405: [ParNew: 287870K->9889K(314560K), 0,0110060 secs] 499983K->223013K(1013632K), 0,0111260 secs] [Times: user=0,08 sys=0,00, real=0,01 secs] 
2015-09-03T04:56:48.105+0200: 566996,281: [GC2015-09-03T04:56:48.105+0200: 566996,281: [ParNew: 289505K->9179K(314560K), 0,0130320 secs] 502629K->223308K(1013632K), 0,0131630 secs] [Times: user=0,08 sys=0,00, real=0,01 secs] 
2015-09-03T04:57:46.084+0200: 567054,261: [GC2015-09-03T04:57:46.084+0200: 567054,261: [ParNew: 288795K->7684K(314560K), 0,0089220 secs] 502924K->222757K(1013632K), 0,0090280 secs] [Times: user=0,07 sys=0,00, real=0,01 secs] 
2015-09-03T04:58:44.116+0200: 567112,293: [GC2015-09-03T04:58:44.116+0200: 567112,293: [ParNew: 287300K->9414K(314560K), 0,0120230 secs] 502373K->225422K(1013632K), 0,0121510 secs] [Times: user=0,09 sys=0,00, real=0,02 secs] 
2015-09-03T04:59:42.151+0200: 567170,327: [GC2015-09-03T04:59:42.151+0200: 567170,327: [ParNew: 289030K->9370K(314560K), 0,0108560 secs] 505038K->226324K(1013632K), 0,0109810 secs] [Times: user=0,09 sys=0,00, real=0,01 secs] 
2015-09-03T05:00:40.184+0200: 567228,361: [GC2015-09-03T05:00:40.184+0200: 567228,361: [ParNew: 288986K->9451K(314560K), 0,0107840 secs] 505940K->227336K(1013632K), 0,0109130 secs] [Times: user=0,07 sys=0,00, real=0,01 secs] 
2015-09-03T05:01:37.847+0200: 567286,023: [GC2015-09-03T05:01:37.847+0200: 567286,023: [ParNew: 289067K->8856K(314560K), 0,0113300 secs] 506952K->227682K(1013632K), 0,0114450 secs] [Times: user=0,10 sys=0,00, real=0,01 secs] 
2015-09-03T05:02:35.840+0200: 567344,017: [GC2015-09-03T05:02:35.840+0200: 567344,017: [ParNew: 288472K->9723K(314560K), 0,0106400 secs] 507298K->229493K(1013632K), 0,0107690 secs] [Times: user=0,06 sys=0,00, real=0,01 secs] 
2015-09-03T05:03:33.874+0200: 567402,050: [GC2015-09-03T05:03:33.874+0200: 567402,050: [ParNew: 289339K->9852K(314560K), 0,0110380 secs] 509109K->230592K(1013632K), 0,0111570 secs] [Times: user=0,08 sys=0,00, real=0,02 secs] 
2015-09-03T05:04:31.907+0200: 567460,084: [GC2015-09-03T05:04:31.908+0200: 567460,084: [ParNew: 289468K->9182K(314560K), 0,0107420 secs] 510208K->230942K(1013632K), 0,0108900 secs] [Times: user=0,07 sys=0,00, real=0,01 secs] 
2015-09-03T05:05:29.941+0200: 567518,118: [GC2015-09-03T05:05:29.941+0200: 567518,118: [ParNew: 288798K->9227K(314560K), 0,0111970 secs] 510558K->232011K(1013632K), 0,0113250 secs] [Times: user=0,08 sys=0,00, real=0,01 secs] 
2015-09-03T05:06:27.586+0200: 567575,763: [GC2015-09-03T05:06:27.586+0200: 567575,763: [ParNew: 288843K->7695K(314560K), 0,0103640 secs] 511627K->231428K(1013632K), 0,0104840 secs] [Times: user=0,08 sys=0,00, real=0,01 secs] 
2015-09-03T05:07:25.598+0200: 567633,775: [GC2015-09-03T05:07:25.598+0200: 567633,775: [ParNew: 287311K->8708K(314560K), 0,0118160 secs] 511044K->233373K(1013632K), 0,0119400 secs] [Times: user=0,09 sys=0,00, real=0,01 secs] 
2015-09-03T05:08:23.633+0200: 567691,809: [GC2015-09-03T05:08:23.633+0200: 567691,809: [ParNew: 288324K->8681K(314560K), 0,0136150 secs] 512989K->234286K(1013632K), 0,0137350 secs] [Times: user=0,08 sys=0,00, real=0,02 secs] 
2015-09-03T05:09:22.190+0200: 567750,366: [GC2015-09-03T05:09:22.190+0200: 567750,366: [ParNew: 288297K->8032K(314560K), 0,0108340 secs] 513902K->234574K(1013632K), 0,0109560 secs] [Times: user=0,07 sys=0,00, real=0,01 secs] 
2015-09-03T05:10:20.092+0200: 567808,269: [GC2015-09-03T05:10:20.092+0200: 567808,269: [ParNew: 287648K->9614K(314560K), 0,0117420 secs] 514190K->237109K(1013632K), 0,0118610 secs] [Times: user=0,08 sys=0,01, real=0,01 secs] 
2015-09-03T05:11:17.857+0200: 567866,034: [GC2015-09-03T05:11:17.857+0200: 567866,034: [ParNew: 289230K->9717K(314560K), 0,0123550 secs] 516725K->238145K(1013632K), 0,0124840 secs] [Times: user=0,07 sys=0,00, real=0,01 secs] 
2015-09-03T05:12:15.749+0200: 567923,925: [GC2015-09-03T05:12:15.749+0200: 567923,926: [ParNew: 289333K->10604K(314560K), 0,0119290 secs] 517761K->240017K(1013632K), 0,0120440 secs] [Times: user=0,09 sys=0,00, real=0,01 secs] 
2015-09-03T05:13:13.418+0200: 567981,594: [GC2015-09-03T05:13:13.418+0200: 567981,594: [ParNew: 290220K->8110K(314560K), 0,0122770 secs] 519633K->238553K(1013632K), 0,0124270 secs] [Times: user=0,08 sys=0,00, real=0,01 secs] 
2015-09-03T05:14:11.406+0200: 568039,583: [GC2015-09-03T05:14:11.407+0200: 568039,583: [ParNew: 287726K->9024K(314560K), 0,0111830 secs] 518169K->240488K(1013632K), 0,0112920 secs] [Times: user=0,09 sys=0,00, real=0,01 secs] 
2015-09-03T05:15:09.440+0200: 568097,617: [GC2015-09-03T05:15:09.441+0200: 568097,617: [ParNew: 288640K->8231K(314560K), 0,0102880 secs] 520104K->240629K(1013632K), 0,0104000 secs] [Times: user=0,08 sys=0,00, real=0,01 secs] 
2015-09-03T05:16:07.474+0200: 568155,650: [GC2015-09-03T05:16:07.474+0200: 568155,650: [ParNew: 287847K->8677K(314560K), 0,0119570 secs] 520245K->242005K(1013632K), 0,0120830 secs] [Times: user=0,08 sys=0,00, real=0,02 secs] 
2015-09-03T05:17:05.508+0200: 568213,685: [GC2015-09-03T05:17:05.508+0200: 568213,685: [ParNew: 288293K->9427K(314560K), 0,0108920 secs] 521621K->243687K(1013632K), 0,0110240 secs] [Times: user=0,08 sys=0,00, real=0,01 secs] 
2015-09-03T05:18:03.201+0200: 568271,377: [GC2015-09-03T05:18:03.201+0200: 568271,377: [ParNew: 289043K->9552K(314560K), 0,0121380 secs] 523303K->244763K(1013632K), 0,0122400 secs] [Times: user=0,08 sys=0,00, real=0,01 secs] 
2015-09-03T05:19:01.165+0200: 568329,341: [GC2015-09-03T05:19:01.165+0200: 568329,341: [ParNew: 289168K->8918K(314560K), 0,0146230 secs] 524379K->245066K(1013632K), 0,0147520 secs] [Times: user=0,07 sys=0,00, real=0,01 secs] 
2015-09-03T05:19:59.203+0200: 568387,380: [GC2015-09-03T05:19:59.203+0200: 568387,380: [ParNew: 288534K->9768K(314560K), 0,0107330 secs] 524682K->246848K(1013632K), 0,0108490 secs] [Times: user=0,08 sys=0,00, real=0,01 secs] 
2015-09-03T05:20:57.236+0200: 568445,413: [GC2015-09-03T05:20:57.237+0200: 568445,413: [ParNew: 289384K->10682K(314560K), 0,0126070 secs] 526464K->248793K(1013632K), 0,0127180 secs] [Times: user=0,09 sys=0,00, real=0,01 secs] 
2015-09-03T05:21:55.272+0200: 568503,449: [GC2015-09-03T05:21:55.272+0200: 568503,449: [ParNew: 290298K->7641K(314560K), 0,0109510 secs] 528409K->246774K(1013632K), 0,0110650 secs] [Times: user=0,08 sys=0,00, real=0,01 secs] 
2015-09-03T05:22:53.105+0200: 568561,281: [GC2015-09-03T05:22:53.105+0200: 568561,281: [ParNew: 287257K->9026K(314560K), 0,0115410 secs] 526390K->249104K(1013632K), 0,0116730 secs] [Times: user=0,07 sys=0,00, real=0,01 secs] 
2015-09-03T05:23:50.939+0200: 568619,116: [GC2015-09-03T05:23:50.939+0200: 568619,116: [ParNew: 288642K->9147K(314560K), 0,0111500 secs] 528720K->250156K(1013632K), 0,0112860 secs] [Times: user=0,09 sys=0,00, real=0,01 secs] 
2015-09-03T05:24:48.975+0200: 568677,152: [GC2015-09-03T05:24:48.975+0200: 568677,152: [ParNew: 288763K->8575K(314560K), 0,0102550 secs] 529772K->250503K(1013632K), 0,0103650 secs] [Times: user=0,08 sys=0,00, real=0,02 secs] 
2015-09-03T05:25:46.857+0200: 568735,034: [GC2015-09-03T05:25:46.857+0200: 568735,034: [ParNew: 288191K->9439K(314560K), 0,0107240 secs] 530119K->252317K(1013632K), 0,0108420 secs] [Times: user=0,07 sys=0,00, real=0,01 secs] 
2015-09-03T05:26:44.711+0200: 568792,887: [GC2015-09-03T05:26:44.711+0200: 568792,887: [ParNew: 289055K->9549K(314560K), 0,0103810 secs] 531933K->253352K(1013632K), 0,0104910 secs] [Times: user=0,10 sys=0,00, real=0,01 secs] 
2015-09-03T05:27:42.325+0200: 568850,501: [GC2015-09-03T05:27:42.325+0200: 568850,501: [ParNew: 289165K->11183K(314560K), 0,0126920 secs] 532968K->255935K(1013632K), 0,0127970 secs] [Times: user=0,09 sys=0,00, real=0,01 secs] 
2015-09-03T05:28:40.276+0200: 568908,453: [GC2015-09-03T05:28:40.276+0200: 568908,453: [ParNew: 290799K->9911K(314560K), 0,0116190 secs] 535551K->255637K(1013632K), 0,0117430 secs] [Times: user=0,07 sys=0,01, real=0,02 secs] 
2015-09-03T05:29:38.105+0200: 568966,281: [GC2015-09-03T05:29:38.105+0200: 568966,281: [ParNew: 289527K->8854K(314560K), 0,0115890 secs] 535253K->255606K(1013632K), 0,0117140 secs] [Times: user=0,07 sys=0,00, real=0,01 secs] 
2015-09-03T05:30:35.939+0200: 569024,116: [GC2015-09-03T05:30:35.939+0200: 569024,116: [ParNew: 288470K->8288K(314560K), 0,0103600 secs] 535222K->256055K(1013632K), 0,0104780 secs] [Times: user=0,09 sys=0,00, real=0,01 secs] 
2015-09-03T05:31:33.973+0200: 569082,149: [GC2015-09-03T05:31:33.973+0200: 569082,149: [ParNew: 287904K->6328K(314560K), 0,0108280 secs] 535671K->255022K(1013632K), 0,0109590 secs] [Times: user=0,07 sys=0,00, real=0,01 secs] 
2015-09-03T05:32:32.007+0200: 569140,183: [GC2015-09-03T05:32:32.007+0200: 569140,183: [ParNew: 285944K->6034K(314560K), 0,0089960 secs] 534638K->255663K(1013632K), 0,0091180 secs] [Times: user=0,06 sys=0,00, real=0,00 secs] 
2015-09-03T05:33:30.004+0200: 569198,181: [GC2015-09-03T05:33:30.004+0200: 569198,181: [ParNew: 285650K->4861K(314560K), 0,0084270 secs] 535279K->255583K(1013632K), 0,0085340 secs] [Times: user=0,05 sys=0,01, real=0,01 secs] 
2015-09-03T05:34:27.861+0200: 569256,038: [GC2015-09-03T05:34:27.861+0200: 569256,038: [ParNew: 284477K->6610K(314560K), 0,0081160 secs] 535199K->257828K(1013632K), 0,0082380 secs] [Times: user=0,06 sys=0,00, real=0,01 secs] 
2015-09-03T05:35:25.892+0200: 569314,069: [GC2015-09-03T05:35:25.893+0200: 569314,069: [ParNew: 286226K->6488K(314560K), 0,0091310 secs] 537444K->258190K(1013632K), 0,0092740 secs] [Times: user=0,06 sys=0,00, real=0,01 secs] 
2015-09-03T05:36:23.925+0200: 569372,101: [GC2015-09-03T05:36:23.925+0200: 569372,101: [ParNew: 286104K->7206K(314560K), 0,0091480 secs] 537806K->259491K(1013632K), 0,0092610 secs] [Times: user=0,06 sys=0,00, real=0,00 secs] 
2015-09-03T05:37:21.814+0200: 569429,991: [GC2015-09-03T05:37:21.814+0200: 569429,991: [ParNew: 286822K->9111K(314560K), 0,0091270 secs] 539107K->261968K(1013632K), 0,0092520 secs] [Times: user=0,07 sys=0,00, real=0,01 secs] 
2015-09-03T05:38:19.376+0200: 569487,553: [GC2015-09-03T05:38:19.376+0200: 569487,553: [ParNew: 288727K->7716K(314560K), 0,0112510 secs] 541584K->261215K(1013632K), 0,0113710 secs] [Times: user=0,06 sys=0,01, real=0,01 secs] 
2015-09-03T05:39:17.212+0200: 569545,388: [GC2015-09-03T05:39:17.212+0200: 569545,389: [ParNew: 287332K->8736K(314560K), 0,0091720 secs] 540831K->262912K(1013632K), 0,0092980 secs] [Times: user=0,08 sys=0,00, real=0,01 secs] 
2015-09-03T05:40:15.244+0200: 569603,420: [GC2015-09-03T05:40:15.244+0200: 569603,420: [ParNew: 288352K->8763K(314560K), 0,0108630 secs] 542528K->263846K(1013632K), 0,0110150 secs] [Times: user=0,10 sys=0,00, real=0,01 secs] 
2015-09-03T05:41:12.946+0200: 569661,123: [GC2015-09-03T05:41:12.946+0200: 569661,123: [ParNew: 288379K->7610K(314560K), 0,0106410 secs] 543462K->263612K(1013632K), 0,0107600 secs] [Times: user=0,06 sys=0,01, real=0,01 secs] 
2015-09-03T05:42:10.900+0200: 569719,076: [GC2015-09-03T05:42:10.900+0200: 569719,076: [ParNew: 287226K->6638K(314560K), 0,0101460 secs] 543228K->263564K(1013632K), 0,0102860 secs] [Times: user=0,09 sys=0,00, real=0,01 secs] 
2015-09-03T05:43:08.652+0200: 569776,828: [GC2015-09-03T05:43:08.652+0200: 569776,828: [ParNew: 286254K->6872K(314560K), 0,0103940 secs] 543180K->264714K(1013632K), 0,0105110 secs] [Times: user=0,09 sys=0,00, real=0,01 secs] 
2015-09-03T05:44:06.555+0200: 569834,732: [GC2015-09-03T05:44:06.555+0200: 569834,732: [ParNew: 286488K->5829K(314560K), 0,0096250 secs] 544330K->264538K(1013632K), 0,0097510 secs] [Times: user=0,09 sys=0,00, real=0,02 secs] 
2015-09-03T05:45:04.266+0200: 569892,443: [GC2015-09-03T05:45:04.266+0200: 569892,443: [ParNew: 285445K->7099K(314560K), 0,0095260 secs] 544154K->266310K(1013632K), 0,0096500 secs] [Times: user=0,07 sys=0,00, real=0,00 secs] 
2015-09-03T05:46:02.213+0200: 569950,390: [GC2015-09-03T05:46:02.213+0200: 569950,390: [ParNew: 286715K->7455K(314560K), 0,0152460 secs] 545926K->267759K(1013632K), 0,0153710 secs] [Times: user=0,06 sys=0,00, real=0,02 secs] 
2015-09-03T05:47:00.251+0200: 570008,428: [GC2015-09-03T05:47:00.251+0200: 570008,428: [ParNew: 287071K->7434K(314560K), 0,0086040 secs] 547375K->268332K(1013632K), 0,0087290 secs] [Times: user=0,07 sys=0,00, real=0,01 secs] 
2015-09-03T05:47:57.935+0200: 570066,111: [GC2015-09-03T05:47:57.935+0200: 570066,111: [ParNew: 287050K->7323K(314560K), 0,0087690 secs] 547948K->268743K(1013632K), 0,0088940 secs] [Times: user=0,05 sys=0,00, real=0,01 secs] 
2015-09-03T05:48:55.901+0200: 570124,077: [GC2015-09-03T05:48:55.901+0200: 570124,077: [ParNew: 286939K->9205K(314560K), 0,0093360 secs] 548359K->271180K(1013632K), 0,0094910 secs] [Times: user=0,07 sys=0,00, real=0,01 secs] 
2015-09-03T05:49:53.733+0200: 570181,909: [GC2015-09-03T05:49:53.733+0200: 570181,910: [ParNew: 288821K->6479K(314560K), 0,0101350 secs] 550796K->269117K(1013632K), 0,0102670 secs] [Times: user=0,08 sys=0,00, real=0,01 secs] 
2015-09-03T05:50:51.766+0200: 570239,943: [GC2015-09-03T05:50:51.766+0200: 570239,943: [ParNew: 286095K->9551K(314560K), 0,0103300 secs] 548733K->273056K(1013632K), 0,0104430 secs] [Times: user=0,08 sys=0,00, real=0,01 secs] 
2015-09-03T05:51:49.801+0200: 570297,977: [GC2015-09-03T05:51:49.801+0200: 570297,977: [ParNew: 289167K->9927K(314560K), 0,0107700 secs] 552672K->274357K(1013632K), 0,0109120 secs] [Times: user=0,08 sys=0,00, real=0,01 secs] 
2015-09-03T05:52:47.834+0200: 570356,011: [GC2015-09-03T05:52:47.834+0200: 570356,011: [ParNew: 289543K->9574K(314560K), 0,0106910 secs] 553973K->274927K(1013632K), 0,0108190 secs] [Times: user=0,08 sys=0,00, real=0,02 secs] 
2015-09-03T05:53:45.868+0200: 570414,045: [GC2015-09-03T05:53:45.868+0200: 570414,045: [ParNew: 289190K->9779K(314560K), 0,0124780 secs] 554543K->276101K(1013632K), 0,0126060 secs] [Times: user=0,08 sys=0,00, real=0,01 secs] 
2015-09-03T05:54:43.806+0200: 570471,983: [GC2015-09-03T05:54:43.806+0200: 570471,983: [ParNew: 289395K->9130K(314560K), 0,0110140 secs] 555717K->276461K(1013632K), 0,0111300 secs] [Times: user=0,10 sys=0,00, real=0,01 secs] 
2015-09-03T05:55:41.726+0200: 570529,903: [GC2015-09-03T05:55:41.726+0200: 570529,903: [ParNew: 288746K->8410K(314560K), 0,0112280 secs] 556077K->276758K(1013632K), 0,0113650 secs] [Times: user=0,09 sys=0,00, real=0,01 secs] 
2015-09-03T05:56:39.760+0200: 570587,936: [GC2015-09-03T05:56:39.760+0200: 570587,936: [ParNew: 288026K->8412K(314560K), 0,0120330 secs] 556374K->277697K(1013632K), 0,0121570 secs] [Times: user=0,09 sys=0,00, real=0,01 secs] 
2015-09-03T05:57:37.776+0200: 570645,953: [GC2015-09-03T05:57:37.777+0200: 570645,953: [ParNew: 288028K->9402K(314560K), 0,0125390 secs] 557313K->279627K(1013632K), 0,0126660 secs] [Times: user=0,09 sys=0,00, real=0,01 secs] 
2015-09-03T05:58:35.529+0200: 570703,706: [GC2015-09-03T05:58:35.529+0200: 570703,706: [ParNew: 289018K->8637K(314560K), 0,0112750 secs] 559243K->279794K(1013632K), 0,0113800 secs] [Times: user=0,08 sys=0,00, real=0,01 secs] 
2015-09-03T05:59:33.355+0200: 570761,532: [GC2015-09-03T05:59:33.355+0200: 570761,532: [ParNew: 288253K->9444K(314560K), 0,0110460 secs] 559410K->281535K(1013632K), 0,0111780 secs] [Times: user=0,08 sys=0,00, real=0,02 secs] 
2015-09-03T06:00:31.148+0200: 570819,324: [GC2015-09-03T06:00:31.148+0200: 570819,324: [ParNew: 289060K->8827K(314560K), 0,0104160 secs] 561151K->281855K(1013632K), 0,0105320 secs] [Times: user=0,10 sys=0,00, real=0,01 secs] 
2015-09-03T06:01:29.084+0200: 570877,261: [GC2015-09-03T06:01:29.084+0200: 570877,261: [ParNew: 288443K->8953K(314560K), 0,0103150 secs] 561471K->282904K(1013632K), 0,0104430 secs] [Times: user=0,09 sys=0,00, real=0,01 secs] 
2015-09-03T06:02:27.117+0200: 570935,293: [GC2015-09-03T06:02:27.117+0200: 570935,293: [ParNew: 288569K->9103K(314560K), 0,0110410 secs] 562520K->284057K(1013632K), 0,0111560 secs] [Times: user=0,08 sys=0,00, real=0,01 secs] 
2015-09-03T06:03:25.151+0200: 570993,327: [GC2015-09-03T06:03:25.151+0200: 570993,327: [ParNew: 288719K->9165K(314560K), 0,0100990 secs] 563673K->285137K(1013632K), 0,0102120 secs] [Times: user=0,07 sys=0,00, real=0,01 secs] 
2015-09-03T06:04:23.105+0200: 571051,281: [GC2015-09-03T06:04:23.105+0200: 571051,281: [ParNew: 288781K->8433K(314560K), 0,0088150 secs] 564753K->285333K(1013632K), 0,0089480 secs] [Times: user=0,06 sys=0,00, real=0,00 secs] 
2015-09-03T06:05:21.422+0200: 571109,598: [GC2015-09-03T06:05:21.422+0200: 571109,599: [ParNew: 288049K->8653K(314560K), 0,0109410 secs] 564949K->286483K(1013632K), 0,0110590 secs] [Times: user=0,07 sys=0,01, real=0,01 secs] 
2015-09-03T06:06:19.428+0200: 571167,604: [GC2015-09-03T06:06:19.428+0200: 571167,604: [ParNew: 288269K->8640K(314560K), 0,0109150 secs] 566099K->287410K(1013632K), 0,0110370 secs] [Times: user=0,06 sys=0,00, real=0,01 secs] 
2015-09-03T06:07:17.461+0200: 571225,638: [GC2015-09-03T06:07:17.461+0200: 571225,638: [ParNew: 288256K->8725K(314560K), 0,0097500 secs] 567026K->288440K(1013632K), 0,0098740 secs] [Times: user=0,06 sys=0,00, real=0,01 secs] 
2015-09-03T06:08:15.494+0200: 571283,671: [GC2015-09-03T06:08:15.494+0200: 571283,671: [ParNew: 288341K->8090K(314560K), 0,0106900 secs] 568056K->288743K(1013632K), 0,0108220 secs] [Times: user=0,08 sys=0,01, real=0,02 secs] 
2015-09-03T06:09:13.528+0200: 571341,704: [GC2015-09-03T06:09:13.528+0200: 571341,704: [ParNew: 287706K->9686K(314560K), 0,0109140 secs] 568359K->291285K(1013632K), 0,0110330 secs] [Times: user=0,10 sys=0,00, real=0,01 secs] 
2015-09-03T06:10:11.561+0200: 571399,738: [GC2015-09-03T06:10:11.562+0200: 571399,738: [ParNew: 289302K->9055K(314560K), 0,0104480 secs] 570901K->291595K(1013632K), 0,0105720 secs] [Times: user=0,07 sys=0,00, real=0,01 secs] 
2015-09-03T06:11:09.595+0200: 571457,772: [GC2015-09-03T06:11:09.595+0200: 571457,772: [ParNew: 288671K->9168K(314560K), 0,0110380 secs] 571211K->292751K(1013632K), 0,0111550 secs] [Times: user=0,09 sys=0,00, real=0,02 secs] 
2015-09-03T06:12:07.629+0200: 571515,806: [GC2015-09-03T06:12:07.629+0200: 571515,806: [ParNew: 288784K->9943K(314560K), 0,0137250 secs] 572367K->294548K(1013632K), 0,0138430 secs] [Times: user=0,07 sys=0,00, real=0,01 secs] 
2015-09-03T06:13:05.357+0200: 571573,534: [GC2015-09-03T06:13:05.357+0200: 571573,534: [ParNew: 289559K->6897K(314560K), 0,0107300 secs] 574164K->292434K(1013632K), 0,0108480 secs] [Times: user=0,08 sys=0,00, real=0,01 secs] 
2015-09-03T06:14:03.105+0200: 571631,281: [GC2015-09-03T06:14:03.105+0200: 571631,281: [ParNew: 286513K->7956K(314560K), 0,0095070 secs] 572050K->294427K(1013632K), 0,0096170 secs] [Times: user=0,06 sys=0,00, real=0,00 secs] 
2015-09-03T06:15:00.970+0200: 571689,147: [GC2015-09-03T06:15:00.970+0200: 571689,147: [ParNew: 287572K->9389K(314560K), 0,0112430 secs] 574043K->296798K(1013632K), 0,0113610 secs] [Times: user=0,09 sys=0,00, real=0,01 secs] 
2015-09-03T06:15:58.738+0200: 571746,914: [GC2015-09-03T06:15:58.738+0200: 571746,914: [ParNew: 289005K->8766K(314560K), 0,0118410 secs] 576414K->297105K(1013632K), 0,0119580 secs] [Times: user=0,09 sys=0,00, real=0,01 secs] 
2015-09-03T06:16:56.589+0200: 571804,765: [GC2015-09-03T06:16:56.589+0200: 571804,765: [ParNew: 288382K->9666K(314560K), 0,0113280 secs] 576721K->298944K(1013632K), 0,0114430 secs] [Times: user=0,08 sys=0,01, real=0,01 secs] 
2015-09-03T06:17:54.552+0200: 571862,729: [GC2015-09-03T06:17:54.552+0200: 571862,729: [ParNew: 289282K->9830K(314560K), 0,0124790 secs] 578560K->300055K(1013632K), 0,0126270 secs] [Times: user=0,08 sys=0,00, real=0,02 secs] 
2015-09-03T06:18:52.401+0200: 571920,578: [GC2015-09-03T06:18:52.401+0200: 571920,578: [ParNew: 289446K->9190K(314560K), 0,0111740 secs] 579671K->300394K(1013632K), 0,0112880 secs] [Times: user=0,08 sys=0,00, real=0,01 secs] 
2015-09-03T06:19:50.224+0200: 571978,400: [GC2015-09-03T06:19:50.224+0200: 571978,400: [ParNew: 288806K->8495K(314560K), 0,0120390 secs] 580010K->300738K(1013632K), 0,0121610 secs] [Times: user=0,10 sys=0,00, real=0,01 secs] 
2015-09-03T06:20:48.058+0200: 572036,235: [GC2015-09-03T06:20:48.058+0200: 572036,235: [ParNew: 288111K->7712K(314560K), 0,0111510 secs] 580354K->300986K(1013632K), 0,0112760 secs] [Times: user=0,10 sys=0,00, real=0,01 secs] 
2015-09-03T06:21:46.092+0200: 572094,269: [GC2015-09-03T06:21:46.092+0200: 572094,269: [ParNew: 287328K->9260K(314560K), 0,0122330 secs] 580602K->303499K(1013632K), 0,0123420 secs] [Times: user=0,06 sys=0,00, real=0,02 secs] 
2015-09-03T06:22:44.120+0200: 572152,296: [GC2015-09-03T06:22:44.120+0200: 572152,296: [ParNew: 288876K->8753K(314560K), 0,0109480 secs] 583115K->303946K(1013632K), 0,0110840 secs] [Times: user=0,08 sys=0,00, real=0,01 secs] 
2015-09-03T06:23:41.954+0200: 572210,130: [GC2015-09-03T06:23:41.954+0200: 572210,130: [ParNew: 288369K->8713K(314560K), 0,0144980 secs] 583562K->304839K(1013632K), 0,0146100 secs] [Times: user=0,09 sys=0,00, real=0,02 secs] 
2015-09-03T06:24:39.991+0200: 572268,168: [GC2015-09-03T06:24:39.991+0200: 572268,168: [ParNew: 288329K->9525K(314560K), 0,0147680 secs] 584455K->306585K(1013632K), 0,0148960 secs] [Times: user=0,11 sys=0,00, real=0,02 secs] 
2015-09-03T06:25:38.029+0200: 572326,206: [GC2015-09-03T06:25:38.029+0200: 572326,206: [ParNew: 289141K->8178K(314560K), 0,0110500 secs] 586201K->306163K(1013632K), 0,0111730 secs] [Times: user=0,07 sys=0,00, real=0,01 secs] 
2015-09-03T06:26:36.063+0200: 572384,240: [GC2015-09-03T06:26:36.063+0200: 572384,240: [ParNew: 287794K->9831K(314560K), 0,0117160 secs] 585779K->308768K(1013632K), 0,0118440 secs] [Times: user=0,07 sys=0,00, real=0,01 secs] 
2015-09-03T06:27:34.098+0200: 572442,275: [GC2015-09-03T06:27:34.098+0200: 572442,275: [ParNew: 289447K->9964K(314560K), 0,0111460 secs] 588384K->309922K(1013632K), 0,0112670 secs] [Times: user=0,10 sys=0,00, real=0,01 secs] 
2015-09-03T06:28:32.132+0200: 572500,309: [GC2015-09-03T06:28:32.132+0200: 572500,309: [ParNew: 289580K->9614K(314560K), 0,0124000 secs] 589538K->310606K(1013632K), 0,0125290 secs] [Times: user=0,08 sys=0,00, real=0,02 secs] 
2015-09-03T06:29:29.802+0200: 572557,979: [GC2015-09-03T06:29:29.802+0200: 572557,979: [ParNew: 289230K->9722K(314560K), 0,0120600 secs] 590222K->311643K(1013632K), 0,0121970 secs] [Times: user=0,07 sys=0,00, real=0,01 secs] 
2015-09-03T06:30:27.869+0200: 572616,046: [GC2015-09-03T06:30:27.869+0200: 572616,046: [ParNew: 289338K->7394K(314560K), 0,0106640 secs] 591259K->310262K(1013632K), 0,0107870 secs] [Times: user=0,07 sys=0,00, real=0,01 secs] 
2015-09-03T06:31:25.815+0200: 572673,992: [GC2015-09-03T06:31:25.816+0200: 572673,992: [ParNew: 287010K->7257K(314560K), 0,0097220 secs] 589878K->311074K(1013632K), 0,0098440 secs] [Times: user=0,08 sys=0,00, real=0,02 secs] 
2015-09-03T06:32:23.848+0200: 572732,025: [GC2015-09-03T06:32:23.848+0200: 572732,025: [ParNew: 286873K->6005K(314560K), 0,0122680 secs] 590690K->310765K(1013632K), 0,0123960 secs] [Times: user=0,07 sys=0,01, real=0,01 secs] 
2015-09-03T06:33:22.283+0200: 572790,460: [GC2015-09-03T06:33:22.283+0200: 572790,460: [ParNew: 285621K->6177K(314560K), 0,0101010 secs] 590381K->311854K(1013632K), 0,0102330 secs] [Times: user=0,09 sys=0,00, real=0,01 secs] 
2015-09-03T06:34:20.116+0200: 572848,292: [GC2015-09-03T06:34:20.116+0200: 572848,292: [ParNew: 285793K->6201K(314560K), 0,0080680 secs] 591470K->312586K(1013632K), 0,0082160 secs] [Times: user=0,07 sys=0,00, real=0,01 secs] 
2015-09-03T06:35:18.105+0200: 572906,281: [GC2015-09-03T06:35:18.105+0200: 572906,281: [ParNew: 285817K->6807K(314560K), 0,0202560 secs] 592202K->313702K(1013632K), 0,0203460 secs] [Times: user=0,12 sys=0,00, real=0,02 secs] 
2015-09-03T06:36:15.969+0200: 572964,146: [GC2015-09-03T06:36:15.969+0200: 572964,146: [ParNew: 286423K->7414K(314560K), 0,0090960 secs] 593318K->314993K(1013632K), 0,0092190 secs] [Times: user=0,06 sys=0,00, real=0,01 secs] 
2015-09-03T06:37:14.002+0200: 573022,178: [GC2015-09-03T06:37:14.002+0200: 573022,178: [ParNew: 287030K->7949K(314560K), 0,0101610 secs] 594609K->316129K(1013632K), 0,0103110 secs] [Times: user=0,06 sys=0,00, real=0,01 secs] 
2015-09-03T06:38:11.806+0200: 573079,983: [GC2015-09-03T06:38:11.806+0200: 573079,983: [ParNew: 287565K->9245K(314560K), 0,0090200 secs] 595745K->317997K(1013632K), 0,0091230 secs] [Times: user=0,07 sys=0,00, real=0,00 secs] 
2015-09-03T06:39:09.657+0200: 573137,833: [GC2015-09-03T06:39:09.657+0200: 573137,833: [ParNew: 288861K->8365K(314560K), 0,0098710 secs] 597613K->317796K(1013632K), 0,0099960 secs] [Times: user=0,06 sys=0,00, real=0,01 secs] 
2015-09-03T06:40:07.690+0200: 573195,866: [GC2015-09-03T06:40:07.690+0200: 573195,866: [ParNew: 287981K->9755K(314560K), 0,0108260 secs] 597412K->320069K(1013632K), 0,0109630 secs] [Times: user=0,07 sys=0,01, real=0,01 secs] 
2015-09-03T06:41:05.723+0200: 573253,900: [GC2015-09-03T06:41:05.723+0200: 573253,900: [ParNew: 289371K->6672K(314560K), 0,0104930 secs] 599685K->317893K(1013632K), 0,0106160 secs] [Times: user=0,08 sys=0,00, real=0,01 secs] 
2015-09-03T06:42:03.757+0200: 573311,933: [GC2015-09-03T06:42:03.757+0200: 573311,933: [ParNew: 286288K->7466K(314560K), 0,0111670 secs] 597509K->319599K(1013632K), 0,0113060 secs] [Times: user=0,07 sys=0,01, real=0,01 secs] 
2015-09-03T06:43:01.791+0200: 573369,967: [GC2015-09-03T06:43:01.791+0200: 573369,967: [ParNew: 287082K->7633K(314560K), 0,0140420 secs] 599215K->320696K(1013632K), 0,0141580 secs] [Times: user=0,11 sys=0,00, real=0,02 secs] 
2015-09-03T06:43:59.828+0200: 573428,004: [GC2015-09-03T06:43:59.828+0200: 573428,004: [ParNew: 287249K->6664K(314560K), 0,0099710 secs] 600312K->320715K(1013632K), 0,0100760 secs] [Times: user=0,08 sys=0,00, real=0,01 secs] 
2015-09-03T06:44:57.861+0200: 573486,037: [GC2015-09-03T06:44:57.861+0200: 573486,037: [ParNew: 286280K->6722K(314560K), 0,0088160 secs] 600331K->321362K(1013632K), 0,0089240 secs] [Times: user=0,06 sys=0,00, real=0,01 secs] 
2015-09-03T06:45:55.893+0200: 573544,069: [GC2015-09-03T06:45:55.893+0200: 573544,069: [ParNew: 286338K->6275K(314560K), 0,0105140 secs] 600978K->321913K(1013632K), 0,0106500 secs] [Times: user=0,07 sys=0,00, real=0,01 secs] 
2015-09-03T06:46:53.926+0200: 573602,103: [GC2015-09-03T06:46:53.926+0200: 573602,103: [ParNew: 285891K->6165K(314560K), 0,0087840 secs] 601529K->322316K(1013632K), 0,0088970 secs] [Times: user=0,06 sys=0,00, real=0,00 secs] 
2015-09-03T06:47:51.839+0200: 573660,016: [GC2015-09-03T06:47:51.839+0200: 573660,016: [ParNew: 285781K->8184K(314560K), 0,0097250 secs] 601932K->324859K(1013632K), 0,0098510 secs] [Times: user=0,07 sys=0,00, real=0,01 secs] 
2015-09-03T06:48:49.780+0200: 573717,956: [GC2015-09-03T06:48:49.780+0200: 573717,956: [ParNew: 287800K->9606K(314560K), 0,0093220 secs] 604475K->326825K(1013632K), 0,0094340 secs] [Times: user=0,10 sys=0,00, real=0,01 secs] 
2015-09-03T06:49:47.814+0200: 573775,990: [GC2015-09-03T06:49:47.814+0200: 573775,990: [ParNew: 289222K->6886K(314560K), 0,0101340 secs] 606441K->324733K(1013632K), 0,0102510 secs] [Times: user=0,07 sys=0,00, real=0,01 secs] 
2015-09-03T06:50:45.847+0200: 573834,023: [GC2015-09-03T06:50:45.847+0200: 573834,024: [ParNew: 286502K->9694K(314560K), 0,0105570 secs] 604349K->328363K(1013632K), 0,0106830 secs] [Times: user=0,10 sys=0,00, real=0,01 secs] 
2015-09-03T06:51:43.880+0200: 573892,057: [GC2015-09-03T06:51:43.880+0200: 573892,057: [ParNew: 289310K->9428K(314560K), 0,0110410 secs] 607979K->328991K(1013632K), 0,0111640 secs] [Times: user=0,06 sys=0,01, real=0,01 secs] 
2015-09-03T06:52:41.914+0200: 573950,091: [GC2015-09-03T06:52:41.914+0200: 573950,091: [ParNew: 289044K->9087K(314560K), 0,0116040 secs] 608607K->329669K(1013632K), 0,0117330 secs] [Times: user=0,09 sys=0,00, real=0,02 secs] 
2015-09-03T06:53:39.949+0200: 574008,126: [GC2015-09-03T06:53:39.949+0200: 574008,126: [ParNew: 288703K->9173K(314560K), 0,0120400 secs] 609285K->330786K(1013632K), 0,0121500 secs] [Times: user=0,09 sys=0,00, real=0,01 secs] 
2015-09-03T06:54:37.984+0200: 574066,161: [GC2015-09-03T06:54:37.984+0200: 574066,161: [ParNew: 288789K->8419K(314560K), 0,0182640 secs] 610402K->330984K(1013632K), 0,0184180 secs] [Times: user=0,14 sys=0,00, real=0,02 secs] 
2015-09-03T06:55:35.713+0200: 574123,890: [GC2015-09-03T06:55:35.713+0200: 574123,890: [ParNew: 288035K->9380K(314560K), 0,0105560 secs] 610600K->332865K(1013632K), 0,0106740 secs] [Times: user=0,07 sys=0,01, real=0,01 secs] 
2015-09-03T06:56:33.648+0200: 574181,825: [GC2015-09-03T06:56:33.648+0200: 574181,825: [ParNew: 288996K->10071K(314560K), 0,0120070 secs] 612481K->334491K(1013632K), 0,0121350 secs] [Times: user=0,08 sys=0,00, real=0,01 secs] 
2015-09-03T06:57:31.581+0200: 574239,757: [GC2015-09-03T06:57:31.581+0200: 574239,757: [ParNew: 289687K->7714K(314560K), 0,0128740 secs] 614107K->333077K(1013632K), 0,0130090 secs] [Times: user=0,08 sys=0,00, real=0,01 secs] 
2015-09-03T06:58:29.434+0200: 574297,610: [GC2015-09-03T06:58:29.434+0200: 574297,610: [ParNew: 287330K->8698K(314560K), 0,0104870 secs] 612693K->334985K(1013632K), 0,0106140 secs] [Times: user=0,07 sys=0,00, real=0,02 secs] 
2015-09-03T06:59:27.328+0200: 574355,504: [GC2015-09-03T06:59:27.328+0200: 574355,504: [ParNew: 288314K->10245K(314560K), 0,0120940 secs] 614601K->337468K(1013632K), 0,0122010 secs] [Times: user=0,08 sys=0,00, real=0,01 secs] 
2015-09-03T07:00:25.258+0200: 574413,434: [GC2015-09-03T07:00:25.258+0200: 574413,434: [ParNew: 289861K->7500K(314560K), 0,0123010 secs] 617084K->335712K(1013632K), 0,0124270 secs] [Times: user=0,09 sys=0,00, real=0,01 secs] 
2015-09-03T07:01:23.105+0200: 574471,281: [GC2015-09-03T07:01:23.105+0200: 574471,281: [ParNew: 287116K->9024K(314560K), 0,0106240 secs] 615328K->338255K(1013632K), 0,0107440 secs] [Times: user=0,07 sys=0,00, real=0,00 secs] 
2015-09-03T07:02:21.007+0200: 574529,184: [GC2015-09-03T07:02:21.007+0200: 574529,184: [ParNew: 288640K->9030K(314560K), 0,0140870 secs] 617871K->339293K(1013632K), 0,0142050 secs] [Times: user=0,11 sys=0,00, real=0,01 secs] 
2015-09-03T07:03:19.044+0200: 574587,221: [GC2015-09-03T07:03:19.044+0200: 574587,221: [ParNew: 288646K->7692K(314560K), 0,0104540 secs] 618909K->338897K(1013632K), 0,0105900 secs] [Times: user=0,07 sys=0,00, real=0,00 secs] 
2015-09-03T07:04:17.078+0200: 574645,254: [GC2015-09-03T07:04:17.078+0200: 574645,254: [ParNew: 287308K->9526K(314560K), 0,0114870 secs] 618513K->341667K(1013632K), 0,0116020 secs] [Times: user=0,07 sys=0,00, real=0,01 secs] 
2015-09-03T07:05:15.024+0200: 574703,201: [GC2015-09-03T07:05:15.024+0200: 574703,201: [ParNew: 289142K->9507K(314560K), 0,0111590 secs] 621283K->342574K(1013632K), 0,0112690 secs] [Times: user=0,07 sys=0,00, real=0,01 secs] 
2015-09-03T07:06:12.847+0200: 574761,023: [GC2015-09-03T07:06:12.847+0200: 574761,023: [ParNew: 289123K->8873K(314560K), 0,0110530 secs] 622190K->342903K(1013632K), 0,0111660 secs] [Times: user=0,10 sys=0,00, real=0,01 secs] 
2015-09-03T07:07:10.757+0200: 574818,933: [GC2015-09-03T07:07:10.757+0200: 574818,934: [ParNew: 288489K->9696K(314560K), 0,0122440 secs] 622519K->344676K(1013632K), 0,0123630 secs] [Times: user=0,10 sys=0,00, real=0,01 secs] 
2015-09-03T07:08:08.683+0200: 574876,859: [GC2015-09-03T07:08:08.683+0200: 574876,859: [ParNew: 289312K->8297K(314560K), 0,0114460 secs] 624292K->344246K(1013632K), 0,0115740 secs] [Times: user=0,08 sys=0,00, real=0,01 secs] 
2015-09-03T07:09:06.532+0200: 574934,709: [GC2015-09-03T07:09:06.533+0200: 574934,709: [ParNew: 287913K->10658K(314560K), 0,0112130 secs] 623862K->347623K(1013632K), 0,0113390 secs] [Times: user=0,07 sys=0,00, real=0,01 secs] 
2015-09-03T07:10:04.330+0200: 574992,506: [GC2015-09-03T07:10:04.330+0200: 574992,506: [ParNew: 290274K->8117K(314560K), 0,0106570 secs] 627239K->346103K(1013632K), 0,0108130 secs] [Times: user=0,07 sys=0,00, real=0,01 secs] 
2015-09-03T07:11:02.259+0200: 575050,436: [GC2015-09-03T07:11:02.259+0200: 575050,436: [ParNew: 287733K->9703K(314560K), 0,0161400 secs] 625719K->348621K(1013632K), 0,0162640 secs] [Times: user=0,11 sys=0,00, real=0,01 secs] 
2015-09-03T07:12:00.298+0200: 575108,475: [GC2015-09-03T07:12:00.298+0200: 575108,475: [ParNew: 289319K->7437K(314560K), 0,0105450 secs] 628237K->347280K(1013632K), 0,0106660 secs] [Times: user=0,07 sys=0,00, real=0,01 secs] 
2015-09-03T07:12:58.105+0200: 575166,281: [GC2015-09-03T07:12:58.105+0200: 575166,281: [ParNew: 287053K->10361K(314560K), 0,0100800 secs] 626896K->351144K(1013632K), 0,0101980 secs] [Times: user=0,08 sys=0,00, real=0,00 secs] 
2015-09-03T07:13:55.813+0200: 575223,990: [GC2015-09-03T07:13:55.813+0200: 575223,990: [ParNew: 289977K->6951K(314560K), 0,0109130 secs] 630760K->348671K(1013632K), 0,0110540 secs] [Times: user=0,08 sys=0,00, real=0,02 secs] 
2015-09-03T07:14:53.776+0200: 575281,953: [GC2015-09-03T07:14:53.776+0200: 575281,953: [ParNew: 286567K->8579K(314560K), 0,0121780 secs] 628287K->351244K(1013632K), 0,0122940 secs] [Times: user=0,07 sys=0,00, real=0,02 secs] 
2015-09-03T07:15:51.811+0200: 575339,988: [GC2015-09-03T07:15:51.811+0200: 575339,988: [ParNew: 288195K->8697K(314560K), 0,0117730 secs] 630860K->352291K(1013632K), 0,0119070 secs] [Times: user=0,08 sys=0,00, real=0,01 secs] 
2015-09-03T07:16:49.846+0200: 575398,023: [GC2015-09-03T07:16:49.846+0200: 575398,023: [ParNew: 288313K->8995K(314560K), 0,0290470 secs] 631907K->353541K(1013632K), 0,0291660 secs] [Times: user=0,21 sys=0,00, real=0,02 secs] 
2015-09-03T07:17:47.844+0200: 575456,021: [GC2015-09-03T07:17:47.844+0200: 575456,021: [ParNew: 288611K->9154K(314560K), 0,0112520 secs] 633157K->354735K(1013632K), 0,0113590 secs] [Times: user=0,07 sys=0,00, real=0,00 secs] 
2015-09-03T07:18:45.721+0200: 575513,897: [GC2015-09-03T07:18:45.721+0200: 575513,897: [ParNew: 288770K->9193K(314560K), 0,0110750 secs] 634351K->355787K(1013632K), 0,0111960 secs] [Times: user=0,08 sys=0,00, real=0,01 secs] 
2015-09-03T07:19:43.645+0200: 575571,821: [GC2015-09-03T07:19:43.645+0200: 575571,821: [ParNew: 288809K->6909K(314560K), 0,0114740 secs] 635403K->354427K(1013632K), 0,0115900 secs] [Times: user=0,07 sys=0,00, real=0,00 secs] 
2015-09-03T07:20:41.578+0200: 575629,754: [GC2015-09-03T07:20:41.578+0200: 575629,754: [ParNew: 286525K->8718K(314560K), 0,0093300 secs] 634043K->357187K(1013632K), 0,0094550 secs] [Times: user=0,08 sys=0,00, real=0,01 secs] 
2015-09-03T07:21:39.262+0200: 575687,438: [GC2015-09-03T07:21:39.262+0200: 575687,438: [ParNew: 288334K->7956K(314560K), 0,0105740 secs] 636803K->357362K(1013632K), 0,0107110 secs] [Times: user=0,07 sys=0,01, real=0,01 secs] 
2015-09-03T07:22:37.234+0200: 575745,410: [GC2015-09-03T07:22:37.234+0200: 575745,411: [ParNew: 287572K->8762K(314560K), 0,0098690 secs] 636978K->359110K(1013632K), 0,0099910 secs] [Times: user=0,07 sys=0,00, real=0,01 secs] 
2015-09-03T07:23:34.873+0200: 575803,050: [GC2015-09-03T07:23:34.873+0200: 575803,050: [ParNew: 288378K->10361K(314560K), 0,0112840 secs] 638726K->361654K(1013632K), 0,0114020 secs] [Times: user=0,08 sys=0,01, real=0,02 secs] 
2015-09-03T07:24:32.847+0200: 575861,023: [GC2015-09-03T07:24:32.847+0200: 575861,023: [ParNew: 289977K->7479K(314560K), 0,0111670 secs] 641270K->359706K(1013632K), 0,0113000 secs] [Times: user=0,09 sys=0,00, real=0,01 secs] 
2015-09-03T07:25:30.712+0200: 575918,888: [GC2015-09-03T07:25:30.712+0200: 575918,888: [ParNew: 287095K->8989K(314560K), 0,0134140 secs] 639322K->362203K(1013632K), 0,0135490 secs] [Times: user=0,11 sys=0,00, real=0,02 secs] 
2015-09-03T07:26:28.748+0200: 575976,925: [GC2015-09-03T07:26:28.748+0200: 575976,925: [ParNew: 288605K->9780K(314560K), 0,0124650 secs] 641819K->364025K(1013632K), 0,0126040 secs] [Times: user=0,09 sys=0,00, real=0,01 secs] 
2015-09-03T07:27:26.783+0200: 576034,960: [GC2015-09-03T07:27:26.783+0200: 576034,960: [ParNew: 289396K->9971K(314560K), 0,0113150 secs] 643641K->365237K(1013632K), 0,0114350 secs] [Times: user=0,09 sys=0,00, real=0,01 secs] 
2015-09-03T07:28:24.818+0200: 576092,994: [GC2015-09-03T07:28:24.818+0200: 576092,994: [ParNew: 289587K->8894K(314560K), 0,0105730 secs] 644853K->365106K(1013632K), 0,0107010 secs] [Times: user=0,08 sys=0,00, real=0,01 secs] 
2015-09-03T07:29:22.708+0200: 576150,885: [GC2015-09-03T07:29:22.708+0200: 576150,885: [ParNew: 288510K->6243K(314560K), 0,0103820 secs] 644722K->363393K(1013632K), 0,0105000 secs] [Times: user=0,10 sys=0,00, real=0,01 secs] 
2015-09-03T07:30:20.674+0200: 576208,850: [GC2015-09-03T07:30:20.674+0200: 576208,850: [ParNew: 285859K->8087K(314560K), 0,0119720 secs] 643009K->366191K(1013632K), 0,0121020 secs] [Times: user=0,08 sys=0,00, real=0,02 secs] 
2015-09-03T07:31:18.321+0200: 576266,498: [GC2015-09-03T07:31:18.321+0200: 576266,498: [ParNew: 287703K->7604K(314560K), 0,0116280 secs] 645807K->366661K(1013632K), 0,0117350 secs] [Times: user=0,09 sys=0,00, real=0,01 secs] 
2015-09-03T07:32:16.331+0200: 576324,507: [GC2015-09-03T07:32:16.331+0200: 576324,508: [ParNew: 287220K->8303K(314560K), 0,0150210 secs] 646277K->368299K(1013632K), 0,0151560 secs] [Times: user=0,11 sys=0,00, real=0,02 secs] 
2015-09-03T07:33:14.369+0200: 576382,545: [GC2015-09-03T07:33:14.369+0200: 576382,545: [ParNew: 287919K->5609K(314560K), 0,0095610 secs] 647915K->366589K(1013632K), 0,0096880 secs] [Times: user=0,06 sys=0,01, real=0,01 secs] 
2015-09-03T07:34:12.401+0200: 576440,578: [GC2015-09-03T07:34:12.402+0200: 576440,578: [ParNew: 285225K->6229K(314560K), 0,0095170 secs] 646205K->368009K(1013632K), 0,0096370 secs] [Times: user=0,05 sys=0,00, real=0,01 secs] 
2015-09-03T07:35:10.434+0200: 576498,610: [GC2015-09-03T07:35:10.434+0200: 576498,610: [ParNew: 285845K->8147K(314560K), 0,0076440 secs] 647625K->370506K(1013632K), 0,0077610 secs] [Times: user=0,07 sys=0,00, real=0,01 secs] 
2015-09-03T07:36:08.465+0200: 576556,641: [GC2015-09-03T07:36:08.465+0200: 576556,641: [ParNew: 287763K->5464K(314560K), 0,0085540 secs] 650122K->368395K(1013632K), 0,0086810 secs] [Times: user=0,06 sys=0,00, real=0,00 secs] 
2015-09-03T07:37:06.496+0200: 576614,673: [GC2015-09-03T07:37:06.496+0200: 576614,673: [ParNew: 285080K->7493K(314560K), 0,0092380 secs] 648011K->370917K(1013632K), 0,0093500 secs] [Times: user=0,07 sys=0,00, real=0,02 secs] 
2015-09-03T07:38:04.198+0200: 576672,375: [GC2015-09-03T07:38:04.198+0200: 576672,375: [ParNew: 287109K->8214K(314560K), 0,0106280 secs] 650533K->372198K(1013632K), 0,0107520 secs] [Times: user=0,08 sys=0,00, real=0,01 secs] 
2015-09-03T07:39:02.151+0200: 576730,327: [GC2015-09-03T07:39:02.151+0200: 576730,327: [ParNew: 287830K->7566K(314560K), 0,0085830 secs] 651814K->372183K(1013632K), 0,0087140 secs] [Times: user=0,06 sys=0,00, real=0,01 secs] 
2015-09-03T07:40:00.182+0200: 576788,359: [GC2015-09-03T07:40:00.182+0200: 576788,359: [ParNew: 287182K->9913K(314560K), 0,0219710 secs] 651799K->375381K(1013632K), 0,0220710 secs] [Times: user=0,17 sys=0,00, real=0,02 secs] 
2015-09-03T07:40:58.105+0200: 576846,281: [GC2015-09-03T07:40:58.105+0200: 576846,281: [ParNew: 289529K->9568K(314560K), 0,0116970 secs] 654997K->375955K(1013632K), 0,0118600 secs] [Times: user=0,06 sys=0,00, real=0,01 secs] 
2015-09-03T07:41:56.049+0200: 576904,226: [GC2015-09-03T07:41:56.049+0200: 576904,226: [ParNew: 289184K->6709K(314560K), 0,0115570 secs] 655571K->374026K(1013632K), 0,0116760 secs] [Times: user=0,06 sys=0,01, real=0,01 secs] 
2015-09-03T07:42:54.084+0200: 576962,260: [GC2015-09-03T07:42:54.084+0200: 576962,260: [ParNew: 286325K->7870K(314560K), 0,0136990 secs] 653642K->376201K(1013632K), 0,0138240 secs] [Times: user=0,11 sys=0,00, real=0,02 secs] 
2015-09-03T07:43:52.120+0200: 577020,297: [GC2015-09-03T07:43:52.121+0200: 577020,297: [ParNew: 287486K->5446K(314560K), 0,0091170 secs] 655817K->374835K(1013632K), 0,0092450 secs] [Times: user=0,07 sys=0,00, real=0,01 secs] 
2015-09-03T07:44:49.560+0200: 577077,737: [GC2015-09-03T07:44:49.560+0200: 577077,737: [ParNew: 285062K->5607K(314560K), 0,0084900 secs] 654451K->375496K(1013632K), 0,0086050 secs] [Times: user=0,06 sys=0,00, real=0,01 secs] 
2015-09-03T07:45:46.375+0200: 577134,552: [GC2015-09-03T07:45:46.375+0200: 577134,552: [ParNew: 285223K->5847K(314560K), 0,0095210 secs] 655112K->376749K(1013632K), 0,0096390 secs] [Times: user=0,07 sys=0,00, real=0,02 secs] 
2015-09-03T07:46:44.170+0200: 577192,346: [GC2015-09-03T07:46:44.170+0200: 577192,346: [ParNew: 285463K->7304K(314560K), 0,0094150 secs] 656365K->378703K(1013632K), 0,0095270 secs] [Times: user=0,06 sys=0,00, real=0,01 secs] 
2015-09-03T07:47:42.032+0200: 577250,209: [GC2015-09-03T07:47:42.032+0200: 577250,209: [ParNew: 286920K->7911K(314560K), 0,0089760 secs] 658319K->379830K(1013632K), 0,0090900 secs] [Times: user=0,07 sys=0,00, real=0,01 secs] 
2015-09-03T07:48:39.780+0200: 577307,956: [GC2015-09-03T07:48:39.780+0200: 577307,956: [ParNew: 287527K->9314K(314560K), 0,0105560 secs] 659446K->381796K(1013632K), 0,0106740 secs] [Times: user=0,07 sys=0,00, real=0,01 secs] 
2015-09-03T07:49:37.686+0200: 577365,863: [GC2015-09-03T07:49:37.686+0200: 577365,863: [ParNew: 288930K->7485K(314560K), 0,0101940 secs] 661412K->380609K(1013632K), 0,0103180 secs] [Times: user=0,07 sys=0,01, real=0,01 secs] 
2015-09-03T07:50:35.719+0200: 577423,895: [GC2015-09-03T07:50:35.719+0200: 577423,895: [ParNew: 287101K->9911K(314560K), 0,0106000 secs] 660225K->383945K(1013632K), 0,0107430 secs] [Times: user=0,09 sys=0,00, real=0,01 secs] 
2015-09-03T07:51:33.752+0200: 577481,929: [GC2015-09-03T07:51:33.752+0200: 577481,929: [ParNew: 289527K->9517K(314560K), 0,0115170 secs] 663561K->384543K(1013632K), 0,0116420 secs] [Times: user=0,08 sys=0,00, real=0,01 secs] 
2015-09-03T07:52:31.786+0200: 577539,963: [GC2015-09-03T07:52:31.786+0200: 577539,963: [ParNew: 289133K->9030K(314560K), 0,0103580 secs] 664159K->385052K(1013632K), 0,0104910 secs] [Times: user=0,08 sys=0,00, real=0,01 secs] 
2015-09-03T07:53:29.820+0200: 577597,996: [GC2015-09-03T07:53:29.820+0200: 577597,996: [ParNew: 288646K->8357K(314560K), 0,0116880 secs] 664668K->385298K(1013632K), 0,0118180 secs] [Times: user=0,08 sys=0,00, real=0,01 secs] 
2015-09-03T07:54:27.854+0200: 577656,031: [GC2015-09-03T07:54:27.855+0200: 577656,031: [ParNew: 287973K->8687K(314560K), 0,0109720 secs] 664914K->386550K(1013632K), 0,0110770 secs] [Times: user=0,09 sys=0,00, real=0,02 secs] 
2015-09-03T07:55:25.888+0200: 577714,065: [GC2015-09-03T07:55:25.888+0200: 577714,065: [ParNew: 288303K->8691K(314560K), 0,0110730 secs] 666166K->387492K(1013632K), 0,0112100 secs] [Times: user=0,07 sys=0,01, real=0,01 secs] 
2015-09-03T07:56:23.922+0200: 577772,099: [GC2015-09-03T07:56:23.922+0200: 577772,099: [ParNew: 288307K->10264K(314560K), 0,0114820 secs] 667108K->389998K(1013632K), 0,0116130 secs] [Times: user=0,08 sys=0,00, real=0,01 secs] 
2015-09-03T07:57:21.957+0200: 577830,133: [GC2015-09-03T07:57:21.957+0200: 577830,133: [ParNew: 289880K->7412K(314560K), 0,0128810 secs] 669614K->388080K(1013632K), 0,0130040 secs] [Times: user=0,08 sys=0,00, real=0,01 secs] 
2015-09-03T07:58:19.993+0200: 577888,169: [GC2015-09-03T07:58:19.993+0200: 577888,169: [ParNew: 287028K->8198K(314560K), 0,0132120 secs] 667696K->389797K(1013632K), 0,0133570 secs] [Times: user=0,08 sys=0,00, real=0,02 secs] 
2015-09-03T07:59:17.847+0200: 577946,023: [GC2015-09-03T07:59:17.847+0200: 577946,023: [ParNew: 287814K->9706K(314560K), 0,0119820 secs] 669413K->392334K(1013632K), 0,0120990 secs] [Times: user=0,09 sys=0,00, real=0,01 secs] 
2015-09-03T08:00:15.810+0200: 578003,987: [GC2015-09-03T08:00:15.810+0200: 578003,987: [ParNew: 289322K->9904K(314560K), 0,0109830 secs] 671950K->393554K(1013632K), 0,0111190 secs] [Times: user=0,10 sys=0,00, real=0,01 secs] 
2015-09-03T08:01:13.972+0200: 578062,149: [GC2015-09-03T08:01:13.972+0200: 578062,149: [ParNew: 289520K->7670K(314560K), 0,0109790 secs] 673170K->392268K(1013632K), 0,0110960 secs] [Times: user=0,08 sys=0,00, real=0,01 secs] 
2015-09-03T08:02:11.896+0200: 578120,072: [GC2015-09-03T08:02:11.896+0200: 578120,072: [ParNew: 287286K->10104K(314560K), 0,0103570 secs] 671884K->395635K(1013632K), 0,0104580 secs] [Times: user=0,08 sys=0,00, real=0,02 secs] 
2015-09-03T08:03:09.929+0200: 578178,105: [GC2015-09-03T08:03:09.929+0200: 578178,105: [ParNew: 289720K->7652K(314560K), 0,0109560 secs] 675251K->394112K(1013632K), 0,0110740 secs] [Times: user=0,07 sys=0,01, real=0,01 secs] 
2015-09-03T08:04:07.837+0200: 578236,013: [GC2015-09-03T08:04:07.837+0200: 578236,013: [ParNew: 287268K->7950K(314560K), 0,0118390 secs] 673728K->395349K(1013632K), 0,0119610 secs] [Times: user=0,07 sys=0,00, real=0,01 secs] 
2015-09-03T08:05:05.687+0200: 578293,863: [GC2015-09-03T08:05:05.687+0200: 578293,863: [ParNew: 287566K->8681K(314560K), 0,0109480 secs] 674965K->397013K(1013632K), 0,0110630 secs] [Times: user=0,08 sys=0,00, real=0,01 secs] 
2015-09-03T08:06:03.610+0200: 578351,786: [GC2015-09-03T08:06:03.610+0200: 578351,786: [ParNew: 288297K->9690K(314560K), 0,0122820 secs] 676629K->398972K(1013632K), 0,0124100 secs] [Times: user=0,07 sys=0,00, real=0,01 secs] 
2015-09-03T08:07:01.493+0200: 578409,670: [GC2015-09-03T08:07:01.493+0200: 578409,670: [ParNew: 289306K->10593K(314560K), 0,0119810 secs] 678588K->400832K(1013632K), 0,0121240 secs] [Times: user=0,08 sys=0,00, real=0,02 secs] 
2015-09-03T08:07:59.348+0200: 578467,524: [GC2015-09-03T08:07:59.348+0200: 578467,524: [ParNew: 290209K->7643K(314560K), 0,0112550 secs] 680448K->398920K(1013632K), 0,0113680 secs] [Times: user=0,07 sys=0,00, real=0,01 secs] 
2015-09-03T08:08:57.289+0200: 578525,465: [GC2015-09-03T08:08:57.289+0200: 578525,465: [ParNew: 287259K->10440K(314560K), 0,0101570 secs] 678536K->402763K(1013632K), 0,0102780 secs] [Times: user=0,08 sys=0,00, real=0,01 secs] 
2015-09-03T08:09:55.322+0200: 578583,498: [GC2015-09-03T08:09:55.322+0200: 578583,498: [ParNew: 290056K->7845K(314560K), 0,0106550 secs] 682379K->401105K(1013632K), 0,0107810 secs] [Times: user=0,06 sys=0,01, real=0,01 secs] 
2015-09-03T08:10:53.105+0200: 578641,281: [GC2015-09-03T08:10:53.105+0200: 578641,281: [ParNew: 287461K->9082K(314560K), 0,0103010 secs] 680721K->403265K(1013632K), 0,0104190 secs] [Times: user=0,07 sys=0,00, real=0,00 secs] 
2015-09-03T08:11:50.954+0200: 578699,130: [GC2015-09-03T08:11:50.954+0200: 578699,130: [ParNew: 288698K->9163K(314560K), 0,0113840 secs] 682881K->404274K(1013632K), 0,0115240 secs] [Times: user=0,09 sys=0,00, real=0,02 secs] 
2015-09-03T08:12:48.800+0200: 578756,977: [GC2015-09-03T08:12:48.800+0200: 578756,977: [ParNew: 288779K->10190K(314560K), 0,0110200 secs] 683890K->406244K(1013632K), 0,0111180 secs] [Times: user=0,08 sys=0,00, real=0,01 secs] 
2015-09-03T08:13:46.679+0200: 578814,856: [GC2015-09-03T08:13:46.679+0200: 578814,856: [ParNew: 289806K->7836K(314560K), 0,0125850 secs] 685860K->404835K(1013632K), 0,0127160 secs] [Times: user=0,09 sys=0,00, real=0,01 secs] 
2015-09-03T08:14:44.657+0200: 578872,833: [GC2015-09-03T08:14:44.657+0200: 578872,833: [ParNew: 287452K->8847K(314560K), 0,0112080 secs] 684451K->406787K(1013632K), 0,0113360 secs] [Times: user=0,07 sys=0,01, real=0,01 secs] 
2015-09-03T08:15:42.691+0200: 578930,867: [GC2015-09-03T08:15:42.691+0200: 578930,868: [ParNew: 288463K->8174K(314560K), 0,0117420 secs] 686403K->407115K(1013632K), 0,0118660 secs] [Times: user=0,09 sys=0,00, real=0,01 secs] 
2015-09-03T08:16:40.546+0200: 578988,723: [GC2015-09-03T08:16:40.546+0200: 578988,723: [ParNew: 287790K->11397K(314560K), 0,0108720 secs] 686731K->411365K(1013632K), 0,0109910 secs] [Times: user=0,08 sys=0,00, real=0,01 secs] 
2015-09-03T08:17:38.549+0200: 579046,725: [GC2015-09-03T08:17:38.549+0200: 579046,725: [ParNew: 291013K->7636K(314560K), 0,0109270 secs] 690981K->408544K(1013632K), 0,0110450 secs] [Times: user=0,08 sys=0,00, real=0,01 secs] 
2015-09-03T08:18:36.583+0200: 579104,759: [GC2015-09-03T08:18:36.583+0200: 579104,759: [ParNew: 287252K->9060K(314560K), 0,0111650 secs] 688160K->410894K(1013632K), 0,0112980 secs] [Times: user=0,09 sys=0,00, real=0,01 secs] 
2015-09-03T08:19:34.617+0200: 579162,794: [GC2015-09-03T08:19:34.617+0200: 579162,794: [ParNew: 288676K->9088K(314560K), 0,0116960 secs] 690510K->411861K(1013632K), 0,0118160 secs] [Times: user=0,06 sys=0,00, real=0,01 secs] 
2015-09-03T08:20:32.557+0200: 579220,734: [GC2015-09-03T08:20:32.557+0200: 579220,734: [ParNew: 288704K->9334K(314560K), 0,0108120 secs] 691477K->413045K(1013632K), 0,0109550 secs] [Times: user=0,07 sys=0,00, real=0,01 secs] 
2015-09-03T08:21:30.474+0200: 579278,651: [GC2015-09-03T08:21:30.474+0200: 579278,651: [ParNew: 288950K->8757K(314560K), 0,0147900 secs] 692661K->413396K(1013632K), 0,0149140 secs] [Times: user=0,10 sys=0,00, real=0,02 secs] 
2015-09-03T08:22:28.105+0200: 579336,281: [GC2015-09-03T08:22:28.105+0200: 579336,281: [ParNew: 288373K->9635K(314560K), 0,0129900 secs] 693012K->415218K(1013632K), 0,0131050 secs] [Times: user=0,10 sys=0,00, real=0,01 secs] 
2015-09-03T08:23:25.940+0200: 579394,117: [GC2015-09-03T08:23:25.940+0200: 579394,117: [ParNew: 289251K->9770K(314560K), 0,0116710 secs] 694834K->416300K(1013632K), 0,0118440 secs] [Times: user=0,06 sys=0,00, real=0,01 secs] 
2015-09-03T08:24:23.975+0200: 579452,151: [GC2015-09-03T08:24:23.975+0200: 579452,151: [ParNew: 289386K->9128K(314560K), 0,0113630 secs] 695916K->416686K(1013632K), 0,0114730 secs] [Times: user=0,10 sys=0,00, real=0,02 secs] 
2015-09-03T08:25:22.009+0200: 579510,186: [GC2015-09-03T08:25:22.009+0200: 579510,186: [ParNew: 288744K->8387K(314560K), 0,0109040 secs] 696302K->416954K(1013632K), 0,0110390 secs] [Times: user=0,07 sys=0,00, real=0,01 secs] 
2015-09-03T08:26:19.879+0200: 579568,056: [GC2015-09-03T08:26:19.879+0200: 579568,056: [ParNew: 288003K->8410K(314560K), 0,0124550 secs] 696570K->417905K(1013632K), 0,0125760 secs] [Times: user=0,09 sys=0,00, real=0,01 secs] 
2015-09-03T08:27:17.865+0200: 579626,042: [GC2015-09-03T08:27:17.865+0200: 579626,042: [ParNew: 288026K->10098K(314560K), 0,0111070 secs] 697521K->420527K(1013632K), 0,0112110 secs] [Times: user=0,08 sys=0,00, real=0,01 secs] 
2015-09-03T08:28:15.899+0200: 579684,076: [GC2015-09-03T08:28:15.899+0200: 579684,076: [ParNew: 289714K->9906K(314560K), 0,0132350 secs] 700143K->421275K(1013632K), 0,0133500 secs] [Times: user=0,10 sys=0,00, real=0,01 secs] 
2015-09-03T08:29:13.935+0200: 579742,112: [GC2015-09-03T08:29:13.935+0200: 579742,112: [ParNew: 289522K->9393K(314560K), 0,0111480 secs] 700891K->421693K(1013632K), 0,0112620 secs] [Times: user=0,10 sys=0,00, real=0,02 secs] 
2015-09-03T08:30:11.695+0200: 579799,872: [GC2015-09-03T08:30:11.695+0200: 579799,872: [ParNew: 289009K->7510K(314560K), 0,0111830 secs] 701309K->420747K(1013632K), 0,0113140 secs] [Times: user=0,08 sys=0,00, real=0,02 secs] 
2015-09-03T08:31:09.591+0200: 579857,768: [GC2015-09-03T08:31:09.591+0200: 579857,768: [ParNew: 287126K->8560K(314560K), 0,0103830 secs] 700363K->422736K(1013632K), 0,0105070 secs] [Times: user=0,09 sys=0,00, real=0,01 secs] 
2015-09-03T08:32:07.624+0200: 579915,801: [GC2015-09-03T08:32:07.624+0200: 579915,801: [ParNew: 288176K->7976K(314560K), 0,0102200 secs] 702352K->423117K(1013632K), 0,0103630 secs] [Times: user=0,07 sys=0,00, real=0,01 secs] 
2015-09-03T08:33:05.657+0200: 579973,834: [GC2015-09-03T08:33:05.657+0200: 579973,834: [ParNew: 287592K->6215K(314560K), 0,0095280 secs] 702733K->422483K(1013632K), 0,0096470 secs] [Times: user=0,07 sys=0,00, real=0,01 secs] 
2015-09-03T08:34:03.690+0200: 580031,867: [GC2015-09-03T08:34:03.690+0200: 580031,867: [ParNew: 285831K->6319K(314560K), 0,0092430 secs] 702099K->423409K(1013632K), 0,0093650 secs] [Times: user=0,07 sys=0,00, real=0,01 secs] 
2015-09-03T08:35:01.722+0200: 580089,899: [GC2015-09-03T08:35:01.722+0200: 580089,899: [ParNew: 285935K->6171K(314560K), 0,0078110 secs] 703025K->423758K(1013632K), 0,0079410 secs] [Times: user=0,05 sys=0,00, real=0,01 secs] 
2015-09-03T08:35:59.421+0200: 580147,598: [GC2015-09-03T08:35:59.421+0200: 580147,598: [ParNew: 285787K->7803K(314560K), 0,0091490 secs] 703374K->425978K(1013632K), 0,0092680 secs] [Times: user=0,06 sys=0,00, real=0,01 secs] 
2015-09-03T08:36:57.375+0200: 580205,551: [GC2015-09-03T08:36:57.375+0200: 580205,551: [ParNew: 287419K->6882K(314560K), 0,0082740 secs] 705594K->425566K(1013632K), 0,0084170 secs] [Times: user=0,05 sys=0,00, real=0,01 secs] 
2015-09-03T08:37:55.406+0200: 580263,582: [GC2015-09-03T08:37:55.406+0200: 580263,582: [ParNew: 286498K->8420K(314560K), 0,0096130 secs] 705182K->427642K(1013632K), 0,0097410 secs] [Times: user=0,07 sys=0,00, real=0,00 secs] 
2015-09-03T08:38:53.105+0200: 580321,281: [GC2015-09-03T08:38:53.105+0200: 580321,281: [ParNew: 288036K->9175K(314560K), 0,0090670 secs] 707258K->429043K(1013632K), 0,0091700 secs] [Times: user=0,06 sys=0,00, real=0,00 secs] 
2015-09-03T08:39:51.061+0200: 580379,237: [GC2015-09-03T08:39:51.061+0200: 580379,237: [ParNew: 288791K->10284K(314560K), 0,0102060 secs] 708659K->431012K(1013632K), 0,0103170 secs] [Times: user=0,06 sys=0,00, real=0,01 secs] 
2015-09-03T08:40:49.093+0200: 580437,270: [GC2015-09-03T08:40:49.093+0200: 580437,270: [ParNew: 289900K->7630K(314560K), 0,0099740 secs] 710628K->429360K(1013632K), 0,0100990 secs] [Times: user=0,07 sys=0,00, real=0,01 secs] 
2015-09-03T08:41:47.126+0200: 580495,303: [GC2015-09-03T08:41:47.126+0200: 580495,303: [ParNew: 287246K->7308K(314560K), 0,0104890 secs] 708976K->430031K(1013632K), 0,0106180 secs] [Times: user=0,07 sys=0,00, real=0,01 secs] 
2015-09-03T08:42:45.159+0200: 580553,336: [GC2015-09-03T08:42:45.159+0200: 580553,336: [ParNew: 286924K->6165K(314560K), 0,0076050 secs] 709647K->429825K(1013632K), 0,0077200 secs] [Times: user=0,06 sys=0,00, real=0,01 secs] 
2015-09-03T08:43:43.105+0200: 580611,281: [GC2015-09-03T08:43:43.105+0200: 580611,281: [ParNew: 285781K->7043K(314560K), 0,0118400 secs] 709441K->431761K(1013632K), 0,0119450 secs] [Times: user=0,06 sys=0,00, real=0,01 secs] 
2015-09-03T08:44:40.901+0200: 580669,077: [GC2015-09-03T08:44:40.901+0200: 580669,077: [ParNew: 286659K->5985K(314560K), 0,0090520 secs] 711377K->431193K(1013632K), 0,0091600 secs] [Times: user=0,06 sys=0,00, real=0,01 secs] 
2015-09-03T08:45:38.834+0200: 580727,010: [GC2015-09-03T08:45:38.834+0200: 580727,010: [ParNew: 285601K->6821K(314560K), 0,0094530 secs] 710809K->433034K(1013632K), 0,0095900 secs] [Times: user=0,07 sys=0,00, real=0,01 secs] 
2015-09-03T08:46:36.518+0200: 580784,695: [GC2015-09-03T08:46:36.518+0200: 580784,695: [ParNew: 286437K->7843K(314560K), 0,0083810 secs] 712650K->434562K(1013632K), 0,0085170 secs] [Times: user=0,07 sys=0,00, real=0,01 secs] 
2015-09-03T08:47:34.442+0200: 580842,619: [GC2015-09-03T08:47:34.442+0200: 580842,619: [ParNew: 287459K->7526K(314560K), 0,0093350 secs] 714178K->434774K(1013632K), 0,0094540 secs] [Times: user=0,07 sys=0,00, real=0,01 secs] 
2015-09-03T08:48:32.130+0200: 580900,307: [GC2015-09-03T08:48:32.130+0200: 580900,307: [ParNew: 287142K->8918K(314560K), 0,0105850 secs] 714390K->436752K(1013632K), 0,0106880 secs] [Times: user=0,08 sys=0,00, real=0,01 secs] 
2015-09-03T08:49:30.093+0200: 580958,270: [GC2015-09-03T08:49:30.093+0200: 580958,270: [ParNew: 288534K->9667K(314560K), 0,0126090 secs] 716368K->438230K(1013632K), 0,0127410 secs] [Times: user=0,06 sys=0,00, real=0,02 secs] 
2015-09-03T08:50:27.955+0200: 581016,131: [GC2015-09-03T08:50:27.955+0200: 581016,131: [ParNew: 289283K->9504K(314560K), 0,0192850 secs] 717846K->438994K(1013632K), 0,0193860 secs] [Times: user=0,16 sys=0,00, real=0,02 secs] 
2015-09-03T08:51:25.796+0200: 581073,973: [GC2015-09-03T08:51:25.796+0200: 581073,973: [ParNew: 289120K->9755K(314560K), 0,0127250 secs] 718610K->440146K(1013632K), 0,0128720 secs] [Times: user=0,08 sys=0,00, real=0,02 secs] 
2015-09-03T08:52:23.105+0200: 581131,281: [GC2015-09-03T08:52:23.105+0200: 581131,281: [ParNew: 289371K->7233K(314560K), 0,0108810 secs] 719762K->438548K(1013632K), 0,0110200 secs] [Times: user=0,07 sys=0,01, real=0,00 secs] 
2015-09-03T08:53:20.912+0200: 581189,089: [GC2015-09-03T08:53:20.912+0200: 581189,089: [ParNew: 286849K->8470K(314560K), 0,0114030 secs] 718164K->440702K(1013632K), 0,0115390 secs] [Times: user=0,07 sys=0,01, real=0,01 secs] 
2015-09-03T08:54:18.876+0200: 581247,053: [GC2015-09-03T08:54:18.876+0200: 581247,053: [ParNew: 288086K->8512K(314560K), 0,0111300 secs] 720318K->441663K(1013632K), 0,0112500 secs] [Times: user=0,09 sys=0,00, real=0,02 secs] 
2015-09-03T08:55:16.786+0200: 581304,962: [GC2015-09-03T08:55:16.786+0200: 581304,962: [ParNew: 288128K->9531K(314560K), 0,0111360 secs] 721279K->443616K(1013632K), 0,0112530 secs] [Times: user=0,09 sys=0,00, real=0,01 secs] 
2015-09-03T08:56:14.732+0200: 581362,908: [GC2015-09-03T08:56:14.732+0200: 581362,908: [ParNew: 289147K->9710K(314560K), 0,0110720 secs] 723232K->444735K(1013632K), 0,0111780 secs] [Times: user=0,10 sys=0,00, real=0,01 secs] 
2015-09-03T08:57:12.641+0200: 581420,818: [GC2015-09-03T08:57:12.641+0200: 581420,818: [ParNew: 289326K->8317K(314560K), 0,0109400 secs] 724351K->444338K(1013632K), 0,0110640 secs] [Times: user=0,08 sys=0,00, real=0,01 secs] 
2015-09-03T08:58:10.588+0200: 581478,764: [GC2015-09-03T08:58:10.588+0200: 581478,764: [ParNew: 287933K->9891K(314560K), 0,0113550 secs] 723954K->446940K(1013632K), 0,0114840 secs] [Times: user=0,10 sys=0,00, real=0,01 secs] 
2015-09-03T08:59:08.622+0200: 581536,799: [GC2015-09-03T08:59:08.622+0200: 581536,799: [ParNew: 289507K->10649K(314560K), 0,0113550 secs] 726556K->448707K(1013632K), 0,0114640 secs] [Times: user=0,10 sys=0,00, real=0,01 secs] 
2015-09-03T09:00:06.657+0200: 581594,833: [GC2015-09-03T09:00:06.657+0200: 581594,833: [ParNew: 290265K->7619K(314560K), 0,0139660 secs] 728323K->446610K(1013632K), 0,0140770 secs] [Times: user=0,08 sys=0,00, real=0,01 secs] 
2015-09-03T09:01:04.360+0200: 581652,536: [GC2015-09-03T09:01:04.360+0200: 581652,536: [ParNew: 287235K->8471K(314560K), 0,0151860 secs] 726226K->448394K(1013632K), 0,0153010 secs] [Times: user=0,09 sys=0,00, real=0,01 secs] 
2015-09-03T09:02:02.315+0200: 581710,492: [GC2015-09-03T09:02:02.315+0200: 581710,492: [ParNew: 288087K->8441K(314560K), 0,0113340 secs] 728010K->449285K(1013632K), 0,0114750 secs] [Times: user=0,09 sys=0,00, real=0,02 secs] 
2015-09-03T09:03:00.349+0200: 581768,526: [GC2015-09-03T09:03:00.349+0200: 581768,526: [ParNew: 288057K->9439K(314560K), 0,0111960 secs] 728901K->451218K(1013632K), 0,0113160 secs] [Times: user=0,08 sys=0,00, real=0,01 secs] 
2015-09-03T09:03:58.105+0200: 581826,281: [GC2015-09-03T09:03:58.105+0200: 581826,281: [ParNew: 289055K->8874K(314560K), 0,0116030 secs] 730834K->451580K(1013632K), 0,0117210 secs] [Times: user=0,07 sys=0,01, real=0,01 secs] 
2015-09-03T09:04:56.005+0200: 581884,182: [GC2015-09-03T09:04:56.005+0200: 581884,182: [ParNew: 288490K->9020K(314560K), 0,0113230 secs] 731196K->452665K(1013632K), 0,0114460 secs] [Times: user=0,08 sys=0,00, real=0,01 secs] 
2015-09-03T09:05:54.039+0200: 581942,216: [GC2015-09-03T09:05:54.040+0200: 581942,216: [ParNew: 288636K->9139K(314560K), 0,0123500 secs] 732281K->453804K(1013632K), 0,0124640 secs] [Times: user=0,08 sys=0,00, real=0,01 secs] 
2015-09-03T09:06:52.075+0200: 582000,251: [GC2015-09-03T09:06:52.075+0200: 582000,251: [ParNew: 288755K->9164K(314560K), 0,0116960 secs] 733420K->454848K(1013632K), 0,0118070 secs] [Times: user=0,08 sys=0,00, real=0,02 secs] 
2015-09-03T09:07:50.109+0200: 582058,286: [GC2015-09-03T09:07:50.109+0200: 582058,286: [ParNew: 288780K->9937K(314560K), 0,0109910 secs] 734464K->456560K(1013632K), 0,0111270 secs] [Times: user=0,07 sys=0,00, real=0,01 secs] 
2015-09-03T09:08:48.105+0200: 582116,281: [GC2015-09-03T09:08:48.105+0200: 582116,281: [ParNew: 289553K->7287K(314560K), 0,0105540 secs] 736176K->454846K(1013632K), 0,0106750 secs] [Times: user=0,08 sys=0,00, real=0,00 secs] 
2015-09-03T09:09:45.353+0200: 582173,529: [GC2015-09-03T09:09:45.353+0200: 582173,529: [ParNew: 286903K->8449K(314560K), 0,0111930 secs] 734462K->456944K(1013632K), 0,0113040 secs] [Times: user=0,07 sys=0,00, real=0,01 secs] 
2015-09-03T09:10:41.986+0200: 582230,163: [GC2015-09-03T09:10:41.986+0200: 582230,163: [ParNew: 288065K->8475K(314560K), 0,0113080 secs] 736560K->457899K(1013632K), 0,0114290 secs] [Times: user=0,06 sys=0,00, real=0,01 secs] 
2015-09-03T09:11:39.473+0200: 582287,650: [GC2015-09-03T09:11:39.473+0200: 582287,650: [ParNew: 288091K->8741K(314560K), 0,0118510 secs] 737515K->459095K(1013632K), 0,0119710 secs] [Times: user=0,09 sys=0,00, real=0,02 secs] 
2015-09-03T09:12:36.242+0200: 582344,419: [GC2015-09-03T09:12:36.242+0200: 582344,419: [ParNew: 288357K->8888K(314560K), 0,0120620 secs] 738711K->460174K(1013632K), 0,0121810 secs] [Times: user=0,09 sys=0,00, real=0,01 secs] 
2015-09-03T09:13:33.571+0200: 582401,748: [GC2015-09-03T09:13:33.571+0200: 582401,748: [ParNew: 288504K->9007K(314560K), 0,0107590 secs] 739790K->461260K(1013632K), 0,0108820 secs] [Times: user=0,08 sys=0,00, real=0,01 secs] 
2015-09-03T09:14:31.131+0200: 582459,308: [GC2015-09-03T09:14:31.131+0200: 582459,308: [ParNew: 288623K->9846K(314560K), 0,0092970 secs] 740876K->463117K(1013632K), 0,0094090 secs] [Times: user=0,06 sys=0,00, real=0,01 secs] 
2015-09-03T09:15:27.650+0200: 582515,827: [GC2015-09-03T09:15:27.650+0200: 582515,827: [ParNew: 289462K->9861K(314560K), 0,0098580 secs] 742733K->464155K(1013632K), 0,0099730 secs] [Times: user=0,06 sys=0,00, real=0,01 secs] 
2015-09-03T09:16:23.693+0200: 582571,870: [GC2015-09-03T09:16:23.693+0200: 582571,870: [ParNew: 289477K->9863K(314560K), 0,0113390 secs] 743771K->465089K(1013632K), 0,0114840 secs] [Times: user=0,06 sys=0,00, real=0,02 secs] 
2015-09-03T09:17:21.280+0200: 582629,457: [GC2015-09-03T09:17:21.281+0200: 582629,457: [ParNew: 289479K->7682K(314560K), 0,0124660 secs] 744705K->463825K(1013632K), 0,0125890 secs] [Times: user=0,07 sys=0,00, real=0,01 secs] 
2015-09-03T09:18:19.188+0200: 582687,364: [GC2015-09-03T09:18:19.188+0200: 582687,364: [ParNew: 287298K->8405K(314560K), 0,0115050 secs] 743441K->465473K(1013632K), 0,0116220 secs] [Times: user=0,09 sys=0,00, real=0,01 secs] 
2015-09-03T09:19:16.022+0200: 582744,198: [GC2015-09-03T09:19:16.022+0200: 582744,198: [ParNew: 288021K->9145K(314560K), 0,0112490 secs] 745089K->467142K(1013632K), 0,0113790 secs] [Times: user=0,07 sys=0,00, real=0,01 secs] 
2015-09-03T09:20:13.867+0200: 582802,043: [GC2015-09-03T09:20:13.867+0200: 582802,043: [ParNew: 288761K->10148K(314560K), 0,0113640 secs] 746758K->469069K(1013632K), 0,0114770 secs] [Times: user=0,09 sys=0,00, real=0,01 secs] 
2015-09-03T09:21:11.499+0200: 582859,676: [GC2015-09-03T09:21:11.499+0200: 582859,676: [ParNew: 289764K->7353K(314560K), 0,0120420 secs] 748685K->467211K(1013632K), 0,0121530 secs] [Times: user=0,07 sys=0,00, real=0,01 secs] 
2015-09-03T09:22:09.500+0200: 582917,677: [GC2015-09-03T09:22:09.500+0200: 582917,677: [ParNew: 286969K->8130K(314560K), 0,0118970 secs] 746827K->468942K(1013632K), 0,0120260 secs] [Times: user=0,09 sys=0,00, real=0,01 secs] 
2015-09-03T09:23:07.410+0200: 582975,586: [GC2015-09-03T09:23:07.410+0200: 582975,587: [ParNew: 287746K->9598K(314560K), 0,0142890 secs] 748558K->471430K(1013632K), 0,0144280 secs] [Times: user=0,10 sys=0,00, real=0,02 secs] 
2015-09-03T09:24:05.357+0200: 583033,533: [GC2015-09-03T09:24:05.357+0200: 583033,533: [ParNew: 289214K->9048K(314560K), 0,0120830 secs] 751046K->471896K(1013632K), 0,0122070 secs] [Times: user=0,06 sys=0,01, real=0,01 secs] 
2015-09-03T09:25:03.105+0200: 583091,281: [GC2015-09-03T09:25:03.105+0200: 583091,282: [ParNew: 288664K->9106K(314560K), 0,0098650 secs] 751512K->472876K(1013632K), 0,0100340 secs] [Times: user=0,06 sys=0,00, real=0,00 secs] 
2015-09-03T09:26:00.763+0200: 583148,940: [GC2015-09-03T09:26:00.763+0200: 583148,940: [ParNew: 288722K->8649K(314560K), 0,0087620 secs] 752492K->473343K(1013632K), 0,0088550 secs] [Times: user=0,07 sys=0,00, real=0,01 secs] 
2015-09-03T09:26:58.105+0200: 583206,281: [GC2015-09-03T09:26:58.105+0200: 583206,281: [ParNew: 288265K->8652K(314560K), 0,0103310 secs] 752959K->474261K(1013632K), 0,0104680 secs] [Times: user=0,08 sys=0,00, real=0,00 secs] 
2015-09-03T09:27:55.863+0200: 583264,040: [GC2015-09-03T09:27:55.863+0200: 583264,040: [ParNew: 288268K->10962K(314560K), 0,0123620 secs] 753877K->477508K(1013632K), 0,0125220 secs] [Times: user=0,09 sys=0,00, real=0,01 secs] 
2015-09-03T09:28:53.434+0200: 583321,611: [GC2015-09-03T09:28:53.434+0200: 583321,611: [ParNew: 290578K->9612K(314560K), 0,0107770 secs] 757124K->477095K(1013632K), 0,0108910 secs] [Times: user=0,09 sys=0,00, real=0,02 secs] 
2015-09-03T09:29:51.303+0200: 583379,479: [GC2015-09-03T09:29:51.303+0200: 583379,479: [ParNew: 289228K->9371K(314560K), 0,0140850 secs] 756711K->477793K(1013632K), 0,0141940 secs] [Times: user=0,09 sys=0,00, real=0,02 secs] 
2015-09-03T09:30:49.048+0200: 583437,225: [GC2015-09-03T09:30:49.049+0200: 583437,225: [ParNew: 288987K->7377K(314560K), 0,0097480 secs] 757409K->476808K(1013632K), 0,0098810 secs] [Times: user=0,07 sys=0,00, real=0,01 secs] 
2015-09-03T09:31:46.963+0200: 583495,139: [GC2015-09-03T09:31:46.963+0200: 583495,139: [ParNew: 286993K->7586K(314560K), 0,0105430 secs] 756424K->478047K(1013632K), 0,0106790 secs] [Times: user=0,08 sys=0,00, real=0,01 secs] 
2015-09-03T09:32:44.421+0200: 583552,598: [GC2015-09-03T09:32:44.421+0200: 583552,598: [ParNew: 287202K->6933K(314560K), 0,0120070 secs] 757663K->478332K(1013632K), 0,0121220 secs] [Times: user=0,09 sys=0,00, real=0,01 secs] 
2015-09-03T09:33:42.214+0200: 583610,391: [GC2015-09-03T09:33:42.214+0200: 583610,391: [ParNew: 286549K->5101K(314560K), 0,0101700 secs] 757948K->477474K(1013632K), 0,0103000 secs] [Times: user=0,06 sys=0,00, real=0,02 secs] 
2015-09-03T09:34:40.047+0200: 583668,223: [GC2015-09-03T09:34:40.047+0200: 583668,223: [ParNew: 284717K->5311K(314560K), 0,0072940 secs] 757090K->478180K(1013632K), 0,0074080 secs] [Times: user=0,06 sys=0,00, real=0,00 secs] 
2015-09-03T09:35:37.823+0200: 583726,000: [GC2015-09-03T09:35:37.823+0200: 583726,000: [ParNew: 284927K->6471K(314560K), 0,0101310 secs] 757796K->479834K(1013632K), 0,0102500 secs] [Times: user=0,09 sys=0,00, real=0,01 secs] 
2015-09-03T09:36:35.699+0200: 583783,876: [GC2015-09-03T09:36:35.699+0200: 583783,876: [ParNew: 286087K->7832K(314560K), 0,0083880 secs] 759450K->481769K(1013632K), 0,0085120 secs] [Times: user=0,07 sys=0,00, real=0,01 secs] 
2015-09-03T09:37:33.435+0200: 583841,612: [GC2015-09-03T09:37:33.435+0200: 583841,612: [ParNew: 287448K->8058K(314560K), 0,0084260 secs] 761385K->482499K(1013632K), 0,0085400 secs] [Times: user=0,04 sys=0,00, real=0,01 secs] 
2015-09-03T09:38:30.666+0200: 583898,842: [GC2015-09-03T09:38:30.666+0200: 583898,842: [ParNew: 287674K->10155K(314560K), 0,0089810 secs] 762115K->485154K(1013632K), 0,0090980 secs] [Times: user=0,07 sys=0,00, real=0,00 secs] 
2015-09-03T09:39:28.039+0200: 583956,215: [GC2015-09-03T09:39:28.039+0200: 583956,215: [ParNew: 289771K->7403K(314560K), 0,0099290 secs] 764770K->483126K(1013632K), 0,0100590 secs] [Times: user=0,07 sys=0,00, real=0,01 secs] 
2015-09-03T09:40:25.997+0200: 584014,173: [GC2015-09-03T09:40:25.997+0200: 584014,173: [ParNew: 287019K->8424K(314560K), 0,0116480 secs] 762742K->485090K(1013632K), 0,0117720 secs] [Times: user=0,08 sys=0,00, real=0,01 secs] 
2015-09-03T09:41:24.031+0200: 584072,208: [GC2015-09-03T09:41:24.031+0200: 584072,208: [ParNew: 288040K->6427K(314560K), 0,0095440 secs] 764706K->484010K(1013632K), 0,0096720 secs] [Times: user=0,06 sys=0,00, real=0,01 secs] 
2015-09-03T09:42:21.701+0200: 584129,878: [GC2015-09-03T09:42:21.701+0200: 584129,878: [ParNew: 286043K->7786K(314560K), 0,0100640 secs] 763626K->486281K(1013632K), 0,0101830 secs] [Times: user=0,06 sys=0,01, real=0,01 secs] 
2015-09-03T09:43:19.686+0200: 584187,863: [GC2015-09-03T09:43:19.687+0200: 584187,863: [ParNew: 287402K->6094K(314560K), 0,0109270 secs] 765897K->485501K(1013632K), 0,0110300 secs] [Times: user=0,09 sys=0,00, real=0,01 secs] 
2015-09-03T09:44:17.312+0200: 584245,488: [GC2015-09-03T09:44:17.312+0200: 584245,488: [ParNew: 285710K->6527K(314560K), 0,0081220 secs] 765117K->486717K(1013632K), 0,0082470 secs] [Times: user=0,07 sys=0,00, real=0,01 secs] 
2015-09-03T09:45:14.871+0200: 584303,048: [GC2015-09-03T09:45:14.871+0200: 584303,048: [ParNew: 286143K->6663K(314560K), 0,0088940 secs] 766333K->487347K(1013632K), 0,0090070 secs] [Times: user=0,07 sys=0,00, real=0,01 secs] 
2015-09-03T09:46:12.766+0200: 584360,942: [GC2015-09-03T09:46:12.766+0200: 584360,942: [ParNew: 286279K->7149K(314560K), 0,0098410 secs] 766963K->488833K(1013632K), 0,0099610 secs] [Times: user=0,07 sys=0,00, real=0,00 secs] 
2015-09-03T09:47:10.475+0200: 584418,651: [GC2015-09-03T09:47:10.475+0200: 584418,651: [ParNew: 286765K->8922K(314560K), 0,0088490 secs] 768449K->491171K(1013632K), 0,0089610 secs] [Times: user=0,06 sys=0,00, real=0,01 secs] 
2015-09-03T09:48:08.105+0200: 584476,281: [GC2015-09-03T09:48:08.105+0200: 584476,281: [ParNew: 288538K->6283K(314560K), 0,0097690 secs] 770787K->489124K(1013632K), 0,0098930 secs] [Times: user=0,06 sys=0,00, real=0,00 secs] 
2015-09-03T09:49:06.044+0200: 584534,221: [GC2015-09-03T09:49:06.044+0200: 584534,221: [ParNew: 285899K->9460K(314560K), 0,0148530 secs] 768740K->492950K(1013632K), 0,0149860 secs] [Times: user=0,10 sys=0,00, real=0,01 secs] 
2015-09-03T09:50:03.625+0200: 584591,802: [GC2015-09-03T09:50:03.625+0200: 584591,802: [ParNew: 289076K->10213K(314560K), 0,0109320 secs] 772566K->494335K(1013632K), 0,0110260 secs] [Times: user=0,07 sys=0,00, real=0,00 secs] 
2015-09-03T09:51:01.172+0200: 584649,349: [GC2015-09-03T09:51:01.172+0200: 584649,349: [ParNew: 289829K->6887K(314560K), 0,0110490 secs] 773951K->491862K(1013632K), 0,0111770 secs] [Times: user=0,09 sys=0,00, real=0,01 secs] 
2015-09-03T09:51:58.639+0200: 584706,816: [GC2015-09-03T09:51:58.639+0200: 584706,816: [ParNew: 286503K->8987K(314560K), 0,0105890 secs] 771478K->494871K(1013632K), 0,0107070 secs] [Times: user=0,08 sys=0,00, real=0,01 secs] 
2015-09-03T09:52:56.186+0200: 584764,363: [GC2015-09-03T09:52:56.186+0200: 584764,363: [ParNew: 288603K->9871K(314560K), 0,0113760 secs] 774487K->496674K(1013632K), 0,0114910 secs] [Times: user=0,08 sys=0,00, real=0,01 secs] 
2015-09-03T09:53:52.971+0200: 584821,148: [GC2015-09-03T09:53:52.971+0200: 584821,148: [ParNew: 289487K->7255K(314560K), 0,0103830 secs] 776290K->494981K(1013632K), 0,0105250 secs] [Times: user=0,10 sys=0,00, real=0,01 secs] 
2015-09-03T09:54:49.885+0200: 584878,061: [GC2015-09-03T09:54:49.885+0200: 584878,061: [ParNew: 286871K->9470K(314560K), 0,0089970 secs] 774597K->498124K(1013632K), 0,0091130 secs] [Times: user=0,07 sys=0,00, real=0,00 secs] 
2015-09-03T09:55:47.514+0200: 584935,690: [GC2015-09-03T09:55:47.514+0200: 584935,690: [ParNew: 289086K->8866K(314560K), 0,0093780 secs] 777740K->498524K(1013632K), 0,0094650 secs] [Times: user=0,06 sys=0,00, real=0,01 secs] 
2015-09-03T09:56:45.425+0200: 584993,602: [GC2015-09-03T09:56:45.425+0200: 584993,602: [ParNew: 288482K->9066K(314560K), 0,0112330 secs] 778140K->499732K(1013632K), 0,0113690 secs] [Times: user=0,08 sys=0,00, real=0,01 secs] 
2015-09-03T09:57:43.044+0200: 585051,220: [GC2015-09-03T09:57:43.044+0200: 585051,220: [ParNew: 288682K->9121K(314560K), 0,0137130 secs] 779348K->500722K(1013632K), 0,0138230 secs] [Times: user=0,11 sys=0,00, real=0,02 secs] 
2015-09-03T09:58:40.894+0200: 585109,071: [GC2015-09-03T09:58:40.894+0200: 585109,071: [ParNew: 288737K->9290K(314560K), 0,0105960 secs] 780338K->501832K(1013632K), 0,0107210 secs] [Times: user=0,07 sys=0,00, real=0,02 secs] 
2015-09-03T09:59:38.105+0200: 585166,281: [GC2015-09-03T09:59:38.105+0200: 585166,281: [ParNew: 288906K->7812K(314560K), 0,0140170 secs] 781448K->501288K(1013632K), 0,0141170 secs] [Times: user=0,06 sys=0,00, real=0,01 secs] 
2015-09-03T10:00:35.408+0200: 585223,585: [GC2015-09-03T10:00:35.408+0200: 585223,585: [ParNew: 287428K->8589K(314560K), 0,0110390 secs] 780904K->502982K(1013632K), 0,0111680 secs] [Times: user=0,06 sys=0,00, real=0,01 secs] 
2015-09-03T10:01:32.756+0200: 585280,933: [GC2015-09-03T10:01:32.756+0200: 585280,933: [ParNew: 288205K->9454K(314560K), 0,0094030 secs] 782598K->504776K(1013632K), 0,0095330 secs] [Times: user=0,06 sys=0,00, real=0,02 secs] 
2015-09-03T10:02:29.673+0200: 585337,849: [GC2015-09-03T10:02:29.673+0200: 585337,849: [ParNew: 289070K->9589K(314560K), 0,0110800 secs] 784392K->505835K(1013632K), 0,0111950 secs] [Times: user=0,06 sys=0,00, real=0,01 secs] 
2015-09-03T10:03:27.357+0200: 585395,533: [GC2015-09-03T10:03:27.357+0200: 585395,533: [ParNew: 289205K->9747K(314560K), 0,0115160 secs] 785451K->506933K(1013632K), 0,0116270 secs] [Times: user=0,06 sys=0,01, real=0,01 secs] 
2015-09-03T10:04:24.420+0200: 585452,597: [GC2015-09-03T10:04:24.421+0200: 585452,597: [ParNew: 289363K->9102K(314560K), 0,0129780 secs] 786549K->507306K(1013632K), 0,0130980 secs] [Times: user=0,09 sys=0,00, real=0,01 secs] 
2015-09-03T10:05:22.338+0200: 585510,514: [GC2015-09-03T10:05:22.338+0200: 585510,514: [ParNew: 288718K->9119K(314560K), 0,0123910 secs] 786922K->508334K(1013632K), 0,0125090 secs] [Times: user=0,08 sys=0,00, real=0,01 secs] 
2015-09-03T10:06:17.847+0200: 585566,024: [GC2015-09-03T10:06:17.847+0200: 585566,024: [ParNew: 288735K->9885K(314560K), 0,0113960 secs] 787950K->510042K(1013632K), 0,0115110 secs] [Times: user=0,07 sys=0,00, real=0,01 secs] 
2015-09-03T10:07:14.502+0200: 585622,679: [GC2015-09-03T10:07:14.502+0200: 585622,679: [ParNew: 289501K->6790K(314560K), 0,0112360 secs] 789658K->507873K(1013632K), 0,0113480 secs] [Times: user=0,08 sys=0,00, real=0,01 secs] 
2015-09-03T10:08:12.537+0200: 585680,713: [GC2015-09-03T10:08:12.537+0200: 585680,713: [ParNew: 286406K->8400K(314560K), 0,0114720 secs] 787489K->510428K(1013632K), 0,0115960 secs] [Times: user=0,07 sys=0,00, real=0,01 secs] 
2015-09-03T10:09:09.667+0200: 585737,844: [GC2015-09-03T10:09:09.667+0200: 585737,844: [ParNew: 288016K->10506K(314560K), 0,0079850 secs] 790044K->513446K(1013632K), 0,0080640 secs] [Times: user=0,06 sys=0,00, real=0,00 secs] 
2015-09-03T10:10:06.393+0200: 585794,569: [GC2015-09-03T10:10:06.393+0200: 585794,569: [ParNew: 290122K->7632K(314560K), 0,0104400 secs] 793062K->511499K(1013632K), 0,0105620 secs] [Times: user=0,07 sys=0,00, real=0,01 secs] 
2015-09-03T10:11:04.071+0200: 585852,247: [GC2015-09-03T10:11:04.071+0200: 585852,247: [ParNew: 287248K->9347K(314560K), 0,0100130 secs] 791115K->514139K(1013632K), 0,0101210 secs] [Times: user=0,09 sys=0,00, real=0,01 secs] 
2015-09-03T10:12:01.825+0200: 585910,002: [GC2015-09-03T10:12:01.825+0200: 585910,002: [ParNew: 288963K->8765K(314560K), 0,0105990 secs] 793755K->514515K(1013632K), 0,0107520 secs] [Times: user=0,06 sys=0,00, real=0,00 secs] 
2015-09-03T10:12:59.388+0200: 585967,565: [GC2015-09-03T10:12:59.388+0200: 585967,565: [ParNew: 288381K->9035K(314560K), 0,0117680 secs] 794131K->515800K(1013632K), 0,0118800 secs] [Times: user=0,07 sys=0,00, real=0,01 secs] 
2015-09-03T10:13:57.293+0200: 586025,470: [GC2015-09-03T10:13:57.293+0200: 586025,470: [ParNew: 288651K->9111K(314560K), 0,0109660 secs] 795416K->516887K(1013632K), 0,0110860 secs] [Times: user=0,06 sys=0,01, real=0,01 secs] 
2015-09-03T10:14:54.242+0200: 586082,418: [GC2015-09-03T10:14:54.242+0200: 586082,418: [ParNew: 288727K->9902K(314560K), 0,0231540 secs] 796503K->518600K(1013632K), 0,0232660 secs] [Times: user=0,09 sys=0,00, real=0,03 secs] 
2015-09-03T10:15:50.302+0200: 586138,478: [GC2015-09-03T10:15:50.302+0200: 586138,478: [ParNew: 289518K->7298K(314560K), 0,0127220 secs] 798216K->516924K(1013632K), 0,0128450 secs] [Times: user=0,07 sys=0,01, real=0,01 secs] 
2015-09-03T10:16:46.968+0200: 586195,145: [GC2015-09-03T10:16:46.968+0200: 586195,145: [ParNew: 286914K->8493K(314560K), 0,0109870 secs] 796540K->519046K(1013632K), 0,0110900 secs] [Times: user=0,06 sys=0,00, real=0,01 secs] 
2015-09-03T10:17:43.622+0200: 586251,798: [GC2015-09-03T10:17:43.622+0200: 586251,798: [ParNew: 288109K->9216K(314560K), 0,0103990 secs] 798662K->520715K(1013632K), 0,0105210 secs] [Times: user=0,07 sys=0,00, real=0,01 secs] 
2015-09-03T10:18:40.180+0200: 586308,356: [GC2015-09-03T10:18:40.180+0200: 586308,357: [ParNew: 288832K->8011K(314560K), 0,0126300 secs] 800331K->520445K(1013632K), 0,0127520 secs] [Times: user=0,10 sys=0,00, real=0,01 secs] 
2015-09-03T10:19:37.242+0200: 586365,419: [GC2015-09-03T10:19:37.242+0200: 586365,419: [ParNew: 287627K->8853K(314560K), 0,0116830 secs] 800061K->522220K(1013632K), 0,0117950 secs] [Times: user=0,07 sys=0,00, real=0,01 secs] 
2015-09-03T10:20:34.301+0200: 586422,478: [GC2015-09-03T10:20:34.301+0200: 586422,478: [ParNew: 288469K->9702K(314560K), 0,0101680 secs] 801836K->524063K(1013632K), 0,0102940 secs] [Times: user=0,07 sys=0,00, real=0,01 secs] 
2015-09-03T10:21:29.853+0200: 586478,029: [GC2015-09-03T10:21:29.853+0200: 586478,029: [ParNew: 289318K->8991K(314560K), 0,0086920 secs] 803679K->524368K(1013632K), 0,0087780 secs] [Times: user=0,06 sys=0,00, real=0,01 secs] 
2015-09-03T10:22:25.317+0200: 586533,494: [GC2015-09-03T10:22:25.317+0200: 586533,494: [ParNew: 288607K->8982K(314560K), 0,0072800 secs] 803984K->525358K(1013632K), 0,0073790 secs] [Times: user=0,04 sys=0,00, real=0,01 secs] 
2015-09-03T10:23:21.142+0200: 586589,319: [GC2015-09-03T10:23:21.142+0200: 586589,319: [ParNew: 288598K->8211K(314560K), 0,0117120 secs] 804974K->525505K(1013632K), 0,0118190 secs] [Times: user=0,10 sys=0,00, real=0,01 secs] 
2015-09-03T10:24:18.492+0200: 586646,668: [GC2015-09-03T10:24:18.492+0200: 586646,668: [ParNew: 287827K->7762K(314560K), 0,0067070 secs] 805121K->525960K(1013632K), 0,0067960 secs] [Times: user=0,04 sys=0,00, real=0,01 secs] 
2015-09-03T10:25:16.400+0200: 586704,576: [GC2015-09-03T10:25:16.400+0200: 586704,576: [ParNew: 287378K->7729K(314560K), 0,0100270 secs] 805576K->526844K(1013632K), 0,0101400 secs] [Times: user=0,09 sys=0,00, real=0,01 secs] 
2015-09-03T10:26:13.594+0200: 586761,770: [GC2015-09-03T10:26:13.594+0200: 586761,770: [ParNew: 287345K->9236K(314560K), 0,0109060 secs] 806460K->529269K(1013632K), 0,0110450 secs] [Times: user=0,06 sys=0,00, real=0,02 secs] 
2015-09-03T10:27:10.792+0200: 586818,968: [GC2015-09-03T10:27:10.792+0200: 586818,968: [ParNew: 288852K->9378K(314560K), 0,0131490 secs] 808885K->530325K(1013632K), 0,0132690 secs] [Times: user=0,10 sys=0,00, real=0,02 secs] 
2015-09-03T10:28:07.270+0200: 586875,447: [GC2015-09-03T10:28:07.270+0200: 586875,447: [ParNew: 288994K->9522K(314560K), 0,0125960 secs] 809941K->531364K(1013632K), 0,0127120 secs] [Times: user=0,08 sys=0,00, real=0,01 secs] 
2015-09-03T10:29:03.904+0200: 586932,081: [GC2015-09-03T10:29:03.904+0200: 586932,081: [ParNew: 289138K->9570K(314560K), 0,0084990 secs] 810980K->532395K(1013632K), 0,0086000 secs] [Times: user=0,05 sys=0,00, real=0,00 secs] 
2015-09-03T10:30:01.799+0200: 586989,975: [GC2015-09-03T10:30:01.799+0200: 586989,975: [ParNew: 289186K->8478K(314560K), 0,0096910 secs] 812011K->532287K(1013632K), 0,0098150 secs] [Times: user=0,05 sys=0,00, real=0,01 secs] 
2015-09-03T10:30:58.956+0200: 587047,133: [GC2015-09-03T10:30:58.957+0200: 587047,133: [ParNew: 288094K->6560K(314560K), 0,0073420 secs] 811903K->531294K(1013632K), 0,0074290 secs] [Times: user=0,04 sys=0,01, real=0,00 secs] 
2015-09-03T10:31:56.548+0200: 587104,724: [GC2015-09-03T10:31:56.548+0200: 587104,724: [ParNew: 286176K->6891K(314560K), 0,0087050 secs] 810910K->532553K(1013632K), 0,0088220 secs] [Times: user=0,04 sys=0,01, real=0,01 secs] 
2015-09-03T10:32:53.958+0200: 587162,135: [GC2015-09-03T10:32:53.959+0200: 587162,135: [ParNew: 286507K->5629K(314560K), 0,0049140 secs] 812169K->532213K(1013632K), 0,0049980 secs] [Times: user=0,03 sys=0,00, real=0,00 secs] 
2015-09-03T10:33:51.012+0200: 587219,189: [GC2015-09-03T10:33:51.012+0200: 587219,189: [ParNew: 285245K->5081K(314560K), 0,0095020 secs] 811829K->532545K(1013632K), 0,0096280 secs] [Times: user=0,06 sys=0,00, real=0,01 secs] 
2015-09-03T10:34:47.651+0200: 587275,828: [GC2015-09-03T10:34:47.651+0200: 587275,828: [ParNew: 284697K->6448K(314560K), 0,0077040 secs] 812161K->534391K(1013632K), 0,0078230 secs] [Times: user=0,06 sys=0,00, real=0,01 secs] 
2015-09-03T10:35:44.481+0200: 587332,658: [GC2015-09-03T10:35:44.481+0200: 587332,658: [ParNew: 286064K->6218K(314560K), 0,0086890 secs] 814007K->534727K(1013632K), 0,0087990 secs] [Times: user=0,06 sys=0,00, real=0,01 secs] 
2015-09-03T10:36:41.668+0200: 587389,844: [GC2015-09-03T10:36:41.668+0200: 587389,844: [ParNew: 285834K->7281K(314560K), 0,0085330 secs] 814343K->536287K(1013632K), 0,0086570 secs] [Times: user=0,06 sys=0,00, real=0,01 secs] 
2015-09-03T10:37:37.721+0200: 587445,898: [GC2015-09-03T10:37:37.721+0200: 587445,898: [ParNew: 286897K->8676K(314560K), 0,0087060 secs] 815903K->538272K(1013632K), 0,0088220 secs] [Times: user=0,07 sys=0,00, real=0,01 secs] 
2015-09-03T10:38:34.355+0200: 587502,531: [GC2015-09-03T10:38:34.355+0200: 587502,531: [ParNew: 288292K->6973K(314560K), 0,0079190 secs] 817888K->537176K(1013632K), 0,0080470 secs] [Times: user=0,06 sys=0,00, real=0,01 secs] 
2015-09-03T10:39:30.822+0200: 587558,998: [GC2015-09-03T10:39:30.822+0200: 587558,998: [ParNew: 286589K->8273K(314560K), 0,0102410 secs] 816792K->539084K(1013632K), 0,0103520 secs] [Times: user=0,07 sys=0,00, real=0,01 secs] 
2015-09-03T10:40:27.368+0200: 587615,545: [GC2015-09-03T10:40:27.369+0200: 587615,545: [ParNew: 287889K->9007K(314560K), 0,0124940 secs] 818700K->540623K(1013632K), 0,0126060 secs] [Times: user=0,07 sys=0,00, real=0,01 secs] 
2015-09-03T10:41:23.923+0200: 587672,100: [GC2015-09-03T10:41:23.924+0200: 587672,100: [ParNew: 288623K->7384K(314560K), 0,0101790 secs] 820239K->539910K(1013632K), 0,0103080 secs] [Times: user=0,09 sys=0,00, real=0,01 secs] 
2015-09-03T10:42:21.459+0200: 587729,636: [GC2015-09-03T10:42:21.459+0200: 587729,636: [ParNew: 287000K->7109K(314560K), 0,0101680 secs] 819526K->540560K(1013632K), 0,0102850 secs] [Times: user=0,07 sys=0,00, real=0,01 secs] 
2015-09-03T10:43:18.530+0200: 587786,707: [GC2015-09-03T10:43:18.530+0200: 587786,707: [ParNew: 286725K->6680K(314560K), 0,0080280 secs] 820176K->541035K(1013632K), 0,0081130 secs] [Times: user=0,05 sys=0,00, real=0,01 secs] 
2015-09-03T10:44:16.495+0200: 587844,671: [GC2015-09-03T10:44:16.495+0200: 587844,671: [ParNew: 286296K->6794K(314560K), 0,0100800 secs] 820651K->541890K(1013632K), 0,0101970 secs] [Times: user=0,08 sys=0,00, real=0,02 secs] 
2015-09-03T10:45:13.578+0200: 587901,754: [GC2015-09-03T10:45:13.578+0200: 587901,754: [ParNew: 286410K->7034K(314560K), 0,0060090 secs] 821506K->542645K(1013632K), 0,0061100 secs] [Times: user=0,04 sys=0,00, real=0,00 secs] 
2015-09-03T10:46:09.678+0200: 587957,854: [GC2015-09-03T10:46:09.678+0200: 587957,855: [ParNew: 286650K->6250K(314560K), 0,0094120 secs] 822261K->542950K(1013632K), 0,0095270 secs] [Times: user=0,06 sys=0,00, real=0,01 secs] 
2015-09-03T10:47:06.735+0200: 588014,911: [GC2015-09-03T10:47:06.735+0200: 588014,911: [ParNew: 285866K->7890K(314560K), 0,0088260 secs] 822566K->545178K(1013632K), 0,0089470 secs] [Times: user=0,07 sys=0,00, real=0,01 secs] 
2015-09-03T10:48:04.592+0200: 588072,768: [GC2015-09-03T10:48:04.592+0200: 588072,769: [ParNew: 287506K->7788K(314560K), 0,0103220 secs] 824794K->545593K(1013632K), 0,0104340 secs] [Times: user=0,08 sys=0,00, real=0,01 secs] 
2015-09-03T10:49:01.847+0200: 588130,024: [GC2015-09-03T10:49:01.847+0200: 588130,024: [ParNew: 287404K->7858K(314560K), 0,0098750 secs] 825209K->546214K(1013632K), 0,0099980 secs] [Times: user=0,08 sys=0,00, real=0,01 secs] 
2015-09-03T10:49:59.621+0200: 588187,797: [GC2015-09-03T10:49:59.621+0200: 588187,797: [ParNew: 287474K->9728K(314560K), 0,0090850 secs] 825830K->548733K(1013632K), 0,0091990 secs] [Times: user=0,06 sys=0,00, real=0,01 secs] 
2015-09-03T10:50:56.949+0200: 588245,125: [GC2015-09-03T10:50:56.949+0200: 588245,125: [ParNew: 289344K->6845K(314560K), 0,0103570 secs] 828349K->546707K(1013632K), 0,0104620 secs] [Times: user=0,08 sys=0,00, real=0,01 secs] 
2015-09-03T10:51:54.507+0200: 588302,683: [GC2015-09-03T10:51:54.507+0200: 588302,683: [ParNew: 286461K->8489K(314560K), 0,0104130 secs] 826323K->549245K(1013632K), 0,0105180 secs] [Times: user=0,08 sys=0,00, real=0,01 secs] 
2015-09-03T10:52:51.895+0200: 588360,071: [GC2015-09-03T10:52:51.895+0200: 588360,071: [ParNew: 288105K->9372K(314560K), 0,0086120 secs] 828861K->551032K(1013632K), 0,0087110 secs] [Times: user=0,05 sys=0,00, real=0,01 secs] 
2015-09-03T10:53:49.113+0200: 588417,289: [GC2015-09-03T10:53:49.113+0200: 588417,290: [ParNew: 288988K->8963K(314560K), 0,0143580 secs] 830648K->551606K(1013632K), 0,0145040 secs] [Times: user=0,07 sys=0,00, real=0,02 secs] 
2015-09-03T10:54:46.675+0200: 588474,851: [GC2015-09-03T10:54:46.675+0200: 588474,851: [ParNew: 288579K->9813K(314560K), 0,0115570 secs] 831222K->553466K(1013632K), 0,0116850 secs] [Times: user=0,09 sys=0,00, real=0,02 secs] 
2015-09-03T10:55:43.731+0200: 588531,907: [GC2015-09-03T10:55:43.731+0200: 588531,907: [ParNew: 289429K->9833K(314560K), 0,0106300 secs] 833082K->554501K(1013632K), 0,0107310 secs] [Times: user=0,07 sys=0,00, real=0,01 secs] 
2015-09-03T10:56:41.292+0200: 588589,468: [GC2015-09-03T10:56:41.292+0200: 588589,469: [ParNew: 289449K->9077K(314560K), 0,0128630 secs] 834117K->554677K(1013632K), 0,0129840 secs] [Times: user=0,11 sys=0,00, real=0,02 secs] 
2015-09-03T10:57:38.754+0200: 588646,931: [GC2015-09-03T10:57:38.754+0200: 588646,931: [ParNew: 288693K->7874K(314560K), 0,0101480 secs] 834293K->554407K(1013632K), 0,0102700 secs] [Times: user=0,08 sys=0,00, real=0,02 secs] 
2015-09-03T10:58:36.146+0200: 588704,323: [GC2015-09-03T10:58:36.146+0200: 588704,323: [ParNew: 287490K->7842K(314560K), 0,0089780 secs] 834023K->555293K(1013632K), 0,0090770 secs] [Times: user=0,08 sys=0,00, real=0,00 secs] 
2015-09-03T10:59:33.451+0200: 588761,628: [GC2015-09-03T10:59:33.452+0200: 588761,628: [ParNew: 287458K->8647K(314560K), 0,0088310 secs] 834909K->557010K(1013632K), 0,0089630 secs] [Times: user=0,07 sys=0,00, real=0,01 secs] 
2015-09-03T11:00:30.243+0200: 588818,419: [GC2015-09-03T11:00:30.243+0200: 588818,419: [ParNew: 288263K->8773K(314560K), 0,0102360 secs] 836626K->558056K(1013632K), 0,0103300 secs] [Times: user=0,07 sys=0,00, real=0,01 secs] 
2015-09-03T11:01:27.551+0200: 588875,728: [GC2015-09-03T11:01:27.551+0200: 588875,728: [ParNew: 288389K->8898K(314560K), 0,0126420 secs] 837672K->559105K(1013632K), 0,0127690 secs] [Times: user=0,08 sys=0,00, real=0,01 secs] 
2015-09-03T11:02:25.115+0200: 588933,291: [GC2015-09-03T11:02:25.115+0200: 588933,291: [ParNew: 288514K->8248K(314560K), 0,0108620 secs] 838721K->559458K(1013632K), 0,0109910 secs] [Times: user=0,10 sys=0,00, real=0,02 secs] 
2015-09-03T11:03:22.373+0200: 588990,549: [GC2015-09-03T11:03:22.373+0200: 588990,549: [ParNew: 287864K->9043K(314560K), 0,0107370 secs] 839074K->561267K(1013632K), 0,0108280 secs] [Times: user=0,07 sys=0,00, real=0,01 secs] 
2015-09-03T11:04:19.918+0200: 589048,094: [GC2015-09-03T11:04:19.918+0200: 589048,094: [ParNew: 288659K->6779K(314560K), 0,0099700 secs] 840883K->559926K(1013632K), 0,0100780 secs] [Times: user=0,07 sys=0,00, real=0,01 secs] 
2015-09-03T11:05:17.261+0200: 589105,437: [GC2015-09-03T11:05:17.261+0200: 589105,437: [ParNew: 286395K->8495K(314560K), 0,0123410 secs] 839542K->562561K(1013632K), 0,0124500 secs] [Times: user=0,08 sys=0,00, real=0,01 secs] 
2015-09-03T11:06:13.818+0200: 589161,994: [GC2015-09-03T11:06:13.818+0200: 589161,994: [ParNew: 288111K->8467K(314560K), 0,0135230 secs] 842177K->563454K(1013632K), 0,0136240 secs] [Times: user=0,08 sys=0,00, real=0,01 secs] 
2015-09-03T11:07:10.453+0200: 589218,629: [GC2015-09-03T11:07:10.453+0200: 589218,630: [ParNew: 288083K->9251K(314560K), 0,0075940 secs] 843070K->565141K(1013632K), 0,0077090 secs] [Times: user=0,05 sys=0,00, real=0,01 secs] 
2015-09-03T11:08:07.844+0200: 589276,021: [GC2015-09-03T11:08:07.845+0200: 589276,021: [ParNew: 288867K->9370K(314560K), 0,0107380 secs] 844757K->566192K(1013632K), 0,0108660 secs] [Times: user=0,07 sys=0,00, real=0,00 secs] 
2015-09-03T11:09:04.973+0200: 589333,149: [GC2015-09-03T11:09:04.973+0200: 589333,149: [ParNew: 288986K->8757K(314560K), 0,0115210 secs] 845808K->566493K(1013632K), 0,0116430 secs] [Times: user=0,08 sys=0,00, real=0,02 secs] 
2015-09-03T11:10:02.032+0200: 589390,209: [GC2015-09-03T11:10:02.032+0200: 589390,209: [ParNew: 288373K->8882K(314560K), 0,0133420 secs] 846109K->567560K(1013632K), 0,0134460 secs] [Times: user=0,09 sys=0,00, real=0,02 secs] 
2015-09-03T11:10:59.092+0200: 589447,269: [GC2015-09-03T11:10:59.093+0200: 589447,269: [ParNew: 288498K->8978K(314560K), 0,0086390 secs] 847176K->568674K(1013632K), 0,0087360 secs] [Times: user=0,05 sys=0,00, real=0,01 secs] 
2015-09-03T11:11:56.650+0200: 589504,826: [GC2015-09-03T11:11:56.650+0200: 589504,826: [ParNew: 288594K->8988K(314560K), 0,0117920 secs] 848290K->569680K(1013632K), 0,0119100 secs] [Times: user=0,08 sys=0,00, real=0,01 secs] 
2015-09-03T11:12:54.206+0200: 589562,383: [GC2015-09-03T11:12:54.207+0200: 589562,383: [ParNew: 288604K->8996K(314560K), 0,0117350 secs] 849296K->570590K(1013632K), 0,0118850 secs] [Times: user=0,08 sys=0,00, real=0,01 secs] 
2015-09-03T11:13:51.768+0200: 589619,944: [GC2015-09-03T11:13:51.768+0200: 589619,944: [ParNew: 288612K->7805K(314560K), 0,0106650 secs] 850206K->570318K(1013632K), 0,0107860 secs] [Times: user=0,07 sys=0,00, real=0,01 secs] 
2015-09-03T11:14:48.859+0200: 589677,036: [GC2015-09-03T11:14:48.860+0200: 589677,036: [ParNew: 287421K->9185K(314560K), 0,0103640 secs] 849934K->572617K(1013632K), 0,0104780 secs] [Times: user=0,08 sys=0,00, real=0,01 secs] 
2015-09-03T11:15:45.374+0200: 589733,551: [GC2015-09-03T11:15:45.375+0200: 589733,551: [ParNew: 288801K->8589K(314560K), 0,0124470 secs] 852233K->572937K(1013632K), 0,0125770 secs] [Times: user=0,08 sys=0,00, real=0,02 secs] 
2015-09-03T11:16:42.957+0200: 589791,133: [GC2015-09-03T11:16:42.957+0200: 589791,133: [ParNew: 288205K->9436K(314560K), 0,0108330 secs] 852553K->574704K(1013632K), 0,0109430 secs] [Times: user=0,08 sys=0,00, real=0,01 secs] 
2015-09-03T11:17:40.485+0200: 589848,661: [GC2015-09-03T11:17:40.485+0200: 589848,661: [ParNew: 289052K->9583K(314560K), 0,0110430 secs] 854320K->575765K(1013632K), 0,0111650 secs] [Times: user=0,08 sys=0,00, real=0,00 secs] 
2015-09-03T11:18:37.742+0200: 589905,919: [GC2015-09-03T11:18:37.742+0200: 589905,919: [ParNew: 289199K->9716K(314560K), 0,0122860 secs] 855381K->576870K(1013632K), 0,0124150 secs] [Times: user=0,09 sys=0,00, real=0,01 secs] 
2015-09-03T11:19:35.085+0200: 589963,261: [GC2015-09-03T11:19:35.085+0200: 589963,261: [ParNew: 289332K->9059K(314560K), 0,0109340 secs] 856486K->577213K(1013632K), 0,0110630 secs] [Times: user=0,06 sys=0,01, real=0,00 secs] 
2015-09-03T11:20:32.341+0200: 590020,517: [GC2015-09-03T11:20:32.341+0200: 590020,517: [ParNew: 288675K->9852K(314560K), 0,0110850 secs] 856829K->579034K(1013632K), 0,0111810 secs] [Times: user=0,07 sys=0,00, real=0,01 secs] 
2015-09-03T11:21:30.189+0200: 590078,365: [GC2015-09-03T11:21:30.189+0200: 590078,365: [ParNew: 289468K->9843K(314560K), 0,0122960 secs] 858650K->579944K(1013632K), 0,0124220 secs] [Times: user=0,09 sys=0,00, real=0,01 secs] 
2015-09-03T11:22:27.221+0200: 590135,398: [GC2015-09-03T11:22:27.221+0200: 590135,398: [ParNew: 289459K->8159K(314560K), 0,0070940 secs] 859560K->579189K(1013632K), 0,0072030 secs] [Times: user=0,03 sys=0,01, real=0,01 secs] 
2015-09-03T11:23:25.051+0200: 590193,228: [GC2015-09-03T11:23:25.051+0200: 590193,228: [ParNew: 287775K->9094K(314560K), 0,0109100 secs] 858805K->581035K(1013632K), 0,0110280 secs] [Times: user=0,09 sys=0,00, real=0,01 secs] 
2015-09-03T11:24:22.349+0200: 590250,525: [GC2015-09-03T11:24:22.349+0200: 590250,525: [ParNew: 288710K->9215K(314560K), 0,0123500 secs] 860651K->582097K(1013632K), 0,0124830 secs] [Times: user=0,09 sys=0,00, real=0,01 secs] 
2015-09-03T11:25:19.912+0200: 590308,088: [GC2015-09-03T11:25:19.912+0200: 590308,088: [ParNew: 288831K->8041K(314560K), 0,0109520 secs] 861713K->581846K(1013632K), 0,0110860 secs] [Times: user=0,10 sys=0,00, real=0,01 secs] 
2015-09-03T11:26:16.728+0200: 590364,905: [GC2015-09-03T11:26:16.728+0200: 590364,905: [ParNew: 287657K->9690K(314560K), 0,0117190 secs] 861462K->584424K(1013632K), 0,0118340 secs] [Times: user=0,06 sys=0,01, real=0,01 secs] 
2015-09-03T11:27:14.015+0200: 590422,191: [GC2015-09-03T11:27:14.015+0200: 590422,191: [ParNew: 289306K->9827K(314560K), 0,0164050 secs] 864040K->585554K(1013632K), 0,0165110 secs] [Times: user=0,11 sys=0,00, real=0,02 secs] 
2015-09-03T11:28:10.563+0200: 590478,740: [GC2015-09-03T11:28:10.563+0200: 590478,740: [ParNew: 289443K->9675K(314560K), 0,0125260 secs] 865170K->586423K(1013632K), 0,0126430 secs] [Times: user=0,08 sys=0,00, real=0,01 secs] 
2015-09-03T11:29:07.844+0200: 590536,021: [GC2015-09-03T11:29:07.844+0200: 590536,021: [ParNew: 289291K->10666K(314560K), 0,0124640 secs] 866039K->588438K(1013632K), 0,0125930 secs] [Times: user=0,05 sys=0,01, real=0,01 secs] 
2015-09-03T11:30:05.172+0200: 590593,349: [GC2015-09-03T11:30:05.172+0200: 590593,349: [ParNew: 290282K->7375K(314560K), 0,0107590 secs] 868054K->586083K(1013632K), 0,0108970 secs] [Times: user=0,08 sys=0,00, real=0,01 secs] 
2015-09-03T11:31:03.050+0200: 590651,227: [GC2015-09-03T11:31:03.050+0200: 590651,227: [ParNew: 286991K->7406K(314560K), 0,0098240 secs] 865699K->587047K(1013632K), 0,0099380 secs] [Times: user=0,07 sys=0,00, real=0,01 secs] 
2015-09-03T11:31:59.882+0200: 590708,058: [GC2015-09-03T11:31:59.882+0200: 590708,059: [ParNew: 287022K->7942K(314560K), 0,0121180 secs] 866663K->588504K(1013632K), 0,0122620 secs] [Times: user=0,07 sys=0,00, real=0,01 secs] 
2015-09-03T11:32:57.324+0200: 590765,501: [GC2015-09-03T11:32:57.324+0200: 590765,501: [ParNew: 287558K->5798K(314560K), 0,0081510 secs] 868120K->587420K(1013632K), 0,0082520 secs] [Times: user=0,05 sys=0,01, real=0,00 secs] 
2015-09-03T11:33:54.377+0200: 590822,554: [GC2015-09-03T11:33:54.378+0200: 590822,554: [ParNew: 285414K->5976K(314560K), 0,0090920 secs] 867036K->588313K(1013632K), 0,0092130 secs] [Times: user=0,06 sys=0,00, real=0,01 secs] 
2015-09-03T11:34:51.740+0200: 590879,916: [GC2015-09-03T11:34:51.740+0200: 590879,916: [ParNew: 285592K->6925K(314560K), 0,0080020 secs] 867929K->589754K(1013632K), 0,0081260 secs] [Times: user=0,04 sys=0,00, real=0,01 secs] 
2015-09-03T11:35:49.183+0200: 590937,360: [GC2015-09-03T11:35:49.183+0200: 590937,360: [ParNew: 286541K->7701K(314560K), 0,0090160 secs] 869370K->591180K(1013632K), 0,0091330 secs] [Times: user=0,05 sys=0,00, real=0,01 secs] 
2015-09-03T11:36:46.736+0200: 590994,912: [GC2015-09-03T11:36:46.736+0200: 590994,912: [ParNew: 287317K->7762K(314560K), 0,0094380 secs] 870796K->591848K(1013632K), 0,0095480 secs] [Times: user=0,06 sys=0,00, real=0,02 secs] 
2015-09-03T11:37:44.584+0200: 591052,761: [GC2015-09-03T11:37:44.584+0200: 591052,761: [ParNew: 287378K->7766K(314560K), 0,0086750 secs] 871464K->592395K(1013632K), 0,0088260 secs] [Times: user=0,07 sys=0,00, real=0,00 secs] 
2015-09-03T11:38:42.142+0200: 591110,319: [GC2015-09-03T11:38:42.142+0200: 591110,319: [ParNew: 287382K->8468K(314560K), 0,0098210 secs] 872011K->593741K(1013632K), 0,0099270 secs] [Times: user=0,07 sys=0,00, real=0,01 secs] 
2015-09-03T11:39:39.956+0200: 591168,132: [GC2015-09-03T11:39:39.956+0200: 591168,132: [ParNew: 288084K->8391K(314560K), 0,0122960 secs] 873357K->594515K(1013632K), 0,0124360 secs] [Times: user=0,08 sys=0,00, real=0,02 secs] 
2015-09-03T11:40:37.896+0200: 591226,072: [GC2015-09-03T11:40:37.896+0200: 591226,072: [ParNew: 288007K->8915K(314560K), 0,0113640 secs] 874131K->595946K(1013632K), 0,0114810 secs] [Times: user=0,08 sys=0,00, real=0,02 secs] 
2015-09-03T11:41:35.800+0200: 591283,977: [GC2015-09-03T11:41:35.801+0200: 591283,977: [ParNew: 288531K->8395K(314560K), 0,0127370 secs] 875562K->596346K(1013632K), 0,0128650 secs] [Times: user=0,07 sys=0,00, real=0,01 secs] 
2015-09-03T11:42:33.752+0200: 591341,929: [GC2015-09-03T11:42:33.752+0200: 591341,929: [ParNew: 288011K->6720K(314560K), 0,0102160 secs] 875962K->595603K(1013632K), 0,0103380 secs] [Times: user=0,05 sys=0,00, real=0,01 secs] 
2015-09-03T11:43:31.408+0200: 591399,584: [GC2015-09-03T11:43:31.408+0200: 591399,584: [ParNew: 286336K->7579K(314560K), 0,0098640 secs] 875219K->597417K(1013632K), 0,0099890 secs] [Times: user=0,06 sys=0,00, real=0,01 secs] 
2015-09-03T11:44:29.409+0200: 591457,585: [GC2015-09-03T11:44:29.409+0200: 591457,585: [ParNew: 287195K->7026K(314560K), 0,0094420 secs] 877033K->597654K(1013632K), 0,0095640 secs] [Times: user=0,07 sys=0,00, real=0,01 secs] 
2015-09-03T11:45:27.017+0200: 591515,194: [GC2015-09-03T11:45:27.017+0200: 591515,194: [ParNew: 286642K->7196K(314560K), 0,0180920 secs] 877270K->598409K(1013632K), 0,0181990 secs] [Times: user=0,09 sys=0,00, real=0,01 secs] 
2015-09-03T11:46:24.580+0200: 591572,757: [GC2015-09-03T11:46:24.580+0200: 591572,757: [ParNew: 286812K->6272K(314560K), 0,0121870 secs] 878025K->598493K(1013632K), 0,0123080 secs] [Times: user=0,07 sys=0,00, real=0,01 secs] 
2015-09-03T11:47:21.639+0200: 591629,816: [GC2015-09-03T11:47:21.639+0200: 591629,816: [ParNew: 285888K->7251K(314560K), 0,0076830 secs] 878109K->599985K(1013632K), 0,0078000 secs] [Times: user=0,06 sys=0,00, real=0,01 secs] 
2015-09-03T11:48:19.507+0200: 591687,684: [GC2015-09-03T11:48:19.507+0200: 591687,684: [ParNew: 286867K->7154K(314560K), 0,0095560 secs] 879601K->600407K(1013632K), 0,0096820 secs] [Times: user=0,08 sys=0,00, real=0,01 secs] 
2015-09-03T11:49:16.744+0200: 591744,920: [GC2015-09-03T11:49:16.744+0200: 591744,920: [ParNew: 286770K->7249K(314560K), 0,0101510 secs] 880023K->601048K(1013632K), 0,0102710 secs] [Times: user=0,08 sys=0,00, real=0,01 secs] 
2015-09-03T11:50:14.299+0200: 591802,475: [GC2015-09-03T11:50:14.299+0200: 591802,475: [ParNew: 286865K->9231K(314560K), 0,0093020 secs] 880664K->603660K(1013632K), 0,0094380 secs] [Times: user=0,07 sys=0,00, real=0,01 secs] 
2015-09-03T11:51:11.861+0200: 591860,038: [GC2015-09-03T11:51:11.861+0200: 591860,038: [ParNew: 288847K->8499K(314560K), 0,0114510 secs] 883276K->603755K(1013632K), 0,0115970 secs] [Times: user=0,06 sys=0,00, real=0,01 secs] 
2015-09-03T11:52:09.422+0200: 591917,598: [GC2015-09-03T11:52:09.422+0200: 591917,598: [ParNew: 288115K->9582K(314560K), 0,0126150 secs] 883371K->605779K(1013632K), 0,0127340 secs] [Times: user=0,08 sys=0,00, real=0,01 secs] 
2015-09-03T11:53:06.879+0200: 591975,055: [GC2015-09-03T11:53:06.879+0200: 591975,055: [ParNew: 289198K->9012K(314560K), 0,0118870 secs] 885395K->606212K(1013632K), 0,0120110 secs] [Times: user=0,09 sys=0,00, real=0,01 secs] 
2015-09-03T11:54:04.525+0200: 592032,702: [GC2015-09-03T11:54:04.525+0200: 592032,702: [ParNew: 288628K->9080K(314560K), 0,0118200 secs] 885828K->607300K(1013632K), 0,0119450 secs] [Times: user=0,09 sys=0,00, real=0,01 secs] 
2015-09-03T11:55:02.474+0200: 592090,651: [GC2015-09-03T11:55:02.475+0200: 592090,651: [ParNew: 288696K->8337K(314560K), 0,0111710 secs] 886916K->607470K(1013632K), 0,0112940 secs] [Times: user=0,09 sys=0,00, real=0,02 secs] 
2015-09-03T11:56:00.132+0200: 592148,309: [GC2015-09-03T11:56:00.132+0200: 592148,309: [ParNew: 287953K->8643K(314560K), 0,0091700 secs] 887086K->608702K(1013632K), 0,0092670 secs] [Times: user=0,07 sys=0,00, real=0,01 secs] 
2015-09-03T11:56:57.590+0200: 592205,766: [GC2015-09-03T11:56:57.590+0200: 592205,766: [ParNew: 288259K->7930K(314560K), 0,0105230 secs] 888318K->608907K(1013632K), 0,0106530 secs] [Times: user=0,06 sys=0,01, real=0,01 secs] 
2015-09-03T11:57:54.717+0200: 592262,893: [GC2015-09-03T11:57:54.717+0200: 592262,893: [ParNew: 287546K->8755K(314560K), 0,0110240 secs] 888523K->610659K(1013632K), 0,0111500 secs] [Times: user=0,08 sys=0,00, real=0,01 secs] 
2015-09-03T11:58:52.287+0200: 592320,464: [GC2015-09-03T11:58:52.287+0200: 592320,464: [ParNew: 288371K->9619K(314560K), 0,0129260 secs] 890275K->612464K(1013632K), 0,0130370 secs] [Times: user=0,07 sys=0,00, real=0,01 secs] 
2015-09-03T11:59:49.847+0200: 592378,023: [GC2015-09-03T11:59:49.847+0200: 592378,023: [ParNew: 289235K->8256K(314560K), 0,0107870 secs] 892080K->612032K(1013632K), 0,0109120 secs] [Times: user=0,08 sys=0,00, real=0,01 secs] 
2015-09-03T12:00:47.404+0200: 592435,581: [GC2015-09-03T12:00:47.404+0200: 592435,581: [ParNew: 287872K->9131K(314560K), 0,0112700 secs] 891648K->613919K(1013632K), 0,0114030 secs] [Times: user=0,06 sys=0,01, real=0,00 secs] 
2015-09-03T12:01:44.888+0200: 592493,064: [GC2015-09-03T12:01:44.888+0200: 592493,064: [ParNew: 288747K->9161K(314560K), 0,0120500 secs] 893535K->614983K(1013632K), 0,0121740 secs] [Times: user=0,09 sys=0,00, real=0,01 secs] 
2015-09-03T12:02:42.508+0200: 592550,684: [GC2015-09-03T12:02:42.508+0200: 592550,684: [ParNew: 288777K->8400K(314560K), 0,0099700 secs] 894599K->615152K(1013632K), 0,0100880 secs] [Times: user=0,09 sys=0,00, real=0,01 secs] 
2015-09-03T12:03:40.063+0200: 592608,239: [GC2015-09-03T12:03:40.063+0200: 592608,239: [ParNew: 288016K->9367K(314560K), 0,0173360 secs] 894768K->617050K(1013632K), 0,0174470 secs] [Times: user=0,05 sys=0,00, real=0,02 secs] 
2015-09-03T12:04:37.629+0200: 592665,806: [GC2015-09-03T12:04:37.629+0200: 592665,806: [ParNew: 288983K->8598K(314560K), 0,0118690 secs] 896666K->617221K(1013632K), 0,0120220 secs] [Times: user=0,07 sys=0,00, real=0,01 secs] 
2015-09-03T12:05:35.063+0200: 592723,239: [GC2015-09-03T12:05:35.063+0200: 592723,239: [ParNew: 288214K->8668K(314560K), 0,0105620 secs] 896837K->618223K(1013632K), 0,0107130 secs] [Times: user=0,09 sys=0,00, real=0,01 secs] 
2015-09-03T12:06:31.731+0200: 592779,907: [GC2015-09-03T12:06:31.731+0200: 592779,908: [ParNew: 288284K->8065K(314560K), 0,0110630 secs] 897839K->618544K(1013632K), 0,0111980 secs] [Times: user=0,08 sys=0,00, real=0,01 secs] 
2015-09-03T12:07:29.159+0200: 592837,336: [GC2015-09-03T12:07:29.159+0200: 592837,336: [ParNew: 287681K->8920K(314560K), 0,0101070 secs] 898160K->620342K(1013632K), 0,0102250 secs] [Times: user=0,05 sys=0,00, real=0,01 secs] 
2015-09-03T12:08:26.336+0200: 592894,512: [GC2015-09-03T12:08:26.336+0200: 592894,512: [ParNew: 288536K->9778K(314560K), 0,0138800 secs] 899958K->622169K(1013632K), 0,0139700 secs] [Times: user=0,09 sys=0,00, real=0,02 secs] 
2015-09-03T12:09:22.847+0200: 592951,023: [GC2015-09-03T12:09:22.847+0200: 592951,023: [ParNew: 289394K->9090K(314560K), 0,0085030 secs] 901785K->622487K(1013632K), 0,0086200 secs] [Times: user=0,06 sys=0,00, real=0,00 secs] 
2015-09-03T12:10:19.303+0200: 593007,479: [GC2015-09-03T12:10:19.303+0200: 593007,479: [ParNew: 288706K->7576K(314560K), 0,0120460 secs] 902103K->621993K(1013632K), 0,0121750 secs] [Times: user=0,10 sys=0,00, real=0,01 secs] 
2015-09-03T12:11:16.489+0200: 593064,665: [GC2015-09-03T12:11:16.489+0200: 593064,665: [ParNew: 287192K->6797K(314560K), 0,0112440 secs] 901609K->622163K(1013632K), 0,0113660 secs] [Times: user=0,08 sys=0,00, real=0,01 secs] 
2015-09-03T12:12:13.546+0200: 593121,723: [GC2015-09-03T12:12:13.546+0200: 593121,723: [ParNew: 286413K->9206K(314560K), 0,0104310 secs] 901779K->625492K(1013632K), 0,0105550 secs] [Times: user=0,07 sys=0,00, real=0,01 secs] 
2015-09-03T12:13:10.601+0200: 593178,778: [GC2015-09-03T12:13:10.601+0200: 593178,778: [ParNew: 288822K->9173K(314560K), 0,0105020 secs] 905108K->626385K(1013632K), 0,0106310 secs] [Times: user=0,06 sys=0,00, real=0,01 secs] 
2015-09-03T12:14:07.327+0200: 593235,504: [GC2015-09-03T12:14:07.327+0200: 593235,504: [ParNew: 288789K->9232K(314560K), 0,0136900 secs] 906001K->627364K(1013632K), 0,0137890 secs] [Times: user=0,09 sys=0,00, real=0,01 secs] 
2015-09-03T12:15:04.163+0200: 593292,339: [GC2015-09-03T12:15:04.163+0200: 593292,340: [ParNew: 288848K->9367K(314560K), 0,0088440 secs] 906980K->628408K(1013632K), 0,0089600 secs] [Times: user=0,07 sys=0,00, real=0,01 secs] 
2015-09-03T12:16:01.555+0200: 593349,732: [GC2015-09-03T12:16:01.555+0200: 593349,732: [ParNew: 288983K->8796K(314560K), 0,0122700 secs] 908024K->628744K(1013632K), 0,0123920 secs] [Times: user=0,08 sys=0,00, real=0,02 secs] 
2015-09-03T12:16:59.306+0200: 593407,482: [GC2015-09-03T12:16:59.306+0200: 593407,482: [ParNew: 288412K->8936K(314560K), 0,0113420 secs] 908360K->629835K(1013632K), 0,0114750 secs] [Times: user=0,10 sys=0,00, real=0,01 secs] 
2015-09-03T12:17:56.866+0200: 593465,043: [GC2015-09-03T12:17:56.866+0200: 593465,043: [ParNew: 288552K->9787K(314560K), 0,0122890 secs] 909451K->631708K(1013632K), 0,0124160 secs] [Times: user=0,09 sys=0,00, real=0,01 secs] 
2015-09-03T12:18:54.427+0200: 593522,603: [GC2015-09-03T12:18:54.427+0200: 593522,603: [ParNew: 289403K->10562K(314560K), 0,0153650 secs] 911324K->633469K(1013632K), 0,0154930 secs] [Times: user=0,10 sys=0,00, real=0,01 secs] 
2015-09-03T12:19:51.733+0200: 593579,910: [GC2015-09-03T12:19:51.733+0200: 593579,910: [ParNew: 290178K->7582K(314560K), 0,0110780 secs] 913085K->631425K(1013632K), 0,0111960 secs] [Times: user=0,07 sys=0,00, real=0,02 secs] 
2015-09-03T12:20:49.537+0200: 593637,714: [GC2015-09-03T12:20:49.537+0200: 593637,714: [ParNew: 287198K->9066K(314560K), 0,0118550 secs] 911041K->633840K(1013632K), 0,0119780 secs] [Times: user=0,09 sys=0,00, real=0,01 secs] 
2015-09-03T12:21:47.100+0200: 593695,277: [GC2015-09-03T12:21:47.100+0200: 593695,277: [ParNew: 288682K->8403K(314560K), 0,0115870 secs] 913456K->634094K(1013632K), 0,0117410 secs] [Times: user=0,08 sys=0,00, real=0,01 secs] 
2015-09-03T12:22:44.954+0200: 593753,131: [GC2015-09-03T12:22:44.954+0200: 593753,131: [ParNew: 288019K->9412K(314560K), 0,0105500 secs] 913710K->636022K(1013632K), 0,0106670 secs] [Times: user=0,08 sys=0,00, real=0,02 secs] 
2015-09-03T12:23:42.704+0200: 593810,881: [GC2015-09-03T12:23:42.704+0200: 593810,881: [ParNew: 289028K->8872K(314560K), 0,0107790 secs] 915638K->636414K(1013632K), 0,0108890 secs] [Times: user=0,08 sys=0,00, real=0,00 secs] 
2015-09-03T12:24:39.949+0200: 593868,126: [GC2015-09-03T12:24:39.949+0200: 593868,126: [ParNew: 288488K->8994K(314560K), 0,0112640 secs] 916030K->637480K(1013632K), 0,0113890 secs] [Times: user=0,08 sys=0,00, real=0,01 secs] 
2015-09-03T12:25:37.713+0200: 593925,889: [GC2015-09-03T12:25:37.713+0200: 593925,889: [ParNew: 288610K->10608K(314560K), 0,0117450 secs] 917096K->640090K(1013632K), 0,0118660 secs] [Times: user=0,06 sys=0,00, real=0,02 secs] 
2015-09-03T12:26:35.363+0200: 593983,540: [GC2015-09-03T12:26:35.363+0200: 593983,540: [ParNew: 290224K->8089K(314560K), 0,0108680 secs] 919706K->638605K(1013632K), 0,0109880 secs] [Times: user=0,08 sys=0,00, real=0,01 secs] 
2015-09-03T12:27:32.922+0200: 594041,098: [GC2015-09-03T12:27:32.922+0200: 594041,098: [ParNew: 287705K->8989K(314560K), 0,0119700 secs] 918221K->640450K(1013632K), 0,0120900 secs] [Times: user=0,08 sys=0,00, real=0,01 secs] 
2015-09-03T12:28:30.126+0200: 594098,302: [GC2015-09-03T12:28:30.126+0200: 594098,302: [ParNew: 288605K->9484K(314560K), 0,0098200 secs] 920066K->641880K(1013632K), 0,0099430 secs] [Times: user=0,07 sys=0,00, real=0,00 secs] 
2015-09-03T12:29:27.538+0200: 594155,714: [GC2015-09-03T12:29:27.538+0200: 594155,714: [ParNew: 289100K->8973K(314560K), 0,0114580 secs] 921496K->642287K(1013632K), 0,0115910 secs] [Times: user=0,08 sys=0,00, real=0,01 secs] 
2015-09-03T12:30:25.425+0200: 594213,601: [GC2015-09-03T12:30:25.425+0200: 594213,602: [ParNew: 288589K->7156K(314560K), 0,0111330 secs] 921903K->641389K(1013632K), 0,0112560 secs] [Times: user=0,06 sys=0,02, real=0,00 secs] 
2015-09-03T12:31:23.044+0200: 594271,221: [GC2015-09-03T12:31:23.044+0200: 594271,221: [ParNew: 286772K->7467K(314560K), 0,0161800 secs] 921005K->642637K(1013632K), 0,0162960 secs] [Times: user=0,06 sys=0,01, real=0,01 secs] 
2015-09-03T12:32:20.695+0200: 594328,871: [GC2015-09-03T12:32:20.695+0200: 594328,871: [ParNew: 287083K->6945K(314560K), 0,0109610 secs] 922253K->643058K(1013632K), 0,0110650 secs] [Times: user=0,08 sys=0,00, real=0,02 secs] 
2015-09-03T12:33:18.105+0200: 594386,281: [GC2015-09-03T12:33:18.105+0200: 594386,281: [ParNew: 286561K->6970K(314560K), 0,0114210 secs] 922674K->644008K(1013632K), 0,0115530 secs] [Times: user=0,07 sys=0,00, real=0,01 secs] 
2015-09-03T12:34:15.705+0200: 594443,882: [GC2015-09-03T12:34:15.705+0200: 594443,882: [ParNew: 286586K->5411K(314560K), 0,0092020 secs] 923624K->643240K(1013632K), 0,0093290 secs] [Times: user=0,06 sys=0,00, real=0,00 secs] 
2015-09-03T12:35:13.105+0200: 594501,281: [GC2015-09-03T12:35:13.105+0200: 594501,281: [ParNew: 285027K->6534K(314560K), 0,0079870 secs] 922856K->644931K(1013632K), 0,0081170 secs] [Times: user=0,06 sys=0,00, real=0,00 secs] 
2015-09-03T12:36:10.455+0200: 594558,632: [GC2015-09-03T12:36:10.455+0200: 594558,632: [ParNew: 286150K->6997K(314560K), 0,0134460 secs] 924547K->645976K(1013632K), 0,0135480 secs] [Times: user=0,09 sys=0,00, real=0,02 secs] 
2015-09-03T12:37:07.952+0200: 594616,129: [GC2015-09-03T12:37:07.952+0200: 594616,129: [ParNew: 286613K->7064K(314560K), 0,0062620 secs] 925592K->646548K(1013632K), 0,0063560 secs] [Times: user=0,04 sys=0,00, real=0,01 secs] 
2015-09-03T12:38:05.208+0200: 594673,385: [GC2015-09-03T12:38:05.208+0200: 594673,385: [ParNew: 286680K->7681K(314560K), 0,0101570 secs] 926164K->647710K(1013632K), 0,0103010 secs] [Times: user=0,06 sys=0,00, real=0,01 secs] 
2015-09-03T12:39:02.562+0200: 594730,738: [GC2015-09-03T12:39:02.562+0200: 594730,738: [ParNew: 287297K->9566K(314560K), 0,0093570 secs] 927326K->650213K(1013632K), 0,0094990 secs] [Times: user=0,07 sys=0,00, real=0,01 secs] 
2015-09-03T12:40:00.380+0200: 594788,556: [GC2015-09-03T12:40:00.380+0200: 594788,557: [ParNew: 289182K->6992K(314560K), 0,0125750 secs] 929829K->648444K(1013632K), 0,0127080 secs] [Times: user=0,07 sys=0,00, real=0,01 secs] 
2015-09-03T12:40:57.670+0200: 594845,846: [GC2015-09-03T12:40:57.670+0200: 594845,847: [ParNew: 286608K->8014K(314560K), 0,0132770 secs] 928060K->650384K(1013632K), 0,0134010 secs] [Times: user=0,08 sys=0,00, real=0,01 secs] 
2015-09-03T12:41:55.230+0200: 594903,407: [GC2015-09-03T12:41:55.230+0200: 594903,407: [ParNew: 287630K->6238K(314560K), 0,0109660 secs] 930000K->649563K(1013632K), 0,0110970 secs] [Times: user=0,09 sys=0,00, real=0,01 secs] 
2015-09-03T12:41:55.242+0200: 594903,418: [GC [1 CMS-initial-mark: 643324K(699072K)] 651896K(1013632K), 0,0099550 secs] [Times: user=0,00 sys=0,00, real=0,01 secs] 
2015-09-03T12:41:55.252+0200: 594903,428: [CMS-concurrent-mark-start]
2015-09-03T12:41:55.272+0200: 594903,448: [CMS-concurrent-mark: 0,019/0,020 secs] [Times: user=0,05 sys=0,00, real=0,02 secs] 
2015-09-03T12:41:55.272+0200: 594903,448: [CMS-concurrent-preclean-start]
2015-09-03T12:41:55.274+0200: 594903,451: [CMS-concurrent-preclean: 0,003/0,003 secs] [Times: user=0,00 sys=0,00, real=0,00 secs] 
2015-09-03T12:41:55.274+0200: 594903,451: [CMS-concurrent-abortable-preclean-start]
 CMS: abort preclean due to time 2015-09-03T12:42:00.343+0200: 594908,519: [CMS-concurrent-abortable-preclean: 2,566/5,068 secs] [Times: user=3,11 sys=0,08, real=5,07 secs] 
2015-09-03T12:42:00.343+0200: 594908,519: [GC[YG occupancy: 34239 K (314560 K)]2015-09-03T12:42:00.343+0200: 594908,519: [GC2015-09-03T12:42:00.343+0200: 594908,519: [ParNew: 34239K->5977K(314560K), 0,0061770 secs] 677563K->650302K(1013632K), 0,0062490 secs] [Times: user=0,06 sys=0,00, real=0,01 secs] 
2015-09-03T12:42:00.349+0200: 594908,526: [Rescan (parallel) , 0,0032640 secs]2015-09-03T12:42:00.352+0200: 594908,529: [weak refs processing, 0,0000520 secs]2015-09-03T12:42:00.352+0200: 594908,529: [class unloading, 0,0018840 secs]2015-09-03T12:42:00.354+0200: 594908,531: [scrub symbol table, 0,0014210 secs]2015-09-03T12:42:00.356+0200: 594908,532: [scrub string table, 0,0002720 secs] [1 CMS-remark: 644325K(699072K)] 650302K(1013632K), 0,0139650 secs] [Times: user=0,07 sys=0,00, real=0,02 secs] 
2015-09-03T12:42:00.357+0200: 594908,533: [CMS-concurrent-sweep-start]
2015-09-03T12:42:00.983+0200: 594909,160: [CMS-concurrent-sweep: 0,626/0,626 secs] [Times: user=0,71 sys=0,00, real=0,62 secs] 
2015-09-03T12:42:00.983+0200: 594909,160: [CMS-concurrent-reset-start]
2015-09-03T12:42:00.984+0200: 594909,161: [CMS-concurrent-reset: 0,001/0,001 secs] [Times: user=0,00 sys=0,00, real=0,00 secs] 
2015-09-03T12:42:57.804+0200: 594965,980: [GC2015-09-03T12:42:57.804+0200: 594965,980: [ParNew: 285593K->6252K(314560K), 0,0096000 secs] 291888K->13602K(1013632K), 0,0097290 secs] [Times: user=0,08 sys=0,00, real=0,01 secs] 
2015-09-03T12:43:55.351+0200: 595023,528: [GC2015-09-03T12:43:55.351+0200: 595023,528: [ParNew: 285868K->5988K(314560K), 0,0094210 secs] 293218K->13927K(1013632K), 0,0095210 secs] [Times: user=0,07 sys=0,00, real=0,01 secs] 
2015-09-03T12:44:52.842+0200: 595081,019: [GC2015-09-03T12:44:52.842+0200: 595081,019: [ParNew: 285604K->5666K(314560K), 0,0092040 secs] 293543K->14618K(1013632K), 0,0093190 secs] [Times: user=0,06 sys=0,00, real=0,01 secs] 
2015-09-03T12:45:50.445+0200: 595138,622: [GC2015-09-03T12:45:50.445+0200: 595138,622: [ParNew: 285282K->6189K(314560K), 0,0089220 secs] 294234K->15661K(1013632K), 0,0090380 secs] [Times: user=0,06 sys=0,00, real=0,00 secs] 
2015-09-03T12:46:48.003+0200: 595196,180: [GC2015-09-03T12:46:48.003+0200: 595196,180: [ParNew: 285805K->7162K(314560K), 0,0101620 secs] 295277K->17202K(1013632K), 0,0102750 secs] [Times: user=0,08 sys=0,00, real=0,01 secs] 
2015-09-03T12:47:45.561+0200: 595253,738: [GC2015-09-03T12:47:45.561+0200: 595253,738: [ParNew: 286778K->8951K(314560K), 0,0089990 secs] 296818K->19044K(1013632K), 0,0091200 secs] [Times: user=0,07 sys=0,00, real=0,01 secs] 
2015-09-03T12:48:43.018+0200: 595311,194: [GC2015-09-03T12:48:43.018+0200: 595311,195: [ParNew: 288567K->9255K(314560K), 0,0101210 secs] 298660K->20009K(1013632K), 0,0102350 secs] [Times: user=0,07 sys=0,00, real=0,01 secs] 
2015-09-03T12:49:40.369+0200: 595368,546: [GC2015-09-03T12:49:40.369+0200: 595368,546: [ParNew: 288871K->7908K(314560K), 0,0109860 secs] 299625K->19562K(1013632K), 0,0111020 secs] [Times: user=0,07 sys=0,00, real=0,01 secs] 
2015-09-03T12:50:37.847+0200: 595426,023: [GC2015-09-03T12:50:37.847+0200: 595426,023: [ParNew: 287524K->8915K(314560K), 0,0110070 secs] 299178K->21555K(1013632K), 0,0111370 secs] [Times: user=0,10 sys=0,00, real=0,01 secs] 
2015-09-03T12:51:35.771+0200: 595483,948: [GC2015-09-03T12:51:35.771+0200: 595483,948: [ParNew: 288531K->8261K(314560K), 0,0116590 secs] 301171K->21912K(1013632K), 0,0117800 secs] [Times: user=0,10 sys=0,00, real=0,01 secs] 
2015-09-03T12:52:33.186+0200: 595541,362: [GC2015-09-03T12:52:33.186+0200: 595541,362: [ParNew: 287877K->7546K(314560K), 0,0110070 secs] 301528K->22099K(1013632K), 0,0111350 secs] [Times: user=0,07 sys=0,00, real=0,01 secs] 
2015-09-03T12:53:30.883+0200: 595599,060: [GC2015-09-03T12:53:30.883+0200: 595599,060: [ParNew: 287162K->7807K(314560K), 0,0105880 secs] 301715K->23287K(1013632K), 0,0107050 secs] [Times: user=0,10 sys=0,00, real=0,01 secs] 
2015-09-03T12:54:28.441+0200: 595656,617: [GC2015-09-03T12:54:28.441+0200: 595656,617: [ParNew: 287423K->9203K(314560K), 0,0132170 secs] 302903K->25606K(1013632K), 0,0133320 secs] [Times: user=0,08 sys=0,00, real=0,01 secs] 
2015-09-03T12:55:26.004+0200: 595714,181: [GC2015-09-03T12:55:26.004+0200: 595714,181: [ParNew: 288819K->9349K(314560K), 0,0116520 secs] 305222K->26672K(1013632K), 0,0117450 secs] [Times: user=0,06 sys=0,01, real=0,00 secs] 
2015-09-03T12:56:23.363+0200: 595771,540: [GC2015-09-03T12:56:23.363+0200: 595771,540: [ParNew: 288965K->7995K(314560K), 0,0117130 secs] 306288K->26241K(1013632K), 0,0118230 secs] [Times: user=0,10 sys=0,00, real=0,01 secs] 
2015-09-03T12:57:21.110+0200: 595829,286: [GC2015-09-03T12:57:21.110+0200: 595829,286: [ParNew: 287611K->9572K(314560K), 0,0117870 secs] 305857K->28758K(1013632K), 0,0119010 secs] [Times: user=0,08 sys=0,00, real=0,01 secs] 
2015-09-03T12:58:18.987+0200: 595887,163: [GC2015-09-03T12:58:18.987+0200: 595887,164: [ParNew: 289188K->9694K(314560K), 0,0122150 secs] 308374K->29798K(1013632K), 0,0123360 secs] [Times: user=0,10 sys=0,00, real=0,01 secs] 
2015-09-03T12:59:16.717+0200: 595944,893: [GC2015-09-03T12:59:16.717+0200: 595944,893: [ParNew: 289310K->9838K(314560K), 0,0123410 secs] 309414K->30970K(1013632K), 0,0124670 secs] [Times: user=0,09 sys=0,00, real=0,01 secs] 
2015-09-03T13:00:14.276+0200: 596002,452: [GC2015-09-03T13:00:14.276+0200: 596002,452: [ParNew: 289454K->9122K(314560K), 0,0127060 secs] 310586K->31279K(1013632K), 0,0128440 secs] [Times: user=0,09 sys=0,00, real=0,02 secs] 
2015-09-03T13:01:11.582+0200: 596059,759: [GC2015-09-03T13:01:11.582+0200: 596059,759: [ParNew: 288738K->8366K(314560K), 0,0119150 secs] 310895K->31438K(1013632K), 0,0120460 secs] [Times: user=0,09 sys=0,00, real=0,01 secs] 
2015-09-03T13:02:09.382+0200: 596117,559: [GC2015-09-03T13:02:09.382+0200: 596117,559: [ParNew: 287982K->9342K(314560K), 0,0109530 secs] 311054K->33335K(1013632K), 0,0110660 secs] [Times: user=0,09 sys=0,00, real=0,01 secs] 
2015-09-03T13:03:06.945+0200: 596175,122: [GC2015-09-03T13:03:06.945+0200: 596175,122: [ParNew: 288958K->8613K(314560K), 0,0111690 secs] 312951K->33537K(1013632K), 0,0113030 secs] [Times: user=0,07 sys=0,01, real=0,01 secs] 
2015-09-03T13:04:04.933+0200: 596233,110: [GC2015-09-03T13:04:04.933+0200: 596233,110: [ParNew: 288229K->7977K(314560K), 0,0112470 secs] 313153K->33828K(1013632K), 0,0113650 secs] [Times: user=0,07 sys=0,00, real=0,02 secs] 
2015-09-03T13:05:02.554+0200: 596290,730: [GC2015-09-03T13:05:02.554+0200: 596290,730: [ParNew: 287593K->9540K(314560K), 0,0138130 secs] 313444K->36337K(1013632K), 0,0139360 secs] [Times: user=0,09 sys=0,00, real=0,02 secs] 
2015-09-03T13:06:00.116+0200: 596348,293: [GC2015-09-03T13:06:00.116+0200: 596348,293: [ParNew: 289156K->8913K(314560K), 0,0110950 secs] 315953K->36644K(1013632K), 0,0112140 secs] [Times: user=0,09 sys=0,00, real=0,02 secs] 
2015-09-03T13:06:57.810+0200: 596405,987: [GC2015-09-03T13:06:57.810+0200: 596405,987: [ParNew: 288529K->9776K(314560K), 0,0109030 secs] 316260K->38478K(1013632K), 0,0110290 secs] [Times: user=0,09 sys=0,00, real=0,01 secs] 
2015-09-03T13:07:55.644+0200: 596463,820: [GC2015-09-03T13:07:55.644+0200: 596463,820: [ParNew: 289392K->8335K(314560K), 0,0107550 secs] 318094K->38064K(1013632K), 0,0108580 secs] [Times: user=0,10 sys=0,00, real=0,01 secs] 
2015-09-03T13:08:52.847+0200: 596521,023: [GC2015-09-03T13:08:52.847+0200: 596521,023: [ParNew: 287951K->9112K(314560K), 0,0110910 secs] 317680K->39857K(1013632K), 0,0112170 secs] [Times: user=0,10 sys=0,00, real=0,01 secs] 
2015-09-03T13:09:50.318+0200: 596578,495: [GC2015-09-03T13:09:50.318+0200: 596578,495: [ParNew: 288728K->8351K(314560K), 0,0112260 secs] 319473K->40014K(1013632K), 0,0113510 secs] [Times: user=0,09 sys=0,00, real=0,01 secs] 
2015-09-03T13:10:47.847+0200: 596636,023: [GC2015-09-03T13:10:47.847+0200: 596636,023: [ParNew: 287967K->8637K(314560K), 0,0125160 secs] 319630K->41232K(1013632K), 0,0126440 secs] [Times: user=0,07 sys=0,00, real=0,01 secs] 
2015-09-03T13:11:45.744+0200: 596693,920: [GC2015-09-03T13:11:45.744+0200: 596693,920: [ParNew: 288253K->8616K(314560K), 0,0108330 secs] 320848K->42136K(1013632K), 0,0109870 secs] [Times: user=0,09 sys=0,00, real=0,01 secs] 
2015-09-03T13:12:43.198+0200: 596751,375: [GC2015-09-03T13:12:43.198+0200: 596751,375: [ParNew: 288232K->10164K(314560K), 0,0106800 secs] 321752K->44607K(1013632K), 0,0107910 secs] [Times: user=0,10 sys=0,00, real=0,01 secs] 
2015-09-03T13:13:40.530+0200: 596808,707: [GC2015-09-03T13:13:40.530+0200: 596808,707: [ParNew: 289780K->7793K(314560K), 0,0114120 secs] 324223K->43179K(1013632K), 0,0115340 secs] [Times: user=0,08 sys=0,00, real=0,01 secs] 
2015-09-03T13:14:37.847+0200: 596866,023: [GC2015-09-03T13:14:37.847+0200: 596866,023: [ParNew: 287409K->9457K(314560K), 0,0111480 secs] 322795K->45765K(1013632K), 0,0112670 secs] [Times: user=0,10 sys=0,00, real=0,01 secs] 
2015-09-03T13:15:35.644+0200: 596923,821: [GC2015-09-03T13:15:35.644+0200: 596923,821: [ParNew: 289073K->10329K(314560K), 0,0132490 secs] 325381K->47639K(1013632K), 0,0133650 secs] [Times: user=0,09 sys=0,00, real=0,02 secs] 
2015-09-03T13:16:33.105+0200: 596981,281: [GC2015-09-03T13:16:33.105+0200: 596981,281: [ParNew: 289945K->7527K(314560K), 0,0109590 secs] 327255K->45858K(1013632K), 0,0110660 secs] [Times: user=0,08 sys=0,01, real=0,00 secs] 
2015-09-03T13:17:30.748+0200: 597038,925: [GC2015-09-03T13:17:30.749+0200: 597038,925: [ParNew: 287143K->8265K(314560K), 0,0111420 secs] 325474K->47617K(1013632K), 0,0112650 secs] [Times: user=0,07 sys=0,01, real=0,01 secs] 
2015-09-03T13:18:28.310+0200: 597096,487: [GC2015-09-03T13:18:28.310+0200: 597096,487: [ParNew: 287881K->8925K(314560K), 0,0121800 secs] 327233K->49193K(1013632K), 0,0122870 secs] [Times: user=0,08 sys=0,00, real=0,01 secs] 
2015-09-03T13:19:25.869+0200: 597154,045: [GC2015-09-03T13:19:25.869+0200: 597154,045: [ParNew: 288541K->7923K(314560K), 0,0108980 secs] 328809K->49127K(1013632K), 0,0110120 secs] [Times: user=0,07 sys=0,01, real=0,01 secs] 
2015-09-03T13:20:23.105+0200: 597211,281: [GC2015-09-03T13:20:23.105+0200: 597211,281: [ParNew: 287539K->8672K(314560K), 0,0105720 secs] 328743K->50800K(1013632K), 0,0106840 secs] [Times: user=0,07 sys=0,00, real=0,00 secs] 
2015-09-03T13:21:20.989+0200: 597269,165: [GC2015-09-03T13:21:20.989+0200: 597269,166: [ParNew: 288288K->10245K(314560K), 0,0146200 secs] 330416K->53321K(1013632K), 0,0147460 secs] [Times: user=0,08 sys=0,00, real=0,01 secs] 
2015-09-03T13:22:18.200+0200: 597326,377: [GC2015-09-03T13:22:18.200+0200: 597326,377: [ParNew: 289861K->7387K(314560K), 0,0115360 secs] 332937K->51389K(1013632K), 0,0116680 secs] [Times: user=0,08 sys=0,00, real=0,01 secs] 
2015-09-03T13:23:16.048+0200: 597384,224: [GC2015-09-03T13:23:16.048+0200: 597384,224: [ParNew: 287003K->9529K(314560K), 0,0086960 secs] 331005K->54468K(1013632K), 0,0087980 secs] [Times: user=0,07 sys=0,00, real=0,01 secs] 
2015-09-03T13:24:13.621+0200: 597441,798: [GC2015-09-03T13:24:13.621+0200: 597441,798: [ParNew: 289145K->9678K(314560K), 0,0124820 secs] 334084K->55640K(1013632K), 0,0125900 secs] [Times: user=0,08 sys=0,00, real=0,01 secs] 
2015-09-03T13:25:11.182+0200: 597499,358: [GC2015-09-03T13:25:11.182+0200: 597499,358: [ParNew: 289294K->9879K(314560K), 0,0109010 secs] 335256K->56869K(1013632K), 0,0109960 secs] [Times: user=0,08 sys=0,00, real=0,01 secs] 
2015-09-03T13:26:08.647+0200: 597556,824: [GC2015-09-03T13:26:08.647+0200: 597556,824: [ParNew: 289495K->8396K(314560K), 0,0106900 secs] 336485K->56319K(1013632K), 0,0108050 secs] [Times: user=0,08 sys=0,00, real=0,01 secs] 
2015-09-03T13:27:06.289+0200: 597614,465: [GC2015-09-03T13:27:06.289+0200: 597614,465: [ParNew: 288012K->8625K(314560K), 0,0120520 secs] 335935K->57479K(1013632K), 0,0121650 secs] [Times: user=0,06 sys=0,00, real=0,01 secs] 
2015-09-03T13:28:02.769+0200: 597670,945: [GC2015-09-03T13:28:02.769+0200: 597670,945: [ParNew: 288241K->10019K(314560K), 0,0111640 secs] 337095K->59799K(1013632K), 0,0112670 secs] [Times: user=0,07 sys=0,00, real=0,01 secs] 
2015-09-03T13:28:59.903+0200: 597728,079: [GC2015-09-03T13:28:59.903+0200: 597728,079: [ParNew: 289635K->7773K(314560K), 0,0116310 secs] 339415K->58504K(1013632K), 0,0117580 secs] [Times: user=0,09 sys=0,00, real=0,01 secs] 
2015-09-03T13:29:57.770+0200: 597785,947: [GC2015-09-03T13:29:57.771+0200: 597785,947: [ParNew: 287389K->8298K(314560K), 0,0107890 secs] 338120K->59958K(1013632K), 0,0108970 secs] [Times: user=0,09 sys=0,00, real=0,01 secs] 
2015-09-03T13:30:55.509+0200: 597843,686: [GC2015-09-03T13:30:55.509+0200: 597843,686: [ParNew: 287914K->7814K(314560K), 0,0089250 secs] 339574K->60408K(1013632K), 0,0090530 secs] [Times: user=0,07 sys=0,00, real=0,01 secs] 
2015-09-03T13:31:52.906+0200: 597901,083: [GC2015-09-03T13:31:52.906+0200: 597901,083: [ParNew: 287430K->6694K(314560K), 0,0109720 secs] 340024K->60242K(1013632K), 0,0111020 secs] [Times: user=0,08 sys=0,00, real=0,01 secs] 
2015-09-03T13:32:50.117+0200: 597958,293: [GC2015-09-03T13:32:50.117+0200: 597958,293: [ParNew: 286310K->6811K(314560K), 0,0095540 secs] 339858K->61380K(1013632K), 0,0096520 secs] [Times: user=0,06 sys=0,00, real=0,01 secs] 
2015-09-03T13:33:47.847+0200: 598016,023: [GC2015-09-03T13:33:47.847+0200: 598016,023: [ParNew: 286427K->5049K(314560K), 0,0078480 secs] 340996K->60614K(1013632K), 0,0079450 secs] [Times: user=0,07 sys=0,00, real=0,00 secs] 
2015-09-03T13:34:45.019+0200: 598073,195: [GC2015-09-03T13:34:45.019+0200: 598073,195: [ParNew: 284665K->6541K(314560K), 0,0075600 secs] 340230K->62606K(1013632K), 0,0076940 secs] [Times: user=0,05 sys=0,00, real=0,01 secs] 
2015-09-03T13:35:42.844+0200: 598131,021: [GC2015-09-03T13:35:42.845+0200: 598131,021: [ParNew: 286157K->6004K(314560K), 0,0138060 secs] 342222K->62553K(1013632K), 0,0139270 secs] [Times: user=0,08 sys=0,00, real=0,01 secs] 
2015-09-03T13:36:40.523+0200: 598188,699: [GC2015-09-03T13:36:40.523+0200: 598188,699: [ParNew: 285620K->7523K(314560K), 0,0097950 secs] 342169K->64656K(1013632K), 0,0099130 secs] [Times: user=0,06 sys=0,01, real=0,01 secs] 
2015-09-03T13:37:37.142+0200: 598245,318: [GC2015-09-03T13:37:37.142+0200: 598245,319: [ParNew: 287139K->8257K(314560K), 0,0080740 secs] 344272K->65894K(1013632K), 0,0082060 secs] [Times: user=0,07 sys=0,00, real=0,01 secs] 
2015-09-03T13:38:34.823+0200: 598302,999: [GC2015-09-03T13:38:34.823+0200: 598302,999: [ParNew: 287873K->8632K(314560K), 0,0115990 secs] 345510K->66821K(1013632K), 0,0117330 secs] [Times: user=0,06 sys=0,00, real=0,01 secs] 
2015-09-03T13:39:32.388+0200: 598360,564: [GC2015-09-03T13:39:32.388+0200: 598360,564: [ParNew: 288248K->8296K(314560K), 0,0053780 secs] 346437K->67125K(1013632K), 0,0054640 secs] [Times: user=0,05 sys=0,00, real=0,00 secs] 
2015-09-03T13:40:29.271+0200: 598417,447: [GC2015-09-03T13:40:29.271+0200: 598417,447: [ParNew: 287912K->8457K(314560K), 0,0106380 secs] 346741K->68199K(1013632K), 0,0107480 secs] [Times: user=0,08 sys=0,00, real=0,01 secs] 
2015-09-03T13:41:26.971+0200: 598475,148: [GC2015-09-03T13:41:26.971+0200: 598475,148: [ParNew: 288073K->7237K(314560K), 0,0111320 secs] 347815K->67971K(1013632K), 0,0112560 secs] [Times: user=0,09 sys=0,00, real=0,01 secs] 
2015-09-03T13:42:23.625+0200: 598531,802: [GC2015-09-03T13:42:23.625+0200: 598531,802: [ParNew: 286853K->6901K(314560K), 0,0093520 secs] 347587K->68635K(1013632K), 0,0095030 secs] [Times: user=0,06 sys=0,00, real=0,00 secs] 
2015-09-03T13:43:21.185+0200: 598589,362: [GC2015-09-03T13:43:21.185+0200: 598589,362: [ParNew: 286517K->7062K(314560K), 0,0101250 secs] 348251K->69715K(1013632K), 0,0102340 secs] [Times: user=0,06 sys=0,00, real=0,00 secs] 
2015-09-03T13:44:18.746+0200: 598646,922: [GC2015-09-03T13:44:18.746+0200: 598646,923: [ParNew: 286678K->5325K(314560K), 0,0084220 secs] 349331K->68716K(1013632K), 0,0085390 secs] [Times: user=0,07 sys=0,00, real=0,00 secs] 
2015-09-03T13:45:16.007+0200: 598704,184: [GC2015-09-03T13:45:16.007+0200: 598704,184: [ParNew: 284941K->6474K(314560K), 0,0212460 secs] 348332K->70366K(1013632K), 0,0213450 secs] [Times: user=0,10 sys=0,00, real=0,02 secs] 
2015-09-03T13:46:13.862+0200: 598762,039: [GC2015-09-03T13:46:13.862+0200: 598762,039: [ParNew: 286090K->6365K(314560K), 0,0118570 secs] 349982K->71251K(1013632K), 0,0119720 secs] [Times: user=0,08 sys=0,00, real=0,01 secs] 
2015-09-03T13:47:11.419+0200: 598819,595: [GC2015-09-03T13:47:11.419+0200: 598819,596: [ParNew: 285981K->7100K(314560K), 0,0083590 secs] 350867K->72492K(1013632K), 0,0084760 secs] [Times: user=0,06 sys=0,00, real=0,01 secs] 
2015-09-03T13:48:08.467+0200: 598876,644: [GC2015-09-03T13:48:08.467+0200: 598876,644: [ParNew: 286716K->7759K(314560K), 0,0100450 secs] 352108K->73674K(1013632K), 0,0101840 secs] [Times: user=0,08 sys=0,00, real=0,01 secs] 
2015-09-03T13:49:05.657+0200: 598933,833: [GC2015-09-03T13:49:05.657+0200: 598933,833: [ParNew: 287375K->9164K(314560K), 0,0108350 secs] 353290K->75720K(1013632K), 0,0109630 secs] [Times: user=0,07 sys=0,00, real=0,01 secs] 
2015-09-03T13:50:02.844+0200: 598991,021: [GC2015-09-03T13:50:02.844+0200: 598991,021: [ParNew: 288780K->8420K(314560K), 0,0168070 secs] 355336K->75732K(1013632K), 0,0168870 secs] [Times: user=0,06 sys=0,00, real=0,01 secs] 
2015-09-03T13:51:00.629+0200: 599048,806: [GC2015-09-03T13:51:00.630+0200: 599048,806: [ParNew: 288036K->8097K(314560K), 0,0112290 secs] 355348K->76309K(1013632K), 0,0113440 secs] [Times: user=0,07 sys=0,00, real=0,01 secs] 
2015-09-03T13:51:57.788+0200: 599105,965: [GC2015-09-03T13:51:57.789+0200: 599105,965: [ParNew: 287713K->9114K(314560K), 0,0109250 secs] 355925K->78231K(1013632K), 0,0110420 secs] [Times: user=0,08 sys=0,00, real=0,01 secs] 
2015-09-03T13:52:54.738+0200: 599162,914: [GC2015-09-03T13:52:54.738+0200: 599162,914: [ParNew: 288730K->8412K(314560K), 0,0102870 secs] 357847K->78451K(1013632K), 0,0104020 secs] [Times: user=0,07 sys=0,00, real=0,01 secs] 
2015-09-03T13:53:52.198+0200: 599220,375: [GC2015-09-03T13:53:52.198+0200: 599220,375: [ParNew: 288028K->8480K(314560K), 0,0114410 secs] 358067K->79442K(1013632K), 0,0115760 secs] [Times: user=0,08 sys=0,00, real=0,01 secs] 
2015-09-03T13:54:49.847+0200: 599278,023: [GC2015-09-03T13:54:49.847+0200: 599278,023: [ParNew: 288096K->9317K(314560K), 0,0106890 secs] 359058K->81182K(1013632K), 0,0108100 secs] [Times: user=0,09 sys=0,00, real=0,01 secs] 
2015-09-03T13:55:47.407+0200: 599335,584: [GC2015-09-03T13:55:47.407+0200: 599335,584: [ParNew: 288933K->8024K(314560K), 0,0112860 secs] 360798K->80801K(1013632K), 0,0114100 secs] [Times: user=0,08 sys=0,00, real=0,01 secs] 
2015-09-03T13:56:44.968+0200: 599393,145: [GC2015-09-03T13:56:44.968+0200: 599393,145: [ParNew: 287640K->10384K(314560K), 0,0123960 secs] 360417K->84098K(1013632K), 0,0125050 secs] [Times: user=0,09 sys=0,00, real=0,01 secs] 
2015-09-03T13:57:42.532+0200: 599450,709: [GC2015-09-03T13:57:42.532+0200: 599450,709: [ParNew: 290000K->7981K(314560K), 0,0109730 secs] 363714K->82695K(1013632K), 0,0110890 secs] [Times: user=0,09 sys=0,00, real=0,01 secs] 
2015-09-03T13:58:40.077+0200: 599508,253: [GC2015-09-03T13:58:40.077+0200: 599508,253: [ParNew: 287597K->8939K(314560K), 0,0111040 secs] 362311K->84639K(1013632K), 0,0112270 secs] [Times: user=0,06 sys=0,01, real=0,01 secs] 
2015-09-03T13:59:37.639+0200: 599565,815: [GC2015-09-03T13:59:37.639+0200: 599565,815: [ParNew: 288555K->8214K(314560K), 0,0110200 secs] 364255K->84846K(1013632K), 0,0111480 secs] [Times: user=0,09 sys=0,00, real=0,01 secs] 
2015-09-03T14:00:35.196+0200: 599623,373: [GC2015-09-03T14:00:35.196+0200: 599623,373: [ParNew: 287830K->8606K(314560K), 0,0108110 secs] 364462K->86168K(1013632K), 0,0109260 secs] [Times: user=0,08 sys=0,00, real=0,01 secs] 
2015-09-03T14:01:32.753+0200: 599680,930: [GC2015-09-03T14:01:32.753+0200: 599680,930: [ParNew: 288222K->9334K(314560K), 0,0113290 secs] 365784K->87822K(1013632K), 0,0114410 secs] [Times: user=0,09 sys=0,00, real=0,02 secs] 
2015-09-03T14:02:30.256+0200: 599738,433: [GC2015-09-03T14:02:30.256+0200: 599738,433: [ParNew: 288950K->9429K(314560K), 0,0116390 secs] 367438K->88864K(1013632K), 0,0117720 secs] [Times: user=0,07 sys=0,00, real=0,02 secs] 
2015-09-03T14:03:27.844+0200: 599796,021: [GC2015-09-03T14:03:27.844+0200: 599796,021: [ParNew: 289045K->8079K(314560K), 0,0105010 secs] 368480K->88450K(1013632K), 0,0106180 secs] [Times: user=0,08 sys=0,00, real=0,00 secs] 
2015-09-03T14:04:25.407+0200: 599853,584: [GC2015-09-03T14:04:25.407+0200: 599853,584: [ParNew: 287695K->8919K(314560K), 0,0113840 secs] 368066K->90240K(1013632K), 0,0115080 secs] [Times: user=0,10 sys=0,00, real=0,01 secs] 
2015-09-03T14:05:22.625+0200: 599910,802: [GC2015-09-03T14:05:22.625+0200: 599910,802: [ParNew: 288535K->9005K(314560K), 0,0113730 secs] 369856K->91287K(1013632K), 0,0115090 secs] [Times: user=0,08 sys=0,00, real=0,01 secs] 
2015-09-03T14:06:20.019+0200: 599968,195: [GC2015-09-03T14:06:20.019+0200: 599968,195: [ParNew: 288621K->8337K(314560K), 0,0198900 secs] 370903K->91639K(1013632K), 0,0200170 secs] [Times: user=0,12 sys=0,00, real=0,02 secs] 
2015-09-03T14:07:17.589+0200: 600025,765: [GC2015-09-03T14:07:17.589+0200: 600025,765: [ParNew: 287953K->9859K(314560K), 0,0105330 secs] 371255K->94167K(1013632K), 0,0106420 secs] [Times: user=0,08 sys=0,00, real=0,01 secs] 
2015-09-03T14:08:15.352+0200: 600083,528: [GC2015-09-03T14:08:15.352+0200: 600083,528: [ParNew: 289475K->8354K(314560K), 0,0110970 secs] 373783K->93605K(1013632K), 0,0112450 secs] [Times: user=0,09 sys=0,00, real=0,01 secs] 
2015-09-03T14:09:13.105+0200: 600141,281: [GC2015-09-03T14:09:13.105+0200: 600141,281: [ParNew: 287970K->9332K(314560K), 0,0105960 secs] 373221K->95504K(1013632K), 0,0107250 secs] [Times: user=0,08 sys=0,00, real=0,00 secs] 
2015-09-03T14:10:10.608+0200: 600198,784: [GC2015-09-03T14:10:10.608+0200: 600198,784: [ParNew: 288948K->8603K(314560K), 0,0102990 secs] 375120K->95694K(1013632K), 0,0104260 secs] [Times: user=0,10 sys=0,00, real=0,01 secs] 
2015-09-03T14:11:07.296+0200: 600255,472: [GC2015-09-03T14:11:07.296+0200: 600255,472: [ParNew: 288219K->10887K(314560K), 0,0109130 secs] 375310K->98916K(1013632K), 0,0110190 secs] [Times: user=0,10 sys=0,00, real=0,02 secs] 
2015-09-03T14:12:04.347+0200: 600312,524: [GC2015-09-03T14:12:04.348+0200: 600312,524: [ParNew: 290503K->7782K(314560K), 0,0109420 secs] 378532K->96730K(1013632K), 0,0110730 secs] [Times: user=0,10 sys=0,00, real=0,01 secs] 
2015-09-03T14:13:02.239+0200: 600370,416: [GC2015-09-03T14:13:02.240+0200: 600370,416: [ParNew: 287398K->10129K(314560K), 0,0107720 secs] 376346K->100006K(1013632K), 0,0108750 secs] [Times: user=0,09 sys=0,00, real=0,01 secs] 
2015-09-03T14:13:59.962+0200: 600428,139: [GC2015-09-03T14:13:59.962+0200: 600428,139: [ParNew: 289745K->8160K(314560K), 0,0106960 secs] 379622K->99035K(1013632K), 0,0108210 secs] [Times: user=0,08 sys=0,00, real=0,01 secs] 
2015-09-03T14:14:57.520+0200: 600485,697: [GC2015-09-03T14:14:57.520+0200: 600485,697: [ParNew: 287776K->9578K(314560K), 0,0108000 secs] 378651K->101478K(1013632K), 0,0109210 secs] [Times: user=0,08 sys=0,00, real=0,01 secs] 
2015-09-03T14:15:55.081+0200: 600543,257: [GC2015-09-03T14:15:55.081+0200: 600543,257: [ParNew: 289194K->7412K(314560K), 0,0095010 secs] 381094K->100247K(1013632K), 0,0096130 secs] [Times: user=0,07 sys=0,00, real=0,01 secs] 
2015-09-03T14:16:52.844+0200: 600601,021: [GC2015-09-03T14:16:52.844+0200: 600601,021: [ParNew: 287028K->8504K(314560K), 0,0102080 secs] 379863K->102260K(1013632K), 0,0103200 secs] [Times: user=0,08 sys=0,00, real=0,00 secs] 
2015-09-03T14:17:49.561+0200: 600657,737: [GC2015-09-03T14:17:49.561+0200: 600657,737: [ParNew: 288120K->9218K(314560K), 0,0103690 secs] 381876K->103895K(1013632K), 0,0104880 secs] [Times: user=0,08 sys=0,00, real=0,01 secs] 
2015-09-03T14:18:47.238+0200: 600715,414: [GC2015-09-03T14:18:47.238+0200: 600715,414: [ParNew: 288834K->9313K(314560K), 0,0099510 secs] 383511K->104924K(1013632K), 0,0100710 secs] [Times: user=0,08 sys=0,00, real=0,01 secs] 
2015-09-03T14:19:44.796+0200: 600772,973: [GC2015-09-03T14:19:44.796+0200: 600772,973: [ParNew: 288929K->8702K(314560K), 0,0111260 secs] 384540K->105244K(1013632K), 0,0112400 secs] [Times: user=0,07 sys=0,00, real=0,01 secs] 
2015-09-03T14:20:42.638+0200: 600830,815: [GC2015-09-03T14:20:42.639+0200: 600830,815: [ParNew: 288318K->8809K(314560K), 0,0099740 secs] 384860K->106282K(1013632K), 0,0100670 secs] [Times: user=0,07 sys=0,00, real=0,01 secs] 
2015-09-03T14:21:40.401+0200: 600888,578: [GC2015-09-03T14:21:40.401+0200: 600888,578: [ParNew: 288425K->9681K(314560K), 0,0131530 secs] 385898K->108090K(1013632K), 0,0132730 secs] [Times: user=0,10 sys=0,00, real=0,01 secs] 
2015-09-03T14:22:37.844+0200: 600946,021: [GC2015-09-03T14:22:37.844+0200: 600946,021: [ParNew: 289297K->7545K(314560K), 0,0108480 secs] 387706K->106970K(1013632K), 0,0109640 secs] [Times: user=0,08 sys=0,00, real=0,00 secs] 
2015-09-03T14:23:35.510+0200: 601003,686: [GC2015-09-03T14:23:35.510+0200: 601003,686: [ParNew: 287161K->8333K(314560K), 0,0136790 secs] 386586K->108760K(1013632K), 0,0138060 secs] [Times: user=0,11 sys=0,00, real=0,01 secs] 
2015-09-03T14:24:33.141+0200: 601061,317: [GC2015-09-03T14:24:33.141+0200: 601061,317: [ParNew: 287949K->6846K(314560K), 0,0107700 secs] 388376K->108195K(1013632K), 0,0108830 secs] [Times: user=0,08 sys=0,00, real=0,01 secs] 
2015-09-03T14:25:30.974+0200: 601119,151: [GC2015-09-03T14:25:30.975+0200: 601119,151: [ParNew: 286462K->7193K(314560K), 0,0117770 secs] 387811K->109463K(1013632K), 0,0119080 secs] [Times: user=0,08 sys=0,00, real=0,02 secs] 
2015-09-03T14:26:27.808+0200: 601175,985: [GC2015-09-03T14:26:27.808+0200: 601175,985: [ParNew: 286809K->9355K(314560K), 0,0176250 secs] 389079K->112561K(1013632K), 0,0177160 secs] [Times: user=0,07 sys=0,00, real=0,02 secs] 
2015-09-03T14:27:25.318+0200: 601233,495: [GC2015-09-03T14:27:25.318+0200: 601233,495: [ParNew: 288971K->9442K(314560K), 0,0130600 secs] 392177K->113574K(1013632K), 0,0132000 secs] [Times: user=0,09 sys=0,00, real=0,01 secs] 
2015-09-03T14:28:22.778+0200: 601290,955: [GC2015-09-03T14:28:22.778+0200: 601290,955: [ParNew: 289058K->10050K(314560K), 0,0122690 secs] 393190K->115119K(1013632K), 0,0123890 secs] [Times: user=0,09 sys=0,00, real=0,01 secs] 
2015-09-03T14:29:20.341+0200: 601348,518: [GC2015-09-03T14:29:20.341+0200: 601348,518: [ParNew: 289666K->8746K(314560K), 0,0100230 secs] 394735K->114753K(1013632K), 0,0101270 secs] [Times: user=0,07 sys=0,00, real=0,01 secs] 
2015-09-03T14:30:17.847+0200: 601406,023: [GC2015-09-03T14:30:17.847+0200: 601406,023: [ParNew: 288362K->7615K(314560K), 0,0101930 secs] 394369K->114601K(1013632K), 0,0103100 secs] [Times: user=0,07 sys=0,00, real=0,01 secs] 
2015-09-03T14:31:15.448+0200: 601463,625: [GC2015-09-03T14:31:15.448+0200: 601463,625: [ParNew: 287231K->8616K(314560K), 0,0129370 secs] 394217K->116639K(1013632K), 0,0130500 secs] [Times: user=0,09 sys=0,00, real=0,01 secs] 
2015-09-03T15:53:48.105+0200: 606416,282: [GC2015-09-03T15:53:48.105+0200: 606416,282: [ParNew: 288227K->6951K(314560K), 0,0093720 secs] 396250K->115894K(1013632K), 0,0094950 secs] [Times: user=0,06 sys=0,00, real=0,00 secs] 
2015-09-03T18:19:42.709+0200: 615170,886: [GC2015-09-03T18:19:42.709+0200: 615170,886: [ParNew: 286567K->4729K(314560K), 0,0122370 secs] 395510K->114632K(1013632K), 0,0123550 secs] [Times: user=0,06 sys=0,00, real=0,01 secs] 
2015-09-03T20:44:22.625+0200: 623850,801: [GC2015-09-03T20:44:22.625+0200: 623850,802: [ParNew: 284345K->5286K(314560K), 0,0092980 secs] 394248K->115785K(1013632K), 0,0094110 secs] [Times: user=0,06 sys=0,00, real=0,00 secs] 
2015-09-03T23:10:53.105+0200: 632641,281: [GC2015-09-03T23:10:53.105+0200: 632641,282: [ParNew: 284902K->3527K(314560K), 0,0079210 secs] 395401K->114459K(1013632K), 0,0080350 secs] [Times: user=0,04 sys=0,00, real=0,00 secs] 
2015-09-04T01:36:08.105+0200: 641356,281: [GC2015-09-04T01:36:08.105+0200: 641356,282: [ParNew: 283143K->2869K(314560K), 0,0055470 secs] 394075K->114256K(1013632K), 0,0056530 secs] [Times: user=0,04 sys=0,00, real=0,00 secs] 
2015-09-04T04:01:33.105+0200: 650081,282: [GC2015-09-04T04:01:33.105+0200: 650081,282: [ParNew: 282485K->2864K(314560K), 0,0065160 secs] 393872K->114690K(1013632K), 0,0066340 secs] [Times: user=0,03 sys=0,00, real=0,00 secs] 
2015-09-04T06:27:18.105+0200: 658826,282: [GC2015-09-04T06:27:18.105+0200: 658826,282: [ParNew: 282480K->2312K(314560K), 0,0049060 secs] 394306K->114332K(1013632K), 0,0050230 secs] [Times: user=0,04 sys=0,00, real=0,00 secs] 
2015-09-04T08:53:18.105+0200: 667586,281: [GC2015-09-04T08:53:18.105+0200: 667586,282: [ParNew: 281920K->1734K(314560K), 0,0034280 secs] 393939K->113774K(1013632K), 0,0035150 secs] [Times: user=0,00 sys=0,01, real=0,00 secs] 
2015-09-04T11:19:34.930+0200: 676363,106: [GC2015-09-04T11:19:34.930+0200: 676363,106: [ParNew: 281350K->2489K(314560K), 0,0037840 secs] 393390K->114529K(1013632K), 0,0038810 secs] [Times: user=0,03 sys=0,00, real=0,00 secs] 
2015-09-04T13:45:08.082+0200: 685096,259: [GC2015-09-04T13:45:08.083+0200: 685096,259: [ParNew: 282105K->1939K(314560K), 0,0042250 secs] 394145K->113979K(1013632K), 0,0043880 secs] [Times: user=0,02 sys=0,00, real=0,01 secs] 
2015-09-04T16:11:41.522+0200: 693889,698: [GC2015-09-04T16:11:41.522+0200: 693889,698: [ParNew: 281555K->2238K(314560K), 0,0052050 secs] 393595K->114278K(1013632K), 0,0053230 secs] [Times: user=0,02 sys=0,00, real=0,01 secs] 
2015-09-04T18:36:33.105+0200: 702581,282: [GC2015-09-04T18:36:33.105+0200: 702581,282: [ParNew: 281854K->1801K(314560K), 0,0050760 secs] 393894K->113841K(1013632K), 0,0052030 secs] [Times: user=0,02 sys=0,00, real=0,00 secs] 
2015-09-04T21:02:17.702+0200: 711325,878: [GC2015-09-04T21:02:17.702+0200: 711325,878: [ParNew: 281417K->2489K(314560K), 0,0048080 secs] 393457K->114529K(1013632K), 0,0049350 secs] [Times: user=0,02 sys=0,00, real=0,01 secs] 
2015-09-04T23:28:08.105+0200: 720076,281: [GC2015-09-04T23:28:08.105+0200: 720076,281: [ParNew: 282105K->1721K(314560K), 0,0151330 secs] 394145K->113761K(1013632K), 0,0152360 secs] [Times: user=0,02 sys=0,00, real=0,01 secs] 
2015-09-05T01:54:38.105+0200: 728866,281: [GC2015-09-05T01:54:38.105+0200: 728866,281: [ParNew: 281337K->2581K(314560K), 0,0041320 secs] 393377K->114621K(1013632K), 0,0042480 secs] [Times: user=0,02 sys=0,01, real=0,00 secs] 
2015-09-05T04:21:10.040+0200: 737658,216: [GC2015-09-05T04:21:10.040+0200: 737658,216: [ParNew: 282197K->2100K(314560K), 0,0042820 secs] 394237K->114140K(1013632K), 0,0043760 secs] [Times: user=0,02 sys=0,00, real=0,00 secs] 
2015-09-05T06:46:18.105+0200: 746366,281: [GC2015-09-05T06:46:18.105+0200: 746366,282: [ParNew: 281716K->2477K(314560K), 0,0057250 secs] 393756K->114517K(1013632K), 0,0058420 secs] [Times: user=0,02 sys=0,00, real=0,00 secs] 
2015-09-05T09:12:49.978+0200: 755158,155: [GC2015-09-05T09:12:49.978+0200: 755158,155: [ParNew: 282093K->2298K(314560K), 0,0043310 secs] 394133K->114338K(1013632K), 0,0044470 secs] [Times: user=0,02 sys=0,00, real=0,00 secs] 
2015-09-05T11:37:43.105+0200: 763851,281: [GC2015-09-05T11:37:43.105+0200: 763851,282: [ParNew: 281914K->2029K(314560K), 0,0043270 secs] 393954K->114069K(1013632K), 0,0044420 secs] [Times: user=0,01 sys=0,01, real=0,00 secs] 
2015-09-05T14:04:09.586+0200: 772637,762: [GC2015-09-05T14:04:09.586+0200: 772637,762: [ParNew: 281645K->1818K(314560K), 0,0045530 secs] 393685K->113859K(1013632K), 0,0046730 secs] [Times: user=0,02 sys=0,00, real=0,00 secs] 
2015-09-05T16:29:13.105+0200: 781341,281: [GC2015-09-05T16:29:13.105+0200: 781341,281: [ParNew: 281434K->1959K(314560K), 0,0059870 secs] 393475K->114000K(1013632K), 0,0061030 secs] [Times: user=0,02 sys=0,00, real=0,00 secs] 
2015-09-05T18:55:45.254+0200: 790133,431: [GC2015-09-05T18:55:45.254+0200: 790133,431: [ParNew: 281575K->1899K(314560K), 0,0043740 secs] 393616K->113940K(1013632K), 0,0044890 secs] [Times: user=0,02 sys=0,00, real=0,01 secs] 
2015-09-05T21:22:13.105+0200: 798921,282: [GC2015-09-05T21:22:13.105+0200: 798921,282: [ParNew: 281515K->2409K(314560K), 0,0048930 secs] 393556K->114449K(1013632K), 0,0050040 secs] [Times: user=0,02 sys=0,00, real=0,00 secs] 
2015-09-05T23:46:45.115+0200: 807593,292: [GC2015-09-05T23:46:45.115+0200: 807593,292: [ParNew: 282025K->1820K(314560K), 0,0042330 secs] 394065K->113860K(1013632K), 0,0043480 secs] [Times: user=0,02 sys=0,00, real=0,01 secs] 
2015-09-06T02:13:17.145+0200: 816385,321: [GC2015-09-06T02:13:17.145+0200: 816385,321: [ParNew: 281436K->2353K(314560K), 0,0066620 secs] 393476K->114394K(1013632K), 0,0067950 secs] [Times: user=0,02 sys=0,01, real=0,00 secs] 
2015-09-06T04:37:53.105+0200: 825061,281: [GC2015-09-06T04:37:53.105+0200: 825061,282: [ParNew: 281969K->2610K(314560K), 0,0053420 secs] 394010K->114650K(1013632K), 0,0054540 secs] [Times: user=0,02 sys=0,00, real=0,00 secs] 
2015-09-06T07:04:25.242+0200: 833853,418: [GC2015-09-06T07:04:25.242+0200: 833853,418: [ParNew: 282226K->2620K(314560K), 0,0058870 secs] 394266K->114660K(1013632K), 0,0060170 secs] [Times: user=0,03 sys=0,00, real=0,01 secs] 
2015-09-06T09:29:18.105+0200: 842546,281: [GC2015-09-06T09:29:18.105+0200: 842546,282: [ParNew: 282236K->3110K(314560K), 0,0046160 secs] 394276K->115151K(1013632K), 0,0047330 secs] [Times: user=0,01 sys=0,01, real=0,00 secs] 
2015-09-06T11:55:48.105+0200: 851336,281: [GC2015-09-06T11:55:48.105+0200: 851336,282: [ParNew: 282726K->2228K(314560K), 0,0046110 secs] 394767K->114269K(1013632K), 0,0047200 secs] [Times: user=0,01 sys=0,01, real=0,00 secs] 
2015-09-06T14:22:18.105+0200: 860126,281: [GC2015-09-06T14:22:18.105+0200: 860126,282: [ParNew: 281844K->1837K(314560K), 0,0038840 secs] 393885K->113878K(1013632K), 0,0039770 secs] [Times: user=0,01 sys=0,00, real=0,00 secs] 
2015-09-06T16:46:57.811+0200: 868805,987: [GC2015-09-06T16:46:57.811+0200: 868805,987: [ParNew: 281453K->2273K(314560K), 0,0048210 secs] 393494K->114314K(1013632K), 0,0049360 secs] [Times: user=0,02 sys=0,00, real=0,00 secs] 
2015-09-06T19:13:29.899+0200: 877598,075: [GC2015-09-06T19:13:29.899+0200: 877598,075: [ParNew: 281889K->1848K(314560K), 0,0043260 secs] 393930K->113889K(1013632K), 0,0044330 secs] [Times: user=0,03 sys=0,00, real=0,00 secs] 
2015-09-06T21:38:08.105+0200: 886276,281: [GC2015-09-06T21:38:08.105+0200: 886276,281: [ParNew: 281464K->2287K(314560K), 0,0038700 secs] 393505K->114328K(1013632K), 0,0039700 secs] [Times: user=0,02 sys=0,00, real=0,00 secs] 
2015-09-07T00:04:38.105+0200: 895066,281: [GC2015-09-07T00:04:38.105+0200: 895066,282: [ParNew: 281903K->2536K(314560K), 0,0046660 secs] 393944K->114577K(1013632K), 0,0047780 secs] [Times: user=0,00 sys=0,02, real=0,00 secs] 
2015-09-07T02:29:38.105+0200: 903766,281: [GC2015-09-07T02:29:38.105+0200: 903766,282: [ParNew: 282152K->1988K(314560K), 0,0045200 secs] 394193K->114030K(1013632K), 0,0046290 secs] [Times: user=0,02 sys=0,01, real=0,00 secs] 
2015-09-07T04:56:10.198+0200: 912558,375: [GC2015-09-07T04:56:10.198+0200: 912558,375: [ParNew: 281604K->2575K(314560K), 0,0052290 secs] 393646K->114618K(1013632K), 0,0053400 secs] [Times: user=0,02 sys=0,00, real=0,00 secs] 
2015-09-07T07:22:42.063+0200: 921350,239: [GC2015-09-07T07:22:42.063+0200: 921350,239: [ParNew: 282191K->2394K(314560K), 0,0045200 secs] 394234K->114437K(1013632K), 0,0046240 secs] [Times: user=0,02 sys=0,00, real=0,01 secs] 
2015-09-07T09:47:24.449+0200: 930032,626: [GC2015-09-07T09:47:24.449+0200: 930032,626: [ParNew: 282010K->2535K(314560K), 0,0057970 secs] 394053K->114577K(1013632K), 0,0059090 secs] [Times: user=0,02 sys=0,00, real=0,00 secs] 
2015-09-07T12:13:52.709+0200: 938820,886: [GC2015-09-07T12:13:52.763+0200: 938820,939: [ParNew: 282151K->3159K(314560K), 1,5636990 secs] 394193K->115202K(1013632K), 1,6174010 secs] [Times: user=0,56 sys=0,00, real=1,62 secs] 
2015-09-07T14:38:22.625+0200: 947490,802: [GC2015-09-07T14:38:22.625+0200: 947490,802: [ParNew: 282775K->2292K(314560K), 0,0048710 secs] 394818K->114334K(1013632K), 0,0049900 secs] [Times: user=0,03 sys=0,00, real=0,00 secs] 
2015-09-07T16:22:27.585+0200: 953735,761: [GC2015-09-07T16:22:27.585+0200: 953735,762: [ParNew: 281908K->2711K(314560K), 0,0092940 secs] 393950K->114754K(1013632K), 0,0094390 secs] [Times: user=0,02 sys=0,01, real=0,00 secs] 
2015-09-07T16:23:24.716+0200: 953792,892: [GC2015-09-07T16:23:24.716+0200: 953792,892: [ParNew: 282327K->2704K(314560K), 0,0273320 secs] 394370K->114747K(1013632K), 0,0274090 secs] [Times: user=0,16 sys=0,00, real=0,03 secs] 
2015-09-07T16:24:22.530+0200: 953850,706: [GC2015-09-07T16:24:22.530+0200: 953850,707: [ParNew: 282320K->3079K(314560K), 0,0282930 secs] 394363K->115122K(1013632K), 0,0283980 secs] [Times: user=0,18 sys=0,00, real=0,03 secs] 
2015-09-07T16:25:19.880+0200: 953908,056: [GC2015-09-07T16:25:19.880+0200: 953908,056: [ParNew: 282695K->2997K(314560K), 0,0041020 secs] 394738K->115041K(1013632K), 0,0042190 secs] [Times: user=0,03 sys=0,00, real=0,00 secs] 
2015-09-07T16:26:17.322+0200: 953965,498: [GC2015-09-07T16:26:17.322+0200: 953965,498: [ParNew: 282613K->2649K(314560K), 0,0262220 secs] 394657K->114693K(1013632K), 0,0263290 secs] [Times: user=0,19 sys=0,00, real=0,03 secs] 
2015-09-07T16:27:14.869+0200: 954023,046: [GC2015-09-07T16:27:14.869+0200: 954023,046: [ParNew: 282265K->3265K(314560K), 0,0361890 secs] 394309K->115309K(1013632K), 0,0363020 secs] [Times: user=0,23 sys=0,00, real=0,04 secs] 
2015-09-07T16:28:12.832+0200: 954081,009: [GC2015-09-07T16:28:12.832+0200: 954081,009: [ParNew: 282881K->3404K(314560K), 0,2021700 secs] 394925K->116040K(1013632K), 0,2022790 secs] [Times: user=0,32 sys=0,00, real=0,20 secs] 
2015-09-07T16:29:09.185+0200: 954137,361: [GC2015-09-07T16:29:09.185+0200: 954137,361: [ParNew: 283020K->2127K(314560K), 0,0027910 secs] 395656K->114771K(1013632K), 0,0028800 secs] [Times: user=0,01 sys=0,01, real=0,00 secs] 
2015-09-07T16:30:05.663+0200: 954193,840: [GC2015-09-07T16:30:05.663+0200: 954193,840: [ParNew: 281743K->1978K(314560K), 0,0181380 secs] 394387K->114630K(1013632K), 0,0182240 secs] [Times: user=0,14 sys=0,00, real=0,02 secs] 
2015-09-07T16:31:01.712+0200: 954249,889: [GC2015-09-07T16:31:01.712+0200: 954249,889: [ParNew: 281594K->2614K(314560K), 0,0038980 secs] 394246K->115278K(1013632K), 0,0040320 secs] [Times: user=0,02 sys=0,00, real=0,00 secs] 
2015-09-07T16:31:59.179+0200: 954307,355: [GC2015-09-07T16:31:59.179+0200: 954307,356: [ParNew: 282230K->3327K(314560K), 0,0052740 secs] 394894K->116010K(1013632K), 0,0054130 secs] [Times: user=0,03 sys=0,00, real=0,01 secs] 
2015-09-07T16:32:55.767+0200: 954363,943: [GC2015-09-07T16:32:55.767+0200: 954363,943: [ParNew: 282943K->4600K(314560K), 0,0058410 secs] 395626K->117322K(1013632K), 0,0059600 secs] [Times: user=0,03 sys=0,00, real=0,00 secs] 
2015-09-07T16:33:52.230+0200: 954420,406: [GC2015-09-07T16:33:52.230+0200: 954420,406: [ParNew: 284216K->5143K(314560K), 0,0206550 secs] 396938K->118075K(1013632K), 0,0207620 secs] [Times: user=0,13 sys=0,00, real=0,02 secs] 
2015-09-07T16:34:48.869+0200: 954477,046: [GC2015-09-07T16:34:48.869+0200: 954477,046: [ParNew: 284759K->5748K(314560K), 0,0568670 secs] 397691K->118984K(1013632K), 0,0569790 secs] [Times: user=0,08 sys=0,00, real=0,06 secs] 
2015-09-07T16:35:44.971+0200: 954533,148: [GC2015-09-07T16:35:44.971+0200: 954533,148: [ParNew: 285364K->6189K(314560K), 0,0303240 secs] 398600K->119910K(1013632K), 0,0304320 secs] [Times: user=0,21 sys=0,00, real=0,03 secs] 
2015-09-07T16:36:41.631+0200: 954589,808: [GC2015-09-07T16:36:41.631+0200: 954589,808: [ParNew: 285805K->8039K(314560K), 0,0670320 secs] 399526K->122300K(1013632K), 0,0671780 secs] [Times: user=0,30 sys=0,00, real=0,07 secs] 
2015-09-07T16:37:37.720+0200: 954645,897: [GC2015-09-07T16:37:37.720+0200: 954645,897: [ParNew: 287655K->8281K(314560K), 0,0637940 secs] 401916K->123117K(1013632K), 0,0638860 secs] [Times: user=0,38 sys=0,00, real=0,06 secs] 
2015-09-07T16:38:33.809+0200: 954701,986: [GC2015-09-07T16:38:33.810+0200: 954701,986: [ParNew: 287897K->7803K(314560K), 0,0818430 secs] 402733K->123165K(1013632K), 0,0819510 secs] [Times: user=0,21 sys=0,00, real=0,08 secs] 
2015-09-07T16:39:30.113+0200: 954758,290: [GC2015-09-07T16:39:30.113+0200: 954758,290: [ParNew: 287419K->8734K(314560K), 0,0230900 secs] 402781K->124723K(1013632K), 0,0232120 secs] [Times: user=0,14 sys=0,00, real=0,03 secs] 
2015-09-07T16:40:26.958+0200: 954815,135: [GC2015-09-07T16:40:26.958+0200: 954815,135: [ParNew: 288350K->10034K(314560K), 0,1007840 secs] 404339K->126873K(1013632K), 0,1008910 secs] [Times: user=0,46 sys=0,00, real=0,10 secs] 
2015-09-07T16:41:23.101+0200: 954871,278: [GC2015-09-07T16:41:23.101+0200: 954871,278: [ParNew: 289650K->7405K(314560K), 0,0458100 secs] 406489K->125129K(1013632K), 0,0459010 secs] [Times: user=0,25 sys=0,00, real=0,05 secs] 
2015-09-07T16:42:19.187+0200: 954927,363: [GC2015-09-07T16:42:19.187+0200: 954927,363: [ParNew: 287021K->9830K(314560K), 0,1159880 secs] 404745K->128450K(1013632K), 0,1160950 secs] [Times: user=0,34 sys=0,00, real=0,11 secs] 
2015-09-07T16:43:15.339+0200: 954983,515: [GC2015-09-07T16:43:15.339+0200: 954983,515: [ParNew: 289446K->9346K(314560K), 0,0502040 secs] 408066K->128938K(1013632K), 0,0503410 secs] [Times: user=0,16 sys=0,00, real=0,05 secs] 
2015-09-07T16:44:11.423+0200: 955039,600: [GC2015-09-07T16:44:11.423+0200: 955039,600: [ParNew: 288962K->10317K(314560K), 0,0978200 secs] 408554K->130890K(1013632K), 0,0979420 secs] [Times: user=0,38 sys=0,00, real=0,10 secs] 
2015-09-07T16:45:07.568+0200: 955095,744: [GC2015-09-07T16:45:07.568+0200: 955095,744: [ParNew: 289933K->7883K(314560K), 0,0442650 secs] 410506K->129364K(1013632K), 0,0443760 secs] [Times: user=0,29 sys=0,00, real=0,04 secs] 
2015-09-07T16:46:04.389+0200: 955152,566: [GC2015-09-07T16:46:04.389+0200: 955152,566: [ParNew: 287499K->10075K(314560K), 0,0914660 secs] 408980K->132466K(1013632K), 0,0916000 secs] [Times: user=0,32 sys=0,00, real=0,09 secs] 
2015-09-07T16:47:01.217+0200: 955209,394: [GC2015-09-07T16:47:01.217+0200: 955209,394: [ParNew: 289691K->7531K(314560K), 0,0397340 secs] 412082K->130830K(1013632K), 0,0398460 secs] [Times: user=0,26 sys=0,00, real=0,04 secs] 
2015-09-07T16:47:56.796+0200: 955264,973: [GC2015-09-07T16:47:56.796+0200: 955264,973: [ParNew: 287147K->10175K(314560K), 0,0983180 secs] 410446K->134384K(1013632K), 0,0984960 secs] [Times: user=0,35 sys=0,00, real=0,10 secs] 
2015-09-07T16:48:52.828+0200: 955321,004: [GC2015-09-07T16:48:52.828+0200: 955321,005: [ParNew: 289791K->7286K(314560K), 0,0239760 secs] 414000K->132403K(1013632K), 0,0240890 secs] [Times: user=0,18 sys=0,00, real=0,02 secs] 
2015-09-07T16:49:48.988+0200: 955377,165: [GC2015-09-07T16:49:48.988+0200: 955377,165: [ParNew: 286902K->10446K(314560K), 0,0884850 secs] 412019K->136479K(1013632K), 0,0886040 secs] [Times: user=0,32 sys=0,00, real=0,09 secs] 
2015-09-07T16:50:45.322+0200: 955433,498: [GC2015-09-07T16:50:45.322+0200: 955433,498: [ParNew: 290062K->7465K(314560K), 0,0093260 secs] 416095K->134412K(1013632K), 0,0094360 secs] [Times: user=0,06 sys=0,00, real=0,01 secs] 
2015-09-07T16:51:41.666+0200: 955489,843: [GC2015-09-07T16:51:41.666+0200: 955489,843: [ParNew: 287081K->10053K(314560K), 0,0604190 secs] 414028K->138000K(1013632K), 0,0605310 secs] [Times: user=0,23 sys=0,00, real=0,06 secs] 
2015-09-07T16:52:37.828+0200: 955546,004: [GC2015-09-07T16:52:37.828+0200: 955546,005: [ParNew: 289669K->7618K(314560K), 0,0102610 secs] 417616K->136578K(1013632K), 0,0103760 secs] [Times: user=0,09 sys=0,00, real=0,01 secs] 
2015-09-07T16:53:33.260+0200: 955601,436: [GC2015-09-07T16:53:33.260+0200: 955601,436: [ParNew: 287234K->8062K(314560K), 0,0251600 secs] 416194K->137935K(1013632K), 0,0252990 secs] [Times: user=0,21 sys=0,00, real=0,03 secs] 
2015-09-07T16:54:30.031+0200: 955658,207: [GC2015-09-07T16:54:30.031+0200: 955658,207: [ParNew: 287678K->8185K(314560K), 0,0306750 secs] 417551K->138958K(1013632K), 0,0307640 secs] [Times: user=0,22 sys=0,00, real=0,03 secs] 
2015-09-07T16:55:26.729+0200: 955714,905: [GC2015-09-07T16:55:26.729+0200: 955714,905: [ParNew: 287801K->9733K(314560K), 0,0782820 secs] 418574K->141404K(1013632K), 0,0783950 secs] [Times: user=0,31 sys=0,00, real=0,08 secs] 
2015-09-07T16:56:22.625+0200: 955770,801: [GC2015-09-07T16:56:22.625+0200: 955770,801: [ParNew: 289349K->6621K(314560K), 0,0301350 secs] 421020K->139217K(1013632K), 0,0302220 secs] [Times: user=0,15 sys=0,00, real=0,02 secs] 
2015-09-07T16:57:19.004+0200: 955827,181: [GC2015-09-07T16:57:19.004+0200: 955827,181: [ParNew: 286237K->9107K(314560K), 0,0733460 secs] 418833K->142624K(1013632K), 0,0734470 secs] [Times: user=0,32 sys=0,00, real=0,08 secs] 
2015-09-07T16:58:15.119+0200: 955883,296: [GC2015-09-07T16:58:15.120+0200: 955883,296: [ParNew: 288723K->7796K(314560K), 0,0085070 secs] 422240K->142227K(1013632K), 0,0086160 secs] [Times: user=0,06 sys=0,00, real=0,01 secs] 
2015-09-07T16:59:10.720+0200: 955938,897: [GC2015-09-07T16:59:10.721+0200: 955938,897: [ParNew: 287412K->10216K(314560K), 0,1002250 secs] 421843K->145562K(1013632K), 0,1003270 secs] [Times: user=0,35 sys=0,00, real=0,10 secs] 
2015-09-07T17:00:07.223+0200: 955995,400: [GC2015-09-07T17:00:07.223+0200: 955995,400: [ParNew: 289832K->7870K(314560K), 0,0108440 secs] 425178K->144234K(1013632K), 0,0109510 secs] [Times: user=0,08 sys=0,00, real=0,01 secs] 
2015-09-07T17:01:03.282+0200: 956051,458: [GC2015-09-07T17:01:03.282+0200: 956051,458: [ParNew: 287486K->8766K(314560K), 0,0517420 secs] 423850K->146142K(1013632K), 0,0518490 secs] [Times: user=0,28 sys=0,00, real=0,05 secs] 
2015-09-07T17:01:59.881+0200: 956108,057: [GC2015-09-07T17:01:59.881+0200: 956108,057: [ParNew: 288382K->9432K(314560K), 0,0245960 secs] 425758K->147705K(1013632K), 0,0247070 secs] [Times: user=0,18 sys=0,00, real=0,03 secs] 
2015-09-07T17:02:56.149+0200: 956164,326: [GC2015-09-07T17:02:56.150+0200: 956164,326: [ParNew: 289048K->7038K(314560K), 0,0109780 secs] 427321K->146215K(1013632K), 0,0110930 secs] [Times: user=0,07 sys=0,00, real=0,01 secs] 
2015-09-07T17:03:52.431+0200: 956220,608: [GC2015-09-07T17:03:52.431+0200: 956220,608: [ParNew: 286654K->8890K(314560K), 0,0116640 secs] 425831K->148969K(1013632K), 0,0117820 secs] [Times: user=0,08 sys=0,00, real=0,01 secs] 
2015-09-07T17:04:48.543+0200: 956276,720: [GC2015-09-07T17:04:48.543+0200: 956276,720: [ParNew: 288506K->8977K(314560K), 0,0636190 secs] 428585K->149978K(1013632K), 0,0637250 secs] [Times: user=0,26 sys=0,00, real=0,07 secs] 
2015-09-07T17:05:45.229+0200: 956333,406: [GC2015-09-07T17:05:45.229+0200: 956333,406: [ParNew: 288593K->8519K(314560K), 0,0342660 secs] 429594K->150428K(1013632K), 0,0343990 secs] [Times: user=0,19 sys=0,00, real=0,03 secs] 
2015-09-07T17:06:41.700+0200: 956389,876: [GC2015-09-07T17:06:41.700+0200: 956389,876: [ParNew: 288135K->10135K(314560K), 0,0539420 secs] 430044K->152954K(1013632K), 0,0540630 secs] [Times: user=0,28 sys=0,00, real=0,05 secs] 
2015-09-07T17:07:37.840+0200: 956446,017: [GC2015-09-07T17:07:37.840+0200: 956446,017: [ParNew: 289751K->7804K(314560K), 0,0288710 secs] 432570K->151583K(1013632K), 0,0289790 secs] [Times: user=0,23 sys=0,00, real=0,03 secs] 
2015-09-07T17:08:34.344+0200: 956502,521: [GC2015-09-07T17:08:34.344+0200: 956502,521: [ParNew: 287420K->8766K(314560K), 0,0461430 secs] 431199K->153539K(1013632K), 0,0462490 secs] [Times: user=0,31 sys=0,00, real=0,05 secs] 
2015-09-07T17:09:30.681+0200: 956558,858: [GC2015-09-07T17:09:30.682+0200: 956558,858: [ParNew: 288382K->10218K(314560K), 0,0256650 secs] 433155K->155968K(1013632K), 0,0257810 secs] [Times: user=0,19 sys=0,00, real=0,03 secs] 
2015-09-07T17:10:26.172+0200: 956614,348: [GC2015-09-07T17:10:26.172+0200: 956614,348: [ParNew: 289834K->7877K(314560K), 0,0261840 secs] 435584K->154526K(1013632K), 0,0262870 secs] [Times: user=0,19 sys=0,00, real=0,03 secs] 
2015-09-07T17:11:22.028+0200: 956670,205: [GC2015-09-07T17:11:22.028+0200: 956670,205: [ParNew: 287493K->8274K(314560K), 0,0103970 secs] 434142K->155847K(1013632K), 0,0105100 secs] [Times: user=0,07 sys=0,00, real=0,01 secs] 
2015-09-07T17:12:18.136+0200: 956726,312: [GC2015-09-07T17:12:18.136+0200: 956726,312: [ParNew: 287890K->8920K(314560K), 0,0303420 secs] 435463K->157422K(1013632K), 0,0304440 secs] [Times: user=0,24 sys=0,00, real=0,04 secs] 
2015-09-07T17:13:14.332+0200: 956782,508: [GC2015-09-07T17:13:14.332+0200: 956782,508: [ParNew: 288536K->8461K(314560K), 0,0246280 secs] 437038K->157879K(1013632K), 0,0247410 secs] [Times: user=0,17 sys=0,00, real=0,03 secs] 
2015-09-07T17:14:10.907+0200: 956839,084: [GC2015-09-07T17:14:10.908+0200: 956839,084: [ParNew: 288077K->8587K(314560K), 0,0270890 secs] 437495K->158932K(1013632K), 0,0272180 secs] [Times: user=0,21 sys=0,00, real=0,02 secs] 
2015-09-07T17:15:06.972+0200: 956895,148: [GC2015-09-07T17:15:06.972+0200: 956895,148: [ParNew: 288203K->8688K(314560K), 0,0287700 secs] 438548K->159931K(1013632K), 0,0288920 secs] [Times: user=0,19 sys=0,00, real=0,03 secs] 
2015-09-07T17:16:03.040+0200: 956951,216: [GC2015-09-07T17:16:03.040+0200: 956951,216: [ParNew: 288304K->9545K(314560K), 0,0347400 secs] 439547K->161742K(1013632K), 0,0348440 secs] [Times: user=0,21 sys=0,00, real=0,03 secs] 
2015-09-07T17:16:59.405+0200: 957007,582: [GC2015-09-07T17:16:59.406+0200: 957007,582: [ParNew: 289161K->9620K(314560K), 0,0853080 secs] 441358K->162813K(1013632K), 0,0854170 secs] [Times: user=0,63 sys=0,00, real=0,08 secs] 
2015-09-07T17:17:56.043+0200: 957064,219: [GC2015-09-07T17:17:56.043+0200: 957064,219: [ParNew: 289236K->11135K(314560K), 0,0482500 secs] 442429K->165329K(1013632K), 0,0483570 secs] [Times: user=0,24 sys=0,00, real=0,05 secs] 
2015-09-07T17:18:52.789+0200: 957120,966: [GC2015-09-07T17:18:52.789+0200: 957120,966: [ParNew: 290751K->7429K(314560K), 0,0105410 secs] 444945K->162520K(1013632K), 0,0106570 secs] [Times: user=0,08 sys=0,00, real=0,01 secs] 
2015-09-07T17:19:49.085+0200: 957177,262: [GC2015-09-07T17:19:49.085+0200: 957177,262: [ParNew: 287045K->8883K(314560K), 0,0301600 secs] 442136K->164879K(1013632K), 0,0302630 secs] [Times: user=0,17 sys=0,00, real=0,02 secs] 
2015-09-07T17:20:45.281+0200: 957233,458: [GC2015-09-07T17:20:45.281+0200: 957233,458: [ParNew: 288499K->8913K(314560K), 0,0103770 secs] 444495K->165813K(1013632K), 0,0104880 secs] [Times: user=0,06 sys=0,00, real=0,01 secs] 
2015-09-07T17:21:40.778+0200: 957288,954: [GC2015-09-07T17:21:40.778+0200: 957288,954: [ParNew: 288529K->9181K(314560K), 0,0345390 secs] 445429K->166987K(1013632K), 0,0346560 secs] [Times: user=0,21 sys=0,00, real=0,03 secs] 
2015-09-07T17:22:36.860+0200: 957345,037: [GC2015-09-07T17:22:36.860+0200: 957345,037: [ParNew: 288797K->9340K(314560K), 0,0154070 secs] 446603K->168066K(1013632K), 0,0155190 secs] [Times: user=0,09 sys=0,00, real=0,01 secs] 
2015-09-07T17:23:33.105+0200: 957401,281: [GC2015-09-07T17:23:33.105+0200: 957401,281: [ParNew: 288956K->9829K(314560K), 0,0389080 secs] 447682K->169472K(1013632K), 0,0390310 secs] [Times: user=0,23 sys=0,00, real=0,03 secs] 
2015-09-07T17:24:29.458+0200: 957457,634: [GC2015-09-07T17:24:29.458+0200: 957457,635: [ParNew: 289445K->7882K(314560K), 0,0127500 secs] 449088K->168495K(1013632K), 0,0128700 secs] [Times: user=0,08 sys=0,00, real=0,01 secs] 
2015-09-07T17:25:25.512+0200: 957513,689: [GC2015-09-07T17:25:25.512+0200: 957513,689: [ParNew: 287498K->8171K(314560K), 0,0366360 secs] 448111K->169786K(1013632K), 0,0367300 secs] [Times: user=0,20 sys=0,00, real=0,04 secs] 
2015-09-07T17:26:21.589+0200: 957569,766: [GC2015-09-07T17:26:21.589+0200: 957569,766: [ParNew: 287787K->6931K(314560K), 0,0264320 secs] 449402K->169538K(1013632K), 0,0265470 secs] [Times: user=0,19 sys=0,00, real=0,02 secs] 
2015-09-07T17:27:17.828+0200: 957626,004: [GC2015-09-07T17:27:17.828+0200: 957626,004: [ParNew: 286547K->5911K(314560K), 0,0195780 secs] 449154K->169418K(1013632K), 0,0196910 secs] [Times: user=0,13 sys=0,00, real=0,02 secs] 
2015-09-07T17:28:13.478+0200: 957681,654: [GC2015-09-07T17:28:13.478+0200: 957681,654: [ParNew: 285527K->6519K(314560K), 0,0092400 secs] 449034K->170877K(1013632K), 0,0093310 secs] [Times: user=0,06 sys=0,00, real=0,01 secs] 
2015-09-07T17:29:09.733+0200: 957737,909: [GC2015-09-07T17:29:09.733+0200: 957737,909: [ParNew: 286135K->5609K(314560K), 0,0068280 secs] 450493K->170513K(1013632K), 0,0069370 secs] [Times: user=0,04 sys=0,00, real=0,01 secs] 
2015-09-07T17:30:05.312+0200: 957793,489: [GC2015-09-07T17:30:05.312+0200: 957793,489: [ParNew: 285225K->6929K(314560K), 0,0058040 secs] 450129K->172330K(1013632K), 0,0058900 secs] [Times: user=0,04 sys=0,00, real=0,01 secs] 
2015-09-07T17:31:01.825+0200: 957850,001: [GC2015-09-07T17:31:01.825+0200: 957850,001: [ParNew: 286545K->5228K(314560K), 0,0081020 secs] 451946K->171134K(1013632K), 0,0082240 secs] [Times: user=0,04 sys=0,01, real=0,00 secs] 
2015-09-07T17:31:58.105+0200: 957906,281: [GC2015-09-07T17:31:58.105+0200: 957906,281: [ParNew: 284844K->5754K(314560K), 0,0082000 secs] 450750K->172175K(1013632K), 0,0083110 secs] [Times: user=0,05 sys=0,00, real=0,00 secs] 
2015-09-07T17:32:54.783+0200: 957962,960: [GC2015-09-07T17:32:54.783+0200: 957962,960: [ParNew: 285370K->6185K(314560K), 0,0077040 secs] 451791K->173212K(1013632K), 0,0078600 secs] [Times: user=0,06 sys=0,00, real=0,01 secs] 
2015-09-07T17:33:51.399+0200: 958019,575: [GC2015-09-07T17:33:51.399+0200: 958019,575: [ParNew: 285801K->5796K(314560K), 0,0085740 secs] 452828K->173565K(1013632K), 0,0087110 secs] [Times: user=0,05 sys=0,00, real=0,01 secs] 
2015-09-07T17:34:47.828+0200: 958076,005: [GC2015-09-07T17:34:47.828+0200: 958076,005: [ParNew: 285412K->6497K(314560K), 0,0083450 secs] 453181K->174754K(1013632K), 0,0084440 secs] [Times: user=0,03 sys=0,00, real=0,01 secs] 
2015-09-07T17:35:44.033+0200: 958132,210: [GC2015-09-07T17:35:44.033+0200: 958132,210: [ParNew: 286113K->6484K(314560K), 0,0209220 secs] 454370K->175202K(1013632K), 0,0210230 secs] [Times: user=0,12 sys=0,00, real=0,02 secs] 
2015-09-07T17:36:40.090+0200: 958188,267: [GC2015-09-07T17:36:40.090+0200: 958188,267: [ParNew: 286100K->7598K(314560K), 0,0310180 secs] 454818K->176785K(1013632K), 0,0311230 secs] [Times: user=0,24 sys=0,00, real=0,03 secs] 
2015-09-07T17:37:36.163+0200: 958244,340: [GC2015-09-07T17:37:36.163+0200: 958244,340: [ParNew: 287214K->8345K(314560K), 0,0212780 secs] 456401K->178032K(1013632K), 0,0213890 secs] [Times: user=0,15 sys=0,00, real=0,03 secs] 
2015-09-07T17:38:32.222+0200: 958300,399: [GC2015-09-07T17:38:32.222+0200: 958300,399: [ParNew: 287961K->7358K(314560K), 0,0112830 secs] 457648K->177663K(1013632K), 0,0113910 secs] [Times: user=0,07 sys=0,00, real=0,01 secs] 
2015-09-07T17:39:28.105+0200: 958356,281: [GC2015-09-07T17:39:28.105+0200: 958356,281: [ParNew: 286974K->9254K(314560K), 0,0100150 secs] 457279K->180204K(1013632K), 0,0101400 secs] [Times: user=0,06 sys=0,00, real=0,00 secs] 
2015-09-07T17:40:24.313+0200: 958412,490: [GC2015-09-07T17:40:24.313+0200: 958412,490: [ParNew: 288870K->10557K(314560K), 0,0568250 secs] 459820K->182378K(1013632K), 0,0569440 secs] [Times: user=0,30 sys=0,00, real=0,06 secs] 
2015-09-07T17:41:20.993+0200: 958469,169: [GC2015-09-07T17:41:20.993+0200: 958469,169: [ParNew: 290173K->7655K(314560K), 0,0136950 secs] 461994K->180426K(1013632K), 0,0138130 secs] [Times: user=0,08 sys=0,00, real=0,02 secs] 
2015-09-07T17:42:17.828+0200: 958526,004: [GC2015-09-07T17:42:17.828+0200: 958526,004: [ParNew: 287271K->8647K(314560K), 0,0370900 secs] 460042K->182406K(1013632K), 0,0371940 secs] [Times: user=0,22 sys=0,00, real=0,04 secs] 
2015-09-07T17:43:14.454+0200: 958582,630: [GC2015-09-07T17:43:14.454+0200: 958582,630: [ParNew: 288263K->10088K(314560K), 0,0391810 secs] 462022K->184825K(1013632K), 0,0393050 secs] [Times: user=0,27 sys=0,00, real=0,04 secs] 
2015-09-07T17:44:11.115+0200: 958639,291: [GC2015-09-07T17:44:11.115+0200: 958639,292: [ParNew: 289704K->7333K(314560K), 0,0098630 secs] 464441K->182968K(1013632K), 0,0099750 secs] [Times: user=0,07 sys=0,00, real=0,02 secs] 
2015-09-07T17:45:07.829+0200: 958696,005: [GC2015-09-07T17:45:07.829+0200: 958696,005: [ParNew: 286949K->8842K(314560K), 0,0112380 secs] 462584K->185369K(1013632K), 0,0113500 secs] [Times: user=0,07 sys=0,00, real=0,01 secs] 
2015-09-07T17:46:04.543+0200: 958752,719: [GC2015-09-07T17:46:04.543+0200: 958752,719: [ParNew: 288458K->8205K(314560K), 0,0182670 secs] 464985K->185633K(1013632K), 0,0183940 secs] [Times: user=0,14 sys=0,00, real=0,02 secs] 
2015-09-07T17:47:00.655+0200: 958808,832: [GC2015-09-07T17:47:00.655+0200: 958808,832: [ParNew: 287821K->8475K(314560K), 0,0127930 secs] 465249K->186809K(1013632K), 0,0129130 secs] [Times: user=0,08 sys=0,00, real=0,02 secs] 
2015-09-07T17:47:57.233+0200: 958865,410: [GC2015-09-07T17:47:57.233+0200: 958865,410: [ParNew: 288091K->9366K(314560K), 0,0399470 secs] 466425K->188622K(1013632K), 0,0400630 secs] [Times: user=0,24 sys=0,00, real=0,04 secs] 
2015-09-07T17:48:53.819+0200: 958921,996: [GC2015-09-07T17:48:53.819+0200: 958921,996: [ParNew: 288982K->9504K(314560K), 0,0264100 secs] 468238K->189673K(1013632K), 0,0265320 secs] [Times: user=0,18 sys=0,00, real=0,03 secs] 
2015-09-07T17:49:50.395+0200: 958978,571: [GC2015-09-07T17:49:50.395+0200: 958978,571: [ParNew: 289120K->9630K(314560K), 0,0356840 secs] 469289K->190771K(1013632K), 0,0358060 secs] [Times: user=0,24 sys=0,00, real=0,04 secs] 
2015-09-07T17:50:46.825+0200: 959035,002: [GC2015-09-07T17:50:46.825+0200: 959035,002: [ParNew: 289246K->8225K(314560K), 0,0106600 secs] 470387K->190356K(1013632K), 0,0107830 secs] [Times: user=0,07 sys=0,00, real=0,00 secs] 
2015-09-07T17:51:42.828+0200: 959091,005: [GC2015-09-07T17:51:42.828+0200: 959091,005: [ParNew: 287841K->10497K(314560K), 0,0425950 secs] 469972K->193634K(1013632K), 0,0426970 secs] [Times: user=0,24 sys=0,00, real=0,04 secs] 
2015-09-07T17:52:39.533+0200: 959147,710: [GC2015-09-07T17:52:39.533+0200: 959147,710: [ParNew: 290113K->7493K(314560K), 0,0353820 secs] 473250K->191547K(1013632K), 0,0354980 secs] [Times: user=0,23 sys=0,00, real=0,04 secs] 
2015-09-07T17:53:35.820+0200: 959203,997: [GC2015-09-07T17:53:35.820+0200: 959203,997: [ParNew: 287109K->7676K(314560K), 0,0220830 secs] 471163K->192643K(1013632K), 0,0221950 secs] [Times: user=0,12 sys=0,00, real=0,02 secs] 
2015-09-07T17:54:32.165+0200: 959260,341: [GC2015-09-07T17:54:32.165+0200: 959260,341: [ParNew: 287292K->8967K(314560K), 0,0126860 secs] 472259K->194842K(1013632K), 0,0128270 secs] [Times: user=0,08 sys=0,00, real=0,01 secs] 
2015-09-07T17:55:28.105+0200: 959316,281: [GC2015-09-07T17:55:28.105+0200: 959316,281: [ParNew: 288583K->8532K(314560K), 0,0247510 secs] 474458K->195340K(1013632K), 0,0248620 secs] [Times: user=0,19 sys=0,00, real=0,02 secs] 
2015-09-07T17:56:24.857+0200: 959373,034: [GC2015-09-07T17:56:24.857+0200: 959373,034: [ParNew: 288148K->8664K(314560K), 0,0303730 secs] 474956K->196384K(1013632K), 0,0304950 secs] [Times: user=0,22 sys=0,00, real=0,03 secs] 
2015-09-07T17:57:21.123+0200: 959429,300: [GC2015-09-07T17:57:21.123+0200: 959429,300: [ParNew: 288280K->9521K(314560K), 0,0107330 secs] 476000K->198148K(1013632K), 0,0108390 secs] [Times: user=0,08 sys=0,00, real=0,01 secs] 
2015-09-07T17:58:17.770+0200: 959485,946: [GC2015-09-07T17:58:17.770+0200: 959485,947: [ParNew: 289137K->9633K(314560K), 0,0106240 secs] 477764K->199255K(1013632K), 0,0107370 secs] [Times: user=0,08 sys=0,00, real=0,01 secs] 
2015-09-07T17:59:14.417+0200: 959542,594: [GC2015-09-07T17:59:14.417+0200: 959542,594: [ParNew: 289249K->8187K(314560K), 0,0303650 secs] 478871K->198803K(1013632K), 0,0304790 secs] [Times: user=0,21 sys=0,00, real=0,03 secs] 
2015-09-07T18:00:10.996+0200: 959599,172: [GC2015-09-07T18:00:10.996+0200: 959599,172: [ParNew: 287803K->8940K(314560K), 0,0310450 secs] 478419K->200475K(1013632K), 0,0311690 secs] [Times: user=0,14 sys=0,00, real=0,04 secs] 
2015-09-07T18:01:07.299+0200: 959655,476: [GC2015-09-07T18:01:07.299+0200: 959655,476: [ParNew: 288556K->8388K(314560K), 0,0282720 secs] 480091K->200836K(1013632K), 0,0284070 secs] [Times: user=0,16 sys=0,00, real=0,03 secs] 
2015-09-07T18:02:04.020+0200: 959712,196: [GC2015-09-07T18:02:04.020+0200: 959712,196: [ParNew: 288004K->9039K(314560K), 0,0265670 secs] 480452K->202397K(1013632K), 0,0266720 secs] [Times: user=0,13 sys=0,00, real=0,03 secs] 
2015-09-07T18:03:00.669+0200: 959768,846: [GC2015-09-07T18:03:00.669+0200: 959768,846: [ParNew: 288655K->8448K(314560K), 0,0347540 secs] 482013K->202697K(1013632K), 0,0348670 secs] [Times: user=0,23 sys=0,00, real=0,03 secs] 
2015-09-07T18:03:57.253+0200: 959825,430: [GC2015-09-07T18:03:57.253+0200: 959825,430: [ParNew: 288064K->8589K(314560K), 0,0117450 secs] 482313K->203759K(1013632K), 0,0118630 secs] [Times: user=0,08 sys=0,00, real=0,02 secs] 
2015-09-07T18:04:53.814+0200: 959881,991: [GC2015-09-07T18:04:53.814+0200: 959881,991: [ParNew: 288205K->10181K(314560K), 0,0383860 secs] 483375K->206259K(1013632K), 0,0385040 secs] [Times: user=0,21 sys=0,00, real=0,04 secs] 
2015-09-07T18:05:50.404+0200: 959938,581: [GC2015-09-07T18:05:50.404+0200: 959938,581: [ParNew: 289797K->8282K(314560K), 0,0124810 secs] 485875K->205276K(1013632K), 0,0125920 secs] [Times: user=0,08 sys=0,00, real=0,02 secs] 
2015-09-07T18:06:46.964+0200: 959995,141: [GC2015-09-07T18:06:46.964+0200: 959995,141: [ParNew: 287898K->8842K(314560K), 0,0106940 secs] 484892K->206838K(1013632K), 0,0108210 secs] [Times: user=0,08 sys=0,00, real=0,01 secs] 
2015-09-07T18:07:43.522+0200: 960051,698: [GC2015-09-07T18:07:43.522+0200: 960051,698: [ParNew: 288458K->10317K(314560K), 0,0097800 secs] 486454K->209329K(1013632K), 0,0098780 secs] [Times: user=0,06 sys=0,00, real=0,01 secs] 
2015-09-07T18:08:40.200+0200: 960108,376: [GC2015-09-07T18:08:40.200+0200: 960108,376: [ParNew: 289933K->7946K(314560K), 0,0234970 secs] 488945K->207869K(1013632K), 0,0236060 secs] [Times: user=0,15 sys=0,00, real=0,02 secs] 
2015-09-07T18:09:36.627+0200: 960164,803: [GC2015-09-07T18:09:36.627+0200: 960164,803: [ParNew: 287562K->8971K(314560K), 0,0137890 secs] 487485K->209824K(1013632K), 0,0139350 secs] [Times: user=0,08 sys=0,00, real=0,01 secs] 
2015-09-07T18:10:33.089+0200: 960221,265: [GC2015-09-07T18:10:33.089+0200: 960221,265: [ParNew: 288587K->9635K(314560K), 0,0104520 secs] 489440K->211403K(1013632K), 0,0105760 secs] [Times: user=0,07 sys=0,00, real=0,01 secs] 
2015-09-07T18:11:29.235+0200: 960277,411: [GC2015-09-07T18:11:29.235+0200: 960277,411: [ParNew: 289251K->7473K(314560K), 0,0126760 secs] 491019K->210167K(1013632K), 0,0128020 secs] [Times: user=0,10 sys=0,00, real=0,02 secs] 
2015-09-07T18:12:25.813+0200: 960333,989: [GC2015-09-07T18:12:25.813+0200: 960333,989: [ParNew: 287089K->9108K(314560K), 0,0312810 secs] 489783K->212736K(1013632K), 0,0313860 secs] [Times: user=0,22 sys=0,00, real=0,03 secs] 
2015-09-07T18:13:22.344+0200: 960390,520: [GC2015-09-07T18:13:22.344+0200: 960390,520: [ParNew: 288724K->9938K(314560K), 0,0230860 secs] 492352K->214490K(1013632K), 0,0232160 secs] [Times: user=0,17 sys=0,00, real=0,03 secs] 
2015-09-07T18:14:18.914+0200: 960447,091: [GC2015-09-07T18:14:18.914+0200: 960447,091: [ParNew: 289554K->7264K(314560K), 0,0109090 secs] 494106K->212769K(1013632K), 0,0110220 secs] [Times: user=0,10 sys=0,00, real=0,02 secs] 
2015-09-07T18:15:15.472+0200: 960503,648: [GC2015-09-07T18:15:15.472+0200: 960503,648: [ParNew: 286880K->9388K(314560K), 0,0301180 secs] 492385K->215870K(1013632K), 0,0302110 secs] [Times: user=0,22 sys=0,00, real=0,03 secs] 
2015-09-07T18:16:11.049+0200: 960559,225: [GC2015-09-07T18:16:11.049+0200: 960559,225: [ParNew: 289004K->10931K(314560K), 0,0335160 secs] 495486K->218406K(1013632K), 0,0336310 secs] [Times: user=0,17 sys=0,00, real=0,03 secs] 
2015-09-07T18:17:07.629+0200: 960615,806: [GC2015-09-07T18:17:07.629+0200: 960615,806: [ParNew: 290547K->7859K(314560K), 0,0124220 secs] 498022K->216240K(1013632K), 0,0125310 secs] [Times: user=0,08 sys=0,00, real=0,01 secs] 
2015-09-07T18:18:04.078+0200: 960672,255: [GC2015-09-07T18:18:04.078+0200: 960672,255: [ParNew: 287475K->8876K(314560K), 0,0225340 secs] 495856K->218179K(1013632K), 0,0226310 secs] [Times: user=0,18 sys=0,00, real=0,02 secs] 
2015-09-07T18:19:00.862+0200: 960729,038: [GC2015-09-07T18:19:00.862+0200: 960729,038: [ParNew: 288492K->9562K(314560K), 0,0293740 secs] 497795K->219766K(1013632K), 0,0294820 secs] [Times: user=0,19 sys=0,00, real=0,03 secs] 
2015-09-07T18:19:57.286+0200: 960785,462: [GC2015-09-07T18:19:57.286+0200: 960785,462: [ParNew: 289178K->7002K(314560K), 0,0111990 secs] 499382K->218122K(1013632K), 0,0113210 secs] [Times: user=0,08 sys=0,00, real=0,01 secs] 
2015-09-07T18:20:53.845+0200: 960842,022: [GC2015-09-07T18:20:53.845+0200: 960842,022: [ParNew: 286618K->8459K(314560K), 0,0304830 secs] 497738K->220513K(1013632K), 0,0305900 secs] [Times: user=0,21 sys=0,00, real=0,02 secs] 
2015-09-07T18:21:50.271+0200: 960898,448: [GC2015-09-07T18:21:50.271+0200: 960898,448: [ParNew: 288075K->9232K(314560K), 0,0456750 secs] 500129K->222183K(1013632K), 0,0457790 secs] [Times: user=0,33 sys=0,00, real=0,05 secs] 
2015-09-07T18:22:46.361+0200: 960954,537: [GC2015-09-07T18:22:46.361+0200: 960954,538: [ParNew: 288848K->10298K(314560K), 0,0117820 secs] 501799K->224203K(1013632K), 0,0119150 secs] [Times: user=0,08 sys=0,01, real=0,01 secs] 
2015-09-07T18:23:41.799+0200: 961009,976: [GC2015-09-07T18:23:41.799+0200: 961009,976: [ParNew: 289914K->9968K(314560K), 0,0733350 secs] 503819K->224863K(1013632K), 0,0734620 secs] [Times: user=0,21 sys=0,00, real=0,07 secs] 
2015-09-07T18:24:37.494+0200: 961065,670: [GC2015-09-07T18:24:37.494+0200: 961065,671: [ParNew: 289584K->7498K(314560K), 0,0117550 secs] 504479K->223397K(1013632K), 0,0118610 secs] [Times: user=0,08 sys=0,00, real=0,02 secs] 
2015-09-07T18:25:34.128+0200: 961122,304: [GC2015-09-07T18:25:34.128+0200: 961122,305: [ParNew: 287114K->7561K(314560K), 0,0229900 secs] 503013K->224372K(1013632K), 0,0231030 secs] [Times: user=0,15 sys=0,00, real=0,02 secs] 
2015-09-07T18:26:30.522+0200: 961178,699: [GC2015-09-07T18:26:30.522+0200: 961178,699: [ParNew: 287177K->6475K(314560K), 0,0113380 secs] 503988K->224206K(1013632K), 0,0114520 secs] [Times: user=0,09 sys=0,00, real=0,01 secs] 
2015-09-07T18:27:26.347+0200: 961234,524: [GC2015-09-07T18:27:26.347+0200: 961234,524: [ParNew: 286091K->6541K(314560K), 0,0234280 secs] 503822K->225199K(1013632K), 0,0235170 secs] [Times: user=0,16 sys=0,00, real=0,02 secs] 
2015-09-07T18:28:22.617+0200: 961290,793: [GC2015-09-07T18:28:22.617+0200: 961290,793: [ParNew: 286157K->6567K(314560K), 0,0217850 secs] 504815K->226000K(1013632K), 0,0219050 secs] [Times: user=0,15 sys=0,00, real=0,02 secs] 
2015-09-07T18:29:19.438+0200: 961347,615: [GC2015-09-07T18:29:19.438+0200: 961347,615: [ParNew: 286183K->5865K(314560K), 0,0080780 secs] 505616K->225900K(1013632K), 0,0082080 secs] [Times: user=0,07 sys=0,00, real=0,01 secs] 
2015-09-07T18:30:16.269+0200: 961404,445: [GC2015-09-07T18:30:16.269+0200: 961404,445: [ParNew: 285481K->6178K(314560K), 0,0078560 secs] 505516K->226703K(1013632K), 0,0079710 secs] [Times: user=0,04 sys=0,01, real=0,01 secs] 
2015-09-07T18:31:12.754+0200: 961460,931: [GC2015-09-07T18:31:12.754+0200: 961460,931: [ParNew: 285794K->6642K(314560K), 0,0263280 secs] 506319K->227712K(1013632K), 0,0264340 secs] [Times: user=0,13 sys=0,00, real=0,03 secs] 
2015-09-07T18:32:08.425+0200: 961516,602: [GC2015-09-07T18:32:08.426+0200: 961516,602: [ParNew: 286258K->6076K(314560K), 0,0201390 secs] 507328K->227747K(1013632K), 0,0202580 secs] [Times: user=0,13 sys=0,00, real=0,02 secs] 
2015-09-07T18:33:03.490+0200: 961571,666: [GC2015-09-07T18:33:03.490+0200: 961571,667: [ParNew: 285692K->6540K(314560K), 0,0196800 secs] 507363K->228998K(1013632K), 0,0197710 secs] [Times: user=0,14 sys=0,00, real=0,02 secs] 
2015-09-07T18:34:00.054+0200: 961628,230: [GC2015-09-07T18:34:00.054+0200: 961628,230: [ParNew: 286156K->4806K(314560K), 0,0263930 secs] 508614K->227735K(1013632K), 0,0265140 secs] [Times: user=0,16 sys=0,00, real=0,03 secs] 
2015-09-07T18:34:55.583+0200: 961683,759: [GC2015-09-07T18:34:55.583+0200: 961683,759: [ParNew: 284422K->6181K(314560K), 0,0217090 secs] 507351K->229560K(1013632K), 0,0218220 secs] [Times: user=0,14 sys=0,00, real=0,03 secs] 
2015-09-07T18:35:51.976+0200: 961740,153: [GC2015-09-07T18:35:51.976+0200: 961740,153: [ParNew: 285797K->6839K(314560K), 0,0089410 secs] 509176K->230691K(1013632K), 0,0090570 secs] [Times: user=0,06 sys=0,00, real=0,01 secs] 
2015-09-07T18:36:48.651+0200: 961796,827: [GC2015-09-07T18:36:48.651+0200: 961796,827: [ParNew: 286455K->8318K(314560K), 0,0085990 secs] 510307K->232668K(1013632K), 0,0087220 secs] [Times: user=0,07 sys=0,00, real=0,01 secs] 
2015-09-07T18:37:45.069+0200: 961853,245: [GC2015-09-07T18:37:45.069+0200: 961853,245: [ParNew: 287934K->9258K(314560K), 0,0085750 secs] 512284K->234217K(1013632K), 0,0086790 secs] [Times: user=0,05 sys=0,00, real=0,01 secs] 
2015-09-07T18:38:41.705+0200: 961909,882: [GC2015-09-07T18:38:41.705+0200: 961909,882: [ParNew: 288874K->7400K(314560K), 0,0255650 secs] 513833K->232985K(1013632K), 0,0256690 secs] [Times: user=0,19 sys=0,00, real=0,02 secs] 
2015-09-07T18:39:38.105+0200: 961966,281: [GC2015-09-07T18:39:38.105+0200: 961966,281: [ParNew: 287016K->8479K(314560K), 0,0212990 secs] 512601K->234981K(1013632K), 0,0214000 secs] [Times: user=0,15 sys=0,00, real=0,02 secs] 
2015-09-07T18:40:34.775+0200: 962022,951: [GC2015-09-07T18:40:34.775+0200: 962022,951: [ParNew: 288095K->8635K(314560K), 0,0338310 secs] 514597K->236111K(1013632K), 0,0339470 secs] [Times: user=0,24 sys=0,00, real=0,04 secs] 
2015-09-07T18:41:31.436+0200: 962079,613: [GC2015-09-07T18:41:31.436+0200: 962079,613: [ParNew: 288251K->8868K(314560K), 0,0106010 secs] 515727K->237322K(1013632K), 0,0107210 secs] [Times: user=0,08 sys=0,00, real=0,02 secs] 
2015-09-07T18:42:27.828+0200: 962136,004: [GC2015-09-07T18:42:27.828+0200: 962136,005: [ParNew: 288484K->8204K(314560K), 0,0104800 secs] 516938K->237568K(1013632K), 0,0106070 secs] [Times: user=0,08 sys=0,00, real=0,01 secs] 
2015-09-07T18:43:24.474+0200: 962192,651: [GC2015-09-07T18:43:24.474+0200: 962192,651: [ParNew: 287820K->7765K(314560K), 0,0395480 secs] 517184K->238031K(1013632K), 0,0396440 secs] [Times: user=0,30 sys=0,00, real=0,04 secs] 
2015-09-07T18:44:21.336+0200: 962249,513: [GC2015-09-07T18:44:21.336+0200: 962249,513: [ParNew: 287381K->8468K(314560K), 0,0234490 secs] 517647K->239663K(1013632K), 0,0235750 secs] [Times: user=0,17 sys=0,00, real=0,03 secs] 
2015-09-07T18:45:17.828+0200: 962306,004: [GC2015-09-07T18:45:17.828+0200: 962306,004: [ParNew: 288084K->8525K(314560K), 0,0437280 secs] 519279K->240627K(1013632K), 0,0438280 secs] [Times: user=0,33 sys=0,00, real=0,04 secs] 
2015-09-07T18:46:14.604+0200: 962362,780: [GC2015-09-07T18:46:14.604+0200: 962362,780: [ParNew: 288141K->8646K(314560K), 0,0191460 secs] 520243K->241666K(1013632K), 0,0192670 secs] [Times: user=0,14 sys=0,00, real=0,02 secs] 
2015-09-07T18:47:11.234+0200: 962419,411: [GC2015-09-07T18:47:11.234+0200: 962419,411: [ParNew: 288262K->9491K(314560K), 0,0177500 secs] 521282K->243423K(1013632K), 0,0178830 secs] [Times: user=0,11 sys=0,00, real=0,02 secs] 
2015-09-07T18:48:07.802+0200: 962475,979: [GC2015-09-07T18:48:07.802+0200: 962475,979: [ParNew: 289107K->8884K(314560K), 0,0113750 secs] 523039K->243778K(1013632K), 0,0114960 secs] [Times: user=0,10 sys=0,00, real=0,01 secs] 
2015-09-07T18:49:04.496+0200: 962532,673: [GC2015-09-07T18:49:04.496+0200: 962532,673: [ParNew: 288500K->8216K(314560K), 0,0313650 secs] 523394K->244122K(1013632K), 0,0314740 secs] [Times: user=0,21 sys=0,00, real=0,04 secs] 
2015-09-07T18:50:01.349+0200: 962589,526: [GC2015-09-07T18:50:01.349+0200: 962589,526: [ParNew: 287832K->8957K(314560K), 0,0383780 secs] 523738K->245849K(1013632K), 0,0385010 secs] [Times: user=0,27 sys=0,00, real=0,04 secs] 
2015-09-07T18:50:57.828+0200: 962646,005: [GC2015-09-07T18:50:57.828+0200: 962646,005: [ParNew: 288573K->7467K(314560K), 0,0132820 secs] 525465K->245279K(1013632K), 0,0134180 secs] [Times: user=0,11 sys=0,00, real=0,01 secs] 
2015-09-07T18:51:54.409+0200: 962702,585: [GC2015-09-07T18:51:54.409+0200: 962702,585: [ParNew: 287083K->9189K(314560K), 0,0108170 secs] 524895K->247911K(1013632K), 0,0109350 secs] [Times: user=0,07 sys=0,00, real=0,01 secs] 
2015-09-07T18:52:51.054+0200: 962759,230: [GC2015-09-07T18:52:51.054+0200: 962759,230: [ParNew: 288805K->8471K(314560K), 0,0238790 secs] 527527K->248107K(1013632K), 0,0240020 secs] [Times: user=0,19 sys=0,00, real=0,03 secs] 
2015-09-07T18:53:47.628+0200: 962815,804: [GC2015-09-07T18:53:47.628+0200: 962815,804: [ParNew: 288087K->10006K(314560K), 0,0409200 secs] 527723K->250561K(1013632K), 0,0410410 secs] [Times: user=0,18 sys=0,00, real=0,04 secs] 
2015-09-07T18:54:44.213+0200: 962872,390: [GC2015-09-07T18:54:44.213+0200: 962872,390: [ParNew: 289622K->8127K(314560K), 0,0346050 secs] 530177K->249586K(1013632K), 0,0347000 secs] [Times: user=0,22 sys=0,00, real=0,04 secs] 
2015-09-07T18:55:40.796+0200: 962928,973: [GC2015-09-07T18:55:40.796+0200: 962928,973: [ParNew: 287743K->10018K(314560K), 0,0352380 secs] 529202K->252380K(1013632K), 0,0353610 secs] [Times: user=0,19 sys=0,00, real=0,03 secs] 
2015-09-07T18:56:37.384+0200: 962985,561: [GC2015-09-07T18:56:37.384+0200: 962985,561: [ParNew: 289634K->9500K(314560K), 0,0106020 secs] 531996K->252854K(1013632K), 0,0107130 secs] [Times: user=0,07 sys=0,00, real=0,01 secs] 
2015-09-07T18:57:33.898+0200: 963042,074: [GC2015-09-07T18:57:33.898+0200: 963042,074: [ParNew: 289116K->8971K(314560K), 0,0109960 secs] 532470K->253334K(1013632K), 0,0111100 secs] [Times: user=0,09 sys=0,00, real=0,01 secs] 
2015-09-07T18:58:30.494+0200: 963098,671: [GC2015-09-07T18:58:30.494+0200: 963098,671: [ParNew: 288587K->7513K(314560K), 0,0212620 secs] 532950K->252804K(1013632K), 0,0213960 secs] [Times: user=0,15 sys=0,00, real=0,02 secs] 
2015-09-07T18:59:27.059+0200: 963155,236: [GC2015-09-07T18:59:27.059+0200: 963155,236: [ParNew: 287129K->8464K(314560K), 0,0109690 secs] 532420K->254671K(1013632K), 0,0111040 secs] [Times: user=0,07 sys=0,00, real=0,01 secs] 
2015-09-07T19:00:23.617+0200: 963211,794: [GC2015-09-07T19:00:23.617+0200: 963211,794: [ParNew: 288080K->8422K(314560K), 0,0122020 secs] 534287K->255552K(1013632K), 0,0123360 secs] [Times: user=0,08 sys=0,00, real=0,01 secs] 
2015-09-07T19:01:20.075+0200: 963268,252: [GC2015-09-07T19:01:20.075+0200: 963268,252: [ParNew: 288038K->9201K(314560K), 0,0105630 secs] 535168K->257245K(1013632K), 0,0106890 secs] [Times: user=0,09 sys=0,00, real=0,02 secs] 
2015-09-07T19:02:17.382+0200: 963325,559: [GC2015-09-07T19:02:17.382+0200: 963325,559: [ParNew: 288817K->8608K(314560K), 0,0111620 secs] 536861K->257571K(1013632K), 0,0112820 secs] [Times: user=0,09 sys=0,00, real=0,01 secs] 
2015-09-07T19:03:14.131+0200: 963382,307: [GC2015-09-07T19:03:14.131+0200: 963382,307: [ParNew: 288224K->8740K(314560K), 0,0254520 secs] 537187K->258623K(1013632K), 0,0255580 secs] [Times: user=0,18 sys=0,00, real=0,02 secs] 
2015-09-07T19:04:10.823+0200: 963439,000: [GC2015-09-07T19:04:10.823+0200: 963439,000: [ParNew: 288356K->9603K(314560K), 0,0136070 secs] 538239K->260403K(1013632K), 0,0137310 secs] [Times: user=0,11 sys=0,00, real=0,02 secs] 
2015-09-07T19:05:07.601+0200: 963495,777: [GC2015-09-07T19:05:07.601+0200: 963495,777: [ParNew: 289219K->8967K(314560K), 0,0124650 secs] 540019K->260773K(1013632K), 0,0125840 secs] [Times: user=0,08 sys=0,00, real=0,01 secs] 
2015-09-07T19:06:04.282+0200: 963552,458: [GC2015-09-07T19:06:04.282+0200: 963552,458: [ParNew: 288583K->8239K(314560K), 0,0109940 secs] 540389K->261046K(1013632K), 0,0111100 secs] [Times: user=0,08 sys=0,00, real=0,01 secs] 
2015-09-07T19:07:01.057+0200: 963609,234: [GC2015-09-07T19:07:01.057+0200: 963609,234: [ParNew: 287855K->9000K(314560K), 0,0351150 secs] 540662K->262725K(1013632K), 0,0352300 secs] [Times: user=0,10 sys=0,00, real=0,03 secs] 
2015-09-07T19:07:57.828+0200: 963666,004: [GC2015-09-07T19:07:57.828+0200: 963666,004: [ParNew: 288616K->8484K(314560K), 0,0114500 secs] 542341K->263136K(1013632K), 0,0115660 secs] [Times: user=0,07 sys=0,00, real=0,01 secs] 
2015-09-07T19:08:54.415+0200: 963722,592: [GC2015-09-07T19:08:54.415+0200: 963722,592: [ParNew: 288100K->9136K(314560K), 0,0259920 secs] 542752K->264706K(1013632K), 0,0261020 secs] [Times: user=0,21 sys=0,00, real=0,03 secs] 
2015-09-07T19:09:51.029+0200: 963779,206: [GC2015-09-07T19:09:51.029+0200: 963779,206: [ParNew: 288752K->8501K(314560K), 0,0131840 secs] 544322K->264969K(1013632K), 0,0132890 secs] [Times: user=0,08 sys=0,00, real=0,01 secs] 
2015-09-07T19:10:47.575+0200: 963835,751: [GC2015-09-07T19:10:47.575+0200: 963835,751: [ParNew: 288117K->9341K(314560K), 0,0354360 secs] 544585K->266724K(1013632K), 0,0355400 secs] [Times: user=0,24 sys=0,00, real=0,04 secs] 
2015-09-07T19:11:44.233+0200: 963892,409: [GC2015-09-07T19:11:44.233+0200: 963892,409: [ParNew: 288957K->8732K(314560K), 0,0107710 secs] 546340K->267035K(1013632K), 0,0108950 secs] [Times: user=0,07 sys=0,00, real=0,01 secs] 
2015-09-07T19:12:40.806+0200: 963948,982: [GC2015-09-07T19:12:40.806+0200: 963948,982: [ParNew: 288348K->9589K(314560K), 0,0269460 secs] 546651K->268847K(1013632K), 0,0270500 secs] [Times: user=0,14 sys=0,00, real=0,02 secs] 
2015-09-07T19:13:37.378+0200: 964005,555: [GC2015-09-07T19:13:37.378+0200: 964005,555: [ParNew: 289205K->8923K(314560K), 0,0104730 secs] 548463K->269181K(1013632K), 0,0105900 secs] [Times: user=0,07 sys=0,00, real=0,01 secs] 
2015-09-07T19:14:33.941+0200: 964062,117: [GC2015-09-07T19:14:33.941+0200: 964062,117: [ParNew: 288539K->9676K(314560K), 0,0323420 secs] 548797K->270927K(1013632K), 0,0324630 secs] [Times: user=0,18 sys=0,00, real=0,03 secs] 
2015-09-07T19:15:30.728+0200: 964118,905: [GC2015-09-07T19:15:30.728+0200: 964118,905: [ParNew: 289292K->8212K(314560K), 0,0105750 secs] 550543K->270373K(1013632K), 0,0107060 secs] [Times: user=0,09 sys=0,00, real=0,01 secs] 
2015-09-07T19:16:27.361+0200: 964175,537: [GC2015-09-07T19:16:27.361+0200: 964175,537: [ParNew: 287828K->8470K(314560K), 0,0126330 secs] 549989K->271534K(1013632K), 0,0127490 secs] [Times: user=0,07 sys=0,00, real=0,01 secs] 
2015-09-07T19:17:24.017+0200: 964232,194: [GC2015-09-07T19:17:24.017+0200: 964232,194: [ParNew: 288086K->9156K(314560K), 0,0138610 secs] 551150K->273141K(1013632K), 0,0139790 secs] [Times: user=0,07 sys=0,00, real=0,01 secs] 
2015-09-07T19:18:20.564+0200: 964288,741: [GC2015-09-07T19:18:20.564+0200: 964288,741: [ParNew: 288772K->9263K(314560K), 0,0278050 secs] 552757K->274156K(1013632K), 0,0279370 secs] [Times: user=0,08 sys=0,00, real=0,03 secs] 
2015-09-07T19:19:17.240+0200: 964345,416: [GC2015-09-07T19:19:17.240+0200: 964345,416: [ParNew: 288879K->8677K(314560K), 0,0116980 secs] 553772K->274477K(1013632K), 0,0118100 secs] [Times: user=0,09 sys=0,00, real=0,01 secs] 
2015-09-07T19:20:13.800+0200: 964401,977: [GC2015-09-07T19:20:13.800+0200: 964401,977: [ParNew: 288293K->8829K(314560K), 0,0108860 secs] 554093K->275558K(1013632K), 0,0110150 secs] [Times: user=0,08 sys=0,00, real=0,01 secs] 
2015-09-07T19:21:10.359+0200: 964458,536: [GC2015-09-07T19:21:10.359+0200: 964458,536: [ParNew: 288445K->9686K(314560K), 0,0115270 secs] 555174K->277379K(1013632K), 0,0116400 secs] [Times: user=0,09 sys=0,00, real=0,01 secs] 
2015-09-07T19:22:06.913+0200: 964515,090: [GC2015-09-07T19:22:06.913+0200: 964515,090: [ParNew: 289302K->9005K(314560K), 0,0116510 secs] 556995K->277697K(1013632K), 0,0117770 secs] [Times: user=0,08 sys=0,00, real=0,02 secs] 
2015-09-07T19:23:03.366+0200: 964571,543: [GC2015-09-07T19:23:03.366+0200: 964571,543: [ParNew: 288621K->8289K(314560K), 0,0354970 secs] 557313K->277995K(1013632K), 0,0356130 secs] [Times: user=0,26 sys=0,00, real=0,03 secs] 
2015-09-07T19:24:00.170+0200: 964628,346: [GC2015-09-07T19:24:00.170+0200: 964628,347: [ParNew: 287905K->7626K(314560K), 0,0111410 secs] 557611K->278251K(1013632K), 0,0112630 secs] [Times: user=0,09 sys=0,00, real=0,01 secs] 
2015-09-07T19:24:57.004+0200: 964685,180: [GC2015-09-07T19:24:57.004+0200: 964685,180: [ParNew: 287242K->9093K(314560K), 0,0339790 secs] 557867K->280648K(1013632K), 0,0340880 secs] [Times: user=0,26 sys=0,00, real=0,04 secs] 
2015-09-07T19:25:53.613+0200: 964741,789: [GC2015-09-07T19:25:53.613+0200: 964741,789: [ParNew: 288709K->7011K(314560K), 0,0235510 secs] 560264K->279478K(1013632K), 0,0236780 secs] [Times: user=0,16 sys=0,00, real=0,03 secs] 
2015-09-07T19:26:50.182+0200: 964798,358: [GC2015-09-07T19:26:50.182+0200: 964798,358: [ParNew: 286627K->6559K(314560K), 0,0099100 secs] 559094K->279940K(1013632K), 0,0100470 secs] [Times: user=0,06 sys=0,00, real=0,01 secs] 
2015-09-07T19:27:46.453+0200: 964854,629: [GC2015-09-07T19:27:46.453+0200: 964854,629: [ParNew: 286175K->6027K(314560K), 0,0084520 secs] 559556K->280340K(1013632K), 0,0085800 secs] [Times: user=0,07 sys=0,00, real=0,01 secs] 
2015-09-07T19:28:43.025+0200: 964911,202: [GC2015-09-07T19:28:43.025+0200: 964911,202: [ParNew: 285643K->6555K(314560K), 0,0121140 secs] 559956K->281528K(1013632K), 0,0122240 secs] [Times: user=0,07 sys=0,00, real=0,01 secs] 
2015-09-07T19:29:39.747+0200: 964967,924: [GC2015-09-07T19:29:39.748+0200: 964967,924: [ParNew: 286171K->5943K(314560K), 0,0086260 secs] 561144K->281633K(1013632K), 0,0087710 secs] [Times: user=0,07 sys=0,00, real=0,00 secs] 
2015-09-07T19:30:36.306+0200: 965024,482: [GC2015-09-07T19:30:36.306+0200: 965024,482: [ParNew: 285559K->5613K(314560K), 0,0082720 secs] 561249K->281885K(1013632K), 0,0084090 secs] [Times: user=0,06 sys=0,00, real=0,00 secs] 
2015-09-07T19:31:32.828+0200: 965081,004: [GC2015-09-07T19:31:32.828+0200: 965081,004: [ParNew: 285229K->5936K(314560K), 0,0265790 secs] 561501K->282798K(1013632K), 0,0266950 secs] [Times: user=0,20 sys=0,00, real=0,02 secs] 
2015-09-07T19:32:29.450+0200: 965137,626: [GC2015-09-07T19:32:29.450+0200: 965137,626: [ParNew: 285552K->4830K(314560K), 0,0248520 secs] 562414K->282210K(1013632K), 0,0249610 secs] [Times: user=0,18 sys=0,00, real=0,02 secs] 
2015-09-07T19:33:26.244+0200: 965194,421: [GC2015-09-07T19:33:26.244+0200: 965194,421: [ParNew: 284446K->5703K(314560K), 0,0171430 secs] 561826K->283620K(1013632K), 0,0172510 secs] [Times: user=0,11 sys=0,00, real=0,02 secs] 
2015-09-07T19:34:22.625+0200: 965250,802: [GC2015-09-07T19:34:22.625+0200: 965250,802: [ParNew: 285319K->4808K(314560K), 0,0085250 secs] 563236K->283168K(1013632K), 0,0086540 secs] [Times: user=0,04 sys=0,00, real=0,00 secs] 
2015-09-07T19:35:19.305+0200: 965307,482: [GC2015-09-07T19:35:19.305+0200: 965307,482: [ParNew: 284424K->6277K(314560K), 0,0083480 secs] 562784K->285066K(1013632K), 0,0084540 secs] [Times: user=0,06 sys=0,00, real=0,00 secs] 
2015-09-07T19:36:15.888+0200: 965364,065: [GC2015-09-07T19:36:15.888+0200: 965364,065: [ParNew: 285893K->7082K(314560K), 0,0281290 secs] 564682K->286346K(1013632K), 0,0282370 secs] [Times: user=0,21 sys=0,00, real=0,03 secs] 
2015-09-07T19:37:12.558+0200: 965420,735: [GC2015-09-07T19:37:12.558+0200: 965420,735: [ParNew: 286698K->8031K(314560K), 0,0095370 secs] 565962K->287785K(1013632K), 0,0096620 secs] [Times: user=0,05 sys=0,00, real=0,01 secs] 
2015-09-07T19:38:09.183+0200: 965477,359: [GC2015-09-07T19:38:09.183+0200: 965477,359: [ParNew: 287647K->8915K(314560K), 0,0150080 secs] 567401K->289352K(1013632K), 0,0151150 secs] [Times: user=0,11 sys=0,00, real=0,02 secs] 
2015-09-07T19:39:05.725+0200: 965533,902: [GC2015-09-07T19:39:05.725+0200: 965533,902: [ParNew: 288531K->8857K(314560K), 0,0231340 secs] 568968K->290007K(1013632K), 0,0232830 secs] [Times: user=0,15 sys=0,00, real=0,02 secs] 
2015-09-07T19:40:02.397+0200: 965590,573: [GC2015-09-07T19:40:02.397+0200: 965590,573: [ParNew: 288473K->8633K(314560K), 0,0237350 secs] 569623K->290713K(1013632K), 0,0238430 secs] [Times: user=0,16 sys=0,00, real=0,02 secs] 
2015-09-07T19:40:58.965+0200: 965647,142: [GC2015-09-07T19:40:58.965+0200: 965647,142: [ParNew: 288249K->6628K(314560K), 0,0105560 secs] 570329K->289592K(1013632K), 0,0106890 secs] [Times: user=0,07 sys=0,01, real=0,00 secs] 
2015-09-07T19:41:55.686+0200: 965703,862: [GC2015-09-07T19:41:55.686+0200: 965703,862: [ParNew: 286244K->8449K(314560K), 0,0108800 secs] 569208K->292308K(1013632K), 0,0110180 secs] [Times: user=0,06 sys=0,00, real=0,01 secs] 
2015-09-07T19:42:52.519+0200: 965760,696: [GC2015-09-07T19:42:52.519+0200: 965760,696: [ParNew: 288065K->9892K(314560K), 0,0480030 secs] 571924K->294657K(1013632K), 0,0481210 secs] [Times: user=0,29 sys=0,00, real=0,05 secs] 
2015-09-07T19:43:49.116+0200: 965817,293: [GC2015-09-07T19:43:49.117+0200: 965817,293: [ParNew: 289508K->7591K(314560K), 0,0227500 secs] 574273K->293261K(1013632K), 0,0228540 secs] [Times: user=0,16 sys=0,00, real=0,02 secs] 
2015-09-07T19:44:45.812+0200: 965873,989: [GC2015-09-07T19:44:45.812+0200: 965873,989: [ParNew: 287207K->7921K(314560K), 0,0227220 secs] 572877K->294509K(1013632K), 0,0228360 secs] [Times: user=0,18 sys=0,00, real=0,02 secs] 
2015-09-07T19:45:42.657+0200: 965930,833: [GC2015-09-07T19:45:42.657+0200: 965930,833: [ParNew: 287537K->10097K(314560K), 0,0200640 secs] 574125K->297606K(1013632K), 0,0201870 secs] [Times: user=0,13 sys=0,00, real=0,02 secs] 
2015-09-07T19:46:39.283+0200: 965987,459: [GC2015-09-07T19:46:39.283+0200: 965987,459: [ParNew: 289713K->7847K(314560K), 0,0221220 secs] 577222K->296348K(1013632K), 0,0222290 secs] [Times: user=0,17 sys=0,00, real=0,03 secs] 
2015-09-07T19:47:35.927+0200: 966044,104: [GC2015-09-07T19:47:35.928+0200: 966044,104: [ParNew: 287463K->9513K(314560K), 0,0116860 secs] 575964K->299026K(1013632K), 0,0118030 secs] [Times: user=0,11 sys=0,00, real=0,01 secs] 
2015-09-07T19:48:32.762+0200: 966100,938: [GC2015-09-07T19:48:32.762+0200: 966100,939: [ParNew: 289129K->8790K(314560K), 0,0112820 secs] 578642K->299225K(1013632K), 0,0113900 secs] [Times: user=0,09 sys=0,00, real=0,01 secs] 
2015-09-07T19:49:29.596+0200: 966157,772: [GC2015-09-07T19:49:29.596+0200: 966157,772: [ParNew: 288406K->8398K(314560K), 0,0208730 secs] 578841K->299750K(1013632K), 0,0209930 secs] [Times: user=0,16 sys=0,00, real=0,03 secs] 
2015-09-07T19:50:26.237+0200: 966214,413: [GC2015-09-07T19:50:26.237+0200: 966214,414: [ParNew: 288014K->8420K(314560K), 0,0269860 secs] 579366K->300690K(1013632K), 0,0271100 secs] [Times: user=0,09 sys=0,00, real=0,02 secs] 
2015-09-07T19:51:22.828+0200: 966271,004: [GC2015-09-07T19:51:22.828+0200: 966271,005: [ParNew: 288036K->9223K(314560K), 0,0109700 secs] 580306K->302400K(1013632K), 0,0111150 secs] [Times: user=0,09 sys=0,00, real=0,01 secs] 
2015-09-07T19:52:19.509+0200: 966327,685: [GC2015-09-07T19:52:19.509+0200: 966327,685: [ParNew: 288839K->8634K(314560K), 0,0108910 secs] 582016K->302736K(1013632K), 0,0110100 secs] [Times: user=0,07 sys=0,00, real=0,01 secs] 
2015-09-07T19:53:16.141+0200: 966384,318: [GC2015-09-07T19:53:16.141+0200: 966384,318: [ParNew: 288250K->8771K(314560K), 0,0357360 secs] 582352K->303783K(1013632K), 0,0358840 secs] [Times: user=0,27 sys=0,00, real=0,04 secs] 
2015-09-07T19:54:12.800+0200: 966440,976: [GC2015-09-07T19:54:12.800+0200: 966440,976: [ParNew: 288387K->8904K(314560K), 0,0203540 secs] 583399K->304843K(1013632K), 0,0204910 secs] [Times: user=0,14 sys=0,00, real=0,02 secs] 
2015-09-07T19:55:09.643+0200: 966497,819: [GC2015-09-07T19:55:09.643+0200: 966497,819: [ParNew: 288520K->7520K(314560K), 0,0121470 secs] 584459K->304485K(1013632K), 0,0122670 secs] [Times: user=0,09 sys=0,00, real=0,01 secs] 
2015-09-07T19:56:06.319+0200: 966554,496: [GC2015-09-07T19:56:06.319+0200: 966554,496: [ParNew: 287136K->9770K(314560K), 0,0287060 secs] 584101K->307737K(1013632K), 0,0288360 secs] [Times: user=0,17 sys=0,00, real=0,03 secs] 
2015-09-07T19:57:02.828+0200: 966611,004: [GC2015-09-07T19:57:02.828+0200: 966611,005: [ParNew: 289386K->8265K(314560K), 0,0131620 secs] 587353K->307143K(1013632K), 0,0132810 secs] [Times: user=0,11 sys=0,00, real=0,01 secs] 
2015-09-07T19:57:59.446+0200: 966667,623: [GC2015-09-07T19:57:59.446+0200: 966667,623: [ParNew: 287881K->9202K(314560K), 0,0148100 secs] 586759K->309015K(1013632K), 0,0149250 secs] [Times: user=0,11 sys=0,00, real=0,01 secs] 
2015-09-07T19:58:56.009+0200: 966724,186: [GC2015-09-07T19:58:56.009+0200: 966724,186: [ParNew: 288818K->9126K(314560K), 0,0117110 secs] 588631K->309856K(1013632K), 0,0118330 secs] [Times: user=0,07 sys=0,00, real=0,01 secs] 
2015-09-07T19:59:52.643+0200: 966780,819: [GC2015-09-07T19:59:52.643+0200: 966780,819: [ParNew: 288742K->8504K(314560K), 0,0109030 secs] 589472K->310153K(1013632K), 0,0110300 secs] [Times: user=0,09 sys=0,00, real=0,01 secs] 
2015-09-07T20:00:49.389+0200: 966837,565: [GC2015-09-07T20:00:49.389+0200: 966837,565: [ParNew: 288120K->10044K(314560K), 0,0117670 secs] 589769K->312603K(1013632K), 0,0118860 secs] [Times: user=0,08 sys=0,00, real=0,01 secs] 
2015-09-07T20:01:46.164+0200: 966894,341: [GC2015-09-07T20:01:46.164+0200: 966894,341: [ParNew: 289660K->7717K(314560K), 0,0105110 secs] 592219K->311190K(1013632K), 0,0106320 secs] [Times: user=0,07 sys=0,00, real=0,00 secs] 
2015-09-07T20:02:42.864+0200: 966951,041: [GC2015-09-07T20:02:42.865+0200: 966951,041: [ParNew: 287333K->9395K(314560K), 0,2594960 secs] 590806K->313814K(1013632K), 0,2595790 secs] [Times: user=1,89 sys=0,00, real=0,25 secs] 
2015-09-07T20:03:39.775+0200: 967007,951: [GC2015-09-07T20:03:39.775+0200: 967007,951: [ParNew: 289011K->10229K(314560K), 0,0120540 secs] 593430K->315640K(1013632K), 0,0121660 secs] [Times: user=0,08 sys=0,00, real=0,02 secs] 
2015-09-07T20:04:36.569+0200: 967064,745: [GC2015-09-07T20:04:36.569+0200: 967064,746: [ParNew: 289845K->7439K(314560K), 0,0117640 secs] 595256K->313855K(1013632K), 0,0118910 secs] [Times: user=0,08 sys=0,01, real=0,01 secs] 
2015-09-07T20:05:33.105+0200: 967121,281: [GC2015-09-07T20:05:33.105+0200: 967121,281: [ParNew: 287055K->8848K(314560K), 0,0094890 secs] 593471K->316178K(1013632K), 0,0096160 secs] [Times: user=0,08 sys=0,00, real=0,00 secs] 
2015-09-07T20:06:29.825+0200: 967178,001: [GC2015-09-07T20:06:29.825+0200: 967178,001: [ParNew: 288464K->8980K(314560K), 0,0268950 secs] 595794K->317230K(1013632K), 0,0270260 secs] [Times: user=0,18 sys=0,00, real=0,02 secs] 
2015-09-07T20:07:26.478+0200: 967234,655: [GC2015-09-07T20:07:26.478+0200: 967234,655: [ParNew: 288596K->8395K(314560K), 0,0225790 secs] 596846K->317568K(1013632K), 0,0226970 secs] [Times: user=0,15 sys=0,00, real=0,02 secs] 
2015-09-07T20:08:22.828+0200: 967291,004: [GC2015-09-07T20:08:22.828+0200: 967291,004: [ParNew: 288011K->9220K(314560K), 0,0284930 secs] 597184K->319310K(1013632K), 0,0286010 secs] [Times: user=0,20 sys=0,00, real=0,03 secs] 
2015-09-07T20:09:19.518+0200: 967347,695: [GC2015-09-07T20:09:19.518+0200: 967347,695: [ParNew: 288836K->8646K(314560K), 0,0124850 secs] 598926K->319662K(1013632K), 0,0125880 secs] [Times: user=0,09 sys=0,00, real=0,01 secs] 
2015-09-07T20:10:16.143+0200: 967404,320: [GC2015-09-07T20:10:16.143+0200: 967404,320: [ParNew: 288262K->8772K(314560K), 0,0108600 secs] 599278K->320704K(1013632K), 0,0109960 secs] [Times: user=0,08 sys=0,00, real=0,01 secs] 
2015-09-07T20:11:12.777+0200: 967460,953: [GC2015-09-07T20:11:12.777+0200: 967460,953: [ParNew: 288388K->9647K(314560K), 0,0279820 secs] 600320K->322524K(1013632K), 0,0281040 secs] [Times: user=0,18 sys=0,00, real=0,03 secs] 
2015-09-07T20:12:09.166+0200: 967517,343: [GC2015-09-07T20:12:09.166+0200: 967517,343: [ParNew: 289263K->10523K(314560K), 0,0269630 secs] 602140K->324391K(1013632K), 0,0270930 secs] [Times: user=0,18 sys=0,00, real=0,02 secs] 
2015-09-07T20:13:05.794+0200: 967573,971: [GC2015-09-07T20:13:05.794+0200: 967573,971: [ParNew: 290139K->8041K(314560K), 0,0100940 secs] 604007K->322914K(1013632K), 0,0102130 secs] [Times: user=0,08 sys=0,00, real=0,02 secs] 
2015-09-07T20:14:02.352+0200: 967630,528: [GC2015-09-07T20:14:02.352+0200: 967630,528: [ParNew: 287657K->8941K(314560K), 0,0127820 secs] 602530K->324746K(1013632K), 0,0129060 secs] [Times: user=0,10 sys=0,00, real=0,02 secs] 
2015-09-07T20:14:59.093+0200: 967687,269: [GC2015-09-07T20:14:59.093+0200: 967687,269: [ParNew: 288557K->8377K(314560K), 0,0106610 secs] 604362K->325103K(1013632K), 0,0107860 secs] [Times: user=0,06 sys=0,00, real=0,01 secs] 
2015-09-07T20:15:55.926+0200: 967744,102: [GC2015-09-07T20:15:55.926+0200: 967744,102: [ParNew: 287993K->9900K(314560K), 0,0213590 secs] 604719K->327553K(1013632K), 0,0214850 secs] [Times: user=0,13 sys=0,00, real=0,02 secs] 
2015-09-07T20:16:52.504+0200: 967800,681: [GC2015-09-07T20:16:52.504+0200: 967800,681: [ParNew: 289516K->7589K(314560K), 0,0234840 secs] 607169K->326173K(1013632K), 0,0236020 secs] [Times: user=0,15 sys=0,00, real=0,03 secs] 
2015-09-07T20:17:49.072+0200: 967857,248: [GC2015-09-07T20:17:49.072+0200: 967857,248: [ParNew: 287205K->8552K(314560K), 0,0291080 secs] 605789K->328086K(1013632K), 0,0292030 secs] [Times: user=0,18 sys=0,00, real=0,03 secs] 
2015-09-07T20:18:45.814+0200: 967913,991: [GC2015-09-07T20:18:45.814+0200: 967913,991: [ParNew: 288168K->10041K(314560K), 0,0227050 secs] 607702K->330488K(1013632K), 0,0228430 secs] [Times: user=0,12 sys=0,00, real=0,03 secs] 
2015-09-07T20:19:42.659+0200: 967970,836: [GC2015-09-07T20:19:42.659+0200: 967970,836: [ParNew: 289657K->7828K(314560K), 0,0240830 secs] 610104K->329238K(1013632K), 0,0242010 secs] [Times: user=0,19 sys=0,00, real=0,02 secs] 
2015-09-07T20:20:39.237+0200: 968027,414: [GC2015-09-07T20:20:39.237+0200: 968027,414: [ParNew: 287444K->8853K(314560K), 0,0234570 secs] 608854K->331259K(1013632K), 0,0235810 secs] [Times: user=0,16 sys=0,00, real=0,02 secs] 
2015-09-07T20:21:35.807+0200: 968083,984: [GC2015-09-07T20:21:35.807+0200: 968083,984: [ParNew: 288469K->10300K(314560K), 0,0210730 secs] 610875K->333707K(1013632K), 0,0211860 secs] [Times: user=0,16 sys=0,00, real=0,02 secs] 
2015-09-07T20:22:32.196+0200: 968140,373: [GC2015-09-07T20:22:32.196+0200: 968140,373: [ParNew: 289916K->7934K(314560K), 0,0124100 secs] 613323K->332263K(1013632K), 0,0125310 secs] [Times: user=0,06 sys=0,00, real=0,01 secs] 
2015-09-07T20:23:28.917+0200: 968197,094: [GC2015-09-07T20:23:28.917+0200: 968197,094: [ParNew: 287550K->8746K(314560K), 0,0120410 secs] 611879K->334012K(1013632K), 0,0121710 secs] [Times: user=0,08 sys=0,00, real=0,01 secs] 
2015-09-07T20:24:25.595+0200: 968253,771: [GC2015-09-07T20:24:25.595+0200: 968253,771: [ParNew: 288362K->7833K(314560K), 0,0111170 secs] 613628K->334034K(1013632K), 0,0112260 secs] [Times: user=0,10 sys=0,00, real=0,02 secs] 
2015-09-07T20:25:22.428+0200: 968310,604: [GC2015-09-07T20:25:22.428+0200: 968310,604: [ParNew: 287449K->8244K(314560K), 0,0108850 secs] 613650K->335360K(1013632K), 0,0110150 secs] [Times: user=0,09 sys=0,00, real=0,01 secs] 
2015-09-07T20:26:19.070+0200: 968367,247: [GC2015-09-07T20:26:19.070+0200: 968367,247: [ParNew: 287860K->8426K(314560K), 0,0154220 secs] 614976K->336447K(1013632K), 0,0155130 secs] [Times: user=0,11 sys=0,00, real=0,02 secs] 
2015-09-07T20:27:15.630+0200: 968423,807: [GC2015-09-07T20:27:15.630+0200: 968423,807: [ParNew: 288042K->6148K(314560K), 0,0099570 secs] 616063K->335086K(1013632K), 0,0100770 secs] [Times: user=0,08 sys=0,00, real=0,01 secs] 
2015-09-07T20:28:12.126+0200: 968480,303: [GC2015-09-07T20:28:12.126+0200: 968480,303: [ParNew: 285764K->7109K(314560K), 0,0095000 secs] 614702K->337012K(1013632K), 0,0096420 secs] [Times: user=0,07 sys=0,00, real=0,00 secs] 
2015-09-07T20:29:08.744+0200: 968536,920: [GC2015-09-07T20:29:08.744+0200: 968536,920: [ParNew: 286725K->5049K(314560K), 0,0089560 secs] 616628K->335763K(1013632K), 0,0090710 secs] [Times: user=0,07 sys=0,00, real=0,01 secs] 
2015-09-07T20:30:05.298+0200: 968593,475: [GC2015-09-07T20:30:05.298+0200: 968593,475: [ParNew: 284665K->6942K(314560K), 0,0089570 secs] 615379K->338226K(1013632K), 0,0091160 secs] [Times: user=0,06 sys=0,00, real=0,01 secs] 
2015-09-07T20:31:01.972+0200: 968650,148: [GC2015-09-07T20:31:01.972+0200: 968650,148: [ParNew: 286558K->4573K(314560K), 0,0088670 secs] 617842K->336350K(1013632K), 0,0089940 secs] [Times: user=0,05 sys=0,00, real=0,01 secs] 
2015-09-07T20:31:58.803+0200: 968706,979: [GC2015-09-07T20:31:58.803+0200: 968706,979: [ParNew: 284189K->5050K(314560K), 0,0083300 secs] 615966K->337338K(1013632K), 0,0084430 secs] [Times: user=0,04 sys=0,00, real=0,01 secs] 
2015-09-07T20:32:55.447+0200: 968763,624: [GC2015-09-07T20:32:55.448+0200: 968763,624: [ParNew: 284666K->6204K(314560K), 0,0075320 secs] 616954K->339041K(1013632K), 0,0076570 secs] [Times: user=0,07 sys=0,00, real=0,00 secs] 
2015-09-07T20:33:52.132+0200: 968820,309: [GC2015-09-07T20:33:52.133+0200: 968820,309: [ParNew: 285820K->4504K(314560K), 0,0084540 secs] 618657K->338008K(1013632K), 0,0085790 secs] [Times: user=0,06 sys=0,00, real=0,01 secs] 
2015-09-07T20:34:48.878+0200: 968877,055: [GC2015-09-07T20:34:48.878+0200: 968877,055: [ParNew: 284120K->5571K(314560K), 0,0102790 secs] 617624K->339484K(1013632K), 0,0104290 secs] [Times: user=0,06 sys=0,00, real=0,01 secs] 
2015-09-07T20:35:45.711+0200: 968933,887: [GC2015-09-07T20:35:45.711+0200: 968933,887: [ParNew: 285187K->7566K(314560K), 0,0078000 secs] 619100K->341935K(1013632K), 0,0079620 secs] [Times: user=0,07 sys=0,00, real=0,01 secs] 
2015-09-07T20:36:42.268+0200: 968990,444: [GC2015-09-07T20:36:42.268+0200: 968990,445: [ParNew: 287182K->6254K(314560K), 0,0082550 secs] 621551K->341175K(1013632K), 0,0083850 secs] [Times: user=0,07 sys=0,00, real=0,01 secs] 
2015-09-07T20:37:38.963+0200: 969047,139: [GC2015-09-07T20:37:38.963+0200: 969047,139: [ParNew: 285870K->8181K(314560K), 0,0089620 secs] 620791K->343680K(1013632K), 0,0090910 secs] [Times: user=0,07 sys=0,00, real=0,01 secs] 
2015-09-07T20:38:35.794+0200: 969103,971: [GC2015-09-07T20:38:35.794+0200: 969103,971: [ParNew: 287797K->8288K(314560K), 0,0095370 secs] 623296K->344405K(1013632K), 0,0096600 secs] [Times: user=0,07 sys=0,00, real=0,01 secs] 
2015-09-07T20:39:32.401+0200: 969160,578: [GC2015-09-07T20:39:32.401+0200: 969160,578: [ParNew: 287904K->8373K(314560K), 0,0099990 secs] 624021K->345132K(1013632K), 0,0101190 secs] [Times: user=0,06 sys=0,00, real=0,01 secs] 
2015-09-07T20:40:29.808+0200: 969217,985: [GC2015-09-07T20:40:29.808+0200: 969217,985: [ParNew: 287989K->8837K(314560K), 0,0101940 secs] 624748K->346456K(1013632K), 0,0103240 secs] [Times: user=0,07 sys=0,00, real=0,01 secs] 
2015-09-07T20:41:26.470+0200: 969274,647: [GC2015-09-07T20:41:26.470+0200: 969274,647: [ParNew: 288453K->8438K(314560K), 0,0109540 secs] 626072K->346957K(1013632K), 0,0110720 secs] [Times: user=0,09 sys=0,00, real=0,01 secs] 
2015-09-07T20:42:23.105+0200: 969331,281: [GC2015-09-07T20:42:23.105+0200: 969331,281: [ParNew: 288054K->9322K(314560K), 0,0104390 secs] 626573K->348753K(1013632K), 0,0105600 secs] [Times: user=0,06 sys=0,00, real=0,00 secs] 
2015-09-07T20:43:19.926+0200: 969388,102: [GC2015-09-07T20:43:19.926+0200: 969388,102: [ParNew: 288938K->9469K(314560K), 0,0100300 secs] 628369K->349800K(1013632K), 0,0101350 secs] [Times: user=0,07 sys=0,00, real=0,00 secs] 
2015-09-07T20:44:16.634+0200: 969444,810: [GC2015-09-07T20:44:16.634+0200: 969444,810: [ParNew: 289085K->7405K(314560K), 0,0127690 secs] 629416K->348678K(1013632K), 0,0128960 secs] [Times: user=0,10 sys=0,00, real=0,02 secs] 
2015-09-07T20:45:13.105+0200: 969501,281: [GC2015-09-07T20:45:13.105+0200: 969501,281: [ParNew: 287021K->8983K(314560K), 0,0105700 secs] 628294K->351264K(1013632K), 0,0106860 secs] [Times: user=0,06 sys=0,00, real=0,00 secs] 
2015-09-07T20:46:10.145+0200: 969558,321: [GC2015-09-07T20:46:10.145+0200: 969558,322: [ParNew: 288599K->8980K(314560K), 0,0119500 secs] 630880K->352280K(1013632K), 0,0120710 secs] [Times: user=0,06 sys=0,01, real=0,01 secs] 
2015-09-07T20:47:06.761+0200: 969614,937: [GC2015-09-07T20:47:06.761+0200: 969614,937: [ParNew: 288596K->8972K(314560K), 0,0111160 secs] 631896K->353178K(1013632K), 0,0112570 secs] [Times: user=0,06 sys=0,01, real=0,01 secs] 
2015-09-07T20:48:03.446+0200: 969671,622: [GC2015-09-07T20:48:03.446+0200: 969671,622: [ParNew: 288588K->9862K(314560K), 0,0134300 secs] 632794K->354983K(1013632K), 0,0135760 secs] [Times: user=0,08 sys=0,00, real=0,01 secs] 
2015-09-07T20:49:00.282+0200: 969728,458: [GC2015-09-07T20:49:00.282+0200: 969728,458: [ParNew: 289478K->7903K(314560K), 0,0113890 secs] 634599K->353940K(1013632K), 0,0115220 secs] [Times: user=0,08 sys=0,00, real=0,01 secs] 
2015-09-07T20:49:56.846+0200: 969785,023: [GC2015-09-07T20:49:56.846+0200: 969785,023: [ParNew: 287519K->8999K(314560K), 0,0104080 secs] 633556K->355949K(1013632K), 0,0105160 secs] [Times: user=0,08 sys=0,00, real=0,01 secs] 
2015-09-07T20:50:53.538+0200: 969841,714: [GC2015-09-07T20:50:53.538+0200: 969841,714: [ParNew: 288615K->9813K(314560K), 0,0281470 secs] 635565K->357661K(1013632K), 0,0282520 secs] [Times: user=0,22 sys=0,00, real=0,03 secs] 
2015-09-07T20:51:50.388+0200: 969898,565: [GC2015-09-07T20:51:50.388+0200: 969898,565: [ParNew: 289429K->7643K(314560K), 0,0110160 secs] 637277K->356419K(1013632K), 0,0111410 secs] [Times: user=0,07 sys=0,00, real=0,01 secs] 
2015-09-07T20:52:47.007+0200: 969955,183: [GC2015-09-07T20:52:47.007+0200: 969955,183: [ParNew: 287259K->8685K(314560K), 0,0218770 secs] 636035K->358404K(1013632K), 0,0220050 secs] [Times: user=0,12 sys=0,00, real=0,02 secs] 
2015-09-07T20:53:44.076+0200: 970012,252: [GC2015-09-07T20:53:44.076+0200: 970012,252: [ParNew: 288301K->9462K(314560K), 0,0110390 secs] 638020K->360187K(1013632K), 0,0111330 secs] [Times: user=0,07 sys=0,00, real=0,02 secs] 
2015-09-07T20:54:40.874+0200: 970069,050: [GC2015-09-07T20:54:40.874+0200: 970069,050: [ParNew: 289078K->9635K(314560K), 0,0111030 secs] 639803K->361356K(1013632K), 0,0112270 secs] [Times: user=0,07 sys=0,00, real=0,02 secs] 
2015-09-07T20:55:37.177+0200: 970125,354: [GC2015-09-07T20:55:37.177+0200: 970125,354: [ParNew: 289251K->10424K(314560K), 0,0078360 secs] 640972K->363053K(1013632K), 0,0079390 secs] [Times: user=0,06 sys=0,00, real=0,01 secs] 
2015-09-07T20:56:33.929+0200: 970182,105: [GC2015-09-07T20:56:33.929+0200: 970182,106: [ParNew: 290040K->6683K(314560K), 0,0105670 secs] 642669K->360216K(1013632K), 0,0106900 secs] [Times: user=0,06 sys=0,00, real=0,01 secs] 
2015-09-07T20:57:30.762+0200: 970238,939: [GC2015-09-07T20:57:30.762+0200: 970238,939: [ParNew: 286299K->8947K(314560K), 0,0111030 secs] 639832K->363400K(1013632K), 0,0112510 secs] [Times: user=0,09 sys=0,00, real=0,01 secs] 
2015-09-07T20:58:27.596+0200: 970295,772: [GC2015-09-07T20:58:27.596+0200: 970295,772: [ParNew: 288563K->9032K(314560K), 0,0281290 secs] 643016K->364403K(1013632K), 0,0282490 secs] [Times: user=0,09 sys=0,00, real=0,03 secs] 
2015-09-07T20:59:24.446+0200: 970352,623: [GC2015-09-07T20:59:24.446+0200: 970352,623: [ParNew: 288648K->8602K(314560K), 0,0117160 secs] 644019K->364875K(1013632K), 0,0118210 secs] [Times: user=0,08 sys=0,00, real=0,01 secs] 
2015-09-07T21:00:21.334+0200: 970409,510: [GC2015-09-07T21:00:21.334+0200: 970409,510: [ParNew: 288218K->10251K(314560K), 0,0291950 secs] 644491K->367435K(1013632K), 0,0293280 secs] [Times: user=0,08 sys=0,00, real=0,03 secs] 
2015-09-07T21:01:18.102+0200: 970466,279: [GC2015-09-07T21:01:18.103+0200: 970466,279: [ParNew: 289867K->7417K(314560K), 0,0112360 secs] 647051K->365570K(1013632K), 0,0113630 secs] [Times: user=0,09 sys=0,00, real=0,01 secs] 
2015-09-07T21:02:14.936+0200: 970523,113: [GC2015-09-07T21:02:14.936+0200: 970523,113: [ParNew: 287033K->9506K(314560K), 0,0113110 secs] 645186K->368665K(1013632K), 0,0114260 secs] [Times: user=0,09 sys=0,00, real=0,02 secs] 
2015-09-07T21:03:11.770+0200: 970579,946: [GC2015-09-07T21:03:11.770+0200: 970579,947: [ParNew: 289122K->8809K(314560K), 0,0109400 secs] 648281K->368968K(1013632K), 0,0110680 secs] [Times: user=0,08 sys=0,00, real=0,01 secs] 
2015-09-07T21:04:08.606+0200: 970636,782: [GC2015-09-07T21:04:08.606+0200: 970636,782: [ParNew: 288425K->8978K(314560K), 0,0289210 secs] 648584K->370057K(1013632K), 0,0290360 secs] [Times: user=0,19 sys=0,00, real=0,02 secs] 
2015-09-07T21:05:05.550+0200: 970693,726: [GC2015-09-07T21:05:05.550+0200: 970693,726: [ParNew: 288594K->8542K(314560K), 0,0114600 secs] 649673K->370548K(1013632K), 0,0116000 secs] [Times: user=0,08 sys=0,00, real=0,01 secs] 
2015-09-07T21:06:02.280+0200: 970750,457: [GC2015-09-07T21:06:02.280+0200: 970750,457: [ParNew: 288158K->9197K(314560K), 0,0117610 secs] 650164K->372119K(1013632K), 0,0118870 secs] [Times: user=0,07 sys=0,01, real=0,01 secs] 
2015-09-07T21:06:59.114+0200: 970807,291: [GC2015-09-07T21:06:59.114+0200: 970807,291: [ParNew: 288813K->8578K(314560K), 0,0100880 secs] 651735K->372405K(1013632K), 0,0102300 secs] [Times: user=0,08 sys=0,00, real=0,02 secs] 
2015-09-07T21:07:55.947+0200: 970864,123: [GC2015-09-07T21:07:55.947+0200: 970864,123: [ParNew: 288194K->8710K(314560K), 0,0110400 secs] 652021K->373471K(1013632K), 0,0111640 secs] [Times: user=0,09 sys=0,00, real=0,01 secs] 
2015-09-07T21:08:52.780+0200: 970920,957: [GC2015-09-07T21:08:52.780+0200: 970920,957: [ParNew: 288326K->8821K(314560K), 0,0105910 secs] 653087K->374500K(1013632K), 0,0107180 secs] [Times: user=0,08 sys=0,00, real=0,01 secs] 
2015-09-07T21:09:49.413+0200: 970977,590: [GC2015-09-07T21:09:49.413+0200: 970977,590: [ParNew: 288437K->8926K(314560K), 0,0114050 secs] 654116K->375596K(1013632K), 0,0115260 secs] [Times: user=0,06 sys=0,00, real=0,02 secs] 
2015-09-07T21:10:46.247+0200: 971034,423: [GC2015-09-07T21:10:46.247+0200: 971034,423: [ParNew: 288542K->8979K(314560K), 0,0113340 secs] 655212K->376631K(1013632K), 0,0114560 secs] [Times: user=0,09 sys=0,00, real=0,01 secs] 
2015-09-07T21:11:42.828+0200: 971091,004: [GC2015-09-07T21:11:42.828+0200: 971091,004: [ParNew: 288595K->9795K(314560K), 0,0109690 secs] 656247K->378455K(1013632K), 0,0110960 secs] [Times: user=0,09 sys=0,00, real=0,01 secs] 
2015-09-07T21:12:39.858+0200: 971148,034: [GC2015-09-07T21:12:39.858+0200: 971148,035: [ParNew: 289411K->9039K(314560K), 0,0102860 secs] 658071K->378620K(1013632K), 0,0104460 secs] [Times: user=0,08 sys=0,00, real=0,01 secs] 
2015-09-07T21:13:36.524+0200: 971204,701: [GC2015-09-07T21:13:36.524+0200: 971204,701: [ParNew: 288655K->9290K(314560K), 0,0248750 secs] 658236K->379792K(1013632K), 0,0250050 secs] [Times: user=0,09 sys=0,00, real=0,03 secs] 
2015-09-07T21:14:33.105+0200: 971261,281: [GC2015-09-07T21:14:33.105+0200: 971261,281: [ParNew: 288906K->9264K(314560K), 0,0092810 secs] 659408K->380672K(1013632K), 0,0093850 secs] [Times: user=0,07 sys=0,00, real=0,00 secs] 
2015-09-07T21:15:29.713+0200: 971317,890: [GC2015-09-07T21:15:29.713+0200: 971317,890: [ParNew: 288880K->8654K(314560K), 0,0125810 secs] 660288K->380992K(1013632K), 0,0127020 secs] [Times: user=0,08 sys=0,00, real=0,02 secs] 
2015-09-07T21:16:26.416+0200: 971374,593: [GC2015-09-07T21:16:26.416+0200: 971374,593: [ParNew: 288270K->9477K(314560K), 0,0132200 secs] 660608K->382754K(1013632K), 0,0133470 secs] [Times: user=0,08 sys=0,00, real=0,01 secs] 
2015-09-07T21:17:23.105+0200: 971431,281: [GC2015-09-07T21:17:23.105+0200: 971431,281: [ParNew: 289093K->8846K(314560K), 0,0148980 secs] 662370K->383030K(1013632K), 0,0150030 secs] [Times: user=0,08 sys=0,00, real=0,01 secs] 
2015-09-07T21:18:19.864+0200: 971488,040: [GC2015-09-07T21:18:19.864+0200: 971488,041: [ParNew: 288462K->8980K(314560K), 0,0114790 secs] 662646K->384170K(1013632K), 0,0116050 secs] [Times: user=0,10 sys=0,00, real=0,01 secs] 
2015-09-07T21:19:16.498+0200: 971544,674: [GC2015-09-07T21:19:16.498+0200: 971544,674: [ParNew: 288596K->9770K(314560K), 0,0132160 secs] 663786K->385967K(1013632K), 0,0133430 secs] [Times: user=0,08 sys=0,00, real=0,01 secs] 
2015-09-07T21:20:13.105+0200: 971601,281: [GC2015-09-07T21:20:13.105+0200: 971601,281: [ParNew: 289386K->9022K(314560K), 0,0088280 secs] 665583K->386139K(1013632K), 0,0089470 secs] [Times: user=0,07 sys=0,00, real=0,00 secs] 
2015-09-07T21:21:09.756+0200: 971657,932: [GC2015-09-07T21:21:09.756+0200: 971657,932: [ParNew: 288638K->9906K(314560K), 0,0284650 secs] 665755K->387932K(1013632K), 0,0285940 secs] [Times: user=0,08 sys=0,00, real=0,04 secs] 
2015-09-07T21:22:06.607+0200: 971714,783: [GC2015-09-07T21:22:06.607+0200: 971714,783: [ParNew: 289522K->7494K(314560K), 0,0112920 secs] 667548K->386443K(1013632K), 0,0114220 secs] [Times: user=0,09 sys=0,00, real=0,01 secs] 
2015-09-07T21:23:03.169+0200: 971771,346: [GC2015-09-07T21:23:03.169+0200: 971771,346: [ParNew: 287110K->9045K(314560K), 0,0106780 secs] 666059K->388915K(1013632K), 0,0107900 secs] [Times: user=0,06 sys=0,00, real=0,01 secs] 
2015-09-07T21:23:59.799+0200: 971827,976: [GC2015-09-07T21:23:59.799+0200: 971827,976: [ParNew: 288661K->8555K(314560K), 0,0112710 secs] 668531K->389351K(1013632K), 0,0113890 secs] [Times: user=0,09 sys=0,00, real=0,01 secs] 
2015-09-07T21:24:56.485+0200: 971884,661: [GC2015-09-07T21:24:56.485+0200: 971884,661: [ParNew: 288171K->7963K(314560K), 0,0109250 secs] 668967K->389673K(1013632K), 0,0110310 secs] [Times: user=0,07 sys=0,01, real=0,00 secs] 
2015-09-07T21:25:53.105+0200: 971941,281: [GC2015-09-07T21:25:53.105+0200: 971941,281: [ParNew: 287579K->6245K(314560K), 0,0089450 secs] 669289K->388896K(1013632K), 0,0090490 secs] [Times: user=0,07 sys=0,00, real=0,00 secs] 
2015-09-07T21:26:49.802+0200: 971997,979: [GC2015-09-07T21:26:49.802+0200: 971997,979: [ParNew: 285861K->7165K(314560K), 0,0093450 secs] 668512K->390817K(1013632K), 0,0094470 secs] [Times: user=0,07 sys=0,00, real=0,01 secs] 
2015-09-07T21:27:46.166+0200: 972054,343: [GC2015-09-07T21:27:46.166+0200: 972054,343: [ParNew: 286781K->6009K(314560K), 0,0106690 secs] 670433K->390675K(1013632K), 0,0108000 secs] [Times: user=0,05 sys=0,01, real=0,01 secs] 
2015-09-07T21:28:42.732+0200: 972110,909: [GC2015-09-07T21:28:42.732+0200: 972110,909: [ParNew: 285625K->6371K(314560K), 0,0082930 secs] 670291K->391682K(1013632K), 0,0084100 secs] [Times: user=0,07 sys=0,00, real=0,01 secs] 
2015-09-07T21:29:39.406+0200: 972167,582: [GC2015-09-07T21:29:39.406+0200: 972167,583: [ParNew: 285987K->5697K(314560K), 0,0078270 secs] 671298K->391793K(1013632K), 0,0079500 secs] [Times: user=0,06 sys=0,00, real=0,00 secs] 
2015-09-07T21:30:36.237+0200: 972224,413: [GC2015-09-07T21:30:36.237+0200: 972224,413: [ParNew: 285313K->5080K(314560K), 0,0082980 secs] 671409K->391666K(1013632K), 0,0084350 secs] [Times: user=0,05 sys=0,00, real=0,01 secs] 
2015-09-07T21:31:33.062+0200: 972281,238: [GC2015-09-07T21:31:33.062+0200: 972281,238: [ParNew: 284696K->4480K(314560K), 0,0063320 secs] 671282K->391559K(1013632K), 0,0064430 secs] [Times: user=0,03 sys=0,01, real=0,01 secs] 
2015-09-07T21:32:29.618+0200: 972337,795: [GC2015-09-07T21:32:29.618+0200: 972337,795: [ParNew: 284096K->5332K(314560K), 0,0078230 secs] 671175K->392928K(1013632K), 0,0079350 secs] [Times: user=0,06 sys=0,00, real=0,01 secs] 
2015-09-07T21:33:26.312+0200: 972394,489: [GC2015-09-07T21:33:26.312+0200: 972394,489: [ParNew: 284948K->4953K(314560K), 0,0081030 secs] 672544K->393080K(1013632K), 0,0082640 secs] [Times: user=0,05 sys=0,00, real=0,01 secs] 
2015-09-07T21:34:23.105+0200: 972451,281: [GC2015-09-07T21:34:23.105+0200: 972451,281: [ParNew: 284569K->6285K(314560K), 0,0084600 secs] 672696K->394865K(1013632K), 0,0085750 secs] [Times: user=0,05 sys=0,00, real=0,00 secs] 
2015-09-07T21:35:19.763+0200: 972507,940: [GC2015-09-07T21:35:19.763+0200: 972507,940: [ParNew: 285901K->6300K(314560K), 0,0083750 secs] 674481K->395366K(1013632K), 0,0085020 secs] [Times: user=0,05 sys=0,00, real=0,01 secs] 
2015-09-07T21:36:16.394+0200: 972564,571: [GC2015-09-07T21:36:16.394+0200: 972564,571: [ParNew: 285916K->7538K(314560K), 0,0087540 secs] 674982K->397157K(1013632K), 0,0088590 secs] [Times: user=0,06 sys=0,00, real=0,01 secs] 
2015-09-07T21:37:13.105+0200: 972621,281: [GC2015-09-07T21:37:13.105+0200: 972621,281: [ParNew: 287154K->8268K(314560K), 0,0073300 secs] 676773K->398363K(1013632K), 0,0074520 secs] [Times: user=0,04 sys=0,00, real=0,00 secs] 
2015-09-07T21:38:09.849+0200: 972678,025: [GC2015-09-07T21:38:09.849+0200: 972678,025: [ParNew: 287884K->5970K(314560K), 0,0079600 secs] 677979K->396686K(1013632K), 0,0080860 secs] [Times: user=0,06 sys=0,01, real=0,01 secs] 
2015-09-07T21:39:06.465+0200: 972734,642: [GC2015-09-07T21:39:06.465+0200: 972734,642: [ParNew: 285586K->8672K(314560K), 0,0087320 secs] 676302K->400010K(1013632K), 0,0088550 secs] [Times: user=0,07 sys=0,00, real=0,00 secs] 
2015-09-07T21:40:03.101+0200: 972791,277: [GC2015-09-07T21:40:03.101+0200: 972791,277: [ParNew: 288288K->9288K(314560K), 0,0100670 secs] 679626K->401459K(1013632K), 0,0101620 secs] [Times: user=0,05 sys=0,00, real=0,01 secs] 
2015-09-07T21:40:59.933+0200: 972848,110: [GC2015-09-07T21:40:59.933+0200: 972848,110: [ParNew: 288904K->8393K(314560K), 0,0112510 secs] 681075K->401454K(1013632K), 0,0113720 secs] [Times: user=0,06 sys=0,01, real=0,02 secs] 
2015-09-07T21:41:56.767+0200: 972904,944: [GC2015-09-07T21:41:56.767+0200: 972904,944: [ParNew: 288009K->7893K(314560K), 0,0100610 secs] 681070K->401840K(1013632K), 0,0101970 secs] [Times: user=0,08 sys=0,00, real=0,01 secs] 
2015-09-07T21:42:53.602+0200: 972961,778: [GC2015-09-07T21:42:53.602+0200: 972961,778: [ParNew: 287509K->8769K(314560K), 0,0140520 secs] 681456K->403641K(1013632K), 0,0141610 secs] [Times: user=0,07 sys=0,00, real=0,01 secs] 
2015-09-07T21:43:50.238+0200: 973018,415: [GC2015-09-07T21:43:50.238+0200: 973018,415: [ParNew: 288385K->9627K(314560K), 0,0118440 secs] 683257K->405488K(1013632K), 0,0119890 secs] [Times: user=0,09 sys=0,00, real=0,01 secs] 
2015-09-07T21:44:47.072+0200: 973075,249: [GC2015-09-07T21:44:47.072+0200: 973075,249: [ParNew: 289243K->8931K(314560K), 0,0104290 secs] 685104K->405780K(1013632K), 0,0105770 secs] [Times: user=0,06 sys=0,00, real=0,01 secs] 
2015-09-07T21:45:43.800+0200: 973131,976: [GC2015-09-07T21:45:43.800+0200: 973131,976: [ParNew: 288547K->8218K(314560K), 0,0107910 secs] 685396K->405979K(1013632K), 0,0109200 secs] [Times: user=0,07 sys=0,00, real=0,01 secs] 
2015-09-07T21:46:40.856+0200: 973189,033: [GC2015-09-07T21:46:40.856+0200: 973189,033: [ParNew: 287834K->9191K(314560K), 0,0104500 secs] 685595K->407865K(1013632K), 0,0105890 secs] [Times: user=0,07 sys=0,00, real=0,01 secs] 
2015-09-07T21:47:37.414+0200: 973245,591: [GC2015-09-07T21:47:37.414+0200: 973245,591: [ParNew: 288807K->9147K(314560K), 0,0107440 secs] 687481K->408720K(1013632K), 0,0108620 secs] [Times: user=0,10 sys=0,00, real=0,02 secs] 
2015-09-07T21:48:34.172+0200: 973302,348: [GC2015-09-07T21:48:34.172+0200: 973302,348: [ParNew: 288763K->8564K(314560K), 0,0117860 secs] 688336K->409051K(1013632K), 0,0119100 secs] [Times: user=0,07 sys=0,00, real=0,01 secs] 
2015-09-07T21:49:31.006+0200: 973359,182: [GC2015-09-07T21:49:31.006+0200: 973359,182: [ParNew: 288180K->10143K(314560K), 0,0233050 secs] 688667K->411545K(1013632K), 0,0234080 secs] [Times: user=0,09 sys=0,00, real=0,02 secs] 
2015-09-07T21:50:27.779+0200: 973415,956: [GC2015-09-07T21:50:27.779+0200: 973415,956: [ParNew: 289759K->6866K(314560K), 0,0109140 secs] 691161K->409193K(1013632K), 0,0110410 secs] [Times: user=0,10 sys=0,00, real=0,01 secs] 
2015-09-07T21:51:24.473+0200: 973472,650: [GC2015-09-07T21:51:24.473+0200: 973472,650: [ParNew: 286482K->8765K(314560K), 0,0113130 secs] 688809K->412065K(1013632K), 0,0114460 secs] [Times: user=0,08 sys=0,00, real=0,02 secs] 
2015-09-07T21:52:21.164+0200: 973529,341: [GC2015-09-07T21:52:21.164+0200: 973529,341: [ParNew: 288381K->9506K(314560K), 0,0131030 secs] 691681K->413793K(1013632K), 0,0132100 secs] [Times: user=0,08 sys=0,00, real=0,02 secs] 
2015-09-07T21:53:17.929+0200: 973586,105: [GC2015-09-07T21:53:17.929+0200: 973586,106: [ParNew: 289122K->8225K(314560K), 0,0111070 secs] 693409K->413531K(1013632K), 0,0112390 secs] [Times: user=0,08 sys=0,00, real=0,01 secs] 
2015-09-07T21:54:14.762+0200: 973642,939: [GC2015-09-07T21:54:14.762+0200: 973642,939: [ParNew: 287841K->9749K(314560K), 0,0111970 secs] 693147K->415979K(1013632K), 0,0113180 secs] [Times: user=0,09 sys=0,00, real=0,01 secs] 
2015-09-07T21:55:11.597+0200: 973699,773: [GC2015-09-07T21:55:11.597+0200: 973699,773: [ParNew: 289365K->8083K(314560K), 0,0138850 secs] 695595K->415218K(1013632K), 0,0140190 secs] [Times: user=0,08 sys=0,00, real=0,01 secs] 
2015-09-07T21:56:08.365+0200: 973756,541: [GC2015-09-07T21:56:08.365+0200: 973756,541: [ParNew: 287699K->9024K(314560K), 0,0111410 secs] 694834K->417076K(1013632K), 0,0112540 secs] [Times: user=0,07 sys=0,00, real=0,00 secs] 
2015-09-07T21:57:05.055+0200: 973813,231: [GC2015-09-07T21:57:05.055+0200: 973813,231: [ParNew: 288640K->9851K(314560K), 0,0080170 secs] 696692K->418822K(1013632K), 0,0081210 secs] [Times: user=0,07 sys=0,00, real=0,01 secs] 
2015-09-07T21:58:01.746+0200: 973869,922: [GC2015-09-07T21:58:01.746+0200: 973869,922: [ParNew: 289467K->7203K(314560K), 0,0121310 secs] 698438K->417098K(1013632K), 0,0122730 secs] [Times: user=0,09 sys=0,00, real=0,01 secs] 
2015-09-07T21:58:58.507+0200: 973926,683: [GC2015-09-07T21:58:58.507+0200: 973926,683: [ParNew: 286819K->9337K(314560K), 0,0341610 secs] 696714K->420145K(1013632K), 0,0343070 secs] [Times: user=0,18 sys=0,00, real=0,03 secs] 
2015-09-07T21:59:55.087+0200: 973983,264: [GC2015-09-07T21:59:55.087+0200: 973983,264: [ParNew: 288953K->10188K(314560K), 0,0113480 secs] 699761K->421992K(1013632K), 0,0114790 secs] [Times: user=0,08 sys=0,00, real=0,01 secs] 
2015-09-07T22:00:51.786+0200: 974039,962: [GC2015-09-07T22:00:51.786+0200: 974039,963: [ParNew: 289804K->7397K(314560K), 0,0111260 secs] 701608K->420208K(1013632K), 0,0112500 secs] [Times: user=0,09 sys=0,00, real=0,01 secs] 
2015-09-07T22:01:48.620+0200: 974096,796: [GC2015-09-07T22:01:48.620+0200: 974096,796: [ParNew: 287013K->8795K(314560K), 0,0140470 secs] 699824K->422525K(1013632K), 0,0141900 secs] [Times: user=0,09 sys=0,00, real=0,01 secs] 
2015-09-07T22:02:45.456+0200: 974153,633: [GC2015-09-07T22:02:45.456+0200: 974153,633: [ParNew: 288411K->8200K(314560K), 0,0115520 secs] 702141K->422854K(1013632K), 0,0116850 secs] [Times: user=0,07 sys=0,00, real=0,02 secs] 
2015-09-07T22:03:42.189+0200: 974210,366: [GC2015-09-07T22:03:42.189+0200: 974210,366: [ParNew: 287816K->8307K(314560K), 0,0109490 secs] 702470K->423866K(1013632K), 0,0110740 secs] [Times: user=0,07 sys=0,00, real=0,01 secs] 
2015-09-07T22:04:38.913+0200: 974267,089: [GC2015-09-07T22:04:38.913+0200: 974267,089: [ParNew: 287923K->8450K(314560K), 0,0108930 secs] 703482K->424910K(1013632K), 0,0110150 secs] [Times: user=0,07 sys=0,00, real=0,01 secs] 
2015-09-07T22:05:35.746+0200: 974323,923: [GC2015-09-07T22:05:35.746+0200: 974323,923: [ParNew: 288066K->9302K(314560K), 0,0111480 secs] 704526K->426669K(1013632K), 0,0112650 secs] [Times: user=0,09 sys=0,00, real=0,01 secs] 
2015-09-07T22:06:32.434+0200: 974380,611: [GC2015-09-07T22:06:32.434+0200: 974380,611: [ParNew: 288918K->8727K(314560K), 0,0121960 secs] 706285K->427020K(1013632K), 0,0123180 secs] [Times: user=0,09 sys=0,00, real=0,02 secs] 
2015-09-07T22:07:29.202+0200: 974437,378: [GC2015-09-07T22:07:29.202+0200: 974437,379: [ParNew: 288343K->8847K(314560K), 0,0113130 secs] 706636K->428054K(1013632K), 0,0114650 secs] [Times: user=0,09 sys=0,00, real=0,01 secs] 
2015-09-07T22:08:26.036+0200: 974494,212: [GC2015-09-07T22:08:26.036+0200: 974494,212: [ParNew: 288463K->8963K(314560K), 0,0109770 secs] 707670K->429174K(1013632K), 0,0110920 secs] [Times: user=0,10 sys=0,00, real=0,02 secs] 
2015-09-07T22:09:22.595+0200: 974550,771: [GC2015-09-07T22:09:22.595+0200: 974550,771: [ParNew: 288579K->9725K(314560K), 0,0119190 secs] 708790K->430947K(1013632K), 0,0120500 secs] [Times: user=0,08 sys=0,00, real=0,02 secs] 
2015-09-07T22:10:19.292+0200: 974607,468: [GC2015-09-07T22:10:19.292+0200: 974607,468: [ParNew: 289341K->8998K(314560K), 0,0107180 secs] 710563K->431128K(1013632K), 0,0108400 secs] [Times: user=0,09 sys=0,00, real=0,01 secs] 
2015-09-07T22:11:16.125+0200: 974664,301: [GC2015-09-07T22:11:16.125+0200: 974664,301: [ParNew: 288614K->8476K(314560K), 0,0106990 secs] 710744K->431527K(1013632K), 0,0108310 secs] [Times: user=0,07 sys=0,00, real=0,00 secs] 
2015-09-07T22:12:12.828+0200: 974721,004: [GC2015-09-07T22:12:12.828+0200: 974721,004: [ParNew: 288092K->9147K(314560K), 0,0108560 secs] 711143K->433114K(1013632K), 0,0109650 secs] [Times: user=0,09 sys=0,00, real=0,01 secs] 
2015-09-07T22:13:09.580+0200: 974777,757: [GC2015-09-07T22:13:09.580+0200: 974777,757: [ParNew: 288763K->9951K(314560K), 0,0108170 secs] 712730K->434829K(1013632K), 0,0109440 secs] [Times: user=0,07 sys=0,00, real=0,01 secs] 
2015-09-07T22:14:06.349+0200: 974834,526: [GC2015-09-07T22:14:06.349+0200: 974834,526: [ParNew: 289567K->7189K(314560K), 0,0106210 secs] 714445K->432973K(1013632K), 0,0107340 secs] [Times: user=0,08 sys=0,00, real=0,01 secs] 
2015-09-07T22:15:03.035+0200: 974891,212: [GC2015-09-07T22:15:03.036+0200: 974891,212: [ParNew: 286805K->9329K(314560K), 0,0076220 secs] 712589K->436051K(1013632K), 0,0077150 secs] [Times: user=0,06 sys=0,00, real=0,01 secs] 
2015-09-07T22:15:59.866+0200: 974948,042: [GC2015-09-07T22:15:59.866+0200: 974948,042: [ParNew: 288945K->9437K(314560K), 0,0111650 secs] 715667K->437095K(1013632K), 0,0112870 secs] [Times: user=0,07 sys=0,01, real=0,01 secs] 
2015-09-07T22:16:56.508+0200: 975004,685: [GC2015-09-07T22:16:56.508+0200: 975004,685: [ParNew: 289053K->8225K(314560K), 0,0117320 secs] 716711K->436895K(1013632K), 0,0118580 secs] [Times: user=0,08 sys=0,00, real=0,01 secs] 
2015-09-07T22:17:53.321+0200: 975061,497: [GC2015-09-07T22:17:53.321+0200: 975061,498: [ParNew: 287841K->9791K(314560K), 0,0122120 secs] 716511K->439464K(1013632K), 0,0123270 secs] [Times: user=0,09 sys=0,00, real=0,01 secs] 
2015-09-07T22:18:50.156+0200: 975118,332: [GC2015-09-07T22:18:50.156+0200: 975118,332: [ParNew: 289407K->7586K(314560K), 0,0106680 secs] 719080K->438177K(1013632K), 0,0107860 secs] [Times: user=0,09 sys=0,00, real=0,02 secs] 
2015-09-07T22:19:46.863+0200: 975175,039: [GC2015-09-07T22:19:46.863+0200: 975175,040: [ParNew: 287202K->8584K(314560K), 0,0108790 secs] 717793K->440113K(1013632K), 0,0109980 secs] [Times: user=0,08 sys=0,00, real=0,01 secs] 
2015-09-07T22:20:43.611+0200: 975231,787: [GC2015-09-07T22:20:43.611+0200: 975231,787: [ParNew: 288200K->8524K(314560K), 0,0112180 secs] 719729K->440967K(1013632K), 0,0113360 secs] [Times: user=0,09 sys=0,00, real=0,01 secs] 
2015-09-07T22:21:40.263+0200: 975288,440: [GC2015-09-07T22:21:40.263+0200: 975288,440: [ParNew: 288140K->8598K(314560K), 0,0143740 secs] 720583K->441967K(1013632K), 0,0145030 secs] [Times: user=0,12 sys=0,00, real=0,02 secs] 
2015-09-07T22:22:36.645+0200: 975344,822: [GC2015-09-07T22:22:36.645+0200: 975344,822: [ParNew: 288214K->9428K(314560K), 0,0110760 secs] 721583K->443724K(1013632K), 0,0111900 secs] [Times: user=0,06 sys=0,00, real=0,00 secs] 
2015-09-07T22:23:33.019+0200: 975401,196: [GC2015-09-07T22:23:33.019+0200: 975401,196: [ParNew: 289044K->10651K(314560K), 0,0383680 secs] 723340K->445881K(1013632K), 0,0384970 secs] [Times: user=0,19 sys=0,00, real=0,04 secs] 
2015-09-07T22:24:29.709+0200: 975457,885: [GC2015-09-07T22:24:29.709+0200: 975457,886: [ParNew: 290267K->7678K(314560K), 0,0111230 secs] 725497K->443872K(1013632K), 0,0112740 secs] [Times: user=0,08 sys=0,00, real=0,01 secs] 
2015-09-07T22:25:26.468+0200: 975514,644: [GC2015-09-07T22:25:26.468+0200: 975514,644: [ParNew: 287294K->7299K(314560K), 0,0116240 secs] 723488K->444494K(1013632K), 0,0117830 secs] [Times: user=0,09 sys=0,00, real=0,01 secs] 
2015-09-07T22:26:23.105+0200: 975571,281: [GC2015-09-07T22:26:23.105+0200: 975571,281: [ParNew: 286915K->7386K(314560K), 0,0101760 secs] 724110K->445579K(1013632K), 0,0102810 secs] [Times: user=0,06 sys=0,00, real=0,00 secs] 
2015-09-07T22:27:19.787+0200: 975627,963: [GC2015-09-07T22:27:19.787+0200: 975627,964: [ParNew: 287002K->6960K(314560K), 0,0091880 secs] 725195K->446074K(1013632K), 0,0093220 secs] [Times: user=0,05 sys=0,00, real=0,00 secs] 
2015-09-07T22:28:16.369+0200: 975684,546: [GC2015-09-07T22:28:16.369+0200: 975684,546: [ParNew: 286576K->5949K(314560K), 0,0087800 secs] 725690K->445907K(1013632K), 0,0088950 secs] [Times: user=0,07 sys=0,00, real=0,01 secs] 
2015-09-07T22:29:13.041+0200: 975741,217: [GC2015-09-07T22:29:13.041+0200: 975741,217: [ParNew: 285565K->6008K(314560K), 0,0102550 secs] 725523K->446818K(1013632K), 0,0103690 secs] [Times: user=0,06 sys=0,00, real=0,01 secs] 
2015-09-07T22:30:09.729+0200: 975797,906: [GC2015-09-07T22:30:09.729+0200: 975797,906: [ParNew: 285624K->5897K(314560K), 0,0098230 secs] 726434K->447209K(1013632K), 0,0099460 secs] [Times: user=0,06 sys=0,00, real=0,01 secs] 
2015-09-07T22:31:06.495+0200: 975854,672: [GC2015-09-07T22:31:06.495+0200: 975854,672: [ParNew: 285513K->5853K(314560K), 0,0082520 secs] 726825K->447683K(1013632K), 0,0083560 secs] [Times: user=0,07 sys=0,00, real=0,01 secs] 
2015-09-07T22:32:03.105+0200: 975911,281: [GC2015-09-07T22:32:03.105+0200: 975911,281: [ParNew: 285469K->5338K(314560K), 0,0068000 secs] 727299K->447675K(1013632K), 0,0069120 secs] [Times: user=0,04 sys=0,00, real=0,00 secs] 
2015-09-07T22:32:59.748+0200: 975967,924: [GC2015-09-07T22:32:59.748+0200: 975967,924: [ParNew: 284954K->5809K(314560K), 0,0076660 secs] 727291K->448753K(1013632K), 0,0077930 secs] [Times: user=0,06 sys=0,00, real=0,00 secs] 
2015-09-07T22:33:56.578+0200: 976024,755: [GC2015-09-07T22:33:56.578+0200: 976024,755: [ParNew: 285425K->4820K(314560K), 0,0083190 secs] 728369K->448478K(1013632K), 0,0084490 secs] [Times: user=0,06 sys=0,00, real=0,01 secs] 
2015-09-07T22:34:53.105+0200: 976081,281: [GC2015-09-07T22:34:53.105+0200: 976081,281: [ParNew: 284436K->6017K(314560K), 0,0074290 secs] 728094K->450160K(1013632K), 0,0075420 secs] [Times: user=0,05 sys=0,01, real=0,00 secs] 
2015-09-07T22:35:49.830+0200: 976138,007: [GC2015-09-07T22:35:49.830+0200: 976138,007: [ParNew: 285633K->6460K(314560K), 0,0064020 secs] 729776K->451059K(1013632K), 0,0065150 secs] [Times: user=0,05 sys=0,00, real=0,01 secs] 
2015-09-07T22:36:46.659+0200: 976194,836: [GC2015-09-07T22:36:46.659+0200: 976194,836: [ParNew: 286076K->7581K(314560K), 0,0079170 secs] 730675K->452652K(1013632K), 0,0080350 secs] [Times: user=0,07 sys=0,00, real=0,01 secs] 
2015-09-07T22:37:43.416+0200: 976251,592: [GC2015-09-07T22:37:43.416+0200: 976251,592: [ParNew: 287197K->8344K(314560K), 0,0090670 secs] 732268K->453904K(1013632K), 0,0092140 secs] [Times: user=0,06 sys=0,00, real=0,02 secs] 
2015-09-07T22:38:40.112+0200: 976308,288: [GC2015-09-07T22:38:40.112+0200: 976308,288: [ParNew: 287960K->9238K(314560K), 0,0232250 secs] 733520K->455416K(1013632K), 0,0233490 secs] [Times: user=0,19 sys=0,00, real=0,02 secs] 
2015-09-07T22:39:36.724+0200: 976364,901: [GC2015-09-07T22:39:36.724+0200: 976364,901: [ParNew: 288854K->7793K(314560K), 0,0111100 secs] 735032K->454604K(1013632K), 0,0112230 secs] [Times: user=0,08 sys=0,00, real=0,01 secs] 
2015-09-07T22:40:33.550+0200: 976421,727: [GC2015-09-07T22:40:33.550+0200: 976421,727: [ParNew: 287409K->9716K(314560K), 0,0215610 secs] 734220K->457388K(1013632K), 0,0216960 secs] [Times: user=0,09 sys=0,00, real=0,02 secs] 
2015-09-07T22:41:30.835+0200: 976479,012: [GC2015-09-07T22:41:30.835+0200: 976479,012: [ParNew: 289332K->10804K(314560K), 0,0061470 secs] 737004K->459443K(1013632K), 0,0062660 secs] [Times: user=0,05 sys=0,00, real=0,01 secs] 
2015-09-07T22:42:27.624+0200: 976535,801: [GC2015-09-07T22:42:27.625+0200: 976535,801: [ParNew: 290420K->7835K(314560K), 0,0113780 secs] 739059K->457474K(1013632K), 0,0115070 secs] [Times: user=0,07 sys=0,01, real=0,00 secs] 
2015-09-07T22:43:24.458+0200: 976592,635: [GC2015-09-07T22:43:24.458+0200: 976592,635: [ParNew: 287451K->8823K(314560K), 0,0102910 secs] 737090K->459461K(1013632K), 0,0104230 secs] [Times: user=0,07 sys=0,00, real=0,01 secs] 
2015-09-07T22:44:21.291+0200: 976649,467: [GC2015-09-07T22:44:21.291+0200: 976649,467: [ParNew: 288439K->8809K(314560K), 0,0125810 secs] 739077K->460360K(1013632K), 0,0126990 secs] [Times: user=0,08 sys=0,00, real=0,01 secs] 
2015-09-07T22:45:17.829+0200: 976706,005: [GC2015-09-07T22:45:17.829+0200: 976706,005: [ParNew: 288425K->7806K(314560K), 0,0110970 secs] 739976K->460261K(1013632K), 0,0112290 secs] [Times: user=0,07 sys=0,01, real=0,01 secs] 
2015-09-07T22:46:14.548+0200: 976762,725: [GC2015-09-07T22:46:14.548+0200: 976762,725: [ParNew: 287422K->8541K(314560K), 0,0111220 secs] 739877K->461919K(1013632K), 0,0112390 secs] [Times: user=0,07 sys=0,00, real=0,01 secs] 
2015-09-07T22:47:11.135+0200: 976819,311: [GC2015-09-07T22:47:11.135+0200: 976819,312: [ParNew: 288157K->9359K(314560K), 0,0122970 secs] 741535K->463654K(1013632K), 0,0124330 secs] [Times: user=0,08 sys=0,00, real=0,02 secs] 
2015-09-07T22:48:07.697+0200: 976875,873: [GC2015-09-07T22:48:07.697+0200: 976875,873: [ParNew: 288975K->9463K(314560K), 0,0121610 secs] 743270K->464694K(1013632K), 0,0123150 secs] [Times: user=0,07 sys=0,00, real=0,01 secs] 
2015-09-07T22:49:04.661+0200: 976932,838: [GC2015-09-07T22:49:04.661+0200: 976932,838: [ParNew: 289079K->8822K(314560K), 0,0110930 secs] 744310K->464975K(1013632K), 0,0112360 secs] [Times: user=0,08 sys=0,01, real=0,01 secs] 
2015-09-07T22:50:01.448+0200: 976989,624: [GC2015-09-07T22:50:01.448+0200: 976989,624: [ParNew: 288438K->8183K(314560K), 0,0119060 secs] 744591K->465340K(1013632K), 0,0120370 secs] [Times: user=0,10 sys=0,00, real=0,01 secs] 
2015-09-07T22:50:57.991+0200: 977046,168: [GC2015-09-07T22:50:57.991+0200: 977046,168: [ParNew: 287799K->9683K(314560K), 0,0134390 secs] 744956K->467835K(1013632K), 0,0135570 secs] [Times: user=0,08 sys=0,00, real=0,02 secs] 
2015-09-07T22:51:54.703+0200: 977102,880: [GC2015-09-07T22:51:54.704+0200: 977102,880: [ParNew: 289299K->6709K(314560K), 0,0104670 secs] 747451K->465783K(1013632K), 0,0106240 secs] [Times: user=0,09 sys=0,00, real=0,01 secs] 
2015-09-07T22:52:51.536+0200: 977159,713: [GC2015-09-07T22:52:51.536+0200: 977159,713: [ParNew: 286325K->9098K(314560K), 0,0106490 secs] 745399K->469070K(1013632K), 0,0107610 secs] [Times: user=0,08 sys=0,00, real=0,01 secs] 
2015-09-07T22:53:48.105+0200: 977216,281: [GC2015-09-07T22:53:48.105+0200: 977216,281: [ParNew: 288714K->8374K(314560K), 0,0115290 secs] 748686K->469256K(1013632K), 0,0116530 secs] [Times: user=0,07 sys=0,01, real=0,01 secs] 
2015-09-07T22:54:44.791+0200: 977272,968: [GC2015-09-07T22:54:44.791+0200: 977272,968: [ParNew: 287990K->8462K(314560K), 0,0151790 secs] 748872K->470259K(1013632K), 0,0152980 secs] [Times: user=0,11 sys=0,00, real=0,02 secs] 
2015-09-07T22:55:41.604+0200: 977329,780: [GC2015-09-07T22:55:41.604+0200: 977329,780: [ParNew: 288078K->7868K(314560K), 0,0107670 secs] 749875K->470568K(1013632K), 0,0108970 secs] [Times: user=0,09 sys=0,00, real=0,01 secs] 
2015-09-07T22:56:38.982+0200: 977387,159: [GC2015-09-07T22:56:38.982+0200: 977387,159: [ParNew: 287484K->9459K(314560K), 0,0201030 secs] 750184K->473072K(1013632K), 0,0202110 secs] [Times: user=0,13 sys=0,00, real=0,02 secs] 
2015-09-07T22:57:35.673+0200: 977443,850: [GC2015-09-07T22:57:35.673+0200: 977443,850: [ParNew: 289075K->8881K(314560K), 0,0111340 secs] 752688K->473424K(1013632K), 0,0112480 secs] [Times: user=0,06 sys=0,01, real=0,02 secs] 
2015-09-07T22:58:32.323+0200: 977500,500: [GC2015-09-07T22:58:32.323+0200: 977500,500: [ParNew: 288497K->8251K(314560K), 0,0122660 secs] 753040K->473797K(1013632K), 0,0123700 secs] [Times: user=0,10 sys=0,00, real=0,01 secs] 
2015-09-07T22:59:29.128+0200: 977557,305: [GC2015-09-07T22:59:29.128+0200: 977557,305: [ParNew: 287867K->10534K(314560K), 0,1122750 secs] 753413K->477076K(1013632K), 0,1123910 secs] [Times: user=0,07 sys=0,00, real=0,11 secs] 
2015-09-07T23:00:26.063+0200: 977614,239: [GC2015-09-07T23:00:26.063+0200: 977614,239: [ParNew: 290150K->7543K(314560K), 0,0116840 secs] 756692K->475006K(1013632K), 0,0118050 secs] [Times: user=0,08 sys=0,00, real=0,01 secs] 
2015-09-07T23:01:22.897+0200: 977671,073: [GC2015-09-07T23:01:22.897+0200: 977671,073: [ParNew: 287159K->8342K(314560K), 0,0112110 secs] 754622K->476730K(1013632K), 0,0113400 secs] [Times: user=0,07 sys=0,00, real=0,01 secs] 
2015-09-07T23:02:19.730+0200: 977727,907: [GC2015-09-07T23:02:19.730+0200: 977727,907: [ParNew: 287958K->8275K(314560K), 0,0107660 secs] 756346K->477591K(1013632K), 0,0108820 secs] [Times: user=0,10 sys=0,00, real=0,01 secs] 
2015-09-07T23:03:16.504+0200: 977784,681: [GC2015-09-07T23:03:16.504+0200: 977784,681: [ParNew: 287891K->9235K(314560K), 0,0110830 secs] 757207K->479475K(1013632K), 0,0112100 secs] [Times: user=0,08 sys=0,00, real=0,01 secs] 
2015-09-07T23:04:13.105+0200: 977841,281: [GC2015-09-07T23:04:13.105+0200: 977841,281: [ParNew: 288851K->8658K(314560K), 0,0107770 secs] 759091K->479813K(1013632K), 0,0108920 secs] [Times: user=0,06 sys=0,00, real=0,00 secs] 
2015-09-07T23:05:09.808+0200: 977897,984: [GC2015-09-07T23:05:09.808+0200: 977897,984: [ParNew: 288274K->8790K(314560K), 0,0115290 secs] 759429K->480873K(1013632K), 0,0116420 secs] [Times: user=0,08 sys=0,00, real=0,01 secs] 
2015-09-07T23:06:06.642+0200: 977954,818: [GC2015-09-07T23:06:06.642+0200: 977954,818: [ParNew: 288406K->9646K(314560K), 0,0108270 secs] 760489K->482690K(1013632K), 0,0109470 secs] [Times: user=0,09 sys=0,00, real=0,01 secs] 
2015-09-07T23:07:03.411+0200: 978011,588: [GC2015-09-07T23:07:03.411+0200: 978011,588: [ParNew: 289262K->8974K(314560K), 0,0106870 secs] 762306K->483004K(1013632K), 0,0107920 secs] [Times: user=0,10 sys=0,00, real=0,01 secs] 
2015-09-07T23:08:00.097+0200: 978068,274: [GC2015-09-07T23:08:00.097+0200: 978068,274: [ParNew: 288590K->9766K(314560K), 0,0111020 secs] 762620K->484822K(1013632K), 0,0112210 secs] [Times: user=0,07 sys=0,00, real=0,01 secs] 
2015-09-07T23:08:56.783+0200: 978124,960: [GC2015-09-07T23:08:56.783+0200: 978124,960: [ParNew: 289382K->7509K(314560K), 0,0111520 secs] 764438K->483467K(1013632K), 0,0112770 secs] [Times: user=0,09 sys=0,00, real=0,01 secs] 
2015-09-07T23:09:53.553+0200: 978181,729: [GC2015-09-07T23:09:53.553+0200: 978181,729: [ParNew: 287125K->8526K(314560K), 0,0121010 secs] 763083K->485406K(1013632K), 0,0122250 secs] [Times: user=0,08 sys=0,01, real=0,02 secs] 
2015-09-07T23:10:50.387+0200: 978238,564: [GC2015-09-07T23:10:50.387+0200: 978238,564: [ParNew: 288142K->9913K(314560K), 0,0340460 secs] 765022K->487713K(1013632K), 0,0341550 secs] [Times: user=0,09 sys=0,00, real=0,03 secs] 
2015-09-07T23:11:47.213+0200: 978295,390: [GC2015-09-07T23:11:47.213+0200: 978295,390: [ParNew: 289529K->8484K(314560K), 0,0110510 secs] 767329K->487198K(1013632K), 0,0111720 secs] [Times: user=0,07 sys=0,01, real=0,02 secs] 
2015-09-07T23:12:43.865+0200: 978352,042: [GC2015-09-07T23:12:43.865+0200: 978352,042: [ParNew: 288100K->8569K(314560K), 0,0121940 secs] 766814K->488202K(1013632K), 0,0123230 secs] [Times: user=0,08 sys=0,00, real=0,01 secs] 
2015-09-07T23:13:40.606+0200: 978408,783: [GC2015-09-07T23:13:40.606+0200: 978408,783: [ParNew: 288185K->8647K(314560K), 0,0107020 secs] 767818K->489207K(1013632K), 0,0108150 secs] [Times: user=0,07 sys=0,00, real=0,01 secs] 
2015-09-07T23:14:37.322+0200: 978465,498: [GC2015-09-07T23:14:37.322+0200: 978465,498: [ParNew: 288263K->8908K(314560K), 0,0131540 secs] 768823K->490436K(1013632K), 0,0132900 secs] [Times: user=0,10 sys=0,00, real=0,01 secs] 
2015-09-07T23:15:34.157+0200: 978522,334: [GC2015-09-07T23:15:34.157+0200: 978522,334: [ParNew: 288524K->9757K(314560K), 0,0386390 secs] 770052K->492293K(1013632K), 0,0387560 secs] [Times: user=0,25 sys=0,00, real=0,03 secs] 
2015-09-07T23:16:30.963+0200: 978579,139: [GC2015-09-07T23:16:30.963+0200: 978579,139: [ParNew: 289373K->9034K(314560K), 0,0116390 secs] 771909K->492584K(1013632K), 0,0117440 secs] [Times: user=0,09 sys=0,00, real=0,01 secs] 
2015-09-07T23:17:27.811+0200: 978635,987: [GC2015-09-07T23:17:27.811+0200: 978635,987: [ParNew: 288650K->8279K(314560K), 0,0107870 secs] 772200K->492752K(1013632K), 0,0109070 secs] [Times: user=0,09 sys=0,00, real=0,01 secs] 
2015-09-07T23:18:24.462+0200: 978692,639: [GC2015-09-07T23:18:24.462+0200: 978692,639: [ParNew: 287895K->7840K(314560K), 0,0138570 secs] 772368K->493240K(1013632K), 0,0139770 secs] [Times: user=0,08 sys=0,00, real=0,01 secs] 
2015-09-07T23:19:21.121+0200: 978749,298: [GC2015-09-07T23:19:21.121+0200: 978749,298: [ParNew: 287456K->7809K(314560K), 0,0118240 secs] 772856K->494120K(1013632K), 0,0119480 secs] [Times: user=0,07 sys=0,01, real=0,01 secs] 
2015-09-07T23:20:17.828+0200: 978806,004: [GC2015-09-07T23:20:17.828+0200: 978806,005: [ParNew: 287425K->9342K(314560K), 0,0136820 secs] 773736K->496567K(1013632K), 0,0138090 secs] [Times: user=0,10 sys=0,00, real=0,01 secs] 
2015-09-07T23:21:14.413+0200: 978862,590: [GC2015-09-07T23:21:14.413+0200: 978862,590: [ParNew: 288958K->9462K(314560K), 0,0134180 secs] 776183K->497611K(1013632K), 0,0135560 secs] [Times: user=0,06 sys=0,00, real=0,02 secs] 
2015-09-07T23:22:10.827+0200: 978919,004: [GC2015-09-07T23:22:10.827+0200: 978919,004: [ParNew: 289078K->11038K(314560K), 0,0330770 secs] 777227K->500108K(1013632K), 0,0331920 secs] [Times: user=0,10 sys=0,00, real=0,03 secs] 
2015-09-07T23:23:07.509+0200: 978975,685: [GC2015-09-07T23:23:07.509+0200: 978975,685: [ParNew: 290654K->7808K(314560K), 0,0125730 secs] 779724K->497872K(1013632K), 0,0126880 secs] [Times: user=0,08 sys=0,00, real=0,01 secs] 
2015-09-07T23:24:03.850+0200: 979032,026: [GC2015-09-07T23:24:03.850+0200: 979032,027: [ParNew: 287424K->10358K(314560K), 0,0328420 secs] 777488K->501428K(1013632K), 0,0329450 secs] [Times: user=0,10 sys=0,00, real=0,03 secs] 
2015-09-07T23:25:00.631+0200: 979088,807: [GC2015-09-07T23:25:00.631+0200: 979088,807: [ParNew: 289974K->7300K(314560K), 0,0111420 secs] 781044K->499385K(1013632K), 0,0112490 secs] [Times: user=0,08 sys=0,00, real=0,01 secs] 
2015-09-07T23:25:57.249+0200: 979145,426: [GC2015-09-07T23:25:57.249+0200: 979145,426: [ParNew: 286916K->7046K(314560K), 0,0086050 secs] 779001K->500039K(1013632K), 0,0087200 secs] [Times: user=0,08 sys=0,00, real=0,01 secs] 
2015-09-07T23:26:54.313+0200: 979202,489: [GC2015-09-07T23:26:54.313+0200: 979202,489: [ParNew: 286662K->8520K(314560K), 0,0117460 secs] 779655K->502418K(1013632K), 0,0118510 secs] [Times: user=0,08 sys=0,00, real=0,02 secs] 
2015-09-07T23:27:50.818+0200: 979258,994: [GC2015-09-07T23:27:50.818+0200: 979258,995: [ParNew: 288136K->5777K(314560K), 0,0109680 secs] 782034K->500725K(1013632K), 0,0111040 secs] [Times: user=0,07 sys=0,00, real=0,01 secs] 
2015-09-07T23:28:47.331+0200: 979315,508: [GC2015-09-07T23:28:47.331+0200: 979315,508: [ParNew: 285393K->6880K(314560K), 0,0089910 secs] 780341K->502324K(1013632K), 0,0090980 secs] [Times: user=0,06 sys=0,00, real=0,01 secs] 
2015-09-07T23:29:43.970+0200: 979372,147: [GC2015-09-07T23:29:43.970+0200: 979372,147: [ParNew: 286496K->6687K(314560K), 0,0090040 secs] 781940K->503041K(1013632K), 0,0091280 secs] [Times: user=0,07 sys=0,00, real=0,01 secs] 
2015-09-07T23:30:40.774+0200: 979428,951: [GC2015-09-07T23:30:40.774+0200: 979428,951: [ParNew: 286303K->6443K(314560K), 0,0097630 secs] 782657K->503305K(1013632K), 0,0098920 secs] [Times: user=0,07 sys=0,00, real=0,01 secs] 
2015-09-07T23:31:37.571+0200: 979485,747: [GC2015-09-07T23:31:37.571+0200: 979485,747: [ParNew: 286059K->6926K(314560K), 0,0089560 secs] 782921K->504382K(1013632K), 0,0090860 secs] [Times: user=0,06 sys=0,00, real=0,01 secs] 
2015-09-07T23:32:34.228+0200: 979542,405: [GC2015-09-07T23:32:34.228+0200: 979542,405: [ParNew: 286542K->6299K(314560K), 0,0089930 secs] 783998K->504398K(1013632K), 0,0091450 secs] [Times: user=0,05 sys=0,00, real=0,01 secs] 
2015-09-07T23:33:31.060+0200: 979599,236: [GC2015-09-07T23:33:31.060+0200: 979599,236: [ParNew: 285915K->5189K(314560K), 0,0067870 secs] 784014K->503871K(1013632K), 0,0068840 secs] [Times: user=0,05 sys=0,00, real=0,01 secs] 
2015-09-07T23:34:27.828+0200: 979656,005: [GC2015-09-07T23:34:27.828+0200: 979656,005: [ParNew: 284805K->5489K(314560K), 0,0078320 secs] 783487K->504801K(1013632K), 0,0079480 secs] [Times: user=0,07 sys=0,00, real=0,00 secs] 
2015-09-07T23:35:24.511+0200: 979712,687: [GC2015-09-07T23:35:24.511+0200: 979712,687: [ParNew: 285105K->5906K(314560K), 0,0077860 secs] 784417K->505698K(1013632K), 0,0079220 secs] [Times: user=0,06 sys=0,00, real=0,01 secs] 
2015-09-07T23:36:21.316+0200: 979769,492: [GC2015-09-07T23:36:21.316+0200: 979769,492: [ParNew: 285522K->7503K(314560K), 0,0075180 secs] 785314K->507784K(1013632K), 0,0076460 secs] [Times: user=0,07 sys=0,00, real=0,01 secs] 
2015-09-07T23:37:18.199+0200: 979826,376: [GC2015-09-07T23:37:18.199+0200: 979826,376: [ParNew: 287119K->8937K(314560K), 0,0088080 secs] 787400K->509721K(1013632K), 0,0089370 secs] [Times: user=0,07 sys=0,00, real=0,01 secs] 
2015-09-07T23:38:14.912+0200: 979883,088: [GC2015-09-07T23:38:14.912+0200: 979883,088: [ParNew: 288553K->6454K(314560K), 0,0103260 secs] 789337K->507848K(1013632K), 0,0104730 secs] [Times: user=0,08 sys=0,00, real=0,01 secs] 
2015-09-07T23:39:11.607+0200: 979939,784: [GC2015-09-07T23:39:11.607+0200: 979939,784: [ParNew: 286070K->9183K(314560K), 0,0301050 secs] 787464K->511195K(1013632K), 0,0302590 secs] [Times: user=0,23 sys=0,00, real=0,03 secs] 
2015-09-07T23:40:08.460+0200: 979996,636: [GC2015-09-07T23:40:08.460+0200: 979996,636: [ParNew: 288799K->9164K(314560K), 0,0143170 secs] 790811K->512078K(1013632K), 0,0144760 secs] [Times: user=0,11 sys=0,00, real=0,01 secs] 
2015-09-07T23:41:05.065+0200: 980053,242: [GC2015-09-07T23:41:05.065+0200: 980053,242: [ParNew: 288780K->8849K(314560K), 0,0084410 secs] 791694K->512751K(1013632K), 0,0085450 secs] [Times: user=0,06 sys=0,00, real=0,00 secs] 
2015-09-07T23:42:01.719+0200: 980109,895: [GC2015-09-07T23:42:01.719+0200: 980109,895: [ParNew: 288465K->8203K(314560K), 0,0112510 secs] 792367K->513013K(1013632K), 0,0113710 secs] [Times: user=0,08 sys=0,00, real=0,01 secs] 
2015-09-07T23:42:58.552+0200: 980166,729: [GC2015-09-07T23:42:58.552+0200: 980166,729: [ParNew: 287819K->8447K(314560K), 0,0113340 secs] 792629K->514173K(1013632K), 0,0114630 secs] [Times: user=0,08 sys=0,00, real=0,01 secs] 
2015-09-07T23:43:55.386+0200: 980223,563: [GC2015-09-07T23:43:55.386+0200: 980223,563: [ParNew: 288063K->9096K(314560K), 0,0111720 secs] 793789K->515747K(1013632K), 0,0113240 secs] [Times: user=0,08 sys=0,00, real=0,01 secs] 
2015-09-07T23:44:52.220+0200: 980280,397: [GC2015-09-07T23:44:52.220+0200: 980280,397: [ParNew: 288712K->8465K(314560K), 0,0107400 secs] 795363K->516023K(1013632K), 0,0108730 secs] [Times: user=0,08 sys=0,00, real=0,01 secs] 
2015-09-07T23:45:48.815+0200: 980336,992: [GC2015-09-07T23:45:48.815+0200: 980336,992: [ParNew: 288081K->7864K(314560K), 0,0111700 secs] 795639K->516338K(1013632K), 0,0112940 secs] [Times: user=0,08 sys=0,00, real=0,02 secs] 
2015-09-07T23:46:45.475+0200: 980393,651: [GC2015-09-07T23:46:45.475+0200: 980393,651: [ParNew: 287480K->8688K(314560K), 0,0145430 secs] 795954K->518068K(1013632K), 0,0146660 secs] [Times: user=0,10 sys=0,00, real=0,02 secs] 
2015-09-07T23:47:42.312+0200: 980450,488: [GC2015-09-07T23:47:42.312+0200: 980450,488: [ParNew: 288304K->9548K(314560K), 0,0127290 secs] 797684K->519864K(1013632K), 0,0128430 secs] [Times: user=0,09 sys=0,00, real=0,02 secs] 
2015-09-07T23:48:38.974+0200: 980507,150: [GC2015-09-07T23:48:38.974+0200: 980507,150: [ParNew: 289164K->9668K(314560K), 0,0119140 secs] 799480K->520969K(1013632K), 0,0120450 secs] [Times: user=0,10 sys=0,00, real=0,02 secs] 
2015-09-07T23:49:35.769+0200: 980563,945: [GC2015-09-07T23:49:35.769+0200: 980563,945: [ParNew: 289284K->9718K(314560K), 0,0111750 secs] 800585K->522020K(1013632K), 0,0112890 secs] [Times: user=0,07 sys=0,00, real=0,01 secs] 
2015-09-07T23:50:32.499+0200: 980620,675: [GC2015-09-07T23:50:32.499+0200: 980620,675: [ParNew: 289334K->9729K(314560K), 0,0109380 secs] 801636K->522938K(1013632K), 0,0110650 secs] [Times: user=0,10 sys=0,00, real=0,01 secs] 
2015-09-07T23:51:29.225+0200: 980677,401: [GC2015-09-07T23:51:29.225+0200: 980677,401: [ParNew: 289345K->7157K(314560K), 0,0118050 secs] 802554K->521274K(1013632K), 0,0119260 secs] [Times: user=0,07 sys=0,00, real=0,01 secs] 
2015-09-07T23:52:26.059+0200: 980734,236: [GC2015-09-07T23:52:26.059+0200: 980734,236: [ParNew: 286773K->9615K(314560K), 0,0142040 secs] 800890K->524643K(1013632K), 0,0143500 secs] [Times: user=0,10 sys=0,00, real=0,01 secs] 
2015-09-07T23:53:22.723+0200: 980790,900: [GC2015-09-07T23:53:22.723+0200: 980790,900: [ParNew: 289231K->6871K(314560K), 0,0109030 secs] 804259K->522824K(1013632K), 0,0110200 secs] [Times: user=0,09 sys=0,00, real=0,01 secs] 
2015-09-07T23:54:19.518+0200: 980847,694: [GC2015-09-07T23:54:19.518+0200: 980847,694: [ParNew: 286487K->9784K(314560K), 0,0152510 secs] 802440K->526655K(1013632K), 0,0153680 secs] [Times: user=0,09 sys=0,00, real=0,01 secs] 
2015-09-07T23:55:16.335+0200: 980904,511: [GC2015-09-07T23:55:16.335+0200: 980904,511: [ParNew: 289400K->9322K(314560K), 0,0111770 secs] 806271K->527108K(1013632K), 0,0113180 secs] [Times: user=0,08 sys=0,00, real=0,02 secs] 
2015-09-07T23:56:12.977+0200: 980961,154: [GC2015-09-07T23:56:12.977+0200: 980961,154: [ParNew: 288938K->9643K(314560K), 0,0114280 secs] 806724K->528393K(1013632K), 0,0115450 secs] [Times: user=0,07 sys=0,00, real=0,01 secs] 
2015-09-07T23:57:09.813+0200: 981017,990: [GC2015-09-07T23:57:09.813+0200: 981017,990: [ParNew: 289259K->9029K(314560K), 0,0122280 secs] 808009K->528783K(1013632K), 0,0123360 secs] [Times: user=0,09 sys=0,00, real=0,02 secs] 
2015-09-07T23:58:06.494+0200: 981074,671: [GC2015-09-07T23:58:06.494+0200: 981074,671: [ParNew: 288645K->7544K(314560K), 0,0139110 secs] 808399K->528310K(1013632K), 0,0140380 secs] [Times: user=0,11 sys=0,00, real=0,02 secs] 
2015-09-07T23:59:03.270+0200: 981131,446: [GC2015-09-07T23:59:03.270+0200: 981131,446: [ParNew: 287160K->8294K(314560K), 0,0091920 secs] 807926K->529976K(1013632K), 0,0093380 secs] [Times: user=0,07 sys=0,00, real=0,01 secs] 
2015-09-08T00:00:00.101+0200: 981188,278: [GC2015-09-08T00:00:00.101+0200: 981188,278: [ParNew: 287910K->8554K(314560K), 0,0184120 secs] 809592K->531168K(1013632K), 0,0185420 secs] [Times: user=0,11 sys=0,00, real=0,02 secs] 
2015-09-08T00:00:56.943+0200: 981245,119: [GC2015-09-08T00:00:56.943+0200: 981245,119: [ParNew: 288170K->8520K(314560K), 0,0111360 secs] 810784K->532056K(1013632K), 0,0112390 secs] [Times: user=0,09 sys=0,00, real=0,01 secs] 
2015-09-08T00:01:53.776+0200: 981301,953: [GC2015-09-08T00:01:53.776+0200: 981301,953: [ParNew: 288136K->8606K(314560K), 0,0103480 secs] 811672K->533070K(1013632K), 0,0104660 secs] [Times: user=0,08 sys=0,00, real=0,02 secs] 
2015-09-08T00:02:51.033+0200: 981359,210: [GC2015-09-08T00:02:51.033+0200: 981359,210: [ParNew: 288222K->8713K(314560K), 0,0159110 secs] 812686K->534087K(1013632K), 0,0160230 secs] [Times: user=0,10 sys=0,00, real=0,02 secs] 
2015-09-08T00:03:47.828+0200: 981416,004: [GC2015-09-08T00:03:47.828+0200: 981416,005: [ParNew: 288329K->8853K(314560K), 0,0122280 secs] 813703K->535143K(1013632K), 0,0123350 secs] [Times: user=0,09 sys=0,00, real=0,01 secs] 
2015-09-08T00:04:44.462+0200: 981472,639: [GC2015-09-08T00:04:44.462+0200: 981472,639: [ParNew: 288469K->9737K(314560K), 0,0114170 secs] 814759K->537003K(1013632K), 0,0115370 secs] [Times: user=0,08 sys=0,00, real=0,01 secs] 
2015-09-08T00:05:41.179+0200: 981529,356: [GC2015-09-08T00:05:41.179+0200: 981529,356: [ParNew: 289353K->9812K(314560K), 0,0120130 secs] 816619K->538094K(1013632K), 0,0121320 secs] [Times: user=0,08 sys=0,00, real=0,01 secs] 
2015-09-08T00:06:37.830+0200: 981586,006: [GC2015-09-08T00:06:37.830+0200: 981586,006: [ParNew: 289428K->9057K(314560K), 0,0119000 secs] 817710K->538348K(1013632K), 0,0120170 secs] [Times: user=0,10 sys=0,00, real=0,01 secs] 
2015-09-08T00:07:34.540+0200: 981642,717: [GC2015-09-08T00:07:34.540+0200: 981642,717: [ParNew: 288673K->9038K(314560K), 0,0147120 secs] 817964K->539252K(1013632K), 0,0148510 secs] [Times: user=0,09 sys=0,00, real=0,01 secs] 
2015-09-08T00:08:31.302+0200: 981699,478: [GC2015-09-08T00:08:31.302+0200: 981699,478: [ParNew: 288654K->8554K(314560K), 0,0104780 secs] 818868K->539695K(1013632K), 0,0105930 secs] [Times: user=0,07 sys=0,00, real=0,01 secs] 
2015-09-08T00:09:28.000+0200: 981756,176: [GC2015-09-08T00:09:28.000+0200: 981756,177: [ParNew: 288170K->9941K(314560K), 0,0364380 secs] 819311K->542005K(1013632K), 0,0365590 secs] [Times: user=0,19 sys=0,00, real=0,04 secs] 
2015-09-08T00:10:24.647+0200: 981812,823: [GC2015-09-08T00:10:24.647+0200: 981812,823: [ParNew: 289557K->7155K(314560K), 0,0114330 secs] 821621K->540142K(1013632K), 0,0115690 secs] [Times: user=0,08 sys=0,00, real=0,01 secs] 
2015-09-08T00:11:21.208+0200: 981869,385: [GC2015-09-08T00:11:21.208+0200: 981869,385: [ParNew: 286771K->9232K(314560K), 0,0107020 secs] 819758K->543134K(1013632K), 0,0108250 secs] [Times: user=0,07 sys=0,00, real=0,01 secs] 
2015-09-08T00:12:17.828+0200: 981926,005: [GC2015-09-08T00:12:17.828+0200: 981926,005: [ParNew: 288848K->9370K(314560K), 0,0124190 secs] 822750K->544179K(1013632K), 0,0125360 secs] [Times: user=0,08 sys=0,00, real=0,01 secs] 
2015-09-08T00:13:14.524+0200: 981982,701: [GC2015-09-08T00:13:14.525+0200: 981982,701: [ParNew: 288986K->9693K(314560K), 0,0267570 secs] 823795K->545496K(1013632K), 0,0268890 secs] [Times: user=0,07 sys=0,01, real=0,02 secs] 
2015-09-08T00:14:11.364+0200: 982039,540: [GC2015-09-08T00:14:11.364+0200: 982039,541: [ParNew: 289309K->9050K(314560K), 0,0131250 secs] 825112K->545864K(1013632K), 0,0132390 secs] [Times: user=0,11 sys=0,00, real=0,02 secs] 
2015-09-08T00:15:08.105+0200: 982096,281: [GC2015-09-08T00:15:08.105+0200: 982096,281: [ParNew: 288666K->9073K(314560K), 0,0118170 secs] 825480K->546806K(1013632K), 0,0119450 secs] [Times: user=0,06 sys=0,01, real=0,01 secs] 
2015-09-08T00:16:04.821+0200: 982152,998: [GC2015-09-08T00:16:04.821+0200: 982152,998: [ParNew: 288689K->8523K(314560K), 0,0118210 secs] 826422K->547186K(1013632K), 0,0119460 secs] [Times: user=0,09 sys=0,00, real=0,01 secs] 
2015-09-08T00:17:01.521+0200: 982209,698: [GC2015-09-08T00:17:01.521+0200: 982209,698: [ParNew: 288139K->9170K(314560K), 0,0152250 secs] 826802K->548753K(1013632K), 0,0153660 secs] [Times: user=0,09 sys=0,00, real=0,02 secs] 
2015-09-08T00:17:58.278+0200: 982266,454: [GC2015-09-08T00:17:58.278+0200: 982266,454: [ParNew: 288786K->8548K(314560K), 0,0135880 secs] 828369K->549057K(1013632K), 0,0137040 secs] [Times: user=0,08 sys=0,00, real=0,01 secs] 
2015-09-08T00:18:55.114+0200: 982323,290: [GC2015-09-08T00:18:55.114+0200: 982323,290: [ParNew: 288164K->8659K(314560K), 0,0090950 secs] 828673K->550100K(1013632K), 0,0092010 secs] [Times: user=0,07 sys=0,00, real=0,01 secs] 
2015-09-08T00:19:51.794+0200: 982379,970: [GC2015-09-08T00:19:51.794+0200: 982379,971: [ParNew: 288275K->10228K(314560K), 0,0104530 secs] 829716K->552594K(1013632K), 0,0105830 secs] [Times: user=0,08 sys=0,00, real=0,02 secs] 
2015-09-08T00:20:48.567+0200: 982436,744: [GC2015-09-08T00:20:48.567+0200: 982436,744: [ParNew: 289844K->7843K(314560K), 0,0111440 secs] 832210K->551127K(1013632K), 0,0112630 secs] [Times: user=0,10 sys=0,00, real=0,01 secs] 
2015-09-08T00:21:45.401+0200: 982493,577: [GC2015-09-08T00:21:45.401+0200: 982493,577: [ParNew: 287459K->8841K(314560K), 0,0117210 secs] 830743K->553129K(1013632K), 0,0118310 secs] [Times: user=0,07 sys=0,00, real=0,01 secs] 
2015-09-08T00:22:41.689+0200: 982549,866: [GC2015-09-08T00:22:41.689+0200: 982549,866: [ParNew: 288457K->10277K(314560K), 0,0410180 secs] 832745K->555576K(1013632K), 0,0411330 secs] [Times: user=0,08 sys=0,01, real=0,04 secs] 
2015-09-08T00:23:38.105+0200: 982606,281: [GC2015-09-08T00:23:38.105+0200: 982606,281: [ParNew: 289893K->10775K(314560K), 0,0170780 secs] 835192K->556997K(1013632K), 0,0172190 secs] [Times: user=0,08 sys=0,00, real=0,01 secs] 
2015-09-08T00:24:34.878+0200: 982663,055: [GC2015-09-08T00:24:34.878+0200: 982663,055: [ParNew: 290391K->7437K(314560K), 0,0111070 secs] 836613K->554581K(1013632K), 0,0112380 secs] [Times: user=0,10 sys=0,00, real=0,01 secs] 
2015-09-08T00:25:31.471+0200: 982719,647: [GC2015-09-08T00:25:31.471+0200: 982719,647: [ParNew: 287053K->8175K(314560K), 0,0103090 secs] 834197K->556237K(1013632K), 0,0104440 secs] [Times: user=0,08 sys=0,00, real=0,01 secs] 
2015-09-08T00:26:28.031+0200: 982776,207: [GC2015-09-08T00:26:28.031+0200: 982776,207: [ParNew: 287791K->7006K(314560K), 0,0097580 secs] 835853K->555983K(1013632K), 0,0098820 secs] [Times: user=0,07 sys=0,00, real=0,01 secs] 
2015-09-08T00:27:24.756+0200: 982832,933: [GC2015-09-08T00:27:24.756+0200: 982832,933: [ParNew: 286622K->7271K(314560K), 0,0122930 secs] 835599K->557158K(1013632K), 0,0124190 secs] [Times: user=0,09 sys=0,00, real=0,02 secs] 
2015-09-08T00:28:21.422+0200: 982889,598: [GC2015-09-08T00:28:21.422+0200: 982889,598: [ParNew: 286887K->6138K(314560K), 0,0091470 secs] 836774K->556827K(1013632K), 0,0092890 secs] [Times: user=0,06 sys=0,00, real=0,01 secs] 
2015-09-08T00:29:18.105+0200: 982946,281: [GC2015-09-08T00:29:18.105+0200: 982946,281: [ParNew: 285754K->5983K(314560K), 0,0126470 secs] 836443K->557654K(1013632K), 0,0127680 secs] [Times: user=0,08 sys=0,00, real=0,01 secs] 
2015-09-08T00:30:14.940+0200: 983003,117: [GC2015-09-08T00:30:14.940+0200: 983003,117: [ParNew: 285599K->6414K(314560K), 0,0082100 secs] 837270K->558671K(1013632K), 0,0083370 secs] [Times: user=0,05 sys=0,01, real=0,01 secs] 
2015-09-08T00:31:11.657+0200: 983059,834: [GC2015-09-08T00:31:11.657+0200: 983059,834: [ParNew: 286030K->6110K(314560K), 0,0103620 secs] 838287K->558950K(1013632K), 0,0104920 secs] [Times: user=0,04 sys=0,00, real=0,01 secs] 
2015-09-08T00:32:08.319+0200: 983116,496: [GC2015-09-08T00:32:08.319+0200: 983116,496: [ParNew: 285726K->4964K(314560K), 0,0075110 secs] 838566K->558310K(1013632K), 0,0076260 secs] [Times: user=0,05 sys=0,00, real=0,01 secs] 
2015-09-08T00:33:04.881+0200: 983173,058: [GC2015-09-08T00:33:04.882+0200: 983173,058: [ParNew: 284580K->5385K(314560K), 0,0078350 secs] 837926K->559426K(1013632K), 0,0079740 secs] [Times: user=0,05 sys=0,00, real=0,01 secs] 
2015-09-08T00:34:02.330+0200: 983230,507: [GC2015-09-08T00:34:02.330+0200: 983230,507: [ParNew: 285001K->6706K(314560K), 0,0067600 secs] 839042K->561194K(1013632K), 0,0068880 secs] [Times: user=0,07 sys=0,00, real=0,01 secs] 
2015-09-08T00:34:58.984+0200: 983287,161: [GC2015-09-08T00:34:58.985+0200: 983287,161: [ParNew: 286322K->4977K(314560K), 0,0073280 secs] 840810K->559851K(1013632K), 0,0074650 secs] [Times: user=0,04 sys=0,01, real=0,00 secs] 
2015-09-08T00:35:55.782+0200: 983343,958: [GC2015-09-08T00:35:55.782+0200: 983343,958: [ParNew: 284593K->7477K(314560K), 0,0082470 secs] 839467K->562814K(1013632K), 0,0083650 secs] [Times: user=0,07 sys=0,00, real=0,01 secs] 
2015-09-08T00:36:52.535+0200: 983400,712: [GC2015-09-08T00:36:52.535+0200: 983400,712: [ParNew: 287093K->8473K(314560K), 0,0084000 secs] 842430K->564303K(1013632K), 0,0085220 secs] [Times: user=0,07 sys=0,00, real=0,01 secs] 
2015-09-08T00:37:49.139+0200: 983457,315: [GC2015-09-08T00:37:49.139+0200: 983457,315: [ParNew: 288089K->8889K(314560K), 0,0102990 secs] 843919K->565361K(1013632K), 0,0104240 secs] [Times: user=0,08 sys=0,00, real=0,01 secs] 
2015-09-08T00:38:45.857+0200: 983514,033: [GC2015-09-08T00:38:45.857+0200: 983514,034: [ParNew: 288505K->10264K(314560K), 0,0097390 secs] 844977K->567449K(1013632K), 0,0098650 secs] [Times: user=0,06 sys=0,00, real=0,01 secs] 
2015-09-08T00:39:42.660+0200: 983570,837: [GC2015-09-08T00:39:42.660+0200: 983570,837: [ParNew: 289880K->7611K(314560K), 0,0129820 secs] 847065K->565744K(1013632K), 0,0131110 secs] [Times: user=0,09 sys=0,00, real=0,01 secs] 
2015-09-08T00:40:40.050+0200: 983628,227: [GC2015-09-08T00:40:40.050+0200: 983628,227: [ParNew: 287227K->8710K(314560K), 0,0103590 secs] 845360K->567735K(1013632K), 0,0104800 secs] [Times: user=0,07 sys=0,00, real=0,01 secs] 
2015-09-08T00:41:37.481+0200: 983685,658: [GC2015-09-08T00:41:37.481+0200: 983685,658: [ParNew: 288326K->9619K(314560K), 0,0119890 secs] 847351K->569556K(1013632K), 0,0121330 secs] [Times: user=0,08 sys=0,00, real=0,01 secs] 
2015-09-08T00:42:34.156+0200: 983742,332: [GC2015-09-08T00:42:34.156+0200: 983742,332: [ParNew: 289235K->6976K(314560K), 0,0126150 secs] 849172K->567814K(1013632K), 0,0127380 secs] [Times: user=0,10 sys=0,00, real=0,02 secs] 
2015-09-08T00:43:30.835+0200: 983799,011: [GC2015-09-08T00:43:30.835+0200: 983799,012: [ParNew: 286592K->9676K(314560K), 0,0107840 secs] 847430K->571412K(1013632K), 0,0109360 secs] [Times: user=0,11 sys=0,00, real=0,02 secs] 
2015-09-08T00:44:27.488+0200: 983855,665: [GC2015-09-08T00:44:27.488+0200: 983855,665: [ParNew: 289292K->8472K(314560K), 0,0111270 secs] 851028K->571132K(1013632K), 0,0112590 secs] [Times: user=0,07 sys=0,00, real=0,01 secs] 
2015-09-08T00:45:24.235+0200: 983912,411: [GC2015-09-08T00:45:24.235+0200: 983912,411: [ParNew: 288088K->9468K(314560K), 0,0096920 secs] 850748K->573043K(1013632K), 0,0098420 secs] [Times: user=0,07 sys=0,00, real=0,02 secs] 
2015-09-08T00:46:20.970+0200: 983969,146: [GC2015-09-08T00:46:20.970+0200: 983969,146: [ParNew: 289084K->8891K(314560K), 0,0108380 secs] 852659K->573443K(1013632K), 0,0109880 secs] [Times: user=0,07 sys=0,00, real=0,01 secs] 
2015-09-08T00:47:17.642+0200: 984025,818: [GC2015-09-08T00:47:17.642+0200: 984025,818: [ParNew: 288507K->9711K(314560K), 0,0325820 secs] 853059K->575277K(1013632K), 0,0327240 secs] [Times: user=0,10 sys=0,00, real=0,03 secs] 
2015-09-08T00:48:14.311+0200: 984082,488: [GC2015-09-08T00:48:14.311+0200: 984082,488: [ParNew: 289327K->8979K(314560K), 0,0122620 secs] 854893K->575530K(1013632K), 0,0123760 secs] [Times: user=0,09 sys=0,00, real=0,01 secs] 
2015-09-08T00:49:11.115+0200: 984139,291: [GC2015-09-08T00:49:11.115+0200: 984139,291: [ParNew: 288595K->8994K(314560K), 0,0112710 secs] 855146K->576455K(1013632K), 0,0113870 secs] [Times: user=0,09 sys=0,00, real=0,02 secs] 
2015-09-08T00:50:08.105+0200: 984196,281: [GC2015-09-08T00:50:08.105+0200: 984196,281: [ParNew: 288610K->9240K(314560K), 0,0113150 secs] 856071K->577617K(1013632K), 0,0114180 secs] [Times: user=0,06 sys=0,00, real=0,00 secs] 
2015-09-08T00:51:04.791+0200: 984252,968: [GC2015-09-08T00:51:04.791+0200: 984252,968: [ParNew: 288856K->9218K(314560K), 0,0110580 secs] 857233K->578504K(1013632K), 0,0111800 secs] [Times: user=0,09 sys=0,00, real=0,01 secs] 
2015-09-08T00:52:01.405+0200: 984309,582: [GC2015-09-08T00:52:01.405+0200: 984309,582: [ParNew: 288834K->9325K(314560K), 0,0126320 secs] 858120K->579536K(1013632K), 0,0127650 secs] [Times: user=0,09 sys=0,00, real=0,01 secs] 
2015-09-08T00:52:58.046+0200: 984366,223: [GC2015-09-08T00:52:58.046+0200: 984366,223: [ParNew: 288941K->8714K(314560K), 0,0114830 secs] 859152K->579849K(1013632K), 0,0116130 secs] [Times: user=0,09 sys=0,00, real=0,01 secs] 
2015-09-08T00:53:54.880+0200: 984423,057: [GC2015-09-08T00:53:54.880+0200: 984423,057: [ParNew: 288330K->8814K(314560K), 0,0116450 secs] 859465K->580858K(1013632K), 0,0117960 secs] [Times: user=0,09 sys=0,00, real=0,01 secs] 
2015-09-08T00:54:51.561+0200: 984479,738: [GC2015-09-08T00:54:51.561+0200: 984479,738: [ParNew: 288430K->9689K(314560K), 0,0309430 secs] 860474K->582725K(1013632K), 0,0310720 secs] [Times: user=0,08 sys=0,00, real=0,03 secs] 
2015-09-08T00:55:48.336+0200: 984536,513: [GC2015-09-08T00:55:48.336+0200: 984536,513: [ParNew: 289305K->10474K(314560K), 0,0117360 secs] 862341K->584515K(1013632K), 0,0118530 secs] [Times: user=0,07 sys=0,01, real=0,02 secs] 
2015-09-08T00:56:45.170+0200: 984593,347: [GC2015-09-08T00:56:45.170+0200: 984593,347: [ParNew: 290090K->7490K(314560K), 0,0089720 secs] 864131K->582450K(1013632K), 0,0090760 secs] [Times: user=0,06 sys=0,00, real=0,01 secs] 
2015-09-08T00:57:42.003+0200: 984650,180: [GC2015-09-08T00:57:42.004+0200: 984650,180: [ParNew: 287106K->9496K(314560K), 0,0057690 secs] 862066K->585371K(1013632K), 0,0058750 secs] [Times: user=0,05 sys=0,00, real=0,01 secs] 
2015-09-08T00:58:38.787+0200: 984706,964: [GC2015-09-08T00:58:38.787+0200: 984706,964: [ParNew: 289112K->7981K(314560K), 0,0108300 secs] 864987K->584765K(1013632K), 0,0109610 secs] [Times: user=0,09 sys=0,00, real=0,01 secs] 
2015-09-08T00:59:35.344+0200: 984763,521: [GC2015-09-08T00:59:35.344+0200: 984763,521: [ParNew: 287597K->9550K(314560K), 0,0103490 secs] 864381K->587254K(1013632K), 0,0104810 secs] [Times: user=0,08 sys=0,00, real=0,00 secs] 
2015-09-08T01:00:32.075+0200: 984820,252: [GC2015-09-08T01:00:32.076+0200: 984820,252: [ParNew: 289166K->9069K(314560K), 0,0109620 secs] 866870K->587681K(1013632K), 0,0110860 secs] [Times: user=0,07 sys=0,00, real=0,02 secs] 
2015-09-08T01:01:28.909+0200: 984877,085: [GC2015-09-08T01:01:28.909+0200: 984877,085: [ParNew: 288685K->7934K(314560K), 0,0112860 secs] 867297K->587469K(1013632K), 0,0114110 secs] [Times: user=0,08 sys=0,01, real=0,01 secs] 
2015-09-08T01:02:25.503+0200: 984933,679: [GC2015-09-08T01:02:25.503+0200: 984933,680: [ParNew: 287550K->8803K(314560K), 0,0117700 secs] 867085K->589259K(1013632K), 0,0118940 secs] [Times: user=0,08 sys=0,00, real=0,01 secs] 
2015-09-08T01:03:22.164+0200: 984990,340: [GC2015-09-08T01:03:22.164+0200: 984990,341: [ParNew: 288419K->8952K(314560K), 0,0116280 secs] 868875K->590407K(1013632K), 0,0117460 secs] [Times: user=0,10 sys=0,00, real=0,01 secs] 
2015-09-08T01:04:18.998+0200: 985047,175: [GC2015-09-08T01:04:18.998+0200: 985047,175: [ParNew: 288568K->9738K(314560K), 0,0133640 secs] 870023K->592190K(1013632K), 0,0134900 secs] [Times: user=0,07 sys=0,00, real=0,01 secs] 
2015-09-08T01:05:15.813+0200: 985103,990: [GC2015-09-08T01:05:15.813+0200: 985103,990: [ParNew: 289354K->7501K(314560K), 0,0111140 secs] 871806K->590864K(1013632K), 0,0112350 secs] [Times: user=0,08 sys=0,00, real=0,02 secs] 
2015-09-08T01:06:12.828+0200: 985161,004: [GC2015-09-08T01:06:12.828+0200: 985161,004: [ParNew: 287117K->8483K(314560K), 0,0111220 secs] 870480K->592761K(1013632K), 0,0112400 secs] [Times: user=0,09 sys=0,00, real=0,01 secs] 
2015-09-08T01:07:09.478+0200: 985217,654: [GC2015-09-08T01:07:09.478+0200: 985217,654: [ParNew: 288099K->9166K(314560K), 0,0115010 secs] 872377K->594354K(1013632K), 0,0116270 secs] [Times: user=0,09 sys=0,00, real=0,01 secs] 
2015-09-08T01:08:06.304+0200: 985274,480: [GC2015-09-08T01:08:06.304+0200: 985274,481: [ParNew: 288782K->9256K(314560K), 0,0118160 secs] 873970K->595381K(1013632K), 0,0119450 secs] [Times: user=0,07 sys=0,00, real=0,01 secs] 
2015-09-08T01:09:02.828+0200: 985331,004: [GC2015-09-08T01:09:02.828+0200: 985331,004: [ParNew: 288872K->9361K(314560K), 0,0110980 secs] 874997K->596400K(1013632K), 0,0112130 secs] [Times: user=0,10 sys=0,00, real=0,01 secs] 
2015-09-08T01:09:59.410+0200: 985387,587: [GC2015-09-08T01:09:59.410+0200: 985387,587: [ParNew: 288977K->9481K(314560K), 0,0115670 secs] 876016K->597434K(1013632K), 0,0116970 secs] [Times: user=0,08 sys=0,00, real=0,01 secs] 
2015-09-08T01:10:56.182+0200: 985444,359: [GC2015-09-08T01:10:56.183+0200: 985444,359: [ParNew: 289097K->9608K(314560K), 0,0114610 secs] 877050K->598504K(1013632K), 0,0115890 secs] [Times: user=0,09 sys=0,00, real=0,01 secs] 
2015-09-08T01:11:52.828+0200: 985501,004: [GC2015-09-08T01:11:52.828+0200: 985501,004: [ParNew: 289224K->8213K(314560K), 0,0116950 secs] 878120K->598123K(1013632K), 0,0118220 secs] [Times: user=0,07 sys=0,00, real=0,01 secs] 
2015-09-08T01:12:49.565+0200: 985557,742: [GC2015-09-08T01:12:49.565+0200: 985557,742: [ParNew: 287829K->8222K(314560K), 0,0118720 secs] 877739K->599123K(1013632K), 0,0119960 secs] [Times: user=0,09 sys=0,00, real=0,01 secs] 
2015-09-08T01:13:46.204+0200: 985614,380: [GC2015-09-08T01:13:46.204+0200: 985614,380: [ParNew: 287838K->8231K(314560K), 0,0114770 secs] 878739K->600054K(1013632K), 0,0115970 secs] [Times: user=0,09 sys=0,00, real=0,01 secs] 
2015-09-08T01:14:42.883+0200: 985671,060: [GC2015-09-08T01:14:42.883+0200: 985671,060: [ParNew: 287847K->8452K(314560K), 0,0131960 secs] 879670K->601185K(1013632K), 0,0133530 secs] [Times: user=0,08 sys=0,00, real=0,02 secs] 
2015-09-08T01:15:39.719+0200: 985727,896: [GC2015-09-08T01:15:39.719+0200: 985727,896: [ParNew: 288068K->8452K(314560K), 0,0109280 secs] 880801K->602095K(1013632K), 0,0110550 secs] [Times: user=0,09 sys=0,00, real=0,01 secs] 
2015-09-08T01:16:36.276+0200: 985784,452: [GC2015-09-08T01:16:36.276+0200: 985784,453: [ParNew: 288068K->8564K(314560K), 0,0122860 secs] 881711K->603123K(1013632K), 0,0124390 secs] [Times: user=0,08 sys=0,00, real=0,02 secs] 
2015-09-08T01:17:32.828+0200: 985841,005: [GC2015-09-08T01:17:32.828+0200: 985841,005: [ParNew: 288180K->9409K(314560K), 0,0104710 secs] 882739K->604884K(1013632K), 0,0105830 secs] [Times: user=0,08 sys=0,00, real=0,01 secs] 
2015-09-08T01:18:29.387+0200: 985897,563: [GC2015-09-08T01:18:29.387+0200: 985897,563: [ParNew: 289025K->9537K(314560K), 0,0116980 secs] 884500K->605924K(1013632K), 0,0118120 secs] [Times: user=0,10 sys=0,00, real=0,01 secs] 
2015-09-08T01:19:26.021+0200: 985954,197: [GC2015-09-08T01:19:26.021+0200: 985954,197: [ParNew: 289153K->9682K(314560K), 0,0103830 secs] 885540K->607016K(1013632K), 0,0105060 secs] [Times: user=0,07 sys=0,00, real=0,01 secs] 
2015-09-08T01:20:22.828+0200: 986011,004: [GC2015-09-08T01:20:22.828+0200: 986011,005: [ParNew: 289298K->9775K(314560K), 0,0117880 secs] 886632K->608140K(1013632K), 0,0119080 secs] [Times: user=0,08 sys=0,00, real=0,01 secs] 
2015-09-08T01:21:20.262+0200: 986068,438: [GC2015-09-08T01:21:20.262+0200: 986068,438: [ParNew: 289391K->8265K(314560K), 0,0108830 secs] 887756K->607642K(1013632K), 0,0110300 secs] [Times: user=0,08 sys=0,00, real=0,01 secs] 
2015-09-08T01:22:16.780+0200: 986124,956: [GC2015-09-08T01:22:16.780+0200: 986124,956: [ParNew: 287881K->9002K(314560K), 0,0112560 secs] 887258K->609296K(1013632K), 0,0113720 secs] [Times: user=0,09 sys=0,00, real=0,01 secs] 
2015-09-08T01:23:13.265+0200: 986181,441: [GC2015-09-08T01:23:13.265+0200: 986181,441: [ParNew: 288618K->9741K(314560K), 0,0115370 secs] 888912K->610948K(1013632K), 0,0116530 secs] [Times: user=0,07 sys=0,00, real=0,00 secs] 
2015-09-08T01:24:09.942+0200: 986238,119: [GC2015-09-08T01:24:09.943+0200: 986238,119: [ParNew: 289357K->9171K(314560K), 0,0118990 secs] 890564K->611300K(1013632K), 0,0120240 secs] [Times: user=0,09 sys=0,00, real=0,01 secs] 
2015-09-08T01:25:06.697+0200: 986294,873: [GC2015-09-08T01:25:06.697+0200: 986294,873: [ParNew: 288787K->9548K(314560K), 0,0123900 secs] 890916K->612588K(1013632K), 0,0125370 secs] [Times: user=0,08 sys=0,00, real=0,01 secs] 
2015-09-08T01:26:03.399+0200: 986351,576: [GC2015-09-08T01:26:03.399+0200: 986351,576: [ParNew: 289164K->7476K(314560K), 0,0118670 secs] 892204K->611436K(1013632K), 0,0119760 secs] [Times: user=0,08 sys=0,00, real=0,01 secs] 
2015-09-08T01:27:00.233+0200: 986408,410: [GC2015-09-08T01:27:00.233+0200: 986408,410: [ParNew: 287092K->7081K(314560K), 0,0094650 secs] 891052K->611953K(1013632K), 0,0096410 secs] [Times: user=0,07 sys=0,00, real=0,01 secs] 
2015-09-08T01:27:56.814+0200: 986464,991: [GC2015-09-08T01:27:56.814+0200: 986464,991: [ParNew: 286697K->7146K(314560K), 0,0114840 secs] 891569K->613070K(1013632K), 0,0116030 secs] [Times: user=0,09 sys=0,00, real=0,02 secs] 
2015-09-08T01:28:53.487+0200: 986521,664: [GC2015-09-08T01:28:53.487+0200: 986521,664: [ParNew: 286762K->5614K(314560K), 0,0107630 secs] 892686K->612615K(1013632K), 0,0108780 secs] [Times: user=0,08 sys=0,00, real=0,01 secs] 
2015-09-08T01:29:50.320+0200: 986578,497: [GC2015-09-08T01:29:50.321+0200: 986578,497: [ParNew: 285230K->5724K(314560K), 0,0096090 secs] 892231K->613303K(1013632K), 0,0097420 secs] [Times: user=0,07 sys=0,00, real=0,01 secs] 
2015-09-08T01:30:47.023+0200: 986635,200: [GC2015-09-08T01:30:47.023+0200: 986635,200: [ParNew: 285340K->6637K(314560K), 0,0097180 secs] 892919K->614723K(1013632K), 0,0098300 secs] [Times: user=0,07 sys=0,00, real=0,01 secs] 
2015-09-08T01:31:43.777+0200: 986691,954: [GC2015-09-08T01:31:43.777+0200: 986691,954: [ParNew: 286253K->6069K(314560K), 0,0086430 secs] 894339K->614681K(1013632K), 0,0087590 secs] [Times: user=0,05 sys=0,00, real=0,01 secs] 
2015-09-08T01:32:40.608+0200: 986748,785: [GC2015-09-08T01:32:40.608+0200: 986748,785: [ParNew: 285685K->5302K(314560K), 0,0079490 secs] 894297K->614477K(1013632K), 0,0081180 secs] [Times: user=0,04 sys=0,01, real=0,01 secs] 
2015-09-08T01:33:37.439+0200: 986805,615: [GC2015-09-08T01:33:37.439+0200: 986805,616: [ParNew: 284918K->5231K(314560K), 0,0094390 secs] 894093K->615240K(1013632K), 0,0095650 secs] [Times: user=0,06 sys=0,00, real=0,01 secs] 
2015-09-08T01:34:34.271+0200: 986862,447: [GC2015-09-08T01:34:34.271+0200: 986862,447: [ParNew: 284847K->5452K(314560K), 0,0073740 secs] 894856K->615905K(1013632K), 0,0074980 secs] [Times: user=0,06 sys=0,00, real=0,01 secs] 
2015-09-08T01:35:30.901+0200: 986919,077: [GC2015-09-08T01:35:30.901+0200: 986919,077: [ParNew: 285068K->6763K(314560K), 0,0085280 secs] 895521K->617693K(1013632K), 0,0086490 secs] [Times: user=0,05 sys=0,00, real=0,01 secs] 
2015-09-08T01:36:27.732+0200: 986975,908: [GC2015-09-08T01:36:27.732+0200: 986975,908: [ParNew: 286379K->8046K(314560K), 0,0084340 secs] 897309K->619526K(1013632K), 0,0085390 secs] [Times: user=0,07 sys=0,00, real=0,01 secs] 
2015-09-08T01:37:24.563+0200: 987032,739: [GC2015-09-08T01:37:24.563+0200: 987032,739: [ParNew: 287662K->8856K(314560K), 0,0092900 secs] 899142K->620927K(1013632K), 0,0094210 secs] [Times: user=0,06 sys=0,00, real=0,01 secs] 
2015-09-08T01:38:21.257+0200: 987089,434: [GC2015-09-08T01:38:21.257+0200: 987089,434: [ParNew: 288472K->7109K(314560K), 0,0100990 secs] 900543K->619880K(1013632K), 0,0102290 secs] [Times: user=0,06 sys=0,00, real=0,01 secs] 
2015-09-08T01:39:17.828+0200: 987146,004: [GC2015-09-08T01:39:17.828+0200: 987146,004: [ParNew: 286725K->8700K(314560K), 0,0095630 secs] 899496K->622083K(1013632K), 0,0096800 secs] [Times: user=0,09 sys=0,00, real=0,01 secs] 
2015-09-08T01:40:14.638+0200: 987202,815: [GC2015-09-08T01:40:14.638+0200: 987202,815: [ParNew: 288316K->10004K(314560K), 0,0103030 secs] 901699K->624211K(1013632K), 0,0104090 secs] [Times: user=0,07 sys=0,01, real=0,01 secs] 
2015-09-08T01:41:11.396+0200: 987259,572: [GC2015-09-08T01:41:11.396+0200: 987259,572: [ParNew: 289620K->7329K(314560K), 0,0118030 secs] 903827K->622434K(1013632K), 0,0119310 secs] [Times: user=0,07 sys=0,00, real=0,02 secs] 
2015-09-08T01:42:08.013+0200: 987316,190: [GC2015-09-08T01:42:08.013+0200: 987316,190: [ParNew: 286945K->9707K(314560K), 0,0113040 secs] 902050K->625716K(1013632K), 0,0114270 secs] [Times: user=0,06 sys=0,00, real=0,02 secs] 
2015-09-08T01:43:04.715+0200: 987372,891: [GC2015-09-08T01:43:04.715+0200: 987372,891: [ParNew: 289323K->7818K(314560K), 0,0139760 secs] 905332K->624746K(1013632K), 0,0140990 secs] [Times: user=0,08 sys=0,00, real=0,02 secs] 
2015-09-08T01:44:01.522+0200: 987429,699: [GC2015-09-08T01:44:01.523+0200: 987429,699: [ParNew: 287434K->8800K(314560K), 0,0111770 secs] 904362K->626643K(1013632K), 0,0112980 secs] [Times: user=0,09 sys=0,00, real=0,01 secs] 
2015-09-08T01:44:58.105+0200: 987486,281: [GC2015-09-08T01:44:58.105+0200: 987486,281: [ParNew: 288416K->8959K(314560K), 0,0126710 secs] 906259K->627794K(1013632K), 0,0128010 secs] [Times: user=0,08 sys=0,00, real=0,01 secs] 
2015-09-08T01:45:55.017+0200: 987543,193: [GC2015-09-08T01:45:55.017+0200: 987543,193: [ParNew: 288575K->9765K(314560K), 0,0120970 secs] 907410K->629611K(1013632K), 0,0122160 secs] [Times: user=0,06 sys=0,01, real=0,01 secs] 
2015-09-08T01:46:51.650+0200: 987599,826: [GC2015-09-08T01:46:51.650+0200: 987599,826: [ParNew: 289381K->7514K(314560K), 0,0105410 secs] 909227K->628288K(1013632K), 0,0106750 secs] [Times: user=0,08 sys=0,00, real=0,01 secs] 
2015-09-08T01:47:48.439+0200: 987656,615: [GC2015-09-08T01:47:48.439+0200: 987656,616: [ParNew: 287130K->8484K(314560K), 0,0118490 secs] 907904K->630182K(1013632K), 0,0119660 secs] [Times: user=0,08 sys=0,00, real=0,01 secs] 
2015-09-08T01:48:45.156+0200: 987713,332: [GC2015-09-08T01:48:45.156+0200: 987713,332: [ParNew: 288100K->9143K(314560K), 0,0105350 secs] 909798K->631751K(1013632K), 0,0106490 secs] [Times: user=0,08 sys=0,00, real=0,02 secs] 
2015-09-08T01:49:41.781+0200: 987769,957: [GC2015-09-08T01:49:41.781+0200: 987769,957: [ParNew: 288759K->8546K(314560K), 0,0121680 secs] 911367K->632066K(1013632K), 0,0122800 secs] [Times: user=0,08 sys=0,00, real=0,01 secs] 
2015-09-08T01:50:38.453+0200: 987826,629: [GC2015-09-08T01:50:38.453+0200: 987826,629: [ParNew: 288162K->10119K(314560K), 0,0112380 secs] 911682K->634558K(1013632K), 0,0113700 secs] [Times: user=0,08 sys=0,00, real=0,01 secs] 
2015-09-08T01:51:35.139+0200: 987883,315: [GC2015-09-08T01:51:35.139+0200: 987883,315: [ParNew: 289735K->7319K(314560K), 0,0109840 secs] 914174K->632674K(1013632K), 0,0111030 secs] [Times: user=0,10 sys=0,00, real=0,01 secs] 
2015-09-08T01:52:31.926+0200: 987940,102: [GC2015-09-08T01:52:31.926+0200: 987940,102: [ParNew: 286935K->8797K(314560K), 0,0117820 secs] 912290K->635101K(1013632K), 0,0119040 secs] [Times: user=0,09 sys=0,00, real=0,01 secs] 
2015-09-08T01:53:28.699+0200: 987996,875: [GC2015-09-08T01:53:28.699+0200: 987996,875: [ParNew: 288413K->8840K(314560K), 0,0120980 secs] 914717K->636150K(1013632K), 0,0122250 secs] [Times: user=0,10 sys=0,00, real=0,01 secs] 
2015-09-08T01:54:25.416+0200: 988053,593: [GC2015-09-08T01:54:25.416+0200: 988053,593: [ParNew: 288456K->9772K(314560K), 0,0079350 secs] 915766K->638100K(1013632K), 0,0080230 secs] [Times: user=0,04 sys=0,00, real=0,01 secs] 
2015-09-08T01:55:22.246+0200: 988110,423: [GC2015-09-08T01:55:22.246+0200: 988110,423: [ParNew: 289388K->7528K(314560K), 0,0104710 secs] 917716K->636775K(1013632K), 0,0105900 secs] [Times: user=0,07 sys=0,00, real=0,01 secs] 
2015-09-08T01:56:19.079+0200: 988167,256: [GC2015-09-08T01:56:19.079+0200: 988167,256: [ParNew: 287144K->8510K(314560K), 0,0090270 secs] 916391K->638688K(1013632K), 0,0091610 secs] [Times: user=0,08 sys=0,00, real=0,01 secs] 
2015-09-08T01:57:15.903+0200: 988224,080: [GC2015-09-08T01:57:15.903+0200: 988224,080: [ParNew: 288126K->7742K(314560K), 0,0112480 secs] 918304K->638848K(1013632K), 0,0113680 secs] [Times: user=0,09 sys=0,00, real=0,01 secs] 
2015-09-08T01:58:12.537+0200: 988280,713: [GC2015-09-08T01:58:12.537+0200: 988280,713: [ParNew: 287358K->9227K(314560K), 0,0111560 secs] 918464K->641255K(1013632K), 0,0112890 secs] [Times: user=0,07 sys=0,00, real=0,01 secs] 
2015-09-08T01:59:09.370+0200: 988337,547: [GC2015-09-08T01:59:09.370+0200: 988337,547: [ParNew: 288843K->9353K(314560K), 0,0118910 secs] 920871K->642298K(1013632K), 0,0120210 secs] [Times: user=0,08 sys=0,00, real=0,01 secs] 
2015-09-08T02:00:06.055+0200: 988394,232: [GC2015-09-08T02:00:06.055+0200: 988394,232: [ParNew: 288969K->10219K(314560K), 0,0143560 secs] 921914K->644071K(1013632K), 0,0144860 secs] [Times: user=0,09 sys=0,00, real=0,02 secs] 
2015-09-08T02:01:02.826+0200: 988451,003: [GC2015-09-08T02:01:02.826+0200: 988451,003: [ParNew: 289835K->7386K(314560K), 0,0106370 secs] 923687K->642184K(1013632K), 0,0107590 secs] [Times: user=0,10 sys=0,00, real=0,01 secs] 
2015-09-08T02:01:59.659+0200: 988507,836: [GC2015-09-08T02:01:59.659+0200: 988507,836: [ParNew: 287002K->9507K(314560K), 0,0120640 secs] 921800K->645299K(1013632K), 0,0121800 secs] [Times: user=0,09 sys=0,00, real=0,01 secs] 
2015-09-08T02:02:56.366+0200: 988564,543: [GC2015-09-08T02:02:56.366+0200: 988564,543: [ParNew: 289123K->8111K(314560K), 0,0111220 secs] 924915K->644911K(1013632K), 0,0112430 secs] [Times: user=0,10 sys=0,00, real=0,01 secs] 
2015-09-08T02:03:52.842+0200: 988621,019: [GC2015-09-08T02:03:52.842+0200: 988621,019: [ParNew: 287727K->8282K(314560K), 0,0106930 secs] 924527K->646008K(1013632K), 0,0108070 secs] [Times: user=0,10 sys=0,00, real=0,01 secs] 
2015-09-08T02:04:49.537+0200: 988677,714: [GC2015-09-08T02:04:49.537+0200: 988677,714: [ParNew: 287898K->10000K(314560K), 0,0332360 secs] 925624K->648648K(1013632K), 0,0333740 secs] [Times: user=0,07 sys=0,00, real=0,03 secs] 
2015-09-08T02:05:46.262+0200: 988734,439: [GC2015-09-08T02:05:46.263+0200: 988734,439: [ParNew: 289616K->7560K(314560K), 0,0109280 secs] 928264K->647120K(1013632K), 0,0110710 secs] [Times: user=0,08 sys=0,00, real=0,01 secs] 
2015-09-08T02:06:43.015+0200: 988791,191: [GC2015-09-08T02:06:43.015+0200: 988791,191: [ParNew: 287176K->9117K(314560K), 0,0143640 secs] 926736K->649597K(1013632K), 0,0144600 secs] [Times: user=0,10 sys=0,00, real=0,02 secs] 
2015-09-08T02:07:39.851+0200: 988848,028: [GC2015-09-08T02:07:39.851+0200: 988848,028: [ParNew: 288733K->9223K(314560K), 0,0107790 secs] 929213K->650651K(1013632K), 0,0108960 secs] [Times: user=0,08 sys=0,00, real=0,01 secs] 
2015-09-08T02:08:36.509+0200: 988904,685: [GC2015-09-08T02:08:36.509+0200: 988904,685: [ParNew: 288839K->8738K(314560K), 0,0110260 secs] 930267K->651101K(1013632K), 0,0111460 secs] [Times: user=0,08 sys=0,00, real=0,01 secs] 
2015-09-08T02:09:33.105+0200: 988961,281: [GC2015-09-08T02:09:33.105+0200: 988961,281: [ParNew: 288354K->8859K(314560K), 0,0104730 secs] 930717K->652190K(1013632K), 0,0105840 secs] [Times: user=0,07 sys=0,00, real=0,00 secs] 
2015-09-08T02:09:33.116+0200: 988961,292: [GC [1 CMS-initial-mark: 643331K(699072K)] 654595K(1013632K), 0,0103460 secs] [Times: user=0,01 sys=0,00, real=0,02 secs] 
2015-09-08T02:09:33.126+0200: 988961,303: [CMS-concurrent-mark-start]
2015-09-08T02:09:33.392+0200: 988961,569: [CMS-concurrent-mark: 0,265/0,266 secs] [Times: user=0,07 sys=0,02, real=0,26 secs] 
2015-09-08T02:09:33.392+0200: 988961,569: [CMS-concurrent-preclean-start]
2015-09-08T02:09:33.414+0200: 988961,590: [CMS-concurrent-preclean: 0,021/0,021 secs] [Times: user=0,01 sys=0,00, real=0,02 secs] 
2015-09-08T02:09:33.414+0200: 988961,590: [CMS-concurrent-abortable-preclean-start]
 CMS: abort preclean due to time 2015-09-08T02:09:38.557+0200: 988966,733: [CMS-concurrent-abortable-preclean: 2,841/5,143 secs] [Times: user=3,45 sys=0,04, real=5,15 secs] 
2015-09-08T02:09:38.557+0200: 988966,733: [GC[YG occupancy: 36885 K (314560 K)]2015-09-08T02:09:38.557+0200: 988966,734: [GC2015-09-08T02:09:38.557+0200: 988966,734: [ParNew: 36885K->7435K(314560K), 0,0080390 secs] 680217K->651758K(1013632K), 0,0081200 secs] [Times: user=0,06 sys=0,00, real=0,01 secs] 
2015-09-08T02:09:38.565+0200: 988966,742: [Rescan (parallel) , 0,0051530 secs]2015-09-08T02:09:38.570+0200: 988966,747: [weak refs processing, 0,0211370 secs]2015-09-08T02:09:38.592+0200: 988966,768: [class unloading, 0,0012200 secs]2015-09-08T02:09:38.593+0200: 988966,769: [scrub symbol table, 0,0009540 secs]2015-09-08T02:09:38.594+0200: 988966,770: [scrub string table, 0,0001800 secs] [1 CMS-remark: 644323K(699072K)] 651758K(1013632K), 0,0374850 secs] [Times: user=0,10 sys=0,00, real=0,03 secs] 
2015-09-08T02:09:38.595+0200: 988966,771: [CMS-concurrent-sweep-start]
2015-09-08T02:09:40.502+0200: 988968,679: [CMS-concurrent-sweep: 1,907/1,907 secs] [Times: user=1,02 sys=0,12, real=1,91 secs] 
2015-09-08T02:09:40.502+0200: 988968,679: [CMS-concurrent-reset-start]
2015-09-08T02:09:40.503+0200: 988968,680: [CMS-concurrent-reset: 0,001/0,001 secs] [Times: user=0,00 sys=0,00, real=0,00 secs] 
2015-09-08T02:10:35.143+0200: 989023,319: [GC2015-09-08T02:10:35.143+0200: 989023,319: [ParNew: 287051K->6616K(314560K), 0,0082570 secs] 293444K->14008K(1013632K), 0,0083570 secs] [Times: user=0,06 sys=0,00, real=0,01 secs] 
2015-09-08T02:11:31.773+0200: 989079,950: [GC2015-09-08T02:11:31.773+0200: 989079,950: [ParNew: 286232K->7686K(314560K), 0,0118690 secs] 293624K->16071K(1013632K), 0,0120000 secs] [Times: user=0,09 sys=0,00, real=0,02 secs] 
2015-09-08T02:12:28.608+0200: 989136,784: [GC2015-09-08T02:12:28.608+0200: 989136,784: [ParNew: 287302K->7001K(314560K), 0,0102070 secs] 295687K->16298K(1013632K), 0,0103180 secs] [Times: user=0,07 sys=0,00, real=0,01 secs] 
2015-09-08T02:13:25.300+0200: 989193,476: [GC2015-09-08T02:13:25.300+0200: 989193,476: [ParNew: 286617K->8444K(314560K), 0,0107970 secs] 295914K->18650K(1013632K), 0,0109230 secs] [Times: user=0,08 sys=0,00, real=0,01 secs] 
2015-09-08T02:14:22.062+0200: 989250,239: [GC2015-09-08T02:14:22.062+0200: 989250,239: [ParNew: 288060K->6038K(314560K), 0,0117240 secs] 298266K->17161K(1013632K), 0,0118430 secs] [Times: user=0,08 sys=0,00, real=0,01 secs] 
2015-09-08T02:15:18.897+0200: 989307,073: [GC2015-09-08T02:15:18.897+0200: 989307,073: [ParNew: 285654K->8891K(314560K), 0,0123600 secs] 296777K->20102K(1013632K), 0,0124790 secs] [Times: user=0,10 sys=0,00, real=0,01 secs] 
2015-09-08T02:16:15.731+0200: 989363,908: [GC2015-09-08T02:16:15.731+0200: 989363,908: [ParNew: 288507K->8235K(314560K), 0,0105650 secs] 299718K->20355K(1013632K), 0,0106930 secs] [Times: user=0,10 sys=0,00, real=0,01 secs] 
2015-09-08T02:17:12.565+0200: 989420,741: [GC2015-09-08T02:17:12.565+0200: 989420,741: [ParNew: 287851K->8733K(314560K), 0,0105440 secs] 299971K->21773K(1013632K), 0,0106900 secs] [Times: user=0,08 sys=0,00, real=0,00 secs] 
2015-09-08T02:18:09.198+0200: 989477,374: [GC2015-09-08T02:18:09.198+0200: 989477,374: [ParNew: 288349K->8951K(314560K), 0,0088700 secs] 301389K->22981K(1013632K), 0,0089710 secs] [Times: user=0,05 sys=0,00, real=0,01 secs] 
2015-09-08T02:19:06.029+0200: 989534,205: [GC2015-09-08T02:19:06.029+0200: 989534,206: [ParNew: 288567K->8273K(314560K), 0,0112600 secs] 302597K->23313K(1013632K), 0,0114000 secs] [Times: user=0,09 sys=0,00, real=0,01 secs] 
2015-09-08T02:20:02.828+0200: 989591,004: [GC2015-09-08T02:20:02.828+0200: 989591,004: [ParNew: 287889K->9034K(314560K), 0,0114330 secs] 302929K->25080K(1013632K), 0,0115490 secs] [Times: user=0,08 sys=0,00, real=0,01 secs] 
2015-09-08T02:20:59.485+0200: 989647,662: [GC2015-09-08T02:20:59.485+0200: 989647,662: [ParNew: 288650K->8286K(314560K), 0,0117380 secs] 304696K->25257K(1013632K), 0,0118880 secs] [Times: user=0,09 sys=0,00, real=0,01 secs] 
2015-09-08T02:21:56.320+0200: 989704,496: [GC2015-09-08T02:21:56.320+0200: 989704,496: [ParNew: 287902K->9280K(314560K), 0,0111490 secs] 304873K->27171K(1013632K), 0,0112630 secs] [Times: user=0,08 sys=0,00, real=0,01 secs] 
2015-09-08T02:22:52.685+0200: 989760,861: [GC2015-09-08T02:22:52.685+0200: 989760,861: [ParNew: 288896K->9241K(314560K), 0,0078250 secs] 306787K->28052K(1013632K), 0,0079250 secs] [Times: user=0,05 sys=0,01, real=0,00 secs] 
2015-09-08T02:23:49.106+0200: 989817,283: [GC2015-09-08T02:23:49.106+0200: 989817,283: [ParNew: 288857K->8801K(314560K), 0,0119650 secs] 307668K->28534K(1013632K), 0,0121110 secs] [Times: user=0,09 sys=0,00, real=0,01 secs] 
2015-09-08T02:24:45.797+0200: 989873,973: [GC2015-09-08T02:24:45.797+0200: 989873,973: [ParNew: 288417K->9052K(314560K), 0,0109910 secs] 308150K->29701K(1013632K), 0,0111340 secs] [Times: user=0,08 sys=0,00, real=0,01 secs] 
2015-09-08T02:25:42.630+0200: 989930,806: [GC2015-09-08T02:25:42.630+0200: 989930,806: [ParNew: 288668K->8734K(314560K), 0,0132620 secs] 309317K->30305K(1013632K), 0,0134040 secs] [Times: user=0,08 sys=0,00, real=0,01 secs] 
2015-09-08T02:26:39.391+0200: 989987,568: [GC2015-09-08T02:26:39.391+0200: 989987,568: [ParNew: 288350K->7582K(314560K), 0,0126960 secs] 309921K->30155K(1013632K), 0,0128190 secs] [Times: user=0,09 sys=0,00, real=0,01 secs] 
2015-09-08T02:27:35.863+0200: 990044,040: [GC2015-09-08T02:27:35.863+0200: 990044,040: [ParNew: 287198K->7680K(314560K), 0,0119370 secs] 309771K->31249K(1013632K), 0,0120520 secs] [Times: user=0,08 sys=0,00, real=0,01 secs] 
2015-09-08T02:28:32.279+0200: 990100,455: [GC2015-09-08T02:28:32.279+0200: 990100,456: [ParNew: 287296K->6272K(314560K), 0,0094180 secs] 310865K->30571K(1013632K), 0,0095330 secs] [Times: user=0,08 sys=0,00, real=0,01 secs] 
2015-09-08T02:29:28.931+0200: 990157,108: [GC2015-09-08T02:29:28.931+0200: 990157,108: [ParNew: 285888K->6718K(314560K), 0,0096150 secs] 310187K->32017K(1013632K), 0,0097430 secs] [Times: user=0,04 sys=0,01, real=0,01 secs] 
2015-09-08T02:30:25.679+0200: 990213,856: [GC2015-09-08T02:30:25.679+0200: 990213,856: [ParNew: 286334K->5005K(314560K), 0,0084000 secs] 311633K->30807K(1013632K), 0,0085130 secs] [Times: user=0,06 sys=0,00, real=0,01 secs] 
2015-09-08T02:31:22.385+0200: 990270,562: [GC2015-09-08T02:31:22.385+0200: 990270,562: [ParNew: 284621K->5483K(314560K), 0,0081780 secs] 310423K->31798K(1013632K), 0,0083120 secs] [Times: user=0,07 sys=0,00, real=0,00 secs] 
2015-09-08T02:32:19.216+0200: 990327,393: [GC2015-09-08T02:32:19.216+0200: 990327,393: [ParNew: 285099K->5828K(314560K), 0,0096040 secs] 311414K->32659K(1013632K), 0,0097300 secs] [Times: user=0,08 sys=0,00, real=0,02 secs] 
2015-09-08T02:33:16.048+0200: 990384,224: [GC2015-09-08T02:33:16.048+0200: 990384,224: [ParNew: 285444K->5076K(314560K), 0,0070730 secs] 312275K->32519K(1013632K), 0,0071740 secs] [Times: user=0,06 sys=0,00, real=0,00 secs] 
2015-09-08T02:34:12.828+0200: 990441,004: [GC2015-09-08T02:34:12.828+0200: 990441,004: [ParNew: 284692K->6366K(314560K), 0,0091140 secs] 312135K->34267K(1013632K), 0,0092290 secs] [Times: user=0,08 sys=0,00, real=0,01 secs] 
2015-09-08T02:35:09.499+0200: 990497,675: [GC2015-09-08T02:35:09.499+0200: 990497,675: [ParNew: 285982K->6734K(314560K), 0,0084170 secs] 313883K->35132K(1013632K), 0,0085440 secs] [Times: user=0,06 sys=0,00, real=0,01 secs] 
2015-09-08T02:36:06.330+0200: 990554,506: [GC2015-09-08T02:36:06.330+0200: 990554,506: [ParNew: 286350K->7959K(314560K), 0,0087130 secs] 314748K->36904K(1013632K), 0,0088280 secs] [Times: user=0,06 sys=0,00, real=0,01 secs] 
2015-09-08T02:37:03.105+0200: 990611,281: [GC2015-09-08T02:37:03.105+0200: 990611,281: [ParNew: 287575K->7580K(314560K), 0,0074030 secs] 316520K->37012K(1013632K), 0,0075170 secs] [Times: user=0,04 sys=0,01, real=0,00 secs] 
2015-09-08T02:37:59.783+0200: 990667,960: [GC2015-09-08T02:37:59.783+0200: 990667,960: [ParNew: 287196K->7673K(314560K), 0,0100650 secs] 316628K->37716K(1013632K), 0,0101650 secs] [Times: user=0,07 sys=0,00, real=0,01 secs] 
2015-09-08T02:38:56.616+0200: 990724,792: [GC2015-09-08T02:38:56.616+0200: 990724,792: [ParNew: 287289K->8167K(314560K), 0,0105400 secs] 317332K->38813K(1013632K), 0,0106600 secs] [Times: user=0,08 sys=0,00, real=0,02 secs] 
2015-09-08T02:39:53.449+0200: 990781,625: [GC2015-09-08T02:39:53.449+0200: 990781,625: [ParNew: 287783K->8768K(314560K), 0,0107140 secs] 318429K->40217K(1013632K), 0,0108400 secs] [Times: user=0,07 sys=0,00, real=0,01 secs] 
2015-09-08T02:40:50.282+0200: 990838,459: [GC2015-09-08T02:40:50.282+0200: 990838,459: [ParNew: 288384K->9153K(314560K), 0,0113350 secs] 319833K->41486K(1013632K), 0,0114800 secs] [Times: user=0,09 sys=0,00, real=0,01 secs] 
2015-09-08T02:41:46.916+0200: 990895,092: [GC2015-09-08T02:41:46.916+0200: 990895,093: [ParNew: 288769K->9398K(314560K), 0,0125070 secs] 321102K->42627K(1013632K), 0,0126170 secs] [Times: user=0,07 sys=0,00, real=0,02 secs] 
2015-09-08T02:42:43.751+0200: 990951,927: [GC2015-09-08T02:42:43.751+0200: 990951,927: [ParNew: 289014K->9599K(314560K), 0,0104210 secs] 322243K->43751K(1013632K), 0,0105380 secs] [Times: user=0,09 sys=0,00, real=0,01 secs] 
2015-09-08T02:43:40.584+0200: 991008,760: [GC2015-09-08T02:43:40.584+0200: 991008,760: [ParNew: 289215K->9742K(314560K), 0,0120460 secs] 323367K->44899K(1013632K), 0,0121880 secs] [Times: user=0,08 sys=0,00, real=0,01 secs] 
2015-09-08T02:44:37.419+0200: 991065,595: [GC2015-09-08T02:44:37.419+0200: 991065,595: [ParNew: 289358K->9792K(314560K), 0,0112450 secs] 324515K->45951K(1013632K), 0,0113560 secs] [Times: user=0,08 sys=0,00, real=0,01 secs] 
2015-09-08T02:45:34.191+0200: 991122,368: [GC2015-09-08T02:45:34.191+0200: 991122,368: [ParNew: 289408K->8299K(314560K), 0,0118390 secs] 325567K->45373K(1013632K), 0,0119750 secs] [Times: user=0,10 sys=0,00, real=0,01 secs] 
2015-09-08T02:46:31.037+0200: 991179,213: [GC2015-09-08T02:46:31.037+0200: 991179,213: [ParNew: 287915K->8551K(314560K), 0,0107720 secs] 324989K->46549K(1013632K), 0,0108860 secs] [Times: user=0,06 sys=0,00, real=0,01 secs] 
2015-09-08T02:47:27.591+0200: 991235,768: [GC2015-09-08T02:47:27.591+0200: 991235,768: [ParNew: 288167K->8509K(314560K), 0,0107820 secs] 326165K->47436K(1013632K), 0,0109170 secs] [Times: user=0,07 sys=0,00, real=0,01 secs] 
2015-09-08T02:48:24.308+0200: 991292,485: [GC2015-09-08T02:48:24.308+0200: 991292,485: [ParNew: 288125K->8582K(314560K), 0,0105630 secs] 327052K->48423K(1013632K), 0,0106860 secs] [Times: user=0,08 sys=0,00, real=0,01 secs] 
2015-09-08T02:49:21.394+0200: 991349,571: [GC2015-09-08T02:49:21.394+0200: 991349,571: [ParNew: 288198K->8707K(314560K), 0,0132440 secs] 328039K->49480K(1013632K), 0,0133620 secs] [Times: user=0,11 sys=0,00, real=0,02 secs] 
2015-09-08T02:50:18.105+0200: 991406,281: [GC2015-09-08T02:50:18.105+0200: 991406,281: [ParNew: 288323K->8097K(314560K), 0,0110730 secs] 329096K->49787K(1013632K), 0,0112130 secs] [Times: user=0,08 sys=0,00, real=0,00 secs] 
2015-09-08T02:51:14.785+0200: 991462,962: [GC2015-09-08T02:51:14.785+0200: 991462,962: [ParNew: 287713K->9691K(314560K), 0,0116990 secs] 329403K->52343K(1013632K), 0,0118310 secs] [Times: user=0,08 sys=0,00, real=0,01 secs] 
2015-09-08T02:52:11.619+0200: 991519,796: [GC2015-09-08T02:52:11.619+0200: 991519,796: [ParNew: 289307K->10537K(314560K), 0,0120170 secs] 331959K->54194K(1013632K), 0,0121380 secs] [Times: user=0,09 sys=0,00, real=0,01 secs] 
2015-09-08T02:53:08.454+0200: 991576,630: [GC2015-09-08T02:53:08.454+0200: 991576,630: [ParNew: 290153K->8008K(314560K), 0,0124120 secs] 333810K->52669K(1013632K), 0,0125370 secs] [Times: user=0,08 sys=0,00, real=0,02 secs] 
2015-09-08T02:54:05.289+0200: 991633,465: [GC2015-09-08T02:54:05.289+0200: 991633,465: [ParNew: 287624K->8874K(314560K), 0,0100800 secs] 332285K->54464K(1013632K), 0,0102160 secs] [Times: user=0,07 sys=0,00, real=0,01 secs] 
2015-09-08T02:55:02.478+0200: 991690,654: [GC2015-09-08T02:55:02.478+0200: 991690,654: [ParNew: 288490K->8321K(314560K), 0,0110410 secs] 334080K->54845K(1013632K), 0,0111620 secs] [Times: user=0,07 sys=0,01, real=0,01 secs] 
2015-09-08T02:55:59.143+0200: 991747,320: [GC2015-09-08T02:55:59.143+0200: 991747,320: [ParNew: 287937K->8459K(314560K), 0,0109360 secs] 334461K->55892K(1013632K), 0,0110490 secs] [Times: user=0,09 sys=0,00, real=0,01 secs] 
2015-09-08T02:56:55.977+0200: 991804,153: [GC2015-09-08T02:56:55.977+0200: 991804,153: [ParNew: 288075K->9321K(314560K), 0,0300730 secs] 335508K->57682K(1013632K), 0,0301920 secs] [Times: user=0,08 sys=0,00, real=0,03 secs] 
2015-09-08T02:57:52.734+0200: 991860,911: [GC2015-09-08T02:57:52.734+0200: 991860,911: [ParNew: 288937K->9448K(314560K), 0,0127100 secs] 337298K->58724K(1013632K), 0,0128220 secs] [Times: user=0,09 sys=0,00, real=0,02 secs] 
2015-09-08T02:58:49.452+0200: 991917,629: [GC2015-09-08T02:58:49.452+0200: 991917,629: [ParNew: 289064K->8844K(314560K), 0,0126600 secs] 338340K->59027K(1013632K), 0,0127830 secs] [Times: user=0,08 sys=0,00, real=0,02 secs] 
2015-09-08T02:59:46.288+0200: 991974,464: [GC2015-09-08T02:59:46.288+0200: 991974,464: [ParNew: 288460K->9731K(314560K), 0,0124420 secs] 338643K->60892K(1013632K), 0,0125870 secs] [Times: user=0,08 sys=0,00, real=0,01 secs] 
2015-09-08T03:00:42.863+0200: 992031,039: [GC2015-09-08T03:00:42.863+0200: 992031,039: [ParNew: 289347K->9053K(314560K), 0,0124490 secs] 340508K->61245K(1013632K), 0,0125710 secs] [Times: user=0,08 sys=0,00, real=0,01 secs] 
2015-09-08T03:01:39.545+0200: 992087,721: [GC2015-09-08T03:01:39.545+0200: 992087,721: [ParNew: 288669K->9794K(314560K), 0,0116150 secs] 340861K->62994K(1013632K), 0,0117380 secs] [Times: user=0,07 sys=0,00, real=0,01 secs] 
2015-09-08T03:02:36.378+0200: 992144,555: [GC2015-09-08T03:02:36.378+0200: 992144,555: [ParNew: 289410K->9039K(314560K), 0,0108010 secs] 342610K->63161K(1013632K), 0,0109300 secs] [Times: user=0,09 sys=0,00, real=0,01 secs] 
2015-09-08T03:03:32.986+0200: 992201,162: [GC2015-09-08T03:03:32.986+0200: 992201,162: [ParNew: 288655K->8576K(314560K), 0,0188710 secs] 342777K->63613K(1013632K), 0,0189900 secs] [Times: user=0,11 sys=0,00, real=0,02 secs] 
2015-09-08T03:04:29.633+0200: 992257,810: [GC2015-09-08T03:04:29.633+0200: 992257,810: [ParNew: 288192K->8547K(314560K), 0,0108980 secs] 343229K->64506K(1013632K), 0,0110200 secs] [Times: user=0,07 sys=0,00, real=0,01 secs] 
2015-09-08T03:05:26.216+0200: 992314,393: [GC2015-09-08T03:05:26.216+0200: 992314,393: [ParNew: 288163K->8622K(314560K), 0,0108950 secs] 344122K->65504K(1013632K), 0,0110200 secs] [Times: user=0,07 sys=0,00, real=0,01 secs] 
2015-09-08T03:06:22.889+0200: 992371,065: [GC2015-09-08T03:06:22.889+0200: 992371,065: [ParNew: 288238K->9463K(314560K), 0,0121600 secs] 345120K->67263K(1013632K), 0,0122690 secs] [Times: user=0,09 sys=0,00, real=0,01 secs] 
2015-09-08T03:07:19.723+0200: 992427,900: [GC2015-09-08T03:07:19.724+0200: 992427,900: [ParNew: 289079K->9578K(314560K), 0,0124350 secs] 346879K->68302K(1013632K), 0,0125410 secs] [Times: user=0,10 sys=0,00, real=0,01 secs] 
2015-09-08T03:08:16.558+0200: 992484,735: [GC2015-09-08T03:08:16.558+0200: 992484,735: [ParNew: 289194K->8953K(314560K), 0,0106680 secs] 347918K->68685K(1013632K), 0,0107910 secs] [Times: user=0,08 sys=0,00, real=0,01 secs] 
2015-09-08T03:09:13.105+0200: 992541,281: [GC2015-09-08T03:09:13.105+0200: 992541,281: [ParNew: 288569K->9737K(314560K), 0,0127830 secs] 348301K->70465K(1013632K), 0,0128920 secs] [Times: user=0,07 sys=0,00, real=0,01 secs] 
2015-09-08T03:10:09.814+0200: 992597,990: [GC2015-09-08T03:10:09.814+0200: 992597,990: [ParNew: 289353K->6767K(314560K), 0,0106200 secs] 350081K->68407K(1013632K), 0,0107470 secs] [Times: user=0,08 sys=0,00, real=0,01 secs] 
2015-09-08T03:11:06.647+0200: 992654,823: [GC2015-09-08T03:11:06.647+0200: 992654,823: [ParNew: 286383K->9204K(314560K), 0,0113120 secs] 348023K->71770K(1013632K), 0,0114550 secs] [Times: user=0,10 sys=0,00, real=0,01 secs] 
2015-09-08T03:12:03.105+0200: 992711,281: [GC2015-09-08T03:12:03.105+0200: 992711,281: [ParNew: 288820K->9873K(314560K), 0,0572040 secs] 351386K->73343K(1013632K), 0,0573140 secs] [Times: user=0,08 sys=0,01, real=0,05 secs] 
2015-09-08T03:12:59.798+0200: 992767,974: [GC2015-09-08T03:12:59.798+0200: 992767,974: [ParNew: 289489K->7119K(314560K), 0,0116570 secs] 352959K->71506K(1013632K), 0,0117740 secs] [Times: user=0,09 sys=0,00, real=0,01 secs] 
2015-09-08T03:13:56.524+0200: 992824,700: [GC2015-09-08T03:13:56.524+0200: 992824,700: [ParNew: 286735K->9188K(314560K), 0,0133390 secs] 351122K->74505K(1013632K), 0,0134360 secs] [Times: user=0,11 sys=0,00, real=0,02 secs] 
2015-09-08T03:14:53.105+0200: 992881,281: [GC2015-09-08T03:14:53.105+0200: 992881,281: [ParNew: 288804K->9312K(314560K), 0,0106530 secs] 354121K->75561K(1013632K), 0,0107640 secs] [Times: user=0,07 sys=0,00, real=0,00 secs] 
2015-09-08T03:15:49.781+0200: 992937,958: [GC2015-09-08T03:15:49.782+0200: 992937,958: [ParNew: 288928K->8114K(314560K), 0,0115720 secs] 355177K->75295K(1013632K), 0,0116890 secs] [Times: user=0,08 sys=0,00, real=0,01 secs] 
2015-09-08T03:16:46.586+0200: 992994,763: [GC2015-09-08T03:16:46.586+0200: 992994,763: [ParNew: 287730K->8252K(314560K), 0,0146440 secs] 354911K->76449K(1013632K), 0,0147530 secs] [Times: user=0,09 sys=0,00, real=0,01 secs] 
2015-09-08T03:17:43.587+0200: 993051,763: [GC2015-09-08T03:17:43.587+0200: 993051,763: [ParNew: 287868K->9016K(314560K), 0,0113580 secs] 356065K->78216K(1013632K), 0,0114850 secs] [Times: user=0,10 sys=0,00, real=0,01 secs] 
2015-09-08T03:18:40.260+0200: 993108,436: [GC2015-09-08T03:18:40.260+0200: 993108,436: [ParNew: 288632K->8260K(314560K), 0,0116640 secs] 357832K->78379K(1013632K), 0,0117910 secs] [Times: user=0,08 sys=0,00, real=0,01 secs] 
2015-09-08T03:19:37.093+0200: 993165,270: [GC2015-09-08T03:19:37.093+0200: 993165,270: [ParNew: 287876K->9188K(314560K), 0,0103060 secs] 357995K->80231K(1013632K), 0,0104190 secs] [Times: user=0,07 sys=0,00, real=0,01 secs] 
2015-09-08T03:20:33.719+0200: 993221,895: [GC2015-09-08T03:20:33.719+0200: 993221,895: [ParNew: 288804K->8428K(314560K), 0,0123470 secs] 359847K->80388K(1013632K), 0,0124790 secs] [Times: user=0,08 sys=0,00, real=0,01 secs] 
2015-09-08T03:21:31.109+0200: 993279,285: [GC2015-09-08T03:21:31.109+0200: 993279,285: [ParNew: 288044K->8521K(314560K), 0,0113170 secs] 360004K->81407K(1013632K), 0,0114490 secs] [Times: user=0,08 sys=0,00, real=0,01 secs] 
2015-09-08T03:22:27.728+0200: 993335,904: [GC2015-09-08T03:22:27.728+0200: 993335,904: [ParNew: 288137K->10071K(314560K), 0,0112550 secs] 361023K->83865K(1013632K), 0,0113640 secs] [Times: user=0,10 sys=0,00, real=0,01 secs] 
2015-09-08T03:23:24.098+0200: 993392,275: [GC2015-09-08T03:23:24.098+0200: 993392,275: [ParNew: 289687K->9939K(314560K), 0,0130300 secs] 363481K->84642K(1013632K), 0,0131520 secs] [Times: user=0,09 sys=0,00, real=0,01 secs] 
2015-09-08T03:24:20.820+0200: 993448,997: [GC2015-09-08T03:24:20.821+0200: 993448,997: [ParNew: 289555K->9494K(314560K), 0,0117120 secs] 364258K->85142K(1013632K), 0,0118420 secs] [Times: user=0,07 sys=0,01, real=0,01 secs] 
2015-09-08T03:25:17.655+0200: 993505,831: [GC2015-09-08T03:25:17.655+0200: 993505,831: [ParNew: 289110K->9155K(314560K), 0,0114780 secs] 364758K->85801K(1013632K), 0,0115960 secs] [Times: user=0,09 sys=0,00, real=0,02 secs] 
2015-09-08T03:26:14.488+0200: 993562,665: [GC2015-09-08T03:26:14.488+0200: 993562,665: [ParNew: 288771K->8593K(314560K), 0,0133940 secs] 365417K->86254K(1013632K), 0,0135710 secs] [Times: user=0,10 sys=0,00, real=0,01 secs] 
2015-09-08T03:27:11.324+0200: 993619,501: [GC2015-09-08T03:27:11.324+0200: 993619,501: [ParNew: 288209K->5966K(314560K), 0,0105510 secs] 365870K->84547K(1013632K), 0,0106780 secs] [Times: user=0,08 sys=0,00, real=0,01 secs] 
2015-09-08T03:28:07.828+0200: 993676,005: [GC2015-09-08T03:28:07.828+0200: 993676,005: [ParNew: 285582K->7380K(314560K), 0,0125520 secs] 364163K->86887K(1013632K), 0,0126790 secs] [Times: user=0,06 sys=0,00, real=0,01 secs] 
2015-09-08T03:29:04.579+0200: 993732,755: [GC2015-09-08T03:29:04.579+0200: 993732,755: [ParNew: 286996K->6870K(314560K), 0,0104110 secs] 366503K->87366K(1013632K), 0,0105250 secs] [Times: user=0,09 sys=0,00, real=0,01 secs] 
2015-09-08T03:30:01.412+0200: 993789,589: [GC2015-09-08T03:30:01.412+0200: 993789,589: [ParNew: 286486K->5671K(314560K), 0,0082120 secs] 366982K->86664K(1013632K), 0,0083750 secs] [Times: user=0,04 sys=0,01, real=0,01 secs] 
2015-09-08T03:30:58.105+0200: 993846,281: [GC2015-09-08T03:30:58.105+0200: 993846,281: [ParNew: 285287K->5579K(314560K), 0,0078690 secs] 366280K->87078K(1013632K), 0,0079890 secs] [Times: user=0,04 sys=0,01, real=0,00 secs] 
2015-09-08T03:31:54.864+0200: 993903,041: [GC2015-09-08T03:31:54.865+0200: 993903,041: [ParNew: 285195K->6478K(314560K), 0,0078970 secs] 366694K->88497K(1013632K), 0,0080220 secs] [Times: user=0,05 sys=0,01, real=0,00 secs] 
2015-09-08T03:32:51.695+0200: 993959,872: [GC2015-09-08T03:32:51.695+0200: 993959,872: [ParNew: 286094K->6576K(314560K), 0,0116400 secs] 368113K->89217K(1013632K), 0,0117640 secs] [Times: user=0,08 sys=0,00, real=0,02 secs] 
2015-09-08T03:33:48.529+0200: 994016,706: [GC2015-09-08T03:33:48.529+0200: 994016,706: [ParNew: 286192K->4548K(314560K), 0,0077500 secs] 368833K->88012K(1013632K), 0,0078980 secs] [Times: user=0,06 sys=0,00, real=0,01 secs] 
2015-09-08T03:34:45.360+0200: 994073,536: [GC2015-09-08T03:34:45.360+0200: 994073,536: [ParNew: 284164K->6187K(314560K), 0,0068360 secs] 367628K->90187K(1013632K), 0,0069490 secs] [Times: user=0,06 sys=0,00, real=0,01 secs] 
2015-09-08T03:35:42.075+0200: 994130,252: [GC2015-09-08T03:35:42.075+0200: 994130,252: [ParNew: 285803K->6874K(314560K), 0,0078190 secs] 369803K->91339K(1013632K), 0,0079520 secs] [Times: user=0,05 sys=0,00, real=0,01 secs] 
2015-09-08T03:36:38.815+0200: 994186,992: [GC2015-09-08T03:36:38.815+0200: 994186,992: [ParNew: 286490K->5228K(314560K), 0,0080850 secs] 370955K->90174K(1013632K), 0,0081910 secs] [Times: user=0,05 sys=0,00, real=0,01 secs] 
2015-09-08T03:37:35.646+0200: 994243,822: [GC2015-09-08T03:37:35.646+0200: 994243,822: [ParNew: 284844K->7895K(314560K), 0,0088540 secs] 369790K->93335K(1013632K), 0,0089670 secs] [Times: user=0,06 sys=0,00, real=0,00 secs] 
2015-09-08T03:38:32.460+0200: 994300,637: [GC2015-09-08T03:38:32.460+0200: 994300,637: [ParNew: 287511K->8794K(314560K), 0,0096150 secs] 372951K->94836K(1013632K), 0,0097400 secs] [Times: user=0,07 sys=0,00, real=0,01 secs] 
2015-09-08T03:39:29.099+0200: 994357,275: [GC2015-09-08T03:39:29.099+0200: 994357,275: [ParNew: 288410K->9690K(314560K), 0,0087910 secs] 374452K->96329K(1013632K), 0,0089460 secs] [Times: user=0,07 sys=0,00, real=0,01 secs] 
2015-09-08T03:40:25.930+0200: 994414,107: [GC2015-09-08T03:40:25.930+0200: 994414,107: [ParNew: 289306K->7740K(314560K), 0,0104160 secs] 375945K->95171K(1013632K), 0,0105300 secs] [Times: user=0,07 sys=0,00, real=0,01 secs] 
2015-09-08T03:41:22.579+0200: 994470,755: [GC2015-09-08T03:41:22.579+0200: 994470,755: [ParNew: 287356K->7953K(314560K), 0,0128500 secs] 374787K->96331K(1013632K), 0,0129720 secs] [Times: user=0,09 sys=0,00, real=0,01 secs] 
2015-09-08T03:42:19.385+0200: 994527,562: [GC2015-09-08T03:42:19.385+0200: 994527,562: [ParNew: 287569K->9422K(314560K), 0,0101660 secs] 375947K->98792K(1013632K), 0,0103020 secs] [Times: user=0,06 sys=0,01, real=0,00 secs] 
2015-09-08T03:43:16.218+0200: 994584,394: [GC2015-09-08T03:43:16.218+0200: 994584,394: [ParNew: 289038K->8906K(314560K), 0,0115800 secs] 378408K->99272K(1013632K), 0,0116990 secs] [Times: user=0,10 sys=0,00, real=0,01 secs] 
2015-09-08T03:44:12.828+0200: 994641,004: [GC2015-09-08T03:44:12.828+0200: 994641,004: [ParNew: 288522K->8954K(314560K), 0,0105890 secs] 378888K->100232K(1013632K), 0,0107070 secs] [Times: user=0,08 sys=0,00, real=0,01 secs] 
2015-09-08T03:45:09.473+0200: 994697,650: [GC2015-09-08T03:45:09.473+0200: 994697,650: [ParNew: 288570K->7788K(314560K), 0,0107220 secs] 379848K->99982K(1013632K), 0,0108530 secs] [Times: user=0,08 sys=0,00, real=0,01 secs] 
2015-09-08T03:46:06.102+0200: 994754,279: [GC2015-09-08T03:46:06.102+0200: 994754,279: [ParNew: 287404K->9185K(314560K), 0,0112850 secs] 379598K->102283K(1013632K), 0,0114170 secs] [Times: user=0,09 sys=0,00, real=0,01 secs] 
2015-09-08T03:47:02.820+0200: 994810,996: [GC2015-09-08T03:47:02.820+0200: 994810,996: [ParNew: 288801K->8578K(314560K), 0,0113380 secs] 381899K->102581K(1013632K), 0,0114440 secs] [Times: user=0,08 sys=0,00, real=0,01 secs] 
2015-09-08T03:47:59.558+0200: 994867,734: [GC2015-09-08T03:47:59.558+0200: 994867,734: [ParNew: 288194K->9405K(314560K), 0,0109920 secs] 382197K->104334K(1013632K), 0,0111130 secs] [Times: user=0,09 sys=0,00, real=0,01 secs] 
2015-09-08T03:48:56.259+0200: 994924,435: [GC2015-09-08T03:48:56.259+0200: 994924,435: [ParNew: 289021K->8059K(314560K), 0,0119020 secs] 383950K->103893K(1013632K), 0,0120200 secs] [Times: user=0,08 sys=0,00, real=0,01 secs] 
2015-09-08T03:49:52.947+0200: 994981,123: [GC2015-09-08T03:49:52.947+0200: 994981,123: [ParNew: 287675K->8928K(314560K), 0,0117140 secs] 383509K->105752K(1013632K), 0,0118580 secs] [Times: user=0,10 sys=0,00, real=0,01 secs] 
2015-09-08T03:50:49.637+0200: 995037,813: [GC2015-09-08T03:50:49.637+0200: 995037,813: [ParNew: 288544K->8222K(314560K), 0,0112430 secs] 385368K->106056K(1013632K), 0,0113840 secs] [Times: user=0,08 sys=0,01, real=0,01 secs] 
2015-09-08T03:51:46.416+0200: 995094,593: [GC2015-09-08T03:51:46.416+0200: 995094,593: [ParNew: 287838K->8225K(314560K), 0,0124580 secs] 385672K->106976K(1013632K), 0,0125880 secs] [Times: user=0,07 sys=0,01, real=0,01 secs] 
2015-09-08T03:52:43.479+0200: 995151,655: [GC2015-09-08T03:52:43.479+0200: 995151,655: [ParNew: 287841K->7720K(314560K), 0,0110920 secs] 386592K->107365K(1013632K), 0,0112400 secs] [Times: user=0,09 sys=0,00, real=0,01 secs] 
2015-09-08T03:53:40.115+0200: 995208,291: [GC2015-09-08T03:53:40.115+0200: 995208,291: [ParNew: 287336K->9105K(314560K), 0,0127180 secs] 386981K->109668K(1013632K), 0,0128480 secs] [Times: user=0,09 sys=0,00, real=0,02 secs] 
2015-09-08T03:54:36.950+0200: 995265,126: [GC2015-09-08T03:54:36.950+0200: 995265,126: [ParNew: 288721K->9180K(314560K), 0,0129510 secs] 389284K->110663K(1013632K), 0,0130950 secs] [Times: user=0,08 sys=0,00, real=0,01 secs] 
2015-09-08T03:55:33.786+0200: 995321,962: [GC2015-09-08T03:55:33.786+0200: 995321,962: [ParNew: 288796K->9299K(314560K), 0,0102950 secs] 390279K->111695K(1013632K), 0,0104190 secs] [Times: user=0,06 sys=0,00, real=0,00 secs] 
2015-09-08T03:56:30.621+0200: 995378,798: [GC2015-09-08T03:56:30.621+0200: 995378,798: [ParNew: 288915K->9431K(314560K), 0,0117560 secs] 391311K->112743K(1013632K), 0,0118850 secs] [Times: user=0,10 sys=0,00, real=0,01 secs] 
2015-09-08T03:57:27.256+0200: 995435,432: [GC2015-09-08T03:57:27.256+0200: 995435,432: [ParNew: 289047K->9579K(314560K), 0,0113690 secs] 392359K->113813K(1013632K), 0,0115010 secs] [Times: user=0,09 sys=0,00, real=0,02 secs] 
2015-09-08T03:58:24.089+0200: 995492,266: [GC2015-09-08T03:58:24.089+0200: 995492,266: [ParNew: 289195K->7486K(314560K), 0,0113530 secs] 393429K->112725K(1013632K), 0,0114800 secs] [Times: user=0,08 sys=0,00, real=0,01 secs] 
2015-09-08T03:59:20.923+0200: 995549,099: [GC2015-09-08T03:59:20.923+0200: 995549,099: [ParNew: 287102K->9791K(314560K), 0,0126810 secs] 392341K->116021K(1013632K), 0,0128150 secs] [Times: user=0,08 sys=0,00, real=0,01 secs] 
2015-09-08T04:00:17.758+0200: 995605,934: [GC2015-09-08T04:00:17.758+0200: 995605,935: [ParNew: 289407K->6800K(314560K), 0,0107530 secs] 395637K->113948K(1013632K), 0,0108630 secs] [Times: user=0,09 sys=0,00, real=0,01 secs] 
2015-09-08T04:01:14.592+0200: 995662,768: [GC2015-09-08T04:01:14.592+0200: 995662,768: [ParNew: 286416K->7829K(314560K), 0,0111200 secs] 393564K->115891K(1013632K), 0,0112470 secs] [Times: user=0,08 sys=0,00, real=0,01 secs] 
2015-09-08T04:02:11.465+0200: 995719,642: [GC2015-09-08T04:02:11.465+0200: 995719,642: [ParNew: 287445K->9226K(314560K), 0,0108160 secs] 395507K->118216K(1013632K), 0,0109300 secs] [Times: user=0,07 sys=0,00, real=0,00 secs] 
2015-09-08T04:03:08.105+0200: 995776,281: [GC2015-09-08T04:03:08.105+0200: 995776,281: [ParNew: 288842K->9344K(314560K), 0,0107800 secs] 397832K->119267K(1013632K), 0,0108990 secs] [Times: user=0,07 sys=0,01, real=0,00 secs] 
2015-09-08T04:04:04.869+0200: 995833,046: [GC2015-09-08T04:04:04.869+0200: 995833,046: [ParNew: 288960K->8002K(314560K), 0,0105120 secs] 398883K->118862K(1013632K), 0,0106390 secs] [Times: user=0,06 sys=0,00, real=0,01 secs] 
2015-09-08T04:05:01.596+0200: 995889,772: [GC2015-09-08T04:05:01.596+0200: 995889,772: [ParNew: 287618K->9577K(314560K), 0,0119410 secs] 398478K->121354K(1013632K), 0,0120760 secs] [Times: user=0,09 sys=0,00, real=0,02 secs] 
2015-09-08T04:05:58.325+0200: 995946,501: [GC2015-09-08T04:05:58.325+0200: 995946,501: [ParNew: 289193K->8957K(314560K), 0,0106380 secs] 400970K->121675K(1013632K), 0,0107630 secs] [Times: user=0,08 sys=0,00, real=0,00 secs] 
2015-09-08T04:06:55.158+0200: 996003,335: [GC2015-09-08T04:06:55.158+0200: 996003,335: [ParNew: 288573K->9801K(314560K), 0,0100770 secs] 401291K->123533K(1013632K), 0,0101900 secs] [Times: user=0,08 sys=0,00, real=0,01 secs] 
2015-09-08T04:07:51.991+0200: 996060,167: [GC2015-09-08T04:07:51.991+0200: 996060,167: [ParNew: 289417K->8313K(314560K), 0,0135130 secs] 403149K->123077K(1013632K), 0,0136270 secs] [Times: user=0,09 sys=0,00, real=0,02 secs] 
2015-09-08T04:08:48.827+0200: 996117,003: [GC2015-09-08T04:08:48.827+0200: 996117,003: [ParNew: 287929K->8309K(314560K), 0,0107600 secs] 402693K->123993K(1013632K), 0,0108760 secs] [Times: user=0,10 sys=0,00, real=0,01 secs] 
2015-09-08T04:09:45.812+0200: 996173,989: [GC2015-09-08T04:09:45.812+0200: 996173,989: [ParNew: 287925K->8541K(314560K), 0,0103370 secs] 403609K->125155K(1013632K), 0,0104750 secs] [Times: user=0,08 sys=0,00, real=0,01 secs] 
2015-09-08T04:10:42.828+0200: 996231,005: [GC2015-09-08T04:10:42.828+0200: 996231,005: [ParNew: 288157K->8502K(314560K), 0,0106920 secs] 404771K->126030K(1013632K), 0,0108200 secs] [Times: user=0,09 sys=0,00, real=0,01 secs] 
2015-09-08T04:11:39.504+0200: 996287,681: [GC2015-09-08T04:11:39.504+0200: 996287,681: [ParNew: 288118K->9293K(314560K), 0,0121120 secs] 405646K->127733K(1013632K), 0,0122470 secs] [Times: user=0,07 sys=0,01, real=0,01 secs] 
2015-09-08T04:12:36.339+0200: 996344,516: [GC2015-09-08T04:12:36.340+0200: 996344,516: [ParNew: 288909K->9433K(314560K), 0,0109210 secs] 407349K->128799K(1013632K), 0,0110490 secs] [Times: user=0,09 sys=0,00, real=0,01 secs] 
2015-09-08T04:13:33.105+0200: 996401,281: [GC2015-09-08T04:13:33.105+0200: 996401,281: [ParNew: 289049K->8836K(314560K), 0,0101840 secs] 408415K->129140K(1013632K), 0,0103070 secs] [Times: user=0,07 sys=0,00, real=0,00 secs] 
2015-09-08T04:14:30.020+0200: 996458,197: [GC2015-09-08T04:14:30.020+0200: 996458,197: [ParNew: 288452K->8952K(314560K), 0,0150470 secs] 408756K->130207K(1013632K), 0,0151820 secs] [Times: user=0,07 sys=0,01, real=0,01 secs] 
2015-09-08T04:15:26.818+0200: 996514,994: [GC2015-09-08T04:15:26.818+0200: 996514,994: [ParNew: 288568K->7525K(314560K), 0,0133690 secs] 409823K->129796K(1013632K), 0,0134920 secs] [Times: user=0,11 sys=0,00, real=0,01 secs] 
2015-09-08T04:16:23.653+0200: 996571,830: [GC2015-09-08T04:16:23.654+0200: 996571,830: [ParNew: 287141K->9036K(314560K), 0,0110140 secs] 409412K->132303K(1013632K), 0,0111350 secs] [Times: user=0,07 sys=0,00, real=0,02 secs] 
2015-09-08T04:17:20.157+0200: 996628,333: [GC2015-09-08T04:17:20.157+0200: 996628,333: [ParNew: 288652K->9057K(314560K), 0,0131720 secs] 411919K->133250K(1013632K), 0,0133120 secs] [Times: user=0,08 sys=0,00, real=0,01 secs] 
2015-09-08T04:18:16.909+0200: 996685,085: [GC2015-09-08T04:18:16.909+0200: 996685,085: [ParNew: 288673K->9268K(314560K), 0,0126760 secs] 412866K->134390K(1013632K), 0,0128030 secs] [Times: user=0,09 sys=0,00, real=0,01 secs] 
2015-09-08T04:19:13.525+0200: 996741,702: [GC2015-09-08T04:19:13.525+0200: 996741,702: [ParNew: 288884K->9219K(314560K), 0,0114640 secs] 414006K->135271K(1013632K), 0,0115910 secs] [Times: user=0,07 sys=0,00, real=0,01 secs] 
2015-09-08T04:20:10.166+0200: 996798,342: [GC2015-09-08T04:20:10.166+0200: 996798,342: [ParNew: 288835K->9281K(314560K), 0,0129380 secs] 414887K->136243K(1013632K), 0,0130520 secs] [Times: user=0,08 sys=0,00, real=0,01 secs] 
2015-09-08T04:21:06.820+0200: 996854,996: [GC2015-09-08T04:21:06.820+0200: 996854,996: [ParNew: 288897K->9399K(314560K), 0,0117220 secs] 415859K->137279K(1013632K), 0,0118360 secs] [Times: user=0,08 sys=0,00, real=0,01 secs] 
2015-09-08T04:22:03.468+0200: 996911,645: [GC2015-09-08T04:22:03.468+0200: 996911,645: [ParNew: 289015K->8798K(314560K), 0,0120700 secs] 416895K->137605K(1013632K), 0,0122060 secs] [Times: user=0,08 sys=0,01, real=0,01 secs] 
2015-09-08T04:22:59.960+0200: 996968,136: [GC2015-09-08T04:22:59.960+0200: 996968,136: [ParNew: 288414K->9658K(314560K), 0,0130320 secs] 417221K->139439K(1013632K), 0,0131550 secs] [Times: user=0,09 sys=0,00, real=0,01 secs] 
2015-09-08T04:23:56.460+0200: 997024,637: [GC2015-09-08T04:23:56.460+0200: 997024,637: [ParNew: 289274K->9120K(314560K), 0,0117370 secs] 419055K->139905K(1013632K), 0,0118530 secs] [Times: user=0,06 sys=0,01, real=0,01 secs] 
2015-09-08T04:24:53.022+0200: 997081,199: [GC2015-09-08T04:24:53.023+0200: 997081,199: [ParNew: 288736K->9258K(314560K), 0,0150680 secs] 419521K->141036K(1013632K), 0,0151870 secs] [Times: user=0,09 sys=0,00, real=0,02 secs] 
2015-09-08T04:25:49.716+0200: 997137,893: [GC2015-09-08T04:25:49.716+0200: 997137,893: [ParNew: 288874K->8094K(314560K), 0,0109710 secs] 420652K->140785K(1013632K), 0,0111150 secs] [Times: user=0,07 sys=0,00, real=0,02 secs] 
2015-09-08T04:26:46.549+0200: 997194,726: [GC2015-09-08T04:26:46.549+0200: 997194,726: [ParNew: 287710K->6466K(314560K), 0,0103140 secs] 420401K->140077K(1013632K), 0,0104410 secs] [Times: user=0,08 sys=0,00, real=0,01 secs] 
2015-09-08T04:27:43.105+0200: 997251,281: [GC2015-09-08T04:27:43.105+0200: 997251,281: [ParNew: 286079K->8281K(314560K), 0,0108020 secs] 419690K->142815K(1013632K), 0,0109190 secs] [Times: user=0,07 sys=0,01, real=0,00 secs] 
2015-09-08T04:28:39.716+0200: 997307,893: [GC2015-09-08T04:28:39.716+0200: 997307,893: [ParNew: 287897K->6180K(314560K), 0,0092100 secs] 422431K->141400K(1013632K), 0,0093490 secs] [Times: user=0,06 sys=0,00, real=0,01 secs] 
2015-09-08T04:29:36.363+0200: 997364,539: [GC2015-09-08T04:29:36.363+0200: 997364,539: [ParNew: 285796K->6177K(314560K), 0,0091490 secs] 421016K->142388K(1013632K), 0,0092800 secs] [Times: user=0,05 sys=0,01, real=0,01 secs] 
2015-09-08T04:30:32.919+0200: 997421,095: [GC2015-09-08T04:30:32.919+0200: 997421,095: [ParNew: 285793K->6431K(314560K), 0,0084220 secs] 422004K->143145K(1013632K), 0,0085390 secs] [Times: user=0,07 sys=0,00, real=0,01 secs] 
2015-09-08T04:31:29.670+0200: 997477,846: [GC2015-09-08T04:31:29.670+0200: 997477,846: [ParNew: 286047K->5829K(314560K), 0,0082570 secs] 422761K->143108K(1013632K), 0,0083750 secs] [Times: user=0,07 sys=0,00, real=0,01 secs] 
2015-09-08T04:32:26.501+0200: 997534,677: [GC2015-09-08T04:32:26.501+0200: 997534,678: [ParNew: 285445K->6197K(314560K), 0,0097510 secs] 422724K->144080K(1013632K), 0,0098800 secs] [Times: user=0,06 sys=0,00, real=0,01 secs] 
2015-09-08T04:33:23.066+0200: 997591,243: [GC2015-09-08T04:33:23.066+0200: 997591,243: [ParNew: 285813K->6140K(314560K), 0,0087750 secs] 423696K->144586K(1013632K), 0,0088980 secs] [Times: user=0,05 sys=0,00, real=0,00 secs] 
2015-09-08T04:34:19.755+0200: 997647,931: [GC2015-09-08T04:34:19.755+0200: 997647,931: [ParNew: 285756K->4506K(314560K), 0,0071130 secs] 424202K->143384K(1013632K), 0,0072400 secs] [Times: user=0,07 sys=0,00, real=0,01 secs] 
2015-09-08T04:35:16.584+0200: 997704,761: [GC2015-09-08T04:35:16.584+0200: 997704,761: [ParNew: 284122K->5846K(314560K), 0,0077380 secs] 423000K->145114K(1013632K), 0,0078900 secs] [Times: user=0,04 sys=0,01, real=0,01 secs] 
2015-09-08T04:36:13.217+0200: 997761,394: [GC2015-09-08T04:36:13.217+0200: 997761,394: [ParNew: 285462K->7109K(314560K), 0,0102250 secs] 424730K->146822K(1013632K), 0,0103460 secs] [Times: user=0,06 sys=0,00, real=0,01 secs] 
2015-09-08T04:37:09.778+0200: 997817,954: [GC2015-09-08T04:37:09.778+0200: 997817,954: [ParNew: 286725K->7599K(314560K), 0,0084000 secs] 426438K->147796K(1013632K), 0,0085170 secs] [Times: user=0,07 sys=0,00, real=0,01 secs] 
2015-09-08T04:38:06.459+0200: 997874,635: [GC2015-09-08T04:38:06.459+0200: 997874,635: [ParNew: 287215K->8477K(314560K), 0,0094560 secs] 427412K->149278K(1013632K), 0,0095860 secs] [Times: user=0,06 sys=0,00, real=0,01 secs] 
2015-09-08T04:39:03.101+0200: 997931,278: [GC2015-09-08T04:39:03.101+0200: 997931,278: [ParNew: 288093K->8523K(314560K), 0,0087450 secs] 428894K->149925K(1013632K), 0,0088730 secs] [Times: user=0,06 sys=0,00, real=0,01 secs] 
2015-09-08T04:39:59.913+0200: 997988,089: [GC2015-09-08T04:39:59.913+0200: 997988,089: [ParNew: 288139K->9151K(314560K), 0,0116170 secs] 429541K->151427K(1013632K), 0,0117450 secs] [Times: user=0,07 sys=0,01, real=0,01 secs] 
2015-09-08T04:40:56.747+0200: 998044,923: [GC2015-09-08T04:40:56.747+0200: 998044,923: [ParNew: 288767K->9435K(314560K), 0,0103960 secs] 431043K->152675K(1013632K), 0,0105040 secs] [Times: user=0,10 sys=0,00, real=0,01 secs] 
2015-09-08T04:41:53.580+0200: 998101,757: [GC2015-09-08T04:41:53.580+0200: 998101,757: [ParNew: 289051K->7343K(314560K), 0,0099050 secs] 432291K->151467K(1013632K), 0,0100350 secs] [Times: user=0,09 sys=0,00, real=0,01 secs] 
2015-09-08T04:42:50.412+0200: 998158,589: [GC2015-09-08T04:42:50.412+0200: 998158,589: [ParNew: 286959K->8321K(314560K), 0,0105000 secs] 431083K->153333K(1013632K), 0,0106270 secs] [Times: user=0,07 sys=0,00, real=0,01 secs] 
2015-09-08T04:43:47.124+0200: 998215,301: [GC2015-09-08T04:43:47.124+0200: 998215,301: [ParNew: 287937K->8298K(314560K), 0,0126730 secs] 432949K->154202K(1013632K), 0,0127710 secs] [Times: user=0,07 sys=0,00, real=0,02 secs] 
2015-09-08T04:44:43.869+0200: 998272,045: [GC2015-09-08T04:44:43.869+0200: 998272,045: [ParNew: 287914K->9089K(314560K), 0,0116400 secs] 433818K->155898K(1013632K), 0,0117520 secs] [Times: user=0,08 sys=0,01, real=0,01 secs] 
2015-09-08T04:45:40.703+0200: 998328,879: [GC2015-09-08T04:45:40.703+0200: 998328,879: [ParNew: 288705K->8534K(314560K), 0,0108070 secs] 435514K->156240K(1013632K), 0,0109260 secs] [Times: user=0,10 sys=0,00, real=0,01 secs] 
2015-09-08T04:46:37.286+0200: 998385,463: [GC2015-09-08T04:46:37.286+0200: 998385,463: [ParNew: 288150K->8699K(314560K), 0,0107870 secs] 435856K->157318K(1013632K), 0,0109210 secs] [Times: user=0,09 sys=0,00, real=0,01 secs] 
2015-09-08T04:47:33.958+0200: 998442,134: [GC2015-09-08T04:47:33.958+0200: 998442,134: [ParNew: 288315K->8827K(314560K), 0,0132470 secs] 436934K->158370K(1013632K), 0,0133630 secs] [Times: user=0,07 sys=0,00, real=0,01 secs] 
2015-09-08T04:48:30.793+0200: 998498,970: [GC2015-09-08T04:48:30.793+0200: 998498,970: [ParNew: 288443K->9661K(314560K), 0,0111580 secs] 437986K->160188K(1013632K), 0,0113170 secs] [Times: user=0,07 sys=0,00, real=0,02 secs] 
2015-09-08T04:49:27.445+0200: 998555,621: [GC2015-09-08T04:49:27.445+0200: 998555,621: [ParNew: 289277K->9711K(314560K), 0,0105100 secs] 439804K->161223K(1013632K), 0,0106270 secs] [Times: user=0,07 sys=0,00, real=0,00 secs] 
2015-09-08T04:50:24.249+0200: 998612,426: [GC2015-09-08T04:50:24.249+0200: 998612,426: [ParNew: 289327K->8999K(314560K), 0,0122250 secs] 440839K->161440K(1013632K), 0,0123320 secs] [Times: user=0,08 sys=0,00, real=0,01 secs] 
2015-09-08T04:51:21.054+0200: 998669,230: [GC2015-09-08T04:51:21.054+0200: 998669,230: [ParNew: 288615K->8477K(314560K), 0,0087730 secs] 441056K->161848K(1013632K), 0,0088760 secs] [Times: user=0,06 sys=0,00, real=0,01 secs] 
2015-09-08T04:52:17.828+0200: 998726,004: [GC2015-09-08T04:52:17.828+0200: 998726,005: [ParNew: 288093K->9129K(314560K), 0,0104640 secs] 441464K->163406K(1013632K), 0,0105780 secs] [Times: user=0,10 sys=0,00, real=0,01 secs] 
2015-09-08T04:53:14.528+0200: 998782,705: [GC2015-09-08T04:53:14.528+0200: 998782,705: [ParNew: 288745K->8527K(314560K), 0,0110130 secs] 443022K->163703K(1013632K), 0,0111690 secs] [Times: user=0,07 sys=0,00, real=0,01 secs] 
2015-09-08T04:54:11.205+0200: 998839,381: [GC2015-09-08T04:54:11.205+0200: 998839,381: [ParNew: 288143K->9393K(314560K), 0,0121200 secs] 443319K->165487K(1013632K), 0,0122320 secs] [Times: user=0,07 sys=0,01, real=0,01 secs] 
2015-09-08T04:55:07.805+0200: 998895,982: [GC2015-09-08T04:55:07.805+0200: 998895,982: [ParNew: 289009K->8801K(314560K), 0,0110330 secs] 445103K->165814K(1013632K), 0,0111730 secs] [Times: user=0,07 sys=0,00, real=0,01 secs] 
2015-09-08T04:56:04.605+0200: 998952,782: [GC2015-09-08T04:56:04.606+0200: 998952,782: [ParNew: 288417K->8936K(314560K), 0,0110380 secs] 445430K->166905K(1013632K), 0,0111480 secs] [Times: user=0,08 sys=0,00, real=0,01 secs] 
2015-09-08T04:57:01.355+0200: 999009,532: [GC2015-09-08T04:57:01.355+0200: 999009,532: [ParNew: 288552K->9023K(314560K), 0,0104020 secs] 446521K->167997K(1013632K), 0,0105000 secs] [Times: user=0,08 sys=0,00, real=0,02 secs] 
2015-09-08T04:57:58.061+0200: 999066,237: [GC2015-09-08T04:57:58.061+0200: 999066,237: [ParNew: 288639K->8275K(314560K), 0,0126930 secs] 447613K->168259K(1013632K), 0,0128270 secs] [Times: user=0,09 sys=0,00, real=0,01 secs] 
2015-09-08T04:58:54.896+0200: 999123,073: [GC2015-09-08T04:58:54.896+0200: 999123,073: [ParNew: 287891K->9762K(314560K), 0,0116250 secs] 447875K->170668K(1013632K), 0,0117440 secs] [Times: user=0,08 sys=0,00, real=0,02 secs] 
2015-09-08T04:59:51.730+0200: 999179,907: [GC2015-09-08T04:59:51.730+0200: 999179,907: [ParNew: 289378K->7159K(314560K), 0,0117860 secs] 450284K->168985K(1013632K), 0,0119250 secs] [Times: user=0,08 sys=0,00, real=0,01 secs] 
2015-09-08T05:00:48.560+0200: 999236,736: [GC2015-09-08T05:00:48.560+0200: 999236,736: [ParNew: 286775K->9608K(314560K), 0,0120500 secs] 448601K->172362K(1013632K), 0,0121750 secs] [Times: user=0,09 sys=0,00, real=0,01 secs] 
2015-09-08T05:01:45.194+0200: 999293,371: [GC2015-09-08T05:01:45.194+0200: 999293,371: [ParNew: 289224K->6853K(314560K), 0,0088880 secs] 451978K->170526K(1013632K), 0,0090190 secs] [Times: user=0,07 sys=0,00, real=0,01 secs] 
2015-09-08T05:02:42.026+0200: 999350,202: [GC2015-09-08T05:02:42.026+0200: 999350,202: [ParNew: 286469K->8459K(314560K), 0,0148200 secs] 450142K->173036K(1013632K), 0,0149360 secs] [Times: user=0,09 sys=0,00, real=0,01 secs] 
2015-09-08T05:03:38.863+0200: 999407,040: [GC2015-09-08T05:03:38.863+0200: 999407,040: [ParNew: 288075K->10009K(314560K), 0,0296830 secs] 452652K->175495K(1013632K), 0,0297950 secs] [Times: user=0,24 sys=0,00, real=0,03 secs] 
2015-09-08T05:04:35.715+0200: 999463,892: [GC2015-09-08T05:04:35.715+0200: 999463,892: [ParNew: 289625K->7807K(314560K), 0,0130040 secs] 455111K->174247K(1013632K), 0,0131350 secs] [Times: user=0,10 sys=0,00, real=0,02 secs] 
2015-09-08T05:05:32.259+0200: 999520,436: [GC2015-09-08T05:05:32.259+0200: 999520,436: [ParNew: 287423K->9535K(314560K), 0,0136410 secs] 453863K->176998K(1013632K), 0,0137650 secs] [Times: user=0,11 sys=0,00, real=0,01 secs] 
2015-09-08T05:06:28.973+0200: 999577,149: [GC2015-09-08T05:06:28.973+0200: 999577,149: [ParNew: 289151K->9552K(314560K), 0,0119760 secs] 456614K->178028K(1013632K), 0,0120830 secs] [Times: user=0,08 sys=0,01, real=0,02 secs] 
2015-09-08T05:07:25.807+0200: 999633,983: [GC2015-09-08T05:07:25.807+0200: 999633,983: [ParNew: 289168K->8227K(314560K), 0,0100890 secs] 457644K->177618K(1013632K), 0,0102290 secs] [Times: user=0,10 sys=0,00, real=0,01 secs] 
2015-09-08T05:08:22.389+0200: 999690,565: [GC2015-09-08T05:08:22.389+0200: 999690,565: [ParNew: 287843K->8540K(314560K), 0,0108540 secs] 457234K->178844K(1013632K), 0,0109870 secs] [Times: user=0,08 sys=0,01, real=0,01 secs] 
2015-09-08T05:09:18.987+0200: 999747,163: [GC2015-09-08T05:09:18.987+0200: 999747,163: [ParNew: 288156K->9234K(314560K), 0,0191580 secs] 458460K->180459K(1013632K), 0,0192750 secs] [Times: user=0,13 sys=0,00, real=0,02 secs] 
2015-09-08T05:10:15.683+0200: 999803,860: [GC2015-09-08T05:10:15.683+0200: 999803,860: [ParNew: 288850K->9336K(314560K), 0,0104740 secs] 460075K->181487K(1013632K), 0,0105920 secs] [Times: user=0,08 sys=0,00, real=0,01 secs] 
2015-09-08T05:11:12.516+0200: 999860,693: [GC2015-09-08T05:11:12.516+0200: 999860,693: [ParNew: 288952K->10174K(314560K), 0,0132250 secs] 461103K->183244K(1013632K), 0,0133500 secs] [Times: user=0,08 sys=0,00, real=0,02 secs] 
2015-09-08T05:12:09.152+0200: 999917,328: [GC2015-09-08T05:12:09.152+0200: 999917,328: [ParNew: 289790K->7342K(314560K), 0,0103060 secs] 462860K->181334K(1013632K), 0,0104220 secs] [Times: user=0,08 sys=0,00, real=0,01 secs] 
2015-09-08T05:13:05.974+0200: 999974,150: [GC2015-09-08T05:13:05.974+0200: 999974,150: [ParNew: 286958K->9465K(314560K), 0,0110350 secs] 460950K->184448K(1013632K), 0,0111780 secs] [Times: user=0,07 sys=0,00, real=0,02 secs] 
2015-09-08T05:14:02.646+0200: 1000030,823: [GC2015-09-08T05:14:02.646+0200: 1000030,823: [ParNew: 289081K->8778K(314560K), 0,0107880 secs] 464064K->184760K(1013632K), 0,0109050 secs] [Times: user=0,09 sys=0,00, real=0,01 secs] 
2015-09-08T05:14:59.300+0200: 1000087,477: [GC2015-09-08T05:14:59.300+0200: 1000087,477: [ParNew: 288394K->10449K(314560K), 0,0243760 secs] 464376K->187442K(1013632K), 0,0245010 secs] [Times: user=0,07 sys=0,00, real=0,03 secs] 
2015-09-08T05:15:56.051+0200: 1000144,228: [GC2015-09-08T05:15:56.051+0200: 1000144,228: [ParNew: 290065K->7491K(314560K), 0,0136790 secs] 467058K->185400K(1013632K), 0,0138240 secs] [Times: user=0,10 sys=0,00, real=0,02 secs] 
2015-09-08T05:16:52.709+0200: 1000200,886: [GC2015-09-08T05:16:52.709+0200: 1000200,886: [ParNew: 287107K->8970K(314560K), 0,0108610 secs] 465016K->187791K(1013632K), 0,0109750 secs] [Times: user=0,07 sys=0,00, real=0,01 secs] 
2015-09-08T05:17:50.119+0200: 1000258,295: [GC2015-09-08T05:17:50.119+0200: 1000258,295: [ParNew: 288586K->8314K(314560K), 0,0120550 secs] 467407K->188050K(1013632K), 0,0121780 secs] [Times: user=0,06 sys=0,00, real=0,01 secs] 
2015-09-08T05:18:46.857+0200: 1000315,034: [GC2015-09-08T05:18:46.857+0200: 1000315,034: [ParNew: 287930K->8586K(314560K), 0,0109540 secs] 467666K->189240K(1013632K), 0,0110830 secs] [Times: user=0,07 sys=0,00, real=0,01 secs] 
2015-09-08T05:19:43.554+0200: 1000371,730: [GC2015-09-08T05:19:43.554+0200: 1000371,730: [ParNew: 288202K->9480K(314560K), 0,0114920 secs] 468856K->191058K(1013632K), 0,0116150 secs] [Times: user=0,09 sys=0,00, real=0,02 secs] 
2015-09-08T05:20:40.388+0200: 1000428,564: [GC2015-09-08T05:20:40.388+0200: 1000428,564: [ParNew: 289096K->9632K(314560K), 0,0125710 secs] 470674K->192131K(1013632K), 0,0127260 secs] [Times: user=0,08 sys=0,00, real=0,01 secs] 
2015-09-08T05:21:36.985+0200: 1000485,161: [GC2015-09-08T05:21:36.985+0200: 1000485,161: [ParNew: 289248K->9021K(314560K), 0,0135440 secs] 471747K->192511K(1013632K), 0,0136730 secs] [Times: user=0,09 sys=0,00, real=0,01 secs] 
2015-09-08T05:22:33.644+0200: 1000541,821: [GC2015-09-08T05:22:33.644+0200: 1000541,821: [ParNew: 288637K->9812K(314560K), 0,0107190 secs] 472127K->194314K(1013632K), 0,0108700 secs] [Times: user=0,07 sys=0,00, real=0,01 secs] 
2015-09-08T05:23:30.478+0200: 1000598,654: [GC2015-09-08T05:23:30.478+0200: 1000598,654: [ParNew: 289428K->8644K(314560K), 0,0131580 secs] 473930K->194080K(1013632K), 0,0132670 secs] [Times: user=0,10 sys=0,00, real=0,01 secs] 
2015-09-08T05:24:27.125+0200: 1000655,301: [GC2015-09-08T05:24:27.125+0200: 1000655,301: [ParNew: 288260K->7536K(314560K), 0,0094040 secs] 473696K->193895K(1013632K), 0,0095380 secs] [Times: user=0,08 sys=0,00, real=0,00 secs] 
2015-09-08T05:25:23.837+0200: 1000712,014: [GC2015-09-08T05:25:23.837+0200: 1000712,014: [ParNew: 287152K->7135K(314560K), 0,0109650 secs] 473511K->194425K(1013632K), 0,0110990 secs] [Times: user=0,07 sys=0,00, real=0,01 secs] 
2015-09-08T05:26:20.394+0200: 1000768,571: [GC2015-09-08T05:26:20.394+0200: 1000768,571: [ParNew: 286751K->6698K(314560K), 0,0101500 secs] 474041K->194909K(1013632K), 0,0102670 secs] [Times: user=0,07 sys=0,00, real=0,02 secs] 
2015-09-08T05:27:17.179+0200: 1000825,356: [GC2015-09-08T05:27:17.179+0200: 1000825,356: [ParNew: 286314K->6892K(314560K), 0,0114530 secs] 474525K->196013K(1013632K), 0,0115700 secs] [Times: user=0,08 sys=0,00, real=0,01 secs] 
2015-09-08T05:28:13.854+0200: 1000882,031: [GC2015-09-08T05:28:13.854+0200: 1000882,031: [ParNew: 286508K->8174K(314560K), 0,0115300 secs] 475629K->198185K(1013632K), 0,0116620 secs] [Times: user=0,08 sys=0,00, real=0,02 secs] 
2015-09-08T05:29:10.556+0200: 1000938,733: [GC2015-09-08T05:29:10.556+0200: 1000938,733: [ParNew: 287790K->5979K(314560K), 0,0106550 secs] 477801K->196992K(1013632K), 0,0107640 secs] [Times: user=0,07 sys=0,00, real=0,01 secs] 
2015-09-08T05:30:07.829+0200: 1000996,005: [GC2015-09-08T05:30:07.829+0200: 1000996,005: [ParNew: 285595K->6400K(314560K), 0,0089700 secs] 476608K->198000K(1013632K), 0,0091030 secs] [Times: user=0,07 sys=0,00, real=0,01 secs] 
2015-09-08T05:31:04.479+0200: 1001052,656: [GC2015-09-08T05:31:04.479+0200: 1001052,656: [ParNew: 286016K->6161K(314560K), 0,0095540 secs] 477616K->198354K(1013632K), 0,0096950 secs] [Times: user=0,07 sys=0,00, real=0,01 secs] 
2015-09-08T05:32:01.311+0200: 1001109,488: [GC2015-09-08T05:32:01.311+0200: 1001109,488: [ParNew: 285777K->5620K(314560K), 0,0073430 secs] 477970K->198334K(1013632K), 0,0074720 secs] [Times: user=0,06 sys=0,00, real=0,01 secs] 
2015-09-08T05:32:58.105+0200: 1001166,281: [GC2015-09-08T05:32:58.105+0200: 1001166,281: [ParNew: 285236K->5019K(314560K), 0,0072680 secs] 477950K->198289K(1013632K), 0,0074040 secs] [Times: user=0,04 sys=0,02, real=0,00 secs] 
2015-09-08T05:33:54.763+0200: 1001222,940: [GC2015-09-08T05:33:54.764+0200: 1001222,940: [ParNew: 284635K->4906K(314560K), 0,0083390 secs] 477905K->198840K(1013632K), 0,0084570 secs] [Times: user=0,06 sys=0,00, real=0,01 secs] 
2015-09-08T05:34:51.359+0200: 1001279,536: [GC2015-09-08T05:34:51.359+0200: 1001279,536: [ParNew: 284522K->5572K(314560K), 0,0079600 secs] 478456K->199931K(1013632K), 0,0080950 secs] [Times: user=0,06 sys=0,00, real=0,01 secs] 
2015-09-08T05:35:47.918+0200: 1001336,095: [GC2015-09-08T05:35:47.918+0200: 1001336,095: [ParNew: 285188K->7031K(314560K), 0,0095110 secs] 479547K->201856K(1013632K), 0,0096250 secs] [Times: user=0,06 sys=0,00, real=0,01 secs] 
2015-09-08T05:36:44.639+0200: 1001392,815: [GC2015-09-08T05:36:44.639+0200: 1001392,816: [ParNew: 286647K->7389K(314560K), 0,0090410 secs] 481472K->202693K(1013632K), 0,0091510 secs] [Times: user=0,05 sys=0,00, real=0,01 secs] 
2015-09-08T05:37:41.471+0200: 1001449,647: [GC2015-09-08T05:37:41.471+0200: 1001449,647: [ParNew: 287005K->9409K(314560K), 0,0092090 secs] 482309K->205225K(1013632K), 0,0093250 secs] [Times: user=0,06 sys=0,00, real=0,01 secs] 
2015-09-08T05:38:38.302+0200: 1001506,479: [GC2015-09-08T05:38:38.302+0200: 1001506,479: [ParNew: 289025K->7168K(314560K), 0,0095710 secs] 484841K->203689K(1013632K), 0,0096940 secs] [Times: user=0,06 sys=0,00, real=0,01 secs] 
2015-09-08T05:39:35.134+0200: 1001563,311: [GC2015-09-08T05:39:35.134+0200: 1001563,311: [ParNew: 286784K->8801K(314560K), 0,0103760 secs] 483305K->206039K(1013632K), 0,0104910 secs] [Times: user=0,07 sys=0,00, real=0,02 secs] 
2015-09-08T05:40:31.768+0200: 1001619,944: [GC2015-09-08T05:40:31.768+0200: 1001619,944: [ParNew: 288417K->8537K(314560K), 0,0111500 secs] 485655K->206644K(1013632K), 0,0112800 secs] [Times: user=0,09 sys=0,00, real=0,01 secs] 
2015-09-08T05:41:28.601+0200: 1001676,778: [GC2015-09-08T05:41:28.601+0200: 1001676,778: [ParNew: 288153K->8306K(314560K), 0,0101270 secs] 486260K->207322K(1013632K), 0,0102510 secs] [Times: user=0,08 sys=0,00, real=0,01 secs] 
2015-09-08T05:42:25.261+0200: 1001733,438: [GC2015-09-08T05:42:25.262+0200: 1001733,438: [ParNew: 287922K->9013K(314560K), 0,0117140 secs] 486938K->208915K(1013632K), 0,0118430 secs] [Times: user=0,08 sys=0,00, real=0,01 secs] 
2015-09-08T05:43:22.056+0200: 1001790,232: [GC2015-09-08T05:43:22.056+0200: 1001790,232: [ParNew: 288629K->8437K(314560K), 0,0103990 secs] 488531K->209261K(1013632K), 0,0105170 secs] [Times: user=0,10 sys=0,00, real=0,02 secs] 
2015-09-08T05:44:18.888+0200: 1001847,065: [GC2015-09-08T05:44:18.889+0200: 1001847,065: [ParNew: 288053K->7838K(314560K), 0,0104400 secs] 488877K->209566K(1013632K), 0,0105670 secs] [Times: user=0,07 sys=0,00, real=0,01 secs] 
2015-09-08T05:45:15.721+0200: 1001903,898: [GC2015-09-08T05:45:15.722+0200: 1001903,898: [ParNew: 287454K->8678K(314560K), 0,0110530 secs] 489182K->211308K(1013632K), 0,0111870 secs] [Times: user=0,08 sys=0,00, real=0,01 secs] 
2015-09-08T05:46:12.555+0200: 1001960,732: [GC2015-09-08T05:46:12.555+0200: 1001960,732: [ParNew: 288294K->8835K(314560K), 0,0111010 secs] 490924K->212405K(1013632K), 0,0112210 secs] [Times: user=0,09 sys=0,00, real=0,02 secs] 
2015-09-08T05:47:09.520+0200: 1002017,697: [GC2015-09-08T05:47:09.520+0200: 1002017,697: [ParNew: 288451K->8947K(314560K), 0,0124850 secs] 492021K->213496K(1013632K), 0,0126190 secs] [Times: user=0,08 sys=0,01, real=0,01 secs] 
2015-09-08T05:48:06.580+0200: 1002074,757: [GC2015-09-08T05:48:06.580+0200: 1002074,757: [ParNew: 288563K->9018K(314560K), 0,0125750 secs] 493112K->214559K(1013632K), 0,0127050 secs] [Times: user=0,06 sys=0,01, real=0,01 secs] 
2015-09-08T05:49:03.641+0200: 1002131,817: [GC2015-09-08T05:49:03.641+0200: 1002131,817: [ParNew: 288634K->7535K(314560K), 0,0107350 secs] 494175K->213993K(1013632K), 0,0108540 secs] [Times: user=0,08 sys=0,00, real=0,01 secs] 
2015-09-08T05:50:00.456+0200: 1002188,633: [GC2015-09-08T05:50:00.456+0200: 1002188,633: [ParNew: 287151K->8558K(314560K), 0,0122920 secs] 493609K->215932K(1013632K), 0,0124520 secs] [Times: user=0,07 sys=0,00, real=0,01 secs] 
2015-09-08T05:50:57.145+0200: 1002245,322: [GC2015-09-08T05:50:57.145+0200: 1002245,322: [ParNew: 288174K->9971K(314560K), 0,0110480 secs] 495548K->218275K(1013632K), 0,0111640 secs] [Times: user=0,08 sys=0,00, real=0,00 secs] 
2015-09-08T05:51:53.791+0200: 1002301,967: [GC2015-09-08T05:51:53.791+0200: 1002301,967: [ParNew: 289587K->7184K(314560K), 0,0109380 secs] 497891K->216407K(1013632K), 0,0110530 secs] [Times: user=0,08 sys=0,00, real=0,01 secs] 
2015-09-08T05:52:50.352+0200: 1002358,528: [GC2015-09-08T05:52:50.352+0200: 1002358,528: [ParNew: 286800K->8584K(314560K), 0,0121140 secs] 496023K->218740K(1013632K), 0,0122490 secs] [Times: user=0,08 sys=0,00, real=0,01 secs] 
2015-09-08T05:53:47.157+0200: 1002415,334: [GC2015-09-08T05:53:47.157+0200: 1002415,334: [ParNew: 288200K->10076K(314560K), 0,0094840 secs] 498356K->221143K(1013632K), 0,0096000 secs] [Times: user=0,07 sys=0,00, real=0,01 secs] 
2015-09-08T05:54:43.965+0200: 1002472,141: [GC2015-09-08T05:54:43.965+0200: 1002472,141: [ParNew: 289692K->7849K(314560K), 0,0121160 secs] 500759K->219894K(1013632K), 0,0122330 secs] [Times: user=0,09 sys=0,00, real=0,01 secs] 
2015-09-08T05:55:40.611+0200: 1002528,788: [GC2015-09-08T05:55:40.611+0200: 1002528,788: [ParNew: 287465K->8867K(314560K), 0,0131070 secs] 499510K->221929K(1013632K), 0,0132400 secs] [Times: user=0,09 sys=0,00, real=0,02 secs] 
2015-09-08T05:56:37.446+0200: 1002585,623: [GC2015-09-08T05:56:37.447+0200: 1002585,623: [ParNew: 288483K->9568K(314560K), 0,0109730 secs] 501545K->223650K(1013632K), 0,0111050 secs] [Times: user=0,08 sys=0,00, real=0,01 secs] 
2015-09-08T05:57:34.119+0200: 1002642,296: [GC2015-09-08T05:57:34.120+0200: 1002642,296: [ParNew: 289184K->8235K(314560K), 0,0114380 secs] 503266K->223220K(1013632K), 0,0115740 secs] [Times: user=0,08 sys=0,00, real=0,01 secs] 
2015-09-08T05:58:30.902+0200: 1002699,079: [GC2015-09-08T05:58:30.902+0200: 1002699,079: [ParNew: 287851K->7852K(314560K), 0,0115570 secs] 502836K->223759K(1013632K), 0,0117170 secs] [Times: user=0,09 sys=0,00, real=0,01 secs] 
2015-09-08T05:59:27.626+0200: 1002755,803: [GC2015-09-08T05:59:27.627+0200: 1002755,803: [ParNew: 287468K->9263K(314560K), 0,0106030 secs] 503375K->226093K(1013632K), 0,0107650 secs] [Times: user=0,10 sys=0,00, real=0,01 secs] 
2015-09-08T06:00:24.358+0200: 1002812,534: [GC2015-09-08T06:00:24.358+0200: 1002812,534: [ParNew: 288879K->8627K(314560K), 0,0125770 secs] 505709K->226383K(1013632K), 0,0127080 secs] [Times: user=0,08 sys=0,00, real=0,01 secs] 
2015-09-08T06:01:21.193+0200: 1002869,369: [GC2015-09-08T06:01:21.193+0200: 1002869,369: [ParNew: 288243K->7998K(314560K), 0,0122390 secs] 505999K->226673K(1013632K), 0,0123740 secs] [Times: user=0,07 sys=0,00, real=0,02 secs] 
2015-09-08T06:02:18.028+0200: 1002926,204: [GC2015-09-08T06:02:18.028+0200: 1002926,204: [ParNew: 287614K->8108K(314560K), 0,0104320 secs] 506289K->227707K(1013632K), 0,0105490 secs] [Times: user=0,09 sys=0,00, real=0,01 secs] 
2015-09-08T06:03:14.722+0200: 1002982,898: [GC2015-09-08T06:03:14.722+0200: 1002982,898: [ParNew: 287724K->8227K(314560K), 0,0117100 secs] 507323K->228821K(1013632K), 0,0118350 secs] [Times: user=0,09 sys=0,00, real=0,01 secs] 
2015-09-08T06:04:11.482+0200: 1003039,659: [GC2015-09-08T06:04:11.482+0200: 1003039,659: [ParNew: 287843K->9019K(314560K), 0,0148990 secs] 508437K->230619K(1013632K), 0,0150250 secs] [Times: user=0,10 sys=0,00, real=0,02 secs] 
2015-09-08T06:05:08.105+0200: 1003096,281: [GC2015-09-08T06:05:08.105+0200: 1003096,281: [ParNew: 288635K->8282K(314560K), 0,0120370 secs] 510235K->230795K(1013632K), 0,0121640 secs] [Times: user=0,08 sys=0,00, real=0,01 secs] 
2015-09-08T06:06:04.846+0200: 1003153,023: [GC2015-09-08T06:06:04.846+0200: 1003153,023: [ParNew: 287898K->9215K(314560K), 0,0109920 secs] 510411K->232639K(1013632K), 0,0111070 secs] [Times: user=0,09 sys=0,00, real=0,01 secs] 
2015-09-08T06:07:01.563+0200: 1003209,740: [GC2015-09-08T06:07:01.563+0200: 1003209,740: [ParNew: 288831K->9885K(314560K), 0,0114660 secs] 512255K->234232K(1013632K), 0,0115810 secs] [Times: user=0,07 sys=0,00, real=0,01 secs] 
2015-09-08T06:07:58.397+0200: 1003266,574: [GC2015-09-08T06:07:58.397+0200: 1003266,574: [ParNew: 289501K->7107K(314560K), 0,0113500 secs] 513848K->232386K(1013632K), 0,0114660 secs] [Times: user=0,07 sys=0,00, real=0,01 secs] 
2015-09-08T06:08:54.985+0200: 1003323,161: [GC2015-09-08T06:08:54.985+0200: 1003323,162: [ParNew: 286723K->8497K(314560K), 0,0221850 secs] 512002K->234698K(1013632K), 0,0222950 secs] [Times: user=0,14 sys=0,00, real=0,02 secs] 
2015-09-08T06:09:51.653+0200: 1003379,830: [GC2015-09-08T06:09:51.653+0200: 1003379,830: [ParNew: 288113K->9273K(314560K), 0,0108340 secs] 514314K->236396K(1013632K), 0,0109720 secs] [Times: user=0,07 sys=0,00, real=0,01 secs] 
2015-09-08T06:10:48.487+0200: 1003436,663: [GC2015-09-08T06:10:48.487+0200: 1003436,663: [ParNew: 288889K->8846K(314560K), 0,0120070 secs] 516012K->236903K(1013632K), 0,0121370 secs] [Times: user=0,09 sys=0,00, real=0,01 secs] 
2015-09-08T06:11:45.133+0200: 1003493,310: [GC2015-09-08T06:11:45.133+0200: 1003493,310: [ParNew: 288462K->8253K(314560K), 0,0103180 secs] 516519K->237314K(1013632K), 0,0104240 secs] [Times: user=0,07 sys=0,00, real=0,01 secs] 
2015-09-08T06:12:41.943+0200: 1003550,120: [GC2015-09-08T06:12:41.943+0200: 1003550,120: [ParNew: 287869K->9024K(314560K), 0,0119480 secs] 516930K->239079K(1013632K), 0,0120700 secs] [Times: user=0,08 sys=0,00, real=0,01 secs] 
2015-09-08T06:13:38.450+0200: 1003606,627: [GC2015-09-08T06:13:38.450+0200: 1003606,627: [ParNew: 288640K->8282K(314560K), 0,0114050 secs] 518695K->239265K(1013632K), 0,0115280 secs] [Times: user=0,09 sys=0,00, real=0,01 secs] 
2015-09-08T06:14:35.199+0200: 1003663,376: [GC2015-09-08T06:14:35.199+0200: 1003663,376: [ParNew: 287898K->9207K(314560K), 0,0097170 secs] 518881K->241108K(1013632K), 0,0098160 secs] [Times: user=0,08 sys=0,00, real=0,01 secs] 
2015-09-08T06:15:32.031+0200: 1003720,208: [GC2015-09-08T06:15:32.032+0200: 1003720,208: [ParNew: 288823K->7754K(314560K), 0,0123000 secs] 520724K->240589K(1013632K), 0,0124190 secs] [Times: user=0,07 sys=0,00, real=0,01 secs] 
2015-09-08T06:16:28.866+0200: 1003777,043: [GC2015-09-08T06:16:28.867+0200: 1003777,043: [ParNew: 287370K->8526K(314560K), 0,0110140 secs] 520205K->242291K(1013632K), 0,0111340 secs] [Times: user=0,09 sys=0,00, real=0,01 secs] 
2015-09-08T06:17:25.700+0200: 1003833,877: [GC2015-09-08T06:17:25.700+0200: 1003833,877: [ParNew: 288142K->8616K(314560K), 0,0106590 secs] 521907K->243281K(1013632K), 0,0107710 secs] [Times: user=0,09 sys=0,00, real=0,01 secs] 
2015-09-08T06:18:22.333+0200: 1003890,510: [GC2015-09-08T06:18:22.333+0200: 1003890,510: [ParNew: 288232K->9495K(314560K), 0,0113380 secs] 522897K->245072K(1013632K), 0,0114570 secs] [Times: user=0,07 sys=0,01, real=0,02 secs] 
2015-09-08T06:19:19.167+0200: 1003947,343: [GC2015-09-08T06:19:19.167+0200: 1003947,343: [ParNew: 289111K->10376K(314560K), 0,0274180 secs] 524688K->246898K(1013632K), 0,0275440 secs] [Times: user=0,08 sys=0,00, real=0,02 secs] 
2015-09-08T06:20:16.017+0200: 1004004,193: [GC2015-09-08T06:20:16.017+0200: 1004004,193: [ParNew: 289992K->7954K(314560K), 0,0157420 secs] 526514K->245482K(1013632K), 0,0158610 secs] [Times: user=0,08 sys=0,00, real=0,01 secs] 
2015-09-08T06:21:12.828+0200: 1004061,004: [GC2015-09-08T06:21:12.828+0200: 1004061,004: [ParNew: 287570K->8875K(314560K), 0,0113390 secs] 525098K->247408K(1013632K), 0,0114620 secs] [Times: user=0,09 sys=0,00, real=0,01 secs] 
2015-09-08T06:22:09.401+0200: 1004117,578: [GC2015-09-08T06:22:09.402+0200: 1004117,578: [ParNew: 288491K->11061K(314560K), 0,0111400 secs] 527024K->250507K(1013632K), 0,0112450 secs] [Times: user=0,08 sys=0,00, real=0,01 secs] 
2015-09-08T06:23:06.098+0200: 1004174,275: [GC2015-09-08T06:23:06.098+0200: 1004174,275: [ParNew: 290677K->7524K(314560K), 0,0120560 secs] 530123K->247900K(1013632K), 0,0121830 secs] [Times: user=0,09 sys=0,00, real=0,01 secs] 
2015-09-08T06:24:02.828+0200: 1004231,004: [GC2015-09-08T06:24:02.828+0200: 1004231,005: [ParNew: 287140K->9838K(314560K), 0,0121980 secs] 527516K->251125K(1013632K), 0,0123140 secs] [Times: user=0,09 sys=0,00, real=0,01 secs] 
2015-09-08T06:24:59.554+0200: 1004287,730: [GC2015-09-08T06:24:59.554+0200: 1004287,730: [ParNew: 289454K->7904K(314560K), 0,0116670 secs] 530741K->250123K(1013632K), 0,0117990 secs] [Times: user=0,09 sys=0,00, real=0,02 secs] 
2015-09-08T06:25:56.188+0200: 1004344,365: [GC2015-09-08T06:25:56.188+0200: 1004344,365: [ParNew: 287520K->9108K(314560K), 0,0188370 secs] 529739K->252253K(1013632K), 0,0189570 secs] [Times: user=0,11 sys=0,00, real=0,02 secs] 
2015-09-08T06:26:52.828+0200: 1004401,004: [GC2015-09-08T06:26:52.828+0200: 1004401,004: [ParNew: 288724K->6706K(314560K), 0,0096150 secs] 531869K->250782K(1013632K), 0,0097690 secs] [Times: user=0,09 sys=0,00, real=0,01 secs] 
2015-09-08T06:27:49.437+0200: 1004457,613: [GC2015-09-08T06:27:49.437+0200: 1004457,613: [ParNew: 286322K->7263K(314560K), 0,0107390 secs] 530398K->252442K(1013632K), 0,0108590 secs] [Times: user=0,07 sys=0,00, real=0,01 secs] 
2015-09-08T06:28:46.082+0200: 1004514,258: [GC2015-09-08T06:28:46.082+0200: 1004514,258: [ParNew: 286879K->8027K(314560K), 0,0106490 secs] 532058K->253785K(1013632K), 0,0107710 secs] [Times: user=0,06 sys=0,00, real=0,01 secs] 
2015-09-08T06:29:42.809+0200: 1004570,986: [GC2015-09-08T06:29:42.809+0200: 1004570,986: [ParNew: 287643K->7303K(314560K), 0,0099900 secs] 533401K->254149K(1013632K), 0,0101130 secs] [Times: user=0,08 sys=0,00, real=0,01 secs] 
2015-09-08T06:30:39.537+0200: 1004627,713: [GC2015-09-08T06:30:39.537+0200: 1004627,713: [ParNew: 286919K->5362K(314560K), 0,0078330 secs] 533765K->252718K(1013632K), 0,0079620 secs] [Times: user=0,05 sys=0,01, real=0,01 secs] 
2015-09-08T06:31:36.367+0200: 1004684,543: [GC2015-09-08T06:31:36.367+0200: 1004684,544: [ParNew: 284978K->5873K(314560K), 0,0077200 secs] 532334K->253746K(1013632K), 0,0078460 secs] [Times: user=0,06 sys=0,00, real=0,00 secs] 
2015-09-08T06:32:32.963+0200: 1004741,139: [GC2015-09-08T06:32:32.963+0200: 1004741,139: [ParNew: 285489K->5697K(314560K), 0,0083670 secs] 533362K->254127K(1013632K), 0,0085060 secs] [Times: user=0,05 sys=0,00, real=0,01 secs] 
2015-09-08T06:33:29.619+0200: 1004797,795: [GC2015-09-08T06:33:29.619+0200: 1004797,795: [ParNew: 285313K->6780K(314560K), 0,0098000 secs] 533743K->255815K(1013632K), 0,0100980 secs] [Times: user=0,06 sys=0,00, real=0,01 secs] 
2015-09-08T06:34:26.115+0200: 1004854,291: [GC2015-09-08T06:34:26.115+0200: 1004854,291: [ParNew: 286396K->5089K(314560K), 0,0091350 secs] 535431K->254789K(1013632K), 0,0092730 secs] [Times: user=0,06 sys=0,00, real=0,01 secs] 
2015-09-08T06:35:22.828+0200: 1004911,005: [GC2015-09-08T06:35:22.828+0200: 1004911,005: [ParNew: 284705K->6610K(314560K), 0,0082230 secs] 534405K->256770K(1013632K), 0,0083370 secs] [Times: user=0,05 sys=0,00, real=0,01 secs] 
2015-09-08T06:36:19.495+0200: 1004967,672: [GC2015-09-08T06:36:19.495+0200: 1004967,672: [ParNew: 286226K->7818K(314560K), 0,0077380 secs] 536386K->258526K(1013632K), 0,0078630 secs] [Times: user=0,06 sys=0,00, real=0,01 secs] 
2015-09-08T06:37:16.203+0200: 1005024,379: [GC2015-09-08T06:37:16.203+0200: 1005024,379: [ParNew: 287434K->7556K(314560K), 0,0102460 secs] 538142K->258843K(1013632K), 0,0103370 secs] [Times: user=0,05 sys=0,00, real=0,01 secs] 
2015-09-08T06:38:12.947+0200: 1005081,123: [GC2015-09-08T06:38:12.947+0200: 1005081,123: [ParNew: 287172K->8897K(314560K), 0,0099460 secs] 538459K->260886K(1013632K), 0,0100930 secs] [Times: user=0,07 sys=0,00, real=0,01 secs] 
2015-09-08T06:39:09.781+0200: 1005137,958: [GC2015-09-08T06:39:09.781+0200: 1005137,958: [ParNew: 288513K->8120K(314560K), 0,0094460 secs] 540502K->260724K(1013632K), 0,0095690 secs] [Times: user=0,06 sys=0,00, real=0,01 secs] 
2015-09-08T06:40:06.352+0200: 1005194,528: [GC2015-09-08T06:40:06.352+0200: 1005194,528: [ParNew: 287736K->8088K(314560K), 0,0129590 secs] 540340K->261478K(1013632K), 0,0130950 secs] [Times: user=0,08 sys=0,00, real=0,02 secs] 
2015-09-08T06:41:03.035+0200: 1005251,212: [GC2015-09-08T06:41:03.035+0200: 1005251,212: [ParNew: 287704K->9027K(314560K), 0,0140810 secs] 541094K->263308K(1013632K), 0,0141850 secs] [Times: user=0,09 sys=0,00, real=0,02 secs] 
2015-09-08T06:41:59.872+0200: 1005308,048: [GC2015-09-08T06:41:59.872+0200: 1005308,048: [ParNew: 288643K->9228K(314560K), 0,0101610 secs] 542924K->264409K(1013632K), 0,0102980 secs] [Times: user=0,09 sys=0,00, real=0,01 secs] 
2015-09-08T06:42:56.483+0200: 1005364,659: [GC2015-09-08T06:42:56.483+0200: 1005364,659: [ParNew: 288844K->8676K(314560K), 0,0125870 secs] 544025K->264771K(1013632K), 0,0127070 secs] [Times: user=0,06 sys=0,01, real=0,01 secs] 
2015-09-08T06:43:53.126+0200: 1005421,303: [GC2015-09-08T06:43:53.126+0200: 1005421,303: [ParNew: 288292K->10263K(314560K), 0,0102830 secs] 544387K->267269K(1013632K), 0,0103900 secs] [Times: user=0,06 sys=0,00, real=0,01 secs] 
2015-09-08T06:44:49.959+0200: 1005478,135: [GC2015-09-08T06:44:49.959+0200: 1005478,136: [ParNew: 289879K->7435K(314560K), 0,0127800 secs] 546885K->265416K(1013632K), 0,0129030 secs] [Times: user=0,08 sys=0,00, real=0,01 secs] 
2015-09-08T06:45:46.795+0200: 1005534,971: [GC2015-09-08T06:45:46.795+0200: 1005534,971: [ParNew: 287051K->9499K(314560K), 0,0113680 secs] 545032K->268494K(1013632K), 0,0115220 secs] [Times: user=0,08 sys=0,00, real=0,02 secs] 
2015-09-08T06:46:43.629+0200: 1005591,805: [GC2015-09-08T06:46:43.629+0200: 1005591,805: [ParNew: 289115K->8766K(314560K), 0,0119090 secs] 548110K->268679K(1013632K), 0,0120160 secs] [Times: user=0,07 sys=0,01, real=0,01 secs] 
2015-09-08T06:47:40.263+0200: 1005648,440: [GC2015-09-08T06:47:40.263+0200: 1005648,440: [ParNew: 288382K->9062K(314560K), 0,0105910 secs] 548295K->269892K(1013632K), 0,0107140 secs] [Times: user=0,09 sys=0,00, real=0,01 secs] 
2015-09-08T06:48:37.096+0200: 1005705,272: [GC2015-09-08T06:48:37.096+0200: 1005705,273: [ParNew: 288678K->7666K(314560K), 0,0100030 secs] 549508K->269402K(1013632K), 0,0101080 secs] [Times: user=0,09 sys=0,00, real=0,02 secs] 
2015-09-08T06:49:33.830+0200: 1005762,006: [GC2015-09-08T06:49:33.830+0200: 1005762,006: [ParNew: 287282K->7769K(314560K), 0,0125910 secs] 549018K->270419K(1013632K), 0,0127230 secs] [Times: user=0,08 sys=0,00, real=0,01 secs] 
2015-09-08T06:50:30.386+0200: 1005818,563: [GC2015-09-08T06:50:30.386+0200: 1005818,563: [ParNew: 287385K->9326K(314560K), 0,0108020 secs] 550035K->272885K(1013632K), 0,0108970 secs] [Times: user=0,08 sys=0,00, real=0,01 secs] 
2015-09-08T06:51:27.172+0200: 1005875,348: [GC2015-09-08T06:51:27.172+0200: 1005875,348: [ParNew: 288942K->9471K(314560K), 0,0138590 secs] 552501K->273941K(1013632K), 0,0139880 secs] [Times: user=0,11 sys=0,00, real=0,02 secs] 
2015-09-08T06:52:23.989+0200: 1005932,166: [GC2015-09-08T06:52:23.989+0200: 1005932,166: [ParNew: 289087K->8136K(314560K), 0,0120320 secs] 553557K->273526K(1013632K), 0,0121550 secs] [Times: user=0,08 sys=0,00, real=0,01 secs] 
2015-09-08T06:53:20.545+0200: 1005988,722: [GC2015-09-08T06:53:20.546+0200: 1005988,722: [ParNew: 287752K->9743K(314560K), 0,0143350 secs] 553142K->276142K(1013632K), 0,0144550 secs] [Times: user=0,09 sys=0,00, real=0,01 secs] 
2015-09-08T06:54:17.252+0200: 1006045,429: [GC2015-09-08T06:54:17.252+0200: 1006045,429: [ParNew: 289359K->9751K(314560K), 0,0108710 secs] 555758K->277159K(1013632K), 0,0110070 secs] [Times: user=0,09 sys=0,00, real=0,01 secs] 
2015-09-08T06:55:14.085+0200: 1006102,262: [GC2015-09-08T06:55:14.086+0200: 1006102,262: [ParNew: 289367K->8251K(314560K), 0,0105790 secs] 556775K->276584K(1013632K), 0,0106970 secs] [Times: user=0,06 sys=0,00, real=0,00 secs] 
2015-09-08T06:56:10.919+0200: 1006159,095: [GC2015-09-08T06:56:10.919+0200: 1006159,095: [ParNew: 287867K->9157K(314560K), 0,0117550 secs] 556200K->278407K(1013632K), 0,0118760 secs] [Times: user=0,08 sys=0,00, real=0,01 secs] 
2015-09-08T06:57:07.745+0200: 1006215,921: [GC2015-09-08T06:57:07.745+0200: 1006215,921: [ParNew: 288773K->9103K(314560K), 0,0114540 secs] 558023K->279270K(1013632K), 0,0115930 secs] [Times: user=0,08 sys=0,00, real=0,01 secs] 
2015-09-08T06:58:04.994+0200: 1006273,170: [GC2015-09-08T06:58:04.994+0200: 1006273,170: [ParNew: 288719K->7070K(314560K), 0,0188530 secs] 558886K->278151K(1013632K), 0,0189660 secs] [Times: user=0,10 sys=0,00, real=0,02 secs] 
2015-09-08T06:59:01.802+0200: 1006329,978: [GC2015-09-08T06:59:01.802+0200: 1006329,978: [ParNew: 286686K->8606K(314560K), 0,0111280 secs] 557767K->280589K(1013632K), 0,0112530 secs] [Times: user=0,07 sys=0,00, real=0,01 secs] 
2015-09-08T06:59:58.635+0200: 1006386,812: [GC2015-09-08T06:59:58.635+0200: 1006386,812: [ParNew: 288222K->9496K(314560K), 0,0124430 secs] 560205K->282399K(1013632K), 0,0125540 secs] [Times: user=0,09 sys=0,00, real=0,02 secs] 
2015-09-08T07:00:55.243+0200: 1006443,420: [GC2015-09-08T07:00:55.243+0200: 1006443,420: [ParNew: 289112K->9629K(314560K), 0,0101980 secs] 562015K->283467K(1013632K), 0,0103150 secs] [Times: user=0,08 sys=0,00, real=0,01 secs] 
2015-09-08T07:01:51.892+0200: 1006500,068: [GC2015-09-08T07:01:51.892+0200: 1006500,068: [ParNew: 289245K->8260K(314560K), 0,0132140 secs] 563083K->283096K(1013632K), 0,0133380 secs] [Times: user=0,10 sys=0,00, real=0,02 secs] 
2015-09-08T07:02:48.727+0200: 1006556,904: [GC2015-09-08T07:02:48.727+0200: 1006556,904: [ParNew: 287876K->9042K(314560K), 0,0114150 secs] 562712K->284881K(1013632K), 0,0115370 secs] [Times: user=0,10 sys=0,00, real=0,01 secs] 
2015-09-08T07:03:45.363+0200: 1006613,539: [GC2015-09-08T07:03:45.363+0200: 1006613,539: [ParNew: 288658K->7539K(314560K), 0,0108540 secs] 564497K->284299K(1013632K), 0,0110210 secs] [Times: user=0,09 sys=0,00, real=0,01 secs] 
2015-09-08T07:04:42.138+0200: 1006670,315: [GC2015-09-08T07:04:42.138+0200: 1006670,315: [ParNew: 287155K->8522K(314560K), 0,0090500 secs] 563915K->286216K(1013632K), 0,0091530 secs] [Times: user=0,06 sys=0,00, real=0,01 secs] 
2015-09-08T07:05:38.805+0200: 1006726,982: [GC2015-09-08T07:05:38.805+0200: 1006726,982: [ParNew: 288138K->9166K(314560K), 0,0116460 secs] 565832K->287773K(1013632K), 0,0117660 secs] [Times: user=0,06 sys=0,01, real=0,01 secs] 
2015-09-08T07:06:35.497+0200: 1006783,674: [GC2015-09-08T07:06:35.497+0200: 1006783,674: [ParNew: 288782K->9977K(314560K), 0,0114370 secs] 567389K->289518K(1013632K), 0,0115620 secs] [Times: user=0,07 sys=0,01, real=0,01 secs] 
2015-09-08T07:07:32.261+0200: 1006840,437: [GC2015-09-08T07:07:32.261+0200: 1006840,437: [ParNew: 289593K->7191K(314560K), 0,0113320 secs] 569134K->287644K(1013632K), 0,0114760 secs] [Times: user=0,08 sys=0,00, real=0,01 secs] 
2015-09-08T07:08:29.043+0200: 1006897,219: [GC2015-09-08T07:08:29.043+0200: 1006897,219: [ParNew: 286807K->9302K(314560K), 0,0109700 secs] 567260K->290670K(1013632K), 0,0110970 secs] [Times: user=0,08 sys=0,00, real=0,01 secs] 
2015-09-08T07:09:25.717+0200: 1006953,893: [GC2015-09-08T07:09:25.717+0200: 1006953,893: [ParNew: 288918K->8705K(314560K), 0,0124720 secs] 570286K->291024K(1013632K), 0,0125870 secs] [Times: user=0,07 sys=0,01, real=0,01 secs] 
2015-09-08T07:10:22.551+0200: 1007010,728: [GC2015-09-08T07:10:22.551+0200: 1007010,728: [ParNew: 288321K->8954K(314560K), 0,0135830 secs] 570640K->292274K(1013632K), 0,0136970 secs] [Times: user=0,10 sys=0,00, real=0,02 secs] 
2015-09-08T07:11:19.387+0200: 1007067,564: [GC2015-09-08T07:11:19.387+0200: 1007067,564: [ParNew: 288570K->9766K(314560K), 0,0115350 secs] 571890K->294096K(1013632K), 0,0116650 secs] [Times: user=0,10 sys=0,00, real=0,01 secs] 
2015-09-08T07:12:16.222+0200: 1007124,398: [GC2015-09-08T07:12:16.222+0200: 1007124,398: [ParNew: 289382K->8265K(314560K), 0,0108120 secs] 573712K->293511K(1013632K), 0,0109280 secs] [Times: user=0,07 sys=0,00, real=0,01 secs] 
2015-09-08T07:13:12.828+0200: 1007181,004: [GC2015-09-08T07:13:12.828+0200: 1007181,004: [ParNew: 287881K->7819K(314560K), 0,0110170 secs] 573127K->293997K(1013632K), 0,0111280 secs] [Times: user=0,09 sys=0,00, real=0,01 secs] 
2015-09-08T07:14:09.476+0200: 1007237,653: [GC2015-09-08T07:14:09.476+0200: 1007237,653: [ParNew: 287435K->9905K(314560K), 0,0114480 secs] 573613K->296994K(1013632K), 0,0115970 secs] [Times: user=0,08 sys=0,00, real=0,02 secs] 
2015-09-08T07:15:06.310+0200: 1007294,487: [GC2015-09-08T07:15:06.310+0200: 1007294,487: [ParNew: 289521K->7131K(314560K), 0,0091670 secs] 576610K->295146K(1013632K), 0,0092960 secs] [Times: user=0,07 sys=0,00, real=0,01 secs] 
2015-09-08T07:16:03.240+0200: 1007351,417: [GC2015-09-08T07:16:03.240+0200: 1007351,417: [ParNew: 286747K->8535K(314560K), 0,0112610 secs] 574762K->297464K(1013632K), 0,0113750 secs] [Times: user=0,08 sys=0,00, real=0,01 secs] 
2015-09-08T07:16:59.952+0200: 1007408,129: [GC2015-09-08T07:16:59.952+0200: 1007408,129: [ParNew: 288151K->8619K(314560K), 0,0117280 secs] 577080K->298458K(1013632K), 0,0118430 secs] [Times: user=0,07 sys=0,00, real=0,01 secs] 
2015-09-08T07:17:56.586+0200: 1007464,763: [GC2015-09-08T07:17:56.586+0200: 1007464,763: [ParNew: 288235K->8913K(314560K), 0,0110340 secs] 578074K->299734K(1013632K), 0,0111530 secs] [Times: user=0,09 sys=0,00, real=0,01 secs] 
2015-09-08T07:18:53.398+0200: 1007521,575: [GC2015-09-08T07:18:53.398+0200: 1007521,575: [ParNew: 288529K->9012K(314560K), 0,0117030 secs] 579350K->300840K(1013632K), 0,0118410 secs] [Times: user=0,09 sys=0,00, real=0,01 secs] 
2015-09-08T07:19:50.042+0200: 1007578,219: [GC2015-09-08T07:19:50.042+0200: 1007578,219: [ParNew: 288628K->9016K(314560K), 0,0095500 secs] 580456K->301842K(1013632K), 0,0096590 secs] [Times: user=0,07 sys=0,00, real=0,01 secs] 
2015-09-08T07:20:46.874+0200: 1007635,051: [GC2015-09-08T07:20:46.874+0200: 1007635,051: [ParNew: 288632K->8285K(314560K), 0,0105390 secs] 581458K->302034K(1013632K), 0,0106690 secs] [Times: user=0,08 sys=0,00, real=0,02 secs] 
2015-09-08T07:21:43.543+0200: 1007691,719: [GC2015-09-08T07:21:43.543+0200: 1007691,720: [ParNew: 287901K->9253K(314560K), 0,0115680 secs] 581650K->303928K(1013632K), 0,0117060 secs] [Times: user=0,08 sys=0,00, real=0,01 secs] 
2015-09-08T07:22:40.205+0200: 1007748,381: [GC2015-09-08T07:22:40.205+0200: 1007748,381: [ParNew: 288869K->9224K(314560K), 0,0112380 secs] 583544K->304827K(1013632K), 0,0113860 secs] [Times: user=0,08 sys=0,00, real=0,00 secs] 
2015-09-08T07:23:36.847+0200: 1007805,023: [GC2015-09-08T07:23:36.847+0200: 1007805,024: [ParNew: 288840K->8893K(314560K), 0,0114640 secs] 584443K->305414K(1013632K), 0,0116030 secs] [Times: user=0,09 sys=0,00, real=0,01 secs] 
2015-09-08T07:24:33.573+0200: 1007861,750: [GC2015-09-08T07:24:33.573+0200: 1007861,750: [ParNew: 288509K->9165K(314560K), 0,0109970 secs] 585030K->306590K(1013632K), 0,0111210 secs] [Times: user=0,08 sys=0,01, real=0,01 secs] 
2015-09-08T07:25:30.335+0200: 1007918,511: [GC2015-09-08T07:25:30.335+0200: 1007918,512: [ParNew: 288781K->8136K(314560K), 0,0111600 secs] 586206K->306490K(1013632K), 0,0113120 secs] [Times: user=0,09 sys=0,00, real=0,02 secs] 
2015-09-08T07:26:27.030+0200: 1007975,206: [GC2015-09-08T07:26:27.030+0200: 1007975,206: [ParNew: 287752K->8410K(314560K), 0,0146930 secs] 586106K->307739K(1013632K), 0,0147910 secs] [Times: user=0,08 sys=0,00, real=0,02 secs] 
2015-09-08T07:27:23.837+0200: 1008032,014: [GC2015-09-08T07:27:23.837+0200: 1008032,014: [ParNew: 288026K->7189K(314560K), 0,0105680 secs] 587355K->307534K(1013632K), 0,0107210 secs] [Times: user=0,07 sys=0,00, real=0,01 secs] 
2015-09-08T07:28:20.482+0200: 1008088,659: [GC2015-09-08T07:28:20.482+0200: 1008088,659: [ParNew: 286805K->7805K(314560K), 0,0124850 secs] 587150K->309069K(1013632K), 0,0126070 secs] [Times: user=0,06 sys=0,00, real=0,01 secs] 
2015-09-08T07:29:17.117+0200: 1008145,294: [GC2015-09-08T07:29:17.118+0200: 1008145,294: [ParNew: 287421K->4862K(314560K), 0,0078270 secs] 588685K->307114K(1013632K), 0,0079690 secs] [Times: user=0,07 sys=0,00, real=0,01 secs] 
2015-09-08T07:30:13.948+0200: 1008202,125: [GC2015-09-08T07:30:13.948+0200: 1008202,125: [ParNew: 284478K->6077K(314560K), 0,0101540 secs] 586730K->308836K(1013632K), 0,0102760 secs] [Times: user=0,06 sys=0,00, real=0,01 secs] 
2015-09-08T07:31:10.551+0200: 1008258,728: [GC2015-09-08T07:31:10.552+0200: 1008258,728: [ParNew: 285693K->5756K(314560K), 0,0078850 secs] 588452K->309025K(1013632K), 0,0080060 secs] [Times: user=0,06 sys=0,00, real=0,01 secs] 
2015-09-08T07:32:07.828+0200: 1008316,004: [GC2015-09-08T07:32:07.828+0200: 1008316,004: [ParNew: 285372K->5663K(314560K), 0,0080070 secs] 588641K->309448K(1013632K), 0,0081300 secs] [Times: user=0,06 sys=0,00, real=0,00 secs] 
2015-09-08T07:33:04.625+0200: 1008372,802: [GC2015-09-08T07:33:04.625+0200: 1008372,802: [ParNew: 285279K->5638K(314560K), 0,0087140 secs] 589064K->309985K(1013632K), 0,0088420 secs] [Times: user=0,07 sys=0,00, real=0,00 secs] 
2015-09-08T07:34:01.204+0200: 1008429,380: [GC2015-09-08T07:34:01.204+0200: 1008429,380: [ParNew: 285254K->5675K(314560K), 0,0076050 secs] 589601K->310626K(1013632K), 0,0077280 secs] [Times: user=0,07 sys=0,00, real=0,01 secs] 
2015-09-08T07:34:57.828+0200: 1008486,004: [GC2015-09-08T07:34:57.828+0200: 1008486,004: [ParNew: 285291K->6499K(314560K), 0,0078800 secs] 590242K->311948K(1013632K), 0,0079830 secs] [Times: user=0,05 sys=0,00, real=0,00 secs] 
2015-09-08T07:35:54.500+0200: 1008542,677: [GC2015-09-08T07:35:54.500+0200: 1008542,677: [ParNew: 286115K->7002K(314560K), 0,0091770 secs] 591564K->312997K(1013632K), 0,0092930 secs] [Times: user=0,05 sys=0,00, real=0,01 secs] 
2015-09-08T07:36:51.332+0200: 1008599,508: [GC2015-09-08T07:36:51.332+0200: 1008599,508: [ParNew: 286618K->7113K(314560K), 0,0124670 secs] 592613K->313584K(1013632K), 0,0126390 secs] [Times: user=0,08 sys=0,00, real=0,02 secs] 
2015-09-08T07:37:48.105+0200: 1008656,281: [GC2015-09-08T07:37:48.105+0200: 1008656,281: [ParNew: 286729K->7727K(314560K), 0,0087460 secs] 593200K->314698K(1013632K), 0,0088650 secs] [Times: user=0,07 sys=0,00, real=0,00 secs] 
2015-09-08T07:38:44.788+0200: 1008712,965: [GC2015-09-08T07:38:44.788+0200: 1008712,965: [ParNew: 287343K->9570K(314560K), 0,0121840 secs] 594314K->317165K(1013632K), 0,0122840 secs] [Times: user=0,06 sys=0,01, real=0,01 secs] 
2015-09-08T07:39:41.505+0200: 1008769,681: [GC2015-09-08T07:39:41.505+0200: 1008769,681: [ParNew: 289186K->6335K(314560K), 0,0096290 secs] 596781K->314548K(1013632K), 0,0097460 secs] [Times: user=0,07 sys=0,00, real=0,00 secs] 
2015-09-08T07:40:38.105+0200: 1008826,281: [GC2015-09-08T07:40:38.105+0200: 1008826,281: [ParNew: 285951K->8766K(314560K), 0,0113280 secs] 594164K->317849K(1013632K), 0,0114370 secs] [Times: user=0,06 sys=0,00, real=0,00 secs] 
2015-09-08T07:41:33.666+0200: 1008881,843: [GC2015-09-08T07:41:33.666+0200: 1008881,843: [ParNew: 288382K->9020K(314560K), 0,0097340 secs] 597465K->318982K(1013632K), 0,0098460 secs] [Times: user=0,06 sys=0,00, real=0,00 secs] 
2015-09-08T07:42:30.156+0200: 1008938,332: [GC2015-09-08T07:42:30.156+0200: 1008938,332: [ParNew: 288636K->9378K(314560K), 0,0127550 secs] 598598K->320239K(1013632K), 0,0128670 secs] [Times: user=0,10 sys=0,00, real=0,02 secs] 
2015-09-08T07:43:26.920+0200: 1008995,097: [GC2015-09-08T07:43:26.920+0200: 1008995,097: [ParNew: 288994K->10296K(314560K), 0,0121240 secs] 599855K->322146K(1013632K), 0,0122560 secs] [Times: user=0,07 sys=0,00, real=0,01 secs] 
2015-09-08T07:44:23.755+0200: 1009051,931: [GC2015-09-08T07:44:23.755+0200: 1009051,931: [ParNew: 289912K->7837K(314560K), 0,0115550 secs] 601762K->320671K(1013632K), 0,0117020 secs] [Times: user=0,07 sys=0,00, real=0,02 secs] 
2015-09-08T07:45:20.589+0200: 1009108,765: [GC2015-09-08T07:45:20.589+0200: 1009108,765: [ParNew: 287453K->8062K(314560K), 0,0114890 secs] 600287K->321802K(1013632K), 0,0116110 secs] [Times: user=0,07 sys=0,00, real=0,01 secs] 
2015-09-08T07:46:17.265+0200: 1009165,442: [GC2015-09-08T07:46:17.265+0200: 1009165,442: [ParNew: 287678K->9524K(314560K), 0,0111540 secs] 601418K->324165K(1013632K), 0,0112770 secs] [Times: user=0,08 sys=0,00, real=0,01 secs] 
2015-09-08T07:47:14.045+0200: 1009222,222: [GC2015-09-08T07:47:14.045+0200: 1009222,222: [ParNew: 289140K->7329K(314560K), 0,0105260 secs] 603781K->322882K(1013632K), 0,0106520 secs] [Times: user=0,08 sys=0,00, real=0,00 secs] 
2015-09-08T07:48:10.960+0200: 1009279,137: [GC2015-09-08T07:48:10.961+0200: 1009279,137: [ParNew: 286945K->8947K(314560K), 0,0123110 secs] 602498K->325395K(1013632K), 0,0124480 secs] [Times: user=0,07 sys=0,01, real=0,01 secs] 
2015-09-08T07:49:07.700+0200: 1009335,877: [GC2015-09-08T07:49:07.700+0200: 1009335,877: [ParNew: 288563K->9111K(314560K), 0,0130320 secs] 605011K->326454K(1013632K), 0,0131360 secs] [Times: user=0,09 sys=0,00, real=0,01 secs] 
2015-09-08T07:50:04.536+0200: 1009392,712: [GC2015-09-08T07:50:04.536+0200: 1009392,713: [ParNew: 288727K->8693K(314560K), 0,0135600 secs] 606070K->326958K(1013632K), 0,0136830 secs] [Times: user=0,11 sys=0,00, real=0,02 secs] 
2015-09-08T07:51:01.119+0200: 1009449,296: [GC2015-09-08T07:51:01.119+0200: 1009449,296: [ParNew: 288309K->9588K(314560K), 0,0097070 secs] 606574K->328780K(1013632K), 0,0098200 secs] [Times: user=0,07 sys=0,00, real=0,01 secs] 
2015-09-08T07:51:58.105+0200: 1009506,281: [GC2015-09-08T07:51:58.105+0200: 1009506,281: [ParNew: 289204K->8971K(314560K), 0,0143800 secs] 608396K->329173K(1013632K), 0,0145210 secs] [Times: user=0,08 sys=0,00, real=0,01 secs] 
2015-09-08T07:52:55.546+0200: 1009563,722: [GC2015-09-08T07:52:55.546+0200: 1009563,723: [ParNew: 288587K->8997K(314560K), 0,0123230 secs] 608789K->330213K(1013632K), 0,0124570 secs] [Times: user=0,09 sys=0,00, real=0,01 secs] 
2015-09-08T07:53:52.239+0200: 1009620,415: [GC2015-09-08T07:53:52.239+0200: 1009620,415: [ParNew: 288613K->8257K(314560K), 0,0087560 secs] 609829K->330390K(1013632K), 0,0088880 secs] [Times: user=0,07 sys=0,00, real=0,01 secs] 
2015-09-08T07:54:49.070+0200: 1009677,247: [GC2015-09-08T07:54:49.070+0200: 1009677,247: [ParNew: 287873K->7793K(314560K), 0,0094740 secs] 610006K->330826K(1013632K), 0,0095880 secs] [Times: user=0,08 sys=0,00, real=0,01 secs] 
2015-09-08T07:55:45.682+0200: 1009733,858: [GC2015-09-08T07:55:45.682+0200: 1009733,858: [ParNew: 287409K->8505K(314560K), 0,0101210 secs] 610442K->332456K(1013632K), 0,0102310 secs] [Times: user=0,07 sys=0,00, real=0,01 secs] 
2015-09-08T07:56:42.828+0200: 1009791,005: [GC2015-09-08T07:56:42.828+0200: 1009791,005: [ParNew: 288121K->9301K(314560K), 0,0117450 secs] 612072K->334167K(1013632K), 0,0118650 secs] [Times: user=0,09 sys=0,00, real=0,01 secs] 
2015-09-08T07:57:39.546+0200: 1009847,723: [GC2015-09-08T07:57:39.546+0200: 1009847,723: [ParNew: 288917K->7971K(314560K), 0,0143980 secs] 613783K->333756K(1013632K), 0,0145040 secs] [Times: user=0,10 sys=0,00, real=0,01 secs] 
2015-09-08T07:58:36.383+0200: 1009904,560: [GC2015-09-08T07:58:36.383+0200: 1009904,560: [ParNew: 287587K->8824K(314560K), 0,0103490 secs] 613372K->335538K(1013632K), 0,0104640 secs] [Times: user=0,10 sys=0,00, real=0,01 secs] 
2015-09-08T07:59:33.105+0200: 1009961,281: [GC2015-09-08T07:59:33.105+0200: 1009961,281: [ParNew: 288440K->9687K(314560K), 0,0096540 secs] 615154K->337366K(1013632K), 0,0098000 secs] [Times: user=0,07 sys=0,00, real=0,00 secs] 
2015-09-08T08:00:29.838+0200: 1010018,015: [GC2015-09-08T08:00:29.838+0200: 1010018,015: [ParNew: 289303K->9024K(314560K), 0,0119790 secs] 616982K->337723K(1013632K), 0,0121170 secs] [Times: user=0,09 sys=0,00, real=0,01 secs] 
2015-09-08T08:01:26.672+0200: 1010074,849: [GC2015-09-08T08:01:26.672+0200: 1010074,849: [ParNew: 288640K->9043K(314560K), 0,0117850 secs] 617339K->338735K(1013632K), 0,0119150 secs] [Times: user=0,07 sys=0,00, real=0,02 secs] 
2015-09-08T08:02:23.507+0200: 1010131,683: [GC2015-09-08T08:02:23.507+0200: 1010131,683: [ParNew: 288659K->8300K(314560K), 0,0114890 secs] 618351K->338904K(1013632K), 0,0116210 secs] [Times: user=0,09 sys=0,00, real=0,01 secs] 
2015-09-08T08:03:20.341+0200: 1010188,517: [GC2015-09-08T08:03:20.341+0200: 1010188,517: [ParNew: 287916K->9321K(314560K), 0,0125470 secs] 618520K->340851K(1013632K), 0,0126780 secs] [Times: user=0,08 sys=0,00, real=0,01 secs] 
2015-09-08T08:04:17.303+0200: 1010245,480: [GC2015-09-08T08:04:17.303+0200: 1010245,480: [ParNew: 288937K->9285K(314560K), 0,0115410 secs] 620467K->341739K(1013632K), 0,0117020 secs] [Times: user=0,08 sys=0,00, real=0,01 secs] 
2015-09-08T08:05:13.860+0200: 1010302,037: [GC2015-09-08T08:05:13.860+0200: 1010302,037: [ParNew: 288901K->10811K(314560K), 0,0491050 secs] 621355K->344192K(1013632K), 0,0492100 secs] [Times: user=0,32 sys=0,00, real=0,05 secs] 
2015-09-08T08:06:10.455+0200: 1010358,631: [GC2015-09-08T08:06:10.455+0200: 1010358,631: [ParNew: 290427K->7263K(314560K), 0,0114430 secs] 623808K->341576K(1013632K), 0,0115660 secs] [Times: user=0,08 sys=0,00, real=0,02 secs] 
2015-09-08T08:07:07.243+0200: 1010415,419: [GC2015-09-08T08:07:07.243+0200: 1010415,419: [ParNew: 286879K->8679K(314560K), 0,0113480 secs] 621192K->343905K(1013632K), 0,0114780 secs] [Times: user=0,08 sys=0,00, real=0,01 secs] 
2015-09-08T08:08:04.057+0200: 1010472,234: [GC2015-09-08T08:08:04.057+0200: 1010472,234: [ParNew: 288295K->9479K(314560K), 0,0120900 secs] 623521K->345714K(1013632K), 0,0122040 secs] [Times: user=0,08 sys=0,00, real=0,01 secs] 
2015-09-08T08:09:01.344+0200: 1010529,521: [GC2015-09-08T08:09:01.344+0200: 1010529,521: [ParNew: 289095K->8921K(314560K), 0,0130820 secs] 625330K->346154K(1013632K), 0,0132300 secs] [Times: user=0,08 sys=0,00, real=0,02 secs] 
2015-09-08T08:09:58.105+0200: 1010586,281: [GC2015-09-08T08:09:58.105+0200: 1010586,281: [ParNew: 288537K->8976K(314560K), 0,0109470 secs] 625770K->347213K(1013632K), 0,0110630 secs] [Times: user=0,07 sys=0,00, real=0,00 secs] 
2015-09-08T08:10:54.742+0200: 1010642,919: [GC2015-09-08T08:10:54.742+0200: 1010642,919: [ParNew: 288592K->8237K(314560K), 0,0104670 secs] 626829K->347376K(1013632K), 0,0106140 secs] [Times: user=0,06 sys=0,00, real=0,01 secs] 
2015-09-08T08:11:51.575+0200: 1010699,751: [GC2015-09-08T08:11:51.575+0200: 1010699,751: [ParNew: 287853K->7827K(314560K), 0,0107010 secs] 626992K->347886K(1013632K), 0,0108210 secs] [Times: user=0,09 sys=0,00, real=0,02 secs] 
2015-09-08T08:12:48.408+0200: 1010756,585: [GC2015-09-08T08:12:48.408+0200: 1010756,585: [ParNew: 287443K->9223K(314560K), 0,0109470 secs] 627502K->350198K(1013632K), 0,0110680 secs] [Times: user=0,06 sys=0,00, real=0,01 secs] 
2015-09-08T08:13:45.241+0200: 1010813,418: [GC2015-09-08T08:13:45.241+0200: 1010813,418: [ParNew: 288839K->9312K(314560K), 0,0066720 secs] 629814K->351200K(1013632K), 0,0067540 secs] [Times: user=0,04 sys=0,00, real=0,01 secs] 
2015-09-08T08:14:41.870+0200: 1010870,046: [GC2015-09-08T08:14:41.870+0200: 1010870,046: [ParNew: 288928K->8704K(314560K), 0,0104380 secs] 630816K->351514K(1013632K), 0,0105770 secs] [Times: user=0,08 sys=0,00, real=0,01 secs] 
2015-09-08T08:15:38.543+0200: 1010926,720: [GC2015-09-08T08:15:38.543+0200: 1010926,720: [ParNew: 288320K->9546K(314560K), 0,0115680 secs] 631130K->353271K(1013632K), 0,0117140 secs] [Times: user=0,11 sys=0,00, real=0,01 secs] 
2015-09-08T08:16:35.325+0200: 1010983,502: [GC2015-09-08T08:16:35.325+0200: 1010983,502: [ParNew: 289162K->9695K(314560K), 0,0112870 secs] 632887K->354422K(1013632K), 0,0114120 secs] [Times: user=0,07 sys=0,00, real=0,01 secs] 
2015-09-08T08:17:32.159+0200: 1011040,335: [GC2015-09-08T08:17:32.159+0200: 1011040,336: [ParNew: 289311K->9750K(314560K), 0,0112770 secs] 634038K->355476K(1013632K), 0,0114290 secs] [Times: user=0,10 sys=0,00, real=0,01 secs] 
2015-09-08T08:18:28.993+0200: 1011097,169: [GC2015-09-08T08:18:28.993+0200: 1011097,169: [ParNew: 289366K->9035K(314560K), 0,0161260 secs] 635092K->355674K(1013632K), 0,0162460 secs] [Times: user=0,09 sys=0,00, real=0,02 secs] 
2015-09-08T08:19:25.831+0200: 1011154,008: [GC2015-09-08T08:19:25.831+0200: 1011154,008: [ParNew: 288651K->8514K(314560K), 0,0132920 secs] 635290K->356060K(1013632K), 0,0134060 secs] [Times: user=0,09 sys=0,00, real=0,02 secs] 
2015-09-08T08:20:22.759+0200: 1011210,935: [GC2015-09-08T08:20:22.759+0200: 1011210,935: [ParNew: 288130K->7784K(314560K), 0,0103940 secs] 635676K->356242K(1013632K), 0,0105120 secs] [Times: user=0,08 sys=0,00, real=0,01 secs] 
2015-09-08T08:21:19.489+0200: 1011267,665: [GC2015-09-08T08:21:19.489+0200: 1011267,666: [ParNew: 287400K->9317K(314560K), 0,0110930 secs] 635858K->358706K(1013632K), 0,0112270 secs] [Times: user=0,08 sys=0,00, real=0,01 secs] 
2015-09-08T08:22:15.914+0200: 1011324,090: [GC2015-09-08T08:22:15.914+0200: 1011324,090: [ParNew: 288933K->9437K(314560K), 0,0125070 secs] 638322K->359756K(1013632K), 0,0126330 secs] [Times: user=0,09 sys=0,00, real=0,02 secs] 
2015-09-08T08:23:12.548+0200: 1011380,725: [GC2015-09-08T08:23:12.548+0200: 1011380,725: [ParNew: 289053K->10100K(314560K), 0,0117860 secs] 639372K->361352K(1013632K), 0,0118970 secs] [Times: user=0,09 sys=0,00, real=0,01 secs] 
2015-09-08T08:24:09.357+0200: 1011437,534: [GC2015-09-08T08:24:09.357+0200: 1011437,534: [ParNew: 289716K->8024K(314560K), 0,0111820 secs] 640968K->360215K(1013632K), 0,0112970 secs] [Times: user=0,08 sys=0,00, real=0,01 secs] 
2015-09-08T08:25:06.005+0200: 1011494,182: [GC2015-09-08T08:25:06.005+0200: 1011494,182: [ParNew: 287640K->8515K(314560K), 0,0113100 secs] 639831K->361712K(1013632K), 0,0114250 secs] [Times: user=0,08 sys=0,00, real=0,01 secs] 
2015-09-08T08:26:02.828+0200: 1011551,004: [GC2015-09-08T08:26:02.828+0200: 1011551,005: [ParNew: 288131K->7980K(314560K), 0,0104050 secs] 641328K->362197K(1013632K), 0,0105250 secs] [Times: user=0,08 sys=0,00, real=0,01 secs] 
2015-09-08T08:26:59.461+0200: 1011607,638: [GC2015-09-08T08:26:59.461+0200: 1011607,638: [ParNew: 287596K->5377K(314560K), 0,0096560 secs] 641813K->360517K(1013632K), 0,0097860 secs] [Times: user=0,07 sys=0,00, real=0,01 secs] 
2015-09-08T08:27:56.076+0200: 1011664,252: [GC2015-09-08T08:27:56.076+0200: 1011664,252: [ParNew: 284993K->6315K(314560K), 0,0126640 secs] 640133K->362462K(1013632K), 0,0127660 secs] [Times: user=0,07 sys=0,00, real=0,02 secs] 
2015-09-08T08:28:52.716+0200: 1011720,892: [GC2015-09-08T08:28:52.716+0200: 1011720,892: [ParNew: 285931K->5811K(314560K), 0,0102330 secs] 642078K->362943K(1013632K), 0,0103510 secs] [Times: user=0,06 sys=0,00, real=0,02 secs] 
2015-09-08T08:29:49.548+0200: 1011777,725: [GC2015-09-08T08:29:49.549+0200: 1011777,725: [ParNew: 285427K->5803K(314560K), 0,0083810 secs] 642559K->363427K(1013632K), 0,0085250 secs] [Times: user=0,05 sys=0,00, real=0,01 secs] 
2015-09-08T08:30:46.234+0200: 1011834,410: [GC2015-09-08T08:30:46.234+0200: 1011834,410: [ParNew: 285419K->6175K(314560K), 0,0082750 secs] 643043K->364295K(1013632K), 0,0083880 secs] [Times: user=0,06 sys=0,00, real=0,01 secs] 
2015-09-08T08:31:43.001+0200: 1011891,178: [GC2015-09-08T08:31:43.001+0200: 1011891,178: [ParNew: 285791K->6680K(314560K), 0,0211260 secs] 643911K->365322K(1013632K), 0,0212370 secs] [Times: user=0,11 sys=0,00, real=0,02 secs] 
2015-09-08T08:32:39.838+0200: 1011948,014: [GC2015-09-08T08:32:39.838+0200: 1011948,014: [ParNew: 286296K->7186K(314560K), 0,0089370 secs] 644938K->366413K(1013632K), 0,0090590 secs] [Times: user=0,06 sys=0,00, real=0,01 secs] 
2015-09-08T08:33:36.469+0200: 1012004,646: [GC2015-09-08T08:33:36.469+0200: 1012004,646: [ParNew: 286802K->5142K(314560K), 0,0084390 secs] 646029K->365277K(1013632K), 0,0085670 secs] [Times: user=0,06 sys=0,00, real=0,01 secs] 
2015-09-08T08:34:33.300+0200: 1012061,477: [GC2015-09-08T08:34:33.300+0200: 1012061,477: [ParNew: 284758K->6020K(314560K), 0,0076200 secs] 644893K->366656K(1013632K), 0,0077510 secs] [Times: user=0,03 sys=0,01, real=0,01 secs] 
2015-09-08T08:35:30.130+0200: 1012118,307: [GC2015-09-08T08:35:30.131+0200: 1012118,307: [ParNew: 285636K->6407K(314560K), 0,0078860 secs] 646272K->367516K(1013632K), 0,0080250 secs] [Times: user=0,06 sys=0,00, real=0,01 secs] 
2015-09-08T08:36:26.934+0200: 1012175,110: [GC2015-09-08T08:36:26.934+0200: 1012175,110: [ParNew: 286023K->7568K(314560K), 0,0078150 secs] 647132K->369165K(1013632K), 0,0079260 secs] [Times: user=0,07 sys=0,00, real=0,01 secs] 
2015-09-08T08:37:23.583+0200: 1012231,759: [GC2015-09-08T08:37:23.583+0200: 1012231,759: [ParNew: 287184K->7761K(314560K), 0,0283720 secs] 648781K->369869K(1013632K), 0,0284830 secs] [Times: user=0,17 sys=0,00, real=0,03 secs] 
2015-09-08T08:38:20.161+0200: 1012288,337: [GC2015-09-08T08:38:20.161+0200: 1012288,337: [ParNew: 287377K->9161K(314560K), 0,0090940 secs] 649485K->371889K(1013632K), 0,0092340 secs] [Times: user=0,06 sys=0,00, real=0,01 secs] 
2015-09-08T08:39:16.856+0200: 1012345,032: [GC2015-09-08T08:39:16.856+0200: 1012345,032: [ParNew: 288777K->6904K(314560K), 0,0120500 secs] 651505K->370263K(1013632K), 0,0121810 secs] [Times: user=0,09 sys=0,00, real=0,02 secs] 
2015-09-08T08:40:13.581+0200: 1012401,758: [GC2015-09-08T08:40:13.581+0200: 1012401,758: [ParNew: 286520K->8978K(314560K), 0,0111050 secs] 649879K->373193K(1013632K), 0,0112240 secs] [Times: user=0,07 sys=0,00, real=0,01 secs] 
2015-09-08T08:41:10.312+0200: 1012458,489: [GC2015-09-08T08:41:10.312+0200: 1012458,489: [ParNew: 288594K->8533K(314560K), 0,0113920 secs] 652809K->373684K(1013632K), 0,0115150 secs] [Times: user=0,06 sys=0,01, real=0,01 secs] 
2015-09-08T08:42:06.874+0200: 1012515,050: [GC2015-09-08T08:42:06.874+0200: 1012515,050: [ParNew: 288149K->9547K(314560K), 0,0111920 secs] 653300K->375687K(1013632K), 0,0113060 secs] [Times: user=0,08 sys=0,00, real=0,02 secs] 
2015-09-08T08:43:03.568+0200: 1012571,745: [GC2015-09-08T08:43:03.568+0200: 1012571,745: [ParNew: 289163K->8898K(314560K), 0,0108290 secs] 655303K->376025K(1013632K), 0,0109570 secs] [Times: user=0,09 sys=0,00, real=0,01 secs] 
2015-09-08T08:44:00.401+0200: 1012628,577: [GC2015-09-08T08:44:00.401+0200: 1012628,577: [ParNew: 288514K->8174K(314560K), 0,0118590 secs] 655641K->376209K(1013632K), 0,0119620 secs] [Times: user=0,06 sys=0,00, real=0,01 secs] 
2015-09-08T08:44:57.229+0200: 1012685,405: [GC2015-09-08T08:44:57.229+0200: 1012685,405: [ParNew: 287790K->9131K(314560K), 0,0096760 secs] 655825K->378069K(1013632K), 0,0097900 secs] [Times: user=0,07 sys=0,00, real=0,01 secs] 
2015-09-08T08:45:54.533+0200: 1012742,710: [GC2015-09-08T08:45:54.533+0200: 1012742,710: [ParNew: 288747K->9101K(314560K), 0,0114770 secs] 657685K->378934K(1013632K), 0,0116000 secs] [Times: user=0,09 sys=0,00, real=0,02 secs] 
2015-09-08T08:46:51.283+0200: 1012799,460: [GC2015-09-08T08:46:51.284+0200: 1012799,460: [ParNew: 288717K->9941K(314560K), 0,0255590 secs] 658550K->380691K(1013632K), 0,0256470 secs] [Times: user=0,17 sys=0,00, real=0,03 secs] 
2015-09-08T08:47:47.917+0200: 1012856,094: [GC2015-09-08T08:47:47.917+0200: 1012856,094: [ParNew: 289557K->7636K(314560K), 0,0107090 secs] 660307K->379305K(1013632K), 0,0108270 secs] [Times: user=0,08 sys=0,00, real=0,01 secs] 
2015-09-08T08:48:45.166+0200: 1012913,343: [GC2015-09-08T08:48:45.166+0200: 1012913,343: [ParNew: 287252K->9286K(314560K), 0,0106400 secs] 658921K->381854K(1013632K), 0,0107680 secs] [Times: user=0,09 sys=0,00, real=0,01 secs] 
2015-09-08T08:49:41.975+0200: 1012970,152: [GC2015-09-08T08:49:41.975+0200: 1012970,152: [ParNew: 288902K->9457K(314560K), 0,0149730 secs] 661470K->382993K(1013632K), 0,0150790 secs] [Times: user=0,08 sys=0,00, real=0,02 secs] 
2015-09-08T08:50:38.813+0200: 1013026,989: [GC2015-09-08T08:50:38.813+0200: 1013026,989: [ParNew: 289073K->8947K(314560K), 0,0106650 secs] 662609K->383473K(1013632K), 0,0107740 secs] [Times: user=0,07 sys=0,00, real=0,01 secs] 
2015-09-08T08:51:35.646+0200: 1013083,822: [GC2015-09-08T08:51:35.646+0200: 1013083,823: [ParNew: 288563K->9767K(314560K), 0,0119180 secs] 663089K->385305K(1013632K), 0,0120510 secs] [Times: user=0,09 sys=0,00, real=0,01 secs] 
2015-09-08T08:52:32.480+0200: 1013140,657: [GC2015-09-08T08:52:32.480+0200: 1013140,657: [ParNew: 289383K->9019K(314560K), 0,0123030 secs] 664921K->385478K(1013632K), 0,0124350 secs] [Times: user=0,07 sys=0,00, real=0,01 secs] 
2015-09-08T08:53:29.669+0200: 1013197,845: [GC2015-09-08T08:53:29.669+0200: 1013197,845: [ParNew: 288635K->7831K(314560K), 0,0102390 secs] 665094K->385211K(1013632K), 0,0103530 secs] [Times: user=0,08 sys=0,00, real=0,01 secs] 
2015-09-08T08:54:26.337+0200: 1013254,514: [GC2015-09-08T08:54:26.337+0200: 1013254,514: [ParNew: 287447K->7819K(314560K), 0,0111650 secs] 664827K->386128K(1013632K), 0,0113020 secs] [Times: user=0,07 sys=0,00, real=0,01 secs] 
2015-09-08T08:55:23.067+0200: 1013311,244: [GC2015-09-08T08:55:23.067+0200: 1013311,244: [ParNew: 287435K->7897K(314560K), 0,0087090 secs] 665744K->387112K(1013632K), 0,0088300 secs] [Times: user=0,07 sys=0,00, real=0,00 secs] 
2015-09-08T08:56:19.792+0200: 1013367,969: [GC2015-09-08T08:56:19.793+0200: 1013367,969: [ParNew: 287513K->10198K(314560K), 0,0128370 secs] 666728K->390332K(1013632K), 0,0129630 secs] [Times: user=0,08 sys=0,00, real=0,02 secs] 
2015-09-08T08:57:16.614+0200: 1013424,791: [GC2015-09-08T08:57:16.614+0200: 1013424,791: [ParNew: 289814K->7847K(314560K), 0,0106560 secs] 669948K->388892K(1013632K), 0,0107810 secs] [Times: user=0,09 sys=0,00, real=0,02 secs] 
2015-09-08T08:58:13.901+0200: 1013482,078: [GC2015-09-08T08:58:13.902+0200: 1013482,078: [ParNew: 287463K->9565K(314560K), 0,0109980 secs] 668508K->391607K(1013632K), 0,0111260 secs] [Times: user=0,07 sys=0,00, real=0,01 secs] 
2015-09-08T08:59:10.672+0200: 1013538,849: [GC2015-09-08T08:59:10.672+0200: 1013538,849: [ParNew: 289181K->10342K(314560K), 0,0117970 secs] 671223K->393404K(1013632K), 0,0119220 secs] [Times: user=0,09 sys=0,00, real=0,01 secs] 
2015-09-08T09:00:07.506+0200: 1013595,683: [GC2015-09-08T09:00:07.506+0200: 1013595,683: [ParNew: 289958K->7007K(314560K), 0,0117580 secs] 673020K->390992K(1013632K), 0,0118640 secs] [Times: user=0,09 sys=0,00, real=0,01 secs] 
2015-09-08T09:01:04.341+0200: 1013652,517: [GC2015-09-08T09:01:04.341+0200: 1013652,517: [ParNew: 286623K->8276K(314560K), 0,0109140 secs] 670608K->393181K(1013632K), 0,0110550 secs] [Times: user=0,07 sys=0,01, real=0,01 secs] 
2015-09-08T09:02:01.174+0200: 1013709,351: [GC2015-09-08T09:02:01.174+0200: 1013709,351: [ParNew: 287892K->8934K(314560K), 0,0109420 secs] 672797K->394780K(1013632K), 0,0110770 secs] [Times: user=0,09 sys=0,00, real=0,02 secs] 
2015-09-08T09:02:57.808+0200: 1013765,984: [GC2015-09-08T09:02:57.808+0200: 1013765,984: [ParNew: 288550K->9195K(314560K), 0,0109360 secs] 674396K->395966K(1013632K), 0,0110520 secs] [Times: user=0,09 sys=0,00, real=0,01 secs] 
2015-09-08T09:03:54.599+0200: 1013822,775: [GC2015-09-08T09:03:54.599+0200: 1013822,775: [ParNew: 288811K->9347K(314560K), 0,0107730 secs] 675582K->397028K(1013632K), 0,0109140 secs] [Times: user=0,09 sys=0,00, real=0,01 secs] 
2015-09-08T09:04:51.964+0200: 1013880,140: [GC2015-09-08T09:04:51.964+0200: 1013880,140: [ParNew: 288963K->9509K(314560K), 0,0158140 secs] 676644K->398092K(1013632K), 0,0159250 secs] [Times: user=0,07 sys=0,00, real=0,02 secs] 
2015-09-08T09:05:48.685+0200: 1013936,861: [GC2015-09-08T09:05:48.685+0200: 1013936,861: [ParNew: 289125K->8944K(314560K), 0,0105500 secs] 677708K->398464K(1013632K), 0,0106670 secs] [Times: user=0,07 sys=0,00, real=0,00 secs] 
2015-09-08T09:06:45.518+0200: 1013993,694: [GC2015-09-08T09:06:45.518+0200: 1013993,694: [ParNew: 288560K->9830K(314560K), 0,0116980 secs] 678080K->400364K(1013632K), 0,0118380 secs] [Times: user=0,09 sys=0,00, real=0,01 secs] 
2015-09-08T09:07:42.352+0200: 1014050,528: [GC2015-09-08T09:07:42.352+0200: 1014050,528: [ParNew: 289446K->9861K(314560K), 0,0322100 secs] 679980K->401417K(1013632K), 0,0323340 secs] [Times: user=0,10 sys=0,00, real=0,03 secs] 
2015-09-08T09:08:39.207+0200: 1014107,383: [GC2015-09-08T09:08:39.207+0200: 1014107,383: [ParNew: 289477K->9091K(314560K), 0,0101620 secs] 681033K->401562K(1013632K), 0,0102720 secs] [Times: user=0,09 sys=0,00, real=0,01 secs] 
2015-09-08T09:09:36.483+0200: 1014164,660: [GC2015-09-08T09:09:36.483+0200: 1014164,660: [ParNew: 288707K->9287K(314560K), 0,0113460 secs] 681178K->402687K(1013632K), 0,0114620 secs] [Times: user=0,08 sys=0,00, real=0,01 secs] 
2015-09-08T09:10:32.060+0200: 1014220,237: [GC2015-09-08T09:10:32.060+0200: 1014220,237: [ParNew: 288903K->9944K(314560K), 0,0183580 secs] 682303K->404277K(1013632K), 0,0184910 secs] [Times: user=0,11 sys=0,00, real=0,02 secs] 
2015-09-08T09:11:27.700+0200: 1014275,876: [GC2015-09-08T09:11:27.700+0200: 1014275,876: [ParNew: 289560K->7146K(314560K), 0,0105760 secs] 683893K->402412K(1013632K), 0,0107230 secs] [Times: user=0,08 sys=0,00, real=0,01 secs] 
2015-09-08T09:12:23.941+0200: 1014332,118: [GC2015-09-08T09:12:23.941+0200: 1014332,118: [ParNew: 286762K->9154K(314560K), 0,0134970 secs] 682028K->405345K(1013632K), 0,0136280 secs] [Times: user=0,08 sys=0,00, real=0,01 secs] 
2015-09-08T09:13:20.755+0200: 1014388,931: [GC2015-09-08T09:13:20.755+0200: 1014388,931: [ParNew: 288770K->8555K(314560K), 0,0121780 secs] 684961K->405666K(1013632K), 0,0122960 secs] [Times: user=0,08 sys=0,00, real=0,02 secs] 
2015-09-08T09:14:17.546+0200: 1014445,723: [GC2015-09-08T09:14:17.546+0200: 1014445,723: [ParNew: 288171K->8092K(314560K), 0,0123730 secs] 685282K->406155K(1013632K), 0,0124780 secs] [Times: user=0,08 sys=0,00, real=0,01 secs] 
2015-09-08T09:15:14.104+0200: 1014502,280: [GC2015-09-08T09:15:14.104+0200: 1014502,281: [ParNew: 287708K->9708K(314560K), 0,0129840 secs] 685771K->408775K(1013632K), 0,0131160 secs] [Times: user=0,10 sys=0,00, real=0,02 secs] 
2015-09-08T09:16:10.665+0200: 1014558,841: [GC2015-09-08T09:16:10.665+0200: 1014558,841: [ParNew: 289324K->8984K(314560K), 0,0110490 secs] 688391K->409059K(1013632K), 0,0111850 secs] [Times: user=0,07 sys=0,00, real=0,00 secs] 
2015-09-08T09:17:07.164+0200: 1014615,340: [GC2015-09-08T09:17:07.164+0200: 1014615,340: [ParNew: 288600K->8240K(314560K), 0,0105920 secs] 688675K->409210K(1013632K), 0,0107160 secs] [Times: user=0,09 sys=0,00, real=0,01 secs] 
2015-09-08T09:18:03.105+0200: 1014671,281: [GC2015-09-08T09:18:03.105+0200: 1014671,281: [ParNew: 287856K->8508K(314560K), 0,0097800 secs] 688826K->410399K(1013632K), 0,0098960 secs] [Times: user=0,06 sys=0,00, real=0,00 secs] 
2015-09-08T09:18:59.245+0200: 1014727,421: [GC2015-09-08T09:18:59.245+0200: 1014727,421: [ParNew: 288124K->9184K(314560K), 0,0110510 secs] 690015K->411996K(1013632K), 0,0112010 secs] [Times: user=0,07 sys=0,00, real=0,00 secs] 
2015-09-08T09:19:55.301+0200: 1014783,478: [GC2015-09-08T09:19:55.301+0200: 1014783,478: [ParNew: 288800K->8536K(314560K), 0,0095590 secs] 691612K->412276K(1013632K), 0,0096950 secs] [Times: user=0,07 sys=0,00, real=0,01 secs] 
2015-09-08T09:20:51.355+0200: 1014839,531: [GC2015-09-08T09:20:51.355+0200: 1014839,531: [ParNew: 288152K->8614K(314560K), 0,0103570 secs] 691892K->413263K(1013632K), 0,0104750 secs] [Times: user=0,08 sys=0,00, real=0,02 secs] 
2015-09-08T09:21:47.403+0200: 1014895,579: [GC2015-09-08T09:21:47.403+0200: 1014895,579: [ParNew: 288230K->7999K(314560K), 0,0138460 secs] 692879K->413569K(1013632K), 0,0139430 secs] [Times: user=0,07 sys=0,00, real=0,02 secs] 
2015-09-08T09:22:43.105+0200: 1014951,281: [GC2015-09-08T09:22:43.105+0200: 1014951,281: [ParNew: 287615K->9559K(314560K), 0,0121360 secs] 693185K->416088K(1013632K), 0,0122650 secs] [Times: user=0,06 sys=0,01, real=0,01 secs] 
2015-09-08T09:23:39.175+0200: 1015007,351: [GC2015-09-08T09:23:39.175+0200: 1015007,351: [ParNew: 289175K->8400K(314560K), 0,0124920 secs] 695704K->415932K(1013632K), 0,0126380 secs] [Times: user=0,10 sys=0,00, real=0,02 secs] 
2015-09-08T09:24:35.540+0200: 1015063,717: [GC2015-09-08T09:24:35.540+0200: 1015063,717: [ParNew: 288016K->8550K(314560K), 0,0112470 secs] 695548K->417065K(1013632K), 0,0113840 secs] [Times: user=0,06 sys=0,01, real=0,01 secs] 
2015-09-08T09:25:31.582+0200: 1015119,759: [GC2015-09-08T09:25:31.582+0200: 1015119,759: [ParNew: 288166K->6665K(314560K), 0,0117940 secs] 696681K->416086K(1013632K), 0,0119140 secs] [Times: user=0,09 sys=0,00, real=0,01 secs] 
2015-09-08T09:26:28.105+0200: 1015176,281: [GC2015-09-08T09:26:28.105+0200: 1015176,281: [ParNew: 286281K->5866K(314560K), 0,0097260 secs] 695702K->416197K(1013632K), 0,0098450 secs] [Times: user=0,08 sys=0,00, real=0,00 secs] 
2015-09-08T09:27:24.893+0200: 1015233,070: [GC2015-09-08T09:27:24.893+0200: 1015233,070: [ParNew: 285482K->7768K(314560K), 0,0115570 secs] 695813K->418999K(1013632K), 0,0117380 secs] [Times: user=0,07 sys=0,00, real=0,02 secs] 
2015-09-08T09:28:21.469+0200: 1015289,646: [GC2015-09-08T09:28:21.469+0200: 1015289,646: [ParNew: 287384K->7813K(314560K), 0,0107030 secs] 698615K->419844K(1013632K), 0,0108280 secs] [Times: user=0,07 sys=0,00, real=0,01 secs] 
2015-09-08T09:29:17.759+0200: 1015345,935: [GC2015-09-08T09:29:17.759+0200: 1015345,935: [ParNew: 287429K->5881K(314560K), 0,0084830 secs] 699460K->418894K(1013632K), 0,0086010 secs] [Times: user=0,07 sys=0,00, real=0,01 secs] 
2015-09-08T09:30:14.362+0200: 1015402,539: [GC2015-09-08T09:30:14.362+0200: 1015402,539: [ParNew: 285497K->6107K(314560K), 0,0078010 secs] 698510K->419599K(1013632K), 0,0079490 secs] [Times: user=0,05 sys=0,00, real=0,01 secs] 
2015-09-08T09:31:10.921+0200: 1015459,097: [GC2015-09-08T09:31:10.921+0200: 1015459,097: [ParNew: 285723K->6465K(314560K), 0,0097230 secs] 699215K->420511K(1013632K), 0,0098490 secs] [Times: user=0,06 sys=0,00, real=0,01 secs] 
2015-09-08T09:32:07.474+0200: 1015515,650: [GC2015-09-08T09:32:07.474+0200: 1015515,650: [ParNew: 286081K->6492K(314560K), 0,0086840 secs] 700127K->421140K(1013632K), 0,0088250 secs] [Times: user=0,05 sys=0,00, real=0,01 secs] 
2015-09-08T09:33:03.925+0200: 1015572,101: [GC2015-09-08T09:33:03.925+0200: 1015572,101: [ParNew: 286108K->6883K(314560K), 0,0112470 secs] 700756K->422326K(1013632K), 0,0113740 secs] [Times: user=0,05 sys=0,01, real=0,00 secs] 
2015-09-08T09:33:59.974+0200: 1015628,150: [GC2015-09-08T09:33:59.974+0200: 1015628,150: [ParNew: 286499K->4752K(314560K), 0,0069260 secs] 701942K->420648K(1013632K), 0,0070560 secs] [Times: user=0,06 sys=0,00, real=0,01 secs] 
2015-09-08T09:34:56.021+0200: 1015684,198: [GC2015-09-08T09:34:56.021+0200: 1015684,198: [ParNew: 284368K->6079K(314560K), 0,0072420 secs] 700264K->422387K(1013632K), 0,0073730 secs] [Times: user=0,05 sys=0,00, real=0,01 secs] 
2015-09-08T09:35:52.073+0200: 1015740,250: [GC2015-09-08T09:35:52.073+0200: 1015740,250: [ParNew: 285695K->6778K(314560K), 0,0076160 secs] 702003K->423567K(1013632K), 0,0077340 secs] [Times: user=0,03 sys=0,01, real=0,01 secs] 
2015-09-08T09:36:48.105+0200: 1015796,281: [GC2015-09-08T09:36:48.105+0200: 1015796,281: [ParNew: 286394K->7707K(314560K), 0,0088980 secs] 703183K->424984K(1013632K), 0,0090200 secs] [Times: user=0,06 sys=0,00, real=0,00 secs] 
2015-09-08T09:37:44.746+0200: 1015852,922: [GC2015-09-08T09:37:44.746+0200: 1015852,922: [ParNew: 287323K->9188K(314560K), 0,0092240 secs] 704600K->427000K(1013632K), 0,0093510 secs] [Times: user=0,07 sys=0,00, real=0,00 secs] 
2015-09-08T09:38:41.304+0200: 1015909,481: [GC2015-09-08T09:38:41.304+0200: 1015909,481: [ParNew: 288804K->8729K(314560K), 0,0112840 secs] 706616K->427242K(1013632K), 0,0114140 secs] [Times: user=0,08 sys=0,00, real=0,01 secs] 
2015-09-08T09:39:37.828+0200: 1015966,004: [GC2015-09-08T09:39:37.828+0200: 1015966,004: [ParNew: 288345K->8544K(314560K), 0,0100910 secs] 706858K->427933K(1013632K), 0,0102080 secs] [Times: user=0,09 sys=0,00, real=0,01 secs] 
2015-09-08T09:40:34.247+0200: 1016022,423: [GC2015-09-08T09:40:34.247+0200: 1016022,423: [ParNew: 288160K->9522K(314560K), 0,0110220 secs] 707549K->429889K(1013632K), 0,0111470 secs] [Times: user=0,08 sys=0,00, real=0,01 secs] 
2015-09-08T09:41:29.842+0200: 1016078,018: [GC2015-09-08T09:41:29.842+0200: 1016078,018: [ParNew: 289138K->9606K(314560K), 0,0107450 secs] 709505K->430963K(1013632K), 0,0108620 secs] [Times: user=0,08 sys=0,00, real=0,01 secs] 
2015-09-08T09:42:26.369+0200: 1016134,546: [GC2015-09-08T09:42:26.369+0200: 1016134,546: [ParNew: 289222K->10362K(314560K), 0,0099780 secs] 710579K->432613K(1013632K), 0,0100960 secs] [Times: user=0,06 sys=0,00, real=0,01 secs] 
2015-09-08T09:43:22.625+0200: 1016190,801: [GC2015-09-08T09:43:22.625+0200: 1016190,801: [ParNew: 289978K->7540K(314560K), 0,0193750 secs] 712229K->430709K(1013632K), 0,0194960 secs] [Times: user=0,11 sys=0,00, real=0,02 secs] 
2015-09-08T09:44:19.245+0200: 1016247,421: [GC2015-09-08T09:44:19.245+0200: 1016247,421: [ParNew: 287156K->8885K(314560K), 0,0102480 secs] 710325K->432950K(1013632K), 0,0103890 secs] [Times: user=0,07 sys=0,00, real=0,00 secs] 
2015-09-08T09:45:15.800+0200: 1016303,977: [GC2015-09-08T09:45:15.800+0200: 1016303,977: [ParNew: 288501K->8986K(314560K), 0,0099890 secs] 712566K->433955K(1013632K), 0,0101080 secs] [Times: user=0,08 sys=0,00, real=0,01 secs] 
2015-09-08T09:46:12.275+0200: 1016360,451: [GC2015-09-08T09:46:12.275+0200: 1016360,451: [ParNew: 288602K->9984K(314560K), 0,0103720 secs] 713571K->435858K(1013632K), 0,0104840 secs] [Times: user=0,07 sys=0,00, real=0,02 secs] 
2015-09-08T09:47:08.578+0200: 1016416,754: [GC2015-09-08T09:47:08.578+0200: 1016416,754: [ParNew: 289600K->7699K(314560K), 0,0101540 secs] 715474K->434477K(1013632K), 0,0102670 secs] [Times: user=0,07 sys=0,00, real=0,01 secs] 
2015-09-08T09:48:04.009+0200: 1016472,186: [GC2015-09-08T09:48:04.009+0200: 1016472,186: [ParNew: 287315K->8711K(314560K), 0,0120450 secs] 714093K->436466K(1013632K), 0,0121750 secs] [Times: user=0,09 sys=0,00, real=0,01 secs] 
2015-09-08T09:48:59.298+0200: 1016527,474: [GC2015-09-08T09:48:59.298+0200: 1016527,474: [ParNew: 288327K->8724K(314560K), 0,0063230 secs] 716082K->437476K(1013632K), 0,0064320 secs] [Times: user=0,04 sys=0,00, real=0,00 secs] 
2015-09-08T09:49:54.707+0200: 1016582,883: [GC2015-09-08T09:49:54.707+0200: 1016582,883: [ParNew: 288340K->9626K(314560K), 0,0122860 secs] 717092K->439372K(1013632K), 0,0124090 secs] [Times: user=0,09 sys=0,00, real=0,01 secs] 
2015-09-08T09:50:50.755+0200: 1016638,932: [GC2015-09-08T09:50:50.755+0200: 1016638,932: [ParNew: 289242K->7423K(314560K), 0,0096040 secs] 718988K->438073K(1013632K), 0,0097020 secs] [Times: user=0,08 sys=0,00, real=0,02 secs] 
2015-09-08T09:51:46.802+0200: 1016694,979: [GC2015-09-08T09:51:46.802+0200: 1016694,979: [ParNew: 287039K->7734K(314560K), 0,0108940 secs] 717689K->439301K(1013632K), 0,0110160 secs] [Times: user=0,08 sys=0,00, real=0,01 secs] 
2015-09-08T09:52:42.828+0200: 1016751,004: [GC2015-09-08T09:52:42.828+0200: 1016751,004: [ParNew: 287350K->8406K(314560K), 0,0128400 secs] 718917K->440879K(1013632K), 0,0129790 secs] [Times: user=0,10 sys=0,00, real=0,01 secs] 
2015-09-08T09:53:38.894+0200: 1016807,071: [GC2015-09-08T09:53:38.895+0200: 1016807,071: [ParNew: 288022K->9902K(314560K), 0,0101940 secs] 720495K->443295K(1013632K), 0,0103290 secs] [Times: user=0,06 sys=0,00, real=0,02 secs] 
2015-09-08T09:54:34.948+0200: 1016863,125: [GC2015-09-08T09:54:34.949+0200: 1016863,125: [ParNew: 289518K->7152K(314560K), 0,0146560 secs] 722911K->441452K(1013632K), 0,0147730 secs] [Times: user=0,10 sys=0,00, real=0,01 secs] 
2015-09-08T09:55:31.003+0200: 1016919,180: [GC2015-09-08T09:55:31.003+0200: 1016919,180: [ParNew: 286768K->8557K(314560K), 0,0116430 secs] 721068K->443750K(1013632K), 0,0117140 secs] [Times: user=0,06 sys=0,00, real=0,01 secs] 
2015-09-08T09:56:27.047+0200: 1016975,224: [GC2015-09-08T09:56:27.047+0200: 1016975,224: [ParNew: 288173K->9353K(314560K), 0,0087480 secs] 723366K->445517K(1013632K), 0,0088590 secs] [Times: user=0,07 sys=0,00, real=0,00 secs] 
2015-09-08T09:57:22.625+0200: 1017030,801: [GC2015-09-08T09:57:22.625+0200: 1017030,802: [ParNew: 288969K->10289K(314560K), 0,0109620 secs] 725133K->447450K(1013632K), 0,0110910 secs] [Times: user=0,07 sys=0,00, real=0,00 secs] 
2015-09-08T09:58:18.726+0200: 1017086,902: [GC2015-09-08T09:58:18.726+0200: 1017086,903: [ParNew: 289905K->7384K(314560K), 0,0120720 secs] 727066K->445535K(1013632K), 0,0122080 secs] [Times: user=0,09 sys=0,00, real=0,01 secs] 
2015-09-08T09:59:14.793+0200: 1017142,970: [GC2015-09-08T09:59:14.793+0200: 1017142,970: [ParNew: 287000K->8711K(314560K), 0,0101170 secs] 725151K->447786K(1013632K), 0,0102240 secs] [Times: user=0,08 sys=0,00, real=0,01 secs] 
2015-09-08T10:00:11.202+0200: 1017199,379: [GC2015-09-08T10:00:11.202+0200: 1017199,379: [ParNew: 288327K->9536K(314560K), 0,0117640 secs] 727402K->449505K(1013632K), 0,0119010 secs] [Times: user=0,09 sys=0,00, real=0,01 secs] 
2015-09-08T10:01:07.261+0200: 1017255,438: [GC2015-09-08T10:01:07.261+0200: 1017255,438: [ParNew: 289152K->7341K(314560K), 0,0074110 secs] 729121K->448210K(1013632K), 0,0075060 secs] [Times: user=0,06 sys=0,00, real=0,01 secs] 
2015-09-08T10:02:02.744+0200: 1017310,921: [GC2015-09-08T10:02:02.744+0200: 1017310,921: [ParNew: 286957K->8337K(314560K), 0,0109840 secs] 727826K->450097K(1013632K), 0,0110820 secs] [Times: user=0,06 sys=0,01, real=0,00 secs] 
2015-09-08T10:02:58.884+0200: 1017367,060: [GC2015-09-08T10:02:58.884+0200: 1017367,061: [ParNew: 287953K->8436K(314560K), 0,0125940 secs] 729713K->451110K(1013632K), 0,0127320 secs] [Times: user=0,08 sys=0,00, real=0,02 secs] 
2015-09-08T10:03:54.930+0200: 1017423,107: [GC2015-09-08T10:03:54.930+0200: 1017423,107: [ParNew: 288052K->8690K(314560K), 0,0107800 secs] 730726K->452261K(1013632K), 0,0109030 secs] [Times: user=0,08 sys=0,00, real=0,01 secs] 
2015-09-08T10:04:51.432+0200: 1017479,608: [GC2015-09-08T10:04:51.432+0200: 1017479,608: [ParNew: 288306K->8857K(314560K), 0,0123660 secs] 731877K->453406K(1013632K), 0,0125050 secs] [Times: user=0,07 sys=0,00, real=0,02 secs] 
2015-09-08T10:05:47.041+0200: 1017535,218: [GC2015-09-08T10:05:47.041+0200: 1017535,218: [ParNew: 288473K->9661K(314560K), 0,0152820 secs] 733022K->455209K(1013632K), 0,0153750 secs] [Times: user=0,05 sys=0,00, real=0,02 secs] 
2015-09-08T10:06:42.838+0200: 1017591,015: [GC2015-09-08T10:06:42.838+0200: 1017591,015: [ParNew: 289277K->9658K(314560K), 0,0104840 secs] 734825K->456135K(1013632K), 0,0105790 secs] [Times: user=0,07 sys=0,00, real=0,01 secs] 
2015-09-08T10:07:39.014+0200: 1017647,191: [GC2015-09-08T10:07:39.014+0200: 1017647,191: [ParNew: 289274K->7046K(314560K), 0,0108340 secs] 735751K->454431K(1013632K), 0,0109280 secs] [Times: user=0,07 sys=0,00, real=0,02 secs] 
2015-09-08T10:08:35.255+0200: 1017703,432: [GC2015-09-08T10:08:35.255+0200: 1017703,432: [ParNew: 286662K->10008K(314560K), 0,0106450 secs] 734047K->458289K(1013632K), 0,0107590 secs] [Times: user=0,09 sys=0,00, real=0,02 secs] 
2015-09-08T10:09:31.617+0200: 1017759,794: [GC2015-09-08T10:09:31.618+0200: 1017759,794: [ParNew: 289624K->7538K(314560K), 0,0121440 secs] 737905K->456725K(1013632K), 0,0122730 secs] [Times: user=0,08 sys=0,00, real=0,01 secs] 
2015-09-08T10:10:28.105+0200: 1017816,281: [GC2015-09-08T10:10:28.105+0200: 1017816,281: [ParNew: 287154K->9572K(314560K), 0,0107450 secs] 736341K->459668K(1013632K), 0,0108640 secs] [Times: user=0,08 sys=0,00, real=0,00 secs] 
2015-09-08T10:11:24.421+0200: 1017872,597: [GC2015-09-08T10:11:24.421+0200: 1017872,597: [ParNew: 289188K->9117K(314560K), 0,0079750 secs] 739284K->460113K(1013632K), 0,0080590 secs] [Times: user=0,05 sys=0,01, real=0,01 secs] 
2015-09-08T10:12:21.209+0200: 1017929,386: [GC2015-09-08T10:12:21.209+0200: 1017929,386: [ParNew: 288733K->10186K(314560K), 0,0162810 secs] 739729K->462088K(1013632K), 0,0164060 secs] [Times: user=0,09 sys=0,00, real=0,02 secs] 
2015-09-08T10:13:16.902+0200: 1017985,078: [GC2015-09-08T10:13:16.902+0200: 1017985,078: [ParNew: 289802K->7394K(314560K), 0,0123400 secs] 741704K->460273K(1013632K), 0,0124530 secs] [Times: user=0,09 sys=0,00, real=0,01 secs] 
2015-09-08T10:14:13.048+0200: 1018041,225: [GC2015-09-08T10:14:13.048+0200: 1018041,225: [ParNew: 287010K->10165K(314560K), 0,0086410 secs] 739889K->464044K(1013632K), 0,0087440 secs] [Times: user=0,07 sys=0,00, real=0,01 secs] 
2015-09-08T10:15:09.608+0200: 1018097,784: [GC2015-09-08T10:15:09.608+0200: 1018097,785: [ParNew: 289781K->6757K(314560K), 0,0110950 secs] 743660K->461553K(1013632K), 0,0112160 secs] [Times: user=0,09 sys=0,00, real=0,01 secs] 
2015-09-08T10:16:05.906+0200: 1018154,083: [GC2015-09-08T10:16:05.906+0200: 1018154,083: [ParNew: 286373K->8182K(314560K), 0,0098040 secs] 741169K->463893K(1013632K), 0,0099440 secs] [Times: user=0,06 sys=0,00, real=0,00 secs] 
2015-09-08T10:17:02.538+0200: 1018210,715: [GC2015-09-08T10:17:02.538+0200: 1018210,715: [ParNew: 287798K->9531K(314560K), 0,0147280 secs] 743509K->466172K(1013632K), 0,0148320 secs] [Times: user=0,11 sys=0,00, real=0,01 secs] 
2015-09-08T10:17:59.375+0200: 1018267,552: [GC2015-09-08T10:17:59.376+0200: 1018267,552: [ParNew: 289147K->6962K(314560K), 0,0117150 secs] 745788K->464513K(1013632K), 0,0118200 secs] [Times: user=0,09 sys=0,00, real=0,02 secs] 
2015-09-08T10:18:56.050+0200: 1018324,226: [GC2015-09-08T10:18:56.050+0200: 1018324,226: [ParNew: 286578K->9715K(314560K), 0,0104010 secs] 744129K->468178K(1013632K), 0,0105140 secs] [Times: user=0,07 sys=0,00, real=0,01 secs] 
2015-09-08T10:19:52.828+0200: 1018381,005: [GC2015-09-08T10:19:52.828+0200: 1018381,005: [ParNew: 289331K->9214K(314560K), 0,0114780 secs] 747794K->468589K(1013632K), 0,0116040 secs] [Times: user=0,08 sys=0,00, real=0,01 secs] 
2015-09-08T10:20:49.402+0200: 1018437,579: [GC2015-09-08T10:20:49.402+0200: 1018437,579: [ParNew: 288830K->8061K(314560K), 0,0107120 secs] 748205K->468362K(1013632K), 0,0108480 secs] [Times: user=0,10 sys=0,00, real=0,01 secs] 
2015-09-08T10:21:45.964+0200: 1018494,140: [GC2015-09-08T10:21:45.964+0200: 1018494,140: [ParNew: 287677K->8975K(314560K), 0,0118950 secs] 747978K->470267K(1013632K), 0,0120190 secs] [Times: user=0,08 sys=0,00, real=0,01 secs] 
2015-09-08T10:22:42.221+0200: 1018550,397: [GC2015-09-08T10:22:42.221+0200: 1018550,397: [ParNew: 288591K->9785K(314560K), 0,0102780 secs] 749883K->472077K(1013632K), 0,0103950 secs] [Times: user=0,06 sys=0,00, real=0,01 secs] 
2015-09-08T10:23:38.712+0200: 1018606,888: [GC2015-09-08T10:23:38.712+0200: 1018606,889: [ParNew: 289401K->9342K(314560K), 0,0124580 secs] 751693K->472560K(1013632K), 0,0125800 secs] [Times: user=0,10 sys=0,00, real=0,02 secs] 
2015-09-08T10:24:35.313+0200: 1018663,489: [GC2015-09-08T10:24:35.313+0200: 1018663,489: [ParNew: 288958K->8216K(314560K), 0,0109410 secs] 752176K->472348K(1013632K), 0,0110590 secs] [Times: user=0,07 sys=0,00, real=0,01 secs] 
2015-09-08T10:25:31.971+0200: 1018720,148: [GC2015-09-08T10:25:31.972+0200: 1018720,148: [ParNew: 287832K->6370K(314560K), 0,0102120 secs] 751964K->471425K(1013632K), 0,0103240 secs] [Times: user=0,09 sys=0,00, real=0,01 secs] 
2015-09-08T10:26:28.708+0200: 1018776,884: [GC2015-09-08T10:26:28.708+0200: 1018776,884: [ParNew: 285986K->7320K(314560K), 0,0106850 secs] 751041K->473315K(1013632K), 0,0108130 secs] [Times: user=0,09 sys=0,00, real=0,01 secs] 
2015-09-08T10:27:25.267+0200: 1018833,443: [GC2015-09-08T10:27:25.267+0200: 1018833,443: [ParNew: 286936K->8068K(314560K), 0,0103620 secs] 752931K->474978K(1013632K), 0,0104860 secs] [Times: user=0,09 sys=0,00, real=0,01 secs] 
2015-09-08T10:28:21.831+0200: 1018890,008: [GC2015-09-08T10:28:21.831+0200: 1018890,008: [ParNew: 287684K->6863K(314560K), 0,0114370 secs] 754594K->474596K(1013632K), 0,0115650 secs] [Times: user=0,09 sys=0,00, real=0,01 secs] 
2015-09-08T10:29:18.396+0200: 1018946,573: [GC2015-09-08T10:29:18.396+0200: 1018946,573: [ParNew: 286479K->6062K(314560K), 0,0100060 secs] 754212K->474804K(1013632K), 0,0101460 secs] [Times: user=0,06 sys=0,01, real=0,02 secs] 
2015-09-08T10:30:14.952+0200: 1019003,129: [GC2015-09-08T10:30:14.952+0200: 1019003,129: [ParNew: 285678K->6577K(314560K), 0,0093910 secs] 754420K->475910K(1013632K), 0,0094850 secs] [Times: user=0,05 sys=0,00, real=0,01 secs] 
2015-09-08T10:31:11.712+0200: 1019059,889: [GC2015-09-08T10:31:11.712+0200: 1019059,889: [ParNew: 286193K->5243K(314560K), 0,0107460 secs] 755526K->475173K(1013632K), 0,0108820 secs] [Times: user=0,05 sys=0,00, real=0,01 secs] 
2015-09-08T10:32:08.105+0200: 1019116,281: [GC2015-09-08T10:32:08.105+0200: 1019116,281: [ParNew: 284859K->5606K(314560K), 0,0069840 secs] 754789K->476061K(1013632K), 0,0071000 secs] [Times: user=0,04 sys=0,01, real=0,00 secs] 
2015-09-08T10:33:04.598+0200: 1019172,775: [GC2015-09-08T10:33:04.598+0200: 1019172,775: [ParNew: 285222K->4991K(314560K), 0,0093780 secs] 755677K->476149K(1013632K), 0,0095020 secs] [Times: user=0,06 sys=0,00, real=0,01 secs] 
2015-09-08T10:34:01.390+0200: 1019229,566: [GC2015-09-08T10:34:01.390+0200: 1019229,566: [ParNew: 284607K->5141K(314560K), 0,0075000 secs] 755765K->476774K(1013632K), 0,0076230 secs] [Times: user=0,06 sys=0,00, real=0,01 secs] 
2015-09-08T10:34:57.828+0200: 1019286,004: [GC2015-09-08T10:34:57.828+0200: 1019286,004: [ParNew: 284757K->6266K(314560K), 0,0063660 secs] 756390K->478335K(1013632K), 0,0064630 secs] [Times: user=0,04 sys=0,00, real=0,00 secs] 
2015-09-08T10:35:54.321+0200: 1019342,497: [GC2015-09-08T10:35:54.321+0200: 1019342,497: [ParNew: 285882K->7041K(314560K), 0,0088880 secs] 757951K->479582K(1013632K), 0,0090020 secs] [Times: user=0,05 sys=0,00, real=0,01 secs] 
2015-09-08T10:36:50.796+0200: 1019398,973: [GC2015-09-08T10:36:50.796+0200: 1019398,973: [ParNew: 286657K->8469K(314560K), 0,0093870 secs] 759198K->481495K(1013632K), 0,0095080 secs] [Times: user=0,07 sys=0,00, real=0,02 secs] 
2015-09-08T10:37:47.353+0200: 1019455,530: [GC2015-09-08T10:37:47.353+0200: 1019455,530: [ParNew: 288085K->8162K(314560K), 0,0108440 secs] 761111K->481751K(1013632K), 0,0109590 secs] [Times: user=0,07 sys=0,00, real=0,01 secs] 
2015-09-08T10:38:43.912+0200: 1019512,089: [GC2015-09-08T10:38:43.912+0200: 1019512,089: [ParNew: 287778K->9560K(314560K), 0,0092170 secs] 761367K->483920K(1013632K), 0,0093360 secs] [Times: user=0,07 sys=0,00, real=0,01 secs] 
2015-09-08T10:39:40.471+0200: 1019568,647: [GC2015-09-08T10:39:40.471+0200: 1019568,648: [ParNew: 289176K->9325K(314560K), 0,0110700 secs] 763536K->484561K(1013632K), 0,0111950 secs] [Times: user=0,08 sys=0,00, real=0,01 secs] 
2015-09-08T10:40:36.530+0200: 1019624,707: [GC2015-09-08T10:40:36.530+0200: 1019624,707: [ParNew: 288941K->8096K(314560K), 0,0097350 secs] 764177K->484239K(1013632K), 0,0098460 secs] [Times: user=0,07 sys=0,00, real=0,01 secs] 
2015-09-08T10:41:33.002+0200: 1019681,179: [GC2015-09-08T10:41:33.002+0200: 1019681,179: [ParNew: 287712K->9076K(314560K), 0,0128980 secs] 763855K->486122K(1013632K), 0,0130100 secs] [Times: user=0,08 sys=0,00, real=0,01 secs] 
2015-09-08T10:42:29.058+0200: 1019737,234: [GC2015-09-08T10:42:29.058+0200: 1019737,234: [ParNew: 288692K->7654K(314560K), 0,0094980 secs] 765738K->485615K(1013632K), 0,0096120 secs] [Times: user=0,08 sys=0,00, real=0,01 secs] 
2015-09-08T10:43:25.816+0200: 1019793,993: [GC2015-09-08T10:43:25.816+0200: 1019793,993: [ParNew: 287270K->9838K(314560K), 0,0311720 secs] 765231K->488699K(1013632K), 0,0313110 secs] [Times: user=0,07 sys=0,01, real=0,03 secs] 
2015-09-08T10:44:22.426+0200: 1019850,603: [GC2015-09-08T10:44:22.426+0200: 1019850,603: [ParNew: 289454K->7556K(314560K), 0,0100530 secs] 768315K->487324K(1013632K), 0,0101690 secs] [Times: user=0,06 sys=0,00, real=0,01 secs] 
2015-09-08T10:45:18.953+0200: 1019907,129: [GC2015-09-08T10:45:18.953+0200: 1019907,129: [ParNew: 287172K->9175K(314560K), 0,0142060 secs] 766940K->489843K(1013632K), 0,0143190 secs] [Times: user=0,08 sys=0,00, real=0,02 secs] 
2015-09-08T10:46:14.512+0200: 1019962,689: [GC2015-09-08T10:46:14.512+0200: 1019962,689: [ParNew: 288791K->9315K(314560K), 0,0136260 secs] 769459K->490929K(1013632K), 0,0137640 secs] [Times: user=0,07 sys=0,00, real=0,02 secs] 
2015-09-08T10:47:11.068+0200: 1020019,245: [GC2015-09-08T10:47:11.068+0200: 1020019,245: [ParNew: 288931K->8830K(314560K), 0,0108320 secs] 770545K->491428K(1013632K), 0,0109520 secs] [Times: user=0,06 sys=0,00, real=0,01 secs] 
2015-09-08T10:48:07.770+0200: 1020075,946: [GC2015-09-08T10:48:07.770+0200: 1020075,946: [ParNew: 288446K->9643K(314560K), 0,0107150 secs] 771044K->493239K(1013632K), 0,0108330 secs] [Times: user=0,07 sys=0,00, real=0,01 secs] 
2015-09-08T10:49:04.603+0200: 1020132,780: [GC2015-09-08T10:49:04.603+0200: 1020132,780: [ParNew: 289259K->8920K(314560K), 0,0116990 secs] 772855K->493428K(1013632K), 0,0118830 secs] [Times: user=0,08 sys=0,00, real=0,01 secs] 
2015-09-08T10:50:00.494+0200: 1020188,671: [GC2015-09-08T10:50:00.494+0200: 1020188,671: [ParNew: 288536K->9144K(314560K), 0,0105200 secs] 773044K->494550K(1013632K), 0,0106440 secs] [Times: user=0,08 sys=0,00, real=0,02 secs] 
2015-09-08T10:50:57.258+0200: 1020245,434: [GC2015-09-08T10:50:57.258+0200: 1020245,435: [ParNew: 288760K->9126K(314560K), 0,0114350 secs] 774166K->495440K(1013632K), 0,0115500 secs] [Times: user=0,09 sys=0,00, real=0,01 secs] 
2015-09-08T10:51:53.595+0200: 1020301,772: [GC2015-09-08T10:51:53.595+0200: 1020301,772: [ParNew: 288742K->8515K(314560K), 0,0109900 secs] 775056K->495733K(1013632K), 0,0111220 secs] [Times: user=0,09 sys=0,00, real=0,02 secs] 
2015-09-08T10:52:49.519+0200: 1020357,695: [GC2015-09-08T10:52:49.519+0200: 1020357,695: [ParNew: 288131K->8640K(314560K), 0,0097530 secs] 775349K->496770K(1013632K), 0,0098780 secs] [Times: user=0,06 sys=0,00, real=0,01 secs] 
2015-09-08T10:53:45.134+0200: 1020413,310: [GC2015-09-08T10:53:45.134+0200: 1020413,310: [ParNew: 288256K->8762K(314560K), 0,0115570 secs] 776386K->497805K(1013632K), 0,0116760 secs] [Times: user=0,08 sys=0,00, real=0,02 secs] 
2015-09-08T10:54:41.428+0200: 1020469,605: [GC2015-09-08T10:54:41.428+0200: 1020469,605: [ParNew: 288378K->8874K(314560K), 0,0114240 secs] 777421K->498893K(1013632K), 0,0115450 secs] [Times: user=0,07 sys=0,00, real=0,01 secs] 
2015-09-08T10:55:37.775+0200: 1020525,951: [GC2015-09-08T10:55:37.775+0200: 1020525,951: [ParNew: 288490K->8182K(314560K), 0,0112650 secs] 778509K->499196K(1013632K), 0,0113820 secs] [Times: user=0,09 sys=0,00, real=0,02 secs] 
2015-09-08T10:56:34.321+0200: 1020582,497: [GC2015-09-08T10:56:34.321+0200: 1020582,497: [ParNew: 287798K->9667K(314560K), 0,0123500 secs] 778812K->501674K(1013632K), 0,0124740 secs] [Times: user=0,09 sys=0,00, real=0,01 secs] 
2015-09-08T10:57:30.882+0200: 1020639,059: [GC2015-09-08T10:57:30.882+0200: 1020639,059: [ParNew: 289283K->9691K(314560K), 0,0109240 secs] 781290K->502614K(1013632K), 0,0110660 secs] [Times: user=0,08 sys=0,00, real=0,01 secs] 
2015-09-08T10:58:27.438+0200: 1020695,614: [GC2015-09-08T10:58:27.438+0200: 1020695,614: [ParNew: 289307K->7137K(314560K), 0,0180700 secs] 782230K->500972K(1013632K), 0,0181930 secs] [Times: user=0,11 sys=0,00, real=0,01 secs] 
2015-09-08T10:59:23.105+0200: 1020751,281: [GC2015-09-08T10:59:23.105+0200: 1020751,281: [ParNew: 286753K->8950K(314560K), 0,0113590 secs] 780588K->503691K(1013632K), 0,0114820 secs] [Times: user=0,06 sys=0,00, real=0,01 secs] 
2015-09-08T11:00:19.447+0200: 1020807,623: [GC2015-09-08T11:00:19.447+0200: 1020807,623: [ParNew: 288566K->9727K(314560K), 0,0113900 secs] 783307K->505381K(1013632K), 0,0114980 secs] [Times: user=0,08 sys=0,00, real=0,01 secs] 
2015-09-08T11:01:15.900+0200: 1020864,077: [GC2015-09-08T11:01:15.900+0200: 1020864,077: [ParNew: 289343K->7114K(314560K), 0,0116640 secs] 784997K->503663K(1013632K), 0,0117800 secs] [Times: user=0,08 sys=0,00, real=0,01 secs] 
2015-09-08T11:02:11.952+0200: 1020920,129: [GC2015-09-08T11:02:11.952+0200: 1020920,129: [ParNew: 286730K->9279K(314560K), 0,0088630 secs] 783279K->506754K(1013632K), 0,0089640 secs] [Times: user=0,08 sys=0,00, real=0,01 secs] 
2015-09-08T11:03:08.181+0200: 1020976,358: [GC2015-09-08T11:03:08.181+0200: 1020976,358: [ParNew: 288895K->8683K(314560K), 0,0117460 secs] 786370K->507138K(1013632K), 0,0118770 secs] [Times: user=0,08 sys=0,00, real=0,01 secs] 
2015-09-08T11:04:03.736+0200: 1021031,913: [GC2015-09-08T11:04:03.736+0200: 1021031,913: [ParNew: 288299K->9627K(314560K), 0,0080320 secs] 786754K->509087K(1013632K), 0,0081460 secs] [Times: user=0,04 sys=0,01, real=0,02 secs] 
2015-09-08T11:04:59.206+0200: 1021087,383: [GC2015-09-08T11:04:59.206+0200: 1021087,383: [ParNew: 289243K->8932K(314560K), 0,0095410 secs] 788703K->509380K(1013632K), 0,0096310 secs] [Times: user=0,05 sys=0,00, real=0,00 secs] 
2015-09-08T11:05:55.332+0200: 1021143,509: [GC2015-09-08T11:05:55.333+0200: 1021143,509: [ParNew: 288548K->8945K(314560K), 0,0104750 secs] 788996K->510299K(1013632K), 0,0106260 secs] [Times: user=0,06 sys=0,01, real=0,01 secs] 
2015-09-08T11:06:52.059+0200: 1021200,236: [GC2015-09-08T11:06:52.059+0200: 1021200,236: [ParNew: 288561K->8486K(314560K), 0,0105100 secs] 789915K->510756K(1013632K), 0,0106320 secs] [Times: user=0,08 sys=0,00, real=0,01 secs] 
2015-09-08T11:07:47.828+0200: 1021256,004: [GC2015-09-08T11:07:47.828+0200: 1021256,004: [ParNew: 288102K->9876K(314560K), 0,0166870 secs] 790372K->513058K(1013632K), 0,0167700 secs] [Times: user=0,08 sys=0,00, real=0,02 secs] 
2015-09-08T11:08:44.243+0200: 1021312,419: [GC2015-09-08T11:08:44.243+0200: 1021312,419: [ParNew: 289492K->7552K(314560K), 0,0140510 secs] 792674K->511647K(1013632K), 0,0141700 secs] [Times: user=0,11 sys=0,00, real=0,02 secs] 
2015-09-08T11:09:40.526+0200: 1021368,703: [GC2015-09-08T11:09:40.526+0200: 1021368,703: [ParNew: 287168K->8502K(314560K), 0,0099390 secs] 791263K->513515K(1013632K), 0,0100350 secs] [Times: user=0,06 sys=0,00, real=0,00 secs] 
2015-09-08T11:10:37.084+0200: 1021425,260: [GC2015-09-08T11:10:37.084+0200: 1021425,260: [ParNew: 288118K->8553K(314560K), 0,0097550 secs] 793131K->514470K(1013632K), 0,0098800 secs] [Times: user=0,09 sys=0,00, real=0,01 secs] 
2015-09-08T11:11:33.780+0200: 1021481,957: [GC2015-09-08T11:11:33.781+0200: 1021481,957: [ParNew: 288169K->8094K(314560K), 0,0110190 secs] 794086K->514996K(1013632K), 0,0111390 secs] [Times: user=0,07 sys=0,01, real=0,01 secs] 
2015-09-08T11:12:30.415+0200: 1021538,592: [GC2015-09-08T11:12:30.415+0200: 1021538,592: [ParNew: 287710K->8914K(314560K), 0,0119780 secs] 794612K->516820K(1013632K), 0,0121000 secs] [Times: user=0,08 sys=0,00, real=0,02 secs] 
2015-09-08T11:13:27.236+0200: 1021595,412: [GC2015-09-08T11:13:27.236+0200: 1021595,412: [ParNew: 288530K->6689K(314560K), 0,0100820 secs] 796436K->515504K(1013632K), 0,0101990 secs] [Times: user=0,09 sys=0,00, real=0,02 secs] 
2015-09-08T11:14:23.796+0200: 1021651,973: [GC2015-09-08T11:14:23.796+0200: 1021651,973: [ParNew: 286305K->9094K(314560K), 0,0127410 secs] 795120K->518816K(1013632K), 0,0128530 secs] [Times: user=0,06 sys=0,01, real=0,02 secs] 
2015-09-08T11:15:19.977+0200: 1021708,153: [GC2015-09-08T11:15:19.977+0200: 1021708,153: [ParNew: 288710K->8373K(314560K), 0,0116820 secs] 798432K->518999K(1013632K), 0,0117920 secs] [Times: user=0,08 sys=0,00, real=0,01 secs] 
2015-09-08T11:16:16.400+0200: 1021764,577: [GC2015-09-08T11:16:16.400+0200: 1021764,577: [ParNew: 287989K->9187K(314560K), 0,0102240 secs] 798615K->520724K(1013632K), 0,0104000 secs] [Times: user=0,07 sys=0,00, real=0,01 secs] 
2015-09-08T11:17:12.828+0200: 1021821,005: [GC2015-09-08T11:17:12.828+0200: 1021821,005: [ParNew: 288803K->8585K(314560K), 0,0095490 secs] 800340K->521035K(1013632K), 0,0096620 secs] [Times: user=0,10 sys=0,00, real=0,01 secs] 
2015-09-08T11:18:09.508+0200: 1021877,685: [GC2015-09-08T11:18:09.508+0200: 1021877,685: [ParNew: 288201K->9433K(314560K), 0,0131600 secs] 800651K->522787K(1013632K), 0,0132690 secs] [Times: user=0,10 sys=0,00, real=0,01 secs] 
2015-09-08T11:19:05.813+0200: 1021933,989: [GC2015-09-08T11:19:05.813+0200: 1021933,989: [ParNew: 289049K->8113K(314560K), 0,0096750 secs] 802403K->522401K(1013632K), 0,0097770 secs] [Times: user=0,07 sys=0,00, real=0,01 secs] 
2015-09-08T11:20:00.767+0200: 1021988,944: [GC2015-09-08T11:20:00.767+0200: 1021988,944: [ParNew: 287729K->10442K(314560K), 0,0071220 secs] 802017K->525737K(1013632K), 0,0072030 secs] [Times: user=0,06 sys=0,00, real=0,00 secs] 
2015-09-08T11:20:56.150+0200: 1022044,326: [GC2015-09-08T11:20:56.150+0200: 1022044,326: [ParNew: 290058K->7002K(314560K), 0,0123450 secs] 805353K->523304K(1013632K), 0,0124350 secs] [Times: user=0,04 sys=0,00, real=0,01 secs] 
2015-09-08T11:21:52.202+0200: 1022100,379: [GC2015-09-08T11:21:52.202+0200: 1022100,379: [ParNew: 286618K->7427K(314560K), 0,0092610 secs] 802920K->524630K(1013632K), 0,0093770 secs] [Times: user=0,07 sys=0,00, real=0,01 secs] 
2015-09-08T11:22:48.105+0200: 1022156,281: [GC2015-09-08T11:22:48.105+0200: 1022156,281: [ParNew: 287043K->8212K(314560K), 0,0104110 secs] 804246K->526331K(1013632K), 0,0105480 secs] [Times: user=0,04 sys=0,00, real=0,00 secs] 
2015-09-08T11:23:43.803+0200: 1022211,979: [GC2015-09-08T11:23:43.803+0200: 1022211,979: [ParNew: 287828K->9247K(314560K), 0,0124290 secs] 805947K->528287K(1013632K), 0,0125390 secs] [Times: user=0,08 sys=0,00, real=0,01 secs] 
2015-09-08T11:24:40.509+0200: 1022268,686: [GC2015-09-08T11:24:40.509+0200: 1022268,686: [ParNew: 288863K->7313K(314560K), 0,0115880 secs] 807903K->527262K(1013632K), 0,0117180 secs] [Times: user=0,09 sys=0,00, real=0,01 secs] 
2015-09-08T11:25:36.904+0200: 1022325,081: [GC2015-09-08T11:25:36.904+0200: 1022325,081: [ParNew: 286929K->7057K(314560K), 0,0107160 secs] 806878K->527921K(1013632K), 0,0108240 secs] [Times: user=0,07 sys=0,00, real=0,01 secs] 
2015-09-08T11:26:33.564+0200: 1022381,741: [GC2015-09-08T11:26:33.565+0200: 1022381,741: [ParNew: 286673K->7338K(314560K), 0,0064860 secs] 807537K->529104K(1013632K), 0,0066110 secs] [Times: user=0,04 sys=0,00, real=0,00 secs] 
2015-09-08T11:27:29.195+0200: 1022437,371: [GC2015-09-08T11:27:29.195+0200: 1022437,371: [ParNew: 286954K->8142K(314560K), 0,0098670 secs] 808720K->530836K(1013632K), 0,0099770 secs] [Times: user=0,07 sys=0,00, real=0,02 secs] 
2015-09-08T11:28:25.116+0200: 1022493,293: [GC2015-09-08T11:28:25.117+0200: 1022493,293: [ParNew: 287758K->7523K(314560K), 0,0090930 secs] 810452K->531046K(1013632K), 0,0091740 secs] [Times: user=0,05 sys=0,00, real=0,01 secs] 
2015-09-08T11:29:21.810+0200: 1022549,986: [GC2015-09-08T11:29:21.810+0200: 1022549,986: [ParNew: 287139K->6075K(314560K), 0,0095400 secs] 810662K->530664K(1013632K), 0,0096600 secs] [Times: user=0,06 sys=0,00, real=0,01 secs] 
2015-09-08T11:30:18.470+0200: 1022606,647: [GC2015-09-08T11:30:18.470+0200: 1022606,647: [ParNew: 285691K->5397K(314560K), 0,0105980 secs] 810280K->530484K(1013632K), 0,0107260 secs] [Times: user=0,07 sys=0,00, real=0,01 secs] 
2015-09-08T11:31:15.254+0200: 1022663,431: [GC2015-09-08T11:31:15.254+0200: 1022663,431: [ParNew: 285013K->5658K(314560K), 0,0085010 secs] 810100K->531250K(1013632K), 0,0086620 secs] [Times: user=0,05 sys=0,00, real=0,01 secs] 
2015-09-08T11:32:11.925+0200: 1022720,102: [GC2015-09-08T11:32:11.925+0200: 1022720,102: [ParNew: 285274K->5004K(314560K), 0,0078740 secs] 810866K->531113K(1013632K), 0,0079950 secs] [Times: user=0,06 sys=0,00, real=0,00 secs] 
2015-09-08T11:33:08.496+0200: 1022776,672: [GC2015-09-08T11:33:08.496+0200: 1022776,672: [ParNew: 284620K->4951K(314560K), 0,0080810 secs] 810729K->531732K(1013632K), 0,0081950 secs] [Times: user=0,06 sys=0,00, real=0,01 secs] 
2015-09-08T11:34:05.178+0200: 1022833,354: [GC2015-09-08T11:34:05.178+0200: 1022833,354: [ParNew: 284567K->5742K(314560K), 0,0077560 secs] 811348K->532984K(1013632K), 0,0078860 secs] [Times: user=0,05 sys=0,00, real=0,01 secs] 
2015-09-08T11:35:01.397+0200: 1022889,574: [GC2015-09-08T11:35:01.397+0200: 1022889,574: [ParNew: 285358K->7082K(314560K), 0,0042160 secs] 812600K->534749K(1013632K), 0,0043180 secs] [Times: user=0,02 sys=0,00, real=0,00 secs] 
2015-09-08T11:35:57.829+0200: 1022946,005: [GC2015-09-08T11:35:57.829+0200: 1022946,005: [ParNew: 286698K->7966K(314560K), 0,0080430 secs] 814365K->536135K(1013632K), 0,0081700 secs] [Times: user=0,06 sys=0,00, real=0,01 secs] 
2015-09-08T11:36:53.453+0200: 1023001,629: [GC2015-09-08T11:36:53.453+0200: 1023001,629: [ParNew: 287582K->8887K(314560K), 0,0069940 secs] 815751K->537639K(1013632K), 0,0070880 secs] [Times: user=0,04 sys=0,01, real=0,01 secs] 
2015-09-08T11:37:50.027+0200: 1023058,203: [GC2015-09-08T11:37:50.027+0200: 1023058,203: [ParNew: 288503K->6751K(314560K), 0,0112860 secs] 817255K->536122K(1013632K), 0,0113830 secs] [Times: user=0,06 sys=0,00, real=0,01 secs] 
2015-09-08T11:38:46.703+0200: 1023114,880: [GC2015-09-08T11:38:46.704+0200: 1023114,880: [ParNew: 286367K->8862K(314560K), 0,0109610 secs] 815738K->538952K(1013632K), 0,0110960 secs] [Times: user=0,07 sys=0,00, real=0,01 secs] 
2015-09-08T11:39:42.828+0200: 1023171,004: [GC2015-09-08T11:39:42.828+0200: 1023171,005: [ParNew: 288478K->8014K(314560K), 0,0090300 secs] 818568K->538935K(1013632K), 0,0091350 secs] [Times: user=0,05 sys=0,00, real=0,01 secs] 
2015-09-08T11:40:38.105+0200: 1023226,281: [GC2015-09-08T11:40:38.105+0200: 1023226,281: [ParNew: 287630K->8288K(314560K), 0,0094580 secs] 818551K->540105K(1013632K), 0,0095620 secs] [Times: user=0,07 sys=0,00, real=0,00 secs] 
2015-09-08T11:41:34.716+0200: 1023282,892: [GC2015-09-08T11:41:34.716+0200: 1023282,892: [ParNew: 287904K->9167K(314560K), 0,0106000 secs] 819721K->541903K(1013632K), 0,0107120 secs] [Times: user=0,08 sys=0,00, real=0,02 secs] 
2015-09-08T11:42:31.401+0200: 1023339,577: [GC2015-09-08T11:42:31.401+0200: 1023339,577: [ParNew: 288783K->9993K(314560K), 0,0077060 secs] 821519K->543637K(1013632K), 0,0078240 secs] [Times: user=0,02 sys=0,00, real=0,01 secs] 
2015-09-08T11:43:27.756+0200: 1023395,932: [GC2015-09-08T11:43:27.756+0200: 1023395,932: [ParNew: 289609K->7215K(314560K), 0,0109190 secs] 823253K->541771K(1013632K), 0,0110450 secs] [Times: user=0,08 sys=0,00, real=0,02 secs] 
2015-09-08T11:44:24.369+0200: 1023452,545: [GC2015-09-08T11:44:24.369+0200: 1023452,545: [ParNew: 286831K->8639K(314560K), 0,0119070 secs] 821387K->544152K(1013632K), 0,0120450 secs] [Times: user=0,07 sys=0,00, real=0,01 secs] 
2015-09-08T11:45:20.931+0200: 1023509,108: [GC2015-09-08T11:45:20.931+0200: 1023509,108: [ParNew: 288255K->9385K(314560K), 0,0106080 secs] 823768K->545884K(1013632K), 0,0107840 secs] [Times: user=0,09 sys=0,00, real=0,01 secs] 
2015-09-08T11:46:17.489+0200: 1023565,665: [GC2015-09-08T11:46:17.489+0200: 1023565,665: [ParNew: 289001K->10331K(314560K), 0,0107340 secs] 825500K->547824K(1013632K), 0,0108550 secs] [Times: user=0,08 sys=0,00, real=0,01 secs] 
2015-09-08T11:47:14.122+0200: 1023622,298: [GC2015-09-08T11:47:14.122+0200: 1023622,299: [ParNew: 289947K->7425K(314560K), 0,0106590 secs] 827440K->545807K(1013632K), 0,0107650 secs] [Times: user=0,07 sys=0,00, real=0,01 secs] 
2015-09-08T11:48:10.955+0200: 1023679,132: [GC2015-09-08T11:48:10.955+0200: 1023679,132: [ParNew: 287041K->8276K(314560K), 0,0137960 secs] 825423K->547563K(1013632K), 0,0139180 secs] [Times: user=0,12 sys=0,00, real=0,02 secs] 
2015-09-08T11:49:07.544+0200: 1023735,720: [GC2015-09-08T11:49:07.544+0200: 1023735,720: [ParNew: 287892K->8948K(314560K), 0,0113520 secs] 827179K->549138K(1013632K), 0,0114770 secs] [Times: user=0,08 sys=0,00, real=0,01 secs] 
2015-09-08T11:50:04.033+0200: 1023792,210: [GC2015-09-08T11:50:04.033+0200: 1023792,210: [ParNew: 288564K->9951K(314560K), 0,0112250 secs] 828754K->551061K(1013632K), 0,0113480 secs] [Times: user=0,07 sys=0,00, real=0,02 secs] 
2015-09-08T11:51:00.640+0200: 1023848,817: [GC2015-09-08T11:51:00.641+0200: 1023848,817: [ParNew: 289567K->7666K(314560K), 0,0116810 secs] 830677K->549693K(1013632K), 0,0117980 secs] [Times: user=0,06 sys=0,00, real=0,01 secs] 
2015-09-08T11:51:57.186+0200: 1023905,362: [GC2015-09-08T11:51:57.186+0200: 1023905,362: [ParNew: 287282K->9330K(314560K), 0,0093310 secs] 829309K->552283K(1013632K), 0,0094740 secs] [Times: user=0,08 sys=0,00, real=0,00 secs] 
2015-09-08T11:52:53.845+0200: 1023962,022: [GC2015-09-08T11:52:53.845+0200: 1023962,022: [ParNew: 288946K->8717K(314560K), 0,0144120 secs] 831899K->552644K(1013632K), 0,0145340 secs] [Times: user=0,08 sys=0,00, real=0,01 secs] 
2015-09-08T11:53:50.211+0200: 1024018,388: [GC2015-09-08T11:53:50.211+0200: 1024018,388: [ParNew: 288333K->8195K(314560K), 0,0121700 secs] 832260K->553122K(1013632K), 0,0123060 secs] [Times: user=0,09 sys=0,00, real=0,01 secs] 
2015-09-08T11:54:45.452+0200: 1024073,629: [GC2015-09-08T11:54:45.452+0200: 1024073,629: [ParNew: 287811K->8241K(314560K), 0,0119370 secs] 832738K->554178K(1013632K), 0,0120550 secs] [Times: user=0,06 sys=0,00, real=0,01 secs] 
2015-09-08T11:55:40.943+0200: 1024129,119: [GC2015-09-08T11:55:40.943+0200: 1024129,119: [ParNew: 287857K->7486K(314560K), 0,0060820 secs] 833794K->554340K(1013632K), 0,0061890 secs] [Times: user=0,04 sys=0,00, real=0,01 secs] 
2015-09-08T11:56:36.349+0200: 1024184,525: [GC2015-09-08T11:56:36.349+0200: 1024184,525: [ParNew: 287102K->9921K(314560K), 0,0093140 secs] 833956K->557690K(1013632K), 0,0094120 secs] [Times: user=0,06 sys=0,00, real=0,01 secs] 
2015-09-08T11:57:31.790+0200: 1024239,967: [GC2015-09-08T11:57:31.791+0200: 1024239,967: [ParNew: 289537K->7055K(314560K), 0,0111260 secs] 837306K->555732K(1013632K), 0,0112460 secs] [Times: user=0,10 sys=0,00, real=0,01 secs] 
2015-09-08T11:58:27.423+0200: 1024295,599: [GC2015-09-08T11:58:27.423+0200: 1024295,599: [ParNew: 286671K->9018K(314560K), 0,0117420 secs] 835348K->558622K(1013632K), 0,0118980 secs] [Times: user=0,08 sys=0,00, real=0,01 secs] 
2015-09-08T11:59:22.828+0200: 1024351,004: [GC2015-09-08T11:59:22.828+0200: 1024351,005: [ParNew: 288634K->9101K(314560K), 0,0108550 secs] 838238K->559616K(1013632K), 0,0109830 secs] [Times: user=0,07 sys=0,00, real=0,01 secs] 
2015-09-08T12:00:18.508+0200: 1024406,684: [GC2015-09-08T12:00:18.508+0200: 1024406,684: [ParNew: 288717K->7922K(314560K), 0,0111330 secs] 839232K->559346K(1013632K), 0,0112600 secs] [Times: user=0,08 sys=0,00, real=0,01 secs] 
2015-09-08T12:01:15.272+0200: 1024463,448: [GC2015-09-08T12:01:15.272+0200: 1024463,448: [ParNew: 287538K->8045K(314560K), 0,0126900 secs] 838962K->560454K(1013632K), 0,0128080 secs] [Times: user=0,10 sys=0,00, real=0,02 secs] 
2015-09-08T12:02:11.332+0200: 1024519,508: [GC2015-09-08T12:02:11.332+0200: 1024519,508: [ParNew: 287661K->8820K(314560K), 0,0110960 secs] 840070K->562213K(1013632K), 0,0112110 secs] [Times: user=0,09 sys=0,00, real=0,01 secs] 
2015-09-08T12:03:07.828+0200: 1024576,004: [GC2015-09-08T12:03:07.828+0200: 1024576,005: [ParNew: 288436K->9597K(314560K), 0,0122510 secs] 841829K->563968K(1013632K), 0,0124040 secs] [Times: user=0,08 sys=0,00, real=0,01 secs] 
2015-09-08T12:04:03.936+0200: 1024632,113: [GC2015-09-08T12:04:03.936+0200: 1024632,113: [ParNew: 289213K->7405K(314560K), 0,0135970 secs] 843584K->562678K(1013632K), 0,0137060 secs] [Times: user=0,11 sys=0,00, real=0,02 secs] 
2015-09-08T12:04:59.385+0200: 1024687,562: [GC2015-09-08T12:04:59.385+0200: 1024687,562: [ParNew: 287021K->8431K(314560K), 0,0083170 secs] 842294K->564600K(1013632K), 0,0084130 secs] [Times: user=0,06 sys=0,00, real=0,00 secs] 
2015-09-08T12:05:55.871+0200: 1024744,047: [GC2015-09-08T12:05:55.871+0200: 1024744,047: [ParNew: 288047K->7717K(314560K), 0,0101670 secs] 844216K->564780K(1013632K), 0,0103000 secs] [Times: user=0,08 sys=0,00, real=0,01 secs] 
2015-09-08T12:06:52.637+0200: 1024800,814: [GC2015-09-08T12:06:52.637+0200: 1024800,814: [ParNew: 287333K->9231K(314560K), 0,0120720 secs] 844396K->567204K(1013632K), 0,0122130 secs] [Times: user=0,09 sys=0,00, real=0,01 secs] 
2015-09-08T12:07:48.835+0200: 1024857,011: [GC2015-09-08T12:07:48.835+0200: 1024857,011: [ParNew: 288847K->8660K(314560K), 0,0104330 secs] 846820K->567555K(1013632K), 0,0105660 secs] [Times: user=0,09 sys=0,00, real=0,02 secs] 
2015-09-08T12:08:44.887+0200: 1024913,064: [GC2015-09-08T12:08:44.887+0200: 1024913,064: [ParNew: 288276K->8054K(314560K), 0,0101880 secs] 847171K->567858K(1013632K), 0,0103050 secs] [Times: user=0,09 sys=0,00, real=0,01 secs] 
2015-09-08T12:09:40.934+0200: 1024969,110: [GC2015-09-08T12:09:40.934+0200: 1024969,110: [ParNew: 287670K->10388K(314560K), 0,0110340 secs] 847474K->571173K(1013632K), 0,0111430 secs] [Times: user=0,08 sys=0,00, real=0,02 secs] 
2015-09-08T12:10:37.245+0200: 1025025,422: [GC2015-09-08T12:10:37.245+0200: 1025025,422: [ParNew: 290004K->7447K(314560K), 0,0095420 secs] 850789K->569221K(1013632K), 0,0096560 secs] [Times: user=0,07 sys=0,00, real=0,00 secs] 
2015-09-08T12:11:33.023+0200: 1025081,200: [GC2015-09-08T12:11:33.023+0200: 1025081,200: [ParNew: 287063K->9473K(314560K), 0,0171310 secs] 848837K->572239K(1013632K), 0,0172290 secs] [Times: user=0,10 sys=0,00, real=0,02 secs] 
2015-09-08T12:12:29.082+0200: 1025137,259: [GC2015-09-08T12:12:29.082+0200: 1025137,259: [ParNew: 289089K->10214K(314560K), 0,0106950 secs] 851855K->573909K(1013632K), 0,0108060 secs] [Times: user=0,08 sys=0,00, real=0,01 secs] 
2015-09-08T12:13:25.387+0200: 1025193,563: [GC2015-09-08T12:13:25.387+0200: 1025193,563: [ParNew: 289830K->7069K(314560K), 0,0107020 secs] 853525K->571686K(1013632K), 0,0108120 secs] [Times: user=0,08 sys=0,00, real=0,01 secs] 
2015-09-08T12:14:20.827+0200: 1025249,004: [GC2015-09-08T12:14:20.827+0200: 1025249,004: [ParNew: 286685K->8907K(314560K), 0,0113500 secs] 851302K->574430K(1013632K), 0,0114700 secs] [Times: user=0,07 sys=0,00, real=0,01 secs] 
2015-09-08T12:15:16.460+0200: 1025304,637: [GC2015-09-08T12:15:16.460+0200: 1025304,637: [ParNew: 288523K->9707K(314560K), 0,0106630 secs] 854046K->576134K(1013632K), 0,0108090 secs] [Times: user=0,07 sys=0,00, real=0,01 secs] 
2015-09-08T12:16:13.094+0200: 1025361,270: [GC2015-09-08T12:16:13.094+0200: 1025361,270: [ParNew: 289323K->6652K(314560K), 0,0111180 secs] 855750K->573990K(1013632K), 0,0112370 secs] [Times: user=0,06 sys=0,00, real=0,02 secs] 
2015-09-08T12:17:09.290+0200: 1025417,467: [GC2015-09-08T12:17:09.291+0200: 1025417,467: [ParNew: 286268K->9247K(314560K), 0,0120040 secs] 853606K->577493K(1013632K), 0,0121220 secs] [Times: user=0,08 sys=0,00, real=0,01 secs] 
2015-09-08T12:18:05.619+0200: 1025473,796: [GC2015-09-08T12:18:05.619+0200: 1025473,796: [ParNew: 288863K->7957K(314560K), 0,0123970 secs] 857109K->577182K(1013632K), 0,0125080 secs] [Times: user=0,09 sys=0,00, real=0,01 secs] 
2015-09-08T12:19:02.181+0200: 1025530,358: [GC2015-09-08T12:19:02.181+0200: 1025530,358: [ParNew: 287573K->9629K(314560K), 0,0129700 secs] 856798K->579853K(1013632K), 0,0130810 secs] [Times: user=0,07 sys=0,00, real=0,01 secs] 
2015-09-08T12:19:58.993+0200: 1025587,169: [GC2015-09-08T12:19:58.993+0200: 1025587,169: [ParNew: 289245K->9682K(314560K), 0,0239050 secs] 859469K->580906K(1013632K), 0,0240300 secs] [Times: user=0,10 sys=0,00, real=0,03 secs] 
2015-09-08T12:20:54.784+0200: 1025642,961: [GC2015-09-08T12:20:54.784+0200: 1025642,961: [ParNew: 289298K->8958K(314560K), 0,0103500 secs] 860522K->581069K(1013632K), 0,0104890 secs] [Times: user=0,06 sys=0,00, real=0,00 secs] 
2015-09-08T12:21:50.843+0200: 1025699,020: [GC2015-09-08T12:21:50.843+0200: 1025699,020: [ParNew: 288574K->8528K(314560K), 0,0114880 secs] 860685K->581567K(1013632K), 0,0116110 secs] [Times: user=0,08 sys=0,00, real=0,01 secs] 
2015-09-08T12:22:47.395+0200: 1025755,572: [GC2015-09-08T12:22:47.395+0200: 1025755,572: [ParNew: 288144K->8495K(314560K), 0,0072290 secs] 861183K->582451K(1013632K), 0,0073220 secs] [Times: user=0,07 sys=0,00, real=0,01 secs] 
2015-09-08T12:23:43.572+0200: 1025811,749: [GC2015-09-08T12:23:43.572+0200: 1025811,749: [ParNew: 288111K->10288K(314560K), 0,0110560 secs] 862067K->585158K(1013632K), 0,0111680 secs] [Times: user=0,08 sys=0,00, real=0,01 secs] 
2015-09-08T12:24:40.325+0200: 1025868,502: [GC2015-09-08T12:24:40.325+0200: 1025868,502: [ParNew: 289904K->7997K(314560K), 0,0185920 secs] 864774K->583776K(1013632K), 0,0187320 secs] [Times: user=0,10 sys=0,00, real=0,01 secs] 
2015-09-08T12:25:37.052+0200: 1025925,229: [GC2015-09-08T12:25:37.052+0200: 1025925,229: [ParNew: 287613K->9242K(314560K), 0,0089550 secs] 863392K->585943K(1013632K), 0,0090650 secs] [Times: user=0,07 sys=0,00, real=0,01 secs] 
2015-09-08T12:26:33.609+0200: 1025981,785: [GC2015-09-08T12:26:33.609+0200: 1025981,785: [ParNew: 288858K->7131K(314560K), 0,0107710 secs] 865559K->584828K(1013632K), 0,0109020 secs] [Times: user=0,06 sys=0,00, real=0,01 secs] 
2015-09-08T12:27:29.746+0200: 1026037,923: [GC2015-09-08T12:27:29.746+0200: 1026037,923: [ParNew: 286747K->8037K(314560K), 0,0115930 secs] 864444K->586731K(1013632K), 0,0117060 secs] [Times: user=0,09 sys=0,00, real=0,01 secs] 
2015-09-08T12:28:26.431+0200: 1026094,608: [GC2015-09-08T12:28:26.432+0200: 1026094,608: [ParNew: 287653K->6169K(314560K), 0,0094170 secs] 866347K->585632K(1013632K), 0,0095470 secs] [Times: user=0,08 sys=0,00, real=0,01 secs] 
2015-09-08T12:29:23.105+0200: 1026151,281: [GC2015-09-08T12:29:23.105+0200: 1026151,281: [ParNew: 285785K->6724K(314560K), 0,0075740 secs] 865248K->587184K(1013632K), 0,0076900 secs] [Times: user=0,04 sys=0,01, real=0,00 secs] 
2015-09-08T12:30:19.873+0200: 1026208,049: [GC2015-09-08T12:30:19.873+0200: 1026208,049: [ParNew: 286340K->5361K(314560K), 0,0081660 secs] 866800K->586324K(1013632K), 0,0082870 secs] [Times: user=0,03 sys=0,01, real=0,01 secs] 
2015-09-08T12:31:16.507+0200: 1026264,683: [GC2015-09-08T12:31:16.507+0200: 1026264,683: [ParNew: 284977K->5994K(314560K), 0,0093020 secs] 865940K->587452K(1013632K), 0,0094280 secs] [Times: user=0,06 sys=0,00, real=0,00 secs] 
2015-09-08T12:32:13.105+0200: 1026321,281: [GC2015-09-08T12:32:13.105+0200: 1026321,281: [ParNew: 285610K->6400K(314560K), 0,0083540 secs] 867068K->588375K(1013632K), 0,0084590 secs] [Times: user=0,05 sys=0,00, real=0,00 secs] 
2015-09-08T12:33:09.761+0200: 1026377,937: [GC2015-09-08T12:33:09.761+0200: 1026377,937: [ParNew: 286016K->5198K(314560K), 0,0101720 secs] 867991K->587837K(1013632K), 0,0102900 secs] [Times: user=0,05 sys=0,00, real=0,01 secs] 
2015-09-08T12:34:06.512+0200: 1026434,689: [GC2015-09-08T12:34:06.512+0200: 1026434,689: [ParNew: 284814K->4977K(314560K), 0,0085150 secs] 867453K->588085K(1013632K), 0,0086280 secs] [Times: user=0,06 sys=0,00, real=0,01 secs] 
2015-09-08T12:35:02.828+0200: 1026491,005: [GC2015-09-08T12:35:02.828+0200: 1026491,005: [ParNew: 284593K->6182K(314560K), 0,0087030 secs] 867701K->589808K(1013632K), 0,0088220 secs] [Times: user=0,05 sys=0,00, real=0,01 secs] 
2015-09-08T12:35:59.614+0200: 1026547,791: [GC2015-09-08T12:35:59.615+0200: 1026547,791: [ParNew: 285798K->8000K(314560K), 0,0102990 secs] 869424K->592186K(1013632K), 0,0104260 secs] [Times: user=0,07 sys=0,00, real=0,02 secs] 
2015-09-08T12:36:56.162+0200: 1026604,339: [GC2015-09-08T12:36:56.162+0200: 1026604,339: [ParNew: 287616K->7613K(314560K), 0,0090750 secs] 871802K->592289K(1013632K), 0,0091790 secs] [Times: user=0,05 sys=0,00, real=0,01 secs] 
2015-09-08T12:37:52.828+0200: 1026661,004: [GC2015-09-08T12:37:52.828+0200: 1026661,005: [ParNew: 287229K->8913K(314560K), 0,0093890 secs] 871905K->594109K(1013632K), 0,0095280 secs] [Times: user=0,07 sys=0,00, real=0,01 secs] 
2015-09-08T12:38:49.434+0200: 1026717,611: [GC2015-09-08T12:38:49.434+0200: 1026717,611: [ParNew: 288529K->7095K(314560K), 0,0090860 secs] 873725K->592989K(1013632K), 0,0091910 secs] [Times: user=0,05 sys=0,00, real=0,01 secs] 
2015-09-08T12:39:46.125+0200: 1026774,301: [GC2015-09-08T12:39:46.125+0200: 1026774,301: [ParNew: 286711K->8634K(314560K), 0,0100510 secs] 872605K->595350K(1013632K), 0,0101770 secs] [Times: user=0,07 sys=0,00, real=0,00 secs] 
2015-09-08T12:40:42.331+0200: 1026830,508: [GC2015-09-08T12:40:42.331+0200: 1026830,508: [ParNew: 288250K->8256K(314560K), 0,0107220 secs] 874966K->595861K(1013632K), 0,0108430 secs] [Times: user=0,08 sys=0,00, real=0,01 secs] 
2015-09-08T12:41:37.600+0200: 1026885,776: [GC2015-09-08T12:41:37.600+0200: 1026885,776: [ParNew: 287872K->9294K(314560K), 0,0067290 secs] 875477K->597785K(1013632K), 0,0068220 secs] [Times: user=0,05 sys=0,00, real=0,01 secs] 
2015-09-08T12:42:33.948+0200: 1026942,125: [GC2015-09-08T12:42:33.948+0200: 1026942,125: [ParNew: 288910K->8776K(314560K), 0,0101160 secs] 877401K->598205K(1013632K), 0,0102360 secs] [Times: user=0,07 sys=0,00, real=0,01 secs] 
2015-09-08T12:43:30.182+0200: 1026998,359: [GC2015-09-08T12:43:30.182+0200: 1026998,359: [ParNew: 288392K->8870K(314560K), 0,0102620 secs] 877821K->599286K(1013632K), 0,0103860 secs] [Times: user=0,06 sys=0,00, real=0,01 secs] 
2015-09-08T12:44:25.548+0200: 1027053,724: [GC2015-09-08T12:44:25.548+0200: 1027053,724: [ParNew: 288486K->9629K(314560K), 0,0114610 secs] 878902K->601035K(1013632K), 0,0115880 secs] [Times: user=0,09 sys=0,00, real=0,01 secs] 
2015-09-08T12:45:21.061+0200: 1027109,238: [GC2015-09-08T12:45:21.061+0200: 1027109,238: [ParNew: 289245K->8147K(314560K), 0,0092690 secs] 880651K->600459K(1013632K), 0,0093670 secs] [Times: user=0,07 sys=0,00, real=0,01 secs] 
2015-09-08T12:46:16.570+0200: 1027164,746: [GC2015-09-08T12:46:16.570+0200: 1027164,746: [ParNew: 287763K->8360K(314560K), 0,0101380 secs] 880075K->601581K(1013632K), 0,0102470 secs] [Times: user=0,08 sys=0,00, real=0,01 secs] 
2015-09-08T12:47:12.113+0200: 1027220,289: [GC2015-09-08T12:47:12.113+0200: 1027220,289: [ParNew: 287976K->9018K(314560K), 0,0077350 secs] 881197K->603146K(1013632K), 0,0078300 secs] [Times: user=0,04 sys=0,00, real=0,01 secs] 
2015-09-08T12:48:07.741+0200: 1027275,918: [GC2015-09-08T12:48:07.742+0200: 1027275,918: [ParNew: 288634K->8387K(314560K), 0,0113680 secs] 882762K->603416K(1013632K), 0,0114780 secs] [Times: user=0,07 sys=0,00, real=0,01 secs] 
2015-09-08T12:49:02.702+0200: 1027330,878: [GC2015-09-08T12:49:02.702+0200: 1027330,878: [ParNew: 288003K->9177K(314560K), 0,0098730 secs] 883032K->605102K(1013632K), 0,0099890 secs] [Times: user=0,07 sys=0,00, real=0,01 secs] 
2015-09-08T12:49:58.755+0200: 1027386,932: [GC2015-09-08T12:49:58.755+0200: 1027386,932: [ParNew: 288793K->9297K(314560K), 0,0090920 secs] 884718K->606125K(1013632K), 0,0091860 secs] [Times: user=0,05 sys=0,00, real=0,02 secs] 
2015-09-08T12:50:54.808+0200: 1027442,985: [GC2015-09-08T12:50:54.808+0200: 1027442,985: [ParNew: 288913K->8682K(314560K), 0,0165120 secs] 885741K->606438K(1013632K), 0,0166280 secs] [Times: user=0,11 sys=0,00, real=0,02 secs] 
2015-09-08T12:51:50.246+0200: 1027498,423: [GC2015-09-08T12:51:50.246+0200: 1027498,423: [ParNew: 288298K->10238K(314560K), 0,0072370 secs] 886054K->608992K(1013632K), 0,0073470 secs] [Times: user=0,06 sys=0,00, real=0,00 secs] 
2015-09-08T12:52:46.471+0200: 1027554,647: [GC2015-09-08T12:52:46.471+0200: 1027554,648: [ParNew: 289854K->8232K(314560K), 0,0113210 secs] 888608K->607962K(1013632K), 0,0114590 secs] [Times: user=0,09 sys=0,00, real=0,01 secs] 
2015-09-08T12:53:42.828+0200: 1027611,004: [GC2015-09-08T12:53:42.828+0200: 1027611,004: [ParNew: 287848K->7973K(314560K), 0,0113950 secs] 887578K->608585K(1013632K), 0,0115440 secs] [Times: user=0,06 sys=0,00, real=0,01 secs] 
2015-09-08T12:54:39.527+0200: 1027667,703: [GC2015-09-08T12:54:39.527+0200: 1027667,703: [ParNew: 287589K->8795K(314560K), 0,0098910 secs] 888201K->610300K(1013632K), 0,0100230 secs] [Times: user=0,07 sys=0,00, real=0,01 secs] 
2015-09-08T12:55:35.025+0200: 1027723,201: [GC2015-09-08T12:55:35.025+0200: 1027723,201: [ParNew: 288411K->8952K(314560K), 0,0060620 secs] 889916K->611347K(1013632K), 0,0061690 secs] [Times: user=0,03 sys=0,00, real=0,00 secs] 
2015-09-08T12:56:30.056+0200: 1027778,232: [GC2015-09-08T12:56:30.056+0200: 1027778,233: [ParNew: 288568K->9811K(314560K), 0,0105420 secs] 890963K->613109K(1013632K), 0,0106510 secs] [Times: user=0,08 sys=0,00, real=0,02 secs] 
2015-09-08T12:57:26.702+0200: 1027834,879: [GC2015-09-08T12:57:26.702+0200: 1027834,879: [ParNew: 289427K->7528K(314560K), 0,0111410 secs] 892725K->611725K(1013632K), 0,0112810 secs] [Times: user=0,08 sys=0,00, real=0,01 secs] 
2015-09-08T12:58:22.828+0200: 1027891,004: [GC2015-09-08T12:58:22.828+0200: 1027891,005: [ParNew: 287144K->8506K(314560K), 0,0126690 secs] 891341K->613607K(1013632K), 0,0127840 secs] [Times: user=0,09 sys=0,00, real=0,01 secs] 
2015-09-08T12:59:19.180+0200: 1027947,357: [GC2015-09-08T12:59:19.180+0200: 1027947,357: [ParNew: 288122K->7866K(314560K), 0,0128380 secs] 893223K->613913K(1013632K), 0,0129860 secs] [Times: user=0,07 sys=0,00, real=0,01 secs] 
2015-09-08T13:00:15.865+0200: 1028004,042: [GC2015-09-08T13:00:15.865+0200: 1028004,042: [ParNew: 287482K->8088K(314560K), 0,0114180 secs] 893529K->615128K(1013632K), 0,0115300 secs] [Times: user=0,07 sys=0,00, real=0,01 secs] 
2015-09-08T13:01:12.050+0200: 1028060,226: [GC2015-09-08T13:01:12.050+0200: 1028060,226: [ParNew: 287704K->8157K(314560K), 0,0110940 secs] 894744K->616188K(1013632K), 0,0112180 secs] [Times: user=0,09 sys=0,00, real=0,01 secs] 
2015-09-08T13:02:08.720+0200: 1028116,896: [GC2015-09-08T13:02:08.720+0200: 1028116,897: [ParNew: 287773K->8174K(314560K), 0,0114600 secs] 895804K->617099K(1013632K), 0,0116170 secs] [Times: user=0,07 sys=0,00, real=0,01 secs] 
2015-09-08T13:03:05.349+0200: 1028173,526: [GC2015-09-08T13:03:05.349+0200: 1028173,526: [ParNew: 287790K->8450K(314560K), 0,0107360 secs] 896715K->618282K(1013632K), 0,0108610 secs] [Times: user=0,08 sys=0,00, real=0,01 secs] 
2015-09-08T13:04:01.703+0200: 1028229,880: [GC2015-09-08T13:04:01.703+0200: 1028229,880: [ParNew: 288066K->9856K(314560K), 0,0113890 secs] 897898K->620594K(1013632K), 0,0115100 secs] [Times: user=0,09 sys=0,00, real=0,01 secs] 
2015-09-08T13:04:58.105+0200: 1028286,281: [GC2015-09-08T13:04:58.105+0200: 1028286,281: [ParNew: 289472K->7558K(314560K), 0,0114710 secs] 900210K->619212K(1013632K), 0,0116080 secs] [Times: user=0,07 sys=0,00, real=0,01 secs] 
2015-09-08T13:05:54.826+0200: 1028343,003: [GC2015-09-08T13:05:54.826+0200: 1028343,003: [ParNew: 287174K->9841K(314560K), 0,0320570 secs] 898828K->622416K(1013632K), 0,0321810 secs] [Times: user=0,07 sys=0,01, real=0,03 secs] 
2015-09-08T13:06:50.197+0200: 1028398,374: [GC2015-09-08T13:06:50.197+0200: 1028398,374: [ParNew: 289457K->8613K(314560K), 0,0086110 secs] 902032K->622093K(1013632K), 0,0087240 secs] [Times: user=0,06 sys=0,00, real=0,01 secs] 
2015-09-08T13:07:46.901+0200: 1028455,078: [GC2015-09-08T13:07:46.901+0200: 1028455,078: [ParNew: 288229K->9604K(314560K), 0,0115270 secs] 901709K->624051K(1013632K), 0,0116310 secs] [Times: user=0,07 sys=0,00, real=0,01 secs] 
2015-09-08T13:08:42.534+0200: 1028510,711: [GC2015-09-08T13:08:42.534+0200: 1028510,711: [ParNew: 289220K->8950K(314560K), 0,0106230 secs] 903667K->624412K(1013632K), 0,0107290 secs] [Times: user=0,07 sys=0,00, real=0,02 secs] 
2015-09-08T13:09:37.966+0200: 1028566,143: [GC2015-09-08T13:09:37.966+0200: 1028566,143: [ParNew: 288566K->8951K(314560K), 0,0104990 secs] 904028K->625418K(1013632K), 0,0105960 secs] [Times: user=0,06 sys=0,00, real=0,01 secs] 
2015-09-08T13:10:33.532+0200: 1028621,709: [GC2015-09-08T13:10:33.532+0200: 1028621,709: [ParNew: 288567K->8172K(314560K), 0,0086610 secs] 905034K->625557K(1013632K), 0,0087550 secs] [Times: user=0,05 sys=0,00, real=0,01 secs] 
2015-09-08T13:11:29.588+0200: 1028677,764: [GC2015-09-08T13:11:29.588+0200: 1028677,764: [ParNew: 287788K->8393K(314560K), 0,0116400 secs] 905173K->626708K(1013632K), 0,0117580 secs] [Times: user=0,08 sys=0,00, real=0,01 secs] 
2015-09-08T13:12:26.147+0200: 1028734,324: [GC2015-09-08T13:12:26.147+0200: 1028734,324: [ParNew: 288009K->8319K(314560K), 0,0129490 secs] 906324K->627519K(1013632K), 0,0130740 secs] [Times: user=0,10 sys=0,00, real=0,01 secs] 
2015-09-08T13:13:22.625+0200: 1028790,801: [GC2015-09-08T13:13:22.625+0200: 1028790,802: [ParNew: 287935K->8427K(314560K), 0,0123050 secs] 907135K->628529K(1013632K), 0,0124710 secs] [Times: user=0,08 sys=0,00, real=0,01 secs] 
2015-09-08T13:14:18.756+0200: 1028846,932: [GC2015-09-08T13:14:18.756+0200: 1028846,933: [ParNew: 288043K->9980K(314560K), 0,0105610 secs] 908145K->630994K(1013632K), 0,0106800 secs] [Times: user=0,09 sys=0,00, real=0,02 secs] 
2015-09-08T13:15:15.210+0200: 1028903,387: [GC2015-09-08T13:15:15.211+0200: 1028903,387: [ParNew: 289596K->7661K(314560K), 0,0101710 secs] 910610K->629565K(1013632K), 0,0103020 secs] [Times: user=0,07 sys=0,00, real=0,01 secs] 
2015-09-08T13:16:11.369+0200: 1028959,546: [GC2015-09-08T13:16:11.369+0200: 1028959,546: [ParNew: 287277K->10014K(314560K), 0,0115020 secs] 909181K->632870K(1013632K), 0,0116350 secs] [Times: user=0,07 sys=0,01, real=0,01 secs] 
2015-09-08T13:17:07.828+0200: 1029016,004: [GC2015-09-08T13:17:07.828+0200: 1029016,005: [ParNew: 289630K->7587K(314560K), 0,0107810 secs] 912486K->631427K(1013632K), 0,0109040 secs] [Times: user=0,08 sys=0,00, real=0,01 secs] 
2015-09-08T13:18:03.998+0200: 1029072,175: [GC2015-09-08T13:18:03.999+0200: 1029072,175: [ParNew: 287203K->10731K(314560K), 0,0129530 secs] 911043K->635574K(1013632K), 0,0130760 secs] [Times: user=0,08 sys=0,00, real=0,01 secs] 
2015-09-08T13:19:00.796+0200: 1029128,973: [GC2015-09-08T13:19:00.796+0200: 1029128,973: [ParNew: 290347K->7132K(314560K), 0,0105530 secs] 915190K->632883K(1013632K), 0,0106660 secs] [Times: user=0,06 sys=0,00, real=0,02 secs] 
2015-09-08T13:19:57.629+0200: 1029185,806: [GC2015-09-08T13:19:57.629+0200: 1029185,806: [ParNew: 286748K->8174K(314560K), 0,0118420 secs] 912499K->634835K(1013632K), 0,0119660 secs] [Times: user=0,08 sys=0,00, real=0,01 secs] 
2015-09-08T13:20:54.464+0200: 1029242,641: [GC2015-09-08T13:20:54.464+0200: 1029242,641: [ParNew: 287790K->7511K(314560K), 0,0106340 secs] 914451K->635090K(1013632K), 0,0107590 secs] [Times: user=0,08 sys=0,00, real=0,01 secs] 
2015-09-08T13:21:51.173+0200: 1029299,349: [GC2015-09-08T13:21:51.173+0200: 1029299,349: [ParNew: 287127K->9153K(314560K), 0,0101400 secs] 914706K->637640K(1013632K), 0,0102580 secs] [Times: user=0,07 sys=0,00, real=0,01 secs] 
2015-09-08T13:22:47.731+0200: 1029355,907: [GC2015-09-08T13:22:47.731+0200: 1029355,907: [ParNew: 288769K->9358K(314560K), 0,0103440 secs] 917256K->638749K(1013632K), 0,0104540 secs] [Times: user=0,08 sys=0,00, real=0,01 secs] 
2015-09-08T13:23:44.187+0200: 1029412,364: [GC2015-09-08T13:23:44.187+0200: 1029412,364: [ParNew: 288974K->9024K(314560K), 0,0105840 secs] 918365K->639298K(1013632K), 0,0107000 secs] [Times: user=0,09 sys=0,00, real=0,01 secs] 
2015-09-08T13:24:40.293+0200: 1029468,470: [GC2015-09-08T13:24:40.293+0200: 1029468,470: [ParNew: 288640K->8550K(314560K), 0,0120610 secs] 918914K->639814K(1013632K), 0,0121900 secs] [Times: user=0,09 sys=0,00, real=0,02 secs] 
2015-09-08T13:25:36.342+0200: 1029524,518: [GC2015-09-08T13:25:36.342+0200: 1029524,518: [ParNew: 288166K->8919K(314560K), 0,0117570 secs] 919430K->641183K(1013632K), 0,0118660 secs] [Times: user=0,08 sys=0,00, real=0,01 secs] 
2015-09-08T13:26:32.828+0200: 1029581,004: [GC2015-09-08T13:26:32.828+0200: 1029581,004: [ParNew: 288535K->9029K(314560K), 0,0112230 secs] 920799K->642298K(1013632K), 0,0113390 secs] [Times: user=0,07 sys=0,00, real=0,01 secs] 
2015-09-08T13:27:29.288+0200: 1029637,464: [GC2015-09-08T13:27:29.288+0200: 1029637,464: [ParNew: 288645K->6115K(314560K), 0,0101260 secs] 921914K->640319K(1013632K), 0,0102300 secs] [Times: user=0,08 sys=0,00, real=0,01 secs] 
2015-09-08T13:28:25.769+0200: 1029693,946: [GC2015-09-08T13:28:25.769+0200: 1029693,946: [ParNew: 285731K->6390K(314560K), 0,0094870 secs] 919935K->641360K(1013632K), 0,0096030 secs] [Times: user=0,07 sys=0,00, real=0,01 secs] 
2015-09-08T13:29:21.988+0200: 1029750,164: [GC2015-09-08T13:29:21.988+0200: 1029750,164: [ParNew: 286006K->6599K(314560K), 0,0054160 secs] 920976K->642553K(1013632K), 0,0054950 secs] [Times: user=0,02 sys=0,00, real=0,00 secs] 
2015-09-08T13:30:17.494+0200: 1029805,671: [GC2015-09-08T13:30:17.494+0200: 1029805,671: [ParNew: 286215K->5100K(314560K), 0,0071440 secs] 922169K->641536K(1013632K), 0,0072740 secs] [Times: user=0,07 sys=0,00, real=0,01 secs] 
2015-09-08T13:31:13.105+0200: 1029861,281: [GC2015-09-08T13:31:13.105+0200: 1029861,281: [ParNew: 284716K->5761K(314560K), 0,0084250 secs] 921152K->642698K(1013632K), 0,0085310 secs] [Times: user=0,04 sys=0,00, real=0,00 secs] 
2015-09-08T13:32:09.744+0200: 1029917,921: [GC2015-09-08T13:32:09.745+0200: 1029917,921: [ParNew: 285377K->5688K(314560K), 0,0090600 secs] 922314K->643139K(1013632K), 0,0092130 secs] [Times: user=0,05 sys=0,00, real=0,00 secs] 
2015-09-08T13:33:06.576+0200: 1029974,753: [GC2015-09-08T13:33:06.576+0200: 1029974,753: [ParNew: 285304K->5306K(314560K), 0,0086260 secs] 922755K->643500K(1013632K), 0,0087680 secs] [Times: user=0,06 sys=0,00, real=0,02 secs] 
2015-09-08T13:34:03.298+0200: 1030031,474: [GC2015-09-08T13:34:03.298+0200: 1030031,475: [ParNew: 284922K->6120K(314560K), 0,0077400 secs] 923116K->644863K(1013632K), 0,0078640 secs] [Times: user=0,06 sys=0,00, real=0,01 secs] 
2015-09-08T13:35:00.029+0200: 1030088,205: [GC2015-09-08T13:35:00.029+0200: 1030088,206: [ParNew: 285736K->6358K(314560K), 0,0097450 secs] 924479K->645531K(1013632K), 0,0098450 secs] [Times: user=0,06 sys=0,00, real=0,01 secs] 
2015-09-08T13:35:56.792+0200: 1030144,969: [GC2015-09-08T13:35:56.792+0200: 1030144,969: [ParNew: 285974K->7391K(314560K), 0,0083280 secs] 925147K->647040K(1013632K), 0,0084480 secs] [Times: user=0,06 sys=0,00, real=0,01 secs] 
2015-09-08T13:36:53.453+0200: 1030201,629: [GC2015-09-08T13:36:53.453+0200: 1030201,629: [ParNew: 287007K->7573K(314560K), 0,0083440 secs] 926656K->647709K(1013632K), 0,0084660 secs] [Times: user=0,06 sys=0,00, real=0,01 secs] 
2015-09-08T13:37:50.104+0200: 1030258,281: [GC2015-09-08T13:37:50.105+0200: 1030258,281: [ParNew: 287189K->7193K(314560K), 0,0077630 secs] 927325K->647868K(1013632K), 0,0079130 secs] [Times: user=0,03 sys=0,01, real=0,00 secs] 
2015-09-08T13:38:46.926+0200: 1030315,103: [GC2015-09-08T13:38:46.927+0200: 1030315,103: [ParNew: 286809K->8520K(314560K), 0,0102100 secs] 927484K->649892K(1013632K), 0,0103390 secs] [Times: user=0,07 sys=0,00, real=0,01 secs] 
2015-09-08T13:39:43.559+0200: 1030371,736: [GC2015-09-08T13:39:43.559+0200: 1030371,736: [ParNew: 288136K->9777K(314560K), 0,0119550 secs] 929508K->651962K(1013632K), 0,0120830 secs] [Times: user=0,08 sys=0,00, real=0,01 secs] 
2015-09-08T13:40:40.352+0200: 1030428,528: [GC2015-09-08T13:40:40.352+0200: 1030428,528: [ParNew: 289393K->9444K(314560K), 0,0124620 secs] 931578K->652543K(1013632K), 0,0126200 secs] [Times: user=0,08 sys=0,00, real=0,01 secs] 
2015-09-08T13:41:37.016+0200: 1030485,192: [GC2015-09-08T13:41:37.016+0200: 1030485,192: [ParNew: 289060K->8894K(314560K), 0,0152760 secs] 932159K->652984K(1013632K), 0,0158720 secs] [Times: user=0,10 sys=0,00, real=0,02 secs] 
2015-09-08T13:41:37.032+0200: 1030485,208: [GC [1 CMS-initial-mark: 644090K(699072K)] 655388K(1013632K), 0,0095270 secs] [Times: user=0,00 sys=0,00, real=0,01 secs] 
2015-09-08T13:41:37.041+0200: 1030485,218: [CMS-concurrent-mark-start]
2015-09-08T13:41:37.082+0200: 1030485,258: [CMS-concurrent-mark: 0,039/0,040 secs] [Times: user=0,04 sys=0,00, real=0,04 secs] 
2015-09-08T13:41:37.082+0200: 1030485,258: [CMS-concurrent-preclean-start]
2015-09-08T13:41:37.112+0200: 1030485,288: [CMS-concurrent-preclean: 0,030/0,030 secs] [Times: user=0,00 sys=0,00, real=0,03 secs] 
2015-09-08T13:41:37.112+0200: 1030485,288: [CMS-concurrent-abortable-preclean-start]
 CMS: abort preclean due to time 2015-09-08T13:41:42.121+0200: 1030490,297: [CMS-concurrent-abortable-preclean: 2,707/5,009 secs] [Times: user=3,37 sys=0,00, real=5,01 secs] 
2015-09-08T13:41:42.121+0200: 1030490,297: [GC[YG occupancy: 36876 K (314560 K)]2015-09-08T13:41:42.121+0200: 1030490,297: [GC2015-09-08T13:41:42.121+0200: 1030490,297: [ParNew: 36876K->8200K(314560K), 0,0056220 secs] 680966K->653280K(1013632K), 0,0056770 secs] [Times: user=0,04 sys=0,00, real=0,01 secs] 
2015-09-08T13:41:42.126+0200: 1030490,303: [Rescan (parallel) , 0,0035950 secs]2015-09-08T13:41:42.130+0200: 1030490,307: [weak refs processing, 0,0000420 secs]2015-09-08T13:41:42.130+0200: 1030490,307: [class unloading, 0,0017070 secs]2015-09-08T13:41:42.132+0200: 1030490,308: [scrub symbol table, 0,0011690 secs]2015-09-08T13:41:42.133+0200: 1030490,310: [scrub string table, 0,0001680 secs] [1 CMS-remark: 645080K(699072K)] 653280K(1013632K), 0,0129760 secs] [Times: user=0,04 sys=0,00, real=0,01 secs] 
2015-09-08T13:41:42.134+0200: 1030490,310: [CMS-concurrent-sweep-start]
2015-09-08T13:41:42.760+0200: 1030490,937: [CMS-concurrent-sweep: 0,626/0,626 secs] [Times: user=0,75 sys=0,00, real=0,63 secs] 
2015-09-08T13:41:42.760+0200: 1030490,937: [CMS-concurrent-reset-start]
2015-09-08T13:41:42.761+0200: 1030490,938: [CMS-concurrent-reset: 0,001/0,001 secs] [Times: user=0,00 sys=0,00, real=0,00 secs] 
2015-09-08T13:42:38.770+0200: 1030546,946: [GC2015-09-08T13:42:38.770+0200: 1030546,946: [ParNew: 287816K->7955K(314560K), 0,0097880 secs] 294238K->15362K(1013632K), 0,0099130 secs] [Times: user=0,08 sys=0,00, real=0,01 secs] 
2015-09-08T13:43:35.289+0200: 1030603,466: [GC2015-09-08T13:43:35.289+0200: 1030603,466: [ParNew: 287571K->7712K(314560K), 0,0101920 secs] 294978K->16041K(1013632K), 0,0103160 secs] [Times: user=0,06 sys=0,00, real=0,01 secs] 
2015-09-08T13:44:31.544+0200: 1030659,721: [GC2015-09-08T13:44:31.544+0200: 1030659,721: [ParNew: 287328K->6588K(314560K), 0,0096170 secs] 295657K->15835K(1013632K), 0,0097370 secs] [Times: user=0,08 sys=0,00, real=0,01 secs] 
2015-09-08T13:45:28.105+0200: 1030716,281: [GC2015-09-08T13:45:28.105+0200: 1030716,281: [ParNew: 286204K->7724K(314560K), 0,0100200 secs] 295451K->17882K(1013632K), 0,0101390 secs] [Times: user=0,06 sys=0,01, real=0,00 secs] 
2015-09-08T13:46:24.433+0200: 1030772,610: [GC2015-09-08T13:46:24.433+0200: 1030772,610: [ParNew: 287340K->7210K(314560K), 0,0093260 secs] 297498K->18283K(1013632K), 0,0094420 secs] [Times: user=0,07 sys=0,00, real=0,01 secs] 
2015-09-08T13:47:20.775+0200: 1030828,951: [GC2015-09-08T13:47:20.775+0200: 1030828,951: [ParNew: 286826K->9141K(314560K), 0,0094150 secs] 297899K->20298K(1013632K), 0,0095460 secs] [Times: user=0,06 sys=0,00, real=0,01 secs] 
2015-09-08T13:48:17.019+0200: 1030885,195: [GC2015-09-08T13:48:17.019+0200: 1030885,195: [ParNew: 288757K->9044K(314560K), 0,0152280 secs] 299914K->21106K(1013632K), 0,0153210 secs] [Times: user=0,08 sys=0,00, real=0,01 secs] 
2015-09-08T13:49:13.389+0200: 1030941,565: [GC2015-09-08T13:49:13.389+0200: 1030941,565: [ParNew: 288660K->8700K(314560K), 0,0104960 secs] 300722K->21696K(1013632K), 0,0106210 secs] [Times: user=0,08 sys=0,00, real=0,01 secs] 
2015-09-08T13:50:09.607+0200: 1030997,783: [GC2015-09-08T13:50:09.607+0200: 1030997,783: [ParNew: 288316K->8836K(314560K), 0,0108290 secs] 301312K->22820K(1013632K), 0,0109500 secs] [Times: user=0,10 sys=0,00, real=0,01 secs] 
2015-09-08T13:51:06.154+0200: 1031054,331: [GC2015-09-08T13:51:06.154+0200: 1031054,331: [ParNew: 288452K->9615K(314560K), 0,0101520 secs] 302436K->24597K(1013632K), 0,0102810 secs] [Times: user=0,08 sys=0,00, real=0,02 secs] 
2015-09-08T13:52:01.673+0200: 1031109,849: [GC2015-09-08T13:52:01.673+0200: 1031109,849: [ParNew: 289231K->8147K(314560K), 0,0108730 secs] 304213K->24037K(1013632K), 0,0109940 secs] [Times: user=0,07 sys=0,00, real=0,01 secs] 
2015-09-08T13:52:57.828+0200: 1031166,004: [GC2015-09-08T13:52:57.828+0200: 1031166,004: [ParNew: 287763K->9084K(314560K), 0,0115650 secs] 303653K->25873K(1013632K), 0,0116950 secs] [Times: user=0,08 sys=0,00, real=0,01 secs] 
2015-09-08T13:53:54.206+0200: 1031222,382: [GC2015-09-08T13:53:54.206+0200: 1031222,382: [ParNew: 288700K->8367K(314560K), 0,0120910 secs] 305489K->26061K(1013632K), 0,0122100 secs] [Times: user=0,09 sys=0,00, real=0,01 secs] 
2015-09-08T13:54:50.351+0200: 1031278,528: [GC2015-09-08T13:54:50.352+0200: 1031278,528: [ParNew: 287983K->8451K(314560K), 0,0111200 secs] 305677K->27042K(1013632K), 0,0112400 secs] [Times: user=0,09 sys=0,00, real=0,01 secs] 
2015-09-08T13:55:47.171+0200: 1031335,347: [GC2015-09-08T13:55:47.171+0200: 1031335,347: [ParNew: 288067K->8576K(314560K), 0,0111320 secs] 306658K->28072K(1013632K), 0,0112530 secs] [Times: user=0,09 sys=0,00, real=0,01 secs] 
2015-09-08T13:56:43.727+0200: 1031391,903: [GC2015-09-08T13:56:43.727+0200: 1031391,903: [ParNew: 288192K->9462K(314560K), 0,0150060 secs] 307688K->29873K(1013632K), 0,0151230 secs] [Times: user=0,12 sys=0,00, real=0,01 secs] 
2015-09-08T13:57:40.427+0200: 1031448,604: [GC2015-09-08T13:57:40.427+0200: 1031448,604: [ParNew: 289078K->8860K(314560K), 0,0064830 secs] 309489K->30222K(1013632K), 0,0065730 secs] [Times: user=0,06 sys=0,00, real=0,00 secs] 
2015-09-08T13:58:37.053+0200: 1031505,230: [GC2015-09-08T13:58:37.053+0200: 1031505,230: [ParNew: 288476K->9688K(314560K), 0,0093160 secs] 309838K->32048K(1013632K), 0,0094180 secs] [Times: user=0,06 sys=0,00, real=0,01 secs] 
2015-09-08T13:59:33.685+0200: 1031561,862: [GC2015-09-08T13:59:33.685+0200: 1031561,862: [ParNew: 289304K->8216K(314560K), 0,0117050 secs] 311664K->31565K(1013632K), 0,0118290 secs] [Times: user=0,08 sys=0,00, real=0,01 secs] 
2015-09-08T14:00:30.519+0200: 1031618,696: [GC2015-09-08T14:00:30.520+0200: 1031618,696: [ParNew: 287832K->7481K(314560K), 0,0113760 secs] 311181K->31737K(1013632K), 0,0115010 secs] [Times: user=0,10 sys=0,00, real=0,01 secs] 
2015-09-08T14:01:27.353+0200: 1031675,530: [GC2015-09-08T14:01:27.353+0200: 1031675,530: [ParNew: 287097K->9196K(314560K), 0,0123310 secs] 311353K->34386K(1013632K), 0,0124520 secs] [Times: user=0,09 sys=0,00, real=0,02 secs] 
2015-09-08T14:02:23.988+0200: 1031732,164: [GC2015-09-08T14:02:23.988+0200: 1031732,164: [ParNew: 288812K->9849K(314560K), 0,0123640 secs] 314002K->35951K(1013632K), 0,0124870 secs] [Times: user=0,08 sys=0,00, real=0,01 secs] 
2015-09-08T14:03:20.622+0200: 1031788,799: [GC2015-09-08T14:03:20.622+0200: 1031788,799: [ParNew: 289465K->7094K(314560K), 0,0112430 secs] 315567K->34108K(1013632K), 0,0113570 secs] [Times: user=0,10 sys=0,00, real=0,01 secs] 
2015-09-08T14:04:17.346+0200: 1031845,522: [GC2015-09-08T14:04:17.346+0200: 1031845,523: [ParNew: 286710K->7840K(314560K), 0,0105660 secs] 313724K->35764K(1013632K), 0,0106820 secs] [Times: user=0,06 sys=0,01, real=0,01 secs] 
2015-09-08T14:05:13.893+0200: 1031902,069: [GC2015-09-08T14:05:13.893+0200: 1031902,069: [ParNew: 287456K->9310K(314560K), 0,0118640 secs] 315380K->38147K(1013632K), 0,0119820 secs] [Times: user=0,07 sys=0,00, real=0,02 secs] 
2015-09-08T14:06:10.161+0200: 1031958,338: [GC2015-09-08T14:06:10.162+0200: 1031958,338: [ParNew: 288926K->8886K(314560K), 0,0098530 secs] 317763K->38687K(1013632K), 0,0099570 secs] [Times: user=0,06 sys=0,00, real=0,01 secs] 
2015-09-08T14:07:06.921+0200: 1032015,097: [GC2015-09-08T14:07:06.921+0200: 1032015,097: [ParNew: 288502K->8241K(314560K), 0,0119020 secs] 318303K->39048K(1013632K), 0,0120450 secs] [Times: user=0,08 sys=0,00, real=0,01 secs] 
2015-09-08T14:08:02.830+0200: 1032071,006: [GC2015-09-08T14:08:02.830+0200: 1032071,006: [ParNew: 287857K->8998K(314560K), 0,0132290 secs] 318664K->40808K(1013632K), 0,0133520 secs] [Times: user=0,09 sys=0,00, real=0,01 secs] 
2015-09-08T14:08:59.408+0200: 1032127,585: [GC2015-09-08T14:08:59.408+0200: 1032127,585: [ParNew: 288614K->9736K(314560K), 0,0121880 secs] 320424K->42457K(1013632K), 0,0123010 secs] [Times: user=0,06 sys=0,00, real=0,01 secs] 
2015-09-08T14:09:55.129+0200: 1032183,305: [GC2015-09-08T14:09:55.129+0200: 1032183,305: [ParNew: 289352K->7621K(314560K), 0,0133020 secs] 322073K->41281K(1013632K), 0,0134280 secs] [Times: user=0,08 sys=0,00, real=0,01 secs] 
2015-09-08T14:10:51.819+0200: 1032239,996: [GC2015-09-08T14:10:51.819+0200: 1032239,996: [ParNew: 287237K->8926K(314560K), 0,0145660 secs] 320897K->43508K(1013632K), 0,0146870 secs] [Times: user=0,07 sys=0,00, real=0,01 secs] 
2015-09-08T14:11:48.239+0200: 1032296,415: [GC2015-09-08T14:11:48.239+0200: 1032296,415: [ParNew: 288542K->9012K(314560K), 0,0114510 secs] 323124K->44503K(1013632K), 0,0115700 secs] [Times: user=0,08 sys=0,00, real=0,01 secs] 
2015-09-08T14:12:44.461+0200: 1032352,637: [GC2015-09-08T14:12:44.461+0200: 1032352,637: [ParNew: 288628K->8574K(314560K), 0,0122360 secs] 324119K->44968K(1013632K), 0,0123560 secs] [Times: user=0,07 sys=0,00, real=0,01 secs] 
2015-09-08T14:13:40.515+0200: 1032408,692: [GC2015-09-08T14:13:40.515+0200: 1032408,692: [ParNew: 288190K->10212K(314560K), 0,0134700 secs] 324584K->47512K(1013632K), 0,0135970 secs] [Times: user=0,08 sys=0,00, real=0,02 secs] 
2015-09-08T14:14:36.567+0200: 1032464,743: [GC2015-09-08T14:14:36.567+0200: 1032464,743: [ParNew: 289828K->7399K(314560K), 0,0091200 secs] 327128K->45683K(1013632K), 0,0092280 secs] [Times: user=0,05 sys=0,00, real=0,00 secs] 
2015-09-08T14:15:33.105+0200: 1032521,281: [GC2015-09-08T14:15:33.105+0200: 1032521,281: [ParNew: 287015K->9496K(314560K), 0,0115370 secs] 325299K->48761K(1013632K), 0,0116570 secs] [Times: user=0,07 sys=0,00, real=0,01 secs] 
2015-09-08T14:16:29.765+0200: 1032577,942: [GC2015-09-08T14:16:29.765+0200: 1032577,942: [ParNew: 289112K->8813K(314560K), 0,0120020 secs] 328377K->49091K(1013632K), 0,0121570 secs] [Times: user=0,08 sys=0,00, real=0,01 secs] 
2015-09-08T14:17:26.532+0200: 1032634,708: [GC2015-09-08T14:17:26.532+0200: 1032634,709: [ParNew: 288429K->8959K(314560K), 0,0122110 secs] 328707K->50144K(1013632K), 0,0123370 secs] [Times: user=0,08 sys=0,00, real=0,01 secs] 
2015-09-08T14:18:23.091+0200: 1032691,267: [GC2015-09-08T14:18:23.091+0200: 1032691,267: [ParNew: 288575K->8554K(314560K), 0,0102600 secs] 329760K->50663K(1013632K), 0,0103790 secs] [Times: user=0,08 sys=0,00, real=0,01 secs] 
2015-09-08T14:19:19.845+0200: 1032748,021: [GC2015-09-08T14:19:19.845+0200: 1032748,022: [ParNew: 288170K->9234K(314560K), 0,0104890 secs] 330279K->52266K(1013632K), 0,0105960 secs] [Times: user=0,07 sys=0,00, real=0,00 secs] 
2015-09-08T14:20:16.678+0200: 1032804,854: [GC2015-09-08T14:20:16.678+0200: 1032804,854: [ParNew: 288850K->8590K(314560K), 0,0096320 secs] 331882K->52551K(1013632K), 0,0097380 secs] [Times: user=0,06 sys=0,00, real=0,01 secs] 
2015-09-08T14:21:12.844+0200: 1032861,021: [GC2015-09-08T14:21:12.845+0200: 1032861,021: [ParNew: 288206K->7967K(314560K), 0,0111550 secs] 332167K->52844K(1013632K), 0,0112860 secs] [Times: user=0,07 sys=0,00, real=0,00 secs] 
2015-09-08T14:22:09.531+0200: 1032917,708: [GC2015-09-08T14:22:09.531+0200: 1032917,708: [ParNew: 287583K->10293K(314560K), 0,0468990 secs] 332460K->56080K(1013632K), 0,0470030 secs] [Times: user=0,10 sys=0,00, real=0,05 secs] 
2015-09-08T14:23:06.291+0200: 1032974,468: [GC2015-09-08T14:23:06.291+0200: 1032974,468: [ParNew: 289909K->7933K(314560K), 0,0117970 secs] 335696K->54727K(1013632K), 0,0119240 secs] [Times: user=0,10 sys=0,00, real=0,01 secs] 
2015-09-08T14:24:02.697+0200: 1033030,874: [GC2015-09-08T14:24:02.697+0200: 1033030,874: [ParNew: 287549K->8439K(314560K), 0,0113060 secs] 334343K->56224K(1013632K), 0,0114280 secs] [Times: user=0,08 sys=0,00, real=0,01 secs] 
2015-09-08T14:24:59.429+0200: 1033087,606: [GC2015-09-08T14:24:59.430+0200: 1033087,606: [ParNew: 288055K->8465K(314560K), 0,0118450 secs] 335840K->57155K(1013632K), 0,0119610 secs] [Times: user=0,08 sys=0,00, real=0,01 secs] 
2015-09-08T14:25:55.989+0200: 1033144,165: [GC2015-09-08T14:25:55.989+0200: 1033144,165: [ParNew: 288081K->7533K(314560K), 0,0149760 secs] 336771K->57145K(1013632K), 0,0150990 secs] [Times: user=0,08 sys=0,00, real=0,01 secs] 
2015-09-08T14:26:52.688+0200: 1033200,864: [GC2015-09-08T14:26:52.688+0200: 1033200,864: [ParNew: 287149K->6307K(314560K), 0,0105250 secs] 336761K->56848K(1013632K), 0,0106420 secs] [Times: user=0,09 sys=0,00, real=0,01 secs] 
2015-09-08T14:27:49.122+0200: 1033257,298: [GC2015-09-08T14:27:49.122+0200: 1033257,299: [ParNew: 285923K->6999K(314560K), 0,0094530 secs] 336464K->58603K(1013632K), 0,0095620 secs] [Times: user=0,06 sys=0,00, real=0,01 secs] 
2015-09-08T14:28:45.169+0200: 1033313,345: [GC2015-09-08T14:28:45.169+0200: 1033313,345: [ParNew: 286615K->7220K(314560K), 0,0086890 secs] 338219K->59311K(1013632K), 0,0088030 secs] [Times: user=0,04 sys=0,00, real=0,01 secs] 
2015-09-08T14:29:41.964+0200: 1033370,140: [GC2015-09-08T14:29:41.964+0200: 1033370,140: [ParNew: 286836K->7059K(314560K), 0,0110870 secs] 338927K->60153K(1013632K), 0,0112250 secs] [Times: user=0,08 sys=0,00, real=0,01 secs] 
2015-09-08T14:30:38.105+0200: 1033426,281: [GC2015-09-08T14:30:38.105+0200: 1033426,281: [ParNew: 286675K->7149K(314560K), 0,0084460 secs] 339769K->60743K(1013632K), 0,0085700 secs] [Times: user=0,06 sys=0,00, real=0,00 secs] 
2015-09-08T14:31:34.789+0200: 1033482,966: [GC2015-09-08T14:31:34.789+0200: 1033482,966: [ParNew: 286765K->5398K(314560K), 0,0074970 secs] 340359K->59599K(1013632K), 0,0076120 secs] [Times: user=0,07 sys=0,00, real=0,01 secs] 
2015-09-08T14:32:31.325+0200: 1033539,501: [GC2015-09-08T14:32:31.325+0200: 1033539,501: [ParNew: 285014K->6350K(314560K), 0,0095750 secs] 339215K->61193K(1013632K), 0,0096900 secs] [Times: user=0,06 sys=0,00, real=0,00 secs] 
2015-09-08T14:33:27.377+0200: 1033595,554: [GC2015-09-08T14:33:27.377+0200: 1033595,554: [ParNew: 285966K->5744K(314560K), 0,0103290 secs] 340809K->61199K(1013632K), 0,0104550 secs] [Times: user=0,05 sys=0,00, real=0,01 secs] 
2015-09-08T14:34:24.052+0200: 1033652,228: [GC2015-09-08T14:34:24.052+0200: 1033652,228: [ParNew: 285360K->5504K(314560K), 0,0094290 secs] 340815K->61623K(1013632K), 0,0095540 secs] [Times: user=0,07 sys=0,00, real=0,01 secs] 
2015-09-08T14:35:20.708+0200: 1033708,884: [GC2015-09-08T14:35:20.708+0200: 1033708,884: [ParNew: 285120K->6321K(314560K), 0,0089090 secs] 341239K->62908K(1013632K), 0,0090360 secs] [Times: user=0,06 sys=0,00, real=0,01 secs] 
2015-09-08T14:36:17.354+0200: 1033765,530: [GC2015-09-08T14:36:17.354+0200: 1033765,530: [ParNew: 285937K->7949K(314560K), 0,0080720 secs] 342524K->65004K(1013632K), 0,0081880 secs] [Times: user=0,07 sys=0,00, real=0,01 secs] 
2015-09-08T14:37:14.103+0200: 1033822,280: [GC2015-09-08T14:37:14.103+0200: 1033822,280: [ParNew: 287565K->6124K(314560K), 0,0090310 secs] 344620K->63685K(1013632K), 0,0091760 secs] [Times: user=0,07 sys=0,00, real=0,01 secs] 
2015-09-08T14:38:10.727+0200: 1033878,903: [GC2015-09-08T14:38:10.727+0200: 1033878,903: [ParNew: 285740K->8428K(314560K), 0,0099070 secs] 343301K->66599K(1013632K), 0,0100260 secs] [Times: user=0,06 sys=0,00, real=0,01 secs] 
2015-09-08T14:39:07.294+0200: 1033935,470: [GC2015-09-08T14:39:07.294+0200: 1033935,471: [ParNew: 288044K->9155K(314560K), 0,0097800 secs] 346215K->67949K(1013632K), 0,0098900 secs] [Times: user=0,07 sys=0,00, real=0,01 secs] 
2015-09-08T14:40:03.668+0200: 1033991,844: [GC2015-09-08T14:40:03.668+0200: 1033991,844: [ParNew: 288771K->9240K(314560K), 0,0110580 secs] 347565K->68927K(1013632K), 0,0111730 secs] [Times: user=0,10 sys=0,00, real=0,01 secs] 
2015-09-08T14:41:00.302+0200: 1034048,479: [GC2015-09-08T14:41:00.302+0200: 1034048,479: [ParNew: 288856K->8813K(314560K), 0,0108510 secs] 348543K->69479K(1013632K), 0,0109710 secs] [Times: user=0,10 sys=0,00, real=0,01 secs] 
2015-09-08T14:41:56.950+0200: 1034105,126: [GC2015-09-08T14:41:56.950+0200: 1034105,126: [ParNew: 288429K->8150K(314560K), 0,0115340 secs] 349095K->69716K(1013632K), 0,0116770 secs] [Times: user=0,09 sys=0,00, real=0,01 secs] 
2015-09-08T14:42:53.406+0200: 1034161,582: [GC2015-09-08T14:42:53.406+0200: 1034161,582: [ParNew: 287766K->9102K(314560K), 0,0103990 secs] 349332K->71570K(1013632K), 0,0105290 secs] [Times: user=0,08 sys=0,00, real=0,01 secs] 
2015-09-08T14:43:49.833+0200: 1034218,009: [GC2015-09-08T14:43:49.833+0200: 1034218,009: [ParNew: 288718K->9104K(314560K), 0,0115940 secs] 351186K->72491K(1013632K), 0,0117140 secs] [Times: user=0,07 sys=0,00, real=0,02 secs] 
2015-09-08T14:44:46.500+0200: 1034274,676: [GC2015-09-08T14:44:46.500+0200: 1034274,676: [ParNew: 288720K->9160K(314560K), 0,0106620 secs] 352107K->73449K(1013632K), 0,0108140 secs] [Times: user=0,09 sys=0,00, real=0,01 secs] 
2015-09-08T14:45:43.047+0200: 1034331,223: [GC2015-09-08T14:45:43.047+0200: 1034331,223: [ParNew: 288776K->9270K(314560K), 0,0241900 secs] 353065K->74468K(1013632K), 0,0243030 secs] [Times: user=0,15 sys=0,00, real=0,02 secs] 
2015-09-08T14:46:39.714+0200: 1034387,890: [GC2015-09-08T14:46:39.714+0200: 1034387,890: [ParNew: 288886K->8681K(314560K), 0,0108510 secs] 354084K->74781K(1013632K), 0,0109790 secs] [Times: user=0,07 sys=0,00, real=0,02 secs] 
2015-09-08T14:47:36.272+0200: 1034444,448: [GC2015-09-08T14:47:36.272+0200: 1034444,448: [ParNew: 288297K->8812K(314560K), 0,0104510 secs] 354397K->75853K(1013632K), 0,0105710 secs] [Times: user=0,10 sys=0,00, real=0,01 secs] 
2015-09-08T14:48:32.828+0200: 1034501,005: [GC2015-09-08T14:48:32.828+0200: 1034501,005: [ParNew: 288428K->8890K(314560K), 0,0119270 secs] 355469K->76926K(1013632K), 0,0120470 secs] [Times: user=0,09 sys=0,00, real=0,01 secs] 
2015-09-08T14:49:29.388+0200: 1034557,565: [GC2015-09-08T14:49:29.388+0200: 1034557,565: [ParNew: 288506K->9655K(314560K), 0,0131070 secs] 356542K->78683K(1013632K), 0,0132100 secs] [Times: user=0,09 sys=0,00, real=0,01 secs] 
2015-09-08T14:50:26.070+0200: 1034614,247: [GC2015-09-08T14:50:26.071+0200: 1034614,247: [ParNew: 289271K->8183K(314560K), 0,0096830 secs] 358299K->78113K(1013632K), 0,0097990 secs] [Times: user=0,06 sys=0,00, real=0,01 secs] 
2015-09-08T14:51:22.501+0200: 1034670,678: [GC2015-09-08T14:51:22.501+0200: 1034670,678: [ParNew: 287799K->8427K(314560K), 0,0191490 secs] 357729K->79270K(1013632K), 0,0192940 secs] [Times: user=0,11 sys=0,00, real=0,02 secs] 
2015-09-08T14:52:19.142+0200: 1034727,319: [GC2015-09-08T14:52:19.142+0200: 1034727,319: [ParNew: 288043K->9092K(314560K), 0,0097950 secs] 358886K->80845K(1013632K), 0,0099440 secs] [Times: user=0,06 sys=0,00, real=0,01 secs] 
2015-09-08T14:53:15.612+0200: 1034783,789: [GC2015-09-08T14:53:15.612+0200: 1034783,789: [ParNew: 288708K->9183K(314560K), 0,0177000 secs] 360461K->81834K(1013632K), 0,0178230 secs] [Times: user=0,12 sys=0,00, real=0,02 secs] 
2015-09-08T14:54:12.181+0200: 1034840,357: [GC2015-09-08T14:54:12.181+0200: 1034840,357: [ParNew: 288799K->9326K(314560K), 0,0123140 secs] 361450K->82891K(1013632K), 0,0124250 secs] [Times: user=0,08 sys=0,00, real=0,01 secs] 
2015-09-08T14:55:08.740+0200: 1034896,917: [GC2015-09-08T14:55:08.740+0200: 1034896,917: [ParNew: 288942K->8749K(314560K), 0,0129010 secs] 362507K->83228K(1013632K), 0,0130300 secs] [Times: user=0,10 sys=0,00, real=0,01 secs] 
2015-09-08T14:56:05.305+0200: 1034953,481: [GC2015-09-08T14:56:05.305+0200: 1034953,481: [ParNew: 288365K->8884K(314560K), 0,0109030 secs] 362844K->84312K(1013632K), 0,0110200 secs] [Times: user=0,06 sys=0,00, real=0,00 secs] 
2015-09-08T14:57:01.864+0200: 1035010,041: [GC2015-09-08T14:57:01.864+0200: 1035010,041: [ParNew: 288500K->8962K(314560K), 0,0113520 secs] 363928K->85386K(1013632K), 0,0114730 secs] [Times: user=0,08 sys=0,00, real=0,01 secs] 
2015-09-08T14:57:58.105+0200: 1035066,281: [GC2015-09-08T14:57:58.105+0200: 1035066,281: [ParNew: 288578K->9748K(314560K), 0,0128010 secs] 365002K->87168K(1013632K), 0,0129170 secs] [Times: user=0,09 sys=0,00, real=0,01 secs] 
2015-09-08T14:58:54.367+0200: 1035122,544: [GC2015-09-08T14:58:54.367+0200: 1035122,544: [ParNew: 289364K->9754K(314560K), 0,0141530 secs] 366784K->88090K(1013632K), 0,0142810 secs] [Times: user=0,08 sys=0,00, real=0,01 secs] 
2015-09-08T14:59:51.126+0200: 1035179,303: [GC2015-09-08T14:59:51.126+0200: 1035179,303: [ParNew: 289370K->7159K(314560K), 0,0093420 secs] 367706K->86423K(1013632K), 0,0094500 secs] [Times: user=0,08 sys=0,00, real=0,00 secs] 
2015-09-08T15:00:47.828+0200: 1035236,004: [GC2015-09-08T15:00:47.828+0200: 1035236,005: [ParNew: 286775K->7658K(314560K), 0,0115800 secs] 366039K->87843K(1013632K), 0,0116890 secs] [Times: user=0,08 sys=0,00, real=0,01 secs] 
2015-09-08T15:01:44.387+0200: 1035292,563: [GC2015-09-08T15:01:44.387+0200: 1035292,563: [ParNew: 287274K->8999K(314560K), 0,0184440 secs] 367459K->90090K(1013632K), 0,0185640 secs] [Times: user=0,09 sys=0,00, real=0,02 secs] 
2015-09-08T15:02:40.619+0200: 1035348,795: [GC2015-09-08T15:02:40.619+0200: 1035348,795: [ParNew: 288615K->9286K(314560K), 0,0106720 secs] 369706K->91304K(1013632K), 0,0108010 secs] [Times: user=0,09 sys=0,00, real=0,01 secs] 
2015-09-08T15:03:36.666+0200: 1035404,843: [GC2015-09-08T15:03:36.666+0200: 1035404,843: [ParNew: 288902K->9445K(314560K), 0,0108040 secs] 370920K->92370K(1013632K), 0,0109180 secs] [Times: user=0,08 sys=0,00, real=0,01 secs] 
2015-09-08T15:04:33.105+0200: 1035461,281: [GC2015-09-08T15:04:33.105+0200: 1035461,281: [ParNew: 289061K->8111K(314560K), 0,0094250 secs] 371986K->91987K(1013632K), 0,0095290 secs] [Times: user=0,08 sys=0,00, real=0,00 secs] 
2015-09-08T15:05:29.819+0200: 1035517,995: [GC2015-09-08T15:05:29.819+0200: 1035517,995: [ParNew: 287727K->9670K(314560K), 0,0119730 secs] 371603K->94546K(1013632K), 0,0121080 secs] [Times: user=0,09 sys=0,00, real=0,01 secs] 
2015-09-08T15:06:26.488+0200: 1035574,665: [GC2015-09-08T15:06:26.488+0200: 1035574,665: [ParNew: 289286K->9688K(314560K), 0,0165190 secs] 374162K->95558K(1013632K), 0,0166300 secs] [Times: user=0,09 sys=0,00, real=0,02 secs] 
2015-09-08T15:07:22.709+0200: 1035630,886: [GC2015-09-08T15:07:22.709+0200: 1035630,886: [ParNew: 289304K->8209K(314560K), 0,0150490 secs] 375174K->94993K(1013632K), 0,0151450 secs] [Times: user=0,07 sys=0,00, real=0,01 secs] 
2015-09-08T15:08:19.349+0200: 1035687,525: [GC2015-09-08T15:08:19.349+0200: 1035687,525: [ParNew: 287825K->9889K(314560K), 0,0092760 secs] 374609K->97592K(1013632K), 0,0094130 secs] [Times: user=0,07 sys=0,00, real=0,01 secs] 
2015-09-08T15:09:15.522+0200: 1035743,699: [GC2015-09-08T15:09:15.522+0200: 1035743,699: [ParNew: 289505K->7033K(314560K), 0,0108220 secs] 377208K->95644K(1013632K), 0,0109650 secs] [Times: user=0,10 sys=0,00, real=0,01 secs] 
2015-09-08T15:10:12.081+0200: 1035800,257: [GC2015-09-08T15:10:12.081+0200: 1035800,257: [ParNew: 286649K->9006K(314560K), 0,0111540 secs] 375260K->98525K(1013632K), 0,0113020 secs] [Times: user=0,06 sys=0,00, real=0,01 secs] 
2015-09-08T15:11:08.636+0200: 1035856,813: [GC2015-09-08T15:11:08.636+0200: 1035856,813: [ParNew: 288622K->9852K(314560K), 0,0127150 secs] 378141K->100281K(1013632K), 0,0128280 secs] [Times: user=0,09 sys=0,00, real=0,01 secs] 
2015-09-08T15:12:05.446+0200: 1035913,622: [GC2015-09-08T15:12:05.446+0200: 1035913,622: [ParNew: 289468K->7668K(314560K), 0,0110120 secs] 379897K->99013K(1013632K), 0,0111440 secs] [Times: user=0,08 sys=0,00, real=0,01 secs] 
2015-09-08T15:13:02.242+0200: 1035970,418: [GC2015-09-08T15:13:02.242+0200: 1035970,418: [ParNew: 287284K->8715K(314560K), 0,0121860 secs] 378629K->101040K(1013632K), 0,0123130 secs] [Times: user=0,08 sys=0,00, real=0,01 secs] 
2015-09-08T15:13:58.900+0200: 1036027,076: [GC2015-09-08T15:13:58.900+0200: 1036027,077: [ParNew: 288331K->8015K(314560K), 0,0092550 secs] 380656K->101328K(1013632K), 0,0093570 secs] [Times: user=0,06 sys=0,00, real=0,01 secs] 
2015-09-08T15:14:55.731+0200: 1036083,908: [GC2015-09-08T15:14:55.732+0200: 1036083,908: [ParNew: 287631K->8934K(314560K), 0,0110250 secs] 380944K->103237K(1013632K), 0,0111490 secs] [Times: user=0,09 sys=0,00, real=0,01 secs] 
2015-09-08T15:15:52.398+0200: 1036140,574: [GC2015-09-08T15:15:52.398+0200: 1036140,574: [ParNew: 288550K->9734K(314560K), 0,0211040 secs] 382853K->104965K(1013632K), 0,0212260 secs] [Times: user=0,14 sys=0,00, real=0,02 secs] 
2015-09-08T15:16:48.966+0200: 1036197,143: [GC2015-09-08T15:16:48.966+0200: 1036197,143: [ParNew: 289350K->7174K(314560K), 0,0107630 secs] 384581K->103310K(1013632K), 0,0108850 secs] [Times: user=0,08 sys=0,00, real=0,01 secs] 
2015-09-08T15:17:45.527+0200: 1036253,703: [GC2015-09-08T15:17:45.527+0200: 1036253,704: [ParNew: 286790K->8362K(314560K), 0,0071440 secs] 382926K->105411K(1013632K), 0,0072640 secs] [Times: user=0,06 sys=0,00, real=0,00 secs] 
2015-09-08T15:18:42.231+0200: 1036310,407: [GC2015-09-08T15:18:42.231+0200: 1036310,407: [ParNew: 287978K->9803K(314560K), 0,0097080 secs] 385027K->107783K(1013632K), 0,0097940 secs] [Times: user=0,06 sys=0,00, real=0,01 secs] 
2015-09-08T15:19:38.105+0200: 1036366,281: [GC2015-09-08T15:19:38.105+0200: 1036366,281: [ParNew: 289419K->7181K(314560K), 0,0112390 secs] 387399K->106078K(1013632K), 0,0113550 secs] [Times: user=0,07 sys=0,01, real=0,00 secs] 
2015-09-08T15:20:34.667+0200: 1036422,843: [GC2015-09-08T15:20:34.667+0200: 1036422,843: [ParNew: 286797K->10007K(314560K), 0,0109570 secs] 385694K->109811K(1013632K), 0,0110980 secs] [Times: user=0,09 sys=0,00, real=0,01 secs] 
2015-09-08T15:21:30.222+0200: 1036478,398: [GC2015-09-08T15:21:30.222+0200: 1036478,399: [ParNew: 289623K->9493K(314560K), 0,0093410 secs] 389427K->110290K(1013632K), 0,0094640 secs] [Times: user=0,07 sys=0,00, real=0,01 secs] 
2015-09-08T15:22:25.726+0200: 1036533,902: [GC2015-09-08T15:22:25.726+0200: 1036533,902: [ParNew: 289109K->10425K(314560K), 0,0364900 secs] 389906K->112226K(1013632K), 0,0366120 secs] [Times: user=0,08 sys=0,00, real=0,03 secs] 
2015-09-08T15:23:21.820+0200: 1036589,997: [GC2015-09-08T15:23:21.820+0200: 1036589,997: [ParNew: 290041K->8607K(314560K), 0,0110960 secs] 391842K->111328K(1013632K), 0,0112140 secs] [Times: user=0,07 sys=0,01, real=0,01 secs] 
2015-09-08T15:24:18.382+0200: 1036646,558: [GC2015-09-08T15:24:18.382+0200: 1036646,558: [ParNew: 288223K->8276K(314560K), 0,0154460 secs] 390944K->111931K(1013632K), 0,0155610 secs] [Times: user=0,12 sys=0,00, real=0,02 secs] 
2015-09-08T15:25:15.028+0200: 1036703,204: [GC2015-09-08T15:25:15.028+0200: 1036703,204: [ParNew: 287892K->9245K(314560K), 0,0137510 secs] 391547K->113816K(1013632K), 0,0138690 secs] [Times: user=0,08 sys=0,00, real=0,01 secs] 
2015-09-08T15:26:11.490+0200: 1036759,666: [GC2015-09-08T15:26:11.490+0200: 1036759,666: [ParNew: 288861K->6769K(314560K), 0,0106250 secs] 393432K->112255K(1013632K), 0,0107480 secs] [Times: user=0,07 sys=0,00, real=0,01 secs] 
2015-09-08T15:27:07.828+0200: 1036816,004: [GC2015-09-08T15:27:07.828+0200: 1036816,005: [ParNew: 286385K->6218K(314560K), 0,0098400 secs] 391871K->112599K(1013632K), 0,0099440 secs] [Times: user=0,09 sys=0,00, real=0,01 secs] 
2015-09-08T15:28:04.507+0200: 1036872,684: [GC2015-09-08T15:28:04.507+0200: 1036872,684: [ParNew: 285834K->7409K(314560K), 0,0105360 secs] 392215K->114716K(1013632K), 0,0106600 secs] [Times: user=0,08 sys=0,00, real=0,01 secs] 
2015-09-08T15:29:01.143+0200: 1036929,320: [GC2015-09-08T15:29:01.144+0200: 1036929,320: [ParNew: 287025K->6641K(314560K), 0,0088790 secs] 394332K->114938K(1013632K), 0,0089970 secs] [Times: user=0,07 sys=0,00, real=0,01 secs] 
2015-09-08T15:29:57.700+0200: 1036985,876: [GC2015-09-08T15:29:57.700+0200: 1036985,876: [ParNew: 286257K->6167K(314560K), 0,0083480 secs] 394554K->115044K(1013632K), 0,0084550 secs] [Times: user=0,07 sys=0,00, real=0,01 secs] 
2015-09-08T15:30:53.798+0200: 1037041,974: [GC2015-09-08T15:30:53.798+0200: 1037041,974: [ParNew: 285783K->6508K(314560K), 0,0085660 secs] 394660K->115975K(1013632K), 0,0086830 secs] [Times: user=0,06 sys=0,00, real=0,01 secs] 
2015-09-08T15:31:49.790+0200: 1037097,967: [GC2015-09-08T15:31:49.790+0200: 1037097,967: [ParNew: 286124K->4768K(314560K), 0,0079310 secs] 395591K->114767K(1013632K), 0,0080450 secs] [Times: user=0,06 sys=0,00, real=0,01 secs] 
2015-09-08T15:32:46.427+0200: 1037154,603: [GC2015-09-08T15:32:46.427+0200: 1037154,603: [ParNew: 284384K->6137K(314560K), 0,0085520 secs] 394383K->116700K(1013632K), 0,0086700 secs] [Times: user=0,05 sys=0,00, real=0,00 secs] 
2015-09-08T15:33:42.828+0200: 1037211,005: [GC2015-09-08T15:33:42.828+0200: 1037211,005: [ParNew: 285753K->4341K(314560K), 0,0071780 secs] 396316K->115670K(1013632K), 0,0072660 secs] [Times: user=0,03 sys=0,00, real=0,00 secs] 
2015-09-08T15:34:38.935+0200: 1037267,111: [GC2015-09-08T15:34:38.935+0200: 1037267,111: [ParNew: 283957K->5470K(314560K), 0,0080450 secs] 395286K->117236K(1013632K), 0,0081560 secs] [Times: user=0,05 sys=0,00, real=0,01 secs] 
2015-09-08T15:35:35.700+0200: 1037323,877: [GC2015-09-08T15:35:35.700+0200: 1037323,877: [ParNew: 285086K->5977K(314560K), 0,0079230 secs] 396852K->118211K(1013632K), 0,0080900 secs] [Times: user=0,05 sys=0,01, real=0,01 secs] 
2015-09-08T15:36:32.054+0200: 1037380,231: [GC2015-09-08T15:36:32.054+0200: 1037380,231: [ParNew: 285593K->7894K(314560K), 0,0183990 secs] 397827K->120597K(1013632K), 0,0184950 secs] [Times: user=0,12 sys=0,00, real=0,02 secs] 
2015-09-08T15:37:28.753+0200: 1037436,929: [GC2015-09-08T15:37:28.753+0200: 1037436,929: [ParNew: 287510K->8871K(314560K), 0,0110820 secs] 400213K->122089K(1013632K), 0,0112020 secs] [Times: user=0,07 sys=0,00, real=0,01 secs] 
2015-09-08T15:38:25.240+0200: 1037493,417: [GC2015-09-08T15:38:25.240+0200: 1037493,417: [ParNew: 288487K->9143K(314560K), 0,0099180 secs] 401705K->123077K(1013632K), 0,0100490 secs] [Times: user=0,09 sys=0,00, real=0,01 secs] 
2015-09-08T15:39:21.873+0200: 1037550,049: [GC2015-09-08T15:39:21.873+0200: 1037550,049: [ParNew: 288759K->9729K(314560K), 0,0103560 secs] 402693K->124380K(1013632K), 0,0104750 secs] [Times: user=0,07 sys=0,00, real=0,01 secs] 
2015-09-08T15:40:17.712+0200: 1037605,889: [GC2015-09-08T15:40:17.712+0200: 1037605,889: [ParNew: 289345K->8779K(314560K), 0,0112400 secs] 403996K->124304K(1013632K), 0,0113430 secs] [Times: user=0,06 sys=0,01, real=0,01 secs] 
2015-09-08T15:41:13.768+0200: 1037661,944: [GC2015-09-08T15:41:13.768+0200: 1037661,944: [ParNew: 288395K->8418K(314560K), 0,0103370 secs] 403920K->124861K(1013632K), 0,0104520 secs] [Times: user=0,08 sys=0,00, real=0,01 secs] 
2015-09-08T15:42:10.302+0200: 1037718,479: [GC2015-09-08T15:42:10.303+0200: 1037718,479: [ParNew: 288034K->9809K(314560K), 0,0127200 secs] 404477K->127159K(1013632K), 0,0128320 secs] [Times: user=0,08 sys=0,00, real=0,01 secs] 
2015-09-08T15:43:07.093+0200: 1037775,270: [GC2015-09-08T15:43:07.093+0200: 1037775,270: [ParNew: 289425K->7064K(314560K), 0,0088380 secs] 406775K->125333K(1013632K), 0,0089410 secs] [Times: user=0,04 sys=0,00, real=0,01 secs] 
2015-09-08T15:44:03.814+0200: 1037831,991: [GC2015-09-08T15:44:03.814+0200: 1037831,991: [ParNew: 286680K->8454K(314560K), 0,0121620 secs] 404949K->127636K(1013632K), 0,0123250 secs] [Times: user=0,08 sys=0,00, real=0,02 secs] 
2015-09-08T15:45:00.360+0200: 1037888,537: [GC2015-09-08T15:45:00.360+0200: 1037888,537: [ParNew: 288070K->9247K(314560K), 0,0130260 secs] 407252K->129345K(1013632K), 0,0131560 secs] [Times: user=0,10 sys=0,00, real=0,01 secs] 
2015-09-08T15:45:57.014+0200: 1037945,190: [GC2015-09-08T15:45:57.014+0200: 1037945,190: [ParNew: 288863K->9538K(314560K), 0,0144470 secs] 408961K->130584K(1013632K), 0,0145570 secs] [Times: user=0,07 sys=0,00, real=0,02 secs] 
2015-09-08T15:46:53.105+0200: 1038001,281: [GC2015-09-08T15:46:53.105+0200: 1038001,281: [ParNew: 289154K->10404K(314560K), 0,0099250 secs] 410200K->132444K(1013632K), 0,0100390 secs] [Times: user=0,06 sys=0,00, real=0,00 secs] 
2015-09-08T15:47:49.811+0200: 1038057,988: [GC2015-09-08T15:47:49.812+0200: 1038057,988: [ParNew: 290020K->7933K(314560K), 0,0112760 secs] 412060K->130961K(1013632K), 0,0113940 secs] [Times: user=0,09 sys=0,00, real=0,01 secs] 
2015-09-08T15:48:46.544+0200: 1038114,720: [GC2015-09-08T15:48:46.544+0200: 1038114,720: [ParNew: 287549K->8831K(314560K), 0,0087980 secs] 410577K->132776K(1013632K), 0,0088920 secs] [Times: user=0,05 sys=0,00, real=0,01 secs] 
2015-09-08T15:49:42.635+0200: 1038170,812: [GC2015-09-08T15:49:42.636+0200: 1038170,812: [ParNew: 288447K->9675K(314560K), 0,0103190 secs] 412392K->134545K(1013632K), 0,0104520 secs] [Times: user=0,09 sys=0,00, real=0,02 secs] 
2015-09-08T15:50:39.288+0200: 1038227,464: [GC2015-09-08T15:50:39.288+0200: 1038227,465: [ParNew: 289291K->7424K(314560K), 0,0095850 secs] 414161K->133202K(1013632K), 0,0096840 secs] [Times: user=0,07 sys=0,00, real=0,01 secs] 
2015-09-08T15:51:35.793+0200: 1038283,970: [GC2015-09-08T15:51:35.793+0200: 1038283,970: [ParNew: 287040K->8384K(314560K), 0,0103920 secs] 412818K->135069K(1013632K), 0,0105360 secs] [Times: user=0,07 sys=0,00, real=0,01 secs] 
2015-09-08T15:52:32.351+0200: 1038340,527: [GC2015-09-08T15:52:32.351+0200: 1038340,527: [ParNew: 288000K->8457K(314560K), 0,0073050 secs] 414685K->136069K(1013632K), 0,0073870 secs] [Times: user=0,06 sys=0,00, real=0,01 secs] 
2015-09-08T15:53:28.799+0200: 1038396,975: [GC2015-09-08T15:53:28.799+0200: 1038396,976: [ParNew: 288073K->9439K(314560K), 0,0138070 secs] 415685K->137966K(1013632K), 0,0139200 secs] [Times: user=0,09 sys=0,00, real=0,01 secs] 
2015-09-08T15:54:24.855+0200: 1038453,032: [GC2015-09-08T15:54:24.855+0200: 1038453,032: [ParNew: 289055K->10344K(314560K), 0,0109670 secs] 417582K->139840K(1013632K), 0,0110850 secs] [Times: user=0,08 sys=0,00, real=0,02 secs] 
2015-09-08T15:55:21.608+0200: 1038509,785: [GC2015-09-08T15:55:21.608+0200: 1038509,785: [ParNew: 289960K->7446K(314560K), 0,0116020 secs] 419456K->137943K(1013632K), 0,0117160 secs] [Times: user=0,07 sys=0,00, real=0,01 secs] 
2015-09-08T15:56:18.442+0200: 1038566,619: [GC2015-09-08T15:56:18.442+0200: 1038566,619: [ParNew: 287062K->10179K(314560K), 0,0109850 secs] 417559K->141672K(1013632K), 0,0111020 secs] [Times: user=0,10 sys=0,00, real=0,01 secs] 
2015-09-08T15:57:14.591+0200: 1038622,768: [GC2015-09-08T15:57:14.592+0200: 1038622,768: [ParNew: 289795K->7668K(314560K), 0,0112940 secs] 421288K->140068K(1013632K), 0,0114100 secs] [Times: user=0,08 sys=0,00, real=0,01 secs] 
2015-09-08T15:58:11.020+0200: 1038679,196: [GC2015-09-08T15:58:11.020+0200: 1038679,196: [ParNew: 287284K->8253K(314560K), 0,0155760 secs] 419684K->141567K(1013632K), 0,0157030 secs] [Times: user=0,07 sys=0,00, real=0,01 secs] 
2015-09-08T15:59:07.080+0200: 1038735,256: [GC2015-09-08T15:59:07.080+0200: 1038735,256: [ParNew: 287869K->9627K(314560K), 0,0108730 secs] 421183K->143854K(1013632K), 0,0109860 secs] [Times: user=0,07 sys=0,00, real=0,01 secs] 
2015-09-08T16:00:03.105+0200: 1038791,281: [GC2015-09-08T16:00:03.105+0200: 1038791,281: [ParNew: 289243K->7486K(314560K), 0,0100710 secs] 423470K->142641K(1013632K), 0,0101890 secs] [Times: user=0,07 sys=0,00, real=0,00 secs] 
2015-09-08T16:00:59.761+0200: 1038847,937: [GC2015-09-08T16:00:59.761+0200: 1038847,937: [ParNew: 287102K->9145K(314560K), 0,0117520 secs] 422257K->145225K(1013632K), 0,0118460 secs] [Times: user=0,06 sys=0,00, real=0,01 secs] 
2015-09-08T16:01:56.340+0200: 1038904,517: [GC2015-09-08T16:01:56.341+0200: 1038904,517: [ParNew: 288761K->9276K(314560K), 0,0127760 secs] 424841K->146272K(1013632K), 0,0128920 secs] [Times: user=0,08 sys=0,00, real=0,01 secs] 
2015-09-08T16:02:52.709+0200: 1038960,886: [GC2015-09-08T16:02:52.709+0200: 1038960,886: [ParNew: 288892K->10315K(314560K), 0,0120540 secs] 425888K->148277K(1013632K), 0,0121720 secs] [Times: user=0,08 sys=0,00, real=0,01 secs] 
2015-09-08T16:03:49.278+0200: 1039017,454: [GC2015-09-08T16:03:49.278+0200: 1039017,454: [ParNew: 289931K->7919K(314560K), 0,0104400 secs] 427893K->146873K(1013632K), 0,0105600 secs] [Times: user=0,08 sys=0,00, real=0,01 secs] 
2015-09-08T16:04:45.983+0200: 1039074,160: [GC2015-09-08T16:04:45.983+0200: 1039074,160: [ParNew: 287535K->9528K(314560K), 0,0180530 secs] 426489K->149482K(1013632K), 0,0181790 secs] [Times: user=0,14 sys=0,00, real=0,02 secs] 
2015-09-08T16:05:42.364+0200: 1039130,540: [GC2015-09-08T16:05:42.364+0200: 1039130,540: [ParNew: 289144K->8075K(314560K), 0,0112790 secs] 429098K->148942K(1013632K), 0,0113960 secs] [Times: user=0,08 sys=0,00, real=0,01 secs] 
2015-09-08T16:06:38.094+0200: 1039186,271: [GC2015-09-08T16:06:38.094+0200: 1039186,271: [ParNew: 287691K->9217K(314560K), 0,0155690 secs] 428558K->151005K(1013632K), 0,0156840 secs] [Times: user=0,10 sys=0,00, real=0,02 secs] 
2015-09-08T16:07:34.156+0200: 1039242,333: [GC2015-09-08T16:07:34.156+0200: 1039242,333: [ParNew: 288833K->9905K(314560K), 0,0128590 secs] 430621K->152612K(1013632K), 0,0130090 secs] [Times: user=0,08 sys=0,00, real=0,02 secs] 
2015-09-08T16:08:30.213+0200: 1039298,390: [GC2015-09-08T16:08:30.213+0200: 1039298,390: [ParNew: 289521K->7572K(314560K), 0,0109290 secs] 432228K->151213K(1013632K), 0,0110410 secs] [Times: user=0,07 sys=0,00, real=0,01 secs] 
2015-09-08T16:09:26.757+0200: 1039354,934: [GC2015-09-08T16:09:26.757+0200: 1039354,934: [ParNew: 287188K->8496K(314560K), 0,0110820 secs] 430829K->153052K(1013632K), 0,0112550 secs] [Times: user=0,07 sys=0,00, real=0,01 secs] 
2015-09-08T16:10:23.396+0200: 1039411,573: [GC2015-09-08T16:10:23.397+0200: 1039411,573: [ParNew: 288112K->9263K(314560K), 0,0082910 secs] 432668K->154731K(1013632K), 0,0083860 secs] [Times: user=0,06 sys=0,00, real=0,01 secs] 
2015-09-08T16:11:20.227+0200: 1039468,403: [GC2015-09-08T16:11:20.227+0200: 1039468,403: [ParNew: 288879K->9552K(314560K), 0,0123290 secs] 434347K->156019K(1013632K), 0,0124530 secs] [Times: user=0,09 sys=0,00, real=0,01 secs] 
2015-09-08T16:12:16.913+0200: 1039525,089: [GC2015-09-08T16:12:16.913+0200: 1039525,089: [ParNew: 289168K->10363K(314560K), 0,0116350 secs] 435635K->157804K(1013632K), 0,0117620 secs] [Times: user=0,07 sys=0,00, real=0,02 secs] 
2015-09-08T16:13:13.675+0200: 1039581,851: [GC2015-09-08T16:13:13.675+0200: 1039581,851: [ParNew: 289979K->7913K(314560K), 0,0107180 secs] 437420K->156350K(1013632K), 0,0108410 secs] [Times: user=0,09 sys=0,00, real=0,02 secs] 
2015-09-08T16:14:10.924+0200: 1039639,100: [GC2015-09-08T16:14:10.924+0200: 1039639,100: [ParNew: 287529K->8126K(314560K), 0,0114390 secs] 435966K->157471K(1013632K), 0,0115660 secs] [Times: user=0,08 sys=0,00, real=0,01 secs] 
2015-09-08T16:15:07.828+0200: 1039696,005: [GC2015-09-08T16:15:07.828+0200: 1039696,005: [ParNew: 287742K->8317K(314560K), 0,0105450 secs] 437087K->158569K(1013632K), 0,0106550 secs] [Times: user=0,08 sys=0,00, real=0,01 secs] 
2015-09-08T16:16:05.123+0200: 1039753,299: [GC2015-09-08T16:16:05.123+0200: 1039753,299: [ParNew: 287933K->9177K(314560K), 0,0101020 secs] 438185K->160338K(1013632K), 0,0102190 secs] [Times: user=0,08 sys=0,00, real=0,01 secs] 
2015-09-08T16:17:01.773+0200: 1039809,950: [GC2015-09-08T16:17:01.774+0200: 1039809,950: [ParNew: 288793K->9332K(314560K), 0,0104370 secs] 439954K->161406K(1013632K), 0,0105370 secs] [Times: user=0,08 sys=0,00, real=0,01 secs] 
2015-09-08T16:17:58.607+0200: 1039866,783: [GC2015-09-08T16:17:58.607+0200: 1039866,783: [ParNew: 288948K->10217K(314560K), 0,0125520 secs] 441022K->163224K(1013632K), 0,0126860 secs] [Times: user=0,09 sys=0,00, real=0,01 secs] 
2015-09-08T16:18:55.441+0200: 1039923,618: [GC2015-09-08T16:18:55.441+0200: 1039923,618: [ParNew: 289833K->7840K(314560K), 0,0124050 secs] 442840K->161757K(1013632K), 0,0125270 secs] [Times: user=0,09 sys=0,00, real=0,01 secs] 
2015-09-08T16:19:52.276+0200: 1039980,452: [GC2015-09-08T16:19:52.276+0200: 1039980,452: [ParNew: 287456K->8861K(314560K), 0,0116390 secs] 441373K->163787K(1013632K), 0,0117580 secs] [Times: user=0,10 sys=0,00, real=0,02 secs] 
2015-09-08T16:20:49.372+0200: 1040037,548: [GC2015-09-08T16:20:49.372+0200: 1040037,548: [ParNew: 288477K->9582K(314560K), 0,0120230 secs] 443403K->165514K(1013632K), 0,0121370 secs] [Times: user=0,08 sys=0,00, real=0,01 secs] 
2015-09-08T16:21:46.056+0200: 1040094,232: [GC2015-09-08T16:21:46.056+0200: 1040094,232: [ParNew: 289198K->7523K(314560K), 0,0105510 secs] 445130K->164374K(1013632K), 0,0106670 secs] [Times: user=0,10 sys=0,00, real=0,02 secs] 
2015-09-08T17:55:07.266+0200: 1045695,442: [GC2015-09-08T17:55:07.266+0200: 1045695,442: [ParNew: 287139K->10232K(314560K), 0,0270000 secs] 443990K->168004K(1013632K), 0,0271140 secs] [Times: user=0,09 sys=0,00, real=0,02 secs] 
2015-09-08T20:19:18.105+0200: 1054346,282: [GC2015-09-08T20:19:18.105+0200: 1054346,282: [ParNew: 289848K->11014K(314560K), 0,0146590 secs] 447620K->169707K(1013632K), 0,0147770 secs] [Times: user=0,08 sys=0,00, real=0,01 secs] 
2015-09-08T22:43:28.105+0200: 1062996,282: [GC2015-09-08T22:43:28.105+0200: 1062996,282: [ParNew: 290616K->8274K(314560K), 0,0133940 secs] 449309K->167885K(1013632K), 0,0135160 secs] [Times: user=0,08 sys=0,00, real=0,01 secs] 
2015-09-09T01:08:28.105+0200: 1071696,281: [GC2015-09-09T01:08:28.105+0200: 1071696,282: [ParNew: 287890K->5477K(314560K), 0,0098640 secs] 447501K->166010K(1013632K), 0,0099880 secs] [Times: user=0,07 sys=0,00, real=0,00 secs] 
2015-09-09T03:32:37.981+0200: 1080346,157: [GC2015-09-09T03:32:37.981+0200: 1080346,157: [ParNew: 285093K->4738K(314560K), 0,0102520 secs] 445626K->166198K(1013632K), 0,0103740 secs] [Times: user=0,07 sys=0,00, real=0,01 secs] 
2015-09-09T05:57:29.970+0200: 1089038,146: [GC2015-09-09T05:57:29.970+0200: 1089038,146: [ParNew: 284354K->4021K(314560K), 0,0091720 secs] 445814K->166402K(1013632K), 0,0092920 secs] [Times: user=0,07 sys=0,00, real=0,01 secs] 
2015-09-09T08:22:08.105+0200: 1097716,281: [GC2015-09-09T08:22:08.105+0200: 1097716,282: [ParNew: 283637K->3352K(314560K), 0,0086700 secs] 446018K->166824K(1013632K), 0,0087820 secs] [Times: user=0,04 sys=0,00, real=0,00 secs] 
2015-09-09T10:46:53.105+0200: 1106401,282: [GC2015-09-09T10:46:53.105+0200: 1106401,282: [ParNew: 282968K->2470K(314560K), 0,0042620 secs] 446440K->165941K(1013632K), 0,0043810 secs] [Times: user=0,01 sys=0,01, real=0,00 secs] 
2015-09-09T13:12:22.625+0200: 1115130,802: [GC2015-09-09T13:12:22.625+0200: 1115130,802: [ParNew: 282086K->1745K(314560K), 0,0038690 secs] 445557K->165217K(1013632K), 0,0039810 secs] [Times: user=0,02 sys=0,01, real=0,00 secs] 
2015-09-09T15:36:13.105+0200: 1123761,282: [GC2015-09-09T15:36:13.105+0200: 1123761,282: [ParNew: 281361K->2360K(314560K), 0,0040960 secs] 444833K->165831K(1013632K), 0,0041960 secs] [Times: user=0,01 sys=0,01, real=0,00 secs] 
2015-09-09T18:01:28.105+0200: 1132476,282: [GC2015-09-09T18:01:28.105+0200: 1132476,282: [ParNew: 281976K->2803K(314560K), 0,0050360 secs] 445447K->166274K(1013632K), 0,0051510 secs] [Times: user=0,03 sys=0,00, real=0,00 secs] 
2015-09-09T20:25:55.551+0200: 1141143,727: [GC2015-09-09T20:25:55.551+0200: 1141143,727: [ParNew: 282419K->1876K(314560K), 0,0044950 secs] 445890K->165348K(1013632K), 0,0046070 secs] [Times: user=0,02 sys=0,00, real=0,00 secs] 
2015-09-09T22:50:43.105+0200: 1149831,282: [GC2015-09-09T22:50:43.105+0200: 1149831,282: [ParNew: 281492K->2435K(314560K), 0,0048380 secs] 444964K->165907K(1013632K), 0,0049520 secs] [Times: user=0,00 sys=0,02, real=0,00 secs] 
2015-09-10T01:15:58.105+0200: 1158546,282: [GC2015-09-10T01:15:58.105+0200: 1158546,282: [ParNew: 282051K->2817K(314560K), 0,0055900 secs] 445523K->166289K(1013632K), 0,0057080 secs] [Times: user=0,02 sys=0,00, real=0,00 secs] 
2015-09-10T03:40:17.039+0200: 1167205,215: [GC2015-09-10T03:40:17.039+0200: 1167205,215: [ParNew: 282433K->1983K(314560K), 0,0044530 secs] 445905K->165455K(1013632K), 0,0045680 secs] [Times: user=0,02 sys=0,00, real=0,00 secs] 
2015-09-10T06:04:48.105+0200: 1175876,282: [GC2015-09-10T06:04:48.105+0200: 1175876,282: [ParNew: 281599K->2277K(314560K), 0,0039710 secs] 445071K->165760K(1013632K), 0,0040860 secs] [Times: user=0,02 sys=0,01, real=0,00 secs] 
2015-09-10T08:28:43.105+0200: 1184511,282: [GC2015-09-10T08:28:43.105+0200: 1184511,282: [ParNew: 281893K->2919K(314560K), 0,0045710 secs] 445376K->166402K(1013632K), 0,0046980 secs] [Times: user=0,01 sys=0,01, real=0,00 secs] 
2015-09-10T10:53:13.105+0200: 1193181,282: [GC2015-09-10T10:53:13.105+0200: 1193181,282: [ParNew: 282535K->1934K(314560K), 0,0039590 secs] 446018K->165418K(1013632K), 0,0041070 secs] [Times: user=0,01 sys=0,01, real=0,00 secs] 
2015-09-10T13:17:37.666+0200: 1201845,842: [GC2015-09-10T13:17:37.666+0200: 1201845,842: [ParNew: 281550K->2532K(314560K), 0,0044450 secs] 445034K->166016K(1013632K), 0,0045630 secs] [Times: user=0,03 sys=0,00, real=0,00 secs] 
2015-09-10T15:41:24.058+0200: 1210472,235: [GC2015-09-10T15:41:24.058+0200: 1210472,235: [ParNew: 282148K->2522K(314560K), 0,0041940 secs] 445632K->166005K(1013632K), 0,0042890 secs] [Times: user=0,02 sys=0,00, real=0,00 secs] 
2015-09-10T18:06:08.105+0200: 1219156,282: [GC2015-09-10T18:06:08.105+0200: 1219156,282: [ParNew: 282138K->1874K(314560K), 0,0053320 secs] 445621K->165357K(1013632K), 0,0054580 secs] [Times: user=0,01 sys=0,02, real=0,00 secs] 
2015-09-10T20:30:07.937+0200: 1227796,113: [GC2015-09-10T20:30:07.937+0200: 1227796,113: [ParNew: 281490K->2177K(314560K), 0,0042030 secs] 444973K->165660K(1013632K), 0,0043070 secs] [Times: user=0,01 sys=0,01, real=0,00 secs] 
2015-09-10T22:54:28.105+0200: 1236456,281: [GC2015-09-10T22:54:28.105+0200: 1236456,281: [ParNew: 281793K->2579K(314560K), 0,0044310 secs] 445276K->166063K(1013632K), 0,0045490 secs] [Times: user=0,01 sys=0,00, real=0,00 secs] 
2015-09-11T01:18:58.105+0200: 1245126,281: [GC2015-09-11T01:18:58.105+0200: 1245126,281: [ParNew: 282195K->1850K(314560K), 0,0038700 secs] 445679K->165334K(1013632K), 0,0039800 secs] [Times: user=0,01 sys=0,01, real=0,00 secs] 
2015-09-11T03:42:37.926+0200: 1253746,102: [GC2015-09-11T03:42:37.926+0200: 1253746,102: [ParNew: 281466K->2362K(314560K), 0,0044990 secs] 444950K->165846K(1013632K), 0,0046150 secs] [Times: user=0,03 sys=0,00, real=0,00 secs] 
2015-09-11T06:06:57.811+0200: 1262405,987: [GC2015-09-11T06:06:57.811+0200: 1262405,987: [ParNew: 281978K->2594K(314560K), 0,0048260 secs] 445462K->166077K(1013632K), 0,0049370 secs] [Times: user=0,03 sys=0,00, real=0,00 secs] 
2015-09-11T08:30:58.105+0200: 1271046,281: [GC2015-09-11T08:30:58.105+0200: 1271046,281: [ParNew: 282210K->2946K(314560K), 0,0045740 secs] 445693K->166440K(1013632K), 0,0046830 secs] [Times: user=0,01 sys=0,00, real=0,00 secs] 
