Java HotSpot(TM) 64-Bit Server VM (24.80-b11) for linux-amd64 JRE (1.7.0_80-b15), built on Apr 10 2015 19:53:14 by "java_re" with gcc 4.3.0 20080428 (Red Hat 4.3.0-8)
Memory: 4k page, physical 16393368k(7451152k free), swap 16736252k(16736252k free)
CommandLine flags: -XX:+CMSClassUnloadingEnabled -XX:+CMSScavengeBeforeRemark -XX:+DisableExplicitGC -XX:InitialHeapSize=536870912 -XX:+ManagementServer -XX:MaxHeapSize=536870912 -XX:MaxNewSize=178958336 -XX:MaxTenuringThreshold=6 -XX:NewSize=178958336 -XX:OldPLABSize=16 -XX:OldSize=357912576 -XX:+PrintGC -XX:+PrintGCDateStamps -XX:+PrintGCDetails -XX:+PrintGCTimeStamps -XX:+UseCompressedOops -XX:+UseConcMarkSweepGC -XX:+UseParNewGC 
2015-08-27T20:51:43.671+0200: 19569,045: [GC2015-08-27T20:51:43.671+0200: 19569,046: [ParNew: 139776K->2483K(157248K), 0,0092290 secs] 139776K->2483K(506816K), 0,0093530 secs] [Times: user=0,02 sys=0,02, real=0,01 secs] 
2015-08-28T03:15:44.857+0200: 42610,231: [GC2015-08-28T03:15:44.857+0200: 42610,231: [ParNew: 142259K->2192K(157248K), 0,0035850 secs] 142259K->2192K(506816K), 0,0036680 secs] [Times: user=0,01 sys=0,01, real=0,00 secs] 
2015-08-28T09:48:21.316+0200: 66166,691: [GC2015-08-28T09:48:21.316+0200: 66166,691: [ParNew: 141968K->1886K(157248K), 0,0024980 secs] 141968K->1886K(506816K), 0,0025730 secs] [Times: user=0,03 sys=0,00, real=0,01 secs] 
2015-08-28T17:10:02.961+0200: 92668,336: [GC2015-08-28T17:10:02.961+0200: 92668,336: [ParNew: 141662K->2238K(157248K), 0,0057720 secs] 141662K->2238K(506816K), 0,0058720 secs] [Times: user=0,03 sys=0,00, real=0,01 secs] 
2015-08-28T23:43:57.698+0200: 116303,073: [GC2015-08-28T23:43:57.698+0200: 116303,073: [ParNew: 142014K->1955K(157248K), 0,0037760 secs] 142014K->1955K(506816K), 0,0038700 secs] [Times: user=0,02 sys=0,00, real=0,00 secs] 
2015-08-29T06:13:04.918+0200: 139650,293: [GC2015-08-29T06:13:04.918+0200: 139650,293: [ParNew: 141731K->2013K(157248K), 0,0040350 secs] 141731K->2015K(506816K), 0,0041510 secs] [Times: user=0,03 sys=0,00, real=0,00 secs] 
2015-08-29T12:44:25.873+0200: 163131,248: [GC2015-08-29T12:44:25.873+0200: 163131,248: [ParNew: 141789K->1622K(157248K), 0,0112440 secs] 141791K->3188K(506816K), 0,0113330 secs] [Times: user=0,05 sys=0,00, real=0,02 secs] 
2015-08-29T19:31:51.600+0200: 187576,975: [GC2015-08-29T19:31:51.600+0200: 187576,975: [ParNew: 141398K->454K(157248K), 0,0025950 secs] 142964K->2021K(506816K), 0,0026880 secs] [Times: user=0,02 sys=0,00, real=0,00 secs] 
2015-08-30T02:39:41.987+0200: 213247,361: [GC2015-08-30T02:39:41.987+0200: 213247,362: [ParNew: 140230K->315K(157248K), 0,0019190 secs] 141797K->1882K(506816K), 0,0020000 secs] [Times: user=0,00 sys=0,01, real=0,00 secs] 
2015-08-30T09:48:03.985+0200: 238949,360: [GC2015-08-30T09:48:03.985+0200: 238949,360: [ParNew: 140091K->153K(157248K), 0,0022450 secs] 141658K->1990K(506816K), 0,0023290 secs] [Times: user=0,00 sys=0,01, real=0,00 secs] 
2015-08-30T16:55:12.380+0200: 264577,755: [GC2015-08-30T16:55:12.380+0200: 264577,755: [ParNew: 139929K->54K(157248K), 0,0015980 secs] 141766K->1891K(506816K), 0,0016800 secs] [Times: user=0,03 sys=0,00, real=0,00 secs] 
2015-08-31T00:02:26.758+0200: 290212,133: [GC2015-08-31T00:02:26.758+0200: 290212,133: [ParNew: 139830K->14K(157248K), 0,0014390 secs] 141667K->1851K(506816K), 0,0015200 secs] [Times: user=0,01 sys=0,00, real=0,00 secs] 
2015-08-31T07:09:54.681+0200: 315860,056: [GC2015-08-31T07:09:54.681+0200: 315860,056: [ParNew: 139790K->12K(157248K), 0,0017080 secs] 141627K->1849K(506816K), 0,0017850 secs] [Times: user=0,00 sys=0,00, real=0,00 secs] 
2015-08-31T13:51:56.708+0200: 339982,083: [GC2015-08-31T13:51:56.722+0200: 339982,096: [ParNew: 139788K->32K(157248K), 0,0017930 secs] 141625K->1870K(506816K), 0,0152220 secs] [Times: user=0,01 sys=0,00, real=0,01 secs] 
2015-08-31T20:22:22.989+0200: 363408,364: [GC2015-08-31T20:22:23.004+0200: 363408,379: [ParNew: 139808K->39K(157248K), 0,0018300 secs] 141646K->1877K(506816K), 0,0169850 secs] [Times: user=0,01 sys=0,00, real=0,02 secs] 
2015-09-01T02:54:33.981+0200: 386939,356: [GC2015-09-01T02:54:33.982+0200: 386939,356: [ParNew: 139815K->49K(157248K), 0,0014960 secs] 141653K->1887K(506816K), 0,0015880 secs] [Times: user=0,00 sys=0,00, real=0,00 secs] 
2015-09-01T09:25:19.549+0200: 410384,924: [GC2015-09-01T09:25:19.549+0200: 410384,924: [ParNew: 139825K->48K(157248K), 0,0019630 secs] 141663K->1885K(506816K), 0,0020450 secs] [Times: user=0,01 sys=0,00, real=0,00 secs] 
2015-09-01T15:59:22.953+0200: 434028,328: [GC2015-09-01T15:59:22.954+0200: 434028,328: [ParNew: 139824K->53K(157248K), 0,0018840 secs] 141661K->1891K(506816K), 0,0019800 secs] [Times: user=0,01 sys=0,01, real=0,00 secs] 
2015-09-01T22:55:55.816+0200: 459021,191: [GC2015-09-01T22:55:55.816+0200: 459021,191: [ParNew: 139829K->49K(157248K), 0,0018230 secs] 141667K->1887K(506816K), 0,0019020 secs] [Times: user=0,02 sys=0,00, real=0,01 secs] 
2015-09-02T06:04:42.000+0200: 484747,375: [GC2015-09-02T06:04:42.001+0200: 484747,375: [ParNew: 139825K->40K(157248K), 0,0019580 secs] 141663K->1892K(506816K), 0,0020460 secs] [Times: user=0,00 sys=0,01, real=0,00 secs] 
2015-09-02T12:53:00.080+0200: 509245,455: [GC2015-09-02T12:53:00.095+0200: 509245,470: [ParNew: 139816K->56K(157248K), 0,0019250 secs] 141668K->1922K(506816K), 0,0170260 secs] [Times: user=0,02 sys=0,00, real=0,02 secs] 
2015-09-02T19:22:24.000+0200: 532609,375: [GC2015-09-02T19:22:24.001+0200: 532609,375: [ParNew: 139832K->91K(157248K), 0,0019540 secs] 141698K->1957K(506816K), 0,0020330 secs] [Times: user=0,01 sys=0,00, real=0,00 secs] 
2015-09-03T01:54:39.003+0200: 556144,378: [GC2015-09-03T01:54:39.003+0200: 556144,378: [ParNew: 139867K->92K(157248K), 0,0030990 secs] 141733K->1958K(506816K), 0,0031980 secs] [Times: user=0,02 sys=0,00, real=0,01 secs] 
2015-09-03T08:25:21.509+0200: 579586,884: [GC2015-09-03T08:25:21.509+0200: 579586,884: [ParNew: 139868K->92K(157248K), 0,0019080 secs] 141734K->1957K(506816K), 0,0019950 secs] [Times: user=0,00 sys=0,00, real=0,00 secs] 
2015-09-03T14:59:59.738+0200: 603265,113: [GC2015-09-03T14:59:59.738+0200: 603265,113: [ParNew: 139868K->113K(157248K), 0,0019160 secs] 141733K->1979K(506816K), 0,0020220 secs] [Times: user=0,00 sys=0,01, real=0,00 secs] 
2015-09-03T22:06:36.000+0200: 628861,375: [GC2015-09-03T22:06:36.000+0200: 628861,375: [ParNew: 139889K->104K(157248K), 0,0026090 secs] 141755K->1970K(506816K), 0,0027020 secs] [Times: user=0,02 sys=0,00, real=0,00 secs] 
2015-09-04T05:16:27.909+0200: 654653,284: [GC2015-09-04T05:16:27.909+0200: 654653,284: [ParNew: 139880K->95K(157248K), 0,0019330 secs] 141746K->2003K(506816K), 0,0020120 secs] [Times: user=0,01 sys=0,01, real=0,00 secs] 
2015-09-04T12:23:36.000+0200: 680281,375: [GC2015-09-04T12:23:36.000+0200: 680281,375: [ParNew: 139871K->7K(157248K), 0,0031680 secs] 141779K->1951K(506816K), 0,0032790 secs] [Times: user=0,00 sys=0,00, real=0,00 secs] 
2015-09-04T19:30:52.228+0200: 705917,603: [GC2015-09-04T19:30:52.228+0200: 705917,603: [ParNew: 139783K->10K(157248K), 0,0020190 secs] 141727K->1954K(506816K), 0,0021160 secs] [Times: user=0,01 sys=0,00, real=0,00 secs] 
2015-09-05T02:38:10.727+0200: 731556,102: [GC2015-09-05T02:38:10.727+0200: 731556,102: [ParNew: 139786K->8K(157248K), 0,0019570 secs] 141730K->1952K(506816K), 0,0020410 secs] [Times: user=0,02 sys=0,00, real=0,00 secs] 
2015-09-05T09:45:20.694+0200: 757186,069: [GC2015-09-05T09:45:20.694+0200: 757186,069: [ParNew: 139784K->8K(157248K), 0,0018060 secs] 141728K->1952K(506816K), 0,0018880 secs] [Times: user=0,00 sys=0,00, real=0,00 secs] 
2015-09-05T16:52:34.701+0200: 782820,076: [GC2015-09-05T16:52:34.701+0200: 782820,076: [ParNew: 139784K->10K(157248K), 0,0013500 secs] 141728K->1954K(506816K), 0,0014360 secs] [Times: user=0,00 sys=0,01, real=0,00 secs] 
2015-09-05T23:59:43.245+0200: 808448,620: [GC2015-09-05T23:59:43.245+0200: 808448,620: [ParNew: 139786K->10K(157248K), 0,0016470 secs] 141730K->1954K(506816K), 0,0017400 secs] [Times: user=0,00 sys=0,01, real=0,00 secs] 
2015-09-06T07:06:54.044+0200: 834079,419: [GC2015-09-06T07:06:54.044+0200: 834079,419: [ParNew: 139786K->8K(157248K), 0,0014950 secs] 141730K->1952K(506816K), 0,0015690 secs] [Times: user=0,02 sys=0,00, real=0,01 secs] 
2015-09-06T14:14:07.181+0200: 859712,556: [GC2015-09-06T14:14:07.181+0200: 859712,556: [ParNew: 139784K->14K(157248K), 0,0014320 secs] 141728K->1958K(506816K), 0,0015180 secs] [Times: user=0,01 sys=0,00, real=0,00 secs] 
2015-09-06T21:21:11.977+0200: 885337,352: [GC2015-09-06T21:21:11.977+0200: 885337,352: [ParNew: 139790K->14K(157248K), 0,0016780 secs] 141734K->1958K(506816K), 0,0017640 secs] [Times: user=0,01 sys=0,01, real=0,00 secs] 
2015-09-07T04:28:31.550+0200: 910976,925: [GC2015-09-07T04:28:31.550+0200: 910976,925: [ParNew: 139790K->8K(157248K), 0,0013710 secs] 141734K->1952K(506816K), 0,0014590 secs] [Times: user=0,00 sys=0,01, real=0,00 secs] 
2015-09-07T11:35:14.307+0200: 936579,681: [GC2015-09-07T11:35:14.320+0200: 936579,695: [ParNew: 139784K->16K(157248K), 0,0014720 secs] 141728K->1960K(506816K), 0,0148440 secs] [Times: user=0,02 sys=0,00, real=0,01 secs] 
2015-09-07T18:27:24.001+0200: 961309,375: [GC2015-09-07T18:27:24.009+0200: 961309,384: [ParNew: 139792K->32K(157248K), 0,0406700 secs] 141736K->1976K(506816K), 0,0492490 secs] [Times: user=0,06 sys=0,00, real=0,05 secs] 
2015-09-08T00:59:50.462+0200: 984855,837: [GC2015-09-08T00:59:50.462+0200: 984855,837: [ParNew: 139808K->29K(157248K), 0,0186710 secs] 141752K->1974K(506816K), 0,0187630 secs] [Times: user=0,11 sys=0,00, real=0,02 secs] 
2015-09-08T07:30:41.997+0200: 1008307,371: [GC2015-09-08T07:30:41.997+0200: 1008307,371: [ParNew: 139805K->39K(157248K), 0,0212960 secs] 141750K->1984K(506816K), 0,0213940 secs] [Times: user=0,15 sys=0,00, real=0,02 secs] 
2015-09-08T14:01:51.000+0200: 1031776,375: [GC2015-09-08T14:01:51.014+0200: 1031776,389: [ParNew: 139815K->32K(157248K), 0,0318100 secs] 141760K->1976K(506816K), 0,0461250 secs] [Times: user=0,20 sys=0,00, real=0,05 secs] 
2015-09-08T20:55:41.529+0200: 1056606,904: [GC2015-09-08T20:55:41.529+0200: 1056606,904: [ParNew: 139808K->30K(157248K), 0,0069840 secs] 141752K->1975K(506816K), 0,0070830 secs] [Times: user=0,04 sys=0,01, real=0,00 secs] 
2015-09-09T04:03:09.025+0200: 1082254,399: [GC2015-09-09T04:03:09.025+0200: 1082254,399: [ParNew: 139806K->33K(157248K), 0,0395440 secs] 141751K->1978K(506816K), 0,0396210 secs] [Times: user=0,25 sys=0,00, real=0,03 secs] 
2015-09-09T11:09:52.041+0200: 1107857,416: [GC2015-09-09T11:09:52.041+0200: 1107857,416: [ParNew: 139809K->17K(157248K), 0,0190630 secs] 141754K->1983K(506816K), 0,0191470 secs] [Times: user=0,12 sys=0,00, real=0,02 secs] 
2015-09-09T18:17:15.365+0200: 1133500,739: [GC2015-09-09T18:17:15.365+0200: 1133500,739: [ParNew: 139793K->12K(157248K), 0,0143630 secs] 141759K->1978K(506816K), 0,0144450 secs] [Times: user=0,10 sys=0,00, real=0,01 secs] 
2015-09-10T01:21:03.000+0200: 1158928,375: [GC2015-09-10T01:21:03.000+0200: 1158928,375: [ParNew: 139788K->10K(157248K), 0,0287680 secs] 141754K->1976K(506816K), 0,0288750 secs] [Times: user=0,20 sys=0,00, real=0,03 secs] 
2015-09-10T08:24:48.000+0200: 1184353,375: [GC2015-09-10T08:24:48.000+0200: 1184353,375: [ParNew: 139786K->6K(157248K), 0,0228980 secs] 141752K->1972K(506816K), 0,0230220 secs] [Times: user=0,12 sys=0,00, real=0,02 secs] 
2015-09-10T15:28:36.000+0200: 1209781,375: [GC2015-09-10T15:28:36.000+0200: 1209781,375: [ParNew: 139782K->10K(157248K), 0,0192860 secs] 141748K->1976K(506816K), 0,0194170 secs] [Times: user=0,15 sys=0,00, real=0,02 secs] 
2015-09-10T22:36:15.826+0200: 1235441,201: [GC2015-09-10T22:36:15.826+0200: 1235441,201: [ParNew: 139786K->10K(157248K), 0,0307450 secs] 141752K->1976K(506816K), 0,0308340 secs] [Times: user=0,22 sys=0,00, real=0,03 secs] 
2015-09-11T05:42:33.000+0200: 1261018,375: [GC2015-09-11T05:42:33.001+0200: 1261018,375: [ParNew: 139786K->8K(157248K), 0,0017600 secs] 141752K->1974K(506816K), 0,0018480 secs] [Times: user=0,00 sys=0,01, real=0,00 secs] 
